W0830 21:59:44.295000 9538 torch/distributed/run.py:852] 
W0830 21:59:44.295000 9538 torch/distributed/run.py:852] *****************************************
W0830 21:59:44.295000 9538 torch/distributed/run.py:852] Setting OMP_NUM_THREADS environment variable for each process to be 1 in default, to avoid your system being overloaded, please further tune the variable for optimal performance in your application as needed. 
W0830 21:59:44.295000 9538 torch/distributed/run.py:852] *****************************************
logs/4b13a345-748c-4ecf-86f3-87d8ccc04739.txt
resumed training state from step 1500 in eos_shared_state, skipped 1500 batches
step:0/3250 val_loss:3.51931 train_time:0.001s step_avg:nanms
learning_rates step:1500 [{'pattern': '^embed\\.weight$', 'lr': [0.63]}, {'pattern': '^proj\\.weight$', 'lr': [0.0036000000000000003]}, {'pattern': '^blocks\\..*\\.weight$', 'lr': [0.022500000000000003]}, {'pattern': '.*', 'lr': [0.0135]}]
step:1501/3250 train_time:3.366s step_avg:2.24ms
learning_rates step:1501 [{'pattern': '^embed\\.weight$', 'lr': [0.63]}, {'pattern': '^proj\\.weight$', 'lr': [0.0036000000000000003]}, {'pattern': '^blocks\\..*\\.weight$', 'lr': [0.022500000000000003]}, {'pattern': '.*', 'lr': [0.0135]}]
step:1502/3250 train_time:3.509s step_avg:2.34ms
step:1503/3250 train_time:3.661s step_avg:2.44ms
step:1504/3250 train_time:3.814s step_avg:2.54ms
step:1505/3250 train_time:3.967s step_avg:2.64ms
step:1506/3250 train_time:4.119s step_avg:2.73ms
step:1507/3250 train_time:4.271s step_avg:2.83ms
step:1508/3250 train_time:4.424s step_avg:2.93ms
step:1509/3250 train_time:4.576s step_avg:3.03ms
step:1510/3250 train_time:4.729s step_avg:3.13ms
step:1511/3250 train_time:4.881s step_avg:3.23ms
step:1512/3250 train_time:5.035s step_avg:3.33ms
step:1513/3250 train_time:5.188s step_avg:3.43ms
step:1514/3250 train_time:5.342s step_avg:3.53ms
step:1515/3250 train_time:5.496s step_avg:3.63ms
step:1516/3250 train_time:5.650s step_avg:3.73ms
step:1517/3250 train_time:5.803s step_avg:3.83ms
step:1518/3250 train_time:5.956s step_avg:3.92ms
step:1519/3250 train_time:6.108s step_avg:4.02ms
step:1520/3250 train_time:6.261s step_avg:4.12ms
step:1521/3250 train_time:6.448s step_avg:4.24ms
step:1522/3250 train_time:6.599s step_avg:4.34ms
step:1523/3250 train_time:6.753s step_avg:4.43ms
step:1524/3250 train_time:6.906s step_avg:4.53ms
step:1525/3250 train_time:7.059s step_avg:4.63ms
step:1526/3250 train_time:7.211s step_avg:4.73ms
step:1527/3250 train_time:7.364s step_avg:4.82ms
step:1528/3250 train_time:7.518s step_avg:4.92ms
step:1529/3250 train_time:7.672s step_avg:5.02ms
step:1530/3250 train_time:7.828s step_avg:5.12ms
step:1531/3250 train_time:7.981s step_avg:5.21ms
step:1532/3250 train_time:8.135s step_avg:5.31ms
step:1533/3250 train_time:8.288s step_avg:5.41ms
step:1534/3250 train_time:8.442s step_avg:5.50ms
step:1535/3250 train_time:8.595s step_avg:5.60ms
step:1536/3250 train_time:8.748s step_avg:5.70ms
step:1537/3250 train_time:8.901s step_avg:5.79ms
step:1538/3250 train_time:9.056s step_avg:5.89ms
step:1539/3250 train_time:9.209s step_avg:5.98ms
step:1540/3250 train_time:9.363s step_avg:6.08ms
step:1541/3250 train_time:9.517s step_avg:6.18ms
step:1542/3250 train_time:9.671s step_avg:6.27ms
step:1543/3250 train_time:9.826s step_avg:6.37ms
step:1544/3250 train_time:9.979s step_avg:6.46ms
step:1545/3250 train_time:10.132s step_avg:6.56ms
step:1546/3250 train_time:10.286s step_avg:6.65ms
step:1547/3250 train_time:10.439s step_avg:6.75ms
step:1548/3250 train_time:10.592s step_avg:6.84ms
step:1549/3250 train_time:10.747s step_avg:6.94ms
step:1550/3250 train_time:10.900s step_avg:7.03ms
step:1551/3250 train_time:11.053s step_avg:7.13ms
step:1552/3250 train_time:11.208s step_avg:7.22ms
step:1553/3250 train_time:11.361s step_avg:7.32ms
step:1554/3250 train_time:11.514s step_avg:7.41ms
step:1555/3250 train_time:11.668s step_avg:7.50ms
step:1556/3250 train_time:11.821s step_avg:7.60ms
step:1557/3250 train_time:11.975s step_avg:7.69ms
step:1558/3250 train_time:12.129s step_avg:7.78ms
step:1559/3250 train_time:12.281s step_avg:7.88ms
step:1560/3250 train_time:12.435s step_avg:7.97ms
step:1561/3250 train_time:12.588s step_avg:8.06ms
step:1562/3250 train_time:12.742s step_avg:8.16ms
step:1563/3250 train_time:12.896s step_avg:8.25ms
step:1564/3250 train_time:13.050s step_avg:8.34ms
step:1565/3250 train_time:13.204s step_avg:8.44ms
step:1566/3250 train_time:13.357s step_avg:8.53ms
step:1567/3250 train_time:13.510s step_avg:8.62ms
step:1568/3250 train_time:13.663s step_avg:8.71ms
step:1569/3250 train_time:13.817s step_avg:8.81ms
step:1570/3250 train_time:13.970s step_avg:8.90ms
step:1571/3250 train_time:14.123s step_avg:8.99ms
step:1572/3250 train_time:14.277s step_avg:9.08ms
step:1573/3250 train_time:14.430s step_avg:9.17ms
step:1574/3250 train_time:14.582s step_avg:9.26ms
step:1575/3250 train_time:14.736s step_avg:9.36ms
step:1576/3250 train_time:14.889s step_avg:9.45ms
step:1577/3250 train_time:15.045s step_avg:9.54ms
step:1578/3250 train_time:15.197s step_avg:9.63ms
step:1579/3250 train_time:15.351s step_avg:9.72ms
step:1580/3250 train_time:15.504s step_avg:9.81ms
step:1581/3250 train_time:15.658s step_avg:9.90ms
step:1582/3250 train_time:15.812s step_avg:9.99ms
step:1583/3250 train_time:15.965s step_avg:10.09ms
step:1584/3250 train_time:16.119s step_avg:10.18ms
step:1585/3250 train_time:16.273s step_avg:10.27ms
step:1586/3250 train_time:16.428s step_avg:10.36ms
step:1587/3250 train_time:16.581s step_avg:10.45ms
step:1588/3250 train_time:16.735s step_avg:10.54ms
step:1589/3250 train_time:16.889s step_avg:10.63ms
step:1590/3250 train_time:17.042s step_avg:10.72ms
step:1591/3250 train_time:17.196s step_avg:10.81ms
step:1592/3250 train_time:17.351s step_avg:10.90ms
step:1593/3250 train_time:17.504s step_avg:10.99ms
step:1594/3250 train_time:17.658s step_avg:11.08ms
step:1595/3250 train_time:17.812s step_avg:11.17ms
step:1596/3250 train_time:17.965s step_avg:11.26ms
step:1597/3250 train_time:18.118s step_avg:11.34ms
step:1598/3250 train_time:18.271s step_avg:11.43ms
step:1599/3250 train_time:18.424s step_avg:11.52ms
step:1600/3250 train_time:18.577s step_avg:11.61ms
step:1601/3250 train_time:18.731s step_avg:11.70ms
step:1602/3250 train_time:18.884s step_avg:11.79ms
step:1603/3250 train_time:19.038s step_avg:11.88ms
step:1604/3250 train_time:19.192s step_avg:11.96ms
step:1605/3250 train_time:19.346s step_avg:12.05ms
step:1606/3250 train_time:19.498s step_avg:12.14ms
step:1607/3250 train_time:19.651s step_avg:12.23ms
step:1608/3250 train_time:19.805s step_avg:12.32ms
step:1609/3250 train_time:19.958s step_avg:12.40ms
step:1610/3250 train_time:20.112s step_avg:12.49ms
step:1611/3250 train_time:20.267s step_avg:12.58ms
step:1612/3250 train_time:20.420s step_avg:12.67ms
step:1613/3250 train_time:20.572s step_avg:12.75ms
step:1614/3250 train_time:20.726s step_avg:12.84ms
step:1615/3250 train_time:20.879s step_avg:12.93ms
step:1616/3250 train_time:21.033s step_avg:13.02ms
step:1617/3250 train_time:21.185s step_avg:13.10ms
step:1618/3250 train_time:21.339s step_avg:13.19ms
step:1619/3250 train_time:21.491s step_avg:13.27ms
step:1620/3250 train_time:21.645s step_avg:13.36ms
step:1621/3250 train_time:21.798s step_avg:13.45ms
step:1622/3250 train_time:21.951s step_avg:13.53ms
step:1623/3250 train_time:22.107s step_avg:13.62ms
step:1624/3250 train_time:22.259s step_avg:13.71ms
step:1625/3250 train_time:22.413s step_avg:13.79ms
step:1625/3250 val_loss:3.53883 train_time:22.425s step_avg:13.80ms
step:1626/3250 train_time:23.194s step_avg:14.26ms
step:1627/3250 train_time:23.334s step_avg:14.34ms
step:1628/3250 train_time:23.488s step_avg:14.43ms
step:1629/3250 train_time:23.641s step_avg:14.51ms
step:1630/3250 train_time:23.794s step_avg:14.60ms
step:1631/3250 train_time:23.947s step_avg:14.68ms
step:1632/3250 train_time:24.100s step_avg:14.77ms
step:1633/3250 train_time:24.254s step_avg:14.85ms
step:1634/3250 train_time:24.408s step_avg:14.94ms
step:1635/3250 train_time:24.562s step_avg:15.02ms
step:1636/3250 train_time:24.716s step_avg:15.11ms
step:1637/3250 train_time:24.870s step_avg:15.19ms
step:1638/3250 train_time:25.023s step_avg:15.28ms
step:1639/3250 train_time:25.178s step_avg:15.36ms
step:1640/3250 train_time:25.331s step_avg:15.45ms
step:1641/3250 train_time:25.487s step_avg:15.53ms
step:1642/3250 train_time:25.639s step_avg:15.61ms
step:1643/3250 train_time:25.792s step_avg:15.70ms
step:1644/3250 train_time:25.947s step_avg:15.78ms
step:1645/3250 train_time:26.100s step_avg:15.87ms
step:1646/3250 train_time:26.254s step_avg:15.95ms
step:1647/3250 train_time:26.407s step_avg:16.03ms
step:1648/3250 train_time:26.561s step_avg:16.12ms
step:1649/3250 train_time:26.715s step_avg:16.20ms
step:1650/3250 train_time:26.869s step_avg:16.28ms
step:1651/3250 train_time:27.023s step_avg:16.37ms
step:1652/3250 train_time:27.177s step_avg:16.45ms
step:1653/3250 train_time:27.329s step_avg:16.53ms
step:1654/3250 train_time:27.482s step_avg:16.62ms
step:1655/3250 train_time:27.637s step_avg:16.70ms
step:1656/3250 train_time:27.790s step_avg:16.78ms
step:1657/3250 train_time:27.944s step_avg:16.86ms
step:1658/3250 train_time:28.098s step_avg:16.95ms
step:1659/3250 train_time:28.252s step_avg:17.03ms
step:1660/3250 train_time:28.407s step_avg:17.11ms
step:1661/3250 train_time:28.561s step_avg:17.19ms
step:1662/3250 train_time:28.714s step_avg:17.28ms
step:1663/3250 train_time:28.869s step_avg:17.36ms
step:1664/3250 train_time:29.022s step_avg:17.44ms
step:1665/3250 train_time:29.177s step_avg:17.52ms
step:1666/3250 train_time:29.330s step_avg:17.61ms
step:1667/3250 train_time:29.485s step_avg:17.69ms
step:1668/3250 train_time:29.638s step_avg:17.77ms
step:1669/3250 train_time:29.794s step_avg:17.85ms
step:1670/3250 train_time:29.948s step_avg:17.93ms
step:1671/3250 train_time:30.101s step_avg:18.01ms
step:1672/3250 train_time:30.257s step_avg:18.10ms
step:1673/3250 train_time:30.409s step_avg:18.18ms
step:1674/3250 train_time:30.564s step_avg:18.26ms
step:1675/3250 train_time:30.718s step_avg:18.34ms
step:1676/3250 train_time:30.873s step_avg:18.42ms
step:1677/3250 train_time:31.026s step_avg:18.50ms
step:1678/3250 train_time:31.181s step_avg:18.58ms
step:1679/3250 train_time:31.334s step_avg:18.66ms
step:1680/3250 train_time:31.488s step_avg:18.74ms
step:1681/3250 train_time:31.642s step_avg:18.82ms
step:1682/3250 train_time:31.797s step_avg:18.90ms
step:1683/3250 train_time:31.950s step_avg:18.98ms
step:1684/3250 train_time:32.104s step_avg:19.06ms
step:1685/3250 train_time:32.260s step_avg:19.15ms
step:1686/3250 train_time:32.413s step_avg:19.23ms
step:1687/3250 train_time:32.568s step_avg:19.31ms
step:1688/3250 train_time:32.722s step_avg:19.38ms
step:1689/3250 train_time:32.876s step_avg:19.46ms
step:1690/3250 train_time:33.028s step_avg:19.54ms
step:1691/3250 train_time:33.181s step_avg:19.62ms
step:1692/3250 train_time:33.335s step_avg:19.70ms
step:1693/3250 train_time:33.490s step_avg:19.78ms
step:1694/3250 train_time:33.644s step_avg:19.86ms
step:1695/3250 train_time:33.799s step_avg:19.94ms
step:1696/3250 train_time:33.952s step_avg:20.02ms
step:1697/3250 train_time:34.106s step_avg:20.10ms
step:1698/3250 train_time:34.260s step_avg:20.18ms
step:1699/3250 train_time:34.413s step_avg:20.25ms
step:1700/3250 train_time:34.567s step_avg:20.33ms
step:1701/3250 train_time:34.722s step_avg:20.41ms
step:1702/3250 train_time:34.877s step_avg:20.49ms
step:1703/3250 train_time:35.029s step_avg:20.57ms
step:1704/3250 train_time:35.183s step_avg:20.65ms
step:1705/3250 train_time:35.337s step_avg:20.73ms
step:1706/3250 train_time:35.491s step_avg:20.80ms
step:1707/3250 train_time:35.646s step_avg:20.88ms
step:1708/3250 train_time:35.800s step_avg:20.96ms
step:1709/3250 train_time:35.956s step_avg:21.04ms
step:1710/3250 train_time:36.109s step_avg:21.12ms
step:1711/3250 train_time:36.293s step_avg:21.21ms
step:1712/3250 train_time:36.447s step_avg:21.29ms
step:1713/3250 train_time:36.601s step_avg:21.37ms
step:1714/3250 train_time:36.753s step_avg:21.44ms
step:1715/3250 train_time:36.907s step_avg:21.52ms
step:1716/3250 train_time:37.063s step_avg:21.60ms
step:1717/3250 train_time:37.217s step_avg:21.68ms
step:1718/3250 train_time:37.371s step_avg:21.75ms
step:1719/3250 train_time:37.525s step_avg:21.83ms
step:1720/3250 train_time:37.680s step_avg:21.91ms
step:1721/3250 train_time:37.833s step_avg:21.98ms
step:1722/3250 train_time:37.987s step_avg:22.06ms
step:1723/3250 train_time:38.142s step_avg:22.14ms
step:1724/3250 train_time:38.297s step_avg:22.21ms
step:1725/3250 train_time:38.450s step_avg:22.29ms
step:1726/3250 train_time:38.604s step_avg:22.37ms
step:1727/3250 train_time:38.759s step_avg:22.44ms
step:1728/3250 train_time:38.913s step_avg:22.52ms
step:1729/3250 train_time:39.068s step_avg:22.60ms
step:1730/3250 train_time:39.222s step_avg:22.67ms
step:1731/3250 train_time:39.377s step_avg:22.75ms
step:1732/3250 train_time:39.531s step_avg:22.82ms
step:1733/3250 train_time:39.686s step_avg:22.90ms
step:1734/3250 train_time:39.840s step_avg:22.98ms
step:1735/3250 train_time:39.994s step_avg:23.05ms
step:1736/3250 train_time:40.148s step_avg:23.13ms
step:1737/3250 train_time:40.301s step_avg:23.20ms
step:1738/3250 train_time:40.457s step_avg:23.28ms
step:1739/3250 train_time:40.610s step_avg:23.35ms
step:1740/3250 train_time:40.764s step_avg:23.43ms
step:1741/3250 train_time:40.918s step_avg:23.50ms
step:1742/3250 train_time:41.072s step_avg:23.58ms
step:1743/3250 train_time:41.226s step_avg:23.65ms
step:1744/3250 train_time:41.381s step_avg:23.73ms
step:1745/3250 train_time:41.536s step_avg:23.80ms
step:1746/3250 train_time:41.689s step_avg:23.88ms
step:1747/3250 train_time:41.843s step_avg:23.95ms
step:1748/3250 train_time:41.999s step_avg:24.03ms
step:1749/3250 train_time:42.154s step_avg:24.10ms
step:1750/3250 train_time:42.308s step_avg:24.18ms
step:1750/3250 val_loss:3.52919 train_time:42.320s step_avg:159.16ms
step:1751/3250 train_time:43.112s step_avg:24.62ms
step:1752/3250 train_time:43.251s step_avg:24.69ms
step:1753/3250 train_time:43.404s step_avg:24.76ms
step:1754/3250 train_time:43.557s step_avg:24.83ms
step:1755/3250 train_time:43.710s step_avg:24.91ms
step:1756/3250 train_time:43.862s step_avg:24.98ms
step:1757/3250 train_time:44.018s step_avg:25.05ms
step:1758/3250 train_time:44.173s step_avg:25.13ms
step:1759/3250 train_time:44.327s step_avg:25.20ms
step:1760/3250 train_time:44.480s step_avg:25.27ms
step:1761/3250 train_time:44.634s step_avg:25.35ms
step:1762/3250 train_time:44.788s step_avg:25.42ms
step:1763/3250 train_time:44.941s step_avg:25.49ms
step:1764/3250 train_time:45.096s step_avg:25.56ms
step:1765/3250 train_time:45.249s step_avg:25.64ms
step:1766/3250 train_time:45.402s step_avg:25.71ms
step:1767/3250 train_time:45.556s step_avg:25.78ms
step:1768/3250 train_time:45.711s step_avg:25.85ms
step:1769/3250 train_time:45.865s step_avg:25.93ms
step:1770/3250 train_time:46.018s step_avg:26.00ms
step:1771/3250 train_time:46.172s step_avg:26.07ms
step:1772/3250 train_time:46.327s step_avg:26.14ms
step:1773/3250 train_time:46.479s step_avg:26.21ms
step:1774/3250 train_time:46.633s step_avg:26.29ms
step:1775/3250 train_time:46.787s step_avg:26.36ms
step:1776/3250 train_time:46.939s step_avg:26.43ms
step:1777/3250 train_time:47.093s step_avg:26.50ms
step:1778/3250 train_time:47.247s step_avg:26.57ms
step:1779/3250 train_time:47.400s step_avg:26.64ms
step:1780/3250 train_time:47.555s step_avg:26.72ms
step:1781/3250 train_time:47.710s step_avg:26.79ms
step:1782/3250 train_time:47.864s step_avg:26.86ms
step:1783/3250 train_time:48.017s step_avg:26.93ms
step:1784/3250 train_time:48.172s step_avg:27.00ms
step:1785/3250 train_time:48.327s step_avg:27.07ms
step:1786/3250 train_time:48.480s step_avg:27.14ms
step:1787/3250 train_time:48.633s step_avg:27.21ms
step:1788/3250 train_time:48.788s step_avg:27.29ms
step:1789/3250 train_time:48.941s step_avg:27.36ms
step:1790/3250 train_time:49.096s step_avg:27.43ms
step:1791/3250 train_time:49.250s step_avg:27.50ms
step:1792/3250 train_time:49.404s step_avg:27.57ms
step:1793/3250 train_time:49.557s step_avg:27.64ms
step:1794/3250 train_time:49.714s step_avg:27.71ms
step:1795/3250 train_time:49.869s step_avg:27.78ms
step:1796/3250 train_time:50.024s step_avg:27.85ms
step:1797/3250 train_time:50.178s step_avg:27.92ms
step:1798/3250 train_time:50.332s step_avg:27.99ms
step:1799/3250 train_time:50.486s step_avg:28.06ms
step:1800/3250 train_time:50.639s step_avg:28.13ms
step:1801/3250 train_time:50.794s step_avg:28.20ms
step:1802/3250 train_time:50.948s step_avg:28.27ms
step:1803/3250 train_time:51.102s step_avg:28.34ms
step:1804/3250 train_time:51.257s step_avg:28.41ms
step:1805/3250 train_time:51.411s step_avg:28.48ms
step:1806/3250 train_time:51.566s step_avg:28.55ms
step:1807/3250 train_time:51.719s step_avg:28.62ms
step:1808/3250 train_time:51.875s step_avg:28.69ms
step:1809/3250 train_time:52.029s step_avg:28.76ms
step:1810/3250 train_time:52.183s step_avg:28.83ms
step:1811/3250 train_time:52.337s step_avg:28.90ms
step:1812/3250 train_time:52.491s step_avg:28.97ms
step:1813/3250 train_time:52.644s step_avg:29.04ms
step:1814/3250 train_time:52.798s step_avg:29.11ms
step:1815/3250 train_time:52.952s step_avg:29.17ms
step:1816/3250 train_time:53.107s step_avg:29.24ms
step:1817/3250 train_time:53.260s step_avg:29.31ms
step:1818/3250 train_time:53.413s step_avg:29.38ms
step:1819/3250 train_time:53.568s step_avg:29.45ms
step:1820/3250 train_time:53.722s step_avg:29.52ms
step:1821/3250 train_time:53.875s step_avg:29.59ms
step:1822/3250 train_time:54.031s step_avg:29.66ms
step:1823/3250 train_time:54.187s step_avg:29.72ms
step:1824/3250 train_time:54.340s step_avg:29.79ms
step:1825/3250 train_time:54.494s step_avg:29.86ms
step:1826/3250 train_time:54.650s step_avg:29.93ms
step:1827/3250 train_time:54.804s step_avg:30.00ms
step:1828/3250 train_time:54.957s step_avg:30.06ms
step:1829/3250 train_time:55.112s step_avg:30.13ms
step:1830/3250 train_time:55.266s step_avg:30.20ms
step:1831/3250 train_time:55.419s step_avg:30.27ms
step:1832/3250 train_time:55.573s step_avg:30.33ms
step:1833/3250 train_time:55.728s step_avg:30.40ms
step:1834/3250 train_time:55.881s step_avg:30.47ms
step:1835/3250 train_time:56.035s step_avg:30.54ms
step:1836/3250 train_time:56.190s step_avg:30.60ms
step:1837/3250 train_time:56.344s step_avg:30.67ms
step:1838/3250 train_time:56.498s step_avg:30.74ms
step:1839/3250 train_time:56.652s step_avg:30.81ms
step:1840/3250 train_time:56.807s step_avg:30.87ms
step:1841/3250 train_time:56.960s step_avg:30.94ms
step:1842/3250 train_time:57.115s step_avg:31.01ms
step:1843/3250 train_time:57.270s step_avg:31.07ms
step:1844/3250 train_time:57.424s step_avg:31.14ms
step:1845/3250 train_time:57.578s step_avg:31.21ms
step:1846/3250 train_time:57.733s step_avg:31.27ms
step:1847/3250 train_time:57.888s step_avg:31.34ms
step:1848/3250 train_time:58.041s step_avg:31.41ms
step:1849/3250 train_time:58.196s step_avg:31.47ms
step:1850/3250 train_time:58.351s step_avg:31.54ms
step:1851/3250 train_time:58.506s step_avg:31.61ms
step:1852/3250 train_time:58.658s step_avg:31.67ms
step:1853/3250 train_time:58.814s step_avg:31.74ms
step:1854/3250 train_time:58.969s step_avg:31.81ms
step:1855/3250 train_time:59.123s step_avg:31.87ms
step:1856/3250 train_time:59.277s step_avg:31.94ms
step:1857/3250 train_time:59.431s step_avg:32.00ms
step:1858/3250 train_time:59.586s step_avg:32.07ms
step:1859/3250 train_time:59.739s step_avg:32.13ms
step:1860/3250 train_time:59.893s step_avg:32.20ms
step:1861/3250 train_time:60.048s step_avg:32.27ms
step:1862/3250 train_time:60.201s step_avg:32.33ms
step:1863/3250 train_time:60.355s step_avg:32.40ms
step:1864/3250 train_time:60.509s step_avg:32.46ms
step:1865/3250 train_time:60.664s step_avg:32.53ms
step:1866/3250 train_time:60.817s step_avg:32.59ms
step:1867/3250 train_time:60.971s step_avg:32.66ms
step:1868/3250 train_time:61.126s step_avg:32.72ms
step:1869/3250 train_time:61.279s step_avg:32.79ms
step:1870/3250 train_time:61.433s step_avg:32.85ms
step:1871/3250 train_time:61.589s step_avg:32.92ms
step:1872/3250 train_time:61.742s step_avg:32.98ms
step:1873/3250 train_time:61.897s step_avg:33.05ms
step:1874/3250 train_time:62.052s step_avg:33.11ms
step:1875/3250 train_time:62.208s step_avg:33.18ms
step:1875/3250 val_loss:3.52010 train_time:62.220s step_avg:159.20ms
step:1876/3250 train_time:62.984s step_avg:33.57ms
step:1877/3250 train_time:63.125s step_avg:33.63ms
step:1878/3250 train_time:63.278s step_avg:33.69ms
step:1879/3250 train_time:63.431s step_avg:33.76ms
step:1880/3250 train_time:63.585s step_avg:33.82ms
step:1881/3250 train_time:63.740s step_avg:33.89ms
step:1882/3250 train_time:63.892s step_avg:33.95ms
step:1883/3250 train_time:64.047s step_avg:34.01ms
step:1884/3250 train_time:64.201s step_avg:34.08ms
step:1885/3250 train_time:64.356s step_avg:34.14ms
step:1886/3250 train_time:64.509s step_avg:34.20ms
step:1887/3250 train_time:64.663s step_avg:34.27ms
step:1888/3250 train_time:64.818s step_avg:34.33ms
step:1889/3250 train_time:64.971s step_avg:34.39ms
step:1890/3250 train_time:65.126s step_avg:34.46ms
step:1891/3250 train_time:65.279s step_avg:34.52ms
step:1892/3250 train_time:65.433s step_avg:34.58ms
step:1893/3250 train_time:65.585s step_avg:34.65ms
step:1894/3250 train_time:65.741s step_avg:34.71ms
step:1895/3250 train_time:65.895s step_avg:34.77ms
step:1896/3250 train_time:66.048s step_avg:34.84ms
step:1897/3250 train_time:66.203s step_avg:34.90ms
step:1898/3250 train_time:66.358s step_avg:34.96ms
step:1899/3250 train_time:66.511s step_avg:35.02ms
step:1900/3250 train_time:66.665s step_avg:35.09ms
step:1901/3250 train_time:66.850s step_avg:35.17ms
step:1902/3250 train_time:67.004s step_avg:35.23ms
step:1903/3250 train_time:67.159s step_avg:35.29ms
step:1904/3250 train_time:67.312s step_avg:35.35ms
step:1905/3250 train_time:67.466s step_avg:35.42ms
step:1906/3250 train_time:67.620s step_avg:35.48ms
step:1907/3250 train_time:67.774s step_avg:35.54ms
step:1908/3250 train_time:67.929s step_avg:35.60ms
step:1909/3250 train_time:68.085s step_avg:35.67ms
step:1910/3250 train_time:68.239s step_avg:35.73ms
step:1911/3250 train_time:68.393s step_avg:35.79ms
step:1912/3250 train_time:68.548s step_avg:35.85ms
step:1913/3250 train_time:68.703s step_avg:35.91ms
step:1914/3250 train_time:68.859s step_avg:35.98ms
step:1915/3250 train_time:69.013s step_avg:36.04ms
step:1916/3250 train_time:69.167s step_avg:36.10ms
step:1917/3250 train_time:69.323s step_avg:36.16ms
step:1918/3250 train_time:69.477s step_avg:36.22ms
step:1919/3250 train_time:69.631s step_avg:36.28ms
step:1920/3250 train_time:69.785s step_avg:36.35ms
step:1921/3250 train_time:69.942s step_avg:36.41ms
step:1922/3250 train_time:70.097s step_avg:36.47ms
step:1923/3250 train_time:70.250s step_avg:36.53ms
step:1924/3250 train_time:70.406s step_avg:36.59ms
step:1925/3250 train_time:70.560s step_avg:36.65ms
step:1926/3250 train_time:70.713s step_avg:36.72ms
step:1927/3250 train_time:70.868s step_avg:36.78ms
step:1928/3250 train_time:71.023s step_avg:36.84ms
step:1929/3250 train_time:71.178s step_avg:36.90ms
step:1930/3250 train_time:71.331s step_avg:36.96ms
step:1931/3250 train_time:71.485s step_avg:37.02ms
step:1932/3250 train_time:71.639s step_avg:37.08ms
step:1933/3250 train_time:71.794s step_avg:37.14ms
step:1934/3250 train_time:71.948s step_avg:37.20ms
step:1935/3250 train_time:72.102s step_avg:37.26ms
step:1936/3250 train_time:72.259s step_avg:37.32ms
step:1937/3250 train_time:72.412s step_avg:37.38ms
step:1938/3250 train_time:72.566s step_avg:37.44ms
step:1939/3250 train_time:72.721s step_avg:37.50ms
step:1940/3250 train_time:72.875s step_avg:37.56ms
step:1941/3250 train_time:73.029s step_avg:37.62ms
step:1942/3250 train_time:73.183s step_avg:37.68ms
step:1943/3250 train_time:73.339s step_avg:37.75ms
step:1944/3250 train_time:73.493s step_avg:37.81ms
step:1945/3250 train_time:73.646s step_avg:37.86ms
step:1946/3250 train_time:73.801s step_avg:37.92ms
step:1947/3250 train_time:73.956s step_avg:37.98ms
step:1948/3250 train_time:74.110s step_avg:38.04ms
step:1949/3250 train_time:74.263s step_avg:38.10ms
step:1950/3250 train_time:74.420s step_avg:38.16ms
step:1951/3250 train_time:74.573s step_avg:38.22ms
step:1952/3250 train_time:74.728s step_avg:38.28ms
step:1953/3250 train_time:74.881s step_avg:38.34ms
step:1954/3250 train_time:75.036s step_avg:38.40ms
step:1955/3250 train_time:75.188s step_avg:38.46ms
step:1956/3250 train_time:75.345s step_avg:38.52ms
step:1957/3250 train_time:75.499s step_avg:38.58ms
step:1958/3250 train_time:75.653s step_avg:38.64ms
step:1959/3250 train_time:75.808s step_avg:38.70ms
step:1960/3250 train_time:75.962s step_avg:38.76ms
step:1961/3250 train_time:76.117s step_avg:38.82ms
step:1962/3250 train_time:76.270s step_avg:38.87ms
step:1963/3250 train_time:76.425s step_avg:38.93ms
step:1964/3250 train_time:76.579s step_avg:38.99ms
step:1965/3250 train_time:76.734s step_avg:39.05ms
step:1966/3250 train_time:76.888s step_avg:39.11ms
step:1967/3250 train_time:77.043s step_avg:39.17ms
step:1968/3250 train_time:77.197s step_avg:39.23ms
step:1969/3250 train_time:77.352s step_avg:39.29ms
step:1970/3250 train_time:77.507s step_avg:39.34ms
step:1971/3250 train_time:77.661s step_avg:39.40ms
step:1972/3250 train_time:77.817s step_avg:39.46ms
step:1973/3250 train_time:77.970s step_avg:39.52ms
step:1974/3250 train_time:78.124s step_avg:39.58ms
step:1975/3250 train_time:78.277s step_avg:39.63ms
step:1976/3250 train_time:78.431s step_avg:39.69ms
step:1977/3250 train_time:78.587s step_avg:39.75ms
step:1978/3250 train_time:78.741s step_avg:39.81ms
step:1979/3250 train_time:78.896s step_avg:39.87ms
step:1980/3250 train_time:79.049s step_avg:39.92ms
step:1981/3250 train_time:79.203s step_avg:39.98ms
step:1982/3250 train_time:79.358s step_avg:40.04ms
step:1983/3250 train_time:79.511s step_avg:40.10ms
step:1984/3250 train_time:79.666s step_avg:40.15ms
step:1985/3250 train_time:79.820s step_avg:40.21ms
step:1986/3250 train_time:79.974s step_avg:40.27ms
step:1987/3250 train_time:80.129s step_avg:40.33ms
step:1988/3250 train_time:80.283s step_avg:40.38ms
step:1989/3250 train_time:80.438s step_avg:40.44ms
step:1990/3250 train_time:80.591s step_avg:40.50ms
step:1991/3250 train_time:80.748s step_avg:40.56ms
step:1992/3250 train_time:80.902s step_avg:40.61ms
step:1993/3250 train_time:81.058s step_avg:40.67ms
step:1994/3250 train_time:81.211s step_avg:40.73ms
step:1995/3250 train_time:81.365s step_avg:40.78ms
step:1996/3250 train_time:81.519s step_avg:40.84ms
step:1997/3250 train_time:81.672s step_avg:40.90ms
step:1998/3250 train_time:81.827s step_avg:40.95ms
step:1999/3250 train_time:81.981s step_avg:41.01ms
step:2000/3250 train_time:82.137s step_avg:41.07ms
step:2000/3250 val_loss:3.51466 train_time:82.148s step_avg:159.43ms
step:2001/3250 train_time:82.908s step_avg:41.43ms
step:2002/3250 train_time:83.051s step_avg:41.48ms
step:2003/3250 train_time:83.204s step_avg:41.54ms
step:2004/3250 train_time:83.358s step_avg:41.60ms
step:2005/3250 train_time:83.513s step_avg:41.65ms
step:2006/3250 train_time:83.667s step_avg:41.71ms
step:2007/3250 train_time:83.821s step_avg:41.76ms
step:2008/3250 train_time:83.975s step_avg:41.82ms
step:2009/3250 train_time:84.128s step_avg:41.88ms
step:2010/3250 train_time:84.282s step_avg:41.93ms
step:2011/3250 train_time:84.435s step_avg:41.99ms
step:2012/3250 train_time:84.589s step_avg:42.04ms
step:2013/3250 train_time:84.745s step_avg:42.10ms
step:2014/3250 train_time:84.898s step_avg:42.15ms
step:2015/3250 train_time:85.053s step_avg:42.21ms
step:2016/3250 train_time:85.206s step_avg:42.26ms
step:2017/3250 train_time:85.361s step_avg:42.32ms
step:2018/3250 train_time:85.514s step_avg:42.38ms
step:2019/3250 train_time:85.669s step_avg:42.43ms
step:2020/3250 train_time:85.825s step_avg:42.49ms
step:2021/3250 train_time:85.979s step_avg:42.54ms
step:2022/3250 train_time:86.135s step_avg:42.60ms
step:2023/3250 train_time:86.289s step_avg:42.65ms
step:2024/3250 train_time:86.443s step_avg:42.71ms
step:2025/3250 train_time:86.596s step_avg:42.76ms
step:2026/3250 train_time:86.750s step_avg:42.82ms
step:2027/3250 train_time:86.905s step_avg:42.87ms
step:2028/3250 train_time:87.059s step_avg:42.93ms
step:2029/3250 train_time:87.212s step_avg:42.98ms
step:2030/3250 train_time:87.367s step_avg:43.04ms
step:2031/3250 train_time:87.521s step_avg:43.09ms
step:2032/3250 train_time:87.675s step_avg:43.15ms
step:2033/3250 train_time:87.830s step_avg:43.20ms
step:2034/3250 train_time:87.986s step_avg:43.26ms
step:2035/3250 train_time:88.139s step_avg:43.31ms
step:2036/3250 train_time:88.293s step_avg:43.37ms
step:2037/3250 train_time:88.447s step_avg:43.42ms
step:2038/3250 train_time:88.600s step_avg:43.47ms
step:2039/3250 train_time:88.754s step_avg:43.53ms
step:2040/3250 train_time:88.909s step_avg:43.58ms
step:2041/3250 train_time:89.063s step_avg:43.64ms
step:2042/3250 train_time:89.216s step_avg:43.69ms
step:2043/3250 train_time:89.371s step_avg:43.75ms
step:2044/3250 train_time:89.525s step_avg:43.80ms
step:2045/3250 train_time:89.680s step_avg:43.85ms
step:2046/3250 train_time:89.835s step_avg:43.91ms
step:2047/3250 train_time:89.989s step_avg:43.96ms
step:2048/3250 train_time:90.145s step_avg:44.02ms
step:2049/3250 train_time:90.297s step_avg:44.07ms
step:2050/3250 train_time:90.451s step_avg:44.12ms
step:2051/3250 train_time:90.605s step_avg:44.18ms
step:2052/3250 train_time:90.759s step_avg:44.23ms
step:2053/3250 train_time:90.913s step_avg:44.28ms
step:2054/3250 train_time:91.068s step_avg:44.34ms
step:2055/3250 train_time:91.223s step_avg:44.39ms
step:2056/3250 train_time:91.377s step_avg:44.44ms
step:2057/3250 train_time:91.530s step_avg:44.50ms
step:2058/3250 train_time:91.686s step_avg:44.55ms
step:2059/3250 train_time:91.840s step_avg:44.60ms
step:2060/3250 train_time:91.992s step_avg:44.66ms
step:2061/3250 train_time:92.147s step_avg:44.71ms
step:2062/3250 train_time:92.301s step_avg:44.76ms
step:2063/3250 train_time:92.455s step_avg:44.82ms
step:2064/3250 train_time:92.609s step_avg:44.87ms
step:2065/3250 train_time:92.765s step_avg:44.92ms
step:2066/3250 train_time:92.919s step_avg:44.98ms
step:2067/3250 train_time:93.074s step_avg:45.03ms
step:2068/3250 train_time:93.227s step_avg:45.08ms
step:2069/3250 train_time:93.381s step_avg:45.13ms
step:2070/3250 train_time:93.535s step_avg:45.19ms
step:2071/3250 train_time:93.688s step_avg:45.24ms
step:2072/3250 train_time:93.843s step_avg:45.29ms
step:2073/3250 train_time:93.996s step_avg:45.34ms
step:2074/3250 train_time:94.151s step_avg:45.40ms
step:2075/3250 train_time:94.306s step_avg:45.45ms
step:2076/3250 train_time:94.460s step_avg:45.50ms
step:2077/3250 train_time:94.613s step_avg:45.55ms
step:2078/3250 train_time:94.768s step_avg:45.61ms
step:2079/3250 train_time:94.924s step_avg:45.66ms
step:2080/3250 train_time:95.078s step_avg:45.71ms
step:2081/3250 train_time:95.233s step_avg:45.76ms
step:2082/3250 train_time:95.387s step_avg:45.82ms
step:2083/3250 train_time:95.541s step_avg:45.87ms
step:2084/3250 train_time:95.695s step_avg:45.92ms
step:2085/3250 train_time:95.849s step_avg:45.97ms
step:2086/3250 train_time:96.004s step_avg:46.02ms
step:2087/3250 train_time:96.158s step_avg:46.07ms
step:2088/3250 train_time:96.313s step_avg:46.13ms
step:2089/3250 train_time:96.467s step_avg:46.18ms
step:2090/3250 train_time:96.621s step_avg:46.23ms
step:2091/3250 train_time:96.803s step_avg:46.29ms
step:2092/3250 train_time:96.956s step_avg:46.35ms
step:2093/3250 train_time:97.109s step_avg:46.40ms
step:2094/3250 train_time:97.265s step_avg:46.45ms
step:2095/3250 train_time:97.418s step_avg:46.50ms
step:2096/3250 train_time:97.572s step_avg:46.55ms
step:2097/3250 train_time:97.726s step_avg:46.60ms
step:2098/3250 train_time:97.882s step_avg:46.65ms
step:2099/3250 train_time:98.036s step_avg:46.71ms
step:2100/3250 train_time:98.189s step_avg:46.76ms
step:2101/3250 train_time:98.342s step_avg:46.81ms
step:2102/3250 train_time:98.496s step_avg:46.86ms
step:2103/3250 train_time:98.650s step_avg:46.91ms
step:2104/3250 train_time:98.804s step_avg:46.96ms
step:2105/3250 train_time:98.960s step_avg:47.01ms
step:2106/3250 train_time:99.113s step_avg:47.06ms
step:2107/3250 train_time:99.268s step_avg:47.11ms
step:2108/3250 train_time:99.423s step_avg:47.16ms
step:2109/3250 train_time:99.577s step_avg:47.22ms
step:2110/3250 train_time:99.731s step_avg:47.27ms
step:2111/3250 train_time:99.886s step_avg:47.32ms
step:2112/3250 train_time:100.040s step_avg:47.37ms
step:2113/3250 train_time:100.194s step_avg:47.42ms
step:2114/3250 train_time:100.349s step_avg:47.47ms
step:2115/3250 train_time:100.501s step_avg:47.52ms
step:2116/3250 train_time:100.655s step_avg:47.57ms
step:2117/3250 train_time:100.809s step_avg:47.62ms
step:2118/3250 train_time:100.965s step_avg:47.67ms
step:2119/3250 train_time:101.119s step_avg:47.72ms
step:2120/3250 train_time:101.274s step_avg:47.77ms
step:2121/3250 train_time:101.427s step_avg:47.82ms
step:2122/3250 train_time:101.582s step_avg:47.87ms
step:2123/3250 train_time:101.736s step_avg:47.92ms
step:2124/3250 train_time:101.890s step_avg:47.97ms
step:2125/3250 train_time:102.044s step_avg:48.02ms
step:2125/3250 val_loss:3.50931 train_time:102.056s step_avg:159.26ms
step:2126/3250 train_time:102.812s step_avg:48.36ms
step:2127/3250 train_time:102.953s step_avg:48.40ms
step:2128/3250 train_time:103.106s step_avg:48.45ms
step:2129/3250 train_time:103.260s step_avg:48.50ms
step:2130/3250 train_time:103.414s step_avg:48.55ms
step:2131/3250 train_time:103.567s step_avg:48.60ms
step:2132/3250 train_time:103.721s step_avg:48.65ms
step:2133/3250 train_time:103.875s step_avg:48.70ms
step:2134/3250 train_time:104.029s step_avg:48.75ms
step:2135/3250 train_time:104.184s step_avg:48.80ms
step:2136/3250 train_time:104.338s step_avg:48.85ms
step:2137/3250 train_time:104.492s step_avg:48.90ms
step:2138/3250 train_time:104.646s step_avg:48.95ms
step:2139/3250 train_time:104.800s step_avg:48.99ms
step:2140/3250 train_time:104.954s step_avg:49.04ms
step:2141/3250 train_time:105.109s step_avg:49.09ms
step:2142/3250 train_time:105.262s step_avg:49.14ms
step:2143/3250 train_time:105.417s step_avg:49.19ms
step:2144/3250 train_time:105.571s step_avg:49.24ms
step:2145/3250 train_time:105.725s step_avg:49.29ms
step:2146/3250 train_time:105.879s step_avg:49.34ms
step:2147/3250 train_time:106.033s step_avg:49.39ms
step:2148/3250 train_time:106.187s step_avg:49.44ms
step:2149/3250 train_time:106.340s step_avg:49.48ms
step:2150/3250 train_time:106.497s step_avg:49.53ms
step:2151/3250 train_time:106.650s step_avg:49.58ms
step:2152/3250 train_time:106.804s step_avg:49.63ms
step:2153/3250 train_time:106.958s step_avg:49.68ms
step:2154/3250 train_time:107.113s step_avg:49.73ms
step:2155/3250 train_time:107.267s step_avg:49.78ms
step:2156/3250 train_time:107.421s step_avg:49.82ms
step:2157/3250 train_time:107.577s step_avg:49.87ms
step:2158/3250 train_time:107.730s step_avg:49.92ms
step:2159/3250 train_time:107.884s step_avg:49.97ms
step:2160/3250 train_time:108.038s step_avg:50.02ms
step:2161/3250 train_time:108.192s step_avg:50.07ms
step:2162/3250 train_time:108.346s step_avg:50.11ms
step:2163/3250 train_time:108.500s step_avg:50.16ms
step:2164/3250 train_time:108.656s step_avg:50.21ms
step:2165/3250 train_time:108.809s step_avg:50.26ms
step:2166/3250 train_time:108.964s step_avg:50.31ms
step:2167/3250 train_time:109.118s step_avg:50.35ms
step:2168/3250 train_time:109.271s step_avg:50.40ms
step:2169/3250 train_time:109.425s step_avg:50.45ms
step:2170/3250 train_time:109.581s step_avg:50.50ms
step:2171/3250 train_time:109.735s step_avg:50.55ms
step:2172/3250 train_time:109.889s step_avg:50.59ms
step:2173/3250 train_time:110.043s step_avg:50.64ms
step:2174/3250 train_time:110.200s step_avg:50.69ms
step:2175/3250 train_time:110.354s step_avg:50.74ms
step:2176/3250 train_time:110.508s step_avg:50.78ms
step:2177/3250 train_time:110.663s step_avg:50.83ms
step:2178/3250 train_time:110.817s step_avg:50.88ms
step:2179/3250 train_time:110.971s step_avg:50.93ms
step:2180/3250 train_time:111.125s step_avg:50.97ms
step:2181/3250 train_time:111.280s step_avg:51.02ms
step:2182/3250 train_time:111.434s step_avg:51.07ms
step:2183/3250 train_time:111.588s step_avg:51.12ms
step:2184/3250 train_time:111.742s step_avg:51.16ms
step:2185/3250 train_time:111.897s step_avg:51.21ms
step:2186/3250 train_time:112.051s step_avg:51.26ms
step:2187/3250 train_time:112.206s step_avg:51.31ms
step:2188/3250 train_time:112.359s step_avg:51.35ms
step:2189/3250 train_time:112.515s step_avg:51.40ms
step:2190/3250 train_time:112.669s step_avg:51.45ms
step:2191/3250 train_time:112.823s step_avg:51.49ms
step:2192/3250 train_time:112.978s step_avg:51.54ms
step:2193/3250 train_time:113.132s step_avg:51.59ms
step:2194/3250 train_time:113.286s step_avg:51.63ms
step:2195/3250 train_time:113.441s step_avg:51.68ms
step:2196/3250 train_time:113.597s step_avg:51.73ms
step:2197/3250 train_time:113.750s step_avg:51.78ms
step:2198/3250 train_time:113.905s step_avg:51.82ms
step:2199/3250 train_time:114.059s step_avg:51.87ms
step:2200/3250 train_time:114.214s step_avg:51.92ms
step:2201/3250 train_time:114.368s step_avg:51.96ms
step:2202/3250 train_time:114.523s step_avg:52.01ms
step:2203/3250 train_time:114.679s step_avg:52.06ms
step:2204/3250 train_time:114.832s step_avg:52.10ms
step:2205/3250 train_time:114.986s step_avg:52.15ms
step:2206/3250 train_time:115.140s step_avg:52.19ms
step:2207/3250 train_time:115.296s step_avg:52.24ms
step:2208/3250 train_time:115.449s step_avg:52.29ms
step:2209/3250 train_time:115.605s step_avg:52.33ms
step:2210/3250 train_time:115.759s step_avg:52.38ms
step:2211/3250 train_time:115.913s step_avg:52.43ms
step:2212/3250 train_time:116.067s step_avg:52.47ms
step:2213/3250 train_time:116.221s step_avg:52.52ms
step:2214/3250 train_time:116.377s step_avg:52.56ms
step:2215/3250 train_time:116.530s step_avg:52.61ms
step:2216/3250 train_time:116.685s step_avg:52.66ms
step:2217/3250 train_time:116.838s step_avg:52.70ms
step:2218/3250 train_time:116.992s step_avg:52.75ms
step:2219/3250 train_time:117.146s step_avg:52.79ms
step:2220/3250 train_time:117.301s step_avg:52.84ms
step:2221/3250 train_time:117.456s step_avg:52.88ms
step:2222/3250 train_time:117.610s step_avg:52.93ms
step:2223/3250 train_time:117.765s step_avg:52.98ms
step:2224/3250 train_time:117.919s step_avg:53.02ms
step:2225/3250 train_time:118.074s step_avg:53.07ms
step:2226/3250 train_time:118.227s step_avg:53.11ms
step:2227/3250 train_time:118.381s step_avg:53.16ms
step:2228/3250 train_time:118.535s step_avg:53.20ms
step:2229/3250 train_time:118.689s step_avg:53.25ms
step:2230/3250 train_time:118.844s step_avg:53.29ms
step:2231/3250 train_time:118.999s step_avg:53.34ms
step:2232/3250 train_time:119.154s step_avg:53.38ms
step:2233/3250 train_time:119.307s step_avg:53.43ms
step:2234/3250 train_time:119.463s step_avg:53.47ms
step:2235/3250 train_time:119.618s step_avg:53.52ms
step:2236/3250 train_time:119.770s step_avg:53.56ms
step:2237/3250 train_time:119.925s step_avg:53.61ms
step:2238/3250 train_time:120.080s step_avg:53.65ms
step:2239/3250 train_time:120.234s step_avg:53.70ms
step:2240/3250 train_time:120.388s step_avg:53.74ms
step:2241/3250 train_time:120.543s step_avg:53.79ms
step:2242/3250 train_time:120.698s step_avg:53.83ms
step:2243/3250 train_time:120.851s step_avg:53.88ms
step:2244/3250 train_time:121.006s step_avg:53.92ms
step:2245/3250 train_time:121.160s step_avg:53.97ms
step:2246/3250 train_time:121.312s step_avg:54.01ms
step:2247/3250 train_time:121.466s step_avg:54.06ms
step:2248/3250 train_time:121.621s step_avg:54.10ms
step:2249/3250 train_time:121.777s step_avg:54.15ms
step:2250/3250 train_time:121.929s step_avg:54.19ms
step:2250/3250 val_loss:3.50271 train_time:121.941s step_avg:159.08ms
step:2251/3250 train_time:122.690s step_avg:54.50ms
step:2252/3250 train_time:122.831s step_avg:54.54ms
step:2253/3250 train_time:122.986s step_avg:54.59ms
step:2254/3250 train_time:123.139s step_avg:54.63ms
step:2255/3250 train_time:123.294s step_avg:54.68ms
step:2256/3250 train_time:123.448s step_avg:54.72ms
step:2257/3250 train_time:123.603s step_avg:54.76ms
step:2258/3250 train_time:123.755s step_avg:54.81ms
step:2259/3250 train_time:123.910s step_avg:54.85ms
step:2260/3250 train_time:124.064s step_avg:54.90ms
step:2261/3250 train_time:124.218s step_avg:54.94ms
step:2262/3250 train_time:124.372s step_avg:54.98ms
step:2263/3250 train_time:124.526s step_avg:55.03ms
step:2264/3250 train_time:124.681s step_avg:55.07ms
step:2265/3250 train_time:124.834s step_avg:55.11ms
step:2266/3250 train_time:124.988s step_avg:55.16ms
step:2267/3250 train_time:125.144s step_avg:55.20ms
step:2268/3250 train_time:125.298s step_avg:55.25ms
step:2269/3250 train_time:125.451s step_avg:55.29ms
step:2270/3250 train_time:125.606s step_avg:55.33ms
step:2271/3250 train_time:125.760s step_avg:55.38ms
step:2272/3250 train_time:125.913s step_avg:55.42ms
step:2273/3250 train_time:126.066s step_avg:55.46ms
step:2274/3250 train_time:126.222s step_avg:55.51ms
step:2275/3250 train_time:126.375s step_avg:55.55ms
step:2276/3250 train_time:126.529s step_avg:55.59ms
step:2277/3250 train_time:126.684s step_avg:55.64ms
step:2278/3250 train_time:126.839s step_avg:55.68ms
step:2279/3250 train_time:126.992s step_avg:55.72ms
step:2280/3250 train_time:127.146s step_avg:55.77ms
step:2281/3250 train_time:127.330s step_avg:55.82ms
step:2282/3250 train_time:127.484s step_avg:55.87ms
step:2283/3250 train_time:127.637s step_avg:55.91ms
step:2284/3250 train_time:127.791s step_avg:55.95ms
step:2285/3250 train_time:127.946s step_avg:55.99ms
step:2286/3250 train_time:128.101s step_avg:56.04ms
step:2287/3250 train_time:128.254s step_avg:56.08ms
step:2288/3250 train_time:128.409s step_avg:56.12ms
step:2289/3250 train_time:128.564s step_avg:56.17ms
step:2290/3250 train_time:128.717s step_avg:56.21ms
step:2291/3250 train_time:128.871s step_avg:56.25ms
step:2292/3250 train_time:129.026s step_avg:56.29ms
step:2293/3250 train_time:129.181s step_avg:56.34ms
step:2294/3250 train_time:129.335s step_avg:56.38ms
step:2295/3250 train_time:129.489s step_avg:56.42ms
step:2296/3250 train_time:129.645s step_avg:56.47ms
step:2297/3250 train_time:129.798s step_avg:56.51ms
step:2298/3250 train_time:129.952s step_avg:56.55ms
step:2299/3250 train_time:130.106s step_avg:56.59ms
step:2300/3250 train_time:130.261s step_avg:56.64ms
step:2301/3250 train_time:130.414s step_avg:56.68ms
step:2302/3250 train_time:130.568s step_avg:56.72ms
step:2303/3250 train_time:130.723s step_avg:56.76ms
step:2304/3250 train_time:130.877s step_avg:56.80ms
step:2305/3250 train_time:131.032s step_avg:56.85ms
step:2306/3250 train_time:131.186s step_avg:56.89ms
step:2307/3250 train_time:131.342s step_avg:56.93ms
step:2308/3250 train_time:131.495s step_avg:56.97ms
step:2309/3250 train_time:131.648s step_avg:57.02ms
step:2310/3250 train_time:131.804s step_avg:57.06ms
step:2311/3250 train_time:131.957s step_avg:57.10ms
step:2312/3250 train_time:132.112s step_avg:57.14ms
step:2313/3250 train_time:132.266s step_avg:57.18ms
step:2314/3250 train_time:132.421s step_avg:57.23ms
step:2315/3250 train_time:132.574s step_avg:57.27ms
step:2316/3250 train_time:132.728s step_avg:57.31ms
step:2317/3250 train_time:132.883s step_avg:57.35ms
step:2318/3250 train_time:133.038s step_avg:57.39ms
step:2319/3250 train_time:133.192s step_avg:57.43ms
step:2320/3250 train_time:133.346s step_avg:57.48ms
step:2321/3250 train_time:133.502s step_avg:57.52ms
step:2322/3250 train_time:133.654s step_avg:57.56ms
step:2323/3250 train_time:133.809s step_avg:57.60ms
step:2324/3250 train_time:133.964s step_avg:57.64ms
step:2325/3250 train_time:134.118s step_avg:57.69ms
step:2326/3250 train_time:134.272s step_avg:57.73ms
step:2327/3250 train_time:134.426s step_avg:57.77ms
step:2328/3250 train_time:134.580s step_avg:57.81ms
step:2329/3250 train_time:134.734s step_avg:57.85ms
step:2330/3250 train_time:134.888s step_avg:57.89ms
step:2331/3250 train_time:135.044s step_avg:57.93ms
step:2332/3250 train_time:135.197s step_avg:57.97ms
step:2333/3250 train_time:135.351s step_avg:58.02ms
step:2334/3250 train_time:135.505s step_avg:58.06ms
step:2335/3250 train_time:135.659s step_avg:58.10ms
step:2336/3250 train_time:135.813s step_avg:58.14ms
step:2337/3250 train_time:135.967s step_avg:58.18ms
step:2338/3250 train_time:136.123s step_avg:58.22ms
step:2339/3250 train_time:136.276s step_avg:58.26ms
step:2340/3250 train_time:136.430s step_avg:58.30ms
step:2341/3250 train_time:136.584s step_avg:58.34ms
step:2342/3250 train_time:136.739s step_avg:58.39ms
step:2343/3250 train_time:136.893s step_avg:58.43ms
step:2344/3250 train_time:137.048s step_avg:58.47ms
step:2345/3250 train_time:137.204s step_avg:58.51ms
step:2346/3250 train_time:137.356s step_avg:58.55ms
step:2347/3250 train_time:137.511s step_avg:58.59ms
step:2348/3250 train_time:137.665s step_avg:58.63ms
step:2349/3250 train_time:137.819s step_avg:58.67ms
step:2350/3250 train_time:137.972s step_avg:58.71ms
step:2351/3250 train_time:138.126s step_avg:58.75ms
step:2352/3250 train_time:138.281s step_avg:58.79ms
step:2353/3250 train_time:138.435s step_avg:58.83ms
step:2354/3250 train_time:138.589s step_avg:58.87ms
step:2355/3250 train_time:138.744s step_avg:58.91ms
step:2356/3250 train_time:138.898s step_avg:58.95ms
step:2357/3250 train_time:139.051s step_avg:59.00ms
step:2358/3250 train_time:139.206s step_avg:59.04ms
step:2359/3250 train_time:139.360s step_avg:59.08ms
step:2360/3250 train_time:139.513s step_avg:59.12ms
step:2361/3250 train_time:139.667s step_avg:59.16ms
step:2362/3250 train_time:139.823s step_avg:59.20ms
step:2363/3250 train_time:139.976s step_avg:59.24ms
step:2364/3250 train_time:140.130s step_avg:59.28ms
step:2365/3250 train_time:140.285s step_avg:59.32ms
step:2366/3250 train_time:140.439s step_avg:59.36ms
step:2367/3250 train_time:140.593s step_avg:59.40ms
step:2368/3250 train_time:140.748s step_avg:59.44ms
step:2369/3250 train_time:140.904s step_avg:59.48ms
step:2370/3250 train_time:141.057s step_avg:59.52ms
step:2371/3250 train_time:141.212s step_avg:59.56ms
step:2372/3250 train_time:141.366s step_avg:59.60ms
step:2373/3250 train_time:141.523s step_avg:59.64ms
step:2374/3250 train_time:141.676s step_avg:59.68ms
step:2375/3250 train_time:141.832s step_avg:59.72ms
step:2375/3250 val_loss:3.50048 train_time:141.843s step_avg:159.22ms
step:2376/3250 train_time:142.596s step_avg:60.02ms
step:2377/3250 train_time:142.738s step_avg:60.05ms
step:2378/3250 train_time:142.891s step_avg:60.09ms
step:2379/3250 train_time:143.046s step_avg:60.13ms
step:2380/3250 train_time:143.200s step_avg:60.17ms
step:2381/3250 train_time:143.354s step_avg:60.21ms
step:2382/3250 train_time:143.508s step_avg:60.25ms
step:2383/3250 train_time:143.662s step_avg:60.29ms
step:2384/3250 train_time:143.817s step_avg:60.33ms
step:2385/3250 train_time:143.972s step_avg:60.37ms
step:2386/3250 train_time:144.125s step_avg:60.40ms
step:2387/3250 train_time:144.279s step_avg:60.44ms
step:2388/3250 train_time:144.433s step_avg:60.48ms
step:2389/3250 train_time:144.587s step_avg:60.52ms
step:2390/3250 train_time:144.742s step_avg:60.56ms
step:2391/3250 train_time:144.896s step_avg:60.60ms
step:2392/3250 train_time:145.050s step_avg:60.64ms
step:2393/3250 train_time:145.203s step_avg:60.68ms
step:2394/3250 train_time:145.357s step_avg:60.72ms
step:2395/3250 train_time:145.513s step_avg:60.76ms
step:2396/3250 train_time:145.668s step_avg:60.80ms
step:2397/3250 train_time:145.823s step_avg:60.84ms
step:2398/3250 train_time:145.976s step_avg:60.87ms
step:2399/3250 train_time:146.130s step_avg:60.91ms
step:2400/3250 train_time:146.284s step_avg:60.95ms
step:2401/3250 train_time:146.438s step_avg:60.99ms
step:2402/3250 train_time:146.593s step_avg:61.03ms
step:2403/3250 train_time:146.749s step_avg:61.07ms
step:2404/3250 train_time:146.901s step_avg:61.11ms
step:2405/3250 train_time:147.056s step_avg:61.15ms
step:2406/3250 train_time:147.211s step_avg:61.19ms
step:2407/3250 train_time:147.365s step_avg:61.22ms
step:2408/3250 train_time:147.519s step_avg:61.26ms
step:2409/3250 train_time:147.675s step_avg:61.30ms
step:2410/3250 train_time:147.832s step_avg:61.34ms
step:2411/3250 train_time:147.985s step_avg:61.38ms
step:2412/3250 train_time:148.140s step_avg:61.42ms
step:2413/3250 train_time:148.294s step_avg:61.46ms
step:2414/3250 train_time:148.448s step_avg:61.49ms
step:2415/3250 train_time:148.602s step_avg:61.53ms
step:2416/3250 train_time:148.757s step_avg:61.57ms
step:2417/3250 train_time:148.911s step_avg:61.61ms
step:2418/3250 train_time:149.065s step_avg:61.65ms
step:2419/3250 train_time:149.219s step_avg:61.69ms
step:2420/3250 train_time:149.374s step_avg:61.72ms
step:2421/3250 train_time:149.528s step_avg:61.76ms
step:2422/3250 train_time:149.682s step_avg:61.80ms
step:2423/3250 train_time:149.837s step_avg:61.84ms
step:2424/3250 train_time:149.991s step_avg:61.88ms
step:2425/3250 train_time:150.145s step_avg:61.92ms
step:2426/3250 train_time:150.299s step_avg:61.95ms
step:2427/3250 train_time:150.455s step_avg:61.99ms
step:2428/3250 train_time:150.610s step_avg:62.03ms
step:2429/3250 train_time:150.764s step_avg:62.07ms
step:2430/3250 train_time:150.919s step_avg:62.11ms
step:2431/3250 train_time:151.074s step_avg:62.14ms
step:2432/3250 train_time:151.227s step_avg:62.18ms
step:2433/3250 train_time:151.382s step_avg:62.22ms
step:2434/3250 train_time:151.537s step_avg:62.26ms
step:2435/3250 train_time:151.691s step_avg:62.30ms
step:2436/3250 train_time:151.845s step_avg:62.33ms
step:2437/3250 train_time:152.000s step_avg:62.37ms
step:2438/3250 train_time:152.156s step_avg:62.41ms
step:2439/3250 train_time:152.310s step_avg:62.45ms
step:2440/3250 train_time:152.464s step_avg:62.49ms
step:2441/3250 train_time:152.618s step_avg:62.52ms
step:2442/3250 train_time:152.773s step_avg:62.56ms
step:2443/3250 train_time:152.927s step_avg:62.60ms
step:2444/3250 train_time:153.081s step_avg:62.64ms
step:2445/3250 train_time:153.235s step_avg:62.67ms
step:2446/3250 train_time:153.389s step_avg:62.71ms
step:2447/3250 train_time:153.543s step_avg:62.75ms
step:2448/3250 train_time:153.697s step_avg:62.78ms
step:2449/3250 train_time:153.853s step_avg:62.82ms
step:2450/3250 train_time:154.007s step_avg:62.86ms
step:2451/3250 train_time:154.161s step_avg:62.90ms
step:2452/3250 train_time:154.316s step_avg:62.93ms
step:2453/3250 train_time:154.471s step_avg:62.97ms
step:2454/3250 train_time:154.625s step_avg:63.01ms
step:2455/3250 train_time:154.779s step_avg:63.05ms
step:2456/3250 train_time:154.935s step_avg:63.08ms
step:2457/3250 train_time:155.088s step_avg:63.12ms
step:2458/3250 train_time:155.243s step_avg:63.16ms
step:2459/3250 train_time:155.397s step_avg:63.20ms
step:2460/3250 train_time:155.552s step_avg:63.23ms
step:2461/3250 train_time:155.706s step_avg:63.27ms
step:2462/3250 train_time:155.860s step_avg:63.31ms
step:2463/3250 train_time:156.015s step_avg:63.34ms
step:2464/3250 train_time:156.171s step_avg:63.38ms
step:2465/3250 train_time:156.324s step_avg:63.42ms
step:2466/3250 train_time:156.479s step_avg:63.45ms
step:2467/3250 train_time:156.635s step_avg:63.49ms
step:2468/3250 train_time:156.789s step_avg:63.53ms
step:2469/3250 train_time:156.944s step_avg:63.57ms
step:2470/3250 train_time:157.098s step_avg:63.60ms
step:2471/3250 train_time:157.280s step_avg:63.65ms
step:2472/3250 train_time:157.434s step_avg:63.69ms
step:2473/3250 train_time:157.587s step_avg:63.72ms
step:2474/3250 train_time:157.742s step_avg:63.76ms
step:2475/3250 train_time:157.895s step_avg:63.80ms
step:2476/3250 train_time:158.050s step_avg:63.83ms
step:2477/3250 train_time:158.204s step_avg:63.87ms
step:2478/3250 train_time:158.358s step_avg:63.91ms
step:2479/3250 train_time:158.513s step_avg:63.94ms
step:2480/3250 train_time:158.667s step_avg:63.98ms
step:2481/3250 train_time:158.821s step_avg:64.01ms
step:2482/3250 train_time:158.975s step_avg:64.05ms
step:2483/3250 train_time:159.130s step_avg:64.09ms
step:2484/3250 train_time:159.283s step_avg:64.12ms
step:2485/3250 train_time:159.437s step_avg:64.16ms
step:2486/3250 train_time:159.592s step_avg:64.20ms
step:2487/3250 train_time:159.746s step_avg:64.23ms
step:2488/3250 train_time:159.900s step_avg:64.27ms
step:2489/3250 train_time:160.055s step_avg:64.31ms
step:2490/3250 train_time:160.209s step_avg:64.34ms
step:2491/3250 train_time:160.363s step_avg:64.38ms
step:2492/3250 train_time:160.517s step_avg:64.41ms
step:2493/3250 train_time:160.673s step_avg:64.45ms
step:2494/3250 train_time:160.828s step_avg:64.49ms
step:2495/3250 train_time:160.982s step_avg:64.52ms
step:2496/3250 train_time:161.137s step_avg:64.56ms
step:2497/3250 train_time:161.292s step_avg:64.59ms
step:2498/3250 train_time:161.446s step_avg:64.63ms
step:2499/3250 train_time:161.600s step_avg:64.67ms
step:2500/3250 train_time:161.756s step_avg:64.70ms
step:2500/3250 val_loss:3.49581 train_time:161.768s step_avg:159.40ms
step:2501/3250 train_time:162.554s step_avg:65.00ms
step:2502/3250 train_time:162.695s step_avg:65.03ms
step:2503/3250 train_time:162.850s step_avg:65.06ms
step:2504/3250 train_time:163.004s step_avg:65.10ms
step:2505/3250 train_time:163.157s step_avg:65.13ms
step:2506/3250 train_time:163.311s step_avg:65.17ms
step:2507/3250 train_time:163.466s step_avg:65.20ms
step:2508/3250 train_time:163.620s step_avg:65.24ms
step:2509/3250 train_time:163.777s step_avg:65.28ms
step:2510/3250 train_time:163.929s step_avg:65.31ms
step:2511/3250 train_time:164.083s step_avg:65.35ms
step:2512/3250 train_time:164.237s step_avg:65.38ms
step:2513/3250 train_time:164.390s step_avg:65.42ms
step:2514/3250 train_time:164.545s step_avg:65.45ms
step:2515/3250 train_time:164.700s step_avg:65.49ms
step:2516/3250 train_time:164.854s step_avg:65.52ms
step:2517/3250 train_time:165.008s step_avg:65.56ms
step:2518/3250 train_time:165.162s step_avg:65.59ms
step:2519/3250 train_time:165.316s step_avg:65.63ms
step:2520/3250 train_time:165.470s step_avg:65.66ms
step:2521/3250 train_time:165.624s step_avg:65.70ms
step:2522/3250 train_time:165.777s step_avg:65.73ms
step:2523/3250 train_time:165.933s step_avg:65.77ms
step:2524/3250 train_time:166.086s step_avg:65.80ms
step:2525/3250 train_time:166.240s step_avg:65.84ms
step:2526/3250 train_time:166.394s step_avg:65.87ms
step:2527/3250 train_time:166.548s step_avg:65.91ms
step:2528/3250 train_time:166.701s step_avg:65.94ms
step:2529/3250 train_time:166.857s step_avg:65.98ms
step:2530/3250 train_time:167.010s step_avg:66.01ms
step:2531/3250 train_time:167.166s step_avg:66.05ms
step:2532/3250 train_time:167.320s step_avg:66.08ms
step:2533/3250 train_time:167.473s step_avg:66.12ms
step:2534/3250 train_time:167.627s step_avg:66.15ms
step:2535/3250 train_time:167.783s step_avg:66.19ms
step:2536/3250 train_time:167.937s step_avg:66.22ms
step:2537/3250 train_time:168.091s step_avg:66.26ms
step:2538/3250 train_time:168.245s step_avg:66.29ms
step:2539/3250 train_time:168.400s step_avg:66.33ms
step:2540/3250 train_time:168.554s step_avg:66.36ms
step:2541/3250 train_time:168.708s step_avg:66.39ms
step:2542/3250 train_time:168.863s step_avg:66.43ms
step:2543/3250 train_time:169.017s step_avg:66.46ms
step:2544/3250 train_time:169.171s step_avg:66.50ms
step:2545/3250 train_time:169.325s step_avg:66.53ms
step:2546/3250 train_time:169.482s step_avg:66.57ms
step:2547/3250 train_time:169.636s step_avg:66.60ms
step:2548/3250 train_time:169.789s step_avg:66.64ms
step:2549/3250 train_time:169.943s step_avg:66.67ms
step:2550/3250 train_time:170.098s step_avg:66.71ms
step:2551/3250 train_time:170.251s step_avg:66.74ms
step:2552/3250 train_time:170.406s step_avg:66.77ms
step:2553/3250 train_time:170.561s step_avg:66.81ms
step:2554/3250 train_time:170.715s step_avg:66.84ms
step:2555/3250 train_time:170.868s step_avg:66.88ms
step:2556/3250 train_time:171.022s step_avg:66.91ms
step:2557/3250 train_time:171.177s step_avg:66.94ms
step:2558/3250 train_time:171.330s step_avg:66.98ms
step:2559/3250 train_time:171.484s step_avg:67.01ms
step:2560/3250 train_time:171.639s step_avg:67.05ms
step:2561/3250 train_time:171.793s step_avg:67.08ms
step:2562/3250 train_time:171.948s step_avg:67.11ms
step:2563/3250 train_time:172.102s step_avg:67.15ms
step:2564/3250 train_time:172.258s step_avg:67.18ms
step:2565/3250 train_time:172.410s step_avg:67.22ms
step:2566/3250 train_time:172.564s step_avg:67.25ms
step:2567/3250 train_time:172.719s step_avg:67.28ms
step:2568/3250 train_time:172.874s step_avg:67.32ms
step:2569/3250 train_time:173.028s step_avg:67.35ms
step:2570/3250 train_time:173.184s step_avg:67.39ms
step:2571/3250 train_time:173.337s step_avg:67.42ms
step:2572/3250 train_time:173.491s step_avg:67.45ms
step:2573/3250 train_time:173.646s step_avg:67.49ms
step:2574/3250 train_time:173.803s step_avg:67.52ms
step:2575/3250 train_time:173.958s step_avg:67.56ms
step:2576/3250 train_time:174.111s step_avg:67.59ms
step:2577/3250 train_time:174.265s step_avg:67.62ms
step:2578/3250 train_time:174.421s step_avg:67.66ms
step:2579/3250 train_time:174.575s step_avg:67.69ms
step:2580/3250 train_time:174.730s step_avg:67.72ms
step:2581/3250 train_time:174.885s step_avg:67.76ms
step:2582/3250 train_time:175.039s step_avg:67.79ms
step:2583/3250 train_time:175.193s step_avg:67.83ms
step:2584/3250 train_time:175.347s step_avg:67.86ms
step:2585/3250 train_time:175.502s step_avg:67.89ms
step:2586/3250 train_time:175.656s step_avg:67.93ms
step:2587/3250 train_time:175.808s step_avg:67.96ms
step:2588/3250 train_time:175.963s step_avg:67.99ms
step:2589/3250 train_time:176.117s step_avg:68.03ms
step:2590/3250 train_time:176.271s step_avg:68.06ms
step:2591/3250 train_time:176.424s step_avg:68.09ms
step:2592/3250 train_time:176.580s step_avg:68.13ms
step:2593/3250 train_time:176.734s step_avg:68.16ms
step:2594/3250 train_time:176.888s step_avg:68.19ms
step:2595/3250 train_time:177.042s step_avg:68.22ms
step:2596/3250 train_time:177.196s step_avg:68.26ms
step:2597/3250 train_time:177.350s step_avg:68.29ms
step:2598/3250 train_time:177.503s step_avg:68.32ms
step:2599/3250 train_time:177.659s step_avg:68.36ms
step:2600/3250 train_time:177.811s step_avg:68.39ms
step:2601/3250 train_time:177.966s step_avg:68.42ms
step:2602/3250 train_time:178.120s step_avg:68.45ms
step:2603/3250 train_time:178.274s step_avg:68.49ms
step:2604/3250 train_time:178.428s step_avg:68.52ms
step:2605/3250 train_time:178.585s step_avg:68.55ms
step:2606/3250 train_time:178.739s step_avg:68.59ms
step:2607/3250 train_time:178.893s step_avg:68.62ms
step:2608/3250 train_time:179.046s step_avg:68.65ms
step:2609/3250 train_time:179.202s step_avg:68.69ms
step:2610/3250 train_time:179.356s step_avg:68.72ms
step:2611/3250 train_time:179.509s step_avg:68.75ms
step:2612/3250 train_time:179.663s step_avg:68.78ms
step:2613/3250 train_time:179.818s step_avg:68.82ms
step:2614/3250 train_time:179.973s step_avg:68.85ms
step:2615/3250 train_time:180.127s step_avg:68.88ms
step:2616/3250 train_time:180.282s step_avg:68.91ms
step:2617/3250 train_time:180.436s step_avg:68.95ms
step:2618/3250 train_time:180.589s step_avg:68.98ms
step:2619/3250 train_time:180.744s step_avg:69.01ms
step:2620/3250 train_time:180.899s step_avg:69.05ms
step:2621/3250 train_time:181.052s step_avg:69.08ms
step:2622/3250 train_time:181.205s step_avg:69.11ms
step:2623/3250 train_time:181.361s step_avg:69.14ms
step:2624/3250 train_time:181.515s step_avg:69.17ms
step:2625/3250 train_time:181.669s step_avg:69.21ms
step:2625/3250 val_loss:3.49110 train_time:181.681s step_avg:159.30ms
step:2626/3250 train_time:182.432s step_avg:69.47ms
step:2627/3250 train_time:182.572s step_avg:69.50ms
step:2628/3250 train_time:182.726s step_avg:69.53ms
step:2629/3250 train_time:182.880s step_avg:69.56ms
step:2630/3250 train_time:183.034s step_avg:69.59ms
step:2631/3250 train_time:183.188s step_avg:69.63ms
step:2632/3250 train_time:183.342s step_avg:69.66ms
step:2633/3250 train_time:183.496s step_avg:69.69ms
step:2634/3250 train_time:183.650s step_avg:69.72ms
step:2635/3250 train_time:183.803s step_avg:69.75ms
step:2636/3250 train_time:183.956s step_avg:69.79ms
step:2637/3250 train_time:184.111s step_avg:69.82ms
step:2638/3250 train_time:184.264s step_avg:69.85ms
step:2639/3250 train_time:184.418s step_avg:69.88ms
step:2640/3250 train_time:184.573s step_avg:69.91ms
step:2641/3250 train_time:184.729s step_avg:69.95ms
step:2642/3250 train_time:184.882s step_avg:69.98ms
step:2643/3250 train_time:185.036s step_avg:70.01ms
step:2644/3250 train_time:185.190s step_avg:70.04ms
step:2645/3250 train_time:185.343s step_avg:70.07ms
step:2646/3250 train_time:185.496s step_avg:70.10ms
step:2647/3250 train_time:185.650s step_avg:70.14ms
step:2648/3250 train_time:185.805s step_avg:70.17ms
step:2649/3250 train_time:185.958s step_avg:70.20ms
step:2650/3250 train_time:186.113s step_avg:70.23ms
step:2651/3250 train_time:186.267s step_avg:70.26ms
step:2652/3250 train_time:186.421s step_avg:70.29ms
step:2653/3250 train_time:186.574s step_avg:70.33ms
step:2654/3250 train_time:186.730s step_avg:70.36ms
step:2655/3250 train_time:186.881s step_avg:70.39ms
step:2656/3250 train_time:187.035s step_avg:70.42ms
step:2657/3250 train_time:187.190s step_avg:70.45ms
step:2658/3250 train_time:187.343s step_avg:70.48ms
step:2659/3250 train_time:187.497s step_avg:70.51ms
step:2660/3250 train_time:187.650s step_avg:70.55ms
step:2661/3250 train_time:187.835s step_avg:70.59ms
step:2662/3250 train_time:187.986s step_avg:70.62ms
step:2663/3250 train_time:188.139s step_avg:70.65ms
step:2664/3250 train_time:188.293s step_avg:70.68ms
step:2665/3250 train_time:188.445s step_avg:70.71ms
step:2666/3250 train_time:188.600s step_avg:70.74ms
step:2667/3250 train_time:188.755s step_avg:70.77ms
step:2668/3250 train_time:188.912s step_avg:70.81ms
step:2669/3250 train_time:189.065s step_avg:70.84ms
step:2670/3250 train_time:189.219s step_avg:70.87ms
step:2671/3250 train_time:189.372s step_avg:70.90ms
step:2672/3250 train_time:189.525s step_avg:70.93ms
step:2673/3250 train_time:189.679s step_avg:70.96ms
step:2674/3250 train_time:189.834s step_avg:70.99ms
step:2675/3250 train_time:189.990s step_avg:71.02ms
step:2676/3250 train_time:190.143s step_avg:71.05ms
step:2677/3250 train_time:190.297s step_avg:71.09ms
step:2678/3250 train_time:190.451s step_avg:71.12ms
step:2679/3250 train_time:190.606s step_avg:71.15ms
step:2680/3250 train_time:190.759s step_avg:71.18ms
step:2681/3250 train_time:190.913s step_avg:71.21ms
step:2682/3250 train_time:191.067s step_avg:71.24ms
step:2683/3250 train_time:191.221s step_avg:71.27ms
step:2684/3250 train_time:191.375s step_avg:71.30ms
step:2685/3250 train_time:191.530s step_avg:71.33ms
step:2686/3250 train_time:191.684s step_avg:71.36ms
step:2687/3250 train_time:191.838s step_avg:71.39ms
step:2688/3250 train_time:191.992s step_avg:71.43ms
step:2689/3250 train_time:192.145s step_avg:71.46ms
step:2690/3250 train_time:192.299s step_avg:71.49ms
step:2691/3250 train_time:192.453s step_avg:71.52ms
step:2692/3250 train_time:192.607s step_avg:71.55ms
step:2693/3250 train_time:192.759s step_avg:71.58ms
step:2694/3250 train_time:192.914s step_avg:71.61ms
step:2695/3250 train_time:193.069s step_avg:71.64ms
step:2696/3250 train_time:193.222s step_avg:71.67ms
step:2697/3250 train_time:193.376s step_avg:71.70ms
step:2698/3250 train_time:193.531s step_avg:71.73ms
step:2699/3250 train_time:193.686s step_avg:71.76ms
step:2700/3250 train_time:193.839s step_avg:71.79ms
step:2701/3250 train_time:193.994s step_avg:71.82ms
step:2702/3250 train_time:194.148s step_avg:71.85ms
step:2703/3250 train_time:194.302s step_avg:71.88ms
step:2704/3250 train_time:194.455s step_avg:71.91ms
step:2705/3250 train_time:194.611s step_avg:71.95ms
step:2706/3250 train_time:194.765s step_avg:71.98ms
step:2707/3250 train_time:194.919s step_avg:72.01ms
step:2708/3250 train_time:195.073s step_avg:72.04ms
step:2709/3250 train_time:195.227s step_avg:72.07ms
step:2710/3250 train_time:195.381s step_avg:72.10ms
step:2711/3250 train_time:195.535s step_avg:72.13ms
step:2712/3250 train_time:195.689s step_avg:72.16ms
step:2713/3250 train_time:195.842s step_avg:72.19ms
step:2714/3250 train_time:195.997s step_avg:72.22ms
step:2715/3250 train_time:196.151s step_avg:72.25ms
step:2716/3250 train_time:196.306s step_avg:72.28ms
step:2717/3250 train_time:196.458s step_avg:72.31ms
step:2718/3250 train_time:196.612s step_avg:72.34ms
step:2719/3250 train_time:196.766s step_avg:72.37ms
step:2720/3250 train_time:196.920s step_avg:72.40ms
step:2721/3250 train_time:197.074s step_avg:72.43ms
step:2722/3250 train_time:197.230s step_avg:72.46ms
step:2723/3250 train_time:197.384s step_avg:72.49ms
step:2724/3250 train_time:197.537s step_avg:72.52ms
step:2725/3250 train_time:197.692s step_avg:72.55ms
step:2726/3250 train_time:197.844s step_avg:72.58ms
step:2727/3250 train_time:197.998s step_avg:72.61ms
step:2728/3250 train_time:198.152s step_avg:72.64ms
step:2729/3250 train_time:198.307s step_avg:72.67ms
step:2730/3250 train_time:198.460s step_avg:72.70ms
step:2731/3250 train_time:198.615s step_avg:72.73ms
step:2732/3250 train_time:198.768s step_avg:72.76ms
step:2733/3250 train_time:198.921s step_avg:72.78ms
step:2734/3250 train_time:199.076s step_avg:72.81ms
step:2735/3250 train_time:199.231s step_avg:72.85ms
step:2736/3250 train_time:199.386s step_avg:72.88ms
step:2737/3250 train_time:199.539s step_avg:72.90ms
step:2738/3250 train_time:199.693s step_avg:72.93ms
step:2739/3250 train_time:199.847s step_avg:72.96ms
step:2740/3250 train_time:200.001s step_avg:72.99ms
step:2741/3250 train_time:200.155s step_avg:73.02ms
step:2742/3250 train_time:200.310s step_avg:73.05ms
step:2743/3250 train_time:200.464s step_avg:73.08ms
step:2744/3250 train_time:200.618s step_avg:73.11ms
step:2745/3250 train_time:200.773s step_avg:73.14ms
step:2746/3250 train_time:200.928s step_avg:73.17ms
step:2747/3250 train_time:201.081s step_avg:73.20ms
step:2748/3250 train_time:201.235s step_avg:73.23ms
step:2749/3250 train_time:201.390s step_avg:73.26ms
step:2750/3250 train_time:201.543s step_avg:73.29ms
step:2750/3250 val_loss:3.48648 train_time:201.555s step_avg:158.99ms
step:2751/3250 train_time:202.335s step_avg:73.55ms
EXIT=0 rid=eos_f1500_s090
