=== eos_f1500_s100dup : run.py configs/req019/eos_f1500_s100dup.yaml ===
W0830 12:01:41.156000 10033 torch/distributed/run.py:852] 
W0830 12:01:41.156000 10033 torch/distributed/run.py:852] *****************************************
W0830 12:01:41.156000 10033 torch/distributed/run.py:852] Setting OMP_NUM_THREADS environment variable for each process to be 1 in default, to avoid your system being overloaded, please further tune the variable for optimal performance in your application as needed. 
W0830 12:01:41.156000 10033 torch/distributed/run.py:852] *****************************************
logs/32ffcb8c-ffa5-4244-9ab5-79f59751b128.txt
resumed training state from step 1500 in eos_shared_state, skipped 1500 batches
step:0/3250 val_loss:3.52212 train_time:0.001s step_avg:nanms
learning_rates step:1500 [{'pattern': '^embed\\.weight$', 'lr': [0.7]}, {'pattern': '^proj\\.weight$', 'lr': [0.004]}, {'pattern': '^blocks\\..*\\.weight$', 'lr': [0.025]}, {'pattern': '.*', 'lr': [0.015]}]
step:1501/3250 train_time:2.899s step_avg:1.93ms
learning_rates step:1501 [{'pattern': '^embed\\.weight$', 'lr': [0.7]}, {'pattern': '^proj\\.weight$', 'lr': [0.004]}, {'pattern': '^blocks\\..*\\.weight$', 'lr': [0.025]}, {'pattern': '.*', 'lr': [0.015]}]
step:1502/3250 train_time:3.038s step_avg:2.02ms
step:1503/3250 train_time:3.190s step_avg:2.12ms
step:1504/3250 train_time:3.343s step_avg:2.22ms
step:1505/3250 train_time:3.495s step_avg:2.32ms
step:1506/3250 train_time:3.647s step_avg:2.42ms
step:1507/3250 train_time:3.801s step_avg:2.52ms
step:1508/3250 train_time:3.955s step_avg:2.62ms
step:1509/3250 train_time:4.108s step_avg:2.72ms
step:1510/3250 train_time:4.263s step_avg:2.82ms
step:1511/3250 train_time:4.415s step_avg:2.92ms
step:1512/3250 train_time:4.568s step_avg:3.02ms
step:1513/3250 train_time:4.721s step_avg:3.12ms
step:1514/3250 train_time:4.875s step_avg:3.22ms
step:1515/3250 train_time:5.029s step_avg:3.32ms
step:1516/3250 train_time:5.183s step_avg:3.42ms
step:1517/3250 train_time:5.337s step_avg:3.52ms
step:1518/3250 train_time:5.489s step_avg:3.62ms
step:1519/3250 train_time:5.642s step_avg:3.71ms
step:1520/3250 train_time:5.795s step_avg:3.81ms
step:1521/3250 train_time:5.987s step_avg:3.94ms
step:1522/3250 train_time:6.140s step_avg:4.03ms
step:1523/3250 train_time:6.292s step_avg:4.13ms
step:1524/3250 train_time:6.445s step_avg:4.23ms
step:1525/3250 train_time:6.598s step_avg:4.33ms
step:1526/3250 train_time:6.752s step_avg:4.42ms
step:1527/3250 train_time:6.906s step_avg:4.52ms
step:1528/3250 train_time:7.062s step_avg:4.62ms
step:1529/3250 train_time:7.214s step_avg:4.72ms
step:1530/3250 train_time:7.367s step_avg:4.82ms
step:1531/3250 train_time:7.522s step_avg:4.91ms
step:1532/3250 train_time:7.675s step_avg:5.01ms
step:1533/3250 train_time:7.830s step_avg:5.11ms
step:1534/3250 train_time:7.985s step_avg:5.21ms
step:1535/3250 train_time:8.139s step_avg:5.30ms
step:1536/3250 train_time:8.292s step_avg:5.40ms
step:1537/3250 train_time:8.446s step_avg:5.49ms
step:1538/3250 train_time:8.600s step_avg:5.59ms
step:1539/3250 train_time:8.755s step_avg:5.69ms
step:1540/3250 train_time:8.910s step_avg:5.79ms
step:1541/3250 train_time:9.064s step_avg:5.88ms
step:1542/3250 train_time:9.218s step_avg:5.98ms
step:1543/3250 train_time:9.371s step_avg:6.07ms
step:1544/3250 train_time:9.525s step_avg:6.17ms
step:1545/3250 train_time:9.680s step_avg:6.27ms
step:1546/3250 train_time:9.834s step_avg:6.36ms
step:1547/3250 train_time:9.989s step_avg:6.46ms
step:1548/3250 train_time:10.142s step_avg:6.55ms
step:1549/3250 train_time:10.295s step_avg:6.65ms
step:1550/3250 train_time:10.450s step_avg:6.74ms
step:1551/3250 train_time:10.605s step_avg:6.84ms
step:1552/3250 train_time:10.761s step_avg:6.93ms
step:1553/3250 train_time:10.914s step_avg:7.03ms
step:1554/3250 train_time:11.067s step_avg:7.12ms
step:1555/3250 train_time:11.221s step_avg:7.22ms
step:1556/3250 train_time:11.375s step_avg:7.31ms
step:1557/3250 train_time:11.530s step_avg:7.40ms
step:1558/3250 train_time:11.684s step_avg:7.50ms
step:1559/3250 train_time:11.840s step_avg:7.59ms
step:1560/3250 train_time:11.992s step_avg:7.69ms
step:1561/3250 train_time:12.146s step_avg:7.78ms
step:1562/3250 train_time:12.300s step_avg:7.87ms
step:1563/3250 train_time:12.453s step_avg:7.97ms
step:1564/3250 train_time:12.607s step_avg:8.06ms
step:1565/3250 train_time:12.762s step_avg:8.15ms
step:1566/3250 train_time:12.916s step_avg:8.25ms
step:1567/3250 train_time:13.070s step_avg:8.34ms
step:1568/3250 train_time:13.223s step_avg:8.43ms
step:1569/3250 train_time:13.377s step_avg:8.53ms
step:1570/3250 train_time:13.531s step_avg:8.62ms
step:1571/3250 train_time:13.685s step_avg:8.71ms
step:1572/3250 train_time:13.840s step_avg:8.80ms
step:1573/3250 train_time:13.993s step_avg:8.90ms
step:1574/3250 train_time:14.148s step_avg:8.99ms
step:1575/3250 train_time:14.302s step_avg:9.08ms
step:1576/3250 train_time:14.456s step_avg:9.17ms
step:1577/3250 train_time:14.610s step_avg:9.26ms
step:1578/3250 train_time:14.765s step_avg:9.36ms
step:1579/3250 train_time:14.920s step_avg:9.45ms
step:1580/3250 train_time:15.074s step_avg:9.54ms
step:1581/3250 train_time:15.229s step_avg:9.63ms
step:1582/3250 train_time:15.383s step_avg:9.72ms
step:1583/3250 train_time:15.537s step_avg:9.81ms
step:1584/3250 train_time:15.690s step_avg:9.91ms
step:1585/3250 train_time:15.844s step_avg:10.00ms
step:1586/3250 train_time:15.998s step_avg:10.09ms
step:1587/3250 train_time:16.151s step_avg:10.18ms
step:1588/3250 train_time:16.305s step_avg:10.27ms
step:1589/3250 train_time:16.461s step_avg:10.36ms
step:1590/3250 train_time:16.615s step_avg:10.45ms
step:1591/3250 train_time:16.769s step_avg:10.54ms
step:1592/3250 train_time:16.922s step_avg:10.63ms
step:1593/3250 train_time:17.076s step_avg:10.72ms
step:1594/3250 train_time:17.231s step_avg:10.81ms
step:1595/3250 train_time:17.385s step_avg:10.90ms
step:1596/3250 train_time:17.540s step_avg:10.99ms
step:1597/3250 train_time:17.693s step_avg:11.08ms
step:1598/3250 train_time:17.846s step_avg:11.17ms
step:1599/3250 train_time:18.001s step_avg:11.26ms
step:1600/3250 train_time:18.155s step_avg:11.35ms
step:1601/3250 train_time:18.309s step_avg:11.44ms
step:1602/3250 train_time:18.464s step_avg:11.53ms
step:1603/3250 train_time:18.618s step_avg:11.61ms
step:1604/3250 train_time:18.772s step_avg:11.70ms
step:1605/3250 train_time:18.925s step_avg:11.79ms
step:1606/3250 train_time:19.079s step_avg:11.88ms
step:1607/3250 train_time:19.233s step_avg:11.97ms
step:1608/3250 train_time:19.386s step_avg:12.06ms
step:1609/3250 train_time:19.542s step_avg:12.15ms
step:1610/3250 train_time:19.695s step_avg:12.23ms
step:1611/3250 train_time:19.850s step_avg:12.32ms
step:1612/3250 train_time:20.005s step_avg:12.41ms
step:1613/3250 train_time:20.160s step_avg:12.50ms
step:1614/3250 train_time:20.313s step_avg:12.59ms
step:1615/3250 train_time:20.466s step_avg:12.67ms
step:1616/3250 train_time:20.620s step_avg:12.76ms
step:1617/3250 train_time:20.773s step_avg:12.85ms
step:1618/3250 train_time:20.928s step_avg:12.93ms
step:1619/3250 train_time:21.082s step_avg:13.02ms
step:1620/3250 train_time:21.236s step_avg:13.11ms
step:1621/3250 train_time:21.390s step_avg:13.20ms
step:1622/3250 train_time:21.545s step_avg:13.28ms
step:1623/3250 train_time:21.699s step_avg:13.37ms
step:1624/3250 train_time:21.853s step_avg:13.46ms
step:1625/3250 train_time:22.007s step_avg:13.54ms
step:1625/3250 val_loss:3.56493 train_time:22.019s step_avg:13.55ms
step:1626/3250 train_time:22.758s step_avg:14.00ms
step:1627/3250 train_time:22.900s step_avg:14.07ms
step:1628/3250 train_time:23.052s step_avg:14.16ms
step:1629/3250 train_time:23.205s step_avg:14.24ms
step:1630/3250 train_time:23.358s step_avg:14.33ms
step:1631/3250 train_time:23.513s step_avg:14.42ms
step:1632/3250 train_time:23.667s step_avg:14.50ms
step:1633/3250 train_time:23.820s step_avg:14.59ms
step:1634/3250 train_time:23.975s step_avg:14.67ms
step:1635/3250 train_time:24.128s step_avg:14.76ms
step:1636/3250 train_time:24.283s step_avg:14.84ms
step:1637/3250 train_time:24.436s step_avg:14.93ms
step:1638/3250 train_time:24.590s step_avg:15.01ms
step:1639/3250 train_time:24.743s step_avg:15.10ms
step:1640/3250 train_time:24.898s step_avg:15.18ms
step:1641/3250 train_time:25.052s step_avg:15.27ms
step:1642/3250 train_time:25.205s step_avg:15.35ms
step:1643/3250 train_time:25.359s step_avg:15.43ms
step:1644/3250 train_time:25.514s step_avg:15.52ms
step:1645/3250 train_time:25.667s step_avg:15.60ms
step:1646/3250 train_time:25.821s step_avg:15.69ms
step:1647/3250 train_time:25.975s step_avg:15.77ms
step:1648/3250 train_time:26.129s step_avg:15.85ms
step:1649/3250 train_time:26.284s step_avg:15.94ms
step:1650/3250 train_time:26.438s step_avg:16.02ms
step:1651/3250 train_time:26.592s step_avg:16.11ms
step:1652/3250 train_time:26.746s step_avg:16.19ms
step:1653/3250 train_time:26.901s step_avg:16.27ms
step:1654/3250 train_time:27.054s step_avg:16.36ms
step:1655/3250 train_time:27.207s step_avg:16.44ms
step:1656/3250 train_time:27.363s step_avg:16.52ms
step:1657/3250 train_time:27.516s step_avg:16.61ms
step:1658/3250 train_time:27.670s step_avg:16.69ms
step:1659/3250 train_time:27.825s step_avg:16.77ms
step:1660/3250 train_time:27.981s step_avg:16.86ms
step:1661/3250 train_time:28.136s step_avg:16.94ms
step:1662/3250 train_time:28.290s step_avg:17.02ms
step:1663/3250 train_time:28.444s step_avg:17.10ms
step:1664/3250 train_time:28.598s step_avg:17.19ms
step:1665/3250 train_time:28.752s step_avg:17.27ms
step:1666/3250 train_time:28.905s step_avg:17.35ms
step:1667/3250 train_time:29.059s step_avg:17.43ms
step:1668/3250 train_time:29.214s step_avg:17.51ms
step:1669/3250 train_time:29.370s step_avg:17.60ms
step:1670/3250 train_time:29.523s step_avg:17.68ms
step:1671/3250 train_time:29.677s step_avg:17.76ms
step:1672/3250 train_time:29.831s step_avg:17.84ms
step:1673/3250 train_time:29.985s step_avg:17.92ms
step:1674/3250 train_time:30.139s step_avg:18.00ms
step:1675/3250 train_time:30.292s step_avg:18.08ms
step:1676/3250 train_time:30.445s step_avg:18.17ms
step:1677/3250 train_time:30.599s step_avg:18.25ms
step:1678/3250 train_time:30.753s step_avg:18.33ms
step:1679/3250 train_time:30.907s step_avg:18.41ms
step:1680/3250 train_time:31.063s step_avg:18.49ms
step:1681/3250 train_time:31.217s step_avg:18.57ms
step:1682/3250 train_time:31.373s step_avg:18.65ms
step:1683/3250 train_time:31.525s step_avg:18.73ms
step:1684/3250 train_time:31.682s step_avg:18.81ms
step:1685/3250 train_time:31.837s step_avg:18.89ms
step:1686/3250 train_time:31.992s step_avg:18.97ms
step:1687/3250 train_time:32.146s step_avg:19.05ms
step:1688/3250 train_time:32.299s step_avg:19.13ms
step:1689/3250 train_time:32.453s step_avg:19.21ms
step:1690/3250 train_time:32.607s step_avg:19.29ms
step:1691/3250 train_time:32.762s step_avg:19.37ms
step:1692/3250 train_time:32.917s step_avg:19.45ms
step:1693/3250 train_time:33.073s step_avg:19.54ms
step:1694/3250 train_time:33.226s step_avg:19.61ms
step:1695/3250 train_time:33.379s step_avg:19.69ms
step:1696/3250 train_time:33.535s step_avg:19.77ms
step:1697/3250 train_time:33.689s step_avg:19.85ms
step:1698/3250 train_time:33.843s step_avg:19.93ms
step:1699/3250 train_time:33.997s step_avg:20.01ms
step:1700/3250 train_time:34.152s step_avg:20.09ms
step:1701/3250 train_time:34.306s step_avg:20.17ms
step:1702/3250 train_time:34.458s step_avg:20.25ms
step:1703/3250 train_time:34.614s step_avg:20.33ms
step:1704/3250 train_time:34.767s step_avg:20.40ms
step:1705/3250 train_time:34.922s step_avg:20.48ms
step:1706/3250 train_time:35.076s step_avg:20.56ms
step:1707/3250 train_time:35.230s step_avg:20.64ms
step:1708/3250 train_time:35.385s step_avg:20.72ms
step:1709/3250 train_time:35.539s step_avg:20.80ms
step:1710/3250 train_time:35.694s step_avg:20.87ms
step:1711/3250 train_time:35.886s step_avg:20.97ms
step:1712/3250 train_time:36.040s step_avg:21.05ms
step:1713/3250 train_time:36.194s step_avg:21.13ms
step:1714/3250 train_time:36.348s step_avg:21.21ms
step:1715/3250 train_time:36.501s step_avg:21.28ms
step:1716/3250 train_time:36.655s step_avg:21.36ms
step:1717/3250 train_time:36.810s step_avg:21.44ms
step:1718/3250 train_time:36.964s step_avg:21.52ms
step:1719/3250 train_time:37.118s step_avg:21.59ms
step:1720/3250 train_time:37.274s step_avg:21.67ms
step:1721/3250 train_time:37.427s step_avg:21.75ms
step:1722/3250 train_time:37.582s step_avg:21.82ms
step:1723/3250 train_time:37.737s step_avg:21.90ms
step:1724/3250 train_time:37.892s step_avg:21.98ms
step:1725/3250 train_time:38.047s step_avg:22.06ms
step:1726/3250 train_time:38.201s step_avg:22.13ms
step:1727/3250 train_time:38.355s step_avg:22.21ms
step:1728/3250 train_time:38.509s step_avg:22.29ms
step:1729/3250 train_time:38.664s step_avg:22.36ms
step:1730/3250 train_time:38.818s step_avg:22.44ms
step:1731/3250 train_time:38.972s step_avg:22.51ms
step:1732/3250 train_time:39.125s step_avg:22.59ms
step:1733/3250 train_time:39.279s step_avg:22.67ms
step:1734/3250 train_time:39.434s step_avg:22.74ms
step:1735/3250 train_time:39.588s step_avg:22.82ms
step:1736/3250 train_time:39.743s step_avg:22.89ms
step:1737/3250 train_time:39.897s step_avg:22.97ms
step:1738/3250 train_time:40.051s step_avg:23.04ms
step:1739/3250 train_time:40.204s step_avg:23.12ms
step:1740/3250 train_time:40.358s step_avg:23.19ms
step:1741/3250 train_time:40.513s step_avg:23.27ms
step:1742/3250 train_time:40.666s step_avg:23.34ms
step:1743/3250 train_time:40.820s step_avg:23.42ms
step:1744/3250 train_time:40.975s step_avg:23.49ms
step:1745/3250 train_time:41.127s step_avg:23.57ms
step:1746/3250 train_time:41.282s step_avg:23.64ms
step:1747/3250 train_time:41.436s step_avg:23.72ms
step:1748/3250 train_time:41.591s step_avg:23.79ms
step:1749/3250 train_time:41.745s step_avg:23.87ms
step:1750/3250 train_time:41.898s step_avg:23.94ms
step:1750/3250 val_loss:3.55152 train_time:41.910s step_avg:159.13ms
step:1751/3250 train_time:42.641s step_avg:24.35ms
step:1752/3250 train_time:42.783s step_avg:24.42ms
step:1753/3250 train_time:42.937s step_avg:24.49ms
step:1754/3250 train_time:43.091s step_avg:24.57ms
step:1755/3250 train_time:43.244s step_avg:24.64ms
step:1756/3250 train_time:43.397s step_avg:24.71ms
step:1757/3250 train_time:43.551s step_avg:24.79ms
step:1758/3250 train_time:43.705s step_avg:24.86ms
step:1759/3250 train_time:43.858s step_avg:24.93ms
step:1760/3250 train_time:44.012s step_avg:25.01ms
step:1761/3250 train_time:44.167s step_avg:25.08ms
step:1762/3250 train_time:44.321s step_avg:25.15ms
step:1763/3250 train_time:44.475s step_avg:25.23ms
step:1764/3250 train_time:44.629s step_avg:25.30ms
step:1765/3250 train_time:44.782s step_avg:25.37ms
step:1766/3250 train_time:44.936s step_avg:25.45ms
step:1767/3250 train_time:45.092s step_avg:25.52ms
step:1768/3250 train_time:45.247s step_avg:25.59ms
step:1769/3250 train_time:45.402s step_avg:25.67ms
step:1770/3250 train_time:45.555s step_avg:25.74ms
step:1771/3250 train_time:45.708s step_avg:25.81ms
step:1772/3250 train_time:45.862s step_avg:25.88ms
step:1773/3250 train_time:46.016s step_avg:25.95ms
step:1774/3250 train_time:46.171s step_avg:26.03ms
step:1775/3250 train_time:46.325s step_avg:26.10ms
step:1776/3250 train_time:46.480s step_avg:26.17ms
step:1777/3250 train_time:46.633s step_avg:26.24ms
step:1778/3250 train_time:46.786s step_avg:26.31ms
step:1779/3250 train_time:46.942s step_avg:26.39ms
step:1780/3250 train_time:47.095s step_avg:26.46ms
step:1781/3250 train_time:47.248s step_avg:26.53ms
step:1782/3250 train_time:47.403s step_avg:26.60ms
step:1783/3250 train_time:47.556s step_avg:26.67ms
step:1784/3250 train_time:47.711s step_avg:26.74ms
step:1785/3250 train_time:47.866s step_avg:26.82ms
step:1786/3250 train_time:48.021s step_avg:26.89ms
step:1787/3250 train_time:48.176s step_avg:26.96ms
step:1788/3250 train_time:48.329s step_avg:27.03ms
step:1789/3250 train_time:48.484s step_avg:27.10ms
step:1790/3250 train_time:48.636s step_avg:27.17ms
step:1791/3250 train_time:48.792s step_avg:27.24ms
step:1792/3250 train_time:48.947s step_avg:27.31ms
step:1793/3250 train_time:49.101s step_avg:27.39ms
step:1794/3250 train_time:49.255s step_avg:27.46ms
step:1795/3250 train_time:49.409s step_avg:27.53ms
step:1796/3250 train_time:49.564s step_avg:27.60ms
step:1797/3250 train_time:49.718s step_avg:27.67ms
step:1798/3250 train_time:49.870s step_avg:27.74ms
step:1799/3250 train_time:50.024s step_avg:27.81ms
step:1800/3250 train_time:50.177s step_avg:27.88ms
step:1801/3250 train_time:50.332s step_avg:27.95ms
step:1802/3250 train_time:50.486s step_avg:28.02ms
step:1803/3250 train_time:50.640s step_avg:28.09ms
step:1804/3250 train_time:50.794s step_avg:28.16ms
step:1805/3250 train_time:50.948s step_avg:28.23ms
step:1806/3250 train_time:51.102s step_avg:28.30ms
step:1807/3250 train_time:51.256s step_avg:28.37ms
step:1808/3250 train_time:51.409s step_avg:28.43ms
step:1809/3250 train_time:51.563s step_avg:28.50ms
step:1810/3250 train_time:51.717s step_avg:28.57ms
step:1811/3250 train_time:51.872s step_avg:28.64ms
step:1812/3250 train_time:52.026s step_avg:28.71ms
step:1813/3250 train_time:52.179s step_avg:28.78ms
step:1814/3250 train_time:52.334s step_avg:28.85ms
step:1815/3250 train_time:52.488s step_avg:28.92ms
step:1816/3250 train_time:52.643s step_avg:28.99ms
step:1817/3250 train_time:52.796s step_avg:29.06ms
step:1818/3250 train_time:52.950s step_avg:29.13ms
step:1819/3250 train_time:53.104s step_avg:29.19ms
step:1820/3250 train_time:53.257s step_avg:29.26ms
step:1821/3250 train_time:53.410s step_avg:29.33ms
step:1822/3250 train_time:53.565s step_avg:29.40ms
step:1823/3250 train_time:53.719s step_avg:29.47ms
step:1824/3250 train_time:53.873s step_avg:29.54ms
step:1825/3250 train_time:54.027s step_avg:29.60ms
step:1826/3250 train_time:54.181s step_avg:29.67ms
step:1827/3250 train_time:54.334s step_avg:29.74ms
step:1828/3250 train_time:54.487s step_avg:29.81ms
step:1829/3250 train_time:54.643s step_avg:29.88ms
step:1830/3250 train_time:54.796s step_avg:29.94ms
step:1831/3250 train_time:54.950s step_avg:30.01ms
step:1832/3250 train_time:55.104s step_avg:30.08ms
step:1833/3250 train_time:55.258s step_avg:30.15ms
step:1834/3250 train_time:55.413s step_avg:30.21ms
step:1835/3250 train_time:55.566s step_avg:30.28ms
step:1836/3250 train_time:55.722s step_avg:30.35ms
step:1837/3250 train_time:55.875s step_avg:30.42ms
step:1838/3250 train_time:56.029s step_avg:30.48ms
step:1839/3250 train_time:56.183s step_avg:30.55ms
step:1840/3250 train_time:56.336s step_avg:30.62ms
step:1841/3250 train_time:56.489s step_avg:30.68ms
step:1842/3250 train_time:56.645s step_avg:30.75ms
step:1843/3250 train_time:56.800s step_avg:30.82ms
step:1844/3250 train_time:56.953s step_avg:30.89ms
step:1845/3250 train_time:57.108s step_avg:30.95ms
step:1846/3250 train_time:57.263s step_avg:31.02ms
step:1847/3250 train_time:57.417s step_avg:31.09ms
step:1848/3250 train_time:57.571s step_avg:31.15ms
step:1849/3250 train_time:57.725s step_avg:31.22ms
step:1850/3250 train_time:57.878s step_avg:31.29ms
step:1851/3250 train_time:58.032s step_avg:31.35ms
step:1852/3250 train_time:58.186s step_avg:31.42ms
step:1853/3250 train_time:58.342s step_avg:31.48ms
step:1854/3250 train_time:58.495s step_avg:31.55ms
step:1855/3250 train_time:58.648s step_avg:31.62ms
step:1856/3250 train_time:58.803s step_avg:31.68ms
step:1857/3250 train_time:58.956s step_avg:31.75ms
step:1858/3250 train_time:59.109s step_avg:31.81ms
step:1859/3250 train_time:59.263s step_avg:31.88ms
step:1860/3250 train_time:59.417s step_avg:31.94ms
step:1861/3250 train_time:59.572s step_avg:32.01ms
step:1862/3250 train_time:59.726s step_avg:32.08ms
step:1863/3250 train_time:59.880s step_avg:32.14ms
step:1864/3250 train_time:60.034s step_avg:32.21ms
step:1865/3250 train_time:60.189s step_avg:32.27ms
step:1866/3250 train_time:60.344s step_avg:32.34ms
step:1867/3250 train_time:60.497s step_avg:32.40ms
step:1868/3250 train_time:60.651s step_avg:32.47ms
step:1869/3250 train_time:60.806s step_avg:32.53ms
step:1870/3250 train_time:60.959s step_avg:32.60ms
step:1871/3250 train_time:61.115s step_avg:32.66ms
step:1872/3250 train_time:61.268s step_avg:32.73ms
step:1873/3250 train_time:61.422s step_avg:32.79ms
step:1874/3250 train_time:61.576s step_avg:32.86ms
step:1875/3250 train_time:61.730s step_avg:32.92ms
step:1875/3250 val_loss:3.54231 train_time:61.742s step_avg:158.65ms
step:1876/3250 train_time:62.480s step_avg:33.31ms
step:1877/3250 train_time:62.620s step_avg:33.36ms
step:1878/3250 train_time:62.775s step_avg:33.43ms
step:1879/3250 train_time:62.927s step_avg:33.49ms
step:1880/3250 train_time:63.081s step_avg:33.55ms
step:1881/3250 train_time:63.234s step_avg:33.62ms
step:1882/3250 train_time:63.387s step_avg:33.68ms
step:1883/3250 train_time:63.543s step_avg:33.75ms
step:1884/3250 train_time:63.697s step_avg:33.81ms
step:1885/3250 train_time:63.853s step_avg:33.87ms
step:1886/3250 train_time:64.007s step_avg:33.94ms
step:1887/3250 train_time:64.160s step_avg:34.00ms
step:1888/3250 train_time:64.313s step_avg:34.06ms
step:1889/3250 train_time:64.465s step_avg:34.13ms
step:1890/3250 train_time:64.619s step_avg:34.19ms
step:1891/3250 train_time:64.775s step_avg:34.25ms
step:1892/3250 train_time:64.930s step_avg:34.32ms
step:1893/3250 train_time:65.083s step_avg:34.38ms
step:1894/3250 train_time:65.238s step_avg:34.44ms
step:1895/3250 train_time:65.392s step_avg:34.51ms
step:1896/3250 train_time:65.545s step_avg:34.57ms
step:1897/3250 train_time:65.700s step_avg:34.63ms
step:1898/3250 train_time:65.854s step_avg:34.70ms
step:1899/3250 train_time:66.008s step_avg:34.76ms
step:1900/3250 train_time:66.162s step_avg:34.82ms
step:1901/3250 train_time:66.351s step_avg:34.90ms
step:1902/3250 train_time:66.505s step_avg:34.97ms
step:1903/3250 train_time:66.658s step_avg:35.03ms
step:1904/3250 train_time:66.812s step_avg:35.09ms
step:1905/3250 train_time:66.966s step_avg:35.15ms
step:1906/3250 train_time:67.120s step_avg:35.22ms
step:1907/3250 train_time:67.275s step_avg:35.28ms
step:1908/3250 train_time:67.431s step_avg:35.34ms
step:1909/3250 train_time:67.583s step_avg:35.40ms
step:1910/3250 train_time:67.736s step_avg:35.46ms
step:1911/3250 train_time:67.891s step_avg:35.53ms
step:1912/3250 train_time:68.046s step_avg:35.59ms
step:1913/3250 train_time:68.201s step_avg:35.65ms
step:1914/3250 train_time:68.355s step_avg:35.71ms
step:1915/3250 train_time:68.509s step_avg:35.77ms
step:1916/3250 train_time:68.662s step_avg:35.84ms
step:1917/3250 train_time:68.815s step_avg:35.90ms
step:1918/3250 train_time:68.969s step_avg:35.96ms
step:1919/3250 train_time:69.123s step_avg:36.02ms
step:1920/3250 train_time:69.278s step_avg:36.08ms
step:1921/3250 train_time:69.433s step_avg:36.14ms
step:1922/3250 train_time:69.586s step_avg:36.21ms
step:1923/3250 train_time:69.741s step_avg:36.27ms
step:1924/3250 train_time:69.896s step_avg:36.33ms
step:1925/3250 train_time:70.051s step_avg:36.39ms
step:1926/3250 train_time:70.204s step_avg:36.45ms
step:1927/3250 train_time:70.358s step_avg:36.51ms
step:1928/3250 train_time:70.512s step_avg:36.57ms
step:1929/3250 train_time:70.667s step_avg:36.63ms
step:1930/3250 train_time:70.822s step_avg:36.70ms
step:1931/3250 train_time:70.976s step_avg:36.76ms
step:1932/3250 train_time:71.132s step_avg:36.82ms
step:1933/3250 train_time:71.284s step_avg:36.88ms
step:1934/3250 train_time:71.438s step_avg:36.94ms
step:1935/3250 train_time:71.592s step_avg:37.00ms
step:1936/3250 train_time:71.745s step_avg:37.06ms
step:1937/3250 train_time:71.900s step_avg:37.12ms
step:1938/3250 train_time:72.054s step_avg:37.18ms
step:1939/3250 train_time:72.208s step_avg:37.24ms
step:1940/3250 train_time:72.361s step_avg:37.30ms
step:1941/3250 train_time:72.515s step_avg:37.36ms
step:1942/3250 train_time:72.670s step_avg:37.42ms
step:1943/3250 train_time:72.824s step_avg:37.48ms
step:1944/3250 train_time:72.978s step_avg:37.54ms
step:1945/3250 train_time:73.133s step_avg:37.60ms
step:1946/3250 train_time:73.285s step_avg:37.66ms
step:1947/3250 train_time:73.440s step_avg:37.72ms
step:1948/3250 train_time:73.594s step_avg:37.78ms
step:1949/3250 train_time:73.748s step_avg:37.84ms
step:1950/3250 train_time:73.903s step_avg:37.90ms
step:1951/3250 train_time:74.057s step_avg:37.96ms
step:1952/3250 train_time:74.212s step_avg:38.02ms
step:1953/3250 train_time:74.366s step_avg:38.08ms
step:1954/3250 train_time:74.521s step_avg:38.14ms
step:1955/3250 train_time:74.675s step_avg:38.20ms
step:1956/3250 train_time:74.830s step_avg:38.26ms
step:1957/3250 train_time:74.983s step_avg:38.32ms
step:1958/3250 train_time:75.138s step_avg:38.37ms
step:1959/3250 train_time:75.292s step_avg:38.43ms
step:1960/3250 train_time:75.445s step_avg:38.49ms
step:1961/3250 train_time:75.599s step_avg:38.55ms
step:1962/3250 train_time:75.754s step_avg:38.61ms
step:1963/3250 train_time:75.908s step_avg:38.67ms
step:1964/3250 train_time:76.062s step_avg:38.73ms
step:1965/3250 train_time:76.215s step_avg:38.79ms
step:1966/3250 train_time:76.370s step_avg:38.85ms
step:1967/3250 train_time:76.523s step_avg:38.90ms
step:1968/3250 train_time:76.677s step_avg:38.96ms
step:1969/3250 train_time:76.832s step_avg:39.02ms
step:1970/3250 train_time:76.984s step_avg:39.08ms
step:1971/3250 train_time:77.138s step_avg:39.14ms
step:1972/3250 train_time:77.292s step_avg:39.19ms
step:1973/3250 train_time:77.447s step_avg:39.25ms
step:1974/3250 train_time:77.602s step_avg:39.31ms
step:1975/3250 train_time:77.756s step_avg:39.37ms
step:1976/3250 train_time:77.910s step_avg:39.43ms
step:1977/3250 train_time:78.063s step_avg:39.49ms
step:1978/3250 train_time:78.216s step_avg:39.54ms
step:1979/3250 train_time:78.371s step_avg:39.60ms
step:1980/3250 train_time:78.524s step_avg:39.66ms
step:1981/3250 train_time:78.677s step_avg:39.72ms
step:1982/3250 train_time:78.833s step_avg:39.77ms
step:1983/3250 train_time:78.986s step_avg:39.83ms
step:1984/3250 train_time:79.141s step_avg:39.89ms
step:1985/3250 train_time:79.295s step_avg:39.95ms
step:1986/3250 train_time:79.449s step_avg:40.00ms
step:1987/3250 train_time:79.603s step_avg:40.06ms
step:1988/3250 train_time:79.757s step_avg:40.12ms
step:1989/3250 train_time:79.911s step_avg:40.18ms
step:1990/3250 train_time:80.065s step_avg:40.23ms
step:1991/3250 train_time:80.220s step_avg:40.29ms
step:1992/3250 train_time:80.376s step_avg:40.35ms
step:1993/3250 train_time:80.530s step_avg:40.41ms
step:1994/3250 train_time:80.684s step_avg:40.46ms
step:1995/3250 train_time:80.837s step_avg:40.52ms
step:1996/3250 train_time:80.991s step_avg:40.58ms
step:1997/3250 train_time:81.145s step_avg:40.63ms
step:1998/3250 train_time:81.299s step_avg:40.69ms
step:1999/3250 train_time:81.454s step_avg:40.75ms
step:2000/3250 train_time:81.607s step_avg:40.80ms
step:2000/3250 val_loss:3.53194 train_time:81.619s step_avg:159.02ms
step:2001/3250 train_time:82.340s step_avg:41.15ms
step:2002/3250 train_time:82.479s step_avg:41.20ms
step:2003/3250 train_time:82.634s step_avg:41.25ms
step:2004/3250 train_time:82.788s step_avg:41.31ms
step:2005/3250 train_time:82.942s step_avg:41.37ms
step:2006/3250 train_time:83.095s step_avg:41.42ms
step:2007/3250 train_time:83.248s step_avg:41.48ms
step:2008/3250 train_time:83.405s step_avg:41.54ms
step:2009/3250 train_time:83.558s step_avg:41.59ms
step:2010/3250 train_time:83.712s step_avg:41.65ms
step:2011/3250 train_time:83.868s step_avg:41.70ms
step:2012/3250 train_time:84.023s step_avg:41.76ms
step:2013/3250 train_time:84.176s step_avg:41.82ms
step:2014/3250 train_time:84.331s step_avg:41.87ms
step:2015/3250 train_time:84.486s step_avg:41.93ms
step:2016/3250 train_time:84.640s step_avg:41.98ms
step:2017/3250 train_time:84.794s step_avg:42.04ms
step:2018/3250 train_time:84.948s step_avg:42.10ms
step:2019/3250 train_time:85.103s step_avg:42.15ms
step:2020/3250 train_time:85.256s step_avg:42.21ms
step:2021/3250 train_time:85.411s step_avg:42.26ms
step:2022/3250 train_time:85.565s step_avg:42.32ms
step:2023/3250 train_time:85.719s step_avg:42.37ms
step:2024/3250 train_time:85.873s step_avg:42.43ms
step:2025/3250 train_time:86.027s step_avg:42.48ms
step:2026/3250 train_time:86.182s step_avg:42.54ms
step:2027/3250 train_time:86.335s step_avg:42.59ms
step:2028/3250 train_time:86.489s step_avg:42.65ms
step:2029/3250 train_time:86.643s step_avg:42.70ms
step:2030/3250 train_time:86.797s step_avg:42.76ms
step:2031/3250 train_time:86.952s step_avg:42.81ms
step:2032/3250 train_time:87.107s step_avg:42.87ms
step:2033/3250 train_time:87.261s step_avg:42.92ms
step:2034/3250 train_time:87.414s step_avg:42.98ms
step:2035/3250 train_time:87.568s step_avg:43.03ms
step:2036/3250 train_time:87.722s step_avg:43.09ms
step:2037/3250 train_time:87.876s step_avg:43.14ms
step:2038/3250 train_time:88.031s step_avg:43.19ms
step:2039/3250 train_time:88.186s step_avg:43.25ms
step:2040/3250 train_time:88.339s step_avg:43.30ms
step:2041/3250 train_time:88.493s step_avg:43.36ms
step:2042/3250 train_time:88.647s step_avg:43.41ms
step:2043/3250 train_time:88.802s step_avg:43.47ms
step:2044/3250 train_time:88.956s step_avg:43.52ms
step:2045/3250 train_time:89.110s step_avg:43.57ms
step:2046/3250 train_time:89.264s step_avg:43.63ms
step:2047/3250 train_time:89.417s step_avg:43.68ms
step:2048/3250 train_time:89.572s step_avg:43.74ms
step:2049/3250 train_time:89.728s step_avg:43.79ms
step:2050/3250 train_time:89.881s step_avg:43.84ms
step:2051/3250 train_time:90.036s step_avg:43.90ms
step:2052/3250 train_time:90.190s step_avg:43.95ms
step:2053/3250 train_time:90.344s step_avg:44.01ms
step:2054/3250 train_time:90.499s step_avg:44.06ms
step:2055/3250 train_time:90.654s step_avg:44.11ms
step:2056/3250 train_time:90.808s step_avg:44.17ms
step:2057/3250 train_time:90.962s step_avg:44.22ms
step:2058/3250 train_time:91.115s step_avg:44.27ms
step:2059/3250 train_time:91.269s step_avg:44.33ms
step:2060/3250 train_time:91.424s step_avg:44.38ms
step:2061/3250 train_time:91.577s step_avg:44.43ms
step:2062/3250 train_time:91.733s step_avg:44.49ms
step:2063/3250 train_time:91.887s step_avg:44.54ms
step:2064/3250 train_time:92.042s step_avg:44.59ms
step:2065/3250 train_time:92.195s step_avg:44.65ms
step:2066/3250 train_time:92.349s step_avg:44.70ms
step:2067/3250 train_time:92.505s step_avg:44.75ms
step:2068/3250 train_time:92.659s step_avg:44.81ms
step:2069/3250 train_time:92.813s step_avg:44.86ms
step:2070/3250 train_time:92.968s step_avg:44.91ms
step:2071/3250 train_time:93.122s step_avg:44.96ms
step:2072/3250 train_time:93.276s step_avg:45.02ms
step:2073/3250 train_time:93.429s step_avg:45.07ms
step:2074/3250 train_time:93.585s step_avg:45.12ms
step:2075/3250 train_time:93.739s step_avg:45.18ms
step:2076/3250 train_time:93.893s step_avg:45.23ms
step:2077/3250 train_time:94.047s step_avg:45.28ms
step:2078/3250 train_time:94.202s step_avg:45.33ms
step:2079/3250 train_time:94.356s step_avg:45.39ms
step:2080/3250 train_time:94.510s step_avg:45.44ms
step:2081/3250 train_time:94.665s step_avg:45.49ms
step:2082/3250 train_time:94.820s step_avg:45.54ms
step:2083/3250 train_time:94.974s step_avg:45.59ms
step:2084/3250 train_time:95.128s step_avg:45.65ms
step:2085/3250 train_time:95.283s step_avg:45.70ms
step:2086/3250 train_time:95.437s step_avg:45.75ms
step:2087/3250 train_time:95.590s step_avg:45.80ms
step:2088/3250 train_time:95.744s step_avg:45.85ms
step:2089/3250 train_time:95.898s step_avg:45.91ms
step:2090/3250 train_time:96.053s step_avg:45.96ms
step:2091/3250 train_time:96.244s step_avg:46.03ms
step:2092/3250 train_time:96.397s step_avg:46.08ms
step:2093/3250 train_time:96.551s step_avg:46.13ms
step:2094/3250 train_time:96.706s step_avg:46.18ms
step:2095/3250 train_time:96.859s step_avg:46.23ms
step:2096/3250 train_time:97.013s step_avg:46.28ms
step:2097/3250 train_time:97.168s step_avg:46.34ms
step:2098/3250 train_time:97.322s step_avg:46.39ms
step:2099/3250 train_time:97.476s step_avg:46.44ms
step:2100/3250 train_time:97.629s step_avg:46.49ms
step:2101/3250 train_time:97.784s step_avg:46.54ms
step:2102/3250 train_time:97.938s step_avg:46.59ms
step:2103/3250 train_time:98.092s step_avg:46.64ms
step:2104/3250 train_time:98.245s step_avg:46.69ms
step:2105/3250 train_time:98.399s step_avg:46.75ms
step:2106/3250 train_time:98.554s step_avg:46.80ms
step:2107/3250 train_time:98.708s step_avg:46.85ms
step:2108/3250 train_time:98.863s step_avg:46.90ms
step:2109/3250 train_time:99.016s step_avg:46.95ms
step:2110/3250 train_time:99.170s step_avg:47.00ms
step:2111/3250 train_time:99.324s step_avg:47.05ms
step:2112/3250 train_time:99.477s step_avg:47.10ms
step:2113/3250 train_time:99.631s step_avg:47.15ms
step:2114/3250 train_time:99.787s step_avg:47.20ms
step:2115/3250 train_time:99.941s step_avg:47.25ms
step:2116/3250 train_time:100.095s step_avg:47.30ms
step:2117/3250 train_time:100.249s step_avg:47.35ms
step:2118/3250 train_time:100.404s step_avg:47.41ms
step:2119/3250 train_time:100.557s step_avg:47.46ms
step:2120/3250 train_time:100.712s step_avg:47.51ms
step:2121/3250 train_time:100.867s step_avg:47.56ms
step:2122/3250 train_time:101.020s step_avg:47.61ms
step:2123/3250 train_time:101.175s step_avg:47.66ms
step:2124/3250 train_time:101.331s step_avg:47.71ms
step:2125/3250 train_time:101.486s step_avg:47.76ms
step:2125/3250 val_loss:3.52700 train_time:101.497s step_avg:159.03ms
step:2126/3250 train_time:102.220s step_avg:48.08ms
step:2127/3250 train_time:102.359s step_avg:48.12ms
step:2128/3250 train_time:102.513s step_avg:48.17ms
step:2129/3250 train_time:102.666s step_avg:48.22ms
step:2130/3250 train_time:102.819s step_avg:48.27ms
step:2131/3250 train_time:102.974s step_avg:48.32ms
step:2132/3250 train_time:103.128s step_avg:48.37ms
step:2133/3250 train_time:103.283s step_avg:48.42ms
step:2134/3250 train_time:103.437s step_avg:48.47ms
step:2135/3250 train_time:103.592s step_avg:48.52ms
step:2136/3250 train_time:103.745s step_avg:48.57ms
step:2137/3250 train_time:103.899s step_avg:48.62ms
step:2138/3250 train_time:104.053s step_avg:48.67ms
step:2139/3250 train_time:104.206s step_avg:48.72ms
step:2140/3250 train_time:104.359s step_avg:48.77ms
step:2141/3250 train_time:104.515s step_avg:48.82ms
step:2142/3250 train_time:104.669s step_avg:48.86ms
step:2143/3250 train_time:104.822s step_avg:48.91ms
step:2144/3250 train_time:104.975s step_avg:48.96ms
step:2145/3250 train_time:105.129s step_avg:49.01ms
step:2146/3250 train_time:105.284s step_avg:49.06ms
step:2147/3250 train_time:105.438s step_avg:49.11ms
step:2148/3250 train_time:105.593s step_avg:49.16ms
step:2149/3250 train_time:105.746s step_avg:49.21ms
step:2150/3250 train_time:105.899s step_avg:49.26ms
step:2151/3250 train_time:106.054s step_avg:49.30ms
step:2152/3250 train_time:106.207s step_avg:49.35ms
step:2153/3250 train_time:106.361s step_avg:49.40ms
step:2154/3250 train_time:106.516s step_avg:49.45ms
step:2155/3250 train_time:106.670s step_avg:49.50ms
step:2156/3250 train_time:106.824s step_avg:49.55ms
step:2157/3250 train_time:106.977s step_avg:49.60ms
step:2158/3250 train_time:107.133s step_avg:49.64ms
step:2159/3250 train_time:107.286s step_avg:49.69ms
step:2160/3250 train_time:107.440s step_avg:49.74ms
step:2161/3250 train_time:107.595s step_avg:49.79ms
step:2162/3250 train_time:107.749s step_avg:49.84ms
step:2163/3250 train_time:107.904s step_avg:49.89ms
step:2164/3250 train_time:108.058s step_avg:49.93ms
step:2165/3250 train_time:108.214s step_avg:49.98ms
step:2166/3250 train_time:108.367s step_avg:50.03ms
step:2167/3250 train_time:108.521s step_avg:50.08ms
step:2168/3250 train_time:108.675s step_avg:50.13ms
step:2169/3250 train_time:108.829s step_avg:50.17ms
step:2170/3250 train_time:108.983s step_avg:50.22ms
step:2171/3250 train_time:109.137s step_avg:50.27ms
step:2172/3250 train_time:109.293s step_avg:50.32ms
step:2173/3250 train_time:109.446s step_avg:50.37ms
step:2174/3250 train_time:109.599s step_avg:50.41ms
step:2175/3250 train_time:109.753s step_avg:50.46ms
step:2176/3250 train_time:109.907s step_avg:50.51ms
step:2177/3250 train_time:110.061s step_avg:50.56ms
step:2178/3250 train_time:110.217s step_avg:50.60ms
step:2179/3250 train_time:110.371s step_avg:50.65ms
step:2180/3250 train_time:110.524s step_avg:50.70ms
step:2181/3250 train_time:110.678s step_avg:50.75ms
step:2182/3250 train_time:110.834s step_avg:50.79ms
step:2183/3250 train_time:110.987s step_avg:50.84ms
step:2184/3250 train_time:111.141s step_avg:50.89ms
step:2185/3250 train_time:111.296s step_avg:50.94ms
step:2186/3250 train_time:111.449s step_avg:50.98ms
step:2187/3250 train_time:111.604s step_avg:51.03ms
step:2188/3250 train_time:111.759s step_avg:51.08ms
step:2189/3250 train_time:111.914s step_avg:51.13ms
step:2190/3250 train_time:112.067s step_avg:51.17ms
step:2191/3250 train_time:112.221s step_avg:51.22ms
step:2192/3250 train_time:112.375s step_avg:51.27ms
step:2193/3250 train_time:112.529s step_avg:51.31ms
step:2194/3250 train_time:112.682s step_avg:51.36ms
step:2195/3250 train_time:112.837s step_avg:51.41ms
step:2196/3250 train_time:112.992s step_avg:51.45ms
step:2197/3250 train_time:113.145s step_avg:51.50ms
step:2198/3250 train_time:113.299s step_avg:51.55ms
step:2199/3250 train_time:113.453s step_avg:51.59ms
step:2200/3250 train_time:113.606s step_avg:51.64ms
step:2201/3250 train_time:113.760s step_avg:51.69ms
step:2202/3250 train_time:113.916s step_avg:51.73ms
step:2203/3250 train_time:114.071s step_avg:51.78ms
step:2204/3250 train_time:114.225s step_avg:51.83ms
step:2205/3250 train_time:114.380s step_avg:51.87ms
step:2206/3250 train_time:114.535s step_avg:51.92ms
step:2207/3250 train_time:114.690s step_avg:51.97ms
step:2208/3250 train_time:114.844s step_avg:52.01ms
step:2209/3250 train_time:114.998s step_avg:52.06ms
step:2210/3250 train_time:115.153s step_avg:52.11ms
step:2211/3250 train_time:115.306s step_avg:52.15ms
step:2212/3250 train_time:115.460s step_avg:52.20ms
step:2213/3250 train_time:115.616s step_avg:52.24ms
step:2214/3250 train_time:115.769s step_avg:52.29ms
step:2215/3250 train_time:115.923s step_avg:52.34ms
step:2216/3250 train_time:116.078s step_avg:52.38ms
step:2217/3250 train_time:116.231s step_avg:52.43ms
step:2218/3250 train_time:116.385s step_avg:52.47ms
step:2219/3250 train_time:116.538s step_avg:52.52ms
step:2220/3250 train_time:116.693s step_avg:52.56ms
step:2221/3250 train_time:116.845s step_avg:52.61ms
step:2222/3250 train_time:117.000s step_avg:52.66ms
step:2223/3250 train_time:117.153s step_avg:52.70ms
step:2224/3250 train_time:117.307s step_avg:52.75ms
step:2225/3250 train_time:117.462s step_avg:52.79ms
step:2226/3250 train_time:117.617s step_avg:52.84ms
step:2227/3250 train_time:117.771s step_avg:52.88ms
step:2228/3250 train_time:117.925s step_avg:52.93ms
step:2229/3250 train_time:118.080s step_avg:52.97ms
step:2230/3250 train_time:118.235s step_avg:53.02ms
step:2231/3250 train_time:118.389s step_avg:53.07ms
step:2232/3250 train_time:118.544s step_avg:53.11ms
step:2233/3250 train_time:118.697s step_avg:53.16ms
step:2234/3250 train_time:118.851s step_avg:53.20ms
step:2235/3250 train_time:119.006s step_avg:53.25ms
step:2236/3250 train_time:119.161s step_avg:53.29ms
step:2237/3250 train_time:119.317s step_avg:53.34ms
step:2238/3250 train_time:119.470s step_avg:53.38ms
step:2239/3250 train_time:119.624s step_avg:53.43ms
step:2240/3250 train_time:119.778s step_avg:53.47ms
step:2241/3250 train_time:119.933s step_avg:53.52ms
step:2242/3250 train_time:120.088s step_avg:53.56ms
step:2243/3250 train_time:120.242s step_avg:53.61ms
step:2244/3250 train_time:120.396s step_avg:53.65ms
step:2245/3250 train_time:120.549s step_avg:53.70ms
step:2246/3250 train_time:120.706s step_avg:53.74ms
step:2247/3250 train_time:120.860s step_avg:53.79ms
step:2248/3250 train_time:121.015s step_avg:53.83ms
step:2249/3250 train_time:121.168s step_avg:53.88ms
step:2250/3250 train_time:121.322s step_avg:53.92ms
step:2250/3250 val_loss:3.51938 train_time:121.334s step_avg:158.69ms
step:2251/3250 train_time:122.050s step_avg:54.22ms
step:2252/3250 train_time:122.193s step_avg:54.26ms
step:2253/3250 train_time:122.347s step_avg:54.30ms
step:2254/3250 train_time:122.500s step_avg:54.35ms
step:2255/3250 train_time:122.654s step_avg:54.39ms
step:2256/3250 train_time:122.807s step_avg:54.44ms
step:2257/3250 train_time:122.963s step_avg:54.48ms
step:2258/3250 train_time:123.117s step_avg:54.52ms
step:2259/3250 train_time:123.270s step_avg:54.57ms
step:2260/3250 train_time:123.425s step_avg:54.61ms
step:2261/3250 train_time:123.578s step_avg:54.66ms
step:2262/3250 train_time:123.732s step_avg:54.70ms
step:2263/3250 train_time:123.887s step_avg:54.74ms
step:2264/3250 train_time:124.041s step_avg:54.79ms
step:2265/3250 train_time:124.195s step_avg:54.83ms
step:2266/3250 train_time:124.350s step_avg:54.88ms
step:2267/3250 train_time:124.504s step_avg:54.92ms
step:2268/3250 train_time:124.659s step_avg:54.96ms
step:2269/3250 train_time:124.811s step_avg:55.01ms
step:2270/3250 train_time:124.966s step_avg:55.05ms
step:2271/3250 train_time:125.119s step_avg:55.09ms
step:2272/3250 train_time:125.273s step_avg:55.14ms
step:2273/3250 train_time:125.427s step_avg:55.18ms
step:2274/3250 train_time:125.581s step_avg:55.22ms
step:2275/3250 train_time:125.736s step_avg:55.27ms
step:2276/3250 train_time:125.890s step_avg:55.31ms
step:2277/3250 train_time:126.045s step_avg:55.36ms
step:2278/3250 train_time:126.198s step_avg:55.40ms
step:2279/3250 train_time:126.351s step_avg:55.44ms
step:2280/3250 train_time:126.505s step_avg:55.48ms
step:2281/3250 train_time:126.694s step_avg:55.54ms
step:2282/3250 train_time:126.847s step_avg:55.59ms
step:2283/3250 train_time:127.001s step_avg:55.63ms
step:2284/3250 train_time:127.154s step_avg:55.67ms
step:2285/3250 train_time:127.308s step_avg:55.71ms
step:2286/3250 train_time:127.463s step_avg:55.76ms
step:2287/3250 train_time:127.617s step_avg:55.80ms
step:2288/3250 train_time:127.770s step_avg:55.84ms
step:2289/3250 train_time:127.925s step_avg:55.89ms
step:2290/3250 train_time:128.077s step_avg:55.93ms
step:2291/3250 train_time:128.232s step_avg:55.97ms
step:2292/3250 train_time:128.386s step_avg:56.01ms
step:2293/3250 train_time:128.540s step_avg:56.06ms
step:2294/3250 train_time:128.694s step_avg:56.10ms
step:2295/3250 train_time:128.848s step_avg:56.14ms
step:2296/3250 train_time:129.002s step_avg:56.19ms
step:2297/3250 train_time:129.156s step_avg:56.23ms
step:2298/3250 train_time:129.311s step_avg:56.27ms
step:2299/3250 train_time:129.466s step_avg:56.31ms
step:2300/3250 train_time:129.619s step_avg:56.36ms
step:2301/3250 train_time:129.772s step_avg:56.40ms
step:2302/3250 train_time:129.927s step_avg:56.44ms
step:2303/3250 train_time:130.082s step_avg:56.48ms
step:2304/3250 train_time:130.237s step_avg:56.53ms
step:2305/3250 train_time:130.392s step_avg:56.57ms
step:2306/3250 train_time:130.547s step_avg:56.61ms
step:2307/3250 train_time:130.702s step_avg:56.65ms
step:2308/3250 train_time:130.854s step_avg:56.70ms
step:2309/3250 train_time:131.008s step_avg:56.74ms
step:2310/3250 train_time:131.164s step_avg:56.78ms
step:2311/3250 train_time:131.318s step_avg:56.82ms
step:2312/3250 train_time:131.473s step_avg:56.87ms
step:2313/3250 train_time:131.627s step_avg:56.91ms
step:2314/3250 train_time:131.781s step_avg:56.95ms
step:2315/3250 train_time:131.934s step_avg:56.99ms
step:2316/3250 train_time:132.088s step_avg:57.03ms
step:2317/3250 train_time:132.243s step_avg:57.08ms
step:2318/3250 train_time:132.397s step_avg:57.12ms
step:2319/3250 train_time:132.550s step_avg:57.16ms
step:2320/3250 train_time:132.704s step_avg:57.20ms
step:2321/3250 train_time:132.858s step_avg:57.24ms
step:2322/3250 train_time:133.013s step_avg:57.28ms
step:2323/3250 train_time:133.167s step_avg:57.33ms
step:2324/3250 train_time:133.322s step_avg:57.37ms
step:2325/3250 train_time:133.475s step_avg:57.41ms
step:2326/3250 train_time:133.629s step_avg:57.45ms
step:2327/3250 train_time:133.783s step_avg:57.49ms
step:2328/3250 train_time:133.938s step_avg:57.53ms
step:2329/3250 train_time:134.093s step_avg:57.58ms
step:2330/3250 train_time:134.247s step_avg:57.62ms
step:2331/3250 train_time:134.401s step_avg:57.66ms
step:2332/3250 train_time:134.556s step_avg:57.70ms
step:2333/3250 train_time:134.712s step_avg:57.74ms
step:2334/3250 train_time:134.866s step_avg:57.78ms
step:2335/3250 train_time:135.021s step_avg:57.82ms
step:2336/3250 train_time:135.174s step_avg:57.87ms
step:2337/3250 train_time:135.327s step_avg:57.91ms
step:2338/3250 train_time:135.481s step_avg:57.95ms
step:2339/3250 train_time:135.635s step_avg:57.99ms
step:2340/3250 train_time:135.788s step_avg:58.03ms
step:2341/3250 train_time:135.944s step_avg:58.07ms
step:2342/3250 train_time:136.098s step_avg:58.11ms
step:2343/3250 train_time:136.251s step_avg:58.15ms
step:2344/3250 train_time:136.405s step_avg:58.19ms
step:2345/3250 train_time:136.559s step_avg:58.23ms
step:2346/3250 train_time:136.715s step_avg:58.28ms
step:2347/3250 train_time:136.869s step_avg:58.32ms
step:2348/3250 train_time:137.024s step_avg:58.36ms
step:2349/3250 train_time:137.176s step_avg:58.40ms
step:2350/3250 train_time:137.329s step_avg:58.44ms
step:2351/3250 train_time:137.483s step_avg:58.48ms
step:2352/3250 train_time:137.637s step_avg:58.52ms
step:2353/3250 train_time:137.791s step_avg:58.56ms
step:2354/3250 train_time:137.946s step_avg:58.60ms
step:2355/3250 train_time:138.102s step_avg:58.64ms
step:2356/3250 train_time:138.256s step_avg:58.68ms
step:2357/3250 train_time:138.410s step_avg:58.72ms
step:2358/3250 train_time:138.564s step_avg:58.76ms
step:2359/3250 train_time:138.717s step_avg:58.80ms
step:2360/3250 train_time:138.871s step_avg:58.84ms
step:2361/3250 train_time:139.027s step_avg:58.88ms
step:2362/3250 train_time:139.181s step_avg:58.93ms
step:2363/3250 train_time:139.335s step_avg:58.97ms
step:2364/3250 train_time:139.489s step_avg:59.01ms
step:2365/3250 train_time:139.644s step_avg:59.05ms
step:2366/3250 train_time:139.798s step_avg:59.09ms
step:2367/3250 train_time:139.952s step_avg:59.13ms
step:2368/3250 train_time:140.106s step_avg:59.17ms
step:2369/3250 train_time:140.260s step_avg:59.21ms
step:2370/3250 train_time:140.414s step_avg:59.25ms
step:2371/3250 train_time:140.568s step_avg:59.29ms
step:2372/3250 train_time:140.723s step_avg:59.33ms
step:2373/3250 train_time:140.876s step_avg:59.37ms
step:2374/3250 train_time:141.030s step_avg:59.41ms
step:2375/3250 train_time:141.186s step_avg:59.45ms
step:2375/3250 val_loss:3.51667 train_time:141.197s step_avg:158.91ms
step:2376/3250 train_time:141.934s step_avg:59.74ms
step:2377/3250 train_time:142.075s step_avg:59.77ms
step:2378/3250 train_time:142.227s step_avg:59.81ms
step:2379/3250 train_time:142.380s step_avg:59.85ms
step:2380/3250 train_time:142.533s step_avg:59.89ms
step:2381/3250 train_time:142.687s step_avg:59.93ms
step:2382/3250 train_time:142.842s step_avg:59.97ms
step:2383/3250 train_time:142.998s step_avg:60.01ms
step:2384/3250 train_time:143.153s step_avg:60.05ms
step:2385/3250 train_time:143.305s step_avg:60.09ms
step:2386/3250 train_time:143.459s step_avg:60.13ms
step:2387/3250 train_time:143.613s step_avg:60.16ms
step:2388/3250 train_time:143.766s step_avg:60.20ms
step:2389/3250 train_time:143.920s step_avg:60.24ms
step:2390/3250 train_time:144.075s step_avg:60.28ms
step:2391/3250 train_time:144.228s step_avg:60.32ms
step:2392/3250 train_time:144.382s step_avg:60.36ms
step:2393/3250 train_time:144.536s step_avg:60.40ms
step:2394/3250 train_time:144.691s step_avg:60.44ms
step:2395/3250 train_time:144.845s step_avg:60.48ms
step:2396/3250 train_time:144.998s step_avg:60.52ms
step:2397/3250 train_time:145.154s step_avg:60.56ms
step:2398/3250 train_time:145.306s step_avg:60.59ms
step:2399/3250 train_time:145.459s step_avg:60.63ms
step:2400/3250 train_time:145.613s step_avg:60.67ms
step:2401/3250 train_time:145.767s step_avg:60.71ms
step:2402/3250 train_time:145.923s step_avg:60.75ms
step:2403/3250 train_time:146.079s step_avg:60.79ms
step:2404/3250 train_time:146.234s step_avg:60.83ms
step:2405/3250 train_time:146.389s step_avg:60.87ms
step:2406/3250 train_time:146.543s step_avg:60.91ms
step:2407/3250 train_time:146.696s step_avg:60.95ms
step:2408/3250 train_time:146.850s step_avg:60.98ms
step:2409/3250 train_time:147.003s step_avg:61.02ms
step:2410/3250 train_time:147.157s step_avg:61.06ms
step:2411/3250 train_time:147.312s step_avg:61.10ms
step:2412/3250 train_time:147.467s step_avg:61.14ms
step:2413/3250 train_time:147.620s step_avg:61.18ms
step:2414/3250 train_time:147.776s step_avg:61.22ms
step:2415/3250 train_time:147.931s step_avg:61.25ms
step:2416/3250 train_time:148.084s step_avg:61.29ms
step:2417/3250 train_time:148.238s step_avg:61.33ms
step:2418/3250 train_time:148.395s step_avg:61.37ms
step:2419/3250 train_time:148.548s step_avg:61.41ms
step:2420/3250 train_time:148.702s step_avg:61.45ms
step:2421/3250 train_time:148.857s step_avg:61.49ms
step:2422/3250 train_time:149.011s step_avg:61.52ms
step:2423/3250 train_time:149.165s step_avg:61.56ms
step:2424/3250 train_time:149.319s step_avg:61.60ms
step:2425/3250 train_time:149.475s step_avg:61.64ms
step:2426/3250 train_time:149.628s step_avg:61.68ms
step:2427/3250 train_time:149.782s step_avg:61.71ms
step:2428/3250 train_time:149.936s step_avg:61.75ms
step:2429/3250 train_time:150.091s step_avg:61.79ms
step:2430/3250 train_time:150.245s step_avg:61.83ms
step:2431/3250 train_time:150.399s step_avg:61.87ms
step:2432/3250 train_time:150.556s step_avg:61.91ms
step:2433/3250 train_time:150.710s step_avg:61.94ms
step:2434/3250 train_time:150.864s step_avg:61.98ms
step:2435/3250 train_time:151.017s step_avg:62.02ms
step:2436/3250 train_time:151.172s step_avg:62.06ms
step:2437/3250 train_time:151.325s step_avg:62.09ms
step:2438/3250 train_time:151.479s step_avg:62.13ms
step:2439/3250 train_time:151.633s step_avg:62.17ms
step:2440/3250 train_time:151.788s step_avg:62.21ms
step:2441/3250 train_time:151.942s step_avg:62.25ms
step:2442/3250 train_time:152.096s step_avg:62.28ms
step:2443/3250 train_time:152.251s step_avg:62.32ms
step:2444/3250 train_time:152.403s step_avg:62.36ms
step:2445/3250 train_time:152.558s step_avg:62.40ms
step:2446/3250 train_time:152.711s step_avg:62.43ms
step:2447/3250 train_time:152.865s step_avg:62.47ms
step:2448/3250 train_time:153.019s step_avg:62.51ms
step:2449/3250 train_time:153.173s step_avg:62.55ms
step:2450/3250 train_time:153.326s step_avg:62.58ms
step:2451/3250 train_time:153.480s step_avg:62.62ms
step:2452/3250 train_time:153.635s step_avg:62.66ms
step:2453/3250 train_time:153.791s step_avg:62.69ms
step:2454/3250 train_time:153.945s step_avg:62.73ms
step:2455/3250 train_time:154.099s step_avg:62.77ms
step:2456/3250 train_time:154.254s step_avg:62.81ms
step:2457/3250 train_time:154.407s step_avg:62.84ms
step:2458/3250 train_time:154.561s step_avg:62.88ms
step:2459/3250 train_time:154.715s step_avg:62.92ms
step:2460/3250 train_time:154.869s step_avg:62.95ms
step:2461/3250 train_time:155.024s step_avg:62.99ms
step:2462/3250 train_time:155.178s step_avg:63.03ms
step:2463/3250 train_time:155.334s step_avg:63.07ms
step:2464/3250 train_time:155.488s step_avg:63.10ms
step:2465/3250 train_time:155.642s step_avg:63.14ms
step:2466/3250 train_time:155.797s step_avg:63.18ms
step:2467/3250 train_time:155.951s step_avg:63.21ms
step:2468/3250 train_time:156.104s step_avg:63.25ms
step:2469/3250 train_time:156.258s step_avg:63.29ms
step:2470/3250 train_time:156.413s step_avg:63.33ms
step:2471/3250 train_time:156.602s step_avg:63.38ms
step:2472/3250 train_time:156.756s step_avg:63.41ms
step:2473/3250 train_time:156.909s step_avg:63.45ms
step:2474/3250 train_time:157.063s step_avg:63.49ms
step:2475/3250 train_time:157.217s step_avg:63.52ms
step:2476/3250 train_time:157.372s step_avg:63.56ms
step:2477/3250 train_time:157.525s step_avg:63.60ms
step:2478/3250 train_time:157.679s step_avg:63.63ms
step:2479/3250 train_time:157.834s step_avg:63.67ms
step:2480/3250 train_time:157.988s step_avg:63.71ms
step:2481/3250 train_time:158.143s step_avg:63.74ms
step:2482/3250 train_time:158.297s step_avg:63.78ms
step:2483/3250 train_time:158.450s step_avg:63.81ms
step:2484/3250 train_time:158.603s step_avg:63.85ms
step:2485/3250 train_time:158.756s step_avg:63.89ms
step:2486/3250 train_time:158.912s step_avg:63.92ms
step:2487/3250 train_time:159.065s step_avg:63.96ms
step:2488/3250 train_time:159.218s step_avg:63.99ms
step:2489/3250 train_time:159.374s step_avg:64.03ms
step:2490/3250 train_time:159.528s step_avg:64.07ms
step:2491/3250 train_time:159.681s step_avg:64.10ms
step:2492/3250 train_time:159.835s step_avg:64.14ms
step:2493/3250 train_time:159.988s step_avg:64.17ms
step:2494/3250 train_time:160.143s step_avg:64.21ms
step:2495/3250 train_time:160.297s step_avg:64.25ms
step:2496/3250 train_time:160.452s step_avg:64.28ms
step:2497/3250 train_time:160.606s step_avg:64.32ms
step:2498/3250 train_time:160.761s step_avg:64.36ms
step:2499/3250 train_time:160.915s step_avg:64.39ms
step:2500/3250 train_time:161.070s step_avg:64.43ms
step:2500/3250 val_loss:3.51027 train_time:161.082s step_avg:159.07ms
step:2501/3250 train_time:161.841s step_avg:64.71ms
step:2502/3250 train_time:161.983s step_avg:64.74ms
step:2503/3250 train_time:162.137s step_avg:64.78ms
step:2504/3250 train_time:162.291s step_avg:64.81ms
step:2505/3250 train_time:162.445s step_avg:64.85ms
step:2506/3250 train_time:162.598s step_avg:64.88ms
step:2507/3250 train_time:162.753s step_avg:64.92ms
step:2508/3250 train_time:162.908s step_avg:64.96ms
step:2509/3250 train_time:163.062s step_avg:64.99ms
step:2510/3250 train_time:163.214s step_avg:65.03ms
step:2511/3250 train_time:163.368s step_avg:65.06ms
step:2512/3250 train_time:163.524s step_avg:65.10ms
step:2513/3250 train_time:163.677s step_avg:65.13ms
step:2514/3250 train_time:163.831s step_avg:65.17ms
step:2515/3250 train_time:163.985s step_avg:65.20ms
step:2516/3250 train_time:164.138s step_avg:65.24ms
step:2517/3250 train_time:164.293s step_avg:65.27ms
step:2518/3250 train_time:164.446s step_avg:65.31ms
step:2519/3250 train_time:164.600s step_avg:65.34ms
step:2520/3250 train_time:164.754s step_avg:65.38ms
step:2521/3250 train_time:164.908s step_avg:65.41ms
step:2522/3250 train_time:165.063s step_avg:65.45ms
step:2523/3250 train_time:165.217s step_avg:65.48ms
step:2524/3250 train_time:165.372s step_avg:65.52ms
step:2525/3250 train_time:165.527s step_avg:65.56ms
step:2526/3250 train_time:165.683s step_avg:65.59ms
step:2527/3250 train_time:165.836s step_avg:65.63ms
step:2528/3250 train_time:165.989s step_avg:65.66ms
step:2529/3250 train_time:166.145s step_avg:65.70ms
step:2530/3250 train_time:166.300s step_avg:65.73ms
step:2531/3250 train_time:166.453s step_avg:65.77ms
step:2532/3250 train_time:166.608s step_avg:65.80ms
step:2533/3250 train_time:166.762s step_avg:65.84ms
step:2534/3250 train_time:166.915s step_avg:65.87ms
step:2535/3250 train_time:167.071s step_avg:65.91ms
step:2536/3250 train_time:167.225s step_avg:65.94ms
step:2537/3250 train_time:167.380s step_avg:65.98ms
step:2538/3250 train_time:167.533s step_avg:66.01ms
step:2539/3250 train_time:167.686s step_avg:66.04ms
step:2540/3250 train_time:167.840s step_avg:66.08ms
step:2541/3250 train_time:167.994s step_avg:66.11ms
step:2542/3250 train_time:168.148s step_avg:66.15ms
step:2543/3250 train_time:168.303s step_avg:66.18ms
step:2544/3250 train_time:168.456s step_avg:66.22ms
step:2545/3250 train_time:168.611s step_avg:66.25ms
step:2546/3250 train_time:168.765s step_avg:66.29ms
step:2547/3250 train_time:168.920s step_avg:66.32ms
step:2548/3250 train_time:169.073s step_avg:66.36ms
step:2549/3250 train_time:169.227s step_avg:66.39ms
step:2550/3250 train_time:169.383s step_avg:66.42ms
step:2551/3250 train_time:169.535s step_avg:66.46ms
step:2552/3250 train_time:169.689s step_avg:66.49ms
step:2553/3250 train_time:169.843s step_avg:66.53ms
step:2554/3250 train_time:169.997s step_avg:66.56ms
step:2555/3250 train_time:170.152s step_avg:66.60ms
step:2556/3250 train_time:170.305s step_avg:66.63ms
step:2557/3250 train_time:170.461s step_avg:66.66ms
step:2558/3250 train_time:170.614s step_avg:66.70ms
step:2559/3250 train_time:170.767s step_avg:66.73ms
step:2560/3250 train_time:170.923s step_avg:66.77ms
step:2561/3250 train_time:171.077s step_avg:66.80ms
step:2562/3250 train_time:171.231s step_avg:66.83ms
step:2563/3250 train_time:171.385s step_avg:66.87ms
step:2564/3250 train_time:171.539s step_avg:66.90ms
step:2565/3250 train_time:171.694s step_avg:66.94ms
step:2566/3250 train_time:171.847s step_avg:66.97ms
step:2567/3250 train_time:172.003s step_avg:67.01ms
step:2568/3250 train_time:172.157s step_avg:67.04ms
step:2569/3250 train_time:172.310s step_avg:67.07ms
step:2570/3250 train_time:172.464s step_avg:67.11ms
step:2571/3250 train_time:172.618s step_avg:67.14ms
step:2572/3250 train_time:172.771s step_avg:67.17ms
step:2573/3250 train_time:172.926s step_avg:67.21ms
step:2574/3250 train_time:173.081s step_avg:67.24ms
step:2575/3250 train_time:173.233s step_avg:67.28ms
step:2576/3250 train_time:173.388s step_avg:67.31ms
step:2577/3250 train_time:173.541s step_avg:67.34ms
step:2578/3250 train_time:173.694s step_avg:67.38ms
step:2579/3250 train_time:173.848s step_avg:67.41ms
step:2580/3250 train_time:174.002s step_avg:67.44ms
step:2581/3250 train_time:174.157s step_avg:67.48ms
step:2582/3250 train_time:174.310s step_avg:67.51ms
step:2583/3250 train_time:174.464s step_avg:67.54ms
step:2584/3250 train_time:174.618s step_avg:67.58ms
step:2585/3250 train_time:174.773s step_avg:67.61ms
step:2586/3250 train_time:174.927s step_avg:67.64ms
step:2587/3250 train_time:175.083s step_avg:67.68ms
step:2588/3250 train_time:175.236s step_avg:67.71ms
step:2589/3250 train_time:175.390s step_avg:67.74ms
step:2590/3250 train_time:175.545s step_avg:67.78ms
step:2591/3250 train_time:175.699s step_avg:67.81ms
step:2592/3250 train_time:175.853s step_avg:67.84ms
step:2593/3250 train_time:176.007s step_avg:67.88ms
step:2594/3250 train_time:176.162s step_avg:67.91ms
step:2595/3250 train_time:176.316s step_avg:67.94ms
step:2596/3250 train_time:176.470s step_avg:67.98ms
step:2597/3250 train_time:176.625s step_avg:68.01ms
step:2598/3250 train_time:176.779s step_avg:68.04ms
step:2599/3250 train_time:176.933s step_avg:68.08ms
step:2600/3250 train_time:177.087s step_avg:68.11ms
step:2601/3250 train_time:177.241s step_avg:68.14ms
step:2602/3250 train_time:177.395s step_avg:68.18ms
step:2603/3250 train_time:177.550s step_avg:68.21ms
step:2604/3250 train_time:177.704s step_avg:68.24ms
step:2605/3250 train_time:177.858s step_avg:68.28ms
step:2606/3250 train_time:178.011s step_avg:68.31ms
step:2607/3250 train_time:178.164s step_avg:68.34ms
step:2608/3250 train_time:178.318s step_avg:68.37ms
step:2609/3250 train_time:178.472s step_avg:68.41ms
step:2610/3250 train_time:178.627s step_avg:68.44ms
step:2611/3250 train_time:178.781s step_avg:68.47ms
step:2612/3250 train_time:178.934s step_avg:68.50ms
step:2613/3250 train_time:179.087s step_avg:68.54ms
step:2614/3250 train_time:179.241s step_avg:68.57ms
step:2615/3250 train_time:179.394s step_avg:68.60ms
step:2616/3250 train_time:179.548s step_avg:68.63ms
step:2617/3250 train_time:179.704s step_avg:68.67ms
step:2618/3250 train_time:179.858s step_avg:68.70ms
step:2619/3250 train_time:180.011s step_avg:68.73ms
step:2620/3250 train_time:180.164s step_avg:68.76ms
step:2621/3250 train_time:180.318s step_avg:68.80ms
step:2622/3250 train_time:180.472s step_avg:68.83ms
step:2623/3250 train_time:180.626s step_avg:68.86ms
step:2624/3250 train_time:180.779s step_avg:68.89ms
step:2625/3250 train_time:180.934s step_avg:68.93ms
step:2625/3250 val_loss:3.50342 train_time:180.946s step_avg:158.91ms
step:2626/3250 train_time:181.667s step_avg:69.18ms
step:2627/3250 train_time:181.807s step_avg:69.21ms
step:2628/3250 train_time:181.960s step_avg:69.24ms
step:2629/3250 train_time:182.114s step_avg:69.27ms
step:2630/3250 train_time:182.266s step_avg:69.30ms
step:2631/3250 train_time:182.420s step_avg:69.33ms
step:2632/3250 train_time:182.574s step_avg:69.37ms
step:2633/3250 train_time:182.728s step_avg:69.40ms
step:2634/3250 train_time:182.883s step_avg:69.43ms
step:2635/3250 train_time:183.037s step_avg:69.46ms
step:2636/3250 train_time:183.192s step_avg:69.50ms
step:2637/3250 train_time:183.345s step_avg:69.53ms
step:2638/3250 train_time:183.499s step_avg:69.56ms
step:2639/3250 train_time:183.654s step_avg:69.59ms
step:2640/3250 train_time:183.808s step_avg:69.62ms
step:2641/3250 train_time:183.962s step_avg:69.66ms
step:2642/3250 train_time:184.116s step_avg:69.69ms
step:2643/3250 train_time:184.269s step_avg:69.72ms
step:2644/3250 train_time:184.424s step_avg:69.75ms
step:2645/3250 train_time:184.579s step_avg:69.78ms
step:2646/3250 train_time:184.735s step_avg:69.82ms
step:2647/3250 train_time:184.888s step_avg:69.85ms
step:2648/3250 train_time:185.043s step_avg:69.88ms
step:2649/3250 train_time:185.197s step_avg:69.91ms
step:2650/3250 train_time:185.350s step_avg:69.94ms
step:2651/3250 train_time:185.505s step_avg:69.98ms
step:2652/3250 train_time:185.658s step_avg:70.01ms
step:2653/3250 train_time:185.813s step_avg:70.04ms
step:2654/3250 train_time:185.967s step_avg:70.07ms
step:2655/3250 train_time:186.121s step_avg:70.10ms
step:2656/3250 train_time:186.275s step_avg:70.13ms
step:2657/3250 train_time:186.430s step_avg:70.17ms
step:2658/3250 train_time:186.584s step_avg:70.20ms
step:2659/3250 train_time:186.738s step_avg:70.23ms
step:2660/3250 train_time:186.892s step_avg:70.26ms
step:2661/3250 train_time:187.085s step_avg:70.31ms
step:2662/3250 train_time:187.238s step_avg:70.34ms
step:2663/3250 train_time:187.392s step_avg:70.37ms
step:2664/3250 train_time:187.545s step_avg:70.40ms
step:2665/3250 train_time:187.698s step_avg:70.43ms
step:2666/3250 train_time:187.854s step_avg:70.46ms
step:2667/3250 train_time:188.008s step_avg:70.49ms
step:2668/3250 train_time:188.163s step_avg:70.53ms
step:2669/3250 train_time:188.316s step_avg:70.56ms
step:2670/3250 train_time:188.470s step_avg:70.59ms
step:2671/3250 train_time:188.624s step_avg:70.62ms
step:2672/3250 train_time:188.780s step_avg:70.65ms
step:2673/3250 train_time:188.935s step_avg:70.68ms
step:2674/3250 train_time:189.088s step_avg:70.71ms
step:2675/3250 train_time:189.241s step_avg:70.74ms
step:2676/3250 train_time:189.395s step_avg:70.78ms
step:2677/3250 train_time:189.548s step_avg:70.81ms
step:2678/3250 train_time:189.702s step_avg:70.84ms
step:2679/3250 train_time:189.857s step_avg:70.87ms
step:2680/3250 train_time:190.012s step_avg:70.90ms
step:2681/3250 train_time:190.166s step_avg:70.93ms
step:2682/3250 train_time:190.320s step_avg:70.96ms
step:2683/3250 train_time:190.474s step_avg:70.99ms
step:2684/3250 train_time:190.628s step_avg:71.02ms
step:2685/3250 train_time:190.782s step_avg:71.05ms
step:2686/3250 train_time:190.936s step_avg:71.09ms
step:2687/3250 train_time:191.090s step_avg:71.12ms
step:2688/3250 train_time:191.243s step_avg:71.15ms
step:2689/3250 train_time:191.397s step_avg:71.18ms
step:2690/3250 train_time:191.551s step_avg:71.21ms
step:2691/3250 train_time:191.706s step_avg:71.24ms
step:2692/3250 train_time:191.859s step_avg:71.27ms
step:2693/3250 train_time:192.014s step_avg:71.30ms
step:2694/3250 train_time:192.168s step_avg:71.33ms
step:2695/3250 train_time:192.321s step_avg:71.36ms
step:2696/3250 train_time:192.476s step_avg:71.39ms
step:2697/3250 train_time:192.630s step_avg:71.42ms
step:2698/3250 train_time:192.784s step_avg:71.45ms
step:2699/3250 train_time:192.938s step_avg:71.49ms
step:2700/3250 train_time:193.093s step_avg:71.52ms
step:2701/3250 train_time:193.248s step_avg:71.55ms
step:2702/3250 train_time:193.403s step_avg:71.58ms
step:2703/3250 train_time:193.557s step_avg:71.61ms
step:2704/3250 train_time:193.712s step_avg:71.64ms
step:2705/3250 train_time:193.865s step_avg:71.67ms
step:2706/3250 train_time:194.019s step_avg:71.70ms
step:2707/3250 train_time:194.171s step_avg:71.73ms
step:2708/3250 train_time:194.326s step_avg:71.76ms
step:2709/3250 train_time:194.481s step_avg:71.79ms
step:2710/3250 train_time:194.636s step_avg:71.82ms
step:2711/3250 train_time:194.790s step_avg:71.85ms
step:2712/3250 train_time:194.944s step_avg:71.88ms
step:2713/3250 train_time:195.098s step_avg:71.91ms
step:2714/3250 train_time:195.253s step_avg:71.94ms
step:2715/3250 train_time:195.407s step_avg:71.97ms
step:2716/3250 train_time:195.560s step_avg:72.00ms
step:2717/3250 train_time:195.715s step_avg:72.03ms
step:2718/3250 train_time:195.868s step_avg:72.06ms
step:2719/3250 train_time:196.023s step_avg:72.09ms
step:2720/3250 train_time:196.177s step_avg:72.12ms
step:2721/3250 train_time:196.332s step_avg:72.15ms
step:2722/3250 train_time:196.486s step_avg:72.18ms
step:2723/3250 train_time:196.639s step_avg:72.21ms
step:2724/3250 train_time:196.794s step_avg:72.24ms
step:2725/3250 train_time:196.948s step_avg:72.27ms
step:2726/3250 train_time:197.103s step_avg:72.31ms
step:2727/3250 train_time:197.257s step_avg:72.33ms
step:2728/3250 train_time:197.411s step_avg:72.36ms
step:2729/3250 train_time:197.564s step_avg:72.39ms
step:2730/3250 train_time:197.720s step_avg:72.42ms
step:2731/3250 train_time:197.874s step_avg:72.45ms
step:2732/3250 train_time:198.028s step_avg:72.48ms
step:2733/3250 train_time:198.183s step_avg:72.51ms
step:2734/3250 train_time:198.339s step_avg:72.55ms
step:2735/3250 train_time:198.493s step_avg:72.58ms
step:2736/3250 train_time:198.645s step_avg:72.60ms
step:2737/3250 train_time:198.799s step_avg:72.63ms
step:2738/3250 train_time:198.955s step_avg:72.66ms
step:2739/3250 train_time:199.109s step_avg:72.69ms
step:2740/3250 train_time:199.264s step_avg:72.72ms
step:2741/3250 train_time:199.420s step_avg:72.75ms
step:2742/3250 train_time:199.574s step_avg:72.78ms
step:2743/3250 train_time:199.727s step_avg:72.81ms
step:2744/3250 train_time:199.881s step_avg:72.84ms
step:2745/3250 train_time:200.036s step_avg:72.87ms
step:2746/3250 train_time:200.190s step_avg:72.90ms
step:2747/3250 train_time:200.344s step_avg:72.93ms
step:2748/3250 train_time:200.498s step_avg:72.96ms
step:2749/3250 train_time:200.653s step_avg:72.99ms
step:2750/3250 train_time:200.807s step_avg:73.02ms
step:2750/3250 val_loss:3.50058 train_time:200.818s step_avg:158.98ms
step:2751/3250 train_time:201.575s step_avg:73.27ms
EXIT=0 rid=eos_f1500_s100dup
