=== eos_f1500_s170 : run.py configs/req019/eos_f1500_s170.yaml ===
W0830 12:09:31.375000 11767 torch/distributed/run.py:852] 
W0830 12:09:31.375000 11767 torch/distributed/run.py:852] *****************************************
W0830 12:09:31.375000 11767 torch/distributed/run.py:852] Setting OMP_NUM_THREADS environment variable for each process to be 1 in default, to avoid your system being overloaded, please further tune the variable for optimal performance in your application as needed. 
W0830 12:09:31.375000 11767 torch/distributed/run.py:852] *****************************************
logs/1ad128b2-6072-48ab-897d-924bf3a24d91.txt
resumed training state from step 1500 in eos_shared_state, skipped 1500 batches
step:0/3250 val_loss:3.52212 train_time:0.001s step_avg:nanms
learning_rates step:1500 [{'pattern': '^embed\\.weight$', 'lr': [1.19]}, {'pattern': '^proj\\.weight$', 'lr': [0.0068]}, {'pattern': '^blocks\\..*\\.weight$', 'lr': [0.0425]}, {'pattern': '.*', 'lr': [0.0255]}]
step:1501/3250 train_time:3.324s step_avg:2.21ms
learning_rates step:1501 [{'pattern': '^embed\\.weight$', 'lr': [1.19]}, {'pattern': '^proj\\.weight$', 'lr': [0.0068]}, {'pattern': '^blocks\\..*\\.weight$', 'lr': [0.0425]}, {'pattern': '.*', 'lr': [0.0255]}]
step:1502/3250 train_time:3.467s step_avg:2.31ms
step:1503/3250 train_time:3.619s step_avg:2.41ms
step:1504/3250 train_time:3.772s step_avg:2.51ms
step:1505/3250 train_time:3.925s step_avg:2.61ms
step:1506/3250 train_time:4.078s step_avg:2.71ms
step:1507/3250 train_time:4.232s step_avg:2.81ms
step:1508/3250 train_time:4.385s step_avg:2.91ms
step:1509/3250 train_time:4.538s step_avg:3.01ms
step:1510/3250 train_time:4.693s step_avg:3.11ms
step:1511/3250 train_time:4.846s step_avg:3.21ms
step:1512/3250 train_time:4.999s step_avg:3.31ms
step:1513/3250 train_time:5.152s step_avg:3.41ms
step:1514/3250 train_time:5.306s step_avg:3.50ms
step:1515/3250 train_time:5.458s step_avg:3.60ms
step:1516/3250 train_time:5.612s step_avg:3.70ms
step:1517/3250 train_time:5.766s step_avg:3.80ms
step:1518/3250 train_time:5.920s step_avg:3.90ms
step:1519/3250 train_time:6.072s step_avg:4.00ms
step:1520/3250 train_time:6.226s step_avg:4.10ms
step:1521/3250 train_time:6.424s step_avg:4.22ms
step:1522/3250 train_time:6.576s step_avg:4.32ms
step:1523/3250 train_time:6.730s step_avg:4.42ms
step:1524/3250 train_time:6.884s step_avg:4.52ms
step:1525/3250 train_time:7.036s step_avg:4.61ms
step:1526/3250 train_time:7.190s step_avg:4.71ms
step:1527/3250 train_time:7.344s step_avg:4.81ms
step:1528/3250 train_time:7.499s step_avg:4.91ms
step:1529/3250 train_time:7.652s step_avg:5.00ms
step:1530/3250 train_time:7.806s step_avg:5.10ms
step:1531/3250 train_time:7.959s step_avg:5.20ms
step:1532/3250 train_time:8.112s step_avg:5.30ms
step:1533/3250 train_time:8.266s step_avg:5.39ms
step:1534/3250 train_time:8.419s step_avg:5.49ms
step:1535/3250 train_time:8.573s step_avg:5.58ms
step:1536/3250 train_time:8.727s step_avg:5.68ms
step:1537/3250 train_time:8.880s step_avg:5.78ms
step:1538/3250 train_time:9.034s step_avg:5.87ms
step:1539/3250 train_time:9.189s step_avg:5.97ms
step:1540/3250 train_time:9.344s step_avg:6.07ms
step:1541/3250 train_time:9.498s step_avg:6.16ms
step:1542/3250 train_time:9.653s step_avg:6.26ms
step:1543/3250 train_time:9.807s step_avg:6.36ms
step:1544/3250 train_time:9.959s step_avg:6.45ms
step:1545/3250 train_time:10.114s step_avg:6.55ms
step:1546/3250 train_time:10.268s step_avg:6.64ms
step:1547/3250 train_time:10.422s step_avg:6.74ms
step:1548/3250 train_time:10.577s step_avg:6.83ms
step:1549/3250 train_time:10.731s step_avg:6.93ms
step:1550/3250 train_time:10.886s step_avg:7.02ms
step:1551/3250 train_time:11.040s step_avg:7.12ms
step:1552/3250 train_time:11.194s step_avg:7.21ms
step:1553/3250 train_time:11.348s step_avg:7.31ms
step:1554/3250 train_time:11.501s step_avg:7.40ms
step:1555/3250 train_time:11.654s step_avg:7.49ms
step:1556/3250 train_time:11.809s step_avg:7.59ms
step:1557/3250 train_time:11.963s step_avg:7.68ms
step:1558/3250 train_time:12.116s step_avg:7.78ms
step:1559/3250 train_time:12.270s step_avg:7.87ms
step:1560/3250 train_time:12.425s step_avg:7.96ms
step:1561/3250 train_time:12.579s step_avg:8.06ms
step:1562/3250 train_time:12.733s step_avg:8.15ms
step:1563/3250 train_time:12.886s step_avg:8.24ms
step:1564/3250 train_time:13.039s step_avg:8.34ms
step:1565/3250 train_time:13.193s step_avg:8.43ms
step:1566/3250 train_time:13.347s step_avg:8.52ms
step:1567/3250 train_time:13.502s step_avg:8.62ms
step:1568/3250 train_time:13.655s step_avg:8.71ms
step:1569/3250 train_time:13.808s step_avg:8.80ms
step:1570/3250 train_time:13.962s step_avg:8.89ms
step:1571/3250 train_time:14.116s step_avg:8.99ms
step:1572/3250 train_time:14.270s step_avg:9.08ms
step:1573/3250 train_time:14.426s step_avg:9.17ms
step:1574/3250 train_time:14.579s step_avg:9.26ms
step:1575/3250 train_time:14.734s step_avg:9.35ms
step:1576/3250 train_time:14.887s step_avg:9.45ms
step:1577/3250 train_time:15.041s step_avg:9.54ms
step:1578/3250 train_time:15.196s step_avg:9.63ms
step:1579/3250 train_time:15.349s step_avg:9.72ms
step:1580/3250 train_time:15.504s step_avg:9.81ms
step:1581/3250 train_time:15.657s step_avg:9.90ms
step:1582/3250 train_time:15.811s step_avg:9.99ms
step:1583/3250 train_time:15.965s step_avg:10.09ms
step:1584/3250 train_time:16.118s step_avg:10.18ms
step:1585/3250 train_time:16.273s step_avg:10.27ms
step:1586/3250 train_time:16.428s step_avg:10.36ms
step:1587/3250 train_time:16.583s step_avg:10.45ms
step:1588/3250 train_time:16.736s step_avg:10.54ms
step:1589/3250 train_time:16.891s step_avg:10.63ms
step:1590/3250 train_time:17.046s step_avg:10.72ms
step:1591/3250 train_time:17.202s step_avg:10.81ms
step:1592/3250 train_time:17.355s step_avg:10.90ms
step:1593/3250 train_time:17.509s step_avg:10.99ms
step:1594/3250 train_time:17.663s step_avg:11.08ms
step:1595/3250 train_time:17.818s step_avg:11.17ms
step:1596/3250 train_time:17.973s step_avg:11.26ms
step:1597/3250 train_time:18.126s step_avg:11.35ms
step:1598/3250 train_time:18.281s step_avg:11.44ms
step:1599/3250 train_time:18.434s step_avg:11.53ms
step:1600/3250 train_time:18.588s step_avg:11.62ms
step:1601/3250 train_time:18.744s step_avg:11.71ms
step:1602/3250 train_time:18.898s step_avg:11.80ms
step:1603/3250 train_time:19.052s step_avg:11.89ms
step:1604/3250 train_time:19.206s step_avg:11.97ms
step:1605/3250 train_time:19.360s step_avg:12.06ms
step:1606/3250 train_time:19.515s step_avg:12.15ms
step:1607/3250 train_time:19.669s step_avg:12.24ms
step:1608/3250 train_time:19.822s step_avg:12.33ms
step:1609/3250 train_time:19.976s step_avg:12.42ms
step:1610/3250 train_time:20.130s step_avg:12.50ms
step:1611/3250 train_time:20.284s step_avg:12.59ms
step:1612/3250 train_time:20.439s step_avg:12.68ms
step:1613/3250 train_time:20.594s step_avg:12.77ms
step:1614/3250 train_time:20.747s step_avg:12.85ms
step:1615/3250 train_time:20.901s step_avg:12.94ms
step:1616/3250 train_time:21.054s step_avg:13.03ms
step:1617/3250 train_time:21.208s step_avg:13.12ms
step:1618/3250 train_time:21.362s step_avg:13.20ms
step:1619/3250 train_time:21.516s step_avg:13.29ms
step:1620/3250 train_time:21.671s step_avg:13.38ms
step:1621/3250 train_time:21.826s step_avg:13.46ms
step:1622/3250 train_time:21.981s step_avg:13.55ms
step:1623/3250 train_time:22.134s step_avg:13.64ms
step:1624/3250 train_time:22.289s step_avg:13.72ms
step:1625/3250 train_time:22.445s step_avg:13.81ms
step:1625/3250 val_loss:3.70122 train_time:22.457s step_avg:13.82ms
step:1626/3250 train_time:23.253s step_avg:14.30ms
step:1627/3250 train_time:23.392s step_avg:14.38ms
step:1628/3250 train_time:23.547s step_avg:14.46ms
step:1629/3250 train_time:23.702s step_avg:14.55ms
step:1630/3250 train_time:23.856s step_avg:14.64ms
step:1631/3250 train_time:24.010s step_avg:14.72ms
step:1632/3250 train_time:24.163s step_avg:14.81ms
step:1633/3250 train_time:24.316s step_avg:14.89ms
step:1634/3250 train_time:24.470s step_avg:14.98ms
step:1635/3250 train_time:24.625s step_avg:15.06ms
step:1636/3250 train_time:24.779s step_avg:15.15ms
step:1637/3250 train_time:24.934s step_avg:15.23ms
step:1638/3250 train_time:25.086s step_avg:15.32ms
step:1639/3250 train_time:25.240s step_avg:15.40ms
step:1640/3250 train_time:25.393s step_avg:15.48ms
step:1641/3250 train_time:25.547s step_avg:15.57ms
step:1642/3250 train_time:25.702s step_avg:15.65ms
step:1643/3250 train_time:25.857s step_avg:15.74ms
step:1644/3250 train_time:26.010s step_avg:15.82ms
step:1645/3250 train_time:26.163s step_avg:15.90ms
step:1646/3250 train_time:26.316s step_avg:15.99ms
step:1647/3250 train_time:26.469s step_avg:16.07ms
step:1648/3250 train_time:26.624s step_avg:16.16ms
step:1649/3250 train_time:26.779s step_avg:16.24ms
step:1650/3250 train_time:26.933s step_avg:16.32ms
step:1651/3250 train_time:27.086s step_avg:16.41ms
step:1652/3250 train_time:27.240s step_avg:16.49ms
step:1653/3250 train_time:27.395s step_avg:16.57ms
step:1654/3250 train_time:27.550s step_avg:16.66ms
step:1655/3250 train_time:27.705s step_avg:16.74ms
step:1656/3250 train_time:27.858s step_avg:16.82ms
step:1657/3250 train_time:28.012s step_avg:16.91ms
step:1658/3250 train_time:28.166s step_avg:16.99ms
step:1659/3250 train_time:28.321s step_avg:17.07ms
step:1660/3250 train_time:28.476s step_avg:17.15ms
step:1661/3250 train_time:28.630s step_avg:17.24ms
step:1662/3250 train_time:28.784s step_avg:17.32ms
step:1663/3250 train_time:28.938s step_avg:17.40ms
step:1664/3250 train_time:29.092s step_avg:17.48ms
step:1665/3250 train_time:29.246s step_avg:17.57ms
step:1666/3250 train_time:29.400s step_avg:17.65ms
step:1667/3250 train_time:29.555s step_avg:17.73ms
step:1668/3250 train_time:29.709s step_avg:17.81ms
step:1669/3250 train_time:29.863s step_avg:17.89ms
step:1670/3250 train_time:30.016s step_avg:17.97ms
step:1671/3250 train_time:30.170s step_avg:18.06ms
step:1672/3250 train_time:30.325s step_avg:18.14ms
step:1673/3250 train_time:30.480s step_avg:18.22ms
step:1674/3250 train_time:30.635s step_avg:18.30ms
step:1675/3250 train_time:30.788s step_avg:18.38ms
step:1676/3250 train_time:30.943s step_avg:18.46ms
step:1677/3250 train_time:31.098s step_avg:18.54ms
step:1678/3250 train_time:31.250s step_avg:18.62ms
step:1679/3250 train_time:31.405s step_avg:18.70ms
step:1680/3250 train_time:31.559s step_avg:18.78ms
step:1681/3250 train_time:31.714s step_avg:18.87ms
step:1682/3250 train_time:31.868s step_avg:18.95ms
step:1683/3250 train_time:32.025s step_avg:19.03ms
step:1684/3250 train_time:32.179s step_avg:19.11ms
step:1685/3250 train_time:32.334s step_avg:19.19ms
step:1686/3250 train_time:32.486s step_avg:19.27ms
step:1687/3250 train_time:32.640s step_avg:19.35ms
step:1688/3250 train_time:32.793s step_avg:19.43ms
step:1689/3250 train_time:32.946s step_avg:19.51ms
step:1690/3250 train_time:33.102s step_avg:19.59ms
step:1691/3250 train_time:33.257s step_avg:19.67ms
step:1692/3250 train_time:33.411s step_avg:19.75ms
step:1693/3250 train_time:33.565s step_avg:19.83ms
step:1694/3250 train_time:33.719s step_avg:19.90ms
step:1695/3250 train_time:33.875s step_avg:19.99ms
step:1696/3250 train_time:34.029s step_avg:20.06ms
step:1697/3250 train_time:34.184s step_avg:20.14ms
step:1698/3250 train_time:34.338s step_avg:20.22ms
step:1699/3250 train_time:34.491s step_avg:20.30ms
step:1700/3250 train_time:34.645s step_avg:20.38ms
step:1701/3250 train_time:34.799s step_avg:20.46ms
step:1702/3250 train_time:34.953s step_avg:20.54ms
step:1703/3250 train_time:35.107s step_avg:20.61ms
step:1704/3250 train_time:35.261s step_avg:20.69ms
step:1705/3250 train_time:35.415s step_avg:20.77ms
step:1706/3250 train_time:35.570s step_avg:20.85ms
step:1707/3250 train_time:35.726s step_avg:20.93ms
step:1708/3250 train_time:35.880s step_avg:21.01ms
step:1709/3250 train_time:36.034s step_avg:21.08ms
step:1710/3250 train_time:36.187s step_avg:21.16ms
step:1711/3250 train_time:36.380s step_avg:21.26ms
step:1712/3250 train_time:36.534s step_avg:21.34ms
step:1713/3250 train_time:36.687s step_avg:21.42ms
step:1714/3250 train_time:36.841s step_avg:21.49ms
step:1715/3250 train_time:36.995s step_avg:21.57ms
step:1716/3250 train_time:37.150s step_avg:21.65ms
step:1717/3250 train_time:37.304s step_avg:21.73ms
step:1718/3250 train_time:37.457s step_avg:21.80ms
step:1719/3250 train_time:37.611s step_avg:21.88ms
step:1720/3250 train_time:37.764s step_avg:21.96ms
step:1721/3250 train_time:37.917s step_avg:22.03ms
step:1722/3250 train_time:38.073s step_avg:22.11ms
step:1723/3250 train_time:38.226s step_avg:22.19ms
step:1724/3250 train_time:38.381s step_avg:22.26ms
step:1725/3250 train_time:38.535s step_avg:22.34ms
step:1726/3250 train_time:38.688s step_avg:22.41ms
step:1727/3250 train_time:38.843s step_avg:22.49ms
step:1728/3250 train_time:38.997s step_avg:22.57ms
step:1729/3250 train_time:39.152s step_avg:22.64ms
step:1730/3250 train_time:39.306s step_avg:22.72ms
step:1731/3250 train_time:39.460s step_avg:22.80ms
step:1732/3250 train_time:39.614s step_avg:22.87ms
step:1733/3250 train_time:39.768s step_avg:22.95ms
step:1734/3250 train_time:39.924s step_avg:23.02ms
step:1735/3250 train_time:40.077s step_avg:23.10ms
step:1736/3250 train_time:40.231s step_avg:23.17ms
step:1737/3250 train_time:40.385s step_avg:23.25ms
step:1738/3250 train_time:40.538s step_avg:23.32ms
step:1739/3250 train_time:40.692s step_avg:23.40ms
step:1740/3250 train_time:40.847s step_avg:23.48ms
step:1741/3250 train_time:41.001s step_avg:23.55ms
step:1742/3250 train_time:41.156s step_avg:23.63ms
step:1743/3250 train_time:41.309s step_avg:23.70ms
step:1744/3250 train_time:41.463s step_avg:23.77ms
step:1745/3250 train_time:41.617s step_avg:23.85ms
step:1746/3250 train_time:41.771s step_avg:23.92ms
step:1747/3250 train_time:41.925s step_avg:24.00ms
step:1748/3250 train_time:42.079s step_avg:24.07ms
step:1749/3250 train_time:42.232s step_avg:24.15ms
step:1750/3250 train_time:42.385s step_avg:24.22ms
step:1750/3250 val_loss:3.66651 train_time:42.397s step_avg:159.52ms
step:1751/3250 train_time:43.186s step_avg:24.66ms
step:1752/3250 train_time:43.330s step_avg:24.73ms
step:1753/3250 train_time:43.485s step_avg:24.81ms
step:1754/3250 train_time:43.638s step_avg:24.88ms
step:1755/3250 train_time:43.791s step_avg:24.95ms
step:1756/3250 train_time:43.945s step_avg:25.03ms
step:1757/3250 train_time:44.100s step_avg:25.10ms
step:1758/3250 train_time:44.255s step_avg:25.17ms
step:1759/3250 train_time:44.409s step_avg:25.25ms
step:1760/3250 train_time:44.562s step_avg:25.32ms
step:1761/3250 train_time:44.715s step_avg:25.39ms
step:1762/3250 train_time:44.868s step_avg:25.46ms
step:1763/3250 train_time:45.022s step_avg:25.54ms
step:1764/3250 train_time:45.177s step_avg:25.61ms
step:1765/3250 train_time:45.331s step_avg:25.68ms
step:1766/3250 train_time:45.486s step_avg:25.76ms
step:1767/3250 train_time:45.640s step_avg:25.83ms
step:1768/3250 train_time:45.794s step_avg:25.90ms
step:1769/3250 train_time:45.947s step_avg:25.97ms
step:1770/3250 train_time:46.100s step_avg:26.05ms
step:1771/3250 train_time:46.255s step_avg:26.12ms
step:1772/3250 train_time:46.410s step_avg:26.19ms
step:1773/3250 train_time:46.565s step_avg:26.26ms
step:1774/3250 train_time:46.718s step_avg:26.33ms
step:1775/3250 train_time:46.873s step_avg:26.41ms
step:1776/3250 train_time:47.028s step_avg:26.48ms
step:1777/3250 train_time:47.183s step_avg:26.55ms
step:1778/3250 train_time:47.337s step_avg:26.62ms
step:1779/3250 train_time:47.490s step_avg:26.70ms
step:1780/3250 train_time:47.645s step_avg:26.77ms
step:1781/3250 train_time:47.799s step_avg:26.84ms
step:1782/3250 train_time:47.954s step_avg:26.91ms
step:1783/3250 train_time:48.109s step_avg:26.98ms
step:1784/3250 train_time:48.262s step_avg:27.05ms
step:1785/3250 train_time:48.417s step_avg:27.12ms
step:1786/3250 train_time:48.572s step_avg:27.20ms
step:1787/3250 train_time:48.727s step_avg:27.27ms
step:1788/3250 train_time:48.882s step_avg:27.34ms
step:1789/3250 train_time:49.036s step_avg:27.41ms
step:1790/3250 train_time:49.189s step_avg:27.48ms
step:1791/3250 train_time:49.344s step_avg:27.55ms
step:1792/3250 train_time:49.497s step_avg:27.62ms
step:1793/3250 train_time:49.652s step_avg:27.69ms
step:1794/3250 train_time:49.806s step_avg:27.76ms
step:1795/3250 train_time:49.963s step_avg:27.83ms
step:1796/3250 train_time:50.116s step_avg:27.90ms
step:1797/3250 train_time:50.269s step_avg:27.97ms
step:1798/3250 train_time:50.423s step_avg:28.04ms
step:1799/3250 train_time:50.577s step_avg:28.11ms
step:1800/3250 train_time:50.732s step_avg:28.18ms
step:1801/3250 train_time:50.887s step_avg:28.25ms
step:1802/3250 train_time:51.040s step_avg:28.32ms
step:1803/3250 train_time:51.194s step_avg:28.39ms
step:1804/3250 train_time:51.348s step_avg:28.46ms
step:1805/3250 train_time:51.503s step_avg:28.53ms
step:1806/3250 train_time:51.658s step_avg:28.60ms
step:1807/3250 train_time:51.812s step_avg:28.67ms
step:1808/3250 train_time:51.967s step_avg:28.74ms
step:1809/3250 train_time:52.121s step_avg:28.81ms
step:1810/3250 train_time:52.276s step_avg:28.88ms
step:1811/3250 train_time:52.431s step_avg:28.95ms
step:1812/3250 train_time:52.586s step_avg:29.02ms
step:1813/3250 train_time:52.739s step_avg:29.09ms
step:1814/3250 train_time:52.893s step_avg:29.16ms
step:1815/3250 train_time:53.048s step_avg:29.23ms
step:1816/3250 train_time:53.203s step_avg:29.30ms
step:1817/3250 train_time:53.356s step_avg:29.36ms
step:1818/3250 train_time:53.510s step_avg:29.43ms
step:1819/3250 train_time:53.663s step_avg:29.50ms
step:1820/3250 train_time:53.816s step_avg:29.57ms
step:1821/3250 train_time:53.970s step_avg:29.64ms
step:1822/3250 train_time:54.124s step_avg:29.71ms
step:1823/3250 train_time:54.278s step_avg:29.77ms
step:1824/3250 train_time:54.432s step_avg:29.84ms
step:1825/3250 train_time:54.587s step_avg:29.91ms
step:1826/3250 train_time:54.740s step_avg:29.98ms
step:1827/3250 train_time:54.894s step_avg:30.05ms
step:1828/3250 train_time:55.047s step_avg:30.11ms
step:1829/3250 train_time:55.200s step_avg:30.18ms
step:1830/3250 train_time:55.355s step_avg:30.25ms
step:1831/3250 train_time:55.510s step_avg:30.32ms
step:1832/3250 train_time:55.666s step_avg:30.39ms
step:1833/3250 train_time:55.819s step_avg:30.45ms
step:1834/3250 train_time:55.975s step_avg:30.52ms
step:1835/3250 train_time:56.129s step_avg:30.59ms
step:1836/3250 train_time:56.284s step_avg:30.66ms
step:1837/3250 train_time:56.437s step_avg:30.72ms
step:1838/3250 train_time:56.591s step_avg:30.79ms
step:1839/3250 train_time:56.745s step_avg:30.86ms
step:1840/3250 train_time:56.898s step_avg:30.92ms
step:1841/3250 train_time:57.052s step_avg:30.99ms
step:1842/3250 train_time:57.207s step_avg:31.06ms
step:1843/3250 train_time:57.361s step_avg:31.12ms
step:1844/3250 train_time:57.516s step_avg:31.19ms
step:1845/3250 train_time:57.670s step_avg:31.26ms
step:1846/3250 train_time:57.825s step_avg:31.32ms
step:1847/3250 train_time:57.979s step_avg:31.39ms
step:1848/3250 train_time:58.134s step_avg:31.46ms
step:1849/3250 train_time:58.289s step_avg:31.52ms
step:1850/3250 train_time:58.443s step_avg:31.59ms
step:1851/3250 train_time:58.597s step_avg:31.66ms
step:1852/3250 train_time:58.751s step_avg:31.72ms
step:1853/3250 train_time:58.907s step_avg:31.79ms
step:1854/3250 train_time:59.062s step_avg:31.86ms
step:1855/3250 train_time:59.215s step_avg:31.92ms
step:1856/3250 train_time:59.369s step_avg:31.99ms
step:1857/3250 train_time:59.523s step_avg:32.05ms
step:1858/3250 train_time:59.677s step_avg:32.12ms
step:1859/3250 train_time:59.832s step_avg:32.18ms
step:1860/3250 train_time:59.987s step_avg:32.25ms
step:1861/3250 train_time:60.141s step_avg:32.32ms
step:1862/3250 train_time:60.295s step_avg:32.38ms
step:1863/3250 train_time:60.449s step_avg:32.45ms
step:1864/3250 train_time:60.604s step_avg:32.51ms
step:1865/3250 train_time:60.757s step_avg:32.58ms
step:1866/3250 train_time:60.912s step_avg:32.64ms
step:1867/3250 train_time:61.067s step_avg:32.71ms
step:1868/3250 train_time:61.221s step_avg:32.77ms
step:1869/3250 train_time:61.376s step_avg:32.84ms
step:1870/3250 train_time:61.530s step_avg:32.90ms
step:1871/3250 train_time:61.686s step_avg:32.97ms
step:1872/3250 train_time:61.839s step_avg:33.03ms
step:1873/3250 train_time:61.993s step_avg:33.10ms
step:1874/3250 train_time:62.146s step_avg:33.16ms
step:1875/3250 train_time:62.300s step_avg:33.23ms
step:1875/3250 val_loss:3.63955 train_time:62.312s step_avg:159.32ms
step:1876/3250 train_time:63.055s step_avg:33.61ms
step:1877/3250 train_time:63.193s step_avg:33.67ms
step:1878/3250 train_time:63.347s step_avg:33.73ms
step:1879/3250 train_time:63.500s step_avg:33.79ms
step:1880/3250 train_time:63.654s step_avg:33.86ms
step:1881/3250 train_time:63.806s step_avg:33.92ms
step:1882/3250 train_time:63.960s step_avg:33.99ms
step:1883/3250 train_time:64.116s step_avg:34.05ms
step:1884/3250 train_time:64.270s step_avg:34.11ms
step:1885/3250 train_time:64.423s step_avg:34.18ms
step:1886/3250 train_time:64.577s step_avg:34.24ms
step:1887/3250 train_time:64.731s step_avg:34.30ms
step:1888/3250 train_time:64.885s step_avg:34.37ms
step:1889/3250 train_time:65.039s step_avg:34.43ms
step:1890/3250 train_time:65.195s step_avg:34.49ms
step:1891/3250 train_time:65.348s step_avg:34.56ms
step:1892/3250 train_time:65.502s step_avg:34.62ms
step:1893/3250 train_time:65.656s step_avg:34.68ms
step:1894/3250 train_time:65.809s step_avg:34.75ms
step:1895/3250 train_time:65.962s step_avg:34.81ms
step:1896/3250 train_time:66.118s step_avg:34.87ms
step:1897/3250 train_time:66.271s step_avg:34.93ms
step:1898/3250 train_time:66.425s step_avg:35.00ms
step:1899/3250 train_time:66.578s step_avg:35.06ms
step:1900/3250 train_time:66.732s step_avg:35.12ms
step:1901/3250 train_time:66.936s step_avg:35.21ms
step:1902/3250 train_time:67.089s step_avg:35.27ms
step:1903/3250 train_time:67.242s step_avg:35.33ms
step:1904/3250 train_time:67.396s step_avg:35.40ms
step:1905/3250 train_time:67.549s step_avg:35.46ms
step:1906/3250 train_time:67.703s step_avg:35.52ms
step:1907/3250 train_time:67.857s step_avg:35.58ms
step:1908/3250 train_time:68.011s step_avg:35.65ms
step:1909/3250 train_time:68.166s step_avg:35.71ms
step:1910/3250 train_time:68.319s step_avg:35.77ms
step:1911/3250 train_time:68.473s step_avg:35.83ms
step:1912/3250 train_time:68.626s step_avg:35.89ms
step:1913/3250 train_time:68.780s step_avg:35.95ms
step:1914/3250 train_time:68.936s step_avg:36.02ms
step:1915/3250 train_time:69.089s step_avg:36.08ms
step:1916/3250 train_time:69.243s step_avg:36.14ms
step:1917/3250 train_time:69.397s step_avg:36.20ms
step:1918/3250 train_time:69.550s step_avg:36.26ms
step:1919/3250 train_time:69.704s step_avg:36.32ms
step:1920/3250 train_time:69.862s step_avg:36.39ms
step:1921/3250 train_time:70.017s step_avg:36.45ms
step:1922/3250 train_time:70.172s step_avg:36.51ms
step:1923/3250 train_time:70.325s step_avg:36.57ms
step:1924/3250 train_time:70.479s step_avg:36.63ms
step:1925/3250 train_time:70.634s step_avg:36.69ms
step:1926/3250 train_time:70.788s step_avg:36.75ms
step:1927/3250 train_time:70.941s step_avg:36.81ms
step:1928/3250 train_time:71.097s step_avg:36.88ms
step:1929/3250 train_time:71.249s step_avg:36.94ms
step:1930/3250 train_time:71.404s step_avg:37.00ms
step:1931/3250 train_time:71.559s step_avg:37.06ms
step:1932/3250 train_time:71.713s step_avg:37.12ms
step:1933/3250 train_time:71.867s step_avg:37.18ms
step:1934/3250 train_time:72.021s step_avg:37.24ms
step:1935/3250 train_time:72.175s step_avg:37.30ms
step:1936/3250 train_time:72.328s step_avg:37.36ms
step:1937/3250 train_time:72.482s step_avg:37.42ms
step:1938/3250 train_time:72.637s step_avg:37.48ms
step:1939/3250 train_time:72.791s step_avg:37.54ms
step:1940/3250 train_time:72.945s step_avg:37.60ms
step:1941/3250 train_time:73.099s step_avg:37.66ms
step:1942/3250 train_time:73.253s step_avg:37.72ms
step:1943/3250 train_time:73.408s step_avg:37.78ms
step:1944/3250 train_time:73.563s step_avg:37.84ms
step:1945/3250 train_time:73.718s step_avg:37.90ms
step:1946/3250 train_time:73.871s step_avg:37.96ms
step:1947/3250 train_time:74.025s step_avg:38.02ms
step:1948/3250 train_time:74.178s step_avg:38.08ms
step:1949/3250 train_time:74.332s step_avg:38.14ms
step:1950/3250 train_time:74.487s step_avg:38.20ms
step:1951/3250 train_time:74.641s step_avg:38.26ms
step:1952/3250 train_time:74.796s step_avg:38.32ms
step:1953/3250 train_time:74.949s step_avg:38.38ms
step:1954/3250 train_time:75.103s step_avg:38.44ms
step:1955/3250 train_time:75.257s step_avg:38.49ms
step:1956/3250 train_time:75.411s step_avg:38.55ms
step:1957/3250 train_time:75.567s step_avg:38.61ms
step:1958/3250 train_time:75.721s step_avg:38.67ms
step:1959/3250 train_time:75.875s step_avg:38.73ms
step:1960/3250 train_time:76.028s step_avg:38.79ms
step:1961/3250 train_time:76.181s step_avg:38.85ms
step:1962/3250 train_time:76.336s step_avg:38.91ms
step:1963/3250 train_time:76.490s step_avg:38.97ms
step:1964/3250 train_time:76.645s step_avg:39.02ms
step:1965/3250 train_time:76.799s step_avg:39.08ms
step:1966/3250 train_time:76.953s step_avg:39.14ms
step:1967/3250 train_time:77.108s step_avg:39.20ms
step:1968/3250 train_time:77.264s step_avg:39.26ms
step:1969/3250 train_time:77.418s step_avg:39.32ms
step:1970/3250 train_time:77.572s step_avg:39.38ms
step:1971/3250 train_time:77.725s step_avg:39.43ms
step:1972/3250 train_time:77.878s step_avg:39.49ms
step:1973/3250 train_time:78.032s step_avg:39.55ms
step:1974/3250 train_time:78.187s step_avg:39.61ms
step:1975/3250 train_time:78.340s step_avg:39.67ms
step:1976/3250 train_time:78.496s step_avg:39.72ms
step:1977/3250 train_time:78.648s step_avg:39.78ms
step:1978/3250 train_time:78.803s step_avg:39.84ms
step:1979/3250 train_time:78.959s step_avg:39.90ms
step:1980/3250 train_time:79.113s step_avg:39.96ms
step:1981/3250 train_time:79.267s step_avg:40.01ms
step:1982/3250 train_time:79.421s step_avg:40.07ms
step:1983/3250 train_time:79.575s step_avg:40.13ms
step:1984/3250 train_time:79.728s step_avg:40.19ms
step:1985/3250 train_time:79.882s step_avg:40.24ms
step:1986/3250 train_time:80.037s step_avg:40.30ms
step:1987/3250 train_time:80.191s step_avg:40.36ms
step:1988/3250 train_time:80.346s step_avg:40.42ms
step:1989/3250 train_time:80.500s step_avg:40.47ms
step:1990/3250 train_time:80.654s step_avg:40.53ms
step:1991/3250 train_time:80.808s step_avg:40.59ms
step:1992/3250 train_time:80.961s step_avg:40.64ms
step:1993/3250 train_time:81.117s step_avg:40.70ms
step:1994/3250 train_time:81.270s step_avg:40.76ms
step:1995/3250 train_time:81.425s step_avg:40.81ms
step:1996/3250 train_time:81.580s step_avg:40.87ms
step:1997/3250 train_time:81.733s step_avg:40.93ms
step:1998/3250 train_time:81.889s step_avg:40.99ms
step:1999/3250 train_time:82.043s step_avg:41.04ms
step:2000/3250 train_time:82.198s step_avg:41.10ms
step:2000/3250 val_loss:3.62472 train_time:82.210s step_avg:159.18ms
step:2001/3250 train_time:82.946s step_avg:41.45ms
step:2002/3250 train_time:83.090s step_avg:41.50ms
step:2003/3250 train_time:83.243s step_avg:41.56ms
step:2004/3250 train_time:83.397s step_avg:41.62ms
step:2005/3250 train_time:83.549s step_avg:41.67ms
step:2006/3250 train_time:83.702s step_avg:41.73ms
step:2007/3250 train_time:83.854s step_avg:41.78ms
step:2008/3250 train_time:84.008s step_avg:41.84ms
step:2009/3250 train_time:84.164s step_avg:41.89ms
step:2010/3250 train_time:84.318s step_avg:41.95ms
step:2011/3250 train_time:84.472s step_avg:42.00ms
step:2012/3250 train_time:84.626s step_avg:42.06ms
step:2013/3250 train_time:84.778s step_avg:42.12ms
step:2014/3250 train_time:84.931s step_avg:42.17ms
step:2015/3250 train_time:85.085s step_avg:42.23ms
step:2016/3250 train_time:85.240s step_avg:42.28ms
step:2017/3250 train_time:85.395s step_avg:42.34ms
step:2018/3250 train_time:85.549s step_avg:42.39ms
step:2019/3250 train_time:85.703s step_avg:42.45ms
step:2020/3250 train_time:85.857s step_avg:42.50ms
step:2021/3250 train_time:86.011s step_avg:42.56ms
step:2022/3250 train_time:86.166s step_avg:42.61ms
step:2023/3250 train_time:86.320s step_avg:42.67ms
step:2024/3250 train_time:86.473s step_avg:42.72ms
step:2025/3250 train_time:86.628s step_avg:42.78ms
step:2026/3250 train_time:86.783s step_avg:42.83ms
step:2027/3250 train_time:86.938s step_avg:42.89ms
step:2028/3250 train_time:87.093s step_avg:42.95ms
step:2029/3250 train_time:87.246s step_avg:43.00ms
step:2030/3250 train_time:87.402s step_avg:43.05ms
step:2031/3250 train_time:87.554s step_avg:43.11ms
step:2032/3250 train_time:87.708s step_avg:43.16ms
step:2033/3250 train_time:87.864s step_avg:43.22ms
step:2034/3250 train_time:88.018s step_avg:43.27ms
step:2035/3250 train_time:88.172s step_avg:43.33ms
step:2036/3250 train_time:88.326s step_avg:43.38ms
step:2037/3250 train_time:88.480s step_avg:43.44ms
step:2038/3250 train_time:88.635s step_avg:43.49ms
step:2039/3250 train_time:88.789s step_avg:43.55ms
step:2040/3250 train_time:88.944s step_avg:43.60ms
step:2041/3250 train_time:89.098s step_avg:43.65ms
step:2042/3250 train_time:89.251s step_avg:43.71ms
step:2043/3250 train_time:89.405s step_avg:43.76ms
step:2044/3250 train_time:89.559s step_avg:43.82ms
step:2045/3250 train_time:89.714s step_avg:43.87ms
step:2046/3250 train_time:89.868s step_avg:43.92ms
step:2047/3250 train_time:90.023s step_avg:43.98ms
step:2048/3250 train_time:90.176s step_avg:44.03ms
step:2049/3250 train_time:90.330s step_avg:44.08ms
step:2050/3250 train_time:90.484s step_avg:44.14ms
step:2051/3250 train_time:90.638s step_avg:44.19ms
step:2052/3250 train_time:90.793s step_avg:44.25ms
step:2053/3250 train_time:90.946s step_avg:44.30ms
step:2054/3250 train_time:91.101s step_avg:44.35ms
step:2055/3250 train_time:91.255s step_avg:44.41ms
step:2056/3250 train_time:91.410s step_avg:44.46ms
step:2057/3250 train_time:91.565s step_avg:44.51ms
step:2058/3250 train_time:91.720s step_avg:44.57ms
step:2059/3250 train_time:91.872s step_avg:44.62ms
step:2060/3250 train_time:92.026s step_avg:44.67ms
step:2061/3250 train_time:92.178s step_avg:44.73ms
step:2062/3250 train_time:92.334s step_avg:44.78ms
step:2063/3250 train_time:92.487s step_avg:44.83ms
step:2064/3250 train_time:92.641s step_avg:44.88ms
step:2065/3250 train_time:92.795s step_avg:44.94ms
step:2066/3250 train_time:92.950s step_avg:44.99ms
step:2067/3250 train_time:93.105s step_avg:45.04ms
step:2068/3250 train_time:93.259s step_avg:45.10ms
step:2069/3250 train_time:93.414s step_avg:45.15ms
step:2070/3250 train_time:93.567s step_avg:45.20ms
step:2071/3250 train_time:93.721s step_avg:45.25ms
step:2072/3250 train_time:93.874s step_avg:45.31ms
step:2073/3250 train_time:94.028s step_avg:45.36ms
step:2074/3250 train_time:94.183s step_avg:45.41ms
step:2075/3250 train_time:94.337s step_avg:45.46ms
step:2076/3250 train_time:94.492s step_avg:45.52ms
step:2077/3250 train_time:94.647s step_avg:45.57ms
step:2078/3250 train_time:94.801s step_avg:45.62ms
step:2079/3250 train_time:94.955s step_avg:45.67ms
step:2080/3250 train_time:95.108s step_avg:45.73ms
step:2081/3250 train_time:95.263s step_avg:45.78ms
step:2082/3250 train_time:95.416s step_avg:45.83ms
step:2083/3250 train_time:95.570s step_avg:45.88ms
step:2084/3250 train_time:95.724s step_avg:45.93ms
step:2085/3250 train_time:95.877s step_avg:45.98ms
step:2086/3250 train_time:96.032s step_avg:46.04ms
step:2087/3250 train_time:96.188s step_avg:46.09ms
step:2088/3250 train_time:96.344s step_avg:46.14ms
step:2089/3250 train_time:96.497s step_avg:46.19ms
step:2090/3250 train_time:96.651s step_avg:46.24ms
step:2091/3250 train_time:96.841s step_avg:46.31ms
step:2092/3250 train_time:96.994s step_avg:46.36ms
step:2093/3250 train_time:97.147s step_avg:46.42ms
step:2094/3250 train_time:97.302s step_avg:46.47ms
step:2095/3250 train_time:97.455s step_avg:46.52ms
step:2096/3250 train_time:97.609s step_avg:46.57ms
step:2097/3250 train_time:97.764s step_avg:46.62ms
step:2098/3250 train_time:97.918s step_avg:46.67ms
step:2099/3250 train_time:98.073s step_avg:46.72ms
step:2100/3250 train_time:98.226s step_avg:46.77ms
step:2101/3250 train_time:98.380s step_avg:46.83ms
step:2102/3250 train_time:98.534s step_avg:46.88ms
step:2103/3250 train_time:98.688s step_avg:46.93ms
step:2104/3250 train_time:98.843s step_avg:46.98ms
step:2105/3250 train_time:98.997s step_avg:47.03ms
step:2106/3250 train_time:99.150s step_avg:47.08ms
step:2107/3250 train_time:99.304s step_avg:47.13ms
step:2108/3250 train_time:99.457s step_avg:47.18ms
step:2109/3250 train_time:99.612s step_avg:47.23ms
step:2110/3250 train_time:99.766s step_avg:47.28ms
step:2111/3250 train_time:99.921s step_avg:47.33ms
step:2112/3250 train_time:100.075s step_avg:47.38ms
step:2113/3250 train_time:100.229s step_avg:47.43ms
step:2114/3250 train_time:100.386s step_avg:47.49ms
step:2115/3250 train_time:100.540s step_avg:47.54ms
step:2116/3250 train_time:100.693s step_avg:47.59ms
step:2117/3250 train_time:100.847s step_avg:47.64ms
step:2118/3250 train_time:101.002s step_avg:47.69ms
step:2119/3250 train_time:101.156s step_avg:47.74ms
step:2120/3250 train_time:101.309s step_avg:47.79ms
step:2121/3250 train_time:101.464s step_avg:47.84ms
step:2122/3250 train_time:101.618s step_avg:47.89ms
step:2123/3250 train_time:101.773s step_avg:47.94ms
step:2124/3250 train_time:101.928s step_avg:47.99ms
step:2125/3250 train_time:102.082s step_avg:48.04ms
step:2125/3250 val_loss:3.61195 train_time:102.094s step_avg:159.07ms
step:2126/3250 train_time:102.833s step_avg:48.37ms
step:2127/3250 train_time:102.972s step_avg:48.41ms
step:2128/3250 train_time:103.125s step_avg:48.46ms
step:2129/3250 train_time:103.279s step_avg:48.51ms
step:2130/3250 train_time:103.433s step_avg:48.56ms
step:2131/3250 train_time:103.586s step_avg:48.61ms
step:2132/3250 train_time:103.740s step_avg:48.66ms
step:2133/3250 train_time:103.894s step_avg:48.71ms
step:2134/3250 train_time:104.048s step_avg:48.76ms
step:2135/3250 train_time:104.203s step_avg:48.81ms
step:2136/3250 train_time:104.357s step_avg:48.86ms
step:2137/3250 train_time:104.510s step_avg:48.91ms
step:2138/3250 train_time:104.665s step_avg:48.95ms
step:2139/3250 train_time:104.819s step_avg:49.00ms
step:2140/3250 train_time:104.974s step_avg:49.05ms
step:2141/3250 train_time:105.127s step_avg:49.10ms
step:2142/3250 train_time:105.282s step_avg:49.15ms
step:2143/3250 train_time:105.437s step_avg:49.20ms
step:2144/3250 train_time:105.592s step_avg:49.25ms
step:2145/3250 train_time:105.745s step_avg:49.30ms
step:2146/3250 train_time:105.899s step_avg:49.35ms
step:2147/3250 train_time:106.055s step_avg:49.40ms
step:2148/3250 train_time:106.208s step_avg:49.44ms
step:2149/3250 train_time:106.362s step_avg:49.49ms
step:2150/3250 train_time:106.515s step_avg:49.54ms
step:2151/3250 train_time:106.668s step_avg:49.59ms
step:2152/3250 train_time:106.823s step_avg:49.64ms
step:2153/3250 train_time:106.977s step_avg:49.69ms
step:2154/3250 train_time:107.131s step_avg:49.74ms
step:2155/3250 train_time:107.284s step_avg:49.78ms
step:2156/3250 train_time:107.437s step_avg:49.83ms
step:2157/3250 train_time:107.592s step_avg:49.88ms
step:2158/3250 train_time:107.746s step_avg:49.93ms
step:2159/3250 train_time:107.901s step_avg:49.98ms
step:2160/3250 train_time:108.056s step_avg:50.03ms
step:2161/3250 train_time:108.210s step_avg:50.07ms
step:2162/3250 train_time:108.364s step_avg:50.12ms
step:2163/3250 train_time:108.519s step_avg:50.17ms
step:2164/3250 train_time:108.674s step_avg:50.22ms
step:2165/3250 train_time:108.828s step_avg:50.27ms
step:2166/3250 train_time:108.981s step_avg:50.31ms
step:2167/3250 train_time:109.135s step_avg:50.36ms
step:2168/3250 train_time:109.288s step_avg:50.41ms
step:2169/3250 train_time:109.443s step_avg:50.46ms
step:2170/3250 train_time:109.597s step_avg:50.51ms
step:2171/3250 train_time:109.752s step_avg:50.55ms
step:2172/3250 train_time:109.905s step_avg:50.60ms
step:2173/3250 train_time:110.059s step_avg:50.65ms
step:2174/3250 train_time:110.213s step_avg:50.70ms
step:2175/3250 train_time:110.367s step_avg:50.74ms
step:2176/3250 train_time:110.522s step_avg:50.79ms
step:2177/3250 train_time:110.676s step_avg:50.84ms
step:2178/3250 train_time:110.829s step_avg:50.89ms
step:2179/3250 train_time:110.984s step_avg:50.93ms
step:2180/3250 train_time:111.138s step_avg:50.98ms
step:2181/3250 train_time:111.294s step_avg:51.03ms
step:2182/3250 train_time:111.448s step_avg:51.08ms
step:2183/3250 train_time:111.602s step_avg:51.12ms
step:2184/3250 train_time:111.756s step_avg:51.17ms
step:2185/3250 train_time:111.910s step_avg:51.22ms
step:2186/3250 train_time:112.064s step_avg:51.26ms
step:2187/3250 train_time:112.219s step_avg:51.31ms
step:2188/3250 train_time:112.374s step_avg:51.36ms
step:2189/3250 train_time:112.528s step_avg:51.41ms
step:2190/3250 train_time:112.682s step_avg:51.45ms
step:2191/3250 train_time:112.835s step_avg:51.50ms
step:2192/3250 train_time:112.989s step_avg:51.55ms
step:2193/3250 train_time:113.145s step_avg:51.59ms
step:2194/3250 train_time:113.298s step_avg:51.64ms
step:2195/3250 train_time:113.452s step_avg:51.69ms
step:2196/3250 train_time:113.605s step_avg:51.73ms
step:2197/3250 train_time:113.760s step_avg:51.78ms
step:2198/3250 train_time:113.914s step_avg:51.83ms
step:2199/3250 train_time:114.067s step_avg:51.87ms
step:2200/3250 train_time:114.222s step_avg:51.92ms
step:2201/3250 train_time:114.378s step_avg:51.97ms
step:2202/3250 train_time:114.531s step_avg:52.01ms
step:2203/3250 train_time:114.685s step_avg:52.06ms
step:2204/3250 train_time:114.839s step_avg:52.10ms
step:2205/3250 train_time:114.993s step_avg:52.15ms
step:2206/3250 train_time:115.147s step_avg:52.20ms
step:2207/3250 train_time:115.302s step_avg:52.24ms
step:2208/3250 train_time:115.458s step_avg:52.29ms
step:2209/3250 train_time:115.612s step_avg:52.34ms
step:2210/3250 train_time:115.765s step_avg:52.38ms
step:2211/3250 train_time:115.919s step_avg:52.43ms
step:2212/3250 train_time:116.074s step_avg:52.47ms
step:2213/3250 train_time:116.229s step_avg:52.52ms
step:2214/3250 train_time:116.382s step_avg:52.57ms
step:2215/3250 train_time:116.535s step_avg:52.61ms
step:2216/3250 train_time:116.689s step_avg:52.66ms
step:2217/3250 train_time:116.843s step_avg:52.70ms
step:2218/3250 train_time:116.997s step_avg:52.75ms
step:2219/3250 train_time:117.151s step_avg:52.79ms
step:2220/3250 train_time:117.305s step_avg:52.84ms
step:2221/3250 train_time:117.459s step_avg:52.89ms
step:2222/3250 train_time:117.612s step_avg:52.93ms
step:2223/3250 train_time:117.766s step_avg:52.98ms
step:2224/3250 train_time:117.919s step_avg:53.02ms
step:2225/3250 train_time:118.075s step_avg:53.07ms
step:2226/3250 train_time:118.230s step_avg:53.11ms
step:2227/3250 train_time:118.383s step_avg:53.16ms
step:2228/3250 train_time:118.536s step_avg:53.20ms
step:2229/3250 train_time:118.689s step_avg:53.25ms
step:2230/3250 train_time:118.844s step_avg:53.29ms
step:2231/3250 train_time:118.998s step_avg:53.34ms
step:2232/3250 train_time:119.153s step_avg:53.38ms
step:2233/3250 train_time:119.306s step_avg:53.43ms
step:2234/3250 train_time:119.461s step_avg:53.47ms
step:2235/3250 train_time:119.614s step_avg:53.52ms
step:2236/3250 train_time:119.768s step_avg:53.56ms
step:2237/3250 train_time:119.923s step_avg:53.61ms
step:2238/3250 train_time:120.076s step_avg:53.65ms
step:2239/3250 train_time:120.230s step_avg:53.70ms
step:2240/3250 train_time:120.384s step_avg:53.74ms
step:2241/3250 train_time:120.537s step_avg:53.79ms
step:2242/3250 train_time:120.692s step_avg:53.83ms
step:2243/3250 train_time:120.846s step_avg:53.88ms
step:2244/3250 train_time:121.001s step_avg:53.92ms
step:2245/3250 train_time:121.156s step_avg:53.97ms
step:2246/3250 train_time:121.310s step_avg:54.01ms
step:2247/3250 train_time:121.464s step_avg:54.06ms
step:2248/3250 train_time:121.618s step_avg:54.10ms
step:2249/3250 train_time:121.773s step_avg:54.15ms
step:2250/3250 train_time:121.926s step_avg:54.19ms
step:2250/3250 val_loss:3.60394 train_time:121.938s step_avg:158.76ms
step:2251/3250 train_time:122.639s step_avg:54.48ms
step:2252/3250 train_time:122.777s step_avg:54.52ms
step:2253/3250 train_time:122.930s step_avg:54.56ms
step:2254/3250 train_time:123.084s step_avg:54.61ms
step:2255/3250 train_time:123.236s step_avg:54.65ms
step:2256/3250 train_time:123.389s step_avg:54.69ms
step:2257/3250 train_time:123.542s step_avg:54.74ms
step:2258/3250 train_time:123.696s step_avg:54.78ms
step:2259/3250 train_time:123.850s step_avg:54.83ms
step:2260/3250 train_time:124.006s step_avg:54.87ms
step:2261/3250 train_time:124.159s step_avg:54.91ms
step:2262/3250 train_time:124.313s step_avg:54.96ms
step:2263/3250 train_time:124.466s step_avg:55.00ms
step:2264/3250 train_time:124.619s step_avg:55.04ms
step:2265/3250 train_time:124.774s step_avg:55.09ms
step:2266/3250 train_time:124.928s step_avg:55.13ms
step:2267/3250 train_time:125.082s step_avg:55.18ms
step:2268/3250 train_time:125.235s step_avg:55.22ms
step:2269/3250 train_time:125.389s step_avg:55.26ms
step:2270/3250 train_time:125.541s step_avg:55.30ms
step:2271/3250 train_time:125.695s step_avg:55.35ms
step:2272/3250 train_time:125.848s step_avg:55.39ms
step:2273/3250 train_time:126.002s step_avg:55.43ms
step:2274/3250 train_time:126.156s step_avg:55.48ms
step:2275/3250 train_time:126.311s step_avg:55.52ms
step:2276/3250 train_time:126.465s step_avg:55.56ms
step:2277/3250 train_time:126.619s step_avg:55.61ms
step:2278/3250 train_time:126.773s step_avg:55.65ms
step:2279/3250 train_time:126.927s step_avg:55.69ms
step:2280/3250 train_time:127.081s step_avg:55.74ms
step:2281/3250 train_time:127.279s step_avg:55.80ms
step:2282/3250 train_time:127.433s step_avg:55.84ms
step:2283/3250 train_time:127.586s step_avg:55.89ms
step:2284/3250 train_time:127.739s step_avg:55.93ms
step:2285/3250 train_time:127.893s step_avg:55.97ms
step:2286/3250 train_time:128.047s step_avg:56.01ms
step:2287/3250 train_time:128.202s step_avg:56.06ms
step:2288/3250 train_time:128.355s step_avg:56.10ms
step:2289/3250 train_time:128.509s step_avg:56.14ms
step:2290/3250 train_time:128.663s step_avg:56.18ms
step:2291/3250 train_time:128.816s step_avg:56.23ms
step:2292/3250 train_time:128.969s step_avg:56.27ms
step:2293/3250 train_time:129.125s step_avg:56.31ms
step:2294/3250 train_time:129.280s step_avg:56.36ms
step:2295/3250 train_time:129.433s step_avg:56.40ms
step:2296/3250 train_time:129.587s step_avg:56.44ms
step:2297/3250 train_time:129.739s step_avg:56.48ms
step:2298/3250 train_time:129.894s step_avg:56.52ms
step:2299/3250 train_time:130.051s step_avg:56.57ms
step:2300/3250 train_time:130.205s step_avg:56.61ms
step:2301/3250 train_time:130.361s step_avg:56.65ms
step:2302/3250 train_time:130.515s step_avg:56.70ms
step:2303/3250 train_time:130.668s step_avg:56.74ms
step:2304/3250 train_time:130.823s step_avg:56.78ms
step:2305/3250 train_time:130.977s step_avg:56.82ms
step:2306/3250 train_time:131.132s step_avg:56.87ms
step:2307/3250 train_time:131.286s step_avg:56.91ms
step:2308/3250 train_time:131.439s step_avg:56.95ms
step:2309/3250 train_time:131.594s step_avg:56.99ms
step:2310/3250 train_time:131.748s step_avg:57.03ms
step:2311/3250 train_time:131.903s step_avg:57.08ms
step:2312/3250 train_time:132.056s step_avg:57.12ms
step:2313/3250 train_time:132.210s step_avg:57.16ms
step:2314/3250 train_time:132.364s step_avg:57.20ms
step:2315/3250 train_time:132.517s step_avg:57.24ms
step:2316/3250 train_time:132.671s step_avg:57.28ms
step:2317/3250 train_time:132.827s step_avg:57.33ms
step:2318/3250 train_time:132.982s step_avg:57.37ms
step:2319/3250 train_time:133.135s step_avg:57.41ms
step:2320/3250 train_time:133.289s step_avg:57.45ms
step:2321/3250 train_time:133.443s step_avg:57.49ms
step:2322/3250 train_time:133.596s step_avg:57.53ms
step:2323/3250 train_time:133.750s step_avg:57.58ms
step:2324/3250 train_time:133.907s step_avg:57.62ms
step:2325/3250 train_time:134.061s step_avg:57.66ms
step:2326/3250 train_time:134.215s step_avg:57.70ms
step:2327/3250 train_time:134.368s step_avg:57.74ms
step:2328/3250 train_time:134.522s step_avg:57.78ms
step:2329/3250 train_time:134.677s step_avg:57.83ms
step:2330/3250 train_time:134.832s step_avg:57.87ms
step:2331/3250 train_time:134.986s step_avg:57.91ms
step:2332/3250 train_time:135.139s step_avg:57.95ms
step:2333/3250 train_time:135.295s step_avg:57.99ms
step:2334/3250 train_time:135.449s step_avg:58.03ms
step:2335/3250 train_time:135.602s step_avg:58.07ms
step:2336/3250 train_time:135.755s step_avg:58.11ms
step:2337/3250 train_time:135.909s step_avg:58.16ms
step:2338/3250 train_time:136.063s step_avg:58.20ms
step:2339/3250 train_time:136.216s step_avg:58.24ms
step:2340/3250 train_time:136.370s step_avg:58.28ms
step:2341/3250 train_time:136.524s step_avg:58.32ms
step:2342/3250 train_time:136.677s step_avg:58.36ms
step:2343/3250 train_time:136.831s step_avg:58.40ms
step:2344/3250 train_time:136.985s step_avg:58.44ms
step:2345/3250 train_time:137.138s step_avg:58.48ms
step:2346/3250 train_time:137.292s step_avg:58.52ms
step:2347/3250 train_time:137.446s step_avg:58.56ms
step:2348/3250 train_time:137.599s step_avg:58.60ms
step:2349/3250 train_time:137.754s step_avg:58.64ms
step:2350/3250 train_time:137.908s step_avg:58.68ms
step:2351/3250 train_time:138.062s step_avg:58.73ms
step:2352/3250 train_time:138.216s step_avg:58.77ms
step:2353/3250 train_time:138.369s step_avg:58.81ms
step:2354/3250 train_time:138.525s step_avg:58.85ms
step:2355/3250 train_time:138.679s step_avg:58.89ms
step:2356/3250 train_time:138.834s step_avg:58.93ms
step:2357/3250 train_time:138.988s step_avg:58.97ms
step:2358/3250 train_time:139.142s step_avg:59.01ms
step:2359/3250 train_time:139.297s step_avg:59.05ms
step:2360/3250 train_time:139.452s step_avg:59.09ms
step:2361/3250 train_time:139.607s step_avg:59.13ms
step:2362/3250 train_time:139.760s step_avg:59.17ms
step:2363/3250 train_time:139.913s step_avg:59.21ms
step:2364/3250 train_time:140.066s step_avg:59.25ms
step:2365/3250 train_time:140.220s step_avg:59.29ms
step:2366/3250 train_time:140.375s step_avg:59.33ms
step:2367/3250 train_time:140.528s step_avg:59.37ms
step:2368/3250 train_time:140.683s step_avg:59.41ms
step:2369/3250 train_time:140.836s step_avg:59.45ms
step:2370/3250 train_time:140.989s step_avg:59.49ms
step:2371/3250 train_time:141.144s step_avg:59.53ms
step:2372/3250 train_time:141.298s step_avg:59.57ms
step:2373/3250 train_time:141.454s step_avg:59.61ms
step:2374/3250 train_time:141.608s step_avg:59.65ms
step:2375/3250 train_time:141.762s step_avg:59.69ms
step:2375/3250 val_loss:3.59003 train_time:141.774s step_avg:158.68ms
step:2376/3250 train_time:142.502s step_avg:59.98ms
step:2377/3250 train_time:142.643s step_avg:60.01ms
step:2378/3250 train_time:142.796s step_avg:60.05ms
step:2379/3250 train_time:142.948s step_avg:60.09ms
step:2380/3250 train_time:143.101s step_avg:60.13ms
step:2381/3250 train_time:143.256s step_avg:60.17ms
step:2382/3250 train_time:143.409s step_avg:60.21ms
step:2383/3250 train_time:143.563s step_avg:60.24ms
step:2384/3250 train_time:143.717s step_avg:60.28ms
step:2385/3250 train_time:143.870s step_avg:60.32ms
step:2386/3250 train_time:144.025s step_avg:60.36ms
step:2387/3250 train_time:144.178s step_avg:60.40ms
step:2388/3250 train_time:144.333s step_avg:60.44ms
step:2389/3250 train_time:144.487s step_avg:60.48ms
step:2390/3250 train_time:144.640s step_avg:60.52ms
step:2391/3250 train_time:144.794s step_avg:60.56ms
step:2392/3250 train_time:144.948s step_avg:60.60ms
step:2393/3250 train_time:145.103s step_avg:60.64ms
step:2394/3250 train_time:145.257s step_avg:60.68ms
step:2395/3250 train_time:145.412s step_avg:60.71ms
step:2396/3250 train_time:145.566s step_avg:60.75ms
step:2397/3250 train_time:145.720s step_avg:60.79ms
step:2398/3250 train_time:145.875s step_avg:60.83ms
step:2399/3250 train_time:146.029s step_avg:60.87ms
step:2400/3250 train_time:146.183s step_avg:60.91ms
step:2401/3250 train_time:146.337s step_avg:60.95ms
step:2402/3250 train_time:146.491s step_avg:60.99ms
step:2403/3250 train_time:146.645s step_avg:61.03ms
step:2404/3250 train_time:146.797s step_avg:61.06ms
step:2405/3250 train_time:146.952s step_avg:61.10ms
step:2406/3250 train_time:147.107s step_avg:61.14ms
step:2407/3250 train_time:147.261s step_avg:61.18ms
step:2408/3250 train_time:147.416s step_avg:61.22ms
step:2409/3250 train_time:147.570s step_avg:61.26ms
step:2410/3250 train_time:147.724s step_avg:61.30ms
step:2411/3250 train_time:147.878s step_avg:61.33ms
step:2412/3250 train_time:148.034s step_avg:61.37ms
step:2413/3250 train_time:148.187s step_avg:61.41ms
step:2414/3250 train_time:148.341s step_avg:61.45ms
step:2415/3250 train_time:148.495s step_avg:61.49ms
step:2416/3250 train_time:148.649s step_avg:61.53ms
step:2417/3250 train_time:148.803s step_avg:61.57ms
step:2418/3250 train_time:148.958s step_avg:61.60ms
step:2419/3250 train_time:149.114s step_avg:61.64ms
step:2420/3250 train_time:149.267s step_avg:61.68ms
step:2421/3250 train_time:149.421s step_avg:61.72ms
step:2422/3250 train_time:149.575s step_avg:61.76ms
step:2423/3250 train_time:149.729s step_avg:61.79ms
step:2424/3250 train_time:149.883s step_avg:61.83ms
step:2425/3250 train_time:150.040s step_avg:61.87ms
step:2426/3250 train_time:150.194s step_avg:61.91ms
step:2427/3250 train_time:150.348s step_avg:61.95ms
step:2428/3250 train_time:150.502s step_avg:61.99ms
step:2429/3250 train_time:150.656s step_avg:62.02ms
step:2430/3250 train_time:150.811s step_avg:62.06ms
step:2431/3250 train_time:150.965s step_avg:62.10ms
step:2432/3250 train_time:151.119s step_avg:62.14ms
step:2433/3250 train_time:151.274s step_avg:62.18ms
step:2434/3250 train_time:151.428s step_avg:62.21ms
step:2435/3250 train_time:151.583s step_avg:62.25ms
step:2436/3250 train_time:151.738s step_avg:62.29ms
step:2437/3250 train_time:151.891s step_avg:62.33ms
step:2438/3250 train_time:152.046s step_avg:62.36ms
step:2439/3250 train_time:152.200s step_avg:62.40ms
step:2440/3250 train_time:152.356s step_avg:62.44ms
step:2441/3250 train_time:152.510s step_avg:62.48ms
step:2442/3250 train_time:152.664s step_avg:62.52ms
step:2443/3250 train_time:152.818s step_avg:62.55ms
step:2444/3250 train_time:152.971s step_avg:62.59ms
step:2445/3250 train_time:153.126s step_avg:62.63ms
step:2446/3250 train_time:153.280s step_avg:62.67ms
step:2447/3250 train_time:153.435s step_avg:62.70ms
step:2448/3250 train_time:153.589s step_avg:62.74ms
step:2449/3250 train_time:153.743s step_avg:62.78ms
step:2450/3250 train_time:153.897s step_avg:62.81ms
step:2451/3250 train_time:154.051s step_avg:62.85ms
step:2452/3250 train_time:154.206s step_avg:62.89ms
step:2453/3250 train_time:154.360s step_avg:62.93ms
step:2454/3250 train_time:154.513s step_avg:62.96ms
step:2455/3250 train_time:154.666s step_avg:63.00ms
step:2456/3250 train_time:154.820s step_avg:63.04ms
step:2457/3250 train_time:154.974s step_avg:63.07ms
step:2458/3250 train_time:155.127s step_avg:63.11ms
step:2459/3250 train_time:155.282s step_avg:63.15ms
step:2460/3250 train_time:155.438s step_avg:63.19ms
step:2461/3250 train_time:155.591s step_avg:63.22ms
step:2462/3250 train_time:155.744s step_avg:63.26ms
step:2463/3250 train_time:155.897s step_avg:63.30ms
step:2464/3250 train_time:156.050s step_avg:63.33ms
step:2465/3250 train_time:156.205s step_avg:63.37ms
step:2466/3250 train_time:156.360s step_avg:63.41ms
step:2467/3250 train_time:156.515s step_avg:63.44ms
step:2468/3250 train_time:156.668s step_avg:63.48ms
step:2469/3250 train_time:156.821s step_avg:63.52ms
step:2470/3250 train_time:156.975s step_avg:63.55ms
step:2471/3250 train_time:157.165s step_avg:63.60ms
step:2472/3250 train_time:157.318s step_avg:63.64ms
step:2473/3250 train_time:157.471s step_avg:63.68ms
step:2474/3250 train_time:157.626s step_avg:63.71ms
step:2475/3250 train_time:157.779s step_avg:63.75ms
step:2476/3250 train_time:157.932s step_avg:63.79ms
step:2477/3250 train_time:158.087s step_avg:63.82ms
step:2478/3250 train_time:158.242s step_avg:63.86ms
step:2479/3250 train_time:158.397s step_avg:63.90ms
step:2480/3250 train_time:158.550s step_avg:63.93ms
step:2481/3250 train_time:158.705s step_avg:63.97ms
step:2482/3250 train_time:158.859s step_avg:64.00ms
step:2483/3250 train_time:159.013s step_avg:64.04ms
step:2484/3250 train_time:159.165s step_avg:64.08ms
step:2485/3250 train_time:159.320s step_avg:64.11ms
step:2486/3250 train_time:159.475s step_avg:64.15ms
step:2487/3250 train_time:159.631s step_avg:64.19ms
step:2488/3250 train_time:159.786s step_avg:64.22ms
step:2489/3250 train_time:159.939s step_avg:64.26ms
step:2490/3250 train_time:160.094s step_avg:64.29ms
step:2491/3250 train_time:160.247s step_avg:64.33ms
step:2492/3250 train_time:160.401s step_avg:64.37ms
step:2493/3250 train_time:160.557s step_avg:64.40ms
step:2494/3250 train_time:160.710s step_avg:64.44ms
step:2495/3250 train_time:160.864s step_avg:64.47ms
step:2496/3250 train_time:161.018s step_avg:64.51ms
step:2497/3250 train_time:161.172s step_avg:64.55ms
step:2498/3250 train_time:161.326s step_avg:64.58ms
step:2499/3250 train_time:161.480s step_avg:64.62ms
step:2500/3250 train_time:161.635s step_avg:64.65ms
step:2500/3250 val_loss:3.58446 train_time:161.647s step_avg:158.99ms
step:2501/3250 train_time:162.385s step_avg:64.93ms
step:2502/3250 train_time:162.527s step_avg:64.96ms
step:2503/3250 train_time:162.680s step_avg:64.99ms
step:2504/3250 train_time:162.835s step_avg:65.03ms
step:2505/3250 train_time:162.988s step_avg:65.07ms
step:2506/3250 train_time:163.141s step_avg:65.10ms
step:2507/3250 train_time:163.296s step_avg:65.14ms
step:2508/3250 train_time:163.448s step_avg:65.17ms
step:2509/3250 train_time:163.601s step_avg:65.21ms
step:2510/3250 train_time:163.757s step_avg:65.24ms
step:2511/3250 train_time:163.911s step_avg:65.28ms
step:2512/3250 train_time:164.066s step_avg:65.31ms
step:2513/3250 train_time:164.219s step_avg:65.35ms
step:2514/3250 train_time:164.373s step_avg:65.38ms
step:2515/3250 train_time:164.526s step_avg:65.42ms
step:2516/3250 train_time:164.680s step_avg:65.45ms
step:2517/3250 train_time:164.835s step_avg:65.49ms
step:2518/3250 train_time:164.990s step_avg:65.52ms
step:2519/3250 train_time:165.146s step_avg:65.56ms
step:2520/3250 train_time:165.298s step_avg:65.59ms
step:2521/3250 train_time:165.453s step_avg:65.63ms
step:2522/3250 train_time:165.608s step_avg:65.67ms
step:2523/3250 train_time:165.762s step_avg:65.70ms
step:2524/3250 train_time:165.916s step_avg:65.74ms
step:2525/3250 train_time:166.070s step_avg:65.77ms
step:2526/3250 train_time:166.225s step_avg:65.81ms
step:2527/3250 train_time:166.379s step_avg:65.84ms
step:2528/3250 train_time:166.532s step_avg:65.88ms
step:2529/3250 train_time:166.687s step_avg:65.91ms
step:2530/3250 train_time:166.840s step_avg:65.94ms
step:2531/3250 train_time:166.994s step_avg:65.98ms
step:2532/3250 train_time:167.148s step_avg:66.01ms
step:2533/3250 train_time:167.302s step_avg:66.05ms
step:2534/3250 train_time:167.456s step_avg:66.08ms
step:2535/3250 train_time:167.610s step_avg:66.12ms
step:2536/3250 train_time:167.766s step_avg:66.15ms
step:2537/3250 train_time:167.920s step_avg:66.19ms
step:2538/3250 train_time:168.073s step_avg:66.22ms
step:2539/3250 train_time:168.226s step_avg:66.26ms
step:2540/3250 train_time:168.379s step_avg:66.29ms
step:2541/3250 train_time:168.534s step_avg:66.33ms
step:2542/3250 train_time:168.688s step_avg:66.36ms
step:2543/3250 train_time:168.843s step_avg:66.40ms
step:2544/3250 train_time:168.997s step_avg:66.43ms
step:2545/3250 train_time:169.153s step_avg:66.46ms
step:2546/3250 train_time:169.308s step_avg:66.50ms
step:2547/3250 train_time:169.462s step_avg:66.53ms
step:2548/3250 train_time:169.614s step_avg:66.57ms
step:2549/3250 train_time:169.768s step_avg:66.60ms
step:2550/3250 train_time:169.922s step_avg:66.64ms
step:2551/3250 train_time:170.076s step_avg:66.67ms
step:2552/3250 train_time:170.230s step_avg:66.70ms
step:2553/3250 train_time:170.384s step_avg:66.74ms
step:2554/3250 train_time:170.538s step_avg:66.77ms
step:2555/3250 train_time:170.693s step_avg:66.81ms
step:2556/3250 train_time:170.847s step_avg:66.84ms
step:2557/3250 train_time:171.002s step_avg:66.88ms
step:2558/3250 train_time:171.156s step_avg:66.91ms
step:2559/3250 train_time:171.309s step_avg:66.94ms
step:2560/3250 train_time:171.463s step_avg:66.98ms
step:2561/3250 train_time:171.617s step_avg:67.01ms
step:2562/3250 train_time:171.771s step_avg:67.05ms
step:2563/3250 train_time:171.925s step_avg:67.08ms
step:2564/3250 train_time:172.079s step_avg:67.11ms
step:2565/3250 train_time:172.235s step_avg:67.15ms
step:2566/3250 train_time:172.388s step_avg:67.18ms
step:2567/3250 train_time:172.543s step_avg:67.22ms
step:2568/3250 train_time:172.696s step_avg:67.25ms
step:2569/3250 train_time:172.850s step_avg:67.28ms
step:2570/3250 train_time:173.004s step_avg:67.32ms
step:2571/3250 train_time:173.157s step_avg:67.35ms
step:2572/3250 train_time:173.311s step_avg:67.38ms
step:2573/3250 train_time:173.467s step_avg:67.42ms
step:2574/3250 train_time:173.621s step_avg:67.45ms
step:2575/3250 train_time:173.775s step_avg:67.49ms
step:2576/3250 train_time:173.929s step_avg:67.52ms
step:2577/3250 train_time:174.085s step_avg:67.55ms
step:2578/3250 train_time:174.238s step_avg:67.59ms
step:2579/3250 train_time:174.392s step_avg:67.62ms
step:2580/3250 train_time:174.546s step_avg:67.65ms
step:2581/3250 train_time:174.698s step_avg:67.69ms
step:2582/3250 train_time:174.852s step_avg:67.72ms
step:2583/3250 train_time:175.006s step_avg:67.75ms
step:2584/3250 train_time:175.160s step_avg:67.79ms
step:2585/3250 train_time:175.314s step_avg:67.82ms
step:2586/3250 train_time:175.468s step_avg:67.85ms
step:2587/3250 train_time:175.623s step_avg:67.89ms
step:2588/3250 train_time:175.776s step_avg:67.92ms
step:2589/3250 train_time:175.929s step_avg:67.95ms
step:2590/3250 train_time:176.082s step_avg:67.99ms
step:2591/3250 train_time:176.236s step_avg:68.02ms
step:2592/3250 train_time:176.391s step_avg:68.05ms
step:2593/3250 train_time:176.545s step_avg:68.09ms
step:2594/3250 train_time:176.698s step_avg:68.12ms
step:2595/3250 train_time:176.853s step_avg:68.15ms
step:2596/3250 train_time:177.008s step_avg:68.18ms
step:2597/3250 train_time:177.163s step_avg:68.22ms
step:2598/3250 train_time:177.316s step_avg:68.25ms
step:2599/3250 train_time:177.470s step_avg:68.28ms
step:2600/3250 train_time:177.624s step_avg:68.32ms
step:2601/3250 train_time:177.777s step_avg:68.35ms
step:2602/3250 train_time:177.931s step_avg:68.38ms
step:2603/3250 train_time:178.087s step_avg:68.42ms
step:2604/3250 train_time:178.242s step_avg:68.45ms
step:2605/3250 train_time:178.396s step_avg:68.48ms
step:2606/3250 train_time:178.550s step_avg:68.52ms
step:2607/3250 train_time:178.705s step_avg:68.55ms
step:2608/3250 train_time:178.858s step_avg:68.58ms
step:2609/3250 train_time:179.014s step_avg:68.61ms
step:2610/3250 train_time:179.168s step_avg:68.65ms
step:2611/3250 train_time:179.321s step_avg:68.68ms
step:2612/3250 train_time:179.475s step_avg:68.71ms
step:2613/3250 train_time:179.630s step_avg:68.74ms
step:2614/3250 train_time:179.783s step_avg:68.78ms
step:2615/3250 train_time:179.937s step_avg:68.81ms
step:2616/3250 train_time:180.091s step_avg:68.84ms
step:2617/3250 train_time:180.247s step_avg:68.88ms
step:2618/3250 train_time:180.400s step_avg:68.91ms
step:2619/3250 train_time:180.555s step_avg:68.94ms
step:2620/3250 train_time:180.711s step_avg:68.97ms
step:2621/3250 train_time:180.866s step_avg:69.01ms
step:2622/3250 train_time:181.019s step_avg:69.04ms
step:2623/3250 train_time:181.174s step_avg:69.07ms
step:2624/3250 train_time:181.327s step_avg:69.10ms
step:2625/3250 train_time:181.482s step_avg:69.14ms
step:2625/3250 val_loss:3.57761 train_time:181.494s step_avg:158.77ms
step:2626/3250 train_time:182.230s step_avg:69.39ms
step:2627/3250 train_time:182.371s step_avg:69.42ms
step:2628/3250 train_time:182.525s step_avg:69.45ms
step:2629/3250 train_time:182.678s step_avg:69.49ms
step:2630/3250 train_time:182.831s step_avg:69.52ms
step:2631/3250 train_time:182.983s step_avg:69.55ms
step:2632/3250 train_time:183.136s step_avg:69.58ms
step:2633/3250 train_time:183.290s step_avg:69.61ms
step:2634/3250 train_time:183.444s step_avg:69.64ms
step:2635/3250 train_time:183.599s step_avg:69.68ms
step:2636/3250 train_time:183.754s step_avg:69.71ms
step:2637/3250 train_time:183.907s step_avg:69.74ms
step:2638/3250 train_time:184.061s step_avg:69.77ms
step:2639/3250 train_time:184.215s step_avg:69.80ms
step:2640/3250 train_time:184.369s step_avg:69.84ms
step:2641/3250 train_time:184.525s step_avg:69.87ms
step:2642/3250 train_time:184.679s step_avg:69.90ms
step:2643/3250 train_time:184.833s step_avg:69.93ms
step:2644/3250 train_time:184.986s step_avg:69.96ms
step:2645/3250 train_time:185.140s step_avg:70.00ms
step:2646/3250 train_time:185.296s step_avg:70.03ms
step:2647/3250 train_time:185.449s step_avg:70.06ms
step:2648/3250 train_time:185.604s step_avg:70.09ms
step:2649/3250 train_time:185.756s step_avg:70.12ms
step:2650/3250 train_time:185.910s step_avg:70.15ms
step:2651/3250 train_time:186.064s step_avg:70.19ms
step:2652/3250 train_time:186.217s step_avg:70.22ms
step:2653/3250 train_time:186.372s step_avg:70.25ms
step:2654/3250 train_time:186.526s step_avg:70.28ms
step:2655/3250 train_time:186.680s step_avg:70.31ms
step:2656/3250 train_time:186.833s step_avg:70.34ms
step:2657/3250 train_time:186.987s step_avg:70.38ms
step:2658/3250 train_time:187.141s step_avg:70.41ms
step:2659/3250 train_time:187.295s step_avg:70.44ms
step:2660/3250 train_time:187.448s step_avg:70.47ms
step:2661/3250 train_time:187.644s step_avg:70.52ms
step:2662/3250 train_time:187.798s step_avg:70.55ms
step:2663/3250 train_time:187.951s step_avg:70.58ms
step:2664/3250 train_time:188.104s step_avg:70.61ms
step:2665/3250 train_time:188.257s step_avg:70.64ms
step:2666/3250 train_time:188.409s step_avg:70.67ms
step:2667/3250 train_time:188.565s step_avg:70.70ms
step:2668/3250 train_time:188.719s step_avg:70.73ms
step:2669/3250 train_time:188.874s step_avg:70.77ms
step:2670/3250 train_time:189.027s step_avg:70.80ms
step:2671/3250 train_time:189.180s step_avg:70.83ms
step:2672/3250 train_time:189.335s step_avg:70.86ms
step:2673/3250 train_time:189.489s step_avg:70.89ms
step:2674/3250 train_time:189.643s step_avg:70.92ms
step:2675/3250 train_time:189.797s step_avg:70.95ms
step:2676/3250 train_time:189.951s step_avg:70.98ms
step:2677/3250 train_time:190.105s step_avg:71.01ms
step:2678/3250 train_time:190.258s step_avg:71.04ms
step:2679/3250 train_time:190.413s step_avg:71.08ms
step:2680/3250 train_time:190.567s step_avg:71.11ms
step:2681/3250 train_time:190.720s step_avg:71.14ms
step:2682/3250 train_time:190.876s step_avg:71.17ms
step:2683/3250 train_time:191.028s step_avg:71.20ms
step:2684/3250 train_time:191.182s step_avg:71.23ms
step:2685/3250 train_time:191.337s step_avg:71.26ms
step:2686/3250 train_time:191.491s step_avg:71.29ms
step:2687/3250 train_time:191.646s step_avg:71.32ms
step:2688/3250 train_time:191.799s step_avg:71.35ms
step:2689/3250 train_time:191.953s step_avg:71.38ms
step:2690/3250 train_time:192.106s step_avg:71.42ms
step:2691/3250 train_time:192.261s step_avg:71.45ms
step:2692/3250 train_time:192.416s step_avg:71.48ms
step:2693/3250 train_time:192.569s step_avg:71.51ms
step:2694/3250 train_time:192.722s step_avg:71.54ms
step:2695/3250 train_time:192.877s step_avg:71.57ms
step:2696/3250 train_time:193.030s step_avg:71.60ms
step:2697/3250 train_time:193.185s step_avg:71.63ms
step:2698/3250 train_time:193.338s step_avg:71.66ms
step:2699/3250 train_time:193.492s step_avg:71.69ms
step:2700/3250 train_time:193.647s step_avg:71.72ms
step:2701/3250 train_time:193.799s step_avg:71.75ms
step:2702/3250 train_time:193.953s step_avg:71.78ms
step:2703/3250 train_time:194.106s step_avg:71.81ms
step:2704/3250 train_time:194.260s step_avg:71.84ms
step:2705/3250 train_time:194.416s step_avg:71.87ms
step:2706/3250 train_time:194.569s step_avg:71.90ms
step:2707/3250 train_time:194.723s step_avg:71.93ms
step:2708/3250 train_time:194.878s step_avg:71.96ms
step:2709/3250 train_time:195.030s step_avg:71.99ms
step:2710/3250 train_time:195.185s step_avg:72.02ms
step:2711/3250 train_time:195.339s step_avg:72.05ms
step:2712/3250 train_time:195.495s step_avg:72.09ms
step:2713/3250 train_time:195.648s step_avg:72.12ms
step:2714/3250 train_time:195.802s step_avg:72.15ms
step:2715/3250 train_time:195.955s step_avg:72.18ms
step:2716/3250 train_time:196.108s step_avg:72.20ms
step:2717/3250 train_time:196.263s step_avg:72.24ms
step:2718/3250 train_time:196.418s step_avg:72.27ms
step:2719/3250 train_time:196.573s step_avg:72.30ms
step:2720/3250 train_time:196.726s step_avg:72.33ms
step:2721/3250 train_time:196.880s step_avg:72.36ms
step:2722/3250 train_time:197.034s step_avg:72.39ms
step:2723/3250 train_time:197.187s step_avg:72.42ms
step:2724/3250 train_time:197.341s step_avg:72.45ms
step:2725/3250 train_time:197.496s step_avg:72.48ms
step:2726/3250 train_time:197.649s step_avg:72.51ms
step:2727/3250 train_time:197.803s step_avg:72.54ms
step:2728/3250 train_time:197.957s step_avg:72.56ms
step:2729/3250 train_time:198.111s step_avg:72.59ms
step:2730/3250 train_time:198.266s step_avg:72.62ms
step:2731/3250 train_time:198.420s step_avg:72.65ms
step:2732/3250 train_time:198.576s step_avg:72.69ms
step:2733/3250 train_time:198.728s step_avg:72.71ms
step:2734/3250 train_time:198.881s step_avg:72.74ms
step:2735/3250 train_time:199.036s step_avg:72.77ms
step:2736/3250 train_time:199.188s step_avg:72.80ms
step:2737/3250 train_time:199.342s step_avg:72.83ms
step:2738/3250 train_time:199.497s step_avg:72.86ms
step:2739/3250 train_time:199.652s step_avg:72.89ms
step:2740/3250 train_time:199.806s step_avg:72.92ms
step:2741/3250 train_time:199.960s step_avg:72.95ms
step:2742/3250 train_time:200.115s step_avg:72.98ms
step:2743/3250 train_time:200.269s step_avg:73.01ms
step:2744/3250 train_time:200.423s step_avg:73.04ms
step:2745/3250 train_time:200.577s step_avg:73.07ms
step:2746/3250 train_time:200.731s step_avg:73.10ms
step:2747/3250 train_time:200.886s step_avg:73.13ms
step:2748/3250 train_time:201.041s step_avg:73.16ms
step:2749/3250 train_time:201.196s step_avg:73.19ms
step:2750/3250 train_time:201.350s step_avg:73.22ms
step:2750/3250 val_loss:3.56877 train_time:201.361s step_avg:158.94ms
step:2751/3250 train_time:202.080s step_avg:73.46ms
EXIT=0 rid=eos_f1500_s170
