=== eos_f1500_s130 : run.py configs/req019/eos_f1500_s130.yaml ===
W0830 12:05:35.843000 10900 torch/distributed/run.py:852] 
W0830 12:05:35.843000 10900 torch/distributed/run.py:852] *****************************************
W0830 12:05:35.843000 10900 torch/distributed/run.py:852] Setting OMP_NUM_THREADS environment variable for each process to be 1 in default, to avoid your system being overloaded, please further tune the variable for optimal performance in your application as needed. 
W0830 12:05:35.843000 10900 torch/distributed/run.py:852] *****************************************
logs/646beb80-c1a5-4a58-b312-d4444e6aa65a.txt
resumed training state from step 1500 in eos_shared_state, skipped 1500 batches
step:0/3250 val_loss:3.52212 train_time:0.001s step_avg:nanms
learning_rates step:1500 [{'pattern': '^embed\\.weight$', 'lr': [0.9099999999999999]}, {'pattern': '^proj\\.weight$', 'lr': [0.005200000000000001]}, {'pattern': '^blocks\\..*\\.weight$', 'lr': [0.0325]}, {'pattern': '.*', 'lr': [0.0195]}]
step:1501/3250 train_time:3.493s step_avg:2.33ms
learning_rates step:1501 [{'pattern': '^embed\\.weight$', 'lr': [0.9099999999999999]}, {'pattern': '^proj\\.weight$', 'lr': [0.005200000000000001]}, {'pattern': '^blocks\\..*\\.weight$', 'lr': [0.0325]}, {'pattern': '.*', 'lr': [0.0195]}]
step:1502/3250 train_time:3.632s step_avg:2.42ms
step:1503/3250 train_time:3.783s step_avg:2.52ms
step:1504/3250 train_time:3.936s step_avg:2.62ms
step:1505/3250 train_time:4.090s step_avg:2.72ms
step:1506/3250 train_time:4.243s step_avg:2.82ms
step:1507/3250 train_time:4.398s step_avg:2.92ms
step:1508/3250 train_time:4.553s step_avg:3.02ms
step:1509/3250 train_time:4.705s step_avg:3.12ms
step:1510/3250 train_time:4.857s step_avg:3.22ms
step:1511/3250 train_time:5.011s step_avg:3.32ms
step:1512/3250 train_time:5.163s step_avg:3.41ms
step:1513/3250 train_time:5.319s step_avg:3.52ms
step:1514/3250 train_time:5.472s step_avg:3.61ms
step:1515/3250 train_time:5.625s step_avg:3.71ms
step:1516/3250 train_time:5.778s step_avg:3.81ms
step:1517/3250 train_time:5.933s step_avg:3.91ms
step:1518/3250 train_time:6.087s step_avg:4.01ms
step:1519/3250 train_time:6.242s step_avg:4.11ms
step:1520/3250 train_time:6.396s step_avg:4.21ms
step:1521/3250 train_time:6.586s step_avg:4.33ms
step:1522/3250 train_time:6.739s step_avg:4.43ms
step:1523/3250 train_time:6.893s step_avg:4.53ms
step:1524/3250 train_time:7.046s step_avg:4.62ms
step:1525/3250 train_time:7.200s step_avg:4.72ms
step:1526/3250 train_time:7.354s step_avg:4.82ms
step:1527/3250 train_time:7.507s step_avg:4.92ms
step:1528/3250 train_time:7.662s step_avg:5.01ms
step:1529/3250 train_time:7.816s step_avg:5.11ms
step:1530/3250 train_time:7.970s step_avg:5.21ms
step:1531/3250 train_time:8.124s step_avg:5.31ms
step:1532/3250 train_time:8.277s step_avg:5.40ms
step:1533/3250 train_time:8.432s step_avg:5.50ms
step:1534/3250 train_time:8.585s step_avg:5.60ms
step:1535/3250 train_time:8.739s step_avg:5.69ms
step:1536/3250 train_time:8.893s step_avg:5.79ms
step:1537/3250 train_time:9.047s step_avg:5.89ms
step:1538/3250 train_time:9.199s step_avg:5.98ms
step:1539/3250 train_time:9.354s step_avg:6.08ms
step:1540/3250 train_time:9.507s step_avg:6.17ms
step:1541/3250 train_time:9.661s step_avg:6.27ms
step:1542/3250 train_time:9.815s step_avg:6.37ms
step:1543/3250 train_time:9.969s step_avg:6.46ms
step:1544/3250 train_time:10.123s step_avg:6.56ms
step:1545/3250 train_time:10.277s step_avg:6.65ms
step:1546/3250 train_time:10.431s step_avg:6.75ms
step:1547/3250 train_time:10.584s step_avg:6.84ms
step:1548/3250 train_time:10.737s step_avg:6.94ms
step:1549/3250 train_time:10.893s step_avg:7.03ms
step:1550/3250 train_time:11.047s step_avg:7.13ms
step:1551/3250 train_time:11.200s step_avg:7.22ms
step:1552/3250 train_time:11.354s step_avg:7.32ms
step:1553/3250 train_time:11.507s step_avg:7.41ms
step:1554/3250 train_time:11.662s step_avg:7.50ms
step:1555/3250 train_time:11.816s step_avg:7.60ms
step:1556/3250 train_time:11.971s step_avg:7.69ms
step:1557/3250 train_time:12.124s step_avg:7.79ms
step:1558/3250 train_time:12.278s step_avg:7.88ms
step:1559/3250 train_time:12.432s step_avg:7.97ms
step:1560/3250 train_time:12.584s step_avg:8.07ms
step:1561/3250 train_time:12.738s step_avg:8.16ms
step:1562/3250 train_time:12.892s step_avg:8.25ms
step:1563/3250 train_time:13.048s step_avg:8.35ms
step:1564/3250 train_time:13.202s step_avg:8.44ms
step:1565/3250 train_time:13.356s step_avg:8.53ms
step:1566/3250 train_time:13.510s step_avg:8.63ms
step:1567/3250 train_time:13.665s step_avg:8.72ms
step:1568/3250 train_time:13.820s step_avg:8.81ms
step:1569/3250 train_time:13.975s step_avg:8.91ms
step:1570/3250 train_time:14.128s step_avg:9.00ms
step:1571/3250 train_time:14.281s step_avg:9.09ms
step:1572/3250 train_time:14.434s step_avg:9.18ms
step:1573/3250 train_time:14.588s step_avg:9.27ms
step:1574/3250 train_time:14.744s step_avg:9.37ms
step:1575/3250 train_time:14.897s step_avg:9.46ms
step:1576/3250 train_time:15.051s step_avg:9.55ms
step:1577/3250 train_time:15.204s step_avg:9.64ms
step:1578/3250 train_time:15.359s step_avg:9.73ms
step:1579/3250 train_time:15.514s step_avg:9.83ms
step:1580/3250 train_time:15.668s step_avg:9.92ms
step:1581/3250 train_time:15.823s step_avg:10.01ms
step:1582/3250 train_time:15.977s step_avg:10.10ms
step:1583/3250 train_time:16.131s step_avg:10.19ms
step:1584/3250 train_time:16.284s step_avg:10.28ms
step:1585/3250 train_time:16.439s step_avg:10.37ms
step:1586/3250 train_time:16.594s step_avg:10.46ms
step:1587/3250 train_time:16.747s step_avg:10.55ms
step:1588/3250 train_time:16.900s step_avg:10.64ms
step:1589/3250 train_time:17.054s step_avg:10.73ms
step:1590/3250 train_time:17.207s step_avg:10.82ms
step:1591/3250 train_time:17.362s step_avg:10.91ms
step:1592/3250 train_time:17.516s step_avg:11.00ms
step:1593/3250 train_time:17.672s step_avg:11.09ms
step:1594/3250 train_time:17.826s step_avg:11.18ms
step:1595/3250 train_time:17.979s step_avg:11.27ms
step:1596/3250 train_time:18.133s step_avg:11.36ms
step:1597/3250 train_time:18.286s step_avg:11.45ms
step:1598/3250 train_time:18.441s step_avg:11.54ms
step:1599/3250 train_time:18.597s step_avg:11.63ms
step:1600/3250 train_time:18.752s step_avg:11.72ms
step:1601/3250 train_time:18.905s step_avg:11.81ms
step:1602/3250 train_time:19.060s step_avg:11.90ms
step:1603/3250 train_time:19.214s step_avg:11.99ms
step:1604/3250 train_time:19.368s step_avg:12.07ms
step:1605/3250 train_time:19.522s step_avg:12.16ms
step:1606/3250 train_time:19.676s step_avg:12.25ms
step:1607/3250 train_time:19.830s step_avg:12.34ms
step:1608/3250 train_time:19.983s step_avg:12.43ms
step:1609/3250 train_time:20.138s step_avg:12.52ms
step:1610/3250 train_time:20.293s step_avg:12.60ms
step:1611/3250 train_time:20.446s step_avg:12.69ms
step:1612/3250 train_time:20.601s step_avg:12.78ms
step:1613/3250 train_time:20.756s step_avg:12.87ms
step:1614/3250 train_time:20.909s step_avg:12.95ms
step:1615/3250 train_time:21.064s step_avg:13.04ms
step:1616/3250 train_time:21.218s step_avg:13.13ms
step:1617/3250 train_time:21.374s step_avg:13.22ms
step:1618/3250 train_time:21.528s step_avg:13.31ms
step:1619/3250 train_time:21.681s step_avg:13.39ms
step:1620/3250 train_time:21.836s step_avg:13.48ms
step:1621/3250 train_time:21.991s step_avg:13.57ms
step:1622/3250 train_time:22.145s step_avg:13.65ms
step:1623/3250 train_time:22.299s step_avg:13.74ms
step:1624/3250 train_time:22.453s step_avg:13.83ms
step:1625/3250 train_time:22.605s step_avg:13.91ms
step:1625/3250 val_loss:3.62008 train_time:22.617s step_avg:13.92ms
step:1626/3250 train_time:23.450s step_avg:14.42ms
step:1627/3250 train_time:23.590s step_avg:14.50ms
step:1628/3250 train_time:23.743s step_avg:14.58ms
step:1629/3250 train_time:23.896s step_avg:14.67ms
step:1630/3250 train_time:24.050s step_avg:14.75ms
step:1631/3250 train_time:24.204s step_avg:14.84ms
step:1632/3250 train_time:24.357s step_avg:14.92ms
step:1633/3250 train_time:24.511s step_avg:15.01ms
step:1634/3250 train_time:24.664s step_avg:15.09ms
step:1635/3250 train_time:24.818s step_avg:15.18ms
step:1636/3250 train_time:24.973s step_avg:15.26ms
step:1637/3250 train_time:25.127s step_avg:15.35ms
step:1638/3250 train_time:25.282s step_avg:15.43ms
step:1639/3250 train_time:25.435s step_avg:15.52ms
step:1640/3250 train_time:25.590s step_avg:15.60ms
step:1641/3250 train_time:25.745s step_avg:15.69ms
step:1642/3250 train_time:25.898s step_avg:15.77ms
step:1643/3250 train_time:26.053s step_avg:15.86ms
step:1644/3250 train_time:26.207s step_avg:15.94ms
step:1645/3250 train_time:26.362s step_avg:16.03ms
step:1646/3250 train_time:26.516s step_avg:16.11ms
step:1647/3250 train_time:26.671s step_avg:16.19ms
step:1648/3250 train_time:26.826s step_avg:16.28ms
step:1649/3250 train_time:26.979s step_avg:16.36ms
step:1650/3250 train_time:27.133s step_avg:16.44ms
step:1651/3250 train_time:27.286s step_avg:16.53ms
step:1652/3250 train_time:27.440s step_avg:16.61ms
step:1653/3250 train_time:27.595s step_avg:16.69ms
step:1654/3250 train_time:27.751s step_avg:16.78ms
step:1655/3250 train_time:27.906s step_avg:16.86ms
step:1656/3250 train_time:28.059s step_avg:16.94ms
step:1657/3250 train_time:28.213s step_avg:17.03ms
step:1658/3250 train_time:28.366s step_avg:17.11ms
step:1659/3250 train_time:28.519s step_avg:17.19ms
step:1660/3250 train_time:28.675s step_avg:17.27ms
step:1661/3250 train_time:28.830s step_avg:17.36ms
step:1662/3250 train_time:28.985s step_avg:17.44ms
step:1663/3250 train_time:29.140s step_avg:17.52ms
step:1664/3250 train_time:29.295s step_avg:17.61ms
step:1665/3250 train_time:29.448s step_avg:17.69ms
step:1666/3250 train_time:29.603s step_avg:17.77ms
step:1667/3250 train_time:29.757s step_avg:17.85ms
step:1668/3250 train_time:29.910s step_avg:17.93ms
step:1669/3250 train_time:30.064s step_avg:18.01ms
step:1670/3250 train_time:30.217s step_avg:18.09ms
step:1671/3250 train_time:30.372s step_avg:18.18ms
step:1672/3250 train_time:30.526s step_avg:18.26ms
step:1673/3250 train_time:30.681s step_avg:18.34ms
step:1674/3250 train_time:30.834s step_avg:18.42ms
step:1675/3250 train_time:30.989s step_avg:18.50ms
step:1676/3250 train_time:31.143s step_avg:18.58ms
step:1677/3250 train_time:31.297s step_avg:18.66ms
step:1678/3250 train_time:31.451s step_avg:18.74ms
step:1679/3250 train_time:31.608s step_avg:18.83ms
step:1680/3250 train_time:31.763s step_avg:18.91ms
step:1681/3250 train_time:31.916s step_avg:18.99ms
step:1682/3250 train_time:32.070s step_avg:19.07ms
step:1683/3250 train_time:32.225s step_avg:19.15ms
step:1684/3250 train_time:32.379s step_avg:19.23ms
step:1685/3250 train_time:32.533s step_avg:19.31ms
step:1686/3250 train_time:32.687s step_avg:19.39ms
step:1687/3250 train_time:32.841s step_avg:19.47ms
step:1688/3250 train_time:32.994s step_avg:19.55ms
step:1689/3250 train_time:33.148s step_avg:19.63ms
step:1690/3250 train_time:33.303s step_avg:19.71ms
step:1691/3250 train_time:33.457s step_avg:19.79ms
step:1692/3250 train_time:33.612s step_avg:19.87ms
step:1693/3250 train_time:33.765s step_avg:19.94ms
step:1694/3250 train_time:33.920s step_avg:20.02ms
step:1695/3250 train_time:34.074s step_avg:20.10ms
step:1696/3250 train_time:34.228s step_avg:20.18ms
step:1697/3250 train_time:34.383s step_avg:20.26ms
step:1698/3250 train_time:34.536s step_avg:20.34ms
step:1699/3250 train_time:34.691s step_avg:20.42ms
step:1700/3250 train_time:34.846s step_avg:20.50ms
step:1701/3250 train_time:35.000s step_avg:20.58ms
step:1702/3250 train_time:35.154s step_avg:20.65ms
step:1703/3250 train_time:35.308s step_avg:20.73ms
step:1704/3250 train_time:35.463s step_avg:20.81ms
step:1705/3250 train_time:35.616s step_avg:20.89ms
step:1706/3250 train_time:35.771s step_avg:20.97ms
step:1707/3250 train_time:35.927s step_avg:21.05ms
step:1708/3250 train_time:36.081s step_avg:21.12ms
step:1709/3250 train_time:36.233s step_avg:21.20ms
step:1710/3250 train_time:36.388s step_avg:21.28ms
step:1711/3250 train_time:36.581s step_avg:21.38ms
step:1712/3250 train_time:36.734s step_avg:21.46ms
step:1713/3250 train_time:36.888s step_avg:21.53ms
step:1714/3250 train_time:37.041s step_avg:21.61ms
step:1715/3250 train_time:37.195s step_avg:21.69ms
step:1716/3250 train_time:37.349s step_avg:21.76ms
step:1717/3250 train_time:37.504s step_avg:21.84ms
step:1718/3250 train_time:37.659s step_avg:21.92ms
step:1719/3250 train_time:37.812s step_avg:22.00ms
step:1720/3250 train_time:37.966s step_avg:22.07ms
step:1721/3250 train_time:38.120s step_avg:22.15ms
step:1722/3250 train_time:38.274s step_avg:22.23ms
step:1723/3250 train_time:38.428s step_avg:22.30ms
step:1724/3250 train_time:38.582s step_avg:22.38ms
step:1725/3250 train_time:38.736s step_avg:22.46ms
step:1726/3250 train_time:38.890s step_avg:22.53ms
step:1727/3250 train_time:39.045s step_avg:22.61ms
step:1728/3250 train_time:39.199s step_avg:22.68ms
step:1729/3250 train_time:39.353s step_avg:22.76ms
step:1730/3250 train_time:39.508s step_avg:22.84ms
step:1731/3250 train_time:39.661s step_avg:22.91ms
step:1732/3250 train_time:39.815s step_avg:22.99ms
step:1733/3250 train_time:39.968s step_avg:23.06ms
step:1734/3250 train_time:40.124s step_avg:23.14ms
step:1735/3250 train_time:40.278s step_avg:23.21ms
step:1736/3250 train_time:40.432s step_avg:23.29ms
step:1737/3250 train_time:40.585s step_avg:23.37ms
step:1738/3250 train_time:40.739s step_avg:23.44ms
step:1739/3250 train_time:40.893s step_avg:23.52ms
step:1740/3250 train_time:41.047s step_avg:23.59ms
step:1741/3250 train_time:41.203s step_avg:23.67ms
step:1742/3250 train_time:41.356s step_avg:23.74ms
step:1743/3250 train_time:41.509s step_avg:23.81ms
step:1744/3250 train_time:41.662s step_avg:23.89ms
step:1745/3250 train_time:41.817s step_avg:23.96ms
step:1746/3250 train_time:41.971s step_avg:24.04ms
step:1747/3250 train_time:42.126s step_avg:24.11ms
step:1748/3250 train_time:42.281s step_avg:24.19ms
step:1749/3250 train_time:42.434s step_avg:24.26ms
step:1750/3250 train_time:42.588s step_avg:24.34ms
step:1750/3250 val_loss:3.60547 train_time:42.600s step_avg:159.86ms
step:1751/3250 train_time:43.421s step_avg:24.80ms
step:1752/3250 train_time:43.561s step_avg:24.86ms
step:1753/3250 train_time:43.714s step_avg:24.94ms
step:1754/3250 train_time:43.866s step_avg:25.01ms
step:1755/3250 train_time:44.020s step_avg:25.08ms
step:1756/3250 train_time:44.173s step_avg:25.16ms
step:1757/3250 train_time:44.327s step_avg:25.23ms
step:1758/3250 train_time:44.480s step_avg:25.30ms
step:1759/3250 train_time:44.633s step_avg:25.37ms
step:1760/3250 train_time:44.786s step_avg:25.45ms
step:1761/3250 train_time:44.940s step_avg:25.52ms
step:1762/3250 train_time:45.093s step_avg:25.59ms
step:1763/3250 train_time:45.247s step_avg:25.66ms
step:1764/3250 train_time:45.401s step_avg:25.74ms
step:1765/3250 train_time:45.556s step_avg:25.81ms
step:1766/3250 train_time:45.710s step_avg:25.88ms
step:1767/3250 train_time:45.864s step_avg:25.96ms
step:1768/3250 train_time:46.018s step_avg:26.03ms
step:1769/3250 train_time:46.171s step_avg:26.10ms
step:1770/3250 train_time:46.326s step_avg:26.17ms
step:1771/3250 train_time:46.480s step_avg:26.24ms
step:1772/3250 train_time:46.634s step_avg:26.32ms
step:1773/3250 train_time:46.787s step_avg:26.39ms
step:1774/3250 train_time:46.941s step_avg:26.46ms
step:1775/3250 train_time:47.096s step_avg:26.53ms
step:1776/3250 train_time:47.251s step_avg:26.61ms
step:1777/3250 train_time:47.406s step_avg:26.68ms
step:1778/3250 train_time:47.560s step_avg:26.75ms
step:1779/3250 train_time:47.714s step_avg:26.82ms
step:1780/3250 train_time:47.866s step_avg:26.89ms
step:1781/3250 train_time:48.020s step_avg:26.96ms
step:1782/3250 train_time:48.173s step_avg:27.03ms
step:1783/3250 train_time:48.327s step_avg:27.10ms
step:1784/3250 train_time:48.482s step_avg:27.18ms
step:1785/3250 train_time:48.637s step_avg:27.25ms
step:1786/3250 train_time:48.791s step_avg:27.32ms
step:1787/3250 train_time:48.944s step_avg:27.39ms
step:1788/3250 train_time:49.098s step_avg:27.46ms
step:1789/3250 train_time:49.251s step_avg:27.53ms
step:1790/3250 train_time:49.406s step_avg:27.60ms
step:1791/3250 train_time:49.560s step_avg:27.67ms
step:1792/3250 train_time:49.715s step_avg:27.74ms
step:1793/3250 train_time:49.869s step_avg:27.81ms
step:1794/3250 train_time:50.024s step_avg:27.88ms
step:1795/3250 train_time:50.179s step_avg:27.95ms
step:1796/3250 train_time:50.334s step_avg:28.03ms
step:1797/3250 train_time:50.488s step_avg:28.10ms
step:1798/3250 train_time:50.640s step_avg:28.16ms
step:1799/3250 train_time:50.794s step_avg:28.23ms
step:1800/3250 train_time:50.948s step_avg:28.30ms
step:1801/3250 train_time:51.101s step_avg:28.37ms
step:1802/3250 train_time:51.255s step_avg:28.44ms
step:1803/3250 train_time:51.410s step_avg:28.51ms
step:1804/3250 train_time:51.564s step_avg:28.58ms
step:1805/3250 train_time:51.718s step_avg:28.65ms
step:1806/3250 train_time:51.872s step_avg:28.72ms
step:1807/3250 train_time:52.026s step_avg:28.79ms
step:1808/3250 train_time:52.180s step_avg:28.86ms
step:1809/3250 train_time:52.334s step_avg:28.93ms
step:1810/3250 train_time:52.487s step_avg:29.00ms
step:1811/3250 train_time:52.642s step_avg:29.07ms
step:1812/3250 train_time:52.795s step_avg:29.14ms
step:1813/3250 train_time:52.948s step_avg:29.20ms
step:1814/3250 train_time:53.101s step_avg:29.27ms
step:1815/3250 train_time:53.257s step_avg:29.34ms
step:1816/3250 train_time:53.413s step_avg:29.41ms
step:1817/3250 train_time:53.565s step_avg:29.48ms
step:1818/3250 train_time:53.720s step_avg:29.55ms
step:1819/3250 train_time:53.874s step_avg:29.62ms
step:1820/3250 train_time:54.026s step_avg:29.68ms
step:1821/3250 train_time:54.180s step_avg:29.75ms
step:1822/3250 train_time:54.335s step_avg:29.82ms
step:1823/3250 train_time:54.488s step_avg:29.89ms
step:1824/3250 train_time:54.642s step_avg:29.96ms
step:1825/3250 train_time:54.797s step_avg:30.03ms
step:1826/3250 train_time:54.951s step_avg:30.09ms
step:1827/3250 train_time:55.104s step_avg:30.16ms
step:1828/3250 train_time:55.259s step_avg:30.23ms
step:1829/3250 train_time:55.411s step_avg:30.30ms
step:1830/3250 train_time:55.565s step_avg:30.36ms
step:1831/3250 train_time:55.720s step_avg:30.43ms
step:1832/3250 train_time:55.874s step_avg:30.50ms
step:1833/3250 train_time:56.028s step_avg:30.57ms
step:1834/3250 train_time:56.185s step_avg:30.63ms
step:1835/3250 train_time:56.339s step_avg:30.70ms
step:1836/3250 train_time:56.493s step_avg:30.77ms
step:1837/3250 train_time:56.645s step_avg:30.84ms
step:1838/3250 train_time:56.800s step_avg:30.90ms
step:1839/3250 train_time:56.954s step_avg:30.97ms
step:1840/3250 train_time:57.107s step_avg:31.04ms
step:1841/3250 train_time:57.261s step_avg:31.10ms
step:1842/3250 train_time:57.415s step_avg:31.17ms
step:1843/3250 train_time:57.568s step_avg:31.24ms
step:1844/3250 train_time:57.723s step_avg:31.30ms
step:1845/3250 train_time:57.877s step_avg:31.37ms
step:1846/3250 train_time:58.031s step_avg:31.44ms
step:1847/3250 train_time:58.185s step_avg:31.50ms
step:1848/3250 train_time:58.339s step_avg:31.57ms
step:1849/3250 train_time:58.494s step_avg:31.64ms
step:1850/3250 train_time:58.648s step_avg:31.70ms
step:1851/3250 train_time:58.802s step_avg:31.77ms
step:1852/3250 train_time:58.957s step_avg:31.83ms
step:1853/3250 train_time:59.111s step_avg:31.90ms
step:1854/3250 train_time:59.265s step_avg:31.97ms
step:1855/3250 train_time:59.421s step_avg:32.03ms
step:1856/3250 train_time:59.575s step_avg:32.10ms
step:1857/3250 train_time:59.728s step_avg:32.16ms
step:1858/3250 train_time:59.883s step_avg:32.23ms
step:1859/3250 train_time:60.038s step_avg:32.30ms
step:1860/3250 train_time:60.191s step_avg:32.36ms
step:1861/3250 train_time:60.345s step_avg:32.43ms
step:1862/3250 train_time:60.500s step_avg:32.49ms
step:1863/3250 train_time:60.653s step_avg:32.56ms
step:1864/3250 train_time:60.807s step_avg:32.62ms
step:1865/3250 train_time:60.961s step_avg:32.69ms
step:1866/3250 train_time:61.117s step_avg:32.75ms
step:1867/3250 train_time:61.270s step_avg:32.82ms
step:1868/3250 train_time:61.424s step_avg:32.88ms
step:1869/3250 train_time:61.579s step_avg:32.95ms
step:1870/3250 train_time:61.734s step_avg:33.01ms
step:1871/3250 train_time:61.887s step_avg:33.08ms
step:1872/3250 train_time:62.041s step_avg:33.14ms
step:1873/3250 train_time:62.195s step_avg:33.21ms
step:1874/3250 train_time:62.350s step_avg:33.27ms
step:1875/3250 train_time:62.504s step_avg:33.34ms
step:1875/3250 val_loss:3.59098 train_time:62.516s step_avg:159.33ms
step:1876/3250 train_time:63.396s step_avg:33.79ms
step:1877/3250 train_time:63.534s step_avg:33.85ms
step:1878/3250 train_time:63.688s step_avg:33.91ms
step:1879/3250 train_time:63.841s step_avg:33.98ms
step:1880/3250 train_time:63.993s step_avg:34.04ms
step:1881/3250 train_time:64.147s step_avg:34.10ms
step:1882/3250 train_time:64.300s step_avg:34.17ms
step:1883/3250 train_time:64.455s step_avg:34.23ms
step:1884/3250 train_time:64.610s step_avg:34.29ms
step:1885/3250 train_time:64.763s step_avg:34.36ms
step:1886/3250 train_time:64.917s step_avg:34.42ms
step:1887/3250 train_time:65.071s step_avg:34.48ms
step:1888/3250 train_time:65.225s step_avg:34.55ms
step:1889/3250 train_time:65.378s step_avg:34.61ms
step:1890/3250 train_time:65.532s step_avg:34.67ms
step:1891/3250 train_time:65.686s step_avg:34.74ms
step:1892/3250 train_time:65.840s step_avg:34.80ms
step:1893/3250 train_time:65.995s step_avg:34.86ms
step:1894/3250 train_time:66.149s step_avg:34.93ms
step:1895/3250 train_time:66.303s step_avg:34.99ms
step:1896/3250 train_time:66.457s step_avg:35.05ms
step:1897/3250 train_time:66.611s step_avg:35.11ms
step:1898/3250 train_time:66.766s step_avg:35.18ms
step:1899/3250 train_time:66.919s step_avg:35.24ms
step:1900/3250 train_time:67.072s step_avg:35.30ms
step:1901/3250 train_time:67.263s step_avg:35.38ms
step:1902/3250 train_time:67.416s step_avg:35.44ms
step:1903/3250 train_time:67.570s step_avg:35.51ms
step:1904/3250 train_time:67.725s step_avg:35.57ms
step:1905/3250 train_time:67.877s step_avg:35.63ms
step:1906/3250 train_time:68.031s step_avg:35.69ms
step:1907/3250 train_time:68.187s step_avg:35.76ms
step:1908/3250 train_time:68.340s step_avg:35.82ms
step:1909/3250 train_time:68.495s step_avg:35.88ms
step:1910/3250 train_time:68.650s step_avg:35.94ms
step:1911/3250 train_time:68.803s step_avg:36.00ms
step:1912/3250 train_time:68.957s step_avg:36.07ms
step:1913/3250 train_time:69.111s step_avg:36.13ms
step:1914/3250 train_time:69.267s step_avg:36.19ms
step:1915/3250 train_time:69.420s step_avg:36.25ms
step:1916/3250 train_time:69.575s step_avg:36.31ms
step:1917/3250 train_time:69.729s step_avg:36.37ms
step:1918/3250 train_time:69.882s step_avg:36.43ms
step:1919/3250 train_time:70.036s step_avg:36.50ms
step:1920/3250 train_time:70.190s step_avg:36.56ms
step:1921/3250 train_time:70.345s step_avg:36.62ms
step:1922/3250 train_time:70.499s step_avg:36.68ms
step:1923/3250 train_time:70.653s step_avg:36.74ms
step:1924/3250 train_time:70.808s step_avg:36.80ms
step:1925/3250 train_time:70.962s step_avg:36.86ms
step:1926/3250 train_time:71.116s step_avg:36.92ms
step:1927/3250 train_time:71.269s step_avg:36.98ms
step:1928/3250 train_time:71.423s step_avg:37.05ms
step:1929/3250 train_time:71.577s step_avg:37.11ms
step:1930/3250 train_time:71.730s step_avg:37.17ms
step:1931/3250 train_time:71.886s step_avg:37.23ms
step:1932/3250 train_time:72.039s step_avg:37.29ms
step:1933/3250 train_time:72.194s step_avg:37.35ms
step:1934/3250 train_time:72.347s step_avg:37.41ms
step:1935/3250 train_time:72.500s step_avg:37.47ms
step:1936/3250 train_time:72.654s step_avg:37.53ms
step:1937/3250 train_time:72.810s step_avg:37.59ms
step:1938/3250 train_time:72.965s step_avg:37.65ms
step:1939/3250 train_time:73.119s step_avg:37.71ms
step:1940/3250 train_time:73.272s step_avg:37.77ms
step:1941/3250 train_time:73.426s step_avg:37.83ms
step:1942/3250 train_time:73.580s step_avg:37.89ms
step:1943/3250 train_time:73.734s step_avg:37.95ms
step:1944/3250 train_time:73.889s step_avg:38.01ms
step:1945/3250 train_time:74.044s step_avg:38.07ms
step:1946/3250 train_time:74.197s step_avg:38.13ms
step:1947/3250 train_time:74.351s step_avg:38.19ms
step:1948/3250 train_time:74.504s step_avg:38.25ms
step:1949/3250 train_time:74.658s step_avg:38.31ms
step:1950/3250 train_time:74.812s step_avg:38.37ms
step:1951/3250 train_time:74.967s step_avg:38.43ms
step:1952/3250 train_time:75.121s step_avg:38.48ms
step:1953/3250 train_time:75.275s step_avg:38.54ms
step:1954/3250 train_time:75.429s step_avg:38.60ms
step:1955/3250 train_time:75.584s step_avg:38.66ms
step:1956/3250 train_time:75.738s step_avg:38.72ms
step:1957/3250 train_time:75.891s step_avg:38.78ms
step:1958/3250 train_time:76.046s step_avg:38.84ms
step:1959/3250 train_time:76.200s step_avg:38.90ms
step:1960/3250 train_time:76.356s step_avg:38.96ms
step:1961/3250 train_time:76.510s step_avg:39.02ms
step:1962/3250 train_time:76.666s step_avg:39.08ms
step:1963/3250 train_time:76.818s step_avg:39.13ms
step:1964/3250 train_time:76.972s step_avg:39.19ms
step:1965/3250 train_time:77.126s step_avg:39.25ms
step:1966/3250 train_time:77.280s step_avg:39.31ms
step:1967/3250 train_time:77.433s step_avg:39.37ms
step:1968/3250 train_time:77.588s step_avg:39.42ms
step:1969/3250 train_time:77.743s step_avg:39.48ms
step:1970/3250 train_time:77.896s step_avg:39.54ms
step:1971/3250 train_time:78.050s step_avg:39.60ms
step:1972/3250 train_time:78.204s step_avg:39.66ms
step:1973/3250 train_time:78.358s step_avg:39.72ms
step:1974/3250 train_time:78.511s step_avg:39.77ms
step:1975/3250 train_time:78.667s step_avg:39.83ms
step:1976/3250 train_time:78.821s step_avg:39.89ms
step:1977/3250 train_time:78.976s step_avg:39.95ms
step:1978/3250 train_time:79.130s step_avg:40.01ms
step:1979/3250 train_time:79.285s step_avg:40.06ms
step:1980/3250 train_time:79.438s step_avg:40.12ms
step:1981/3250 train_time:79.592s step_avg:40.18ms
step:1982/3250 train_time:79.748s step_avg:40.24ms
step:1983/3250 train_time:79.900s step_avg:40.29ms
step:1984/3250 train_time:80.056s step_avg:40.35ms
step:1985/3250 train_time:80.210s step_avg:40.41ms
step:1986/3250 train_time:80.366s step_avg:40.47ms
step:1987/3250 train_time:80.519s step_avg:40.52ms
step:1988/3250 train_time:80.672s step_avg:40.58ms
step:1989/3250 train_time:80.826s step_avg:40.64ms
step:1990/3250 train_time:80.979s step_avg:40.69ms
step:1991/3250 train_time:81.134s step_avg:40.75ms
step:1992/3250 train_time:81.289s step_avg:40.81ms
step:1993/3250 train_time:81.444s step_avg:40.86ms
step:1994/3250 train_time:81.596s step_avg:40.92ms
step:1995/3250 train_time:81.750s step_avg:40.98ms
step:1996/3250 train_time:81.905s step_avg:41.03ms
step:1997/3250 train_time:82.058s step_avg:41.09ms
step:1998/3250 train_time:82.212s step_avg:41.15ms
step:1999/3250 train_time:82.367s step_avg:41.20ms
step:2000/3250 train_time:82.521s step_avg:41.26ms
step:2000/3250 val_loss:3.57610 train_time:82.532s step_avg:160.13ms
step:2001/3250 train_time:83.368s step_avg:41.66ms
step:2002/3250 train_time:83.507s step_avg:41.71ms
step:2003/3250 train_time:83.660s step_avg:41.77ms
step:2004/3250 train_time:83.814s step_avg:41.82ms
step:2005/3250 train_time:83.968s step_avg:41.88ms
step:2006/3250 train_time:84.121s step_avg:41.93ms
step:2007/3250 train_time:84.276s step_avg:41.99ms
step:2008/3250 train_time:84.429s step_avg:42.05ms
step:2009/3250 train_time:84.582s step_avg:42.10ms
step:2010/3250 train_time:84.736s step_avg:42.16ms
step:2011/3250 train_time:84.889s step_avg:42.21ms
step:2012/3250 train_time:85.043s step_avg:42.27ms
step:2013/3250 train_time:85.198s step_avg:42.32ms
step:2014/3250 train_time:85.352s step_avg:42.38ms
step:2015/3250 train_time:85.505s step_avg:42.43ms
step:2016/3250 train_time:85.658s step_avg:42.49ms
step:2017/3250 train_time:85.812s step_avg:42.54ms
step:2018/3250 train_time:85.967s step_avg:42.60ms
step:2019/3250 train_time:86.120s step_avg:42.65ms
step:2020/3250 train_time:86.274s step_avg:42.71ms
step:2021/3250 train_time:86.428s step_avg:42.76ms
step:2022/3250 train_time:86.582s step_avg:42.82ms
step:2023/3250 train_time:86.736s step_avg:42.87ms
step:2024/3250 train_time:86.889s step_avg:42.93ms
step:2025/3250 train_time:87.042s step_avg:42.98ms
step:2026/3250 train_time:87.197s step_avg:43.04ms
step:2027/3250 train_time:87.351s step_avg:43.09ms
step:2028/3250 train_time:87.505s step_avg:43.15ms
step:2029/3250 train_time:87.659s step_avg:43.20ms
step:2030/3250 train_time:87.812s step_avg:43.26ms
step:2031/3250 train_time:87.968s step_avg:43.31ms
step:2032/3250 train_time:88.121s step_avg:43.37ms
step:2033/3250 train_time:88.276s step_avg:43.42ms
step:2034/3250 train_time:88.429s step_avg:43.48ms
step:2035/3250 train_time:88.583s step_avg:43.53ms
step:2036/3250 train_time:88.737s step_avg:43.58ms
step:2037/3250 train_time:88.891s step_avg:43.64ms
step:2038/3250 train_time:89.046s step_avg:43.69ms
step:2039/3250 train_time:89.201s step_avg:43.75ms
step:2040/3250 train_time:89.355s step_avg:43.80ms
step:2041/3250 train_time:89.508s step_avg:43.86ms
step:2042/3250 train_time:89.662s step_avg:43.91ms
step:2043/3250 train_time:89.817s step_avg:43.96ms
step:2044/3250 train_time:89.971s step_avg:44.02ms
step:2045/3250 train_time:90.125s step_avg:44.07ms
step:2046/3250 train_time:90.279s step_avg:44.12ms
step:2047/3250 train_time:90.433s step_avg:44.18ms
step:2048/3250 train_time:90.590s step_avg:44.23ms
step:2049/3250 train_time:90.745s step_avg:44.29ms
step:2050/3250 train_time:90.899s step_avg:44.34ms
step:2051/3250 train_time:91.052s step_avg:44.39ms
step:2052/3250 train_time:91.206s step_avg:44.45ms
step:2053/3250 train_time:91.361s step_avg:44.50ms
step:2054/3250 train_time:91.516s step_avg:44.56ms
step:2055/3250 train_time:91.670s step_avg:44.61ms
step:2056/3250 train_time:91.823s step_avg:44.66ms
step:2057/3250 train_time:91.978s step_avg:44.71ms
step:2058/3250 train_time:92.130s step_avg:44.77ms
step:2059/3250 train_time:92.285s step_avg:44.82ms
step:2060/3250 train_time:92.439s step_avg:44.87ms
step:2061/3250 train_time:92.593s step_avg:44.93ms
step:2062/3250 train_time:92.747s step_avg:44.98ms
step:2063/3250 train_time:92.901s step_avg:45.03ms
step:2064/3250 train_time:93.056s step_avg:45.09ms
step:2065/3250 train_time:93.209s step_avg:45.14ms
step:2066/3250 train_time:93.362s step_avg:45.19ms
step:2067/3250 train_time:93.517s step_avg:45.24ms
step:2068/3250 train_time:93.672s step_avg:45.30ms
step:2069/3250 train_time:93.825s step_avg:45.35ms
step:2070/3250 train_time:93.978s step_avg:45.40ms
step:2071/3250 train_time:94.131s step_avg:45.45ms
step:2072/3250 train_time:94.286s step_avg:45.50ms
step:2073/3250 train_time:94.441s step_avg:45.56ms
step:2074/3250 train_time:94.595s step_avg:45.61ms
step:2075/3250 train_time:94.748s step_avg:45.66ms
step:2076/3250 train_time:94.902s step_avg:45.71ms
step:2077/3250 train_time:95.056s step_avg:45.77ms
step:2078/3250 train_time:95.209s step_avg:45.82ms
step:2079/3250 train_time:95.363s step_avg:45.87ms
step:2080/3250 train_time:95.519s step_avg:45.92ms
step:2081/3250 train_time:95.673s step_avg:45.97ms
step:2082/3250 train_time:95.826s step_avg:46.03ms
step:2083/3250 train_time:95.980s step_avg:46.08ms
step:2084/3250 train_time:96.133s step_avg:46.13ms
step:2085/3250 train_time:96.289s step_avg:46.18ms
step:2086/3250 train_time:96.443s step_avg:46.23ms
step:2087/3250 train_time:96.598s step_avg:46.29ms
step:2088/3250 train_time:96.751s step_avg:46.34ms
step:2089/3250 train_time:96.904s step_avg:46.39ms
step:2090/3250 train_time:97.058s step_avg:46.44ms
step:2091/3250 train_time:97.250s step_avg:46.51ms
step:2092/3250 train_time:97.403s step_avg:46.56ms
step:2093/3250 train_time:97.557s step_avg:46.61ms
step:2094/3250 train_time:97.711s step_avg:46.66ms
step:2095/3250 train_time:97.865s step_avg:46.71ms
step:2096/3250 train_time:98.020s step_avg:46.77ms
step:2097/3250 train_time:98.176s step_avg:46.82ms
step:2098/3250 train_time:98.328s step_avg:46.87ms
step:2099/3250 train_time:98.483s step_avg:46.92ms
step:2100/3250 train_time:98.637s step_avg:46.97ms
step:2101/3250 train_time:98.790s step_avg:47.02ms
step:2102/3250 train_time:98.943s step_avg:47.07ms
step:2103/3250 train_time:99.097s step_avg:47.12ms
step:2104/3250 train_time:99.250s step_avg:47.17ms
step:2105/3250 train_time:99.403s step_avg:47.22ms
step:2106/3250 train_time:99.557s step_avg:47.27ms
step:2107/3250 train_time:99.712s step_avg:47.32ms
step:2108/3250 train_time:99.867s step_avg:47.38ms
step:2109/3250 train_time:100.021s step_avg:47.43ms
step:2110/3250 train_time:100.175s step_avg:47.48ms
step:2111/3250 train_time:100.328s step_avg:47.53ms
step:2112/3250 train_time:100.481s step_avg:47.58ms
step:2113/3250 train_time:100.635s step_avg:47.63ms
step:2114/3250 train_time:100.789s step_avg:47.68ms
step:2115/3250 train_time:100.943s step_avg:47.73ms
step:2116/3250 train_time:101.098s step_avg:47.78ms
step:2117/3250 train_time:101.252s step_avg:47.83ms
step:2118/3250 train_time:101.406s step_avg:47.88ms
step:2119/3250 train_time:101.559s step_avg:47.93ms
step:2120/3250 train_time:101.714s step_avg:47.98ms
step:2121/3250 train_time:101.868s step_avg:48.03ms
step:2122/3250 train_time:102.022s step_avg:48.08ms
step:2123/3250 train_time:102.178s step_avg:48.13ms
step:2124/3250 train_time:102.330s step_avg:48.18ms
step:2125/3250 train_time:102.487s step_avg:48.23ms
step:2125/3250 val_loss:3.56230 train_time:102.499s step_avg:159.73ms
step:2126/3250 train_time:103.329s step_avg:48.60ms
step:2127/3250 train_time:103.471s step_avg:48.65ms
step:2128/3250 train_time:103.626s step_avg:48.70ms
step:2129/3250 train_time:103.779s step_avg:48.75ms
step:2130/3250 train_time:103.932s step_avg:48.79ms
step:2131/3250 train_time:104.085s step_avg:48.84ms
step:2132/3250 train_time:104.238s step_avg:48.89ms
step:2133/3250 train_time:104.392s step_avg:48.94ms
step:2134/3250 train_time:104.548s step_avg:48.99ms
step:2135/3250 train_time:104.701s step_avg:49.04ms
step:2136/3250 train_time:104.856s step_avg:49.09ms
step:2137/3250 train_time:105.012s step_avg:49.14ms
step:2138/3250 train_time:105.165s step_avg:49.19ms
step:2139/3250 train_time:105.318s step_avg:49.24ms
step:2140/3250 train_time:105.472s step_avg:49.29ms
step:2141/3250 train_time:105.626s step_avg:49.33ms
step:2142/3250 train_time:105.780s step_avg:49.38ms
step:2143/3250 train_time:105.934s step_avg:49.43ms
step:2144/3250 train_time:106.087s step_avg:49.48ms
step:2145/3250 train_time:106.241s step_avg:49.53ms
step:2146/3250 train_time:106.396s step_avg:49.58ms
step:2147/3250 train_time:106.550s step_avg:49.63ms
step:2148/3250 train_time:106.705s step_avg:49.68ms
step:2149/3250 train_time:106.858s step_avg:49.72ms
step:2150/3250 train_time:107.012s step_avg:49.77ms
step:2151/3250 train_time:107.166s step_avg:49.82ms
step:2152/3250 train_time:107.321s step_avg:49.87ms
step:2153/3250 train_time:107.475s step_avg:49.92ms
step:2154/3250 train_time:107.630s step_avg:49.97ms
step:2155/3250 train_time:107.784s step_avg:50.02ms
step:2156/3250 train_time:107.937s step_avg:50.06ms
step:2157/3250 train_time:108.091s step_avg:50.11ms
step:2158/3250 train_time:108.247s step_avg:50.16ms
step:2159/3250 train_time:108.401s step_avg:50.21ms
step:2160/3250 train_time:108.555s step_avg:50.26ms
step:2161/3250 train_time:108.709s step_avg:50.31ms
step:2162/3250 train_time:108.864s step_avg:50.35ms
step:2163/3250 train_time:109.017s step_avg:50.40ms
step:2164/3250 train_time:109.173s step_avg:50.45ms
step:2165/3250 train_time:109.327s step_avg:50.50ms
step:2166/3250 train_time:109.480s step_avg:50.54ms
step:2167/3250 train_time:109.633s step_avg:50.59ms
step:2168/3250 train_time:109.787s step_avg:50.64ms
step:2169/3250 train_time:109.940s step_avg:50.69ms
step:2170/3250 train_time:110.096s step_avg:50.74ms
step:2171/3250 train_time:110.250s step_avg:50.78ms
step:2172/3250 train_time:110.404s step_avg:50.83ms
step:2173/3250 train_time:110.558s step_avg:50.88ms
step:2174/3250 train_time:110.712s step_avg:50.93ms
step:2175/3250 train_time:110.866s step_avg:50.97ms
step:2176/3250 train_time:111.019s step_avg:51.02ms
step:2177/3250 train_time:111.173s step_avg:51.07ms
step:2178/3250 train_time:111.328s step_avg:51.11ms
step:2179/3250 train_time:111.482s step_avg:51.16ms
step:2180/3250 train_time:111.635s step_avg:51.21ms
step:2181/3250 train_time:111.788s step_avg:51.26ms
step:2182/3250 train_time:111.943s step_avg:51.30ms
step:2183/3250 train_time:112.098s step_avg:51.35ms
step:2184/3250 train_time:112.252s step_avg:51.40ms
step:2185/3250 train_time:112.406s step_avg:51.44ms
step:2186/3250 train_time:112.558s step_avg:51.49ms
step:2187/3250 train_time:112.713s step_avg:51.54ms
step:2188/3250 train_time:112.868s step_avg:51.58ms
step:2189/3250 train_time:113.022s step_avg:51.63ms
step:2190/3250 train_time:113.176s step_avg:51.68ms
step:2191/3250 train_time:113.331s step_avg:51.73ms
step:2192/3250 train_time:113.485s step_avg:51.77ms
step:2193/3250 train_time:113.639s step_avg:51.82ms
step:2194/3250 train_time:113.792s step_avg:51.87ms
step:2195/3250 train_time:113.948s step_avg:51.91ms
step:2196/3250 train_time:114.102s step_avg:51.96ms
step:2197/3250 train_time:114.257s step_avg:52.01ms
step:2198/3250 train_time:114.410s step_avg:52.05ms
step:2199/3250 train_time:114.563s step_avg:52.10ms
step:2200/3250 train_time:114.717s step_avg:52.14ms
step:2201/3250 train_time:114.872s step_avg:52.19ms
step:2202/3250 train_time:115.027s step_avg:52.24ms
step:2203/3250 train_time:115.181s step_avg:52.28ms
step:2204/3250 train_time:115.334s step_avg:52.33ms
step:2205/3250 train_time:115.487s step_avg:52.38ms
step:2206/3250 train_time:115.641s step_avg:52.42ms
step:2207/3250 train_time:115.795s step_avg:52.47ms
step:2208/3250 train_time:115.949s step_avg:52.51ms
step:2209/3250 train_time:116.105s step_avg:52.56ms
step:2210/3250 train_time:116.258s step_avg:52.61ms
step:2211/3250 train_time:116.412s step_avg:52.65ms
step:2212/3250 train_time:116.566s step_avg:52.70ms
step:2213/3250 train_time:116.720s step_avg:52.74ms
step:2214/3250 train_time:116.874s step_avg:52.79ms
step:2215/3250 train_time:117.028s step_avg:52.83ms
step:2216/3250 train_time:117.181s step_avg:52.88ms
step:2217/3250 train_time:117.335s step_avg:52.93ms
step:2218/3250 train_time:117.490s step_avg:52.97ms
step:2219/3250 train_time:117.645s step_avg:53.02ms
step:2220/3250 train_time:117.798s step_avg:53.06ms
step:2221/3250 train_time:117.952s step_avg:53.11ms
step:2222/3250 train_time:118.107s step_avg:53.15ms
step:2223/3250 train_time:118.260s step_avg:53.20ms
step:2224/3250 train_time:118.414s step_avg:53.24ms
step:2225/3250 train_time:118.569s step_avg:53.29ms
step:2226/3250 train_time:118.724s step_avg:53.34ms
step:2227/3250 train_time:118.878s step_avg:53.38ms
step:2228/3250 train_time:119.031s step_avg:53.43ms
step:2229/3250 train_time:119.185s step_avg:53.47ms
step:2230/3250 train_time:119.339s step_avg:53.52ms
step:2231/3250 train_time:119.494s step_avg:53.56ms
step:2232/3250 train_time:119.649s step_avg:53.61ms
step:2233/3250 train_time:119.802s step_avg:53.65ms
step:2234/3250 train_time:119.957s step_avg:53.70ms
step:2235/3250 train_time:120.112s step_avg:53.74ms
step:2236/3250 train_time:120.265s step_avg:53.79ms
step:2237/3250 train_time:120.418s step_avg:53.83ms
step:2238/3250 train_time:120.573s step_avg:53.88ms
step:2239/3250 train_time:120.728s step_avg:53.92ms
step:2240/3250 train_time:120.881s step_avg:53.96ms
step:2241/3250 train_time:121.035s step_avg:54.01ms
step:2242/3250 train_time:121.189s step_avg:54.05ms
step:2243/3250 train_time:121.344s step_avg:54.10ms
step:2244/3250 train_time:121.498s step_avg:54.14ms
step:2245/3250 train_time:121.653s step_avg:54.19ms
step:2246/3250 train_time:121.807s step_avg:54.23ms
step:2247/3250 train_time:121.959s step_avg:54.28ms
step:2248/3250 train_time:122.114s step_avg:54.32ms
step:2249/3250 train_time:122.269s step_avg:54.37ms
step:2250/3250 train_time:122.422s step_avg:54.41ms
step:2250/3250 val_loss:3.56295 train_time:122.434s step_avg:159.48ms
step:2251/3250 train_time:123.283s step_avg:54.77ms
step:2252/3250 train_time:123.420s step_avg:54.80ms
step:2253/3250 train_time:123.574s step_avg:54.85ms
step:2254/3250 train_time:123.729s step_avg:54.89ms
step:2255/3250 train_time:123.883s step_avg:54.94ms
step:2256/3250 train_time:124.038s step_avg:54.98ms
step:2257/3250 train_time:124.190s step_avg:55.02ms
step:2258/3250 train_time:124.346s step_avg:55.07ms
step:2259/3250 train_time:124.500s step_avg:55.11ms
step:2260/3250 train_time:124.654s step_avg:55.16ms
step:2261/3250 train_time:124.808s step_avg:55.20ms
step:2262/3250 train_time:124.961s step_avg:55.24ms
step:2263/3250 train_time:125.116s step_avg:55.29ms
step:2264/3250 train_time:125.270s step_avg:55.33ms
step:2265/3250 train_time:125.426s step_avg:55.38ms
step:2266/3250 train_time:125.581s step_avg:55.42ms
step:2267/3250 train_time:125.736s step_avg:55.46ms
step:2268/3250 train_time:125.888s step_avg:55.51ms
step:2269/3250 train_time:126.042s step_avg:55.55ms
step:2270/3250 train_time:126.195s step_avg:55.59ms
step:2271/3250 train_time:126.349s step_avg:55.64ms
step:2272/3250 train_time:126.504s step_avg:55.68ms
step:2273/3250 train_time:126.659s step_avg:55.72ms
step:2274/3250 train_time:126.813s step_avg:55.77ms
step:2275/3250 train_time:126.967s step_avg:55.81ms
step:2276/3250 train_time:127.121s step_avg:55.85ms
step:2277/3250 train_time:127.275s step_avg:55.90ms
step:2278/3250 train_time:127.429s step_avg:55.94ms
step:2279/3250 train_time:127.584s step_avg:55.98ms
step:2280/3250 train_time:127.739s step_avg:56.03ms
step:2281/3250 train_time:127.931s step_avg:56.09ms
step:2282/3250 train_time:128.085s step_avg:56.13ms
step:2283/3250 train_time:128.239s step_avg:56.17ms
step:2284/3250 train_time:128.391s step_avg:56.21ms
step:2285/3250 train_time:128.546s step_avg:56.26ms
step:2286/3250 train_time:128.701s step_avg:56.30ms
step:2287/3250 train_time:128.856s step_avg:56.34ms
step:2288/3250 train_time:129.010s step_avg:56.39ms
step:2289/3250 train_time:129.164s step_avg:56.43ms
step:2290/3250 train_time:129.318s step_avg:56.47ms
step:2291/3250 train_time:129.472s step_avg:56.51ms
step:2292/3250 train_time:129.625s step_avg:56.56ms
step:2293/3250 train_time:129.779s step_avg:56.60ms
step:2294/3250 train_time:129.933s step_avg:56.64ms
step:2295/3250 train_time:130.087s step_avg:56.68ms
step:2296/3250 train_time:130.241s step_avg:56.73ms
step:2297/3250 train_time:130.394s step_avg:56.77ms
step:2298/3250 train_time:130.548s step_avg:56.81ms
step:2299/3250 train_time:130.702s step_avg:56.85ms
step:2300/3250 train_time:130.857s step_avg:56.89ms
step:2301/3250 train_time:131.011s step_avg:56.94ms
step:2302/3250 train_time:131.165s step_avg:56.98ms
step:2303/3250 train_time:131.319s step_avg:57.02ms
step:2304/3250 train_time:131.473s step_avg:57.06ms
step:2305/3250 train_time:131.628s step_avg:57.11ms
step:2306/3250 train_time:131.781s step_avg:57.15ms
step:2307/3250 train_time:131.936s step_avg:57.19ms
step:2308/3250 train_time:132.088s step_avg:57.23ms
step:2309/3250 train_time:132.242s step_avg:57.27ms
step:2310/3250 train_time:132.396s step_avg:57.31ms
step:2311/3250 train_time:132.551s step_avg:57.36ms
step:2312/3250 train_time:132.706s step_avg:57.40ms
step:2313/3250 train_time:132.859s step_avg:57.44ms
step:2314/3250 train_time:133.013s step_avg:57.48ms
step:2315/3250 train_time:133.166s step_avg:57.52ms
step:2316/3250 train_time:133.320s step_avg:57.56ms
step:2317/3250 train_time:133.475s step_avg:57.61ms
step:2318/3250 train_time:133.629s step_avg:57.65ms
step:2319/3250 train_time:133.782s step_avg:57.69ms
step:2320/3250 train_time:133.937s step_avg:57.73ms
step:2321/3250 train_time:134.089s step_avg:57.77ms
step:2322/3250 train_time:134.244s step_avg:57.81ms
step:2323/3250 train_time:134.398s step_avg:57.86ms
step:2324/3250 train_time:134.553s step_avg:57.90ms
step:2325/3250 train_time:134.708s step_avg:57.94ms
step:2326/3250 train_time:134.862s step_avg:57.98ms
step:2327/3250 train_time:135.016s step_avg:58.02ms
step:2328/3250 train_time:135.169s step_avg:58.06ms
step:2329/3250 train_time:135.324s step_avg:58.10ms
step:2330/3250 train_time:135.479s step_avg:58.15ms
step:2331/3250 train_time:135.633s step_avg:58.19ms
step:2332/3250 train_time:135.786s step_avg:58.23ms
step:2333/3250 train_time:135.940s step_avg:58.27ms
step:2334/3250 train_time:136.093s step_avg:58.31ms
step:2335/3250 train_time:136.250s step_avg:58.35ms
step:2336/3250 train_time:136.404s step_avg:58.39ms
step:2337/3250 train_time:136.558s step_avg:58.43ms
step:2338/3250 train_time:136.712s step_avg:58.47ms
step:2339/3250 train_time:136.866s step_avg:58.51ms
step:2340/3250 train_time:137.019s step_avg:58.56ms
step:2341/3250 train_time:137.174s step_avg:58.60ms
step:2342/3250 train_time:137.328s step_avg:58.64ms
step:2343/3250 train_time:137.481s step_avg:58.68ms
step:2344/3250 train_time:137.636s step_avg:58.72ms
step:2345/3250 train_time:137.789s step_avg:58.76ms
step:2346/3250 train_time:137.942s step_avg:58.80ms
step:2347/3250 train_time:138.096s step_avg:58.84ms
step:2348/3250 train_time:138.249s step_avg:58.88ms
step:2349/3250 train_time:138.404s step_avg:58.92ms
step:2350/3250 train_time:138.559s step_avg:58.96ms
step:2351/3250 train_time:138.713s step_avg:59.00ms
step:2352/3250 train_time:138.867s step_avg:59.04ms
step:2353/3250 train_time:139.020s step_avg:59.08ms
step:2354/3250 train_time:139.176s step_avg:59.12ms
step:2355/3250 train_time:139.329s step_avg:59.16ms
step:2356/3250 train_time:139.483s step_avg:59.20ms
step:2357/3250 train_time:139.638s step_avg:59.24ms
step:2358/3250 train_time:139.791s step_avg:59.28ms
step:2359/3250 train_time:139.947s step_avg:59.32ms
step:2360/3250 train_time:140.101s step_avg:59.37ms
step:2361/3250 train_time:140.257s step_avg:59.41ms
step:2362/3250 train_time:140.410s step_avg:59.45ms
step:2363/3250 train_time:140.563s step_avg:59.49ms
step:2364/3250 train_time:140.717s step_avg:59.52ms
step:2365/3250 train_time:140.871s step_avg:59.56ms
step:2366/3250 train_time:141.024s step_avg:59.60ms
step:2367/3250 train_time:141.178s step_avg:59.64ms
step:2368/3250 train_time:141.333s step_avg:59.68ms
step:2369/3250 train_time:141.487s step_avg:59.72ms
step:2370/3250 train_time:141.640s step_avg:59.76ms
step:2371/3250 train_time:141.793s step_avg:59.80ms
step:2372/3250 train_time:141.947s step_avg:59.84ms
step:2373/3250 train_time:142.101s step_avg:59.88ms
step:2374/3250 train_time:142.256s step_avg:59.92ms
step:2375/3250 train_time:142.409s step_avg:59.96ms
step:2375/3250 val_loss:3.55140 train_time:142.421s step_avg:159.89ms
step:2376/3250 train_time:143.253s step_avg:60.29ms
step:2377/3250 train_time:143.394s step_avg:60.33ms
step:2378/3250 train_time:143.548s step_avg:60.36ms
step:2379/3250 train_time:143.700s step_avg:60.40ms
step:2380/3250 train_time:143.855s step_avg:60.44ms
step:2381/3250 train_time:144.009s step_avg:60.48ms
step:2382/3250 train_time:144.162s step_avg:60.52ms
step:2383/3250 train_time:144.316s step_avg:60.56ms
step:2384/3250 train_time:144.470s step_avg:60.60ms
step:2385/3250 train_time:144.623s step_avg:60.64ms
step:2386/3250 train_time:144.778s step_avg:60.68ms
step:2387/3250 train_time:144.932s step_avg:60.72ms
step:2388/3250 train_time:145.086s step_avg:60.76ms
step:2389/3250 train_time:145.241s step_avg:60.80ms
step:2390/3250 train_time:145.394s step_avg:60.83ms
step:2391/3250 train_time:145.546s step_avg:60.87ms
step:2392/3250 train_time:145.700s step_avg:60.91ms
step:2393/3250 train_time:145.854s step_avg:60.95ms
step:2394/3250 train_time:146.010s step_avg:60.99ms
step:2395/3250 train_time:146.164s step_avg:61.03ms
step:2396/3250 train_time:146.318s step_avg:61.07ms
step:2397/3250 train_time:146.472s step_avg:61.11ms
step:2398/3250 train_time:146.624s step_avg:61.14ms
step:2399/3250 train_time:146.777s step_avg:61.18ms
step:2400/3250 train_time:146.930s step_avg:61.22ms
step:2401/3250 train_time:147.084s step_avg:61.26ms
step:2402/3250 train_time:147.239s step_avg:61.30ms
step:2403/3250 train_time:147.394s step_avg:61.34ms
step:2404/3250 train_time:147.548s step_avg:61.38ms
step:2405/3250 train_time:147.702s step_avg:61.41ms
step:2406/3250 train_time:147.854s step_avg:61.45ms
step:2407/3250 train_time:148.010s step_avg:61.49ms
step:2408/3250 train_time:148.162s step_avg:61.53ms
step:2409/3250 train_time:148.315s step_avg:61.57ms
step:2410/3250 train_time:148.470s step_avg:61.61ms
step:2411/3250 train_time:148.623s step_avg:61.64ms
step:2412/3250 train_time:148.778s step_avg:61.68ms
step:2413/3250 train_time:148.932s step_avg:61.72ms
step:2414/3250 train_time:149.087s step_avg:61.76ms
step:2415/3250 train_time:149.241s step_avg:61.80ms
step:2416/3250 train_time:149.395s step_avg:61.84ms
step:2417/3250 train_time:149.548s step_avg:61.87ms
step:2418/3250 train_time:149.701s step_avg:61.91ms
step:2419/3250 train_time:149.855s step_avg:61.95ms
step:2420/3250 train_time:150.011s step_avg:61.99ms
step:2421/3250 train_time:150.165s step_avg:62.03ms
step:2422/3250 train_time:150.320s step_avg:62.06ms
step:2423/3250 train_time:150.474s step_avg:62.10ms
step:2424/3250 train_time:150.629s step_avg:62.14ms
step:2425/3250 train_time:150.782s step_avg:62.18ms
step:2426/3250 train_time:150.936s step_avg:62.22ms
step:2427/3250 train_time:151.090s step_avg:62.25ms
step:2428/3250 train_time:151.244s step_avg:62.29ms
step:2429/3250 train_time:151.399s step_avg:62.33ms
step:2430/3250 train_time:151.554s step_avg:62.37ms
step:2431/3250 train_time:151.708s step_avg:62.41ms
step:2432/3250 train_time:151.862s step_avg:62.44ms
step:2433/3250 train_time:152.015s step_avg:62.48ms
step:2434/3250 train_time:152.171s step_avg:62.52ms
step:2435/3250 train_time:152.324s step_avg:62.56ms
step:2436/3250 train_time:152.482s step_avg:62.60ms
step:2437/3250 train_time:152.635s step_avg:62.63ms
step:2438/3250 train_time:152.789s step_avg:62.67ms
step:2439/3250 train_time:152.942s step_avg:62.71ms
step:2440/3250 train_time:153.095s step_avg:62.74ms
step:2441/3250 train_time:153.249s step_avg:62.78ms
step:2442/3250 train_time:153.403s step_avg:62.82ms
step:2443/3250 train_time:153.559s step_avg:62.86ms
step:2444/3250 train_time:153.713s step_avg:62.89ms
step:2445/3250 train_time:153.868s step_avg:62.93ms
step:2446/3250 train_time:154.021s step_avg:62.97ms
step:2447/3250 train_time:154.175s step_avg:63.01ms
step:2448/3250 train_time:154.329s step_avg:63.04ms
step:2449/3250 train_time:154.483s step_avg:63.08ms
step:2450/3250 train_time:154.638s step_avg:63.12ms
step:2451/3250 train_time:154.791s step_avg:63.15ms
step:2452/3250 train_time:154.947s step_avg:63.19ms
step:2453/3250 train_time:155.101s step_avg:63.23ms
step:2454/3250 train_time:155.254s step_avg:63.27ms
step:2455/3250 train_time:155.409s step_avg:63.30ms
step:2456/3250 train_time:155.562s step_avg:63.34ms
step:2457/3250 train_time:155.716s step_avg:63.38ms
step:2458/3250 train_time:155.870s step_avg:63.41ms
step:2459/3250 train_time:156.023s step_avg:63.45ms
step:2460/3250 train_time:156.178s step_avg:63.49ms
step:2461/3250 train_time:156.333s step_avg:63.52ms
step:2462/3250 train_time:156.487s step_avg:63.56ms
step:2463/3250 train_time:156.641s step_avg:63.60ms
step:2464/3250 train_time:156.794s step_avg:63.63ms
step:2465/3250 train_time:156.948s step_avg:63.67ms
step:2466/3250 train_time:157.101s step_avg:63.71ms
step:2467/3250 train_time:157.255s step_avg:63.74ms
step:2468/3250 train_time:157.412s step_avg:63.78ms
step:2469/3250 train_time:157.567s step_avg:63.82ms
step:2470/3250 train_time:157.720s step_avg:63.85ms
step:2471/3250 train_time:157.911s step_avg:63.91ms
step:2472/3250 train_time:158.064s step_avg:63.94ms
step:2473/3250 train_time:158.219s step_avg:63.98ms
step:2474/3250 train_time:158.372s step_avg:64.01ms
step:2475/3250 train_time:158.525s step_avg:64.05ms
step:2476/3250 train_time:158.680s step_avg:64.09ms
step:2477/3250 train_time:158.835s step_avg:64.12ms
step:2478/3250 train_time:158.991s step_avg:64.16ms
step:2479/3250 train_time:159.146s step_avg:64.20ms
step:2480/3250 train_time:159.300s step_avg:64.23ms
step:2481/3250 train_time:159.454s step_avg:64.27ms
step:2482/3250 train_time:159.610s step_avg:64.31ms
step:2483/3250 train_time:159.764s step_avg:64.34ms
step:2484/3250 train_time:159.917s step_avg:64.38ms
step:2485/3250 train_time:160.072s step_avg:64.42ms
step:2486/3250 train_time:160.225s step_avg:64.45ms
step:2487/3250 train_time:160.380s step_avg:64.49ms
step:2488/3250 train_time:160.533s step_avg:64.52ms
step:2489/3250 train_time:160.689s step_avg:64.56ms
step:2490/3250 train_time:160.842s step_avg:64.60ms
step:2491/3250 train_time:160.996s step_avg:64.63ms
step:2492/3250 train_time:161.149s step_avg:64.67ms
step:2493/3250 train_time:161.302s step_avg:64.70ms
step:2494/3250 train_time:161.456s step_avg:64.74ms
step:2495/3250 train_time:161.611s step_avg:64.77ms
step:2496/3250 train_time:161.765s step_avg:64.81ms
step:2497/3250 train_time:161.919s step_avg:64.85ms
step:2498/3250 train_time:162.073s step_avg:64.88ms
step:2499/3250 train_time:162.228s step_avg:64.92ms
step:2500/3250 train_time:162.382s step_avg:64.95ms
step:2500/3250 val_loss:3.54383 train_time:162.394s step_avg:159.78ms
step:2501/3250 train_time:163.230s step_avg:65.27ms
step:2502/3250 train_time:163.371s step_avg:65.30ms
step:2503/3250 train_time:163.525s step_avg:65.33ms
step:2504/3250 train_time:163.678s step_avg:65.37ms
step:2505/3250 train_time:163.831s step_avg:65.40ms
step:2506/3250 train_time:163.984s step_avg:65.44ms
step:2507/3250 train_time:164.138s step_avg:65.47ms
step:2508/3250 train_time:164.291s step_avg:65.51ms
step:2509/3250 train_time:164.445s step_avg:65.54ms
step:2510/3250 train_time:164.598s step_avg:65.58ms
step:2511/3250 train_time:164.752s step_avg:65.61ms
step:2512/3250 train_time:164.905s step_avg:65.65ms
step:2513/3250 train_time:165.059s step_avg:65.68ms
step:2514/3250 train_time:165.213s step_avg:65.72ms
step:2515/3250 train_time:165.367s step_avg:65.75ms
step:2516/3250 train_time:165.520s step_avg:65.79ms
step:2517/3250 train_time:165.674s step_avg:65.82ms
step:2518/3250 train_time:165.828s step_avg:65.86ms
step:2519/3250 train_time:165.982s step_avg:65.89ms
step:2520/3250 train_time:166.136s step_avg:65.93ms
step:2521/3250 train_time:166.290s step_avg:65.96ms
step:2522/3250 train_time:166.446s step_avg:66.00ms
step:2523/3250 train_time:166.601s step_avg:66.03ms
step:2524/3250 train_time:166.753s step_avg:66.07ms
step:2525/3250 train_time:166.907s step_avg:66.10ms
step:2526/3250 train_time:167.059s step_avg:66.14ms
step:2527/3250 train_time:167.213s step_avg:66.17ms
step:2528/3250 train_time:167.367s step_avg:66.21ms
step:2529/3250 train_time:167.522s step_avg:66.24ms
step:2530/3250 train_time:167.675s step_avg:66.27ms
step:2531/3250 train_time:167.829s step_avg:66.31ms
step:2532/3250 train_time:167.983s step_avg:66.34ms
step:2533/3250 train_time:168.138s step_avg:66.38ms
step:2534/3250 train_time:168.293s step_avg:66.41ms
step:2535/3250 train_time:168.447s step_avg:66.45ms
step:2536/3250 train_time:168.600s step_avg:66.48ms
step:2537/3250 train_time:168.753s step_avg:66.52ms
step:2538/3250 train_time:168.908s step_avg:66.55ms
step:2539/3250 train_time:169.061s step_avg:66.59ms
step:2540/3250 train_time:169.215s step_avg:66.62ms
step:2541/3250 train_time:169.369s step_avg:66.65ms
step:2542/3250 train_time:169.523s step_avg:66.69ms
step:2543/3250 train_time:169.677s step_avg:66.72ms
step:2544/3250 train_time:169.831s step_avg:66.76ms
step:2545/3250 train_time:169.984s step_avg:66.79ms
step:2546/3250 train_time:170.137s step_avg:66.83ms
step:2547/3250 train_time:170.292s step_avg:66.86ms
step:2548/3250 train_time:170.446s step_avg:66.89ms
step:2549/3250 train_time:170.601s step_avg:66.93ms
step:2550/3250 train_time:170.754s step_avg:66.96ms
step:2551/3250 train_time:170.909s step_avg:67.00ms
step:2552/3250 train_time:171.063s step_avg:67.03ms
step:2553/3250 train_time:171.218s step_avg:67.07ms
step:2554/3250 train_time:171.372s step_avg:67.10ms
step:2555/3250 train_time:171.526s step_avg:67.13ms
step:2556/3250 train_time:171.680s step_avg:67.17ms
step:2557/3250 train_time:171.834s step_avg:67.20ms
step:2558/3250 train_time:171.988s step_avg:67.24ms
step:2559/3250 train_time:172.143s step_avg:67.27ms
step:2560/3250 train_time:172.298s step_avg:67.30ms
step:2561/3250 train_time:172.452s step_avg:67.34ms
step:2562/3250 train_time:172.607s step_avg:67.37ms
step:2563/3250 train_time:172.761s step_avg:67.41ms
step:2564/3250 train_time:172.914s step_avg:67.44ms
step:2565/3250 train_time:173.069s step_avg:67.47ms
step:2566/3250 train_time:173.224s step_avg:67.51ms
step:2567/3250 train_time:173.377s step_avg:67.54ms
step:2568/3250 train_time:173.530s step_avg:67.57ms
step:2569/3250 train_time:173.683s step_avg:67.61ms
step:2570/3250 train_time:173.838s step_avg:67.64ms
step:2571/3250 train_time:173.993s step_avg:67.68ms
step:2572/3250 train_time:174.147s step_avg:67.71ms
step:2573/3250 train_time:174.302s step_avg:67.74ms
step:2574/3250 train_time:174.454s step_avg:67.78ms
step:2575/3250 train_time:174.608s step_avg:67.81ms
step:2576/3250 train_time:174.762s step_avg:67.84ms
step:2577/3250 train_time:174.916s step_avg:67.88ms
step:2578/3250 train_time:175.069s step_avg:67.91ms
step:2579/3250 train_time:175.224s step_avg:67.94ms
step:2580/3250 train_time:175.380s step_avg:67.98ms
step:2581/3250 train_time:175.533s step_avg:68.01ms
step:2582/3250 train_time:175.687s step_avg:68.04ms
step:2583/3250 train_time:175.843s step_avg:68.08ms
step:2584/3250 train_time:175.996s step_avg:68.11ms
step:2585/3250 train_time:176.150s step_avg:68.14ms
step:2586/3250 train_time:176.304s step_avg:68.18ms
step:2587/3250 train_time:176.456s step_avg:68.21ms
step:2588/3250 train_time:176.612s step_avg:68.24ms
step:2589/3250 train_time:176.767s step_avg:68.28ms
step:2590/3250 train_time:176.920s step_avg:68.31ms
step:2591/3250 train_time:177.075s step_avg:68.34ms
step:2592/3250 train_time:177.229s step_avg:68.38ms
step:2593/3250 train_time:177.383s step_avg:68.41ms
step:2594/3250 train_time:177.536s step_avg:68.44ms
step:2595/3250 train_time:177.691s step_avg:68.47ms
step:2596/3250 train_time:177.846s step_avg:68.51ms
step:2597/3250 train_time:178.000s step_avg:68.54ms
step:2598/3250 train_time:178.153s step_avg:68.57ms
step:2599/3250 train_time:178.308s step_avg:68.61ms
step:2600/3250 train_time:178.462s step_avg:68.64ms
step:2601/3250 train_time:178.617s step_avg:68.67ms
step:2602/3250 train_time:178.772s step_avg:68.71ms
step:2603/3250 train_time:178.926s step_avg:68.74ms
step:2604/3250 train_time:179.079s step_avg:68.77ms
step:2605/3250 train_time:179.232s step_avg:68.80ms
step:2606/3250 train_time:179.386s step_avg:68.84ms
step:2607/3250 train_time:179.542s step_avg:68.87ms
step:2608/3250 train_time:179.697s step_avg:68.90ms
step:2609/3250 train_time:179.851s step_avg:68.93ms
step:2610/3250 train_time:180.005s step_avg:68.97ms
step:2611/3250 train_time:180.159s step_avg:69.00ms
step:2612/3250 train_time:180.313s step_avg:69.03ms
step:2613/3250 train_time:180.466s step_avg:69.06ms
step:2614/3250 train_time:180.621s step_avg:69.10ms
step:2615/3250 train_time:180.774s step_avg:69.13ms
step:2616/3250 train_time:180.928s step_avg:69.16ms
step:2617/3250 train_time:181.083s step_avg:69.19ms
step:2618/3250 train_time:181.237s step_avg:69.23ms
step:2619/3250 train_time:181.393s step_avg:69.26ms
step:2620/3250 train_time:181.546s step_avg:69.29ms
step:2621/3250 train_time:181.702s step_avg:69.33ms
step:2622/3250 train_time:181.854s step_avg:69.36ms
step:2623/3250 train_time:182.008s step_avg:69.39ms
step:2624/3250 train_time:182.162s step_avg:69.42ms
step:2625/3250 train_time:182.316s step_avg:69.45ms
step:2625/3250 val_loss:3.54041 train_time:182.328s step_avg:159.47ms
step:2626/3250 train_time:183.160s step_avg:69.75ms
step:2627/3250 train_time:183.300s step_avg:69.78ms
step:2628/3250 train_time:183.455s step_avg:69.81ms
step:2629/3250 train_time:183.607s step_avg:69.84ms
step:2630/3250 train_time:183.761s step_avg:69.87ms
step:2631/3250 train_time:183.915s step_avg:69.90ms
step:2632/3250 train_time:184.069s step_avg:69.93ms
step:2633/3250 train_time:184.224s step_avg:69.97ms
step:2634/3250 train_time:184.377s step_avg:70.00ms
step:2635/3250 train_time:184.531s step_avg:70.03ms
step:2636/3250 train_time:184.685s step_avg:70.06ms
step:2637/3250 train_time:184.839s step_avg:70.09ms
step:2638/3250 train_time:184.994s step_avg:70.13ms
step:2639/3250 train_time:185.147s step_avg:70.16ms
step:2640/3250 train_time:185.300s step_avg:70.19ms
step:2641/3250 train_time:185.455s step_avg:70.22ms
step:2642/3250 train_time:185.608s step_avg:70.25ms
step:2643/3250 train_time:185.762s step_avg:70.28ms
step:2644/3250 train_time:185.916s step_avg:70.32ms
step:2645/3250 train_time:186.069s step_avg:70.35ms
step:2646/3250 train_time:186.224s step_avg:70.38ms
step:2647/3250 train_time:186.377s step_avg:70.41ms
step:2648/3250 train_time:186.531s step_avg:70.44ms
step:2649/3250 train_time:186.684s step_avg:70.47ms
step:2650/3250 train_time:186.838s step_avg:70.50ms
step:2651/3250 train_time:186.991s step_avg:70.54ms
step:2652/3250 train_time:187.146s step_avg:70.57ms
step:2653/3250 train_time:187.300s step_avg:70.60ms
step:2654/3250 train_time:187.455s step_avg:70.63ms
step:2655/3250 train_time:187.608s step_avg:70.66ms
step:2656/3250 train_time:187.762s step_avg:70.69ms
step:2657/3250 train_time:187.915s step_avg:70.72ms
step:2658/3250 train_time:188.068s step_avg:70.76ms
step:2659/3250 train_time:188.222s step_avg:70.79ms
step:2660/3250 train_time:188.377s step_avg:70.82ms
step:2661/3250 train_time:188.569s step_avg:70.86ms
step:2662/3250 train_time:188.723s step_avg:70.90ms
step:2663/3250 train_time:188.877s step_avg:70.93ms
step:2664/3250 train_time:189.031s step_avg:70.96ms
step:2665/3250 train_time:189.184s step_avg:70.99ms
step:2666/3250 train_time:189.338s step_avg:71.02ms
step:2667/3250 train_time:189.492s step_avg:71.05ms
step:2668/3250 train_time:189.646s step_avg:71.08ms
step:2669/3250 train_time:189.800s step_avg:71.11ms
step:2670/3250 train_time:189.954s step_avg:71.14ms
step:2671/3250 train_time:190.108s step_avg:71.17ms
step:2672/3250 train_time:190.261s step_avg:71.21ms
step:2673/3250 train_time:190.417s step_avg:71.24ms
step:2674/3250 train_time:190.571s step_avg:71.27ms
step:2675/3250 train_time:190.726s step_avg:71.30ms
step:2676/3250 train_time:190.879s step_avg:71.33ms
step:2677/3250 train_time:191.033s step_avg:71.36ms
step:2678/3250 train_time:191.186s step_avg:71.39ms
step:2679/3250 train_time:191.341s step_avg:71.42ms
step:2680/3250 train_time:191.497s step_avg:71.45ms
step:2681/3250 train_time:191.652s step_avg:71.49ms
step:2682/3250 train_time:191.806s step_avg:71.52ms
step:2683/3250 train_time:191.959s step_avg:71.55ms
step:2684/3250 train_time:192.114s step_avg:71.58ms
step:2685/3250 train_time:192.268s step_avg:71.61ms
step:2686/3250 train_time:192.422s step_avg:71.64ms
step:2687/3250 train_time:192.577s step_avg:71.67ms
step:2688/3250 train_time:192.732s step_avg:71.70ms
step:2689/3250 train_time:192.886s step_avg:71.73ms
step:2690/3250 train_time:193.040s step_avg:71.76ms
step:2691/3250 train_time:193.194s step_avg:71.79ms
step:2692/3250 train_time:193.348s step_avg:71.82ms
step:2693/3250 train_time:193.500s step_avg:71.85ms
step:2694/3250 train_time:193.656s step_avg:71.88ms
step:2695/3250 train_time:193.809s step_avg:71.91ms
step:2696/3250 train_time:193.963s step_avg:71.94ms
step:2697/3250 train_time:194.117s step_avg:71.98ms
step:2698/3250 train_time:194.271s step_avg:72.01ms
step:2699/3250 train_time:194.425s step_avg:72.04ms
step:2700/3250 train_time:194.579s step_avg:72.07ms
step:2701/3250 train_time:194.734s step_avg:72.10ms
step:2702/3250 train_time:194.888s step_avg:72.13ms
step:2703/3250 train_time:195.042s step_avg:72.16ms
step:2704/3250 train_time:195.197s step_avg:72.19ms
step:2705/3250 train_time:195.351s step_avg:72.22ms
step:2706/3250 train_time:195.506s step_avg:72.25ms
step:2707/3250 train_time:195.660s step_avg:72.28ms
step:2708/3250 train_time:195.813s step_avg:72.31ms
step:2709/3250 train_time:195.967s step_avg:72.34ms
step:2710/3250 train_time:196.121s step_avg:72.37ms
step:2711/3250 train_time:196.276s step_avg:72.40ms
step:2712/3250 train_time:196.429s step_avg:72.43ms
step:2713/3250 train_time:196.584s step_avg:72.46ms
step:2714/3250 train_time:196.738s step_avg:72.49ms
step:2715/3250 train_time:196.891s step_avg:72.52ms
step:2716/3250 train_time:197.046s step_avg:72.55ms
step:2717/3250 train_time:197.200s step_avg:72.58ms
step:2718/3250 train_time:197.355s step_avg:72.61ms
step:2719/3250 train_time:197.509s step_avg:72.64ms
step:2720/3250 train_time:197.663s step_avg:72.67ms
step:2721/3250 train_time:197.818s step_avg:72.70ms
step:2722/3250 train_time:197.973s step_avg:72.73ms
step:2723/3250 train_time:198.127s step_avg:72.76ms
step:2724/3250 train_time:198.281s step_avg:72.79ms
step:2725/3250 train_time:198.435s step_avg:72.82ms
step:2726/3250 train_time:198.588s step_avg:72.85ms
step:2727/3250 train_time:198.741s step_avg:72.88ms
step:2728/3250 train_time:198.895s step_avg:72.91ms
step:2729/3250 train_time:199.048s step_avg:72.94ms
step:2730/3250 train_time:199.202s step_avg:72.97ms
step:2731/3250 train_time:199.358s step_avg:73.00ms
step:2732/3250 train_time:199.513s step_avg:73.03ms
step:2733/3250 train_time:199.667s step_avg:73.06ms
step:2734/3250 train_time:199.820s step_avg:73.09ms
step:2735/3250 train_time:199.975s step_avg:73.12ms
step:2736/3250 train_time:200.127s step_avg:73.15ms
step:2737/3250 train_time:200.281s step_avg:73.18ms
step:2738/3250 train_time:200.435s step_avg:73.20ms
step:2739/3250 train_time:200.588s step_avg:73.23ms
step:2740/3250 train_time:200.743s step_avg:73.26ms
step:2741/3250 train_time:200.897s step_avg:73.29ms
step:2742/3250 train_time:201.053s step_avg:73.32ms
step:2743/3250 train_time:201.206s step_avg:73.35ms
step:2744/3250 train_time:201.359s step_avg:73.38ms
step:2745/3250 train_time:201.512s step_avg:73.41ms
step:2746/3250 train_time:201.665s step_avg:73.44ms
step:2747/3250 train_time:201.817s step_avg:73.47ms
step:2748/3250 train_time:201.972s step_avg:73.50ms
step:2749/3250 train_time:202.126s step_avg:73.53ms
step:2750/3250 train_time:202.280s step_avg:73.56ms
step:2750/3250 val_loss:3.53449 train_time:202.292s step_avg:159.71ms
step:2751/3250 train_time:203.160s step_avg:73.85ms
EXIT=0 rid=eos_f1500_s130
