W0831 14:23:30.604000 12127 torch/distributed/run.py:852] 
W0831 14:23:30.604000 12127 torch/distributed/run.py:852] *****************************************
W0831 14:23:30.604000 12127 torch/distributed/run.py:852] Setting OMP_NUM_THREADS environment variable for each process to be 1 in default, to avoid your system being overloaded, please further tune the variable for optimal performance in your application as needed. 
W0831 14:23:30.604000 12127 torch/distributed/run.py:852] *****************************************
logs/c6f45a1f-b4cc-47f2-9abd-18690998cb15.txt
resumed training state from step 2000 in eos_shared_state, skipped 2000 batches
step:0/3250 val_loss:3.44335 train_time:0.001s step_avg:nanms
step:2001/3250 train_time:2.682s step_avg:1.34ms
step:2002/3250 train_time:2.826s step_avg:1.41ms
step:2003/3250 train_time:2.981s step_avg:1.49ms
step:2004/3250 train_time:3.132s step_avg:1.56ms
step:2005/3250 train_time:3.285s step_avg:1.64ms
step:2006/3250 train_time:3.439s step_avg:1.71ms
step:2007/3250 train_time:3.592s step_avg:1.79ms
step:2008/3250 train_time:3.744s step_avg:1.86ms
step:2009/3250 train_time:3.898s step_avg:1.94ms
step:2010/3250 train_time:4.051s step_avg:2.02ms
step:2011/3250 train_time:4.205s step_avg:2.09ms
step:2012/3250 train_time:4.359s step_avg:2.17ms
step:2013/3250 train_time:4.511s step_avg:2.24ms
step:2014/3250 train_time:4.664s step_avg:2.32ms
step:2015/3250 train_time:4.818s step_avg:2.39ms
step:2016/3250 train_time:4.972s step_avg:2.47ms
step:2017/3250 train_time:5.125s step_avg:2.54ms
step:2018/3250 train_time:5.279s step_avg:2.62ms
step:2019/3250 train_time:5.432s step_avg:2.69ms
step:2020/3250 train_time:5.586s step_avg:2.77ms
step:2021/3250 train_time:5.740s step_avg:2.84ms
step:2022/3250 train_time:5.895s step_avg:2.92ms
step:2023/3250 train_time:6.048s step_avg:2.99ms
step:2024/3250 train_time:6.203s step_avg:3.06ms
step:2025/3250 train_time:6.357s step_avg:3.14ms
step:2026/3250 train_time:6.510s step_avg:3.21ms
step:2027/3250 train_time:6.664s step_avg:3.29ms
step:2028/3250 train_time:6.817s step_avg:3.36ms
step:2029/3250 train_time:6.970s step_avg:3.44ms
step:2030/3250 train_time:7.124s step_avg:3.51ms
step:2031/3250 train_time:7.279s step_avg:3.58ms
step:2032/3250 train_time:7.432s step_avg:3.66ms
step:2033/3250 train_time:7.586s step_avg:3.73ms
step:2034/3250 train_time:7.737s step_avg:3.80ms
step:2035/3250 train_time:7.891s step_avg:3.88ms
step:2036/3250 train_time:8.044s step_avg:3.95ms
step:2037/3250 train_time:8.200s step_avg:4.03ms
step:2038/3250 train_time:8.353s step_avg:4.10ms
step:2039/3250 train_time:8.507s step_avg:4.17ms
step:2040/3250 train_time:8.662s step_avg:4.25ms
step:2041/3250 train_time:8.816s step_avg:4.32ms
step:2042/3250 train_time:8.970s step_avg:4.39ms
step:2043/3250 train_time:9.123s step_avg:4.47ms
step:2044/3250 train_time:9.278s step_avg:4.54ms
step:2045/3250 train_time:9.431s step_avg:4.61ms
step:2046/3250 train_time:9.585s step_avg:4.68ms
step:2047/3250 train_time:9.740s step_avg:4.76ms
step:2048/3250 train_time:9.894s step_avg:4.83ms
step:2049/3250 train_time:10.047s step_avg:4.90ms
step:2050/3250 train_time:10.202s step_avg:4.98ms
step:2051/3250 train_time:10.356s step_avg:5.05ms
step:2052/3250 train_time:10.509s step_avg:5.12ms
step:2053/3250 train_time:10.663s step_avg:5.19ms
step:2054/3250 train_time:10.817s step_avg:5.27ms
step:2055/3250 train_time:10.971s step_avg:5.34ms
step:2056/3250 train_time:11.124s step_avg:5.41ms
step:2057/3250 train_time:11.279s step_avg:5.48ms
step:2058/3250 train_time:11.433s step_avg:5.56ms
step:2059/3250 train_time:11.586s step_avg:5.63ms
step:2060/3250 train_time:11.741s step_avg:5.70ms
step:2061/3250 train_time:11.894s step_avg:5.77ms
step:2062/3250 train_time:12.047s step_avg:5.84ms
step:2063/3250 train_time:12.202s step_avg:5.91ms
step:2064/3250 train_time:12.357s step_avg:5.99ms
step:2065/3250 train_time:12.510s step_avg:6.06ms
step:2066/3250 train_time:12.664s step_avg:6.13ms
step:2067/3250 train_time:12.818s step_avg:6.20ms
step:2068/3250 train_time:12.971s step_avg:6.27ms
step:2069/3250 train_time:13.125s step_avg:6.34ms
step:2070/3250 train_time:13.281s step_avg:6.42ms
step:2071/3250 train_time:13.434s step_avg:6.49ms
step:2072/3250 train_time:13.589s step_avg:6.56ms
step:2073/3250 train_time:13.742s step_avg:6.63ms
step:2074/3250 train_time:13.897s step_avg:6.70ms
step:2075/3250 train_time:14.050s step_avg:6.77ms
step:2076/3250 train_time:14.204s step_avg:6.84ms
step:2077/3250 train_time:14.359s step_avg:6.91ms
step:2078/3250 train_time:14.512s step_avg:6.98ms
step:2079/3250 train_time:14.666s step_avg:7.05ms
step:2080/3250 train_time:14.820s step_avg:7.13ms
step:2081/3250 train_time:14.974s step_avg:7.20ms
step:2082/3250 train_time:15.128s step_avg:7.27ms
step:2083/3250 train_time:15.284s step_avg:7.34ms
step:2084/3250 train_time:15.439s step_avg:7.41ms
step:2085/3250 train_time:15.593s step_avg:7.48ms
step:2086/3250 train_time:15.746s step_avg:7.55ms
step:2087/3250 train_time:15.902s step_avg:7.62ms
step:2088/3250 train_time:16.056s step_avg:7.69ms
step:2089/3250 train_time:16.209s step_avg:7.76ms
step:2090/3250 train_time:16.363s step_avg:7.83ms
step:2091/3250 train_time:16.549s step_avg:7.91ms
step:2092/3250 train_time:16.703s step_avg:7.98ms
step:2093/3250 train_time:16.855s step_avg:8.05ms
step:2094/3250 train_time:17.008s step_avg:8.12ms
step:2095/3250 train_time:17.161s step_avg:8.19ms
step:2096/3250 train_time:17.314s step_avg:8.26ms
step:2097/3250 train_time:17.467s step_avg:8.33ms
step:2098/3250 train_time:17.620s step_avg:8.40ms
step:2099/3250 train_time:17.773s step_avg:8.47ms
step:2100/3250 train_time:17.926s step_avg:8.54ms
step:2101/3250 train_time:18.081s step_avg:8.61ms
step:2102/3250 train_time:18.233s step_avg:8.67ms
step:2103/3250 train_time:18.386s step_avg:8.74ms
step:2104/3250 train_time:18.540s step_avg:8.81ms
step:2105/3250 train_time:18.694s step_avg:8.88ms
step:2106/3250 train_time:18.847s step_avg:8.95ms
step:2107/3250 train_time:19.000s step_avg:9.02ms
step:2108/3250 train_time:19.154s step_avg:9.09ms
step:2109/3250 train_time:19.307s step_avg:9.15ms
step:2110/3250 train_time:19.462s step_avg:9.22ms
step:2111/3250 train_time:19.615s step_avg:9.29ms
step:2112/3250 train_time:19.767s step_avg:9.36ms
step:2113/3250 train_time:19.921s step_avg:9.43ms
step:2114/3250 train_time:20.074s step_avg:9.50ms
step:2115/3250 train_time:20.227s step_avg:9.56ms
step:2116/3250 train_time:20.382s step_avg:9.63ms
step:2117/3250 train_time:20.534s step_avg:9.70ms
step:2118/3250 train_time:20.688s step_avg:9.77ms
step:2119/3250 train_time:20.842s step_avg:9.84ms
step:2120/3250 train_time:20.996s step_avg:9.90ms
step:2121/3250 train_time:21.148s step_avg:9.97ms
step:2122/3250 train_time:21.303s step_avg:10.04ms
step:2123/3250 train_time:21.457s step_avg:10.11ms
step:2124/3250 train_time:21.609s step_avg:10.17ms
step:2125/3250 train_time:21.763s step_avg:10.24ms
step:2125/3250 val_loss:3.44341 train_time:21.775s step_avg:10.25ms
step:2126/3250 train_time:21.920s step_avg:10.31ms
step:2127/3250 train_time:22.073s step_avg:10.38ms
step:2128/3250 train_time:22.227s step_avg:10.45ms
step:2129/3250 train_time:22.379s step_avg:10.51ms
step:2130/3250 train_time:22.534s step_avg:10.58ms
step:2131/3250 train_time:22.687s step_avg:10.65ms
step:2132/3250 train_time:22.839s step_avg:10.71ms
step:2133/3250 train_time:22.994s step_avg:10.78ms
step:2134/3250 train_time:23.147s step_avg:10.85ms
step:2135/3250 train_time:23.301s step_avg:10.91ms
step:2136/3250 train_time:23.454s step_avg:10.98ms
step:2137/3250 train_time:23.608s step_avg:11.05ms
step:2138/3250 train_time:23.761s step_avg:11.11ms
step:2139/3250 train_time:23.915s step_avg:11.18ms
step:2140/3250 train_time:24.070s step_avg:11.25ms
step:2141/3250 train_time:24.223s step_avg:11.31ms
step:2142/3250 train_time:24.376s step_avg:11.38ms
step:2143/3250 train_time:24.530s step_avg:11.45ms
step:2144/3250 train_time:24.682s step_avg:11.51ms
step:2145/3250 train_time:24.836s step_avg:11.58ms
step:2146/3250 train_time:24.990s step_avg:11.65ms
step:2147/3250 train_time:25.143s step_avg:11.71ms
step:2148/3250 train_time:25.296s step_avg:11.78ms
step:2149/3250 train_time:25.449s step_avg:11.84ms
step:2150/3250 train_time:25.603s step_avg:11.91ms
step:2151/3250 train_time:25.756s step_avg:11.97ms
step:2152/3250 train_time:25.911s step_avg:12.04ms
step:2153/3250 train_time:26.064s step_avg:12.11ms
step:2154/3250 train_time:26.218s step_avg:12.17ms
step:2155/3250 train_time:26.372s step_avg:12.24ms
step:2156/3250 train_time:26.526s step_avg:12.30ms
step:2157/3250 train_time:26.678s step_avg:12.37ms
step:2158/3250 train_time:26.833s step_avg:12.43ms
step:2159/3250 train_time:26.986s step_avg:12.50ms
step:2160/3250 train_time:27.139s step_avg:12.56ms
step:2161/3250 train_time:27.294s step_avg:12.63ms
step:2162/3250 train_time:27.448s step_avg:12.70ms
step:2163/3250 train_time:27.601s step_avg:12.76ms
step:2164/3250 train_time:27.755s step_avg:12.83ms
step:2165/3250 train_time:27.910s step_avg:12.89ms
step:2166/3250 train_time:28.062s step_avg:12.96ms
step:2167/3250 train_time:28.216s step_avg:13.02ms
step:2168/3250 train_time:28.371s step_avg:13.09ms
step:2169/3250 train_time:28.525s step_avg:13.15ms
step:2170/3250 train_time:28.678s step_avg:13.22ms
step:2171/3250 train_time:28.834s step_avg:13.28ms
step:2172/3250 train_time:28.987s step_avg:13.35ms
step:2173/3250 train_time:29.140s step_avg:13.41ms
step:2174/3250 train_time:29.295s step_avg:13.47ms
step:2175/3250 train_time:29.448s step_avg:13.54ms
step:2176/3250 train_time:29.601s step_avg:13.60ms
step:2177/3250 train_time:29.755s step_avg:13.67ms
step:2178/3250 train_time:29.910s step_avg:13.73ms
step:2179/3250 train_time:30.062s step_avg:13.80ms
step:2180/3250 train_time:30.216s step_avg:13.86ms
step:2181/3250 train_time:30.370s step_avg:13.93ms
step:2182/3250 train_time:30.524s step_avg:13.99ms
step:2183/3250 train_time:30.676s step_avg:14.05ms
step:2184/3250 train_time:30.832s step_avg:14.12ms
step:2185/3250 train_time:30.985s step_avg:14.18ms
step:2186/3250 train_time:31.139s step_avg:14.24ms
step:2187/3250 train_time:31.294s step_avg:14.31ms
step:2188/3250 train_time:31.447s step_avg:14.37ms
step:2189/3250 train_time:31.600s step_avg:14.44ms
step:2190/3250 train_time:31.754s step_avg:14.50ms
step:2191/3250 train_time:31.910s step_avg:14.56ms
step:2192/3250 train_time:32.062s step_avg:14.63ms
step:2193/3250 train_time:32.217s step_avg:14.69ms
step:2194/3250 train_time:32.371s step_avg:14.75ms
step:2195/3250 train_time:32.525s step_avg:14.82ms
step:2196/3250 train_time:32.678s step_avg:14.88ms
step:2197/3250 train_time:32.833s step_avg:14.94ms
step:2198/3250 train_time:32.987s step_avg:15.01ms
step:2199/3250 train_time:33.140s step_avg:15.07ms
step:2200/3250 train_time:33.295s step_avg:15.13ms
step:2201/3250 train_time:33.449s step_avg:15.20ms
step:2202/3250 train_time:33.602s step_avg:15.26ms
step:2203/3250 train_time:33.756s step_avg:15.32ms
step:2204/3250 train_time:33.911s step_avg:15.39ms
step:2205/3250 train_time:34.065s step_avg:15.45ms
step:2206/3250 train_time:34.219s step_avg:15.51ms
step:2207/3250 train_time:34.373s step_avg:15.57ms
step:2208/3250 train_time:34.527s step_avg:15.64ms
step:2209/3250 train_time:34.679s step_avg:15.70ms
step:2210/3250 train_time:34.834s step_avg:15.76ms
step:2211/3250 train_time:34.989s step_avg:15.82ms
step:2212/3250 train_time:35.142s step_avg:15.89ms
step:2213/3250 train_time:35.296s step_avg:15.95ms
step:2214/3250 train_time:35.450s step_avg:16.01ms
step:2215/3250 train_time:35.604s step_avg:16.07ms
step:2216/3250 train_time:35.758s step_avg:16.14ms
step:2217/3250 train_time:35.913s step_avg:16.20ms
step:2218/3250 train_time:36.067s step_avg:16.26ms
step:2219/3250 train_time:36.221s step_avg:16.32ms
step:2220/3250 train_time:36.375s step_avg:16.39ms
step:2221/3250 train_time:36.529s step_avg:16.45ms
step:2222/3250 train_time:36.682s step_avg:16.51ms
step:2223/3250 train_time:36.836s step_avg:16.57ms
step:2224/3250 train_time:36.991s step_avg:16.63ms
step:2225/3250 train_time:37.144s step_avg:16.69ms
step:2226/3250 train_time:37.298s step_avg:16.76ms
step:2227/3250 train_time:37.452s step_avg:16.82ms
step:2228/3250 train_time:37.606s step_avg:16.88ms
step:2229/3250 train_time:37.759s step_avg:16.94ms
step:2230/3250 train_time:37.915s step_avg:17.00ms
step:2231/3250 train_time:38.069s step_avg:17.06ms
step:2232/3250 train_time:38.222s step_avg:17.12ms
step:2233/3250 train_time:38.375s step_avg:17.19ms
step:2234/3250 train_time:38.530s step_avg:17.25ms
step:2235/3250 train_time:38.683s step_avg:17.31ms
step:2236/3250 train_time:38.836s step_avg:17.37ms
step:2237/3250 train_time:38.991s step_avg:17.43ms
step:2238/3250 train_time:39.144s step_avg:17.49ms
step:2239/3250 train_time:39.298s step_avg:17.55ms
step:2240/3250 train_time:39.452s step_avg:17.61ms
step:2241/3250 train_time:39.606s step_avg:17.67ms
step:2242/3250 train_time:39.759s step_avg:17.73ms
step:2243/3250 train_time:39.915s step_avg:17.80ms
step:2244/3250 train_time:40.069s step_avg:17.86ms
step:2245/3250 train_time:40.222s step_avg:17.92ms
step:2246/3250 train_time:40.375s step_avg:17.98ms
step:2247/3250 train_time:40.530s step_avg:18.04ms
step:2248/3250 train_time:40.683s step_avg:18.10ms
step:2249/3250 train_time:40.836s step_avg:18.16ms
step:2250/3250 train_time:40.991s step_avg:18.22ms
step:2250/3250 val_loss:3.42423 train_time:41.003s step_avg:153.83ms
step:2251/3250 train_time:41.149s step_avg:18.28ms
step:2252/3250 train_time:41.304s step_avg:18.34ms
step:2253/3250 train_time:41.458s step_avg:18.40ms
step:2254/3250 train_time:41.611s step_avg:18.46ms
step:2255/3250 train_time:41.766s step_avg:18.52ms
step:2256/3250 train_time:41.919s step_avg:18.58ms
step:2257/3250 train_time:42.072s step_avg:18.64ms
step:2258/3250 train_time:42.227s step_avg:18.70ms
step:2259/3250 train_time:42.380s step_avg:18.76ms
step:2260/3250 train_time:42.534s step_avg:18.82ms
step:2261/3250 train_time:42.687s step_avg:18.88ms
step:2262/3250 train_time:42.842s step_avg:18.94ms
step:2263/3250 train_time:42.995s step_avg:19.00ms
step:2264/3250 train_time:43.148s step_avg:19.06ms
step:2265/3250 train_time:43.303s step_avg:19.12ms
step:2266/3250 train_time:43.456s step_avg:19.18ms
step:2267/3250 train_time:43.609s step_avg:19.24ms
step:2268/3250 train_time:43.764s step_avg:19.30ms
step:2269/3250 train_time:43.918s step_avg:19.36ms
step:2270/3250 train_time:44.071s step_avg:19.41ms
step:2271/3250 train_time:44.225s step_avg:19.47ms
step:2272/3250 train_time:44.378s step_avg:19.53ms
step:2273/3250 train_time:44.530s step_avg:19.59ms
step:2274/3250 train_time:44.685s step_avg:19.65ms
step:2275/3250 train_time:44.839s step_avg:19.71ms
step:2276/3250 train_time:44.992s step_avg:19.77ms
step:2277/3250 train_time:45.146s step_avg:19.83ms
step:2278/3250 train_time:45.300s step_avg:19.89ms
step:2279/3250 train_time:45.454s step_avg:19.94ms
step:2280/3250 train_time:45.607s step_avg:20.00ms
step:2281/3250 train_time:45.794s step_avg:20.08ms
step:2282/3250 train_time:45.948s step_avg:20.13ms
step:2283/3250 train_time:46.102s step_avg:20.19ms
step:2284/3250 train_time:46.254s step_avg:20.25ms
step:2285/3250 train_time:46.408s step_avg:20.31ms
step:2286/3250 train_time:46.564s step_avg:20.37ms
step:2287/3250 train_time:46.717s step_avg:20.43ms
step:2288/3250 train_time:46.870s step_avg:20.49ms
step:2289/3250 train_time:47.025s step_avg:20.54ms
step:2290/3250 train_time:47.178s step_avg:20.60ms
step:2291/3250 train_time:47.331s step_avg:20.66ms
step:2292/3250 train_time:47.485s step_avg:20.72ms
step:2293/3250 train_time:47.639s step_avg:20.78ms
step:2294/3250 train_time:47.792s step_avg:20.83ms
step:2295/3250 train_time:47.947s step_avg:20.89ms
step:2296/3250 train_time:48.101s step_avg:20.95ms
step:2297/3250 train_time:48.255s step_avg:21.01ms
step:2298/3250 train_time:48.407s step_avg:21.06ms
step:2299/3250 train_time:48.560s step_avg:21.12ms
step:2300/3250 train_time:48.713s step_avg:21.18ms
step:2301/3250 train_time:48.867s step_avg:21.24ms
step:2302/3250 train_time:49.022s step_avg:21.30ms
step:2303/3250 train_time:49.176s step_avg:21.35ms
step:2304/3250 train_time:49.329s step_avg:21.41ms
step:2305/3250 train_time:49.483s step_avg:21.47ms
step:2306/3250 train_time:49.636s step_avg:21.52ms
step:2307/3250 train_time:49.790s step_avg:21.58ms
step:2308/3250 train_time:49.945s step_avg:21.64ms
step:2309/3250 train_time:50.098s step_avg:21.70ms
step:2310/3250 train_time:50.252s step_avg:21.75ms
step:2311/3250 train_time:50.405s step_avg:21.81ms
step:2312/3250 train_time:50.559s step_avg:21.87ms
step:2313/3250 train_time:50.712s step_avg:21.92ms
step:2314/3250 train_time:50.866s step_avg:21.98ms
step:2315/3250 train_time:51.020s step_avg:22.04ms
step:2316/3250 train_time:51.173s step_avg:22.10ms
step:2317/3250 train_time:51.327s step_avg:22.15ms
step:2318/3250 train_time:51.481s step_avg:22.21ms
step:2319/3250 train_time:51.635s step_avg:22.27ms
step:2320/3250 train_time:51.788s step_avg:22.32ms
step:2321/3250 train_time:51.943s step_avg:22.38ms
step:2322/3250 train_time:52.097s step_avg:22.44ms
step:2323/3250 train_time:52.251s step_avg:22.49ms
step:2324/3250 train_time:52.405s step_avg:22.55ms
step:2325/3250 train_time:52.559s step_avg:22.61ms
step:2326/3250 train_time:52.712s step_avg:22.66ms
step:2327/3250 train_time:52.867s step_avg:22.72ms
step:2328/3250 train_time:53.021s step_avg:22.78ms
step:2329/3250 train_time:53.173s step_avg:22.83ms
step:2330/3250 train_time:53.327s step_avg:22.89ms
step:2331/3250 train_time:53.480s step_avg:22.94ms
step:2332/3250 train_time:53.633s step_avg:23.00ms
step:2333/3250 train_time:53.787s step_avg:23.05ms
step:2334/3250 train_time:53.941s step_avg:23.11ms
step:2335/3250 train_time:54.095s step_avg:23.17ms
step:2336/3250 train_time:54.249s step_avg:23.22ms
step:2337/3250 train_time:54.405s step_avg:23.28ms
step:2338/3250 train_time:54.559s step_avg:23.34ms
step:2339/3250 train_time:54.711s step_avg:23.39ms
step:2340/3250 train_time:54.864s step_avg:23.45ms
step:2341/3250 train_time:55.018s step_avg:23.50ms
step:2342/3250 train_time:55.171s step_avg:23.56ms
step:2343/3250 train_time:55.325s step_avg:23.61ms
step:2344/3250 train_time:55.479s step_avg:23.67ms
step:2345/3250 train_time:55.631s step_avg:23.72ms
step:2346/3250 train_time:55.783s step_avg:23.78ms
step:2347/3250 train_time:55.937s step_avg:23.83ms
step:2348/3250 train_time:56.090s step_avg:23.89ms
step:2349/3250 train_time:56.245s step_avg:23.94ms
step:2350/3250 train_time:56.399s step_avg:24.00ms
step:2351/3250 train_time:56.553s step_avg:24.05ms
step:2352/3250 train_time:56.705s step_avg:24.11ms
step:2353/3250 train_time:56.859s step_avg:24.16ms
step:2354/3250 train_time:57.011s step_avg:24.22ms
step:2355/3250 train_time:57.166s step_avg:24.27ms
step:2356/3250 train_time:57.320s step_avg:24.33ms
step:2357/3250 train_time:57.473s step_avg:24.38ms
step:2358/3250 train_time:57.627s step_avg:24.44ms
step:2359/3250 train_time:57.781s step_avg:24.49ms
step:2360/3250 train_time:57.934s step_avg:24.55ms
step:2361/3250 train_time:58.088s step_avg:24.60ms
step:2362/3250 train_time:58.243s step_avg:24.66ms
step:2363/3250 train_time:58.396s step_avg:24.71ms
step:2364/3250 train_time:58.550s step_avg:24.77ms
step:2365/3250 train_time:58.704s step_avg:24.82ms
step:2366/3250 train_time:58.858s step_avg:24.88ms
step:2367/3250 train_time:59.009s step_avg:24.93ms
step:2368/3250 train_time:59.165s step_avg:24.99ms
step:2369/3250 train_time:59.319s step_avg:25.04ms
step:2370/3250 train_time:59.472s step_avg:25.09ms
step:2371/3250 train_time:59.625s step_avg:25.15ms
step:2372/3250 train_time:59.778s step_avg:25.20ms
step:2373/3250 train_time:59.931s step_avg:25.26ms
step:2374/3250 train_time:60.086s step_avg:25.31ms
step:2375/3250 train_time:60.240s step_avg:25.36ms
step:2375/3250 val_loss:3.40606 train_time:60.252s step_avg:153.99ms
step:2376/3250 train_time:60.397s step_avg:25.42ms
step:2377/3250 train_time:60.551s step_avg:25.47ms
step:2378/3250 train_time:60.704s step_avg:25.53ms
step:2379/3250 train_time:60.858s step_avg:25.58ms
step:2380/3250 train_time:61.012s step_avg:25.64ms
step:2381/3250 train_time:61.165s step_avg:25.69ms
step:2382/3250 train_time:61.318s step_avg:25.74ms
step:2383/3250 train_time:61.474s step_avg:25.80ms
step:2384/3250 train_time:61.627s step_avg:25.85ms
step:2385/3250 train_time:61.781s step_avg:25.90ms
step:2386/3250 train_time:61.935s step_avg:25.96ms
step:2387/3250 train_time:62.087s step_avg:26.01ms
step:2388/3250 train_time:62.239s step_avg:26.06ms
step:2389/3250 train_time:62.395s step_avg:26.12ms
step:2390/3250 train_time:62.549s step_avg:26.17ms
step:2391/3250 train_time:62.702s step_avg:26.22ms
step:2392/3250 train_time:62.856s step_avg:26.28ms
step:2393/3250 train_time:63.008s step_avg:26.33ms
step:2394/3250 train_time:63.162s step_avg:26.38ms
step:2395/3250 train_time:63.316s step_avg:26.44ms
step:2396/3250 train_time:63.471s step_avg:26.49ms
step:2397/3250 train_time:63.623s step_avg:26.54ms
step:2398/3250 train_time:63.777s step_avg:26.60ms
step:2399/3250 train_time:63.932s step_avg:26.65ms
step:2400/3250 train_time:64.084s step_avg:26.70ms
step:2401/3250 train_time:64.237s step_avg:26.75ms
step:2402/3250 train_time:64.391s step_avg:26.81ms
step:2403/3250 train_time:64.544s step_avg:26.86ms
step:2404/3250 train_time:64.698s step_avg:26.91ms
step:2405/3250 train_time:64.853s step_avg:26.97ms
step:2406/3250 train_time:65.005s step_avg:27.02ms
step:2407/3250 train_time:65.159s step_avg:27.07ms
step:2408/3250 train_time:65.313s step_avg:27.12ms
step:2409/3250 train_time:65.466s step_avg:27.18ms
step:2410/3250 train_time:65.619s step_avg:27.23ms
step:2411/3250 train_time:65.775s step_avg:27.28ms
step:2412/3250 train_time:65.928s step_avg:27.33ms
step:2413/3250 train_time:66.082s step_avg:27.39ms
step:2414/3250 train_time:66.235s step_avg:27.44ms
step:2415/3250 train_time:66.390s step_avg:27.49ms
step:2416/3250 train_time:66.543s step_avg:27.54ms
step:2417/3250 train_time:66.697s step_avg:27.59ms
step:2418/3250 train_time:66.851s step_avg:27.65ms
step:2419/3250 train_time:67.003s step_avg:27.70ms
step:2420/3250 train_time:67.157s step_avg:27.75ms
step:2421/3250 train_time:67.311s step_avg:27.80ms
step:2422/3250 train_time:67.464s step_avg:27.85ms
step:2423/3250 train_time:67.618s step_avg:27.91ms
step:2424/3250 train_time:67.773s step_avg:27.96ms
step:2425/3250 train_time:67.926s step_avg:28.01ms
step:2426/3250 train_time:68.081s step_avg:28.06ms
step:2427/3250 train_time:68.235s step_avg:28.12ms
step:2428/3250 train_time:68.390s step_avg:28.17ms
step:2429/3250 train_time:68.542s step_avg:28.22ms
step:2430/3250 train_time:68.696s step_avg:28.27ms
step:2431/3250 train_time:68.850s step_avg:28.32ms
step:2432/3250 train_time:69.002s step_avg:28.37ms
step:2433/3250 train_time:69.156s step_avg:28.42ms
step:2434/3250 train_time:69.309s step_avg:28.48ms
step:2435/3250 train_time:69.463s step_avg:28.53ms
step:2436/3250 train_time:69.617s step_avg:28.58ms
step:2437/3250 train_time:69.772s step_avg:28.63ms
step:2438/3250 train_time:69.925s step_avg:28.68ms
step:2439/3250 train_time:70.079s step_avg:28.73ms
step:2440/3250 train_time:70.235s step_avg:28.78ms
step:2441/3250 train_time:70.390s step_avg:28.84ms
step:2442/3250 train_time:70.542s step_avg:28.89ms
step:2443/3250 train_time:70.696s step_avg:28.94ms
step:2444/3250 train_time:70.850s step_avg:28.99ms
step:2445/3250 train_time:71.003s step_avg:29.04ms
step:2446/3250 train_time:71.157s step_avg:29.09ms
step:2447/3250 train_time:71.312s step_avg:29.14ms
step:2448/3250 train_time:71.463s step_avg:29.19ms
step:2449/3250 train_time:71.617s step_avg:29.24ms
step:2450/3250 train_time:71.772s step_avg:29.29ms
step:2451/3250 train_time:71.925s step_avg:29.35ms
step:2452/3250 train_time:72.079s step_avg:29.40ms
step:2453/3250 train_time:72.232s step_avg:29.45ms
step:2454/3250 train_time:72.386s step_avg:29.50ms
step:2455/3250 train_time:72.538s step_avg:29.55ms
step:2456/3250 train_time:72.696s step_avg:29.60ms
step:2457/3250 train_time:72.850s step_avg:29.65ms
step:2458/3250 train_time:73.002s step_avg:29.70ms
step:2459/3250 train_time:73.156s step_avg:29.75ms
step:2460/3250 train_time:73.311s step_avg:29.80ms
step:2461/3250 train_time:73.464s step_avg:29.85ms
step:2462/3250 train_time:73.618s step_avg:29.90ms
step:2463/3250 train_time:73.773s step_avg:29.95ms
step:2464/3250 train_time:73.925s step_avg:30.00ms
step:2465/3250 train_time:74.079s step_avg:30.05ms
step:2466/3250 train_time:74.233s step_avg:30.10ms
step:2467/3250 train_time:74.387s step_avg:30.15ms
step:2468/3250 train_time:74.540s step_avg:30.20ms
step:2469/3250 train_time:74.695s step_avg:30.25ms
step:2470/3250 train_time:74.850s step_avg:30.30ms
step:2471/3250 train_time:75.037s step_avg:30.37ms
step:2472/3250 train_time:75.191s step_avg:30.42ms
step:2473/3250 train_time:75.344s step_avg:30.47ms
step:2474/3250 train_time:75.497s step_avg:30.52ms
step:2475/3250 train_time:75.651s step_avg:30.57ms
step:2476/3250 train_time:75.804s step_avg:30.62ms
step:2477/3250 train_time:75.958s step_avg:30.67ms
step:2478/3250 train_time:76.111s step_avg:30.71ms
step:2479/3250 train_time:76.264s step_avg:30.76ms
step:2480/3250 train_time:76.417s step_avg:30.81ms
step:2481/3250 train_time:76.572s step_avg:30.86ms
step:2482/3250 train_time:76.725s step_avg:30.91ms
step:2483/3250 train_time:76.879s step_avg:30.96ms
step:2484/3250 train_time:77.034s step_avg:31.01ms
step:2485/3250 train_time:77.188s step_avg:31.06ms
step:2486/3250 train_time:77.341s step_avg:31.11ms
step:2487/3250 train_time:77.496s step_avg:31.16ms
step:2488/3250 train_time:77.649s step_avg:31.21ms
step:2489/3250 train_time:77.802s step_avg:31.26ms
step:2490/3250 train_time:77.957s step_avg:31.31ms
step:2491/3250 train_time:78.111s step_avg:31.36ms
step:2492/3250 train_time:78.264s step_avg:31.41ms
step:2493/3250 train_time:78.417s step_avg:31.46ms
step:2494/3250 train_time:78.573s step_avg:31.50ms
step:2495/3250 train_time:78.725s step_avg:31.55ms
step:2496/3250 train_time:78.879s step_avg:31.60ms
step:2497/3250 train_time:79.034s step_avg:31.65ms
step:2498/3250 train_time:79.187s step_avg:31.70ms
step:2499/3250 train_time:79.339s step_avg:31.75ms
step:2500/3250 train_time:79.495s step_avg:31.80ms
step:2500/3250 val_loss:3.38668 train_time:79.506s step_avg:154.03ms
step:2501/3250 train_time:79.651s step_avg:31.85ms
step:2502/3250 train_time:79.808s step_avg:31.90ms
step:2503/3250 train_time:79.964s step_avg:31.95ms
step:2504/3250 train_time:80.119s step_avg:32.00ms
step:2505/3250 train_time:80.271s step_avg:32.04ms
step:2506/3250 train_time:80.427s step_avg:32.09ms
step:2507/3250 train_time:80.579s step_avg:32.14ms
step:2508/3250 train_time:80.732s step_avg:32.19ms
step:2509/3250 train_time:80.888s step_avg:32.24ms
step:2510/3250 train_time:81.041s step_avg:32.29ms
step:2511/3250 train_time:81.194s step_avg:32.34ms
step:2512/3250 train_time:81.348s step_avg:32.38ms
step:2513/3250 train_time:81.502s step_avg:32.43ms
step:2514/3250 train_time:81.655s step_avg:32.48ms
step:2515/3250 train_time:81.809s step_avg:32.53ms
step:2516/3250 train_time:81.963s step_avg:32.58ms
step:2517/3250 train_time:82.115s step_avg:32.62ms
step:2518/3250 train_time:82.268s step_avg:32.67ms
step:2519/3250 train_time:82.423s step_avg:32.72ms
step:2520/3250 train_time:82.575s step_avg:32.77ms
step:2521/3250 train_time:82.729s step_avg:32.82ms
step:2522/3250 train_time:82.883s step_avg:32.86ms
step:2523/3250 train_time:83.036s step_avg:32.91ms
step:2524/3250 train_time:83.190s step_avg:32.96ms
step:2525/3250 train_time:83.344s step_avg:33.01ms
step:2526/3250 train_time:83.498s step_avg:33.06ms
step:2527/3250 train_time:83.652s step_avg:33.10ms
step:2528/3250 train_time:83.805s step_avg:33.15ms
step:2529/3250 train_time:83.959s step_avg:33.20ms
step:2530/3250 train_time:84.112s step_avg:33.25ms
step:2531/3250 train_time:84.266s step_avg:33.29ms
step:2532/3250 train_time:84.418s step_avg:33.34ms
step:2533/3250 train_time:84.571s step_avg:33.39ms
step:2534/3250 train_time:84.726s step_avg:33.44ms
step:2535/3250 train_time:84.880s step_avg:33.48ms
step:2536/3250 train_time:85.032s step_avg:33.53ms
step:2537/3250 train_time:85.187s step_avg:33.58ms
step:2538/3250 train_time:85.340s step_avg:33.62ms
step:2539/3250 train_time:85.493s step_avg:33.67ms
step:2540/3250 train_time:85.647s step_avg:33.72ms
step:2541/3250 train_time:85.801s step_avg:33.77ms
step:2542/3250 train_time:85.954s step_avg:33.81ms
step:2543/3250 train_time:86.108s step_avg:33.86ms
step:2544/3250 train_time:86.263s step_avg:33.91ms
step:2545/3250 train_time:86.418s step_avg:33.96ms
step:2546/3250 train_time:86.571s step_avg:34.00ms
step:2547/3250 train_time:86.726s step_avg:34.05ms
step:2548/3250 train_time:86.882s step_avg:34.10ms
step:2549/3250 train_time:87.034s step_avg:34.14ms
step:2550/3250 train_time:87.188s step_avg:34.19ms
step:2551/3250 train_time:87.341s step_avg:34.24ms
step:2552/3250 train_time:87.495s step_avg:34.28ms
step:2553/3250 train_time:87.648s step_avg:34.33ms
step:2554/3250 train_time:87.803s step_avg:34.38ms
step:2555/3250 train_time:87.956s step_avg:34.43ms
step:2556/3250 train_time:88.110s step_avg:34.47ms
step:2557/3250 train_time:88.265s step_avg:34.52ms
step:2558/3250 train_time:88.419s step_avg:34.57ms
step:2559/3250 train_time:88.572s step_avg:34.61ms
step:2560/3250 train_time:88.727s step_avg:34.66ms
step:2561/3250 train_time:88.880s step_avg:34.71ms
step:2562/3250 train_time:89.033s step_avg:34.75ms
step:2563/3250 train_time:89.188s step_avg:34.80ms
step:2564/3250 train_time:89.341s step_avg:34.84ms
step:2565/3250 train_time:89.494s step_avg:34.89ms
step:2566/3250 train_time:89.648s step_avg:34.94ms
step:2567/3250 train_time:89.802s step_avg:34.98ms
step:2568/3250 train_time:89.954s step_avg:35.03ms
step:2569/3250 train_time:90.109s step_avg:35.08ms
step:2570/3250 train_time:90.263s step_avg:35.12ms
step:2571/3250 train_time:90.417s step_avg:35.17ms
step:2572/3250 train_time:90.569s step_avg:35.21ms
step:2573/3250 train_time:90.725s step_avg:35.26ms
step:2574/3250 train_time:90.878s step_avg:35.31ms
step:2575/3250 train_time:91.032s step_avg:35.35ms
step:2576/3250 train_time:91.186s step_avg:35.40ms
step:2577/3250 train_time:91.339s step_avg:35.44ms
step:2578/3250 train_time:91.492s step_avg:35.49ms
step:2579/3250 train_time:91.646s step_avg:35.54ms
step:2580/3250 train_time:91.800s step_avg:35.58ms
step:2581/3250 train_time:91.953s step_avg:35.63ms
step:2582/3250 train_time:92.107s step_avg:35.67ms
step:2583/3250 train_time:92.261s step_avg:35.72ms
step:2584/3250 train_time:92.414s step_avg:35.76ms
step:2585/3250 train_time:92.567s step_avg:35.81ms
step:2586/3250 train_time:92.722s step_avg:35.86ms
step:2587/3250 train_time:92.874s step_avg:35.90ms
step:2588/3250 train_time:93.028s step_avg:35.95ms
step:2589/3250 train_time:93.183s step_avg:35.99ms
step:2590/3250 train_time:93.335s step_avg:36.04ms
step:2591/3250 train_time:93.489s step_avg:36.08ms
step:2592/3250 train_time:93.643s step_avg:36.13ms
step:2593/3250 train_time:93.796s step_avg:36.17ms
step:2594/3250 train_time:93.949s step_avg:36.22ms
step:2595/3250 train_time:94.104s step_avg:36.26ms
step:2596/3250 train_time:94.258s step_avg:36.31ms
step:2597/3250 train_time:94.412s step_avg:36.35ms
step:2598/3250 train_time:94.566s step_avg:36.40ms
step:2599/3250 train_time:94.718s step_avg:36.44ms
step:2600/3250 train_time:94.871s step_avg:36.49ms
step:2601/3250 train_time:95.027s step_avg:36.53ms
step:2602/3250 train_time:95.182s step_avg:36.58ms
step:2603/3250 train_time:95.335s step_avg:36.63ms
step:2604/3250 train_time:95.488s step_avg:36.67ms
step:2605/3250 train_time:95.642s step_avg:36.71ms
step:2606/3250 train_time:95.795s step_avg:36.76ms
step:2607/3250 train_time:95.948s step_avg:36.80ms
step:2608/3250 train_time:96.103s step_avg:36.85ms
step:2609/3250 train_time:96.256s step_avg:36.89ms
step:2610/3250 train_time:96.410s step_avg:36.94ms
step:2611/3250 train_time:96.566s step_avg:36.98ms
step:2612/3250 train_time:96.721s step_avg:37.03ms
step:2613/3250 train_time:96.873s step_avg:37.07ms
step:2614/3250 train_time:97.027s step_avg:37.12ms
step:2615/3250 train_time:97.182s step_avg:37.16ms
step:2616/3250 train_time:97.335s step_avg:37.21ms
step:2617/3250 train_time:97.488s step_avg:37.25ms
step:2618/3250 train_time:97.643s step_avg:37.30ms
step:2619/3250 train_time:97.795s step_avg:37.34ms
step:2620/3250 train_time:97.948s step_avg:37.38ms
step:2621/3250 train_time:98.103s step_avg:37.43ms
step:2622/3250 train_time:98.256s step_avg:37.47ms
step:2623/3250 train_time:98.410s step_avg:37.52ms
step:2624/3250 train_time:98.565s step_avg:37.56ms
step:2625/3250 train_time:98.719s step_avg:37.61ms
step:2625/3250 val_loss:3.36529 train_time:98.731s step_avg:153.80ms
step:2626/3250 train_time:98.875s step_avg:37.65ms
step:2627/3250 train_time:99.029s step_avg:37.70ms
step:2628/3250 train_time:99.182s step_avg:37.74ms
step:2629/3250 train_time:99.337s step_avg:37.78ms
step:2630/3250 train_time:99.491s step_avg:37.83ms
step:2631/3250 train_time:99.644s step_avg:37.87ms
step:2632/3250 train_time:99.798s step_avg:37.92ms
step:2633/3250 train_time:99.952s step_avg:37.96ms
step:2634/3250 train_time:100.105s step_avg:38.01ms
step:2635/3250 train_time:100.259s step_avg:38.05ms
step:2636/3250 train_time:100.414s step_avg:38.09ms
step:2637/3250 train_time:100.567s step_avg:38.14ms
step:2638/3250 train_time:100.721s step_avg:38.18ms
step:2639/3250 train_time:100.875s step_avg:38.22ms
step:2640/3250 train_time:101.030s step_avg:38.27ms
step:2641/3250 train_time:101.182s step_avg:38.31ms
step:2642/3250 train_time:101.338s step_avg:38.36ms
step:2643/3250 train_time:101.492s step_avg:38.40ms
step:2644/3250 train_time:101.646s step_avg:38.44ms
step:2645/3250 train_time:101.799s step_avg:38.49ms
step:2646/3250 train_time:101.953s step_avg:38.53ms
step:2647/3250 train_time:102.106s step_avg:38.57ms
step:2648/3250 train_time:102.260s step_avg:38.62ms
step:2649/3250 train_time:102.415s step_avg:38.66ms
step:2650/3250 train_time:102.569s step_avg:38.71ms
step:2651/3250 train_time:102.722s step_avg:38.75ms
step:2652/3250 train_time:102.877s step_avg:38.79ms
step:2653/3250 train_time:103.031s step_avg:38.84ms
step:2654/3250 train_time:103.184s step_avg:38.88ms
step:2655/3250 train_time:103.340s step_avg:38.92ms
step:2656/3250 train_time:103.494s step_avg:38.97ms
step:2657/3250 train_time:103.648s step_avg:39.01ms
step:2658/3250 train_time:103.801s step_avg:39.05ms
step:2659/3250 train_time:103.957s step_avg:39.10ms
step:2660/3250 train_time:104.111s step_avg:39.14ms
step:2661/3250 train_time:104.298s step_avg:39.20ms
step:2662/3250 train_time:104.453s step_avg:39.24ms
step:2663/3250 train_time:104.606s step_avg:39.28ms
step:2664/3250 train_time:104.760s step_avg:39.32ms
step:2665/3250 train_time:104.915s step_avg:39.37ms
step:2666/3250 train_time:105.068s step_avg:39.41ms
step:2667/3250 train_time:105.222s step_avg:39.45ms
step:2668/3250 train_time:105.376s step_avg:39.50ms
step:2669/3250 train_time:105.532s step_avg:39.54ms
step:2670/3250 train_time:105.685s step_avg:39.58ms
step:2671/3250 train_time:105.839s step_avg:39.63ms
step:2672/3250 train_time:105.995s step_avg:39.67ms
step:2673/3250 train_time:106.149s step_avg:39.71ms
step:2674/3250 train_time:106.301s step_avg:39.75ms
step:2675/3250 train_time:106.458s step_avg:39.80ms
step:2676/3250 train_time:106.613s step_avg:39.84ms
step:2677/3250 train_time:106.766s step_avg:39.88ms
step:2678/3250 train_time:106.921s step_avg:39.93ms
step:2679/3250 train_time:107.075s step_avg:39.97ms
step:2680/3250 train_time:107.229s step_avg:40.01ms
step:2681/3250 train_time:107.383s step_avg:40.05ms
step:2682/3250 train_time:107.537s step_avg:40.10ms
step:2683/3250 train_time:107.691s step_avg:40.14ms
step:2684/3250 train_time:107.846s step_avg:40.18ms
step:2685/3250 train_time:107.999s step_avg:40.22ms
step:2686/3250 train_time:108.154s step_avg:40.27ms
step:2687/3250 train_time:108.306s step_avg:40.31ms
step:2688/3250 train_time:108.460s step_avg:40.35ms
step:2689/3250 train_time:108.616s step_avg:40.39ms
step:2690/3250 train_time:108.771s step_avg:40.44ms
step:2691/3250 train_time:108.923s step_avg:40.48ms
step:2692/3250 train_time:109.078s step_avg:40.52ms
step:2693/3250 train_time:109.233s step_avg:40.56ms
step:2694/3250 train_time:109.387s step_avg:40.60ms
step:2695/3250 train_time:109.541s step_avg:40.65ms
step:2696/3250 train_time:109.696s step_avg:40.69ms
step:2697/3250 train_time:109.849s step_avg:40.73ms
step:2698/3250 train_time:110.002s step_avg:40.77ms
step:2699/3250 train_time:110.158s step_avg:40.81ms
step:2700/3250 train_time:110.314s step_avg:40.86ms
step:2701/3250 train_time:110.466s step_avg:40.90ms
step:2702/3250 train_time:110.621s step_avg:40.94ms
step:2703/3250 train_time:110.777s step_avg:40.98ms
step:2704/3250 train_time:110.932s step_avg:41.03ms
step:2705/3250 train_time:111.085s step_avg:41.07ms
step:2706/3250 train_time:111.241s step_avg:41.11ms
step:2707/3250 train_time:111.396s step_avg:41.15ms
step:2708/3250 train_time:111.551s step_avg:41.19ms
step:2709/3250 train_time:111.704s step_avg:41.23ms
step:2710/3250 train_time:111.860s step_avg:41.28ms
step:2711/3250 train_time:112.014s step_avg:41.32ms
step:2712/3250 train_time:112.168s step_avg:41.36ms
step:2713/3250 train_time:112.322s step_avg:41.40ms
step:2714/3250 train_time:112.478s step_avg:41.44ms
step:2715/3250 train_time:112.633s step_avg:41.49ms
step:2716/3250 train_time:112.786s step_avg:41.53ms
step:2717/3250 train_time:112.939s step_avg:41.57ms
step:2718/3250 train_time:113.094s step_avg:41.61ms
step:2719/3250 train_time:113.248s step_avg:41.65ms
step:2720/3250 train_time:113.401s step_avg:41.69ms
step:2721/3250 train_time:113.558s step_avg:41.73ms
step:2722/3250 train_time:113.713s step_avg:41.78ms
step:2723/3250 train_time:113.866s step_avg:41.82ms
step:2724/3250 train_time:114.020s step_avg:41.86ms
step:2725/3250 train_time:114.174s step_avg:41.90ms
step:2726/3250 train_time:114.328s step_avg:41.94ms
step:2727/3250 train_time:114.481s step_avg:41.98ms
step:2728/3250 train_time:114.637s step_avg:42.02ms
step:2729/3250 train_time:114.791s step_avg:42.06ms
step:2730/3250 train_time:114.944s step_avg:42.10ms
step:2731/3250 train_time:115.097s step_avg:42.14ms
step:2732/3250 train_time:115.252s step_avg:42.19ms
step:2733/3250 train_time:115.404s step_avg:42.23ms
step:2734/3250 train_time:115.559s step_avg:42.27ms
step:2735/3250 train_time:115.713s step_avg:42.31ms
step:2736/3250 train_time:115.866s step_avg:42.35ms
step:2737/3250 train_time:116.020s step_avg:42.39ms
step:2738/3250 train_time:116.175s step_avg:42.43ms
step:2739/3250 train_time:116.328s step_avg:42.47ms
step:2740/3250 train_time:116.482s step_avg:42.51ms
step:2741/3250 train_time:116.636s step_avg:42.55ms
step:2742/3250 train_time:116.789s step_avg:42.59ms
step:2743/3250 train_time:116.943s step_avg:42.63ms
step:2744/3250 train_time:117.096s step_avg:42.67ms
step:2745/3250 train_time:117.251s step_avg:42.71ms
step:2746/3250 train_time:117.403s step_avg:42.75ms
step:2747/3250 train_time:117.558s step_avg:42.79ms
step:2748/3250 train_time:117.712s step_avg:42.84ms
step:2749/3250 train_time:117.865s step_avg:42.88ms
step:2750/3250 train_time:118.018s step_avg:42.92ms
step:2750/3250 val_loss:3.34582 train_time:118.030s step_avg:154.39ms
step:2751/3250 train_time:118.838s step_avg:43.20ms
ARM_EXIT=0 req027_b1x_mu0_s1
