W0831 14:14:54.202000 8423 torch/distributed/run.py:852] 
W0831 14:14:54.202000 8423 torch/distributed/run.py:852] *****************************************
W0831 14:14:54.202000 8423 torch/distributed/run.py:852] Setting OMP_NUM_THREADS environment variable for each process to be 1 in default, to avoid your system being overloaded, please further tune the variable for optimal performance in your application as needed. 
W0831 14:14:54.202000 8423 torch/distributed/run.py:852] *****************************************
logs/75b74ad6-f11d-4ca8-8400-54db0430c244.txt
resumed training state from step 2000 in eos_shared_state, skipped 500 batches
step:0/3250 val_loss:3.44373 train_time:0.001s step_avg:nanms
step:2001/3250 train_time:2.941s step_avg:1.47ms
step:2002/3250 train_time:3.498s step_avg:1.75ms
step:2003/3250 train_time:4.080s step_avg:2.04ms
step:2004/3250 train_time:4.654s step_avg:2.32ms
step:2005/3250 train_time:5.235s step_avg:2.61ms
step:2006/3250 train_time:5.815s step_avg:2.90ms
step:2007/3250 train_time:6.397s step_avg:3.19ms
step:2008/3250 train_time:6.978s step_avg:3.47ms
step:2009/3250 train_time:7.558s step_avg:3.76ms
step:2010/3250 train_time:8.138s step_avg:4.05ms
step:2011/3250 train_time:8.718s step_avg:4.34ms
step:2012/3250 train_time:9.298s step_avg:4.62ms
step:2013/3250 train_time:9.879s step_avg:4.91ms
step:2014/3250 train_time:10.460s step_avg:5.19ms
step:2015/3250 train_time:11.040s step_avg:5.48ms
step:2016/3250 train_time:11.620s step_avg:5.76ms
step:2017/3250 train_time:12.200s step_avg:6.05ms
step:2018/3250 train_time:12.820s step_avg:6.35ms
step:2019/3250 train_time:13.407s step_avg:6.64ms
step:2020/3250 train_time:13.983s step_avg:6.92ms
step:2021/3250 train_time:14.566s step_avg:7.21ms
step:2022/3250 train_time:15.143s step_avg:7.49ms
step:2023/3250 train_time:15.725s step_avg:7.77ms
step:2024/3250 train_time:16.306s step_avg:8.06ms
step:2025/3250 train_time:16.886s step_avg:8.34ms
step:2026/3250 train_time:17.465s step_avg:8.62ms
step:2027/3250 train_time:18.045s step_avg:8.90ms
step:2028/3250 train_time:18.625s step_avg:9.18ms
step:2029/3250 train_time:19.206s step_avg:9.47ms
step:2030/3250 train_time:19.785s step_avg:9.75ms
step:2031/3250 train_time:20.364s step_avg:10.03ms
step:2032/3250 train_time:20.944s step_avg:10.31ms
step:2033/3250 train_time:21.525s step_avg:10.59ms
step:2034/3250 train_time:22.105s step_avg:10.87ms
step:2035/3250 train_time:22.686s step_avg:11.15ms
step:2036/3250 train_time:23.266s step_avg:11.43ms
step:2037/3250 train_time:23.846s step_avg:11.71ms
step:2038/3250 train_time:24.426s step_avg:11.99ms
step:2039/3250 train_time:25.006s step_avg:12.26ms
step:2040/3250 train_time:25.587s step_avg:12.54ms
step:2041/3250 train_time:26.166s step_avg:12.82ms
step:2042/3250 train_time:26.746s step_avg:13.10ms
step:2043/3250 train_time:27.326s step_avg:13.38ms
step:2044/3250 train_time:27.906s step_avg:13.65ms
step:2045/3250 train_time:28.487s step_avg:13.93ms
step:2046/3250 train_time:29.065s step_avg:14.21ms
step:2047/3250 train_time:29.647s step_avg:14.48ms
step:2048/3250 train_time:30.226s step_avg:14.76ms
step:2049/3250 train_time:30.807s step_avg:15.04ms
step:2050/3250 train_time:31.388s step_avg:15.31ms
step:2051/3250 train_time:31.966s step_avg:15.59ms
step:2052/3250 train_time:32.546s step_avg:15.86ms
step:2053/3250 train_time:33.125s step_avg:16.13ms
step:2054/3250 train_time:33.705s step_avg:16.41ms
step:2055/3250 train_time:34.285s step_avg:16.68ms
step:2056/3250 train_time:34.866s step_avg:16.96ms
step:2057/3250 train_time:35.445s step_avg:17.23ms
step:2058/3250 train_time:36.026s step_avg:17.51ms
step:2059/3250 train_time:36.605s step_avg:17.78ms
step:2060/3250 train_time:37.186s step_avg:18.05ms
step:2061/3250 train_time:37.767s step_avg:18.32ms
step:2062/3250 train_time:38.345s step_avg:18.60ms
step:2063/3250 train_time:38.926s step_avg:18.87ms
step:2064/3250 train_time:39.506s step_avg:19.14ms
step:2065/3250 train_time:40.135s step_avg:19.44ms
step:2066/3250 train_time:40.721s step_avg:19.71ms
step:2067/3250 train_time:41.298s step_avg:19.98ms
step:2068/3250 train_time:41.883s step_avg:20.25ms
step:2069/3250 train_time:42.460s step_avg:20.52ms
step:2070/3250 train_time:43.041s step_avg:20.79ms
step:2071/3250 train_time:43.622s step_avg:21.06ms
step:2072/3250 train_time:44.201s step_avg:21.33ms
step:2073/3250 train_time:44.782s step_avg:21.60ms
step:2074/3250 train_time:45.362s step_avg:21.87ms
step:2075/3250 train_time:45.944s step_avg:22.14ms
step:2076/3250 train_time:46.523s step_avg:22.41ms
step:2077/3250 train_time:47.101s step_avg:22.68ms
step:2078/3250 train_time:47.681s step_avg:22.95ms
step:2079/3250 train_time:48.262s step_avg:23.21ms
step:2080/3250 train_time:48.841s step_avg:23.48ms
step:2081/3250 train_time:49.422s step_avg:23.75ms
step:2082/3250 train_time:50.000s step_avg:24.02ms
step:2083/3250 train_time:50.581s step_avg:24.28ms
step:2084/3250 train_time:51.160s step_avg:24.55ms
step:2085/3250 train_time:51.742s step_avg:24.82ms
step:2086/3250 train_time:52.323s step_avg:25.08ms
step:2087/3250 train_time:52.900s step_avg:25.35ms
step:2088/3250 train_time:53.483s step_avg:25.61ms
step:2089/3250 train_time:54.062s step_avg:25.88ms
step:2090/3250 train_time:54.642s step_avg:26.14ms
step:2091/3250 train_time:55.222s step_avg:26.41ms
step:2092/3250 train_time:55.801s step_avg:26.67ms
step:2093/3250 train_time:56.383s step_avg:26.94ms
step:2094/3250 train_time:56.961s step_avg:27.20ms
step:2095/3250 train_time:57.544s step_avg:27.47ms
step:2096/3250 train_time:58.122s step_avg:27.73ms
step:2097/3250 train_time:58.703s step_avg:27.99ms
step:2098/3250 train_time:59.281s step_avg:28.26ms
step:2099/3250 train_time:59.861s step_avg:28.52ms
step:2100/3250 train_time:60.442s step_avg:28.78ms
step:2101/3250 train_time:61.021s step_avg:29.04ms
step:2102/3250 train_time:61.601s step_avg:29.31ms
step:2103/3250 train_time:62.182s step_avg:29.57ms
step:2104/3250 train_time:62.761s step_avg:29.83ms
step:2105/3250 train_time:63.342s step_avg:30.09ms
step:2106/3250 train_time:63.921s step_avg:30.35ms
step:2107/3250 train_time:64.501s step_avg:30.61ms
step:2108/3250 train_time:65.082s step_avg:30.87ms
step:2109/3250 train_time:65.663s step_avg:31.13ms
step:2110/3250 train_time:66.242s step_avg:31.39ms
step:2111/3250 train_time:66.822s step_avg:31.65ms
step:2112/3250 train_time:67.438s step_avg:31.93ms
step:2113/3250 train_time:68.031s step_avg:32.20ms
step:2114/3250 train_time:68.607s step_avg:32.45ms
step:2115/3250 train_time:69.193s step_avg:32.72ms
step:2116/3250 train_time:69.774s step_avg:32.97ms
step:2117/3250 train_time:70.358s step_avg:33.23ms
step:2118/3250 train_time:70.940s step_avg:33.49ms
step:2119/3250 train_time:71.521s step_avg:33.75ms
step:2120/3250 train_time:72.101s step_avg:34.01ms
step:2121/3250 train_time:72.683s step_avg:34.27ms
step:2122/3250 train_time:73.264s step_avg:34.53ms
step:2123/3250 train_time:73.844s step_avg:34.78ms
step:2124/3250 train_time:74.423s step_avg:35.04ms
step:2125/3250 train_time:75.001s step_avg:35.29ms
step:2125/3250 val_loss:3.35554 train_time:75.013s step_avg:35.30ms
step:2126/3250 train_time:75.589s step_avg:35.55ms
step:2127/3250 train_time:76.171s step_avg:35.81ms
step:2128/3250 train_time:76.751s step_avg:36.07ms
step:2129/3250 train_time:77.331s step_avg:36.32ms
step:2130/3250 train_time:77.911s step_avg:36.58ms
step:2131/3250 train_time:78.491s step_avg:36.83ms
step:2132/3250 train_time:79.071s step_avg:37.09ms
step:2133/3250 train_time:79.651s step_avg:37.34ms
step:2134/3250 train_time:80.232s step_avg:37.60ms
step:2135/3250 train_time:80.812s step_avg:37.85ms
step:2136/3250 train_time:81.392s step_avg:38.10ms
step:2137/3250 train_time:81.972s step_avg:38.36ms
step:2138/3250 train_time:82.552s step_avg:38.61ms
step:2139/3250 train_time:83.130s step_avg:38.86ms
step:2140/3250 train_time:83.712s step_avg:39.12ms
step:2141/3250 train_time:84.291s step_avg:39.37ms
step:2142/3250 train_time:84.872s step_avg:39.62ms
step:2143/3250 train_time:85.452s step_avg:39.87ms
step:2144/3250 train_time:86.030s step_avg:40.13ms
step:2145/3250 train_time:86.611s step_avg:40.38ms
step:2146/3250 train_time:87.190s step_avg:40.63ms
step:2147/3250 train_time:87.771s step_avg:40.88ms
step:2148/3250 train_time:88.352s step_avg:41.13ms
step:2149/3250 train_time:88.931s step_avg:41.38ms
step:2150/3250 train_time:89.510s step_avg:41.63ms
step:2151/3250 train_time:90.090s step_avg:41.88ms
step:2152/3250 train_time:90.671s step_avg:42.13ms
step:2153/3250 train_time:91.251s step_avg:42.38ms
step:2154/3250 train_time:91.829s step_avg:42.63ms
step:2155/3250 train_time:92.410s step_avg:42.88ms
step:2156/3250 train_time:92.989s step_avg:43.13ms
step:2157/3250 train_time:93.569s step_avg:43.38ms
step:2158/3250 train_time:94.154s step_avg:43.63ms
step:2159/3250 train_time:94.784s step_avg:43.90ms
step:2160/3250 train_time:95.371s step_avg:44.15ms
step:2161/3250 train_time:95.946s step_avg:44.40ms
step:2162/3250 train_time:96.531s step_avg:44.65ms
step:2163/3250 train_time:97.109s step_avg:44.90ms
step:2164/3250 train_time:97.691s step_avg:45.14ms
step:2165/3250 train_time:98.270s step_avg:45.39ms
step:2166/3250 train_time:98.850s step_avg:45.64ms
step:2167/3250 train_time:99.431s step_avg:45.88ms
step:2168/3250 train_time:100.011s step_avg:46.13ms
step:2169/3250 train_time:100.592s step_avg:46.38ms
step:2170/3250 train_time:101.170s step_avg:46.62ms
step:2171/3250 train_time:101.750s step_avg:46.87ms
step:2172/3250 train_time:102.329s step_avg:47.11ms
step:2173/3250 train_time:102.911s step_avg:47.36ms
step:2174/3250 train_time:103.490s step_avg:47.60ms
step:2175/3250 train_time:104.071s step_avg:47.85ms
step:2176/3250 train_time:104.650s step_avg:48.09ms
step:2177/3250 train_time:105.231s step_avg:48.34ms
step:2178/3250 train_time:105.810s step_avg:48.58ms
step:2179/3250 train_time:106.390s step_avg:48.83ms
step:2180/3250 train_time:106.971s step_avg:49.07ms
step:2181/3250 train_time:107.551s step_avg:49.31ms
step:2182/3250 train_time:108.131s step_avg:49.56ms
step:2183/3250 train_time:108.710s step_avg:49.80ms
step:2184/3250 train_time:109.290s step_avg:50.04ms
step:2185/3250 train_time:109.871s step_avg:50.28ms
step:2186/3250 train_time:110.450s step_avg:50.53ms
step:2187/3250 train_time:111.030s step_avg:50.77ms
step:2188/3250 train_time:111.611s step_avg:51.01ms
step:2189/3250 train_time:112.191s step_avg:51.25ms
step:2190/3250 train_time:112.770s step_avg:51.49ms
step:2191/3250 train_time:113.349s step_avg:51.73ms
step:2192/3250 train_time:113.931s step_avg:51.98ms
step:2193/3250 train_time:114.510s step_avg:52.22ms
step:2194/3250 train_time:115.090s step_avg:52.46ms
step:2195/3250 train_time:115.670s step_avg:52.70ms
step:2196/3250 train_time:116.251s step_avg:52.94ms
step:2197/3250 train_time:116.830s step_avg:53.18ms
step:2198/3250 train_time:117.412s step_avg:53.42ms
step:2199/3250 train_time:117.990s step_avg:53.66ms
step:2200/3250 train_time:118.570s step_avg:53.90ms
step:2201/3250 train_time:119.151s step_avg:54.13ms
step:2202/3250 train_time:119.730s step_avg:54.37ms
step:2203/3250 train_time:120.310s step_avg:54.61ms
step:2204/3250 train_time:120.890s step_avg:54.85ms
step:2205/3250 train_time:121.470s step_avg:55.09ms
step:2206/3250 train_time:122.094s step_avg:55.35ms
step:2207/3250 train_time:122.679s step_avg:55.59ms
step:2208/3250 train_time:123.254s step_avg:55.82ms
step:2209/3250 train_time:123.837s step_avg:56.06ms
step:2210/3250 train_time:124.415s step_avg:56.30ms
step:2211/3250 train_time:124.996s step_avg:56.53ms
step:2212/3250 train_time:125.575s step_avg:56.77ms
step:2213/3250 train_time:126.156s step_avg:57.01ms
step:2214/3250 train_time:126.736s step_avg:57.24ms
step:2215/3250 train_time:127.317s step_avg:57.48ms
step:2216/3250 train_time:127.898s step_avg:57.72ms
step:2217/3250 train_time:128.478s step_avg:57.95ms
step:2218/3250 train_time:129.058s step_avg:58.19ms
step:2219/3250 train_time:129.638s step_avg:58.42ms
step:2220/3250 train_time:130.222s step_avg:58.66ms
step:2221/3250 train_time:130.805s step_avg:58.89ms
step:2222/3250 train_time:131.387s step_avg:59.13ms
step:2223/3250 train_time:131.968s step_avg:59.36ms
step:2224/3250 train_time:132.550s step_avg:59.60ms
step:2225/3250 train_time:133.129s step_avg:59.83ms
step:2226/3250 train_time:133.711s step_avg:60.07ms
step:2227/3250 train_time:134.290s step_avg:60.30ms
step:2228/3250 train_time:134.870s step_avg:60.53ms
step:2229/3250 train_time:135.451s step_avg:60.77ms
step:2230/3250 train_time:136.028s step_avg:61.00ms
step:2231/3250 train_time:136.613s step_avg:61.23ms
step:2232/3250 train_time:137.190s step_avg:61.46ms
step:2233/3250 train_time:137.770s step_avg:61.70ms
step:2234/3250 train_time:138.349s step_avg:61.93ms
step:2235/3250 train_time:138.929s step_avg:62.16ms
step:2236/3250 train_time:139.510s step_avg:62.39ms
step:2237/3250 train_time:140.090s step_avg:62.62ms
step:2238/3250 train_time:140.671s step_avg:62.86ms
step:2239/3250 train_time:141.250s step_avg:63.09ms
step:2240/3250 train_time:141.831s step_avg:63.32ms
step:2241/3250 train_time:142.410s step_avg:63.55ms
step:2242/3250 train_time:142.990s step_avg:63.78ms
step:2243/3250 train_time:143.569s step_avg:64.01ms
step:2244/3250 train_time:144.149s step_avg:64.24ms
step:2245/3250 train_time:144.730s step_avg:64.47ms
step:2246/3250 train_time:145.312s step_avg:64.70ms
step:2247/3250 train_time:145.890s step_avg:64.93ms
step:2248/3250 train_time:146.471s step_avg:65.16ms
step:2249/3250 train_time:147.050s step_avg:65.38ms
step:2250/3250 train_time:147.630s step_avg:65.61ms
step:2250/3250 val_loss:3.32397 train_time:147.642s step_avg:581.03ms
step:2251/3250 train_time:148.218s step_avg:65.85ms
step:2252/3250 train_time:148.799s step_avg:66.07ms
step:2253/3250 train_time:149.425s step_avg:66.32ms
step:2254/3250 train_time:150.008s step_avg:66.55ms
step:2255/3250 train_time:150.585s step_avg:66.78ms
step:2256/3250 train_time:151.168s step_avg:67.01ms
step:2257/3250 train_time:151.747s step_avg:67.23ms
step:2258/3250 train_time:152.328s step_avg:67.46ms
step:2259/3250 train_time:152.906s step_avg:67.69ms
step:2260/3250 train_time:153.488s step_avg:67.91ms
step:2261/3250 train_time:154.068s step_avg:68.14ms
step:2262/3250 train_time:154.652s step_avg:68.37ms
step:2263/3250 train_time:155.235s step_avg:68.60ms
step:2264/3250 train_time:155.818s step_avg:68.82ms
step:2265/3250 train_time:156.399s step_avg:69.05ms
step:2266/3250 train_time:156.981s step_avg:69.28ms
step:2267/3250 train_time:157.559s step_avg:69.50ms
step:2268/3250 train_time:158.143s step_avg:69.73ms
step:2269/3250 train_time:158.721s step_avg:69.95ms
step:2270/3250 train_time:159.301s step_avg:70.18ms
step:2271/3250 train_time:159.880s step_avg:70.40ms
step:2272/3250 train_time:160.460s step_avg:70.62ms
step:2273/3250 train_time:161.040s step_avg:70.85ms
step:2274/3250 train_time:161.621s step_avg:71.07ms
step:2275/3250 train_time:162.201s step_avg:71.30ms
step:2276/3250 train_time:162.781s step_avg:71.52ms
step:2277/3250 train_time:163.362s step_avg:71.74ms
step:2278/3250 train_time:163.941s step_avg:71.97ms
step:2279/3250 train_time:164.520s step_avg:72.19ms
step:2280/3250 train_time:165.101s step_avg:72.41ms
step:2281/3250 train_time:165.681s step_avg:72.64ms
step:2282/3250 train_time:166.260s step_avg:72.86ms
step:2283/3250 train_time:166.841s step_avg:73.08ms
step:2284/3250 train_time:167.419s step_avg:73.30ms
step:2285/3250 train_time:168.001s step_avg:73.52ms
step:2286/3250 train_time:168.580s step_avg:73.74ms
step:2287/3250 train_time:169.159s step_avg:73.97ms
step:2288/3250 train_time:169.741s step_avg:74.19ms
step:2289/3250 train_time:170.322s step_avg:74.41ms
step:2290/3250 train_time:170.901s step_avg:74.63ms
step:2291/3250 train_time:171.481s step_avg:74.85ms
step:2292/3250 train_time:172.060s step_avg:75.07ms
step:2293/3250 train_time:172.641s step_avg:75.29ms
step:2294/3250 train_time:173.221s step_avg:75.51ms
step:2295/3250 train_time:173.800s step_avg:75.73ms
step:2296/3250 train_time:174.380s step_avg:75.95ms
step:2297/3250 train_time:174.960s step_avg:76.17ms
step:2298/3250 train_time:175.540s step_avg:76.39ms
step:2299/3250 train_time:176.119s step_avg:76.61ms
step:2300/3250 train_time:176.743s step_avg:76.84ms
step:2301/3250 train_time:177.328s step_avg:77.07ms
step:2302/3250 train_time:177.903s step_avg:77.28ms
step:2303/3250 train_time:178.487s step_avg:77.50ms
step:2304/3250 train_time:179.066s step_avg:77.72ms
step:2305/3250 train_time:179.650s step_avg:77.94ms
step:2306/3250 train_time:180.232s step_avg:78.16ms
step:2307/3250 train_time:180.816s step_avg:78.38ms
step:2308/3250 train_time:181.398s step_avg:78.60ms
step:2309/3250 train_time:181.979s step_avg:78.81ms
step:2310/3250 train_time:182.560s step_avg:79.03ms
step:2311/3250 train_time:183.140s step_avg:79.25ms
step:2312/3250 train_time:183.720s step_avg:79.46ms
step:2313/3250 train_time:184.301s step_avg:79.68ms
step:2314/3250 train_time:184.880s step_avg:79.90ms
step:2315/3250 train_time:185.460s step_avg:80.11ms
step:2316/3250 train_time:186.042s step_avg:80.33ms
step:2317/3250 train_time:186.622s step_avg:80.54ms
step:2318/3250 train_time:187.202s step_avg:80.76ms
step:2319/3250 train_time:187.781s step_avg:80.98ms
step:2320/3250 train_time:188.361s step_avg:81.19ms
step:2321/3250 train_time:188.940s step_avg:81.40ms
step:2322/3250 train_time:189.520s step_avg:81.62ms
step:2323/3250 train_time:190.101s step_avg:81.83ms
step:2324/3250 train_time:190.681s step_avg:82.05ms
step:2325/3250 train_time:191.260s step_avg:82.26ms
step:2326/3250 train_time:191.841s step_avg:82.48ms
step:2327/3250 train_time:192.420s step_avg:82.69ms
step:2328/3250 train_time:193.000s step_avg:82.90ms
step:2329/3250 train_time:193.581s step_avg:83.12ms
step:2330/3250 train_time:194.161s step_avg:83.33ms
step:2331/3250 train_time:194.741s step_avg:83.54ms
step:2332/3250 train_time:195.320s step_avg:83.76ms
step:2333/3250 train_time:195.901s step_avg:83.97ms
step:2334/3250 train_time:196.480s step_avg:84.18ms
step:2335/3250 train_time:197.061s step_avg:84.39ms
step:2336/3250 train_time:197.641s step_avg:84.61ms
step:2337/3250 train_time:198.221s step_avg:84.82ms
step:2338/3250 train_time:198.801s step_avg:85.03ms
step:2339/3250 train_time:199.381s step_avg:85.24ms
step:2340/3250 train_time:199.960s step_avg:85.45ms
step:2341/3250 train_time:200.541s step_avg:85.66ms
step:2342/3250 train_time:201.120s step_avg:85.88ms
step:2343/3250 train_time:201.701s step_avg:86.09ms
step:2344/3250 train_time:202.280s step_avg:86.30ms
step:2345/3250 train_time:202.860s step_avg:86.51ms
step:2346/3250 train_time:203.441s step_avg:86.72ms
step:2347/3250 train_time:204.063s step_avg:86.95ms
step:2348/3250 train_time:204.651s step_avg:87.16ms
step:2349/3250 train_time:205.229s step_avg:87.37ms
step:2350/3250 train_time:205.814s step_avg:87.58ms
step:2351/3250 train_time:206.396s step_avg:87.79ms
step:2352/3250 train_time:206.979s step_avg:88.00ms
step:2353/3250 train_time:207.559s step_avg:88.21ms
step:2354/3250 train_time:208.140s step_avg:88.42ms
step:2355/3250 train_time:208.721s step_avg:88.63ms
step:2356/3250 train_time:209.299s step_avg:88.84ms
step:2357/3250 train_time:209.882s step_avg:89.05ms
step:2358/3250 train_time:210.460s step_avg:89.25ms
step:2359/3250 train_time:211.043s step_avg:89.46ms
step:2360/3250 train_time:211.620s step_avg:89.67ms
step:2361/3250 train_time:212.200s step_avg:89.88ms
step:2362/3250 train_time:212.780s step_avg:90.08ms
step:2363/3250 train_time:213.359s step_avg:90.29ms
step:2364/3250 train_time:213.940s step_avg:90.50ms
step:2365/3250 train_time:214.520s step_avg:90.71ms
step:2366/3250 train_time:215.101s step_avg:90.91ms
step:2367/3250 train_time:215.681s step_avg:91.12ms
step:2368/3250 train_time:216.259s step_avg:91.33ms
step:2369/3250 train_time:216.842s step_avg:91.53ms
step:2370/3250 train_time:217.420s step_avg:91.74ms
step:2371/3250 train_time:218.002s step_avg:91.95ms
step:2372/3250 train_time:218.579s step_avg:92.15ms
step:2373/3250 train_time:219.161s step_avg:92.36ms
step:2374/3250 train_time:219.740s step_avg:92.56ms
step:2375/3250 train_time:220.320s step_avg:92.77ms
step:2375/3250 val_loss:3.30006 train_time:220.331s step_avg:581.52ms
step:2376/3250 train_time:220.907s step_avg:92.97ms
step:2377/3250 train_time:221.490s step_avg:93.18ms
step:2378/3250 train_time:222.072s step_avg:93.39ms
step:2379/3250 train_time:222.652s step_avg:93.59ms
step:2380/3250 train_time:223.231s step_avg:93.79ms
step:2381/3250 train_time:223.813s step_avg:94.00ms
step:2382/3250 train_time:224.393s step_avg:94.20ms
step:2383/3250 train_time:224.972s step_avg:94.41ms
step:2384/3250 train_time:225.552s step_avg:94.61ms
step:2385/3250 train_time:226.132s step_avg:94.81ms
step:2386/3250 train_time:226.712s step_avg:95.02ms
step:2387/3250 train_time:227.293s step_avg:95.22ms
step:2388/3250 train_time:227.872s step_avg:95.42ms
step:2389/3250 train_time:228.452s step_avg:95.63ms
step:2390/3250 train_time:229.033s step_avg:95.83ms
step:2391/3250 train_time:229.612s step_avg:96.03ms
step:2392/3250 train_time:230.194s step_avg:96.23ms
step:2393/3250 train_time:230.773s step_avg:96.44ms
step:2394/3250 train_time:231.398s step_avg:96.66ms
step:2395/3250 train_time:231.982s step_avg:96.86ms
step:2396/3250 train_time:232.556s step_avg:97.06ms
step:2397/3250 train_time:233.135s step_avg:97.26ms
step:2398/3250 train_time:233.712s step_avg:97.46ms
step:2399/3250 train_time:234.292s step_avg:97.66ms
step:2400/3250 train_time:234.873s step_avg:97.86ms
step:2401/3250 train_time:235.453s step_avg:98.06ms
step:2402/3250 train_time:236.034s step_avg:98.27ms
step:2403/3250 train_time:236.613s step_avg:98.47ms
step:2404/3250 train_time:237.192s step_avg:98.67ms
step:2405/3250 train_time:237.773s step_avg:98.87ms
step:2406/3250 train_time:238.353s step_avg:99.07ms
step:2407/3250 train_time:238.931s step_avg:99.27ms
step:2408/3250 train_time:239.513s step_avg:99.47ms
step:2409/3250 train_time:240.093s step_avg:99.66ms
step:2410/3250 train_time:240.673s step_avg:99.86ms
step:2411/3250 train_time:241.252s step_avg:100.06ms
step:2412/3250 train_time:241.833s step_avg:100.26ms
step:2413/3250 train_time:242.413s step_avg:100.46ms
step:2414/3250 train_time:242.992s step_avg:100.66ms
step:2415/3250 train_time:243.572s step_avg:100.86ms
step:2416/3250 train_time:244.152s step_avg:101.06ms
step:2417/3250 train_time:244.735s step_avg:101.26ms
step:2418/3250 train_time:245.313s step_avg:101.45ms
step:2419/3250 train_time:245.893s step_avg:101.65ms
step:2420/3250 train_time:246.473s step_avg:101.85ms
step:2421/3250 train_time:247.052s step_avg:102.05ms
step:2422/3250 train_time:247.632s step_avg:102.24ms
step:2423/3250 train_time:248.213s step_avg:102.44ms
step:2424/3250 train_time:248.791s step_avg:102.64ms
step:2425/3250 train_time:249.372s step_avg:102.83ms
step:2426/3250 train_time:249.952s step_avg:103.03ms
step:2427/3250 train_time:250.533s step_avg:103.23ms
step:2428/3250 train_time:251.112s step_avg:103.42ms
step:2429/3250 train_time:251.692s step_avg:103.62ms
step:2430/3250 train_time:252.274s step_avg:103.82ms
step:2431/3250 train_time:252.852s step_avg:104.01ms
step:2432/3250 train_time:253.433s step_avg:104.21ms
step:2433/3250 train_time:254.012s step_avg:104.40ms
step:2434/3250 train_time:254.591s step_avg:104.60ms
step:2435/3250 train_time:255.172s step_avg:104.79ms
step:2436/3250 train_time:255.753s step_avg:104.99ms
step:2437/3250 train_time:256.332s step_avg:105.18ms
step:2438/3250 train_time:256.912s step_avg:105.38ms
step:2439/3250 train_time:257.491s step_avg:105.57ms
step:2440/3250 train_time:258.075s step_avg:105.77ms
step:2441/3250 train_time:258.707s step_avg:105.98ms
step:2442/3250 train_time:259.297s step_avg:106.18ms
step:2443/3250 train_time:259.869s step_avg:106.37ms
step:2444/3250 train_time:260.455s step_avg:106.57ms
step:2445/3250 train_time:261.032s step_avg:106.76ms
step:2446/3250 train_time:261.615s step_avg:106.96ms
step:2447/3250 train_time:262.192s step_avg:107.15ms
step:2448/3250 train_time:262.774s step_avg:107.34ms
step:2449/3250 train_time:263.352s step_avg:107.53ms
step:2450/3250 train_time:263.932s step_avg:107.73ms
step:2451/3250 train_time:264.512s step_avg:107.92ms
step:2452/3250 train_time:265.092s step_avg:108.11ms
step:2453/3250 train_time:265.673s step_avg:108.31ms
step:2454/3250 train_time:266.253s step_avg:108.50ms
step:2455/3250 train_time:266.833s step_avg:108.69ms
step:2456/3250 train_time:267.413s step_avg:108.88ms
step:2457/3250 train_time:267.993s step_avg:109.07ms
step:2458/3250 train_time:268.573s step_avg:109.26ms
step:2459/3250 train_time:269.152s step_avg:109.46ms
step:2460/3250 train_time:269.733s step_avg:109.65ms
step:2461/3250 train_time:270.313s step_avg:109.84ms
step:2462/3250 train_time:270.892s step_avg:110.03ms
step:2463/3250 train_time:271.473s step_avg:110.22ms
step:2464/3250 train_time:272.052s step_avg:110.41ms
step:2465/3250 train_time:272.633s step_avg:110.60ms
step:2466/3250 train_time:273.212s step_avg:110.79ms
step:2467/3250 train_time:273.791s step_avg:110.98ms
step:2468/3250 train_time:274.373s step_avg:111.17ms
step:2469/3250 train_time:274.952s step_avg:111.36ms
step:2470/3250 train_time:275.532s step_avg:111.55ms
step:2471/3250 train_time:276.112s step_avg:111.74ms
step:2472/3250 train_time:276.692s step_avg:111.93ms
step:2473/3250 train_time:277.272s step_avg:112.12ms
step:2474/3250 train_time:277.852s step_avg:112.31ms
step:2475/3250 train_time:278.432s step_avg:112.50ms
step:2476/3250 train_time:279.013s step_avg:112.69ms
step:2477/3250 train_time:279.592s step_avg:112.88ms
step:2478/3250 train_time:280.174s step_avg:113.06ms
step:2479/3250 train_time:280.752s step_avg:113.25ms
step:2480/3250 train_time:281.333s step_avg:113.44ms
step:2481/3250 train_time:281.913s step_avg:113.63ms
step:2482/3250 train_time:282.492s step_avg:113.82ms
step:2483/3250 train_time:283.072s step_avg:114.00ms
step:2484/3250 train_time:283.652s step_avg:114.19ms
step:2485/3250 train_time:284.234s step_avg:114.38ms
step:2486/3250 train_time:284.813s step_avg:114.57ms
step:2487/3250 train_time:285.393s step_avg:114.75ms
step:2488/3250 train_time:286.026s step_avg:114.96ms
step:2489/3250 train_time:286.615s step_avg:115.15ms
step:2490/3250 train_time:287.190s step_avg:115.34ms
step:2491/3250 train_time:287.777s step_avg:115.53ms
step:2492/3250 train_time:288.352s step_avg:115.71ms
step:2493/3250 train_time:288.934s step_avg:115.90ms
step:2494/3250 train_time:289.512s step_avg:116.08ms
step:2495/3250 train_time:290.095s step_avg:116.27ms
step:2496/3250 train_time:290.675s step_avg:116.46ms
step:2497/3250 train_time:291.252s step_avg:116.64ms
step:2498/3250 train_time:291.835s step_avg:116.83ms
step:2499/3250 train_time:292.414s step_avg:117.01ms
step:2500/3250 train_time:292.995s step_avg:117.20ms
step:2500/3250 val_loss:3.27968 train_time:293.006s step_avg:581.40ms
step:2501/3250 train_time:293.580s step_avg:117.39ms
step:2502/3250 train_time:294.163s step_avg:117.57ms
step:2503/3250 train_time:294.744s step_avg:117.76ms
step:2504/3250 train_time:295.326s step_avg:117.94ms
step:2505/3250 train_time:295.906s step_avg:118.13ms
step:2506/3250 train_time:296.485s step_avg:118.31ms
step:2507/3250 train_time:297.065s step_avg:118.49ms
step:2508/3250 train_time:297.644s step_avg:118.68ms
step:2509/3250 train_time:298.225s step_avg:118.86ms
step:2510/3250 train_time:298.805s step_avg:119.05ms
step:2511/3250 train_time:299.386s step_avg:119.23ms
step:2512/3250 train_time:299.966s step_avg:119.41ms
step:2513/3250 train_time:300.547s step_avg:119.60ms
step:2514/3250 train_time:301.126s step_avg:119.78ms
step:2515/3250 train_time:301.708s step_avg:119.96ms
step:2516/3250 train_time:302.285s step_avg:120.14ms
step:2517/3250 train_time:302.865s step_avg:120.33ms
step:2518/3250 train_time:303.444s step_avg:120.51ms
step:2519/3250 train_time:304.025s step_avg:120.69ms
step:2520/3250 train_time:304.606s step_avg:120.88ms
step:2521/3250 train_time:305.184s step_avg:121.06ms
step:2522/3250 train_time:305.766s step_avg:121.24ms
step:2523/3250 train_time:306.343s step_avg:121.42ms
step:2524/3250 train_time:306.924s step_avg:121.60ms
step:2525/3250 train_time:307.504s step_avg:121.78ms
step:2526/3250 train_time:308.084s step_avg:121.97ms
step:2527/3250 train_time:308.664s step_avg:122.15ms
step:2528/3250 train_time:309.244s step_avg:122.33ms
step:2529/3250 train_time:309.823s step_avg:122.51ms
step:2530/3250 train_time:310.404s step_avg:122.69ms
step:2531/3250 train_time:310.984s step_avg:122.87ms
step:2532/3250 train_time:311.566s step_avg:123.05ms
step:2533/3250 train_time:312.144s step_avg:123.23ms
step:2534/3250 train_time:312.725s step_avg:123.41ms
step:2535/3250 train_time:313.354s step_avg:123.61ms
step:2536/3250 train_time:313.939s step_avg:123.79ms
step:2537/3250 train_time:314.520s step_avg:123.97ms
step:2538/3250 train_time:315.105s step_avg:124.15ms
step:2539/3250 train_time:315.684s step_avg:124.33ms
step:2540/3250 train_time:316.265s step_avg:124.51ms
step:2541/3250 train_time:316.845s step_avg:124.69ms
step:2542/3250 train_time:317.424s step_avg:124.87ms
step:2543/3250 train_time:318.005s step_avg:125.05ms
step:2544/3250 train_time:318.583s step_avg:125.23ms
step:2545/3250 train_time:319.165s step_avg:125.41ms
step:2546/3250 train_time:319.744s step_avg:125.59ms
step:2547/3250 train_time:320.325s step_avg:125.77ms
step:2548/3250 train_time:320.904s step_avg:125.94ms
step:2549/3250 train_time:321.484s step_avg:126.12ms
step:2550/3250 train_time:322.065s step_avg:126.30ms
step:2551/3250 train_time:322.645s step_avg:126.48ms
step:2552/3250 train_time:323.224s step_avg:126.66ms
step:2553/3250 train_time:323.804s step_avg:126.83ms
step:2554/3250 train_time:324.383s step_avg:127.01ms
step:2555/3250 train_time:324.964s step_avg:127.19ms
step:2556/3250 train_time:325.544s step_avg:127.36ms
step:2557/3250 train_time:326.123s step_avg:127.54ms
step:2558/3250 train_time:326.704s step_avg:127.72ms
step:2559/3250 train_time:327.284s step_avg:127.90ms
step:2560/3250 train_time:327.864s step_avg:128.07ms
step:2561/3250 train_time:328.446s step_avg:128.25ms
step:2562/3250 train_time:329.025s step_avg:128.43ms
step:2563/3250 train_time:329.605s step_avg:128.60ms
step:2564/3250 train_time:330.185s step_avg:128.78ms
step:2565/3250 train_time:330.765s step_avg:128.95ms
step:2566/3250 train_time:331.345s step_avg:129.13ms
step:2567/3250 train_time:331.924s step_avg:129.30ms
step:2568/3250 train_time:332.505s step_avg:129.48ms
step:2569/3250 train_time:333.083s step_avg:129.65ms
step:2570/3250 train_time:333.665s step_avg:129.83ms
step:2571/3250 train_time:334.244s step_avg:130.01ms
step:2572/3250 train_time:334.824s step_avg:130.18ms
step:2573/3250 train_time:335.404s step_avg:130.36ms
step:2574/3250 train_time:335.985s step_avg:130.53ms
step:2575/3250 train_time:336.565s step_avg:130.70ms
step:2576/3250 train_time:337.144s step_avg:130.88ms
step:2577/3250 train_time:337.723s step_avg:131.05ms
step:2578/3250 train_time:338.304s step_avg:131.23ms
step:2579/3250 train_time:338.884s step_avg:131.40ms
step:2580/3250 train_time:339.465s step_avg:131.58ms
step:2581/3250 train_time:340.044s step_avg:131.75ms
step:2582/3250 train_time:340.662s step_avg:131.94ms
step:2583/3250 train_time:341.249s step_avg:132.11ms
step:2584/3250 train_time:341.822s step_avg:132.28ms
step:2585/3250 train_time:342.406s step_avg:132.46ms
step:2586/3250 train_time:342.982s step_avg:132.63ms
step:2587/3250 train_time:343.566s step_avg:132.80ms
step:2588/3250 train_time:344.143s step_avg:132.98ms
step:2589/3250 train_time:344.724s step_avg:133.15ms
step:2590/3250 train_time:345.304s step_avg:133.32ms
step:2591/3250 train_time:345.884s step_avg:133.49ms
step:2592/3250 train_time:346.465s step_avg:133.67ms
step:2593/3250 train_time:347.043s step_avg:133.84ms
step:2594/3250 train_time:347.623s step_avg:134.01ms
step:2595/3250 train_time:348.204s step_avg:134.18ms
step:2596/3250 train_time:348.785s step_avg:134.35ms
step:2597/3250 train_time:349.365s step_avg:134.53ms
step:2598/3250 train_time:349.944s step_avg:134.70ms
step:2599/3250 train_time:350.524s step_avg:134.87ms
step:2600/3250 train_time:351.106s step_avg:135.04ms
step:2601/3250 train_time:351.683s step_avg:135.21ms
step:2602/3250 train_time:352.263s step_avg:135.38ms
step:2603/3250 train_time:352.844s step_avg:135.55ms
step:2604/3250 train_time:353.423s step_avg:135.72ms
step:2605/3250 train_time:354.004s step_avg:135.89ms
step:2606/3250 train_time:354.585s step_avg:136.06ms
step:2607/3250 train_time:355.164s step_avg:136.23ms
step:2608/3250 train_time:355.745s step_avg:136.41ms
step:2609/3250 train_time:356.324s step_avg:136.57ms
step:2610/3250 train_time:356.904s step_avg:136.74ms
step:2611/3250 train_time:357.484s step_avg:136.91ms
step:2612/3250 train_time:358.064s step_avg:137.08ms
step:2613/3250 train_time:358.643s step_avg:137.25ms
step:2614/3250 train_time:359.223s step_avg:137.42ms
step:2615/3250 train_time:359.803s step_avg:137.59ms
step:2616/3250 train_time:360.383s step_avg:137.76ms
step:2617/3250 train_time:360.963s step_avg:137.93ms
step:2618/3250 train_time:361.543s step_avg:138.10ms
step:2619/3250 train_time:362.124s step_avg:138.27ms
step:2620/3250 train_time:362.705s step_avg:138.44ms
step:2621/3250 train_time:363.284s step_avg:138.61ms
step:2622/3250 train_time:363.863s step_avg:138.77ms
step:2623/3250 train_time:364.444s step_avg:138.94ms
step:2624/3250 train_time:365.024s step_avg:139.11ms
step:2625/3250 train_time:365.605s step_avg:139.28ms
step:2625/3250 val_loss:3.26150 train_time:365.617s step_avg:580.88ms
step:2626/3250 train_time:366.190s step_avg:139.45ms
step:2627/3250 train_time:366.773s step_avg:139.62ms
step:2628/3250 train_time:367.352s step_avg:139.78ms
step:2629/3250 train_time:367.982s step_avg:139.97ms
step:2630/3250 train_time:368.568s step_avg:140.14ms
step:2631/3250 train_time:369.148s step_avg:140.31ms
step:2632/3250 train_time:369.734s step_avg:140.48ms
step:2633/3250 train_time:370.312s step_avg:140.64ms
step:2634/3250 train_time:370.895s step_avg:140.81ms
step:2635/3250 train_time:371.474s step_avg:140.98ms
step:2636/3250 train_time:372.053s step_avg:141.14ms
step:2637/3250 train_time:372.636s step_avg:141.31ms
step:2638/3250 train_time:373.214s step_avg:141.48ms
step:2639/3250 train_time:373.795s step_avg:141.64ms
step:2640/3250 train_time:374.374s step_avg:141.81ms
step:2641/3250 train_time:374.955s step_avg:141.97ms
step:2642/3250 train_time:375.534s step_avg:142.14ms
step:2643/3250 train_time:376.113s step_avg:142.31ms
step:2644/3250 train_time:376.694s step_avg:142.47ms
step:2645/3250 train_time:377.274s step_avg:142.64ms
step:2646/3250 train_time:377.854s step_avg:142.80ms
step:2647/3250 train_time:378.434s step_avg:142.97ms
step:2648/3250 train_time:379.014s step_avg:143.13ms
step:2649/3250 train_time:379.594s step_avg:143.30ms
step:2650/3250 train_time:380.175s step_avg:143.46ms
step:2651/3250 train_time:380.754s step_avg:143.63ms
step:2652/3250 train_time:381.334s step_avg:143.79ms
step:2653/3250 train_time:381.914s step_avg:143.96ms
step:2654/3250 train_time:382.495s step_avg:144.12ms
step:2655/3250 train_time:383.074s step_avg:144.28ms
step:2656/3250 train_time:383.654s step_avg:144.45ms
step:2657/3250 train_time:384.236s step_avg:144.61ms
step:2658/3250 train_time:384.815s step_avg:144.78ms
step:2659/3250 train_time:385.394s step_avg:144.94ms
step:2660/3250 train_time:385.974s step_avg:145.10ms
step:2661/3250 train_time:386.554s step_avg:145.27ms
step:2662/3250 train_time:387.135s step_avg:145.43ms
step:2663/3250 train_time:387.714s step_avg:145.59ms
step:2664/3250 train_time:388.294s step_avg:145.76ms
step:2665/3250 train_time:388.874s step_avg:145.92ms
step:2666/3250 train_time:389.454s step_avg:146.08ms
step:2667/3250 train_time:390.034s step_avg:146.24ms
step:2668/3250 train_time:390.614s step_avg:146.41ms
step:2669/3250 train_time:391.195s step_avg:146.57ms
step:2670/3250 train_time:391.774s step_avg:146.73ms
step:2671/3250 train_time:392.353s step_avg:146.89ms
step:2672/3250 train_time:392.933s step_avg:147.06ms
step:2673/3250 train_time:393.513s step_avg:147.22ms
step:2674/3250 train_time:394.094s step_avg:147.38ms
step:2675/3250 train_time:394.673s step_avg:147.54ms
step:2676/3250 train_time:395.288s step_avg:147.72ms
step:2677/3250 train_time:395.874s step_avg:147.88ms
step:2678/3250 train_time:396.452s step_avg:148.04ms
step:2679/3250 train_time:397.036s step_avg:148.20ms
step:2680/3250 train_time:397.614s step_avg:148.36ms
step:2681/3250 train_time:398.195s step_avg:148.52ms
step:2682/3250 train_time:398.773s step_avg:148.69ms
step:2683/3250 train_time:399.353s step_avg:148.85ms
step:2684/3250 train_time:399.935s step_avg:149.01ms
step:2685/3250 train_time:400.513s step_avg:149.17ms
step:2686/3250 train_time:401.094s step_avg:149.33ms
step:2687/3250 train_time:401.673s step_avg:149.49ms
step:2688/3250 train_time:402.253s step_avg:149.65ms
step:2689/3250 train_time:402.833s step_avg:149.81ms
step:2690/3250 train_time:403.413s step_avg:149.97ms
step:2691/3250 train_time:403.994s step_avg:150.13ms
step:2692/3250 train_time:404.574s step_avg:150.29ms
step:2693/3250 train_time:405.154s step_avg:150.45ms
step:2694/3250 train_time:405.734s step_avg:150.61ms
step:2695/3250 train_time:406.314s step_avg:150.77ms
step:2696/3250 train_time:406.894s step_avg:150.93ms
step:2697/3250 train_time:407.474s step_avg:151.08ms
step:2698/3250 train_time:408.054s step_avg:151.24ms
step:2699/3250 train_time:408.634s step_avg:151.40ms
step:2700/3250 train_time:409.213s step_avg:151.56ms
step:2701/3250 train_time:409.793s step_avg:151.72ms
step:2702/3250 train_time:410.373s step_avg:151.88ms
step:2703/3250 train_time:410.953s step_avg:152.04ms
step:2704/3250 train_time:411.535s step_avg:152.19ms
step:2705/3250 train_time:412.113s step_avg:152.35ms
step:2706/3250 train_time:412.694s step_avg:152.51ms
step:2707/3250 train_time:413.273s step_avg:152.67ms
step:2708/3250 train_time:413.854s step_avg:152.83ms
step:2709/3250 train_time:414.433s step_avg:152.98ms
step:2710/3250 train_time:415.013s step_avg:153.14ms
step:2711/3250 train_time:415.595s step_avg:153.30ms
step:2712/3250 train_time:416.174s step_avg:153.46ms
step:2713/3250 train_time:416.754s step_avg:153.61ms
step:2714/3250 train_time:417.333s step_avg:153.77ms
step:2715/3250 train_time:417.914s step_avg:153.93ms
step:2716/3250 train_time:418.494s step_avg:154.08ms
step:2717/3250 train_time:419.074s step_avg:154.24ms
step:2718/3250 train_time:419.652s step_avg:154.40ms
step:2719/3250 train_time:420.234s step_avg:154.55ms
step:2720/3250 train_time:420.813s step_avg:154.71ms
step:2721/3250 train_time:421.394s step_avg:154.87ms
step:2722/3250 train_time:421.974s step_avg:155.02ms
step:2723/3250 train_time:422.604s step_avg:155.20ms
step:2724/3250 train_time:423.189s step_avg:155.36ms
step:2725/3250 train_time:423.769s step_avg:155.51ms
step:2726/3250 train_time:424.354s step_avg:155.67ms
step:2727/3250 train_time:424.933s step_avg:155.82ms
step:2728/3250 train_time:425.516s step_avg:155.98ms
step:2729/3250 train_time:426.095s step_avg:156.14ms
step:2730/3250 train_time:426.676s step_avg:156.29ms
step:2731/3250 train_time:427.256s step_avg:156.45ms
step:2732/3250 train_time:427.835s step_avg:156.60ms
step:2733/3250 train_time:428.414s step_avg:156.76ms
step:2734/3250 train_time:428.994s step_avg:156.91ms
step:2735/3250 train_time:429.575s step_avg:157.07ms
step:2736/3250 train_time:430.154s step_avg:157.22ms
step:2737/3250 train_time:430.735s step_avg:157.37ms
step:2738/3250 train_time:431.315s step_avg:157.53ms
step:2739/3250 train_time:431.895s step_avg:157.68ms
step:2740/3250 train_time:432.474s step_avg:157.84ms
step:2741/3250 train_time:433.053s step_avg:157.99ms
step:2742/3250 train_time:433.633s step_avg:158.14ms
step:2743/3250 train_time:434.214s step_avg:158.30ms
step:2744/3250 train_time:434.794s step_avg:158.45ms
step:2745/3250 train_time:435.376s step_avg:158.61ms
step:2746/3250 train_time:435.955s step_avg:158.76ms
step:2747/3250 train_time:436.535s step_avg:158.91ms
step:2748/3250 train_time:437.113s step_avg:159.07ms
step:2749/3250 train_time:437.694s step_avg:159.22ms
step:2750/3250 train_time:438.274s step_avg:159.37ms
step:2750/3250 val_loss:3.24280 train_time:438.286s step_avg:581.35ms
step:2751/3250 train_time:439.659s step_avg:159.82ms
ARM_EXIT=0 req027_b4x_mu0_s2
