W0831 14:30:31.633000 10239 torch/distributed/run.py:852] 
W0831 14:30:31.633000 10239 torch/distributed/run.py:852] *****************************************
W0831 14:30:31.633000 10239 torch/distributed/run.py:852] Setting OMP_NUM_THREADS environment variable for each process to be 1 in default, to avoid your system being overloaded, please further tune the variable for optimal performance in your application as needed. 
W0831 14:30:31.633000 10239 torch/distributed/run.py:852] *****************************************
logs/44c1f555-7d9b-4b54-b5d7-3fcf536ed539.txt
resumed training state from step 2000 in eos_shared_state, skipped 2000 batches
step:0/3250 val_loss:3.44373 train_time:0.001s step_avg:nanms
step:2001/3250 train_time:2.773s step_avg:1.39ms
step:2002/3250 train_time:2.916s step_avg:1.46ms
step:2003/3250 train_time:3.068s step_avg:1.53ms
step:2004/3250 train_time:3.221s step_avg:1.61ms
step:2005/3250 train_time:3.375s step_avg:1.68ms
step:2006/3250 train_time:3.528s step_avg:1.76ms
step:2007/3250 train_time:3.681s step_avg:1.83ms
step:2008/3250 train_time:3.835s step_avg:1.91ms
step:2009/3250 train_time:3.987s step_avg:1.98ms
step:2010/3250 train_time:4.141s step_avg:2.06ms
step:2011/3250 train_time:4.293s step_avg:2.13ms
step:2012/3250 train_time:4.446s step_avg:2.21ms
step:2013/3250 train_time:4.599s step_avg:2.28ms
step:2014/3250 train_time:4.751s step_avg:2.36ms
step:2015/3250 train_time:4.904s step_avg:2.43ms
step:2016/3250 train_time:5.058s step_avg:2.51ms
step:2017/3250 train_time:5.210s step_avg:2.58ms
step:2018/3250 train_time:5.364s step_avg:2.66ms
step:2019/3250 train_time:5.517s step_avg:2.73ms
step:2020/3250 train_time:5.670s step_avg:2.81ms
step:2021/3250 train_time:5.823s step_avg:2.88ms
step:2022/3250 train_time:5.978s step_avg:2.96ms
step:2023/3250 train_time:6.130s step_avg:3.03ms
step:2024/3250 train_time:6.284s step_avg:3.10ms
step:2025/3250 train_time:6.437s step_avg:3.18ms
step:2026/3250 train_time:6.590s step_avg:3.25ms
step:2027/3250 train_time:6.744s step_avg:3.33ms
step:2028/3250 train_time:6.898s step_avg:3.40ms
step:2029/3250 train_time:7.052s step_avg:3.48ms
step:2030/3250 train_time:7.205s step_avg:3.55ms
step:2031/3250 train_time:7.358s step_avg:3.62ms
step:2032/3250 train_time:7.511s step_avg:3.70ms
step:2033/3250 train_time:7.665s step_avg:3.77ms
step:2034/3250 train_time:7.819s step_avg:3.84ms
step:2035/3250 train_time:7.972s step_avg:3.92ms
step:2036/3250 train_time:8.125s step_avg:3.99ms
step:2037/3250 train_time:8.280s step_avg:4.06ms
step:2038/3250 train_time:8.433s step_avg:4.14ms
step:2039/3250 train_time:8.586s step_avg:4.21ms
step:2040/3250 train_time:8.741s step_avg:4.28ms
step:2041/3250 train_time:8.894s step_avg:4.36ms
step:2042/3250 train_time:9.047s step_avg:4.43ms
step:2043/3250 train_time:9.201s step_avg:4.50ms
step:2044/3250 train_time:9.355s step_avg:4.58ms
step:2045/3250 train_time:9.508s step_avg:4.65ms
step:2046/3250 train_time:9.664s step_avg:4.72ms
step:2047/3250 train_time:9.816s step_avg:4.80ms
step:2048/3250 train_time:9.969s step_avg:4.87ms
step:2049/3250 train_time:10.123s step_avg:4.94ms
step:2050/3250 train_time:10.277s step_avg:5.01ms
step:2051/3250 train_time:10.429s step_avg:5.08ms
step:2052/3250 train_time:10.584s step_avg:5.16ms
step:2053/3250 train_time:10.739s step_avg:5.23ms
step:2054/3250 train_time:10.891s step_avg:5.30ms
step:2055/3250 train_time:11.045s step_avg:5.37ms
step:2056/3250 train_time:11.199s step_avg:5.45ms
step:2057/3250 train_time:11.351s step_avg:5.52ms
step:2058/3250 train_time:11.506s step_avg:5.59ms
step:2059/3250 train_time:11.662s step_avg:5.66ms
step:2060/3250 train_time:11.816s step_avg:5.74ms
step:2061/3250 train_time:11.969s step_avg:5.81ms
step:2062/3250 train_time:12.124s step_avg:5.88ms
step:2063/3250 train_time:12.279s step_avg:5.95ms
step:2064/3250 train_time:12.431s step_avg:6.02ms
step:2065/3250 train_time:12.585s step_avg:6.09ms
step:2066/3250 train_time:12.740s step_avg:6.17ms
step:2067/3250 train_time:12.893s step_avg:6.24ms
step:2068/3250 train_time:13.046s step_avg:6.31ms
step:2069/3250 train_time:13.201s step_avg:6.38ms
step:2070/3250 train_time:13.355s step_avg:6.45ms
step:2071/3250 train_time:13.508s step_avg:6.52ms
step:2072/3250 train_time:13.663s step_avg:6.59ms
step:2073/3250 train_time:13.817s step_avg:6.67ms
step:2074/3250 train_time:13.970s step_avg:6.74ms
step:2075/3250 train_time:14.124s step_avg:6.81ms
step:2076/3250 train_time:14.278s step_avg:6.88ms
step:2077/3250 train_time:14.431s step_avg:6.95ms
step:2078/3250 train_time:14.584s step_avg:7.02ms
step:2079/3250 train_time:14.739s step_avg:7.09ms
step:2080/3250 train_time:14.893s step_avg:7.16ms
step:2081/3250 train_time:15.046s step_avg:7.23ms
step:2082/3250 train_time:15.201s step_avg:7.30ms
step:2083/3250 train_time:15.355s step_avg:7.37ms
step:2084/3250 train_time:15.508s step_avg:7.44ms
step:2085/3250 train_time:15.664s step_avg:7.51ms
step:2086/3250 train_time:15.817s step_avg:7.58ms
step:2087/3250 train_time:15.970s step_avg:7.65ms
step:2088/3250 train_time:16.125s step_avg:7.72ms
step:2089/3250 train_time:16.281s step_avg:7.79ms
step:2090/3250 train_time:16.434s step_avg:7.86ms
step:2091/3250 train_time:16.621s step_avg:7.95ms
step:2092/3250 train_time:16.774s step_avg:8.02ms
step:2093/3250 train_time:16.927s step_avg:8.09ms
step:2094/3250 train_time:17.081s step_avg:8.16ms
step:2095/3250 train_time:17.234s step_avg:8.23ms
step:2096/3250 train_time:17.388s step_avg:8.30ms
step:2097/3250 train_time:17.544s step_avg:8.37ms
step:2098/3250 train_time:17.697s step_avg:8.44ms
step:2099/3250 train_time:17.850s step_avg:8.50ms
step:2100/3250 train_time:18.005s step_avg:8.57ms
step:2101/3250 train_time:18.160s step_avg:8.64ms
step:2102/3250 train_time:18.313s step_avg:8.71ms
step:2103/3250 train_time:18.466s step_avg:8.78ms
step:2104/3250 train_time:18.621s step_avg:8.85ms
step:2105/3250 train_time:18.776s step_avg:8.92ms
step:2106/3250 train_time:18.929s step_avg:8.99ms
step:2107/3250 train_time:19.085s step_avg:9.06ms
step:2108/3250 train_time:19.241s step_avg:9.13ms
step:2109/3250 train_time:19.394s step_avg:9.20ms
step:2110/3250 train_time:19.548s step_avg:9.26ms
step:2111/3250 train_time:19.703s step_avg:9.33ms
step:2112/3250 train_time:19.856s step_avg:9.40ms
step:2113/3250 train_time:20.009s step_avg:9.47ms
step:2114/3250 train_time:20.164s step_avg:9.54ms
step:2115/3250 train_time:20.318s step_avg:9.61ms
step:2116/3250 train_time:20.471s step_avg:9.67ms
step:2117/3250 train_time:20.625s step_avg:9.74ms
step:2118/3250 train_time:20.780s step_avg:9.81ms
step:2119/3250 train_time:20.933s step_avg:9.88ms
step:2120/3250 train_time:21.087s step_avg:9.95ms
step:2121/3250 train_time:21.241s step_avg:10.01ms
step:2122/3250 train_time:21.396s step_avg:10.08ms
step:2123/3250 train_time:21.549s step_avg:10.15ms
step:2124/3250 train_time:21.703s step_avg:10.22ms
step:2125/3250 train_time:21.856s step_avg:10.29ms
step:2125/3250 val_loss:3.42400 train_time:21.868s step_avg:10.29ms
step:2126/3250 train_time:22.014s step_avg:10.35ms
step:2127/3250 train_time:22.168s step_avg:10.42ms
step:2128/3250 train_time:22.320s step_avg:10.49ms
step:2129/3250 train_time:22.474s step_avg:10.56ms
step:2130/3250 train_time:22.628s step_avg:10.62ms
step:2131/3250 train_time:22.780s step_avg:10.69ms
step:2132/3250 train_time:22.936s step_avg:10.76ms
step:2133/3250 train_time:23.092s step_avg:10.83ms
step:2134/3250 train_time:23.245s step_avg:10.89ms
step:2135/3250 train_time:23.399s step_avg:10.96ms
step:2136/3250 train_time:23.553s step_avg:11.03ms
step:2137/3250 train_time:23.708s step_avg:11.09ms
step:2138/3250 train_time:23.860s step_avg:11.16ms
step:2139/3250 train_time:24.014s step_avg:11.23ms
step:2140/3250 train_time:24.170s step_avg:11.29ms
step:2141/3250 train_time:24.323s step_avg:11.36ms
step:2142/3250 train_time:24.476s step_avg:11.43ms
step:2143/3250 train_time:24.631s step_avg:11.49ms
step:2144/3250 train_time:24.785s step_avg:11.56ms
step:2145/3250 train_time:24.938s step_avg:11.63ms
step:2146/3250 train_time:25.093s step_avg:11.69ms
step:2147/3250 train_time:25.247s step_avg:11.76ms
step:2148/3250 train_time:25.401s step_avg:11.83ms
step:2149/3250 train_time:25.555s step_avg:11.89ms
step:2150/3250 train_time:25.709s step_avg:11.96ms
step:2151/3250 train_time:25.862s step_avg:12.02ms
step:2152/3250 train_time:26.015s step_avg:12.09ms
step:2153/3250 train_time:26.171s step_avg:12.16ms
step:2154/3250 train_time:26.325s step_avg:12.22ms
step:2155/3250 train_time:26.478s step_avg:12.29ms
step:2156/3250 train_time:26.632s step_avg:12.35ms
step:2157/3250 train_time:26.786s step_avg:12.42ms
step:2158/3250 train_time:26.939s step_avg:12.48ms
step:2159/3250 train_time:27.094s step_avg:12.55ms
step:2160/3250 train_time:27.248s step_avg:12.61ms
step:2161/3250 train_time:27.401s step_avg:12.68ms
step:2162/3250 train_time:27.554s step_avg:12.74ms
step:2163/3250 train_time:27.709s step_avg:12.81ms
step:2164/3250 train_time:27.863s step_avg:12.88ms
step:2165/3250 train_time:28.016s step_avg:12.94ms
step:2166/3250 train_time:28.171s step_avg:13.01ms
step:2167/3250 train_time:28.324s step_avg:13.07ms
step:2168/3250 train_time:28.478s step_avg:13.14ms
step:2169/3250 train_time:28.632s step_avg:13.20ms
step:2170/3250 train_time:28.785s step_avg:13.27ms
step:2171/3250 train_time:28.938s step_avg:13.33ms
step:2172/3250 train_time:29.093s step_avg:13.39ms
step:2173/3250 train_time:29.247s step_avg:13.46ms
step:2174/3250 train_time:29.400s step_avg:13.52ms
step:2175/3250 train_time:29.554s step_avg:13.59ms
step:2176/3250 train_time:29.709s step_avg:13.65ms
step:2177/3250 train_time:29.861s step_avg:13.72ms
step:2178/3250 train_time:30.014s step_avg:13.78ms
step:2179/3250 train_time:30.169s step_avg:13.85ms
step:2180/3250 train_time:30.321s step_avg:13.91ms
step:2181/3250 train_time:30.474s step_avg:13.97ms
step:2182/3250 train_time:30.628s step_avg:14.04ms
step:2183/3250 train_time:30.781s step_avg:14.10ms
step:2184/3250 train_time:30.934s step_avg:14.16ms
step:2185/3250 train_time:31.088s step_avg:14.23ms
step:2186/3250 train_time:31.241s step_avg:14.29ms
step:2187/3250 train_time:31.396s step_avg:14.36ms
step:2188/3250 train_time:31.551s step_avg:14.42ms
step:2189/3250 train_time:31.705s step_avg:14.48ms
step:2190/3250 train_time:31.858s step_avg:14.55ms
step:2191/3250 train_time:32.013s step_avg:14.61ms
step:2192/3250 train_time:32.166s step_avg:14.67ms
step:2193/3250 train_time:32.319s step_avg:14.74ms
step:2194/3250 train_time:32.474s step_avg:14.80ms
step:2195/3250 train_time:32.628s step_avg:14.86ms
step:2196/3250 train_time:32.782s step_avg:14.93ms
step:2197/3250 train_time:32.935s step_avg:14.99ms
step:2198/3250 train_time:33.091s step_avg:15.05ms
step:2199/3250 train_time:33.244s step_avg:15.12ms
step:2200/3250 train_time:33.398s step_avg:15.18ms
step:2201/3250 train_time:33.551s step_avg:15.24ms
step:2202/3250 train_time:33.706s step_avg:15.31ms
step:2203/3250 train_time:33.859s step_avg:15.37ms
step:2204/3250 train_time:34.014s step_avg:15.43ms
step:2205/3250 train_time:34.167s step_avg:15.50ms
step:2206/3250 train_time:34.320s step_avg:15.56ms
step:2207/3250 train_time:34.476s step_avg:15.62ms
step:2208/3250 train_time:34.631s step_avg:15.68ms
step:2209/3250 train_time:34.785s step_avg:15.75ms
step:2210/3250 train_time:34.938s step_avg:15.81ms
step:2211/3250 train_time:35.093s step_avg:15.87ms
step:2212/3250 train_time:35.246s step_avg:15.93ms
step:2213/3250 train_time:35.399s step_avg:16.00ms
step:2214/3250 train_time:35.554s step_avg:16.06ms
step:2215/3250 train_time:35.708s step_avg:16.12ms
step:2216/3250 train_time:35.861s step_avg:16.18ms
step:2217/3250 train_time:36.014s step_avg:16.24ms
step:2218/3250 train_time:36.170s step_avg:16.31ms
step:2219/3250 train_time:36.323s step_avg:16.37ms
step:2220/3250 train_time:36.477s step_avg:16.43ms
step:2221/3250 train_time:36.631s step_avg:16.49ms
step:2222/3250 train_time:36.784s step_avg:16.55ms
step:2223/3250 train_time:36.937s step_avg:16.62ms
step:2224/3250 train_time:37.093s step_avg:16.68ms
step:2225/3250 train_time:37.248s step_avg:16.74ms
step:2226/3250 train_time:37.401s step_avg:16.80ms
step:2227/3250 train_time:37.554s step_avg:16.86ms
step:2228/3250 train_time:37.710s step_avg:16.93ms
step:2229/3250 train_time:37.862s step_avg:16.99ms
step:2230/3250 train_time:38.017s step_avg:17.05ms
step:2231/3250 train_time:38.173s step_avg:17.11ms
step:2232/3250 train_time:38.326s step_avg:17.17ms
step:2233/3250 train_time:38.479s step_avg:17.23ms
step:2234/3250 train_time:38.632s step_avg:17.29ms
step:2235/3250 train_time:38.787s step_avg:17.35ms
step:2236/3250 train_time:38.940s step_avg:17.42ms
step:2237/3250 train_time:39.095s step_avg:17.48ms
step:2238/3250 train_time:39.250s step_avg:17.54ms
step:2239/3250 train_time:39.402s step_avg:17.60ms
step:2240/3250 train_time:39.555s step_avg:17.66ms
step:2241/3250 train_time:39.711s step_avg:17.72ms
step:2242/3250 train_time:39.865s step_avg:17.78ms
step:2243/3250 train_time:40.018s step_avg:17.84ms
step:2244/3250 train_time:40.174s step_avg:17.90ms
step:2245/3250 train_time:40.329s step_avg:17.96ms
step:2246/3250 train_time:40.482s step_avg:18.02ms
step:2247/3250 train_time:40.635s step_avg:18.08ms
step:2248/3250 train_time:40.792s step_avg:18.15ms
step:2249/3250 train_time:40.947s step_avg:18.21ms
step:2250/3250 train_time:41.100s step_avg:18.27ms
step:2250/3250 val_loss:3.40593 train_time:41.111s step_avg:153.94ms
step:2251/3250 train_time:41.256s step_avg:18.33ms
step:2252/3250 train_time:41.410s step_avg:18.39ms
step:2253/3250 train_time:41.564s step_avg:18.45ms
step:2254/3250 train_time:41.718s step_avg:18.51ms
step:2255/3250 train_time:41.871s step_avg:18.57ms
step:2256/3250 train_time:42.026s step_avg:18.63ms
step:2257/3250 train_time:42.181s step_avg:18.69ms
step:2258/3250 train_time:42.334s step_avg:18.75ms
step:2259/3250 train_time:42.487s step_avg:18.81ms
step:2260/3250 train_time:42.642s step_avg:18.87ms
step:2261/3250 train_time:42.794s step_avg:18.93ms
step:2262/3250 train_time:42.949s step_avg:18.99ms
step:2263/3250 train_time:43.105s step_avg:19.05ms
step:2264/3250 train_time:43.258s step_avg:19.11ms
step:2265/3250 train_time:43.411s step_avg:19.17ms
step:2266/3250 train_time:43.566s step_avg:19.23ms
step:2267/3250 train_time:43.721s step_avg:19.29ms
step:2268/3250 train_time:43.874s step_avg:19.34ms
step:2269/3250 train_time:44.028s step_avg:19.40ms
step:2270/3250 train_time:44.183s step_avg:19.46ms
step:2271/3250 train_time:44.337s step_avg:19.52ms
step:2272/3250 train_time:44.490s step_avg:19.58ms
step:2273/3250 train_time:44.645s step_avg:19.64ms
step:2274/3250 train_time:44.800s step_avg:19.70ms
step:2275/3250 train_time:44.954s step_avg:19.76ms
step:2276/3250 train_time:45.108s step_avg:19.82ms
step:2277/3250 train_time:45.262s step_avg:19.88ms
step:2278/3250 train_time:45.415s step_avg:19.94ms
step:2279/3250 train_time:45.569s step_avg:20.00ms
step:2280/3250 train_time:45.724s step_avg:20.05ms
step:2281/3250 train_time:45.911s step_avg:20.13ms
step:2282/3250 train_time:46.065s step_avg:20.19ms
step:2283/3250 train_time:46.219s step_avg:20.24ms
step:2284/3250 train_time:46.371s step_avg:20.30ms
step:2285/3250 train_time:46.526s step_avg:20.36ms
step:2286/3250 train_time:46.680s step_avg:20.42ms
step:2287/3250 train_time:46.833s step_avg:20.48ms
step:2288/3250 train_time:46.988s step_avg:20.54ms
step:2289/3250 train_time:47.143s step_avg:20.60ms
step:2290/3250 train_time:47.296s step_avg:20.65ms
step:2291/3250 train_time:47.450s step_avg:20.71ms
step:2292/3250 train_time:47.605s step_avg:20.77ms
step:2293/3250 train_time:47.759s step_avg:20.83ms
step:2294/3250 train_time:47.911s step_avg:20.89ms
step:2295/3250 train_time:48.067s step_avg:20.94ms
step:2296/3250 train_time:48.222s step_avg:21.00ms
step:2297/3250 train_time:48.376s step_avg:21.06ms
step:2298/3250 train_time:48.530s step_avg:21.12ms
step:2299/3250 train_time:48.684s step_avg:21.18ms
step:2300/3250 train_time:48.839s step_avg:21.23ms
step:2301/3250 train_time:48.991s step_avg:21.29ms
step:2302/3250 train_time:49.146s step_avg:21.35ms
step:2303/3250 train_time:49.300s step_avg:21.41ms
step:2304/3250 train_time:49.453s step_avg:21.46ms
step:2305/3250 train_time:49.607s step_avg:21.52ms
step:2306/3250 train_time:49.762s step_avg:21.58ms
step:2307/3250 train_time:49.916s step_avg:21.64ms
step:2308/3250 train_time:50.069s step_avg:21.69ms
step:2309/3250 train_time:50.223s step_avg:21.75ms
step:2310/3250 train_time:50.376s step_avg:21.81ms
step:2311/3250 train_time:50.530s step_avg:21.86ms
step:2312/3250 train_time:50.684s step_avg:21.92ms
step:2313/3250 train_time:50.838s step_avg:21.98ms
step:2314/3250 train_time:50.991s step_avg:22.04ms
step:2315/3250 train_time:51.147s step_avg:22.09ms
step:2316/3250 train_time:51.301s step_avg:22.15ms
step:2317/3250 train_time:51.454s step_avg:22.21ms
step:2318/3250 train_time:51.608s step_avg:22.26ms
step:2319/3250 train_time:51.762s step_avg:22.32ms
step:2320/3250 train_time:51.915s step_avg:22.38ms
step:2321/3250 train_time:52.068s step_avg:22.43ms
step:2322/3250 train_time:52.223s step_avg:22.49ms
step:2323/3250 train_time:52.377s step_avg:22.55ms
step:2324/3250 train_time:52.530s step_avg:22.60ms
step:2325/3250 train_time:52.685s step_avg:22.66ms
step:2326/3250 train_time:52.840s step_avg:22.72ms
step:2327/3250 train_time:52.992s step_avg:22.77ms
step:2328/3250 train_time:53.147s step_avg:22.83ms
step:2329/3250 train_time:53.300s step_avg:22.89ms
step:2330/3250 train_time:53.453s step_avg:22.94ms
step:2331/3250 train_time:53.608s step_avg:23.00ms
step:2332/3250 train_time:53.762s step_avg:23.05ms
step:2333/3250 train_time:53.915s step_avg:23.11ms
step:2334/3250 train_time:54.068s step_avg:23.17ms
step:2335/3250 train_time:54.224s step_avg:23.22ms
step:2336/3250 train_time:54.377s step_avg:23.28ms
step:2337/3250 train_time:54.530s step_avg:23.33ms
step:2338/3250 train_time:54.685s step_avg:23.39ms
step:2339/3250 train_time:54.839s step_avg:23.45ms
step:2340/3250 train_time:54.991s step_avg:23.50ms
step:2341/3250 train_time:55.146s step_avg:23.56ms
step:2342/3250 train_time:55.300s step_avg:23.61ms
step:2343/3250 train_time:55.453s step_avg:23.67ms
step:2344/3250 train_time:55.607s step_avg:23.72ms
step:2345/3250 train_time:55.761s step_avg:23.78ms
step:2346/3250 train_time:55.915s step_avg:23.83ms
step:2347/3250 train_time:56.069s step_avg:23.89ms
step:2348/3250 train_time:56.224s step_avg:23.95ms
step:2349/3250 train_time:56.379s step_avg:24.00ms
step:2350/3250 train_time:56.532s step_avg:24.06ms
step:2351/3250 train_time:56.686s step_avg:24.11ms
step:2352/3250 train_time:56.841s step_avg:24.17ms
step:2353/3250 train_time:56.993s step_avg:24.22ms
step:2354/3250 train_time:57.147s step_avg:24.28ms
step:2355/3250 train_time:57.302s step_avg:24.33ms
step:2356/3250 train_time:57.455s step_avg:24.39ms
step:2357/3250 train_time:57.608s step_avg:24.44ms
step:2358/3250 train_time:57.763s step_avg:24.50ms
step:2359/3250 train_time:57.918s step_avg:24.55ms
step:2360/3250 train_time:58.070s step_avg:24.61ms
step:2361/3250 train_time:58.225s step_avg:24.66ms
step:2362/3250 train_time:58.379s step_avg:24.72ms
step:2363/3250 train_time:58.533s step_avg:24.77ms
step:2364/3250 train_time:58.686s step_avg:24.83ms
step:2365/3250 train_time:58.841s step_avg:24.88ms
step:2366/3250 train_time:58.994s step_avg:24.93ms
step:2367/3250 train_time:59.148s step_avg:24.99ms
step:2368/3250 train_time:59.303s step_avg:25.04ms
step:2369/3250 train_time:59.455s step_avg:25.10ms
step:2370/3250 train_time:59.608s step_avg:25.15ms
step:2371/3250 train_time:59.762s step_avg:25.21ms
step:2372/3250 train_time:59.916s step_avg:25.26ms
step:2373/3250 train_time:60.069s step_avg:25.31ms
step:2374/3250 train_time:60.223s step_avg:25.37ms
step:2375/3250 train_time:60.377s step_avg:25.42ms
step:2375/3250 val_loss:3.38927 train_time:60.389s step_avg:154.22ms
step:2376/3250 train_time:60.535s step_avg:25.48ms
step:2377/3250 train_time:60.688s step_avg:25.53ms
step:2378/3250 train_time:60.842s step_avg:25.59ms
step:2379/3250 train_time:60.996s step_avg:25.64ms
step:2380/3250 train_time:61.149s step_avg:25.69ms
step:2381/3250 train_time:61.302s step_avg:25.75ms
step:2382/3250 train_time:61.457s step_avg:25.80ms
step:2383/3250 train_time:61.612s step_avg:25.85ms
step:2384/3250 train_time:61.766s step_avg:25.91ms
step:2385/3250 train_time:61.919s step_avg:25.96ms
step:2386/3250 train_time:62.075s step_avg:26.02ms
step:2387/3250 train_time:62.230s step_avg:26.07ms
step:2388/3250 train_time:62.382s step_avg:26.12ms
step:2389/3250 train_time:62.538s step_avg:26.18ms
step:2390/3250 train_time:62.693s step_avg:26.23ms
step:2391/3250 train_time:62.846s step_avg:26.28ms
step:2392/3250 train_time:62.999s step_avg:26.34ms
step:2393/3250 train_time:63.156s step_avg:26.39ms
step:2394/3250 train_time:63.309s step_avg:26.44ms
step:2395/3250 train_time:63.463s step_avg:26.50ms
step:2396/3250 train_time:63.617s step_avg:26.55ms
step:2397/3250 train_time:63.773s step_avg:26.61ms
step:2398/3250 train_time:63.927s step_avg:26.66ms
step:2399/3250 train_time:64.081s step_avg:26.71ms
step:2400/3250 train_time:64.235s step_avg:26.76ms
step:2401/3250 train_time:64.389s step_avg:26.82ms
step:2402/3250 train_time:64.543s step_avg:26.87ms
step:2403/3250 train_time:64.698s step_avg:26.92ms
step:2404/3250 train_time:64.852s step_avg:26.98ms
step:2405/3250 train_time:65.007s step_avg:27.03ms
step:2406/3250 train_time:65.160s step_avg:27.08ms
step:2407/3250 train_time:65.314s step_avg:27.14ms
step:2408/3250 train_time:65.468s step_avg:27.19ms
step:2409/3250 train_time:65.621s step_avg:27.24ms
step:2410/3250 train_time:65.776s step_avg:27.29ms
step:2411/3250 train_time:65.930s step_avg:27.35ms
step:2412/3250 train_time:66.083s step_avg:27.40ms
step:2413/3250 train_time:66.237s step_avg:27.45ms
step:2414/3250 train_time:66.392s step_avg:27.50ms
step:2415/3250 train_time:66.545s step_avg:27.55ms
step:2416/3250 train_time:66.698s step_avg:27.61ms
step:2417/3250 train_time:66.854s step_avg:27.66ms
step:2418/3250 train_time:67.007s step_avg:27.71ms
step:2419/3250 train_time:67.161s step_avg:27.76ms
step:2420/3250 train_time:67.315s step_avg:27.82ms
step:2421/3250 train_time:67.469s step_avg:27.87ms
step:2422/3250 train_time:67.622s step_avg:27.92ms
step:2423/3250 train_time:67.777s step_avg:27.97ms
step:2424/3250 train_time:67.932s step_avg:28.02ms
step:2425/3250 train_time:68.085s step_avg:28.08ms
step:2426/3250 train_time:68.239s step_avg:28.13ms
step:2427/3250 train_time:68.394s step_avg:28.18ms
step:2428/3250 train_time:68.549s step_avg:28.23ms
step:2429/3250 train_time:68.702s step_avg:28.28ms
step:2430/3250 train_time:68.857s step_avg:28.34ms
step:2431/3250 train_time:69.012s step_avg:28.39ms
step:2432/3250 train_time:69.165s step_avg:28.44ms
step:2433/3250 train_time:69.318s step_avg:28.49ms
step:2434/3250 train_time:69.472s step_avg:28.54ms
step:2435/3250 train_time:69.627s step_avg:28.59ms
step:2436/3250 train_time:69.780s step_avg:28.65ms
step:2437/3250 train_time:69.936s step_avg:28.70ms
step:2438/3250 train_time:70.091s step_avg:28.75ms
step:2439/3250 train_time:70.244s step_avg:28.80ms
step:2440/3250 train_time:70.398s step_avg:28.85ms
step:2441/3250 train_time:70.553s step_avg:28.90ms
step:2442/3250 train_time:70.706s step_avg:28.95ms
step:2443/3250 train_time:70.859s step_avg:29.01ms
step:2444/3250 train_time:71.015s step_avg:29.06ms
step:2445/3250 train_time:71.171s step_avg:29.11ms
step:2446/3250 train_time:71.323s step_avg:29.16ms
step:2447/3250 train_time:71.478s step_avg:29.21ms
step:2448/3250 train_time:71.633s step_avg:29.26ms
step:2449/3250 train_time:71.787s step_avg:29.31ms
step:2450/3250 train_time:71.941s step_avg:29.36ms
step:2451/3250 train_time:72.095s step_avg:29.41ms
step:2452/3250 train_time:72.249s step_avg:29.47ms
step:2453/3250 train_time:72.402s step_avg:29.52ms
step:2454/3250 train_time:72.556s step_avg:29.57ms
step:2455/3250 train_time:72.712s step_avg:29.62ms
step:2456/3250 train_time:72.866s step_avg:29.67ms
step:2457/3250 train_time:73.019s step_avg:29.72ms
step:2458/3250 train_time:73.175s step_avg:29.77ms
step:2459/3250 train_time:73.328s step_avg:29.82ms
step:2460/3250 train_time:73.482s step_avg:29.87ms
step:2461/3250 train_time:73.637s step_avg:29.92ms
step:2462/3250 train_time:73.791s step_avg:29.97ms
step:2463/3250 train_time:73.944s step_avg:30.02ms
step:2464/3250 train_time:74.098s step_avg:30.07ms
step:2465/3250 train_time:74.255s step_avg:30.12ms
step:2466/3250 train_time:74.408s step_avg:30.17ms
step:2467/3250 train_time:74.561s step_avg:30.22ms
step:2468/3250 train_time:74.715s step_avg:30.27ms
step:2469/3250 train_time:74.869s step_avg:30.32ms
step:2470/3250 train_time:75.022s step_avg:30.37ms
step:2471/3250 train_time:75.206s step_avg:30.44ms
step:2472/3250 train_time:75.360s step_avg:30.49ms
step:2473/3250 train_time:75.514s step_avg:30.54ms
step:2474/3250 train_time:75.668s step_avg:30.59ms
step:2475/3250 train_time:75.821s step_avg:30.63ms
step:2476/3250 train_time:75.976s step_avg:30.68ms
step:2477/3250 train_time:76.131s step_avg:30.74ms
step:2478/3250 train_time:76.284s step_avg:30.78ms
step:2479/3250 train_time:76.437s step_avg:30.83ms
step:2480/3250 train_time:76.591s step_avg:30.88ms
step:2481/3250 train_time:76.745s step_avg:30.93ms
step:2482/3250 train_time:76.898s step_avg:30.98ms
step:2483/3250 train_time:77.054s step_avg:31.03ms
step:2484/3250 train_time:77.207s step_avg:31.08ms
step:2485/3250 train_time:77.361s step_avg:31.13ms
step:2486/3250 train_time:77.517s step_avg:31.18ms
step:2487/3250 train_time:77.670s step_avg:31.23ms
step:2488/3250 train_time:77.823s step_avg:31.28ms
step:2489/3250 train_time:77.977s step_avg:31.33ms
step:2490/3250 train_time:78.132s step_avg:31.38ms
step:2491/3250 train_time:78.285s step_avg:31.43ms
step:2492/3250 train_time:78.439s step_avg:31.48ms
step:2493/3250 train_time:78.593s step_avg:31.53ms
step:2494/3250 train_time:78.748s step_avg:31.57ms
step:2495/3250 train_time:78.901s step_avg:31.62ms
step:2496/3250 train_time:79.056s step_avg:31.67ms
step:2497/3250 train_time:79.210s step_avg:31.72ms
step:2498/3250 train_time:79.363s step_avg:31.77ms
step:2499/3250 train_time:79.516s step_avg:31.82ms
step:2500/3250 train_time:79.671s step_avg:31.87ms
step:2500/3250 val_loss:3.37190 train_time:79.683s step_avg:154.35ms
step:2501/3250 train_time:79.828s step_avg:31.92ms
step:2502/3250 train_time:79.983s step_avg:31.97ms
step:2503/3250 train_time:80.136s step_avg:32.02ms
step:2504/3250 train_time:80.290s step_avg:32.06ms
step:2505/3250 train_time:80.445s step_avg:32.11ms
step:2506/3250 train_time:80.599s step_avg:32.16ms
step:2507/3250 train_time:80.752s step_avg:32.21ms
step:2508/3250 train_time:80.906s step_avg:32.26ms
step:2509/3250 train_time:81.061s step_avg:32.31ms
step:2510/3250 train_time:81.214s step_avg:32.36ms
step:2511/3250 train_time:81.368s step_avg:32.40ms
step:2512/3250 train_time:81.522s step_avg:32.45ms
step:2513/3250 train_time:81.676s step_avg:32.50ms
step:2514/3250 train_time:81.829s step_avg:32.55ms
step:2515/3250 train_time:81.985s step_avg:32.60ms
step:2516/3250 train_time:82.140s step_avg:32.65ms
step:2517/3250 train_time:82.293s step_avg:32.69ms
step:2518/3250 train_time:82.447s step_avg:32.74ms
step:2519/3250 train_time:82.603s step_avg:32.79ms
step:2520/3250 train_time:82.756s step_avg:32.84ms
step:2521/3250 train_time:82.909s step_avg:32.89ms
step:2522/3250 train_time:83.065s step_avg:32.94ms
step:2523/3250 train_time:83.218s step_avg:32.98ms
step:2524/3250 train_time:83.371s step_avg:33.03ms
step:2525/3250 train_time:83.526s step_avg:33.08ms
step:2526/3250 train_time:83.680s step_avg:33.13ms
step:2527/3250 train_time:83.833s step_avg:33.17ms
step:2528/3250 train_time:83.988s step_avg:33.22ms
step:2529/3250 train_time:84.142s step_avg:33.27ms
step:2530/3250 train_time:84.295s step_avg:33.32ms
step:2531/3250 train_time:84.448s step_avg:33.37ms
step:2532/3250 train_time:84.604s step_avg:33.41ms
step:2533/3250 train_time:84.757s step_avg:33.46ms
step:2534/3250 train_time:84.910s step_avg:33.51ms
step:2535/3250 train_time:85.066s step_avg:33.56ms
step:2536/3250 train_time:85.220s step_avg:33.60ms
step:2537/3250 train_time:85.372s step_avg:33.65ms
step:2538/3250 train_time:85.526s step_avg:33.70ms
step:2539/3250 train_time:85.680s step_avg:33.75ms
step:2540/3250 train_time:85.833s step_avg:33.79ms
step:2541/3250 train_time:85.987s step_avg:33.84ms
step:2542/3250 train_time:86.142s step_avg:33.89ms
step:2543/3250 train_time:86.295s step_avg:33.93ms
step:2544/3250 train_time:86.448s step_avg:33.98ms
step:2545/3250 train_time:86.604s step_avg:34.03ms
step:2546/3250 train_time:86.758s step_avg:34.08ms
step:2547/3250 train_time:86.911s step_avg:34.12ms
step:2548/3250 train_time:87.066s step_avg:34.17ms
step:2549/3250 train_time:87.221s step_avg:34.22ms
step:2550/3250 train_time:87.373s step_avg:34.26ms
step:2551/3250 train_time:87.528s step_avg:34.31ms
step:2552/3250 train_time:87.684s step_avg:34.36ms
step:2553/3250 train_time:87.837s step_avg:34.41ms
step:2554/3250 train_time:87.991s step_avg:34.45ms
step:2555/3250 train_time:88.146s step_avg:34.50ms
step:2556/3250 train_time:88.300s step_avg:34.55ms
step:2557/3250 train_time:88.453s step_avg:34.59ms
step:2558/3250 train_time:88.607s step_avg:34.64ms
step:2559/3250 train_time:88.762s step_avg:34.69ms
step:2560/3250 train_time:88.914s step_avg:34.73ms
step:2561/3250 train_time:89.068s step_avg:34.78ms
step:2562/3250 train_time:89.222s step_avg:34.83ms
step:2563/3250 train_time:89.376s step_avg:34.87ms
step:2564/3250 train_time:89.530s step_avg:34.92ms
step:2565/3250 train_time:89.685s step_avg:34.97ms
step:2566/3250 train_time:89.839s step_avg:35.01ms
step:2567/3250 train_time:89.992s step_avg:35.06ms
step:2568/3250 train_time:90.147s step_avg:35.10ms
step:2569/3250 train_time:90.304s step_avg:35.15ms
step:2570/3250 train_time:90.457s step_avg:35.20ms
step:2571/3250 train_time:90.611s step_avg:35.24ms
step:2572/3250 train_time:90.767s step_avg:35.29ms
step:2573/3250 train_time:90.920s step_avg:35.34ms
step:2574/3250 train_time:91.073s step_avg:35.38ms
step:2575/3250 train_time:91.226s step_avg:35.43ms
step:2576/3250 train_time:91.382s step_avg:35.47ms
step:2577/3250 train_time:91.535s step_avg:35.52ms
step:2578/3250 train_time:91.689s step_avg:35.57ms
step:2579/3250 train_time:91.844s step_avg:35.61ms
step:2580/3250 train_time:91.998s step_avg:35.66ms
step:2581/3250 train_time:92.151s step_avg:35.70ms
step:2582/3250 train_time:92.305s step_avg:35.75ms
step:2583/3250 train_time:92.460s step_avg:35.80ms
step:2584/3250 train_time:92.614s step_avg:35.84ms
step:2585/3250 train_time:92.768s step_avg:35.89ms
step:2586/3250 train_time:92.922s step_avg:35.93ms
step:2587/3250 train_time:93.076s step_avg:35.98ms
step:2588/3250 train_time:93.229s step_avg:36.02ms
step:2589/3250 train_time:93.385s step_avg:36.07ms
step:2590/3250 train_time:93.540s step_avg:36.12ms
step:2591/3250 train_time:93.693s step_avg:36.16ms
step:2592/3250 train_time:93.847s step_avg:36.21ms
step:2593/3250 train_time:94.003s step_avg:36.25ms
step:2594/3250 train_time:94.156s step_avg:36.30ms
step:2595/3250 train_time:94.309s step_avg:36.34ms
step:2596/3250 train_time:94.465s step_avg:36.39ms
step:2597/3250 train_time:94.619s step_avg:36.43ms
step:2598/3250 train_time:94.772s step_avg:36.48ms
step:2599/3250 train_time:94.926s step_avg:36.52ms
step:2600/3250 train_time:95.082s step_avg:36.57ms
step:2601/3250 train_time:95.236s step_avg:36.62ms
step:2602/3250 train_time:95.390s step_avg:36.66ms
step:2603/3250 train_time:95.545s step_avg:36.71ms
step:2604/3250 train_time:95.700s step_avg:36.75ms
step:2605/3250 train_time:95.852s step_avg:36.80ms
step:2606/3250 train_time:96.006s step_avg:36.84ms
step:2607/3250 train_time:96.161s step_avg:36.89ms
step:2608/3250 train_time:96.314s step_avg:36.93ms
step:2609/3250 train_time:96.468s step_avg:36.98ms
step:2610/3250 train_time:96.623s step_avg:37.02ms
step:2611/3250 train_time:96.777s step_avg:37.07ms
step:2612/3250 train_time:96.930s step_avg:37.11ms
step:2613/3250 train_time:97.085s step_avg:37.15ms
step:2614/3250 train_time:97.239s step_avg:37.20ms
step:2615/3250 train_time:97.393s step_avg:37.24ms
step:2616/3250 train_time:97.547s step_avg:37.29ms
step:2617/3250 train_time:97.702s step_avg:37.33ms
step:2618/3250 train_time:97.856s step_avg:37.38ms
step:2619/3250 train_time:98.010s step_avg:37.42ms
step:2620/3250 train_time:98.165s step_avg:37.47ms
step:2621/3250 train_time:98.319s step_avg:37.51ms
step:2622/3250 train_time:98.472s step_avg:37.56ms
step:2623/3250 train_time:98.627s step_avg:37.60ms
step:2624/3250 train_time:98.782s step_avg:37.65ms
step:2625/3250 train_time:98.935s step_avg:37.69ms
step:2625/3250 val_loss:3.35279 train_time:98.947s step_avg:154.11ms
step:2626/3250 train_time:99.094s step_avg:37.74ms
step:2627/3250 train_time:99.247s step_avg:37.78ms
step:2628/3250 train_time:99.401s step_avg:37.82ms
step:2629/3250 train_time:99.554s step_avg:37.87ms
step:2630/3250 train_time:99.709s step_avg:37.91ms
step:2631/3250 train_time:99.862s step_avg:37.96ms
step:2632/3250 train_time:100.017s step_avg:38.00ms
step:2633/3250 train_time:100.171s step_avg:38.04ms
step:2634/3250 train_time:100.324s step_avg:38.09ms
step:2635/3250 train_time:100.479s step_avg:38.13ms
step:2636/3250 train_time:100.635s step_avg:38.18ms
step:2637/3250 train_time:100.789s step_avg:38.22ms
step:2638/3250 train_time:100.942s step_avg:38.26ms
step:2639/3250 train_time:101.097s step_avg:38.31ms
step:2640/3250 train_time:101.251s step_avg:38.35ms
step:2641/3250 train_time:101.404s step_avg:38.40ms
step:2642/3250 train_time:101.558s step_avg:38.44ms
step:2643/3250 train_time:101.714s step_avg:38.48ms
step:2644/3250 train_time:101.867s step_avg:38.53ms
step:2645/3250 train_time:102.021s step_avg:38.57ms
step:2646/3250 train_time:102.177s step_avg:38.62ms
step:2647/3250 train_time:102.332s step_avg:38.66ms
step:2648/3250 train_time:102.485s step_avg:38.70ms
step:2649/3250 train_time:102.638s step_avg:38.75ms
step:2650/3250 train_time:102.794s step_avg:38.79ms
step:2651/3250 train_time:102.947s step_avg:38.83ms
step:2652/3250 train_time:103.100s step_avg:38.88ms
step:2653/3250 train_time:103.255s step_avg:38.92ms
step:2654/3250 train_time:103.410s step_avg:38.96ms
step:2655/3250 train_time:103.562s step_avg:39.01ms
step:2656/3250 train_time:103.717s step_avg:39.05ms
step:2657/3250 train_time:103.873s step_avg:39.09ms
step:2658/3250 train_time:104.026s step_avg:39.14ms
step:2659/3250 train_time:104.179s step_avg:39.18ms
step:2660/3250 train_time:104.335s step_avg:39.22ms
step:2661/3250 train_time:104.522s step_avg:39.28ms
step:2662/3250 train_time:104.676s step_avg:39.32ms
step:2663/3250 train_time:104.830s step_avg:39.37ms
step:2664/3250 train_time:104.983s step_avg:39.41ms
step:2665/3250 train_time:105.137s step_avg:39.45ms
step:2666/3250 train_time:105.293s step_avg:39.49ms
step:2667/3250 train_time:105.446s step_avg:39.54ms
step:2668/3250 train_time:105.600s step_avg:39.58ms
step:2669/3250 train_time:105.754s step_avg:39.62ms
step:2670/3250 train_time:105.908s step_avg:39.67ms
step:2671/3250 train_time:106.061s step_avg:39.71ms
step:2672/3250 train_time:106.216s step_avg:39.75ms
step:2673/3250 train_time:106.372s step_avg:39.79ms
step:2674/3250 train_time:106.526s step_avg:39.84ms
step:2675/3250 train_time:106.679s step_avg:39.88ms
step:2676/3250 train_time:106.835s step_avg:39.92ms
step:2677/3250 train_time:106.989s step_avg:39.97ms
step:2678/3250 train_time:107.142s step_avg:40.01ms
step:2679/3250 train_time:107.298s step_avg:40.05ms
step:2680/3250 train_time:107.453s step_avg:40.09ms
step:2681/3250 train_time:107.606s step_avg:40.14ms
step:2682/3250 train_time:107.759s step_avg:40.18ms
step:2683/3250 train_time:107.915s step_avg:40.22ms
step:2684/3250 train_time:108.069s step_avg:40.26ms
step:2685/3250 train_time:108.222s step_avg:40.31ms
step:2686/3250 train_time:108.378s step_avg:40.35ms
step:2687/3250 train_time:108.532s step_avg:40.39ms
step:2688/3250 train_time:108.686s step_avg:40.43ms
step:2689/3250 train_time:108.839s step_avg:40.48ms
step:2690/3250 train_time:108.995s step_avg:40.52ms
step:2691/3250 train_time:109.148s step_avg:40.56ms
step:2692/3250 train_time:109.301s step_avg:40.60ms
step:2693/3250 train_time:109.456s step_avg:40.64ms
step:2694/3250 train_time:109.611s step_avg:40.69ms
step:2695/3250 train_time:109.763s step_avg:40.73ms
step:2696/3250 train_time:109.917s step_avg:40.77ms
step:2697/3250 train_time:110.071s step_avg:40.81ms
step:2698/3250 train_time:110.224s step_avg:40.85ms
step:2699/3250 train_time:110.378s step_avg:40.90ms
step:2700/3250 train_time:110.537s step_avg:40.94ms
step:2701/3250 train_time:110.691s step_avg:40.98ms
step:2702/3250 train_time:110.846s step_avg:41.02ms
step:2703/3250 train_time:110.999s step_avg:41.07ms
step:2704/3250 train_time:111.154s step_avg:41.11ms
step:2705/3250 train_time:111.307s step_avg:41.15ms
step:2706/3250 train_time:111.461s step_avg:41.19ms
step:2707/3250 train_time:111.616s step_avg:41.23ms
step:2708/3250 train_time:111.770s step_avg:41.27ms
step:2709/3250 train_time:111.924s step_avg:41.32ms
step:2710/3250 train_time:112.078s step_avg:41.36ms
step:2711/3250 train_time:112.232s step_avg:41.40ms
step:2712/3250 train_time:112.385s step_avg:41.44ms
step:2713/3250 train_time:112.538s step_avg:41.48ms
step:2714/3250 train_time:112.693s step_avg:41.52ms
step:2715/3250 train_time:112.846s step_avg:41.56ms
step:2716/3250 train_time:113.000s step_avg:41.61ms
step:2717/3250 train_time:113.153s step_avg:41.65ms
step:2718/3250 train_time:113.306s step_avg:41.69ms
step:2719/3250 train_time:113.460s step_avg:41.73ms
step:2720/3250 train_time:113.615s step_avg:41.77ms
step:2721/3250 train_time:113.768s step_avg:41.81ms
step:2722/3250 train_time:113.922s step_avg:41.85ms
step:2723/3250 train_time:114.077s step_avg:41.89ms
step:2724/3250 train_time:114.232s step_avg:41.94ms
step:2725/3250 train_time:114.385s step_avg:41.98ms
step:2726/3250 train_time:114.538s step_avg:42.02ms
step:2727/3250 train_time:114.693s step_avg:42.06ms
step:2728/3250 train_time:114.846s step_avg:42.10ms
step:2729/3250 train_time:114.999s step_avg:42.14ms
step:2730/3250 train_time:115.154s step_avg:42.18ms
step:2731/3250 train_time:115.307s step_avg:42.22ms
step:2732/3250 train_time:115.460s step_avg:42.26ms
step:2733/3250 train_time:115.616s step_avg:42.30ms
step:2734/3250 train_time:115.770s step_avg:42.34ms
step:2735/3250 train_time:115.923s step_avg:42.39ms
step:2736/3250 train_time:116.077s step_avg:42.43ms
step:2737/3250 train_time:116.232s step_avg:42.47ms
step:2738/3250 train_time:116.385s step_avg:42.51ms
step:2739/3250 train_time:116.539s step_avg:42.55ms
step:2740/3250 train_time:116.693s step_avg:42.59ms
step:2741/3250 train_time:116.846s step_avg:42.63ms
step:2742/3250 train_time:117.000s step_avg:42.67ms
step:2743/3250 train_time:117.154s step_avg:42.71ms
step:2744/3250 train_time:117.309s step_avg:42.75ms
step:2745/3250 train_time:117.462s step_avg:42.79ms
step:2746/3250 train_time:117.617s step_avg:42.83ms
step:2747/3250 train_time:117.771s step_avg:42.87ms
step:2748/3250 train_time:117.924s step_avg:42.91ms
step:2749/3250 train_time:118.079s step_avg:42.95ms
step:2750/3250 train_time:118.234s step_avg:42.99ms
step:2750/3250 val_loss:3.33485 train_time:118.246s step_avg:154.39ms
step:2751/3250 train_time:119.266s step_avg:43.35ms
ARM_EXIT=0 req027_b1x_bimax_s1
