W0831 14:22:43.382000 9331 torch/distributed/run.py:852] 
W0831 14:22:43.382000 9331 torch/distributed/run.py:852] *****************************************
W0831 14:22:43.382000 9331 torch/distributed/run.py:852] Setting OMP_NUM_THREADS environment variable for each process to be 1 in default, to avoid your system being overloaded, please further tune the variable for optimal performance in your application as needed. 
W0831 14:22:43.382000 9331 torch/distributed/run.py:852] *****************************************
logs/0ee032a5-16a8-4b81-a314-6058900bb8b9.txt
resumed training state from step 2000 in eos_shared_state, skipped 500 batches
step:0/3250 val_loss:3.44373 train_time:0.001s step_avg:nanms
step:2001/3250 train_time:2.884s step_avg:1.44ms
step:2002/3250 train_time:3.443s step_avg:1.72ms
step:2003/3250 train_time:4.031s step_avg:2.01ms
step:2004/3250 train_time:4.601s step_avg:2.30ms
step:2005/3250 train_time:5.185s step_avg:2.59ms
step:2006/3250 train_time:5.761s step_avg:2.87ms
step:2007/3250 train_time:6.343s step_avg:3.16ms
step:2008/3250 train_time:6.921s step_avg:3.45ms
step:2009/3250 train_time:7.502s step_avg:3.73ms
step:2010/3250 train_time:8.082s step_avg:4.02ms
step:2011/3250 train_time:8.664s step_avg:4.31ms
step:2012/3250 train_time:9.244s step_avg:4.59ms
step:2013/3250 train_time:9.823s step_avg:4.88ms
step:2014/3250 train_time:10.405s step_avg:5.17ms
step:2015/3250 train_time:10.984s step_avg:5.45ms
step:2016/3250 train_time:11.564s step_avg:5.74ms
step:2017/3250 train_time:12.144s step_avg:6.02ms
step:2018/3250 train_time:12.755s step_avg:6.32ms
step:2019/3250 train_time:13.338s step_avg:6.61ms
step:2020/3250 train_time:13.919s step_avg:6.89ms
step:2021/3250 train_time:14.503s step_avg:7.18ms
step:2022/3250 train_time:15.083s step_avg:7.46ms
step:2023/3250 train_time:15.665s step_avg:7.74ms
step:2024/3250 train_time:16.245s step_avg:8.03ms
step:2025/3250 train_time:16.824s step_avg:8.31ms
step:2026/3250 train_time:17.405s step_avg:8.59ms
step:2027/3250 train_time:17.985s step_avg:8.87ms
step:2028/3250 train_time:18.565s step_avg:9.15ms
step:2029/3250 train_time:19.145s step_avg:9.44ms
step:2030/3250 train_time:19.725s step_avg:9.72ms
step:2031/3250 train_time:20.304s step_avg:10.00ms
step:2032/3250 train_time:20.885s step_avg:10.28ms
step:2033/3250 train_time:21.465s step_avg:10.56ms
step:2034/3250 train_time:22.045s step_avg:10.84ms
step:2035/3250 train_time:22.624s step_avg:11.12ms
step:2036/3250 train_time:23.203s step_avg:11.40ms
step:2037/3250 train_time:23.785s step_avg:11.68ms
step:2038/3250 train_time:24.365s step_avg:11.96ms
step:2039/3250 train_time:24.944s step_avg:12.23ms
step:2040/3250 train_time:25.524s step_avg:12.51ms
step:2041/3250 train_time:26.104s step_avg:12.79ms
step:2042/3250 train_time:26.685s step_avg:13.07ms
step:2043/3250 train_time:27.265s step_avg:13.35ms
step:2044/3250 train_time:27.844s step_avg:13.62ms
step:2045/3250 train_time:28.425s step_avg:13.90ms
step:2046/3250 train_time:29.004s step_avg:14.18ms
step:2047/3250 train_time:29.585s step_avg:14.45ms
step:2048/3250 train_time:30.164s step_avg:14.73ms
step:2049/3250 train_time:30.745s step_avg:15.00ms
step:2050/3250 train_time:31.325s step_avg:15.28ms
step:2051/3250 train_time:31.905s step_avg:15.56ms
step:2052/3250 train_time:32.485s step_avg:15.83ms
step:2053/3250 train_time:33.065s step_avg:16.11ms
step:2054/3250 train_time:33.645s step_avg:16.38ms
step:2055/3250 train_time:34.225s step_avg:16.65ms
step:2056/3250 train_time:34.805s step_avg:16.93ms
step:2057/3250 train_time:35.385s step_avg:17.20ms
step:2058/3250 train_time:35.964s step_avg:17.48ms
step:2059/3250 train_time:36.545s step_avg:17.75ms
step:2060/3250 train_time:37.126s step_avg:18.02ms
step:2061/3250 train_time:37.704s step_avg:18.29ms
step:2062/3250 train_time:38.286s step_avg:18.57ms
step:2063/3250 train_time:38.865s step_avg:18.84ms
step:2064/3250 train_time:39.445s step_avg:19.11ms
step:2065/3250 train_time:40.060s step_avg:19.40ms
step:2066/3250 train_time:40.650s step_avg:19.68ms
step:2067/3250 train_time:41.222s step_avg:19.94ms
step:2068/3250 train_time:41.808s step_avg:20.22ms
step:2069/3250 train_time:42.384s step_avg:20.49ms
step:2070/3250 train_time:42.966s step_avg:20.76ms
step:2071/3250 train_time:43.545s step_avg:21.03ms
step:2072/3250 train_time:44.125s step_avg:21.30ms
step:2073/3250 train_time:44.706s step_avg:21.57ms
step:2074/3250 train_time:45.286s step_avg:21.84ms
step:2075/3250 train_time:45.865s step_avg:22.10ms
step:2076/3250 train_time:46.443s step_avg:22.37ms
step:2077/3250 train_time:47.025s step_avg:22.64ms
step:2078/3250 train_time:47.604s step_avg:22.91ms
step:2079/3250 train_time:48.184s step_avg:23.18ms
step:2080/3250 train_time:48.765s step_avg:23.44ms
step:2081/3250 train_time:49.344s step_avg:23.71ms
step:2082/3250 train_time:49.925s step_avg:23.98ms
step:2083/3250 train_time:50.504s step_avg:24.25ms
step:2084/3250 train_time:51.085s step_avg:24.51ms
step:2085/3250 train_time:51.664s step_avg:24.78ms
step:2086/3250 train_time:52.245s step_avg:25.05ms
step:2087/3250 train_time:52.825s step_avg:25.31ms
step:2088/3250 train_time:53.404s step_avg:25.58ms
step:2089/3250 train_time:53.987s step_avg:25.84ms
step:2090/3250 train_time:54.565s step_avg:26.11ms
step:2091/3250 train_time:55.145s step_avg:26.37ms
step:2092/3250 train_time:55.725s step_avg:26.64ms
step:2093/3250 train_time:56.304s step_avg:26.90ms
step:2094/3250 train_time:56.885s step_avg:27.17ms
step:2095/3250 train_time:57.465s step_avg:27.43ms
step:2096/3250 train_time:58.046s step_avg:27.69ms
step:2097/3250 train_time:58.627s step_avg:27.96ms
step:2098/3250 train_time:59.204s step_avg:28.22ms
step:2099/3250 train_time:59.785s step_avg:28.48ms
step:2100/3250 train_time:60.364s step_avg:28.74ms
step:2101/3250 train_time:60.945s step_avg:29.01ms
step:2102/3250 train_time:61.524s step_avg:29.27ms
step:2103/3250 train_time:62.104s step_avg:29.53ms
step:2104/3250 train_time:62.684s step_avg:29.79ms
step:2105/3250 train_time:63.264s step_avg:30.05ms
step:2106/3250 train_time:63.846s step_avg:30.32ms
step:2107/3250 train_time:64.424s step_avg:30.58ms
step:2108/3250 train_time:65.004s step_avg:30.84ms
step:2109/3250 train_time:65.585s step_avg:31.10ms
step:2110/3250 train_time:66.164s step_avg:31.36ms
step:2111/3250 train_time:66.745s step_avg:31.62ms
step:2112/3250 train_time:67.355s step_avg:31.89ms
step:2113/3250 train_time:67.941s step_avg:32.15ms
step:2114/3250 train_time:68.521s step_avg:32.41ms
step:2115/3250 train_time:69.104s step_avg:32.67ms
step:2116/3250 train_time:69.685s step_avg:32.93ms
step:2117/3250 train_time:70.266s step_avg:33.19ms
step:2118/3250 train_time:70.846s step_avg:33.45ms
step:2119/3250 train_time:71.426s step_avg:33.71ms
step:2120/3250 train_time:72.005s step_avg:33.96ms
step:2121/3250 train_time:72.585s step_avg:34.22ms
step:2122/3250 train_time:73.165s step_avg:34.48ms
step:2123/3250 train_time:73.746s step_avg:34.74ms
step:2124/3250 train_time:74.326s step_avg:34.99ms
step:2125/3250 train_time:74.905s step_avg:35.25ms
step:2125/3250 val_loss:3.34675 train_time:74.917s step_avg:35.25ms
step:2126/3250 train_time:75.492s step_avg:35.51ms
step:2127/3250 train_time:76.073s step_avg:35.77ms
step:2128/3250 train_time:76.654s step_avg:36.02ms
step:2129/3250 train_time:77.237s step_avg:36.28ms
step:2130/3250 train_time:77.816s step_avg:36.53ms
step:2131/3250 train_time:78.396s step_avg:36.79ms
step:2132/3250 train_time:78.975s step_avg:37.04ms
step:2133/3250 train_time:79.558s step_avg:37.30ms
step:2134/3250 train_time:80.135s step_avg:37.55ms
step:2135/3250 train_time:80.718s step_avg:37.81ms
step:2136/3250 train_time:81.295s step_avg:38.06ms
step:2137/3250 train_time:81.875s step_avg:38.31ms
step:2138/3250 train_time:82.455s step_avg:38.57ms
step:2139/3250 train_time:83.035s step_avg:38.82ms
step:2140/3250 train_time:83.616s step_avg:39.07ms
step:2141/3250 train_time:84.195s step_avg:39.33ms
step:2142/3250 train_time:84.777s step_avg:39.58ms
step:2143/3250 train_time:85.355s step_avg:39.83ms
step:2144/3250 train_time:85.935s step_avg:40.08ms
step:2145/3250 train_time:86.515s step_avg:40.33ms
step:2146/3250 train_time:87.095s step_avg:40.58ms
step:2147/3250 train_time:87.676s step_avg:40.84ms
step:2148/3250 train_time:88.255s step_avg:41.09ms
step:2149/3250 train_time:88.834s step_avg:41.34ms
step:2150/3250 train_time:89.416s step_avg:41.59ms
step:2151/3250 train_time:89.995s step_avg:41.84ms
step:2152/3250 train_time:90.576s step_avg:42.09ms
step:2153/3250 train_time:91.157s step_avg:42.34ms
step:2154/3250 train_time:91.736s step_avg:42.59ms
step:2155/3250 train_time:92.318s step_avg:42.84ms
step:2156/3250 train_time:92.896s step_avg:43.09ms
step:2157/3250 train_time:93.478s step_avg:43.34ms
step:2158/3250 train_time:94.055s step_avg:43.58ms
step:2159/3250 train_time:94.670s step_avg:43.85ms
step:2160/3250 train_time:95.261s step_avg:44.10ms
step:2161/3250 train_time:95.833s step_avg:44.35ms
step:2162/3250 train_time:96.419s step_avg:44.60ms
step:2163/3250 train_time:96.994s step_avg:44.84ms
step:2164/3250 train_time:97.580s step_avg:45.09ms
step:2165/3250 train_time:98.156s step_avg:45.34ms
step:2166/3250 train_time:98.737s step_avg:45.58ms
step:2167/3250 train_time:99.318s step_avg:45.83ms
step:2168/3250 train_time:99.897s step_avg:46.08ms
step:2169/3250 train_time:100.476s step_avg:46.32ms
step:2170/3250 train_time:101.054s step_avg:46.57ms
step:2171/3250 train_time:101.635s step_avg:46.81ms
step:2172/3250 train_time:102.214s step_avg:47.06ms
step:2173/3250 train_time:102.795s step_avg:47.31ms
step:2174/3250 train_time:103.376s step_avg:47.55ms
step:2175/3250 train_time:103.956s step_avg:47.80ms
step:2176/3250 train_time:104.535s step_avg:48.04ms
step:2177/3250 train_time:105.116s step_avg:48.28ms
step:2178/3250 train_time:105.696s step_avg:48.53ms
step:2179/3250 train_time:106.275s step_avg:48.77ms
step:2180/3250 train_time:106.856s step_avg:49.02ms
step:2181/3250 train_time:107.436s step_avg:49.26ms
step:2182/3250 train_time:108.017s step_avg:49.50ms
step:2183/3250 train_time:108.595s step_avg:49.75ms
step:2184/3250 train_time:109.175s step_avg:49.99ms
step:2185/3250 train_time:109.755s step_avg:50.23ms
step:2186/3250 train_time:110.335s step_avg:50.47ms
step:2187/3250 train_time:110.915s step_avg:50.72ms
step:2188/3250 train_time:111.495s step_avg:50.96ms
step:2189/3250 train_time:112.075s step_avg:51.20ms
step:2190/3250 train_time:112.656s step_avg:51.44ms
step:2191/3250 train_time:113.235s step_avg:51.68ms
step:2192/3250 train_time:113.817s step_avg:51.92ms
step:2193/3250 train_time:114.397s step_avg:52.16ms
step:2194/3250 train_time:114.977s step_avg:52.41ms
step:2195/3250 train_time:115.556s step_avg:52.65ms
step:2196/3250 train_time:116.135s step_avg:52.88ms
step:2197/3250 train_time:116.716s step_avg:53.13ms
step:2198/3250 train_time:117.295s step_avg:53.36ms
step:2199/3250 train_time:117.876s step_avg:53.60ms
step:2200/3250 train_time:118.456s step_avg:53.84ms
step:2201/3250 train_time:119.035s step_avg:54.08ms
step:2202/3250 train_time:119.617s step_avg:54.32ms
step:2203/3250 train_time:120.195s step_avg:54.56ms
step:2204/3250 train_time:120.776s step_avg:54.80ms
step:2205/3250 train_time:121.355s step_avg:55.04ms
step:2206/3250 train_time:121.969s step_avg:55.29ms
step:2207/3250 train_time:122.560s step_avg:55.53ms
step:2208/3250 train_time:123.133s step_avg:55.77ms
step:2209/3250 train_time:123.718s step_avg:56.01ms
step:2210/3250 train_time:124.295s step_avg:56.24ms
step:2211/3250 train_time:124.876s step_avg:56.48ms
step:2212/3250 train_time:125.455s step_avg:56.72ms
step:2213/3250 train_time:126.036s step_avg:56.95ms
step:2214/3250 train_time:126.616s step_avg:57.19ms
step:2215/3250 train_time:127.196s step_avg:57.42ms
step:2216/3250 train_time:127.777s step_avg:57.66ms
step:2217/3250 train_time:128.355s step_avg:57.90ms
step:2218/3250 train_time:128.936s step_avg:58.13ms
step:2219/3250 train_time:129.517s step_avg:58.37ms
step:2220/3250 train_time:130.097s step_avg:58.60ms
step:2221/3250 train_time:130.675s step_avg:58.84ms
step:2222/3250 train_time:131.257s step_avg:59.07ms
step:2223/3250 train_time:131.836s step_avg:59.31ms
step:2224/3250 train_time:132.419s step_avg:59.54ms
step:2225/3250 train_time:132.997s step_avg:59.77ms
step:2226/3250 train_time:133.577s step_avg:60.01ms
step:2227/3250 train_time:134.155s step_avg:60.24ms
step:2228/3250 train_time:134.736s step_avg:60.47ms
step:2229/3250 train_time:135.316s step_avg:60.71ms
step:2230/3250 train_time:135.896s step_avg:60.94ms
step:2231/3250 train_time:136.475s step_avg:61.17ms
step:2232/3250 train_time:137.056s step_avg:61.40ms
step:2233/3250 train_time:137.635s step_avg:61.64ms
step:2234/3250 train_time:138.219s step_avg:61.87ms
step:2235/3250 train_time:138.795s step_avg:62.10ms
step:2236/3250 train_time:139.377s step_avg:62.33ms
step:2237/3250 train_time:139.957s step_avg:62.56ms
step:2238/3250 train_time:140.536s step_avg:62.80ms
step:2239/3250 train_time:141.116s step_avg:63.03ms
step:2240/3250 train_time:141.696s step_avg:63.26ms
step:2241/3250 train_time:142.275s step_avg:63.49ms
step:2242/3250 train_time:142.856s step_avg:63.72ms
step:2243/3250 train_time:143.435s step_avg:63.95ms
step:2244/3250 train_time:144.016s step_avg:64.18ms
step:2245/3250 train_time:144.595s step_avg:64.41ms
step:2246/3250 train_time:145.176s step_avg:64.64ms
step:2247/3250 train_time:145.756s step_avg:64.87ms
step:2248/3250 train_time:146.336s step_avg:65.10ms
step:2249/3250 train_time:146.917s step_avg:65.33ms
step:2250/3250 train_time:147.496s step_avg:65.55ms
step:2250/3250 val_loss:3.31655 train_time:147.508s step_avg:580.73ms
step:2251/3250 train_time:148.082s step_avg:65.78ms
step:2252/3250 train_time:148.662s step_avg:66.01ms
step:2253/3250 train_time:149.278s step_avg:66.26ms
step:2254/3250 train_time:149.866s step_avg:66.49ms
step:2255/3250 train_time:150.441s step_avg:66.71ms
step:2256/3250 train_time:151.025s step_avg:66.94ms
step:2257/3250 train_time:151.603s step_avg:67.17ms
step:2258/3250 train_time:152.185s step_avg:67.40ms
step:2259/3250 train_time:152.764s step_avg:67.62ms
step:2260/3250 train_time:153.344s step_avg:67.85ms
step:2261/3250 train_time:153.924s step_avg:68.08ms
step:2262/3250 train_time:154.503s step_avg:68.30ms
step:2263/3250 train_time:155.084s step_avg:68.53ms
step:2264/3250 train_time:155.663s step_avg:68.76ms
step:2265/3250 train_time:156.245s step_avg:68.98ms
step:2266/3250 train_time:156.824s step_avg:69.21ms
step:2267/3250 train_time:157.404s step_avg:69.43ms
step:2268/3250 train_time:157.986s step_avg:69.66ms
step:2269/3250 train_time:158.565s step_avg:69.88ms
step:2270/3250 train_time:159.145s step_avg:70.11ms
step:2271/3250 train_time:159.725s step_avg:70.33ms
step:2272/3250 train_time:160.306s step_avg:70.56ms
step:2273/3250 train_time:160.885s step_avg:70.78ms
step:2274/3250 train_time:161.465s step_avg:71.01ms
step:2275/3250 train_time:162.044s step_avg:71.23ms
step:2276/3250 train_time:162.625s step_avg:71.45ms
step:2277/3250 train_time:163.205s step_avg:71.68ms
step:2278/3250 train_time:163.785s step_avg:71.90ms
step:2279/3250 train_time:164.364s step_avg:72.12ms
step:2280/3250 train_time:164.946s step_avg:72.34ms
step:2281/3250 train_time:165.525s step_avg:72.57ms
step:2282/3250 train_time:166.104s step_avg:72.79ms
step:2283/3250 train_time:166.684s step_avg:73.01ms
step:2284/3250 train_time:167.263s step_avg:73.23ms
step:2285/3250 train_time:167.845s step_avg:73.46ms
step:2286/3250 train_time:168.424s step_avg:73.68ms
step:2287/3250 train_time:169.004s step_avg:73.90ms
step:2288/3250 train_time:169.584s step_avg:74.12ms
step:2289/3250 train_time:170.163s step_avg:74.34ms
step:2290/3250 train_time:170.744s step_avg:74.56ms
step:2291/3250 train_time:171.323s step_avg:74.78ms
step:2292/3250 train_time:171.906s step_avg:75.00ms
step:2293/3250 train_time:172.486s step_avg:75.22ms
step:2294/3250 train_time:173.065s step_avg:75.44ms
step:2295/3250 train_time:173.646s step_avg:75.66ms
step:2296/3250 train_time:174.225s step_avg:75.88ms
step:2297/3250 train_time:174.805s step_avg:76.10ms
step:2298/3250 train_time:175.386s step_avg:76.32ms
step:2299/3250 train_time:175.963s step_avg:76.54ms
step:2300/3250 train_time:176.576s step_avg:76.77ms
step:2301/3250 train_time:177.162s step_avg:76.99ms
step:2302/3250 train_time:177.740s step_avg:77.21ms
step:2303/3250 train_time:178.326s step_avg:77.43ms
step:2304/3250 train_time:178.902s step_avg:77.65ms
step:2305/3250 train_time:179.485s step_avg:77.87ms
step:2306/3250 train_time:180.064s step_avg:78.08ms
step:2307/3250 train_time:180.644s step_avg:78.30ms
step:2308/3250 train_time:181.224s step_avg:78.52ms
step:2309/3250 train_time:181.805s step_avg:78.74ms
step:2310/3250 train_time:182.385s step_avg:78.95ms
step:2311/3250 train_time:182.963s step_avg:79.17ms
step:2312/3250 train_time:183.545s step_avg:79.39ms
step:2313/3250 train_time:184.124s step_avg:79.60ms
step:2314/3250 train_time:184.704s step_avg:79.82ms
step:2315/3250 train_time:185.284s step_avg:80.04ms
step:2316/3250 train_time:185.864s step_avg:80.25ms
step:2317/3250 train_time:186.445s step_avg:80.47ms
step:2318/3250 train_time:187.024s step_avg:80.68ms
step:2319/3250 train_time:187.605s step_avg:80.90ms
step:2320/3250 train_time:188.184s step_avg:81.11ms
step:2321/3250 train_time:188.764s step_avg:81.33ms
step:2322/3250 train_time:189.344s step_avg:81.54ms
step:2323/3250 train_time:189.924s step_avg:81.76ms
step:2324/3250 train_time:190.505s step_avg:81.97ms
step:2325/3250 train_time:191.084s step_avg:82.19ms
step:2326/3250 train_time:191.664s step_avg:82.40ms
step:2327/3250 train_time:192.244s step_avg:82.61ms
step:2328/3250 train_time:192.824s step_avg:82.83ms
step:2329/3250 train_time:193.404s step_avg:83.04ms
step:2330/3250 train_time:193.984s step_avg:83.26ms
step:2331/3250 train_time:194.564s step_avg:83.47ms
step:2332/3250 train_time:195.145s step_avg:83.68ms
step:2333/3250 train_time:195.724s step_avg:83.89ms
step:2334/3250 train_time:196.304s step_avg:84.11ms
step:2335/3250 train_time:196.884s step_avg:84.32ms
step:2336/3250 train_time:197.463s step_avg:84.53ms
step:2337/3250 train_time:198.043s step_avg:84.74ms
step:2338/3250 train_time:198.623s step_avg:84.95ms
step:2339/3250 train_time:199.204s step_avg:85.17ms
step:2340/3250 train_time:199.783s step_avg:85.38ms
step:2341/3250 train_time:200.363s step_avg:85.59ms
step:2342/3250 train_time:200.944s step_avg:85.80ms
step:2343/3250 train_time:201.524s step_avg:86.01ms
step:2344/3250 train_time:202.105s step_avg:86.22ms
step:2345/3250 train_time:202.685s step_avg:86.43ms
step:2346/3250 train_time:203.263s step_avg:86.64ms
step:2347/3250 train_time:203.875s step_avg:86.87ms
step:2348/3250 train_time:204.462s step_avg:87.08ms
step:2349/3250 train_time:205.040s step_avg:87.29ms
step:2350/3250 train_time:205.626s step_avg:87.50ms
step:2351/3250 train_time:206.202s step_avg:87.71ms
step:2352/3250 train_time:206.784s step_avg:87.92ms
step:2353/3250 train_time:207.363s step_avg:88.13ms
step:2354/3250 train_time:207.944s step_avg:88.34ms
step:2355/3250 train_time:208.524s step_avg:88.55ms
step:2356/3250 train_time:209.103s step_avg:88.75ms
step:2357/3250 train_time:209.684s step_avg:88.96ms
step:2358/3250 train_time:210.263s step_avg:89.17ms
step:2359/3250 train_time:210.844s step_avg:89.38ms
step:2360/3250 train_time:211.423s step_avg:89.59ms
step:2361/3250 train_time:212.005s step_avg:89.79ms
step:2362/3250 train_time:212.584s step_avg:90.00ms
step:2363/3250 train_time:213.163s step_avg:90.21ms
step:2364/3250 train_time:213.743s step_avg:90.42ms
step:2365/3250 train_time:214.324s step_avg:90.62ms
step:2366/3250 train_time:214.905s step_avg:90.83ms
step:2367/3250 train_time:215.483s step_avg:91.04ms
step:2368/3250 train_time:216.064s step_avg:91.24ms
step:2369/3250 train_time:216.643s step_avg:91.45ms
step:2370/3250 train_time:217.223s step_avg:91.66ms
step:2371/3250 train_time:217.803s step_avg:91.86ms
step:2372/3250 train_time:218.383s step_avg:92.07ms
step:2373/3250 train_time:218.963s step_avg:92.27ms
step:2374/3250 train_time:219.544s step_avg:92.48ms
step:2375/3250 train_time:220.124s step_avg:92.68ms
step:2375/3250 val_loss:3.29299 train_time:220.136s step_avg:581.02ms
step:2376/3250 train_time:220.711s step_avg:92.89ms
step:2377/3250 train_time:221.294s step_avg:93.10ms
step:2378/3250 train_time:221.875s step_avg:93.30ms
step:2379/3250 train_time:222.455s step_avg:93.51ms
step:2380/3250 train_time:223.034s step_avg:93.71ms
step:2381/3250 train_time:223.615s step_avg:93.92ms
step:2382/3250 train_time:224.194s step_avg:94.12ms
step:2383/3250 train_time:224.776s step_avg:94.32ms
step:2384/3250 train_time:225.356s step_avg:94.53ms
step:2385/3250 train_time:225.935s step_avg:94.73ms
step:2386/3250 train_time:226.515s step_avg:94.94ms
step:2387/3250 train_time:227.094s step_avg:95.14ms
step:2388/3250 train_time:227.674s step_avg:95.34ms
step:2389/3250 train_time:228.256s step_avg:95.54ms
step:2390/3250 train_time:228.837s step_avg:95.75ms
step:2391/3250 train_time:229.416s step_avg:95.95ms
step:2392/3250 train_time:229.995s step_avg:96.15ms
step:2393/3250 train_time:230.576s step_avg:96.35ms
step:2394/3250 train_time:231.188s step_avg:96.57ms
step:2395/3250 train_time:231.776s step_avg:96.77ms
step:2396/3250 train_time:232.351s step_avg:96.97ms
step:2397/3250 train_time:232.935s step_avg:97.18ms
step:2398/3250 train_time:233.514s step_avg:97.38ms
step:2399/3250 train_time:234.096s step_avg:97.58ms
step:2400/3250 train_time:234.675s step_avg:97.78ms
step:2401/3250 train_time:235.255s step_avg:97.98ms
step:2402/3250 train_time:235.836s step_avg:98.18ms
step:2403/3250 train_time:236.415s step_avg:98.38ms
step:2404/3250 train_time:236.995s step_avg:98.58ms
step:2405/3250 train_time:237.575s step_avg:98.78ms
step:2406/3250 train_time:238.156s step_avg:98.98ms
step:2407/3250 train_time:238.735s step_avg:99.18ms
step:2408/3250 train_time:239.316s step_avg:99.38ms
step:2409/3250 train_time:239.896s step_avg:99.58ms
step:2410/3250 train_time:240.477s step_avg:99.78ms
step:2411/3250 train_time:241.056s step_avg:99.98ms
step:2412/3250 train_time:241.637s step_avg:100.18ms
step:2413/3250 train_time:242.216s step_avg:100.38ms
step:2414/3250 train_time:242.795s step_avg:100.58ms
step:2415/3250 train_time:243.377s step_avg:100.78ms
step:2416/3250 train_time:243.955s step_avg:100.97ms
step:2417/3250 train_time:244.536s step_avg:101.17ms
step:2418/3250 train_time:245.115s step_avg:101.37ms
step:2419/3250 train_time:245.695s step_avg:101.57ms
step:2420/3250 train_time:246.276s step_avg:101.77ms
step:2421/3250 train_time:246.855s step_avg:101.96ms
step:2422/3250 train_time:247.436s step_avg:102.16ms
step:2423/3250 train_time:248.016s step_avg:102.36ms
step:2424/3250 train_time:248.596s step_avg:102.56ms
step:2425/3250 train_time:249.175s step_avg:102.75ms
step:2426/3250 train_time:249.755s step_avg:102.95ms
step:2427/3250 train_time:250.336s step_avg:103.15ms
step:2428/3250 train_time:250.915s step_avg:103.34ms
step:2429/3250 train_time:251.495s step_avg:103.54ms
step:2430/3250 train_time:252.077s step_avg:103.74ms
step:2431/3250 train_time:252.655s step_avg:103.93ms
step:2432/3250 train_time:253.236s step_avg:104.13ms
step:2433/3250 train_time:253.816s step_avg:104.32ms
step:2434/3250 train_time:254.395s step_avg:104.52ms
step:2435/3250 train_time:254.978s step_avg:104.71ms
step:2436/3250 train_time:255.556s step_avg:104.91ms
step:2437/3250 train_time:256.136s step_avg:105.10ms
step:2438/3250 train_time:256.717s step_avg:105.30ms
step:2439/3250 train_time:257.296s step_avg:105.49ms
step:2440/3250 train_time:257.876s step_avg:105.69ms
step:2441/3250 train_time:258.489s step_avg:105.89ms
step:2442/3250 train_time:259.080s step_avg:106.09ms
step:2443/3250 train_time:259.653s step_avg:106.28ms
step:2444/3250 train_time:260.237s step_avg:106.48ms
step:2445/3250 train_time:260.814s step_avg:106.67ms
step:2446/3250 train_time:261.396s step_avg:106.87ms
step:2447/3250 train_time:261.975s step_avg:107.06ms
step:2448/3250 train_time:262.556s step_avg:107.25ms
step:2449/3250 train_time:263.136s step_avg:107.45ms
step:2450/3250 train_time:263.716s step_avg:107.64ms
step:2451/3250 train_time:264.296s step_avg:107.83ms
step:2452/3250 train_time:264.876s step_avg:108.02ms
step:2453/3250 train_time:265.456s step_avg:108.22ms
step:2454/3250 train_time:266.035s step_avg:108.41ms
step:2455/3250 train_time:266.617s step_avg:108.60ms
step:2456/3250 train_time:267.196s step_avg:108.79ms
step:2457/3250 train_time:267.777s step_avg:108.99ms
step:2458/3250 train_time:268.356s step_avg:109.18ms
step:2459/3250 train_time:268.935s step_avg:109.37ms
step:2460/3250 train_time:269.516s step_avg:109.56ms
step:2461/3250 train_time:270.095s step_avg:109.75ms
step:2462/3250 train_time:270.676s step_avg:109.94ms
step:2463/3250 train_time:271.255s step_avg:110.13ms
step:2464/3250 train_time:271.835s step_avg:110.32ms
step:2465/3250 train_time:272.416s step_avg:110.51ms
step:2466/3250 train_time:272.995s step_avg:110.70ms
step:2467/3250 train_time:273.577s step_avg:110.89ms
step:2468/3250 train_time:274.155s step_avg:111.08ms
step:2469/3250 train_time:274.736s step_avg:111.27ms
step:2470/3250 train_time:275.315s step_avg:111.46ms
step:2471/3250 train_time:275.897s step_avg:111.65ms
step:2472/3250 train_time:276.477s step_avg:111.84ms
step:2473/3250 train_time:277.056s step_avg:112.03ms
step:2474/3250 train_time:277.636s step_avg:112.22ms
step:2475/3250 train_time:278.215s step_avg:112.41ms
step:2476/3250 train_time:278.795s step_avg:112.60ms
step:2477/3250 train_time:279.375s step_avg:112.79ms
step:2478/3250 train_time:279.956s step_avg:112.98ms
step:2479/3250 train_time:280.536s step_avg:113.16ms
step:2480/3250 train_time:281.118s step_avg:113.35ms
step:2481/3250 train_time:281.697s step_avg:113.54ms
step:2482/3250 train_time:282.277s step_avg:113.73ms
step:2483/3250 train_time:282.857s step_avg:113.92ms
step:2484/3250 train_time:283.436s step_avg:114.10ms
step:2485/3250 train_time:284.016s step_avg:114.29ms
step:2486/3250 train_time:284.596s step_avg:114.48ms
step:2487/3250 train_time:285.177s step_avg:114.67ms
step:2488/3250 train_time:285.788s step_avg:114.87ms
step:2489/3250 train_time:286.377s step_avg:115.06ms
step:2490/3250 train_time:286.951s step_avg:115.24ms
step:2491/3250 train_time:287.537s step_avg:115.43ms
step:2492/3250 train_time:288.114s step_avg:115.62ms
step:2493/3250 train_time:288.697s step_avg:115.80ms
step:2494/3250 train_time:289.278s step_avg:115.99ms
step:2495/3250 train_time:289.857s step_avg:116.18ms
step:2496/3250 train_time:290.437s step_avg:116.36ms
step:2497/3250 train_time:291.017s step_avg:116.55ms
step:2498/3250 train_time:291.596s step_avg:116.73ms
step:2499/3250 train_time:292.178s step_avg:116.92ms
step:2500/3250 train_time:292.758s step_avg:117.10ms
step:2500/3250 val_loss:3.27338 train_time:292.769s step_avg:581.07ms
step:2501/3250 train_time:293.344s step_avg:117.29ms
step:2502/3250 train_time:293.925s step_avg:117.48ms
step:2503/3250 train_time:294.506s step_avg:117.66ms
step:2504/3250 train_time:295.087s step_avg:117.85ms
step:2505/3250 train_time:295.666s step_avg:118.03ms
step:2506/3250 train_time:296.247s step_avg:118.22ms
step:2507/3250 train_time:296.827s step_avg:118.40ms
step:2508/3250 train_time:297.408s step_avg:118.58ms
step:2509/3250 train_time:297.990s step_avg:118.77ms
step:2510/3250 train_time:298.567s step_avg:118.95ms
step:2511/3250 train_time:299.149s step_avg:119.14ms
step:2512/3250 train_time:299.727s step_avg:119.32ms
step:2513/3250 train_time:300.310s step_avg:119.50ms
step:2514/3250 train_time:300.888s step_avg:119.68ms
step:2515/3250 train_time:301.467s step_avg:119.87ms
step:2516/3250 train_time:302.048s step_avg:120.05ms
step:2517/3250 train_time:302.627s step_avg:120.23ms
step:2518/3250 train_time:303.208s step_avg:120.42ms
step:2519/3250 train_time:303.787s step_avg:120.60ms
step:2520/3250 train_time:304.367s step_avg:120.78ms
step:2521/3250 train_time:304.946s step_avg:120.96ms
step:2522/3250 train_time:305.526s step_avg:121.14ms
step:2523/3250 train_time:306.107s step_avg:121.33ms
step:2524/3250 train_time:306.688s step_avg:121.51ms
step:2525/3250 train_time:307.268s step_avg:121.69ms
step:2526/3250 train_time:307.847s step_avg:121.87ms
step:2527/3250 train_time:308.427s step_avg:122.05ms
step:2528/3250 train_time:309.009s step_avg:122.23ms
step:2529/3250 train_time:309.587s step_avg:122.41ms
step:2530/3250 train_time:310.167s step_avg:122.60ms
step:2531/3250 train_time:310.748s step_avg:122.78ms
step:2532/3250 train_time:311.327s step_avg:122.96ms
step:2533/3250 train_time:311.907s step_avg:123.14ms
step:2534/3250 train_time:312.487s step_avg:123.32ms
step:2535/3250 train_time:313.101s step_avg:123.51ms
step:2536/3250 train_time:313.691s step_avg:123.70ms
step:2537/3250 train_time:314.264s step_avg:123.87ms
step:2538/3250 train_time:314.850s step_avg:124.05ms
step:2539/3250 train_time:315.425s step_avg:124.23ms
step:2540/3250 train_time:316.010s step_avg:124.41ms
step:2541/3250 train_time:316.586s step_avg:124.59ms
step:2542/3250 train_time:317.169s step_avg:124.77ms
step:2543/3250 train_time:317.747s step_avg:124.95ms
step:2544/3250 train_time:318.328s step_avg:125.13ms
step:2545/3250 train_time:318.907s step_avg:125.31ms
step:2546/3250 train_time:319.487s step_avg:125.49ms
step:2547/3250 train_time:320.068s step_avg:125.66ms
step:2548/3250 train_time:320.646s step_avg:125.84ms
step:2549/3250 train_time:321.227s step_avg:126.02ms
step:2550/3250 train_time:321.807s step_avg:126.20ms
step:2551/3250 train_time:322.389s step_avg:126.38ms
step:2552/3250 train_time:322.967s step_avg:126.55ms
step:2553/3250 train_time:323.548s step_avg:126.73ms
step:2554/3250 train_time:324.126s step_avg:126.91ms
step:2555/3250 train_time:324.709s step_avg:127.09ms
step:2556/3250 train_time:325.287s step_avg:127.26ms
step:2557/3250 train_time:325.868s step_avg:127.44ms
step:2558/3250 train_time:326.449s step_avg:127.62ms
step:2559/3250 train_time:327.027s step_avg:127.79ms
step:2560/3250 train_time:327.609s step_avg:127.97ms
step:2561/3250 train_time:328.188s step_avg:128.15ms
step:2562/3250 train_time:328.768s step_avg:128.32ms
step:2563/3250 train_time:329.347s step_avg:128.50ms
step:2564/3250 train_time:329.926s step_avg:128.68ms
step:2565/3250 train_time:330.507s step_avg:128.85ms
step:2566/3250 train_time:331.088s step_avg:129.03ms
step:2567/3250 train_time:331.668s step_avg:129.20ms
step:2568/3250 train_time:332.248s step_avg:129.38ms
step:2569/3250 train_time:332.828s step_avg:129.56ms
step:2570/3250 train_time:333.409s step_avg:129.73ms
step:2571/3250 train_time:333.988s step_avg:129.91ms
step:2572/3250 train_time:334.569s step_avg:130.08ms
step:2573/3250 train_time:335.149s step_avg:130.26ms
step:2574/3250 train_time:335.728s step_avg:130.43ms
step:2575/3250 train_time:336.308s step_avg:130.61ms
step:2576/3250 train_time:336.886s step_avg:130.78ms
step:2577/3250 train_time:337.467s step_avg:130.95ms
step:2578/3250 train_time:338.047s step_avg:131.13ms
step:2579/3250 train_time:338.628s step_avg:131.30ms
step:2580/3250 train_time:339.207s step_avg:131.48ms
step:2581/3250 train_time:339.787s step_avg:131.65ms
step:2582/3250 train_time:340.398s step_avg:131.83ms
step:2583/3250 train_time:340.985s step_avg:132.01ms
step:2584/3250 train_time:341.562s step_avg:132.18ms
step:2585/3250 train_time:342.148s step_avg:132.36ms
step:2586/3250 train_time:342.724s step_avg:132.53ms
step:2587/3250 train_time:343.311s step_avg:132.71ms
step:2588/3250 train_time:343.887s step_avg:132.88ms
step:2589/3250 train_time:344.468s step_avg:133.05ms
step:2590/3250 train_time:345.047s step_avg:133.22ms
step:2591/3250 train_time:345.627s step_avg:133.40ms
step:2592/3250 train_time:346.206s step_avg:133.57ms
step:2593/3250 train_time:346.786s step_avg:133.74ms
step:2594/3250 train_time:347.367s step_avg:133.91ms
step:2595/3250 train_time:347.947s step_avg:134.08ms
step:2596/3250 train_time:348.526s step_avg:134.25ms
step:2597/3250 train_time:349.106s step_avg:134.43ms
step:2598/3250 train_time:349.687s step_avg:134.60ms
step:2599/3250 train_time:350.266s step_avg:134.77ms
step:2600/3250 train_time:350.845s step_avg:134.94ms
step:2601/3250 train_time:351.427s step_avg:135.11ms
step:2602/3250 train_time:352.006s step_avg:135.28ms
step:2603/3250 train_time:352.587s step_avg:135.45ms
step:2604/3250 train_time:353.167s step_avg:135.62ms
step:2605/3250 train_time:353.747s step_avg:135.80ms
step:2606/3250 train_time:354.329s step_avg:135.97ms
step:2607/3250 train_time:354.907s step_avg:136.14ms
step:2608/3250 train_time:355.488s step_avg:136.31ms
step:2609/3250 train_time:356.068s step_avg:136.48ms
step:2610/3250 train_time:356.649s step_avg:136.65ms
step:2611/3250 train_time:357.227s step_avg:136.82ms
step:2612/3250 train_time:357.807s step_avg:136.99ms
step:2613/3250 train_time:358.386s step_avg:137.15ms
step:2614/3250 train_time:358.966s step_avg:137.32ms
step:2615/3250 train_time:359.547s step_avg:137.49ms
step:2616/3250 train_time:360.128s step_avg:137.66ms
step:2617/3250 train_time:360.708s step_avg:137.83ms
step:2618/3250 train_time:361.287s step_avg:138.00ms
step:2619/3250 train_time:361.867s step_avg:138.17ms
step:2620/3250 train_time:362.446s step_avg:138.34ms
step:2621/3250 train_time:363.026s step_avg:138.51ms
step:2622/3250 train_time:363.607s step_avg:138.68ms
step:2623/3250 train_time:364.186s step_avg:138.84ms
step:2624/3250 train_time:364.767s step_avg:139.01ms
step:2625/3250 train_time:365.346s step_avg:139.18ms
step:2625/3250 val_loss:3.25618 train_time:365.358s step_avg:580.71ms
step:2626/3250 train_time:365.934s step_avg:139.35ms
step:2627/3250 train_time:366.516s step_avg:139.52ms
step:2628/3250 train_time:367.096s step_avg:139.69ms
step:2629/3250 train_time:367.712s step_avg:139.87ms
step:2630/3250 train_time:368.303s step_avg:140.04ms
step:2631/3250 train_time:368.876s step_avg:140.20ms
step:2632/3250 train_time:369.462s step_avg:140.37ms
step:2633/3250 train_time:370.038s step_avg:140.54ms
step:2634/3250 train_time:370.623s step_avg:140.71ms
step:2635/3250 train_time:371.198s step_avg:140.87ms
step:2636/3250 train_time:371.782s step_avg:141.04ms
step:2637/3250 train_time:372.359s step_avg:141.21ms
step:2638/3250 train_time:372.942s step_avg:141.37ms
step:2639/3250 train_time:373.518s step_avg:141.54ms
step:2640/3250 train_time:374.100s step_avg:141.70ms
step:2641/3250 train_time:374.678s step_avg:141.87ms
step:2642/3250 train_time:375.257s step_avg:142.04ms
step:2643/3250 train_time:375.839s step_avg:142.20ms
step:2644/3250 train_time:376.417s step_avg:142.37ms
step:2645/3250 train_time:376.998s step_avg:142.53ms
step:2646/3250 train_time:377.578s step_avg:142.70ms
step:2647/3250 train_time:378.157s step_avg:142.86ms
step:2648/3250 train_time:378.738s step_avg:143.03ms
step:2649/3250 train_time:379.318s step_avg:143.19ms
step:2650/3250 train_time:379.898s step_avg:143.36ms
step:2651/3250 train_time:380.478s step_avg:143.52ms
step:2652/3250 train_time:381.057s step_avg:143.69ms
step:2653/3250 train_time:381.638s step_avg:143.85ms
step:2654/3250 train_time:382.219s step_avg:144.02ms
step:2655/3250 train_time:382.797s step_avg:144.18ms
step:2656/3250 train_time:383.378s step_avg:144.34ms
step:2657/3250 train_time:383.958s step_avg:144.51ms
step:2658/3250 train_time:384.538s step_avg:144.67ms
step:2659/3250 train_time:385.118s step_avg:144.84ms
step:2660/3250 train_time:385.697s step_avg:145.00ms
step:2661/3250 train_time:386.277s step_avg:145.16ms
step:2662/3250 train_time:386.857s step_avg:145.33ms
step:2663/3250 train_time:387.439s step_avg:145.49ms
step:2664/3250 train_time:388.018s step_avg:145.65ms
step:2665/3250 train_time:388.598s step_avg:145.82ms
step:2666/3250 train_time:389.177s step_avg:145.98ms
step:2667/3250 train_time:389.758s step_avg:146.14ms
step:2668/3250 train_time:390.338s step_avg:146.30ms
step:2669/3250 train_time:390.918s step_avg:146.47ms
step:2670/3250 train_time:391.497s step_avg:146.63ms
step:2671/3250 train_time:392.078s step_avg:146.79ms
step:2672/3250 train_time:392.658s step_avg:146.95ms
step:2673/3250 train_time:393.238s step_avg:147.11ms
step:2674/3250 train_time:393.817s step_avg:147.28ms
step:2675/3250 train_time:394.397s step_avg:147.44ms
step:2676/3250 train_time:395.008s step_avg:147.61ms
step:2677/3250 train_time:395.593s step_avg:147.77ms
step:2678/3250 train_time:396.172s step_avg:147.94ms
step:2679/3250 train_time:396.758s step_avg:148.10ms
step:2680/3250 train_time:397.336s step_avg:148.26ms
step:2681/3250 train_time:397.918s step_avg:148.42ms
step:2682/3250 train_time:398.497s step_avg:148.58ms
step:2683/3250 train_time:399.077s step_avg:148.74ms
step:2684/3250 train_time:399.657s step_avg:148.90ms
step:2685/3250 train_time:400.236s step_avg:149.06ms
step:2686/3250 train_time:400.816s step_avg:149.22ms
step:2687/3250 train_time:401.396s step_avg:149.38ms
step:2688/3250 train_time:401.978s step_avg:149.55ms
step:2689/3250 train_time:402.556s step_avg:149.70ms
step:2690/3250 train_time:403.138s step_avg:149.87ms
step:2691/3250 train_time:403.716s step_avg:150.02ms
step:2692/3250 train_time:404.297s step_avg:150.18ms
step:2693/3250 train_time:404.877s step_avg:150.34ms
step:2694/3250 train_time:405.456s step_avg:150.50ms
step:2695/3250 train_time:406.037s step_avg:150.66ms
step:2696/3250 train_time:406.616s step_avg:150.82ms
step:2697/3250 train_time:407.197s step_avg:150.98ms
step:2698/3250 train_time:407.776s step_avg:151.14ms
step:2699/3250 train_time:408.355s step_avg:151.30ms
step:2700/3250 train_time:408.937s step_avg:151.46ms
step:2701/3250 train_time:409.515s step_avg:151.62ms
step:2702/3250 train_time:410.097s step_avg:151.78ms
step:2703/3250 train_time:410.678s step_avg:151.93ms
step:2704/3250 train_time:411.257s step_avg:152.09ms
step:2705/3250 train_time:411.841s step_avg:152.25ms
step:2706/3250 train_time:412.418s step_avg:152.41ms
step:2707/3250 train_time:413.000s step_avg:152.57ms
step:2708/3250 train_time:413.578s step_avg:152.72ms
step:2709/3250 train_time:414.157s step_avg:152.88ms
step:2710/3250 train_time:414.736s step_avg:153.04ms
step:2711/3250 train_time:415.318s step_avg:153.20ms
step:2712/3250 train_time:415.897s step_avg:153.35ms
step:2713/3250 train_time:416.477s step_avg:153.51ms
step:2714/3250 train_time:417.057s step_avg:153.67ms
step:2715/3250 train_time:417.638s step_avg:153.83ms
step:2716/3250 train_time:418.217s step_avg:153.98ms
step:2717/3250 train_time:418.797s step_avg:154.14ms
step:2718/3250 train_time:419.376s step_avg:154.30ms
step:2719/3250 train_time:419.957s step_avg:154.45ms
step:2720/3250 train_time:420.538s step_avg:154.61ms
step:2721/3250 train_time:421.117s step_avg:154.77ms
step:2722/3250 train_time:421.698s step_avg:154.92ms
step:2723/3250 train_time:422.314s step_avg:155.09ms
step:2724/3250 train_time:422.903s step_avg:155.25ms
step:2725/3250 train_time:423.475s step_avg:155.40ms
step:2726/3250 train_time:424.060s step_avg:155.56ms
step:2727/3250 train_time:424.636s step_avg:155.72ms
step:2728/3250 train_time:425.219s step_avg:155.87ms
step:2729/3250 train_time:425.797s step_avg:156.03ms
step:2730/3250 train_time:426.379s step_avg:156.18ms
step:2731/3250 train_time:426.958s step_avg:156.34ms
step:2732/3250 train_time:427.538s step_avg:156.49ms
step:2733/3250 train_time:428.118s step_avg:156.65ms
step:2734/3250 train_time:428.697s step_avg:156.80ms
step:2735/3250 train_time:429.279s step_avg:156.96ms
step:2736/3250 train_time:429.857s step_avg:157.11ms
step:2737/3250 train_time:430.438s step_avg:157.27ms
step:2738/3250 train_time:431.016s step_avg:157.42ms
step:2739/3250 train_time:431.597s step_avg:157.57ms
step:2740/3250 train_time:432.177s step_avg:157.73ms
step:2741/3250 train_time:432.756s step_avg:157.88ms
step:2742/3250 train_time:433.337s step_avg:158.04ms
step:2743/3250 train_time:433.917s step_avg:158.19ms
step:2744/3250 train_time:434.497s step_avg:158.34ms
step:2745/3250 train_time:435.077s step_avg:158.50ms
step:2746/3250 train_time:435.656s step_avg:158.65ms
step:2747/3250 train_time:436.238s step_avg:158.81ms
step:2748/3250 train_time:436.817s step_avg:158.96ms
step:2749/3250 train_time:437.397s step_avg:159.11ms
step:2750/3250 train_time:437.978s step_avg:159.26ms
step:2750/3250 val_loss:3.23866 train_time:437.990s step_avg:581.06ms
step:2751/3250 train_time:439.206s step_avg:159.65ms
ARM_EXIT=0 req027_b4x_bimax_s2
