W0831 14:15:43.071000 11216 torch/distributed/run.py:852] 
W0831 14:15:43.071000 11216 torch/distributed/run.py:852] *****************************************
W0831 14:15:43.071000 11216 torch/distributed/run.py:852] Setting OMP_NUM_THREADS environment variable for each process to be 1 in default, to avoid your system being overloaded, please further tune the variable for optimal performance in your application as needed. 
W0831 14:15:43.071000 11216 torch/distributed/run.py:852] *****************************************
logs/41d844e0-2462-4d23-8790-1db296652e09.txt
resumed training state from step 2000 in eos_shared_state, skipped 500 batches
step:0/3250 val_loss:3.44335 train_time:0.001s step_avg:nanms
step:2001/3250 train_time:2.931s step_avg:1.46ms
step:2002/3250 train_time:3.490s step_avg:1.74ms
step:2003/3250 train_time:4.073s step_avg:2.03ms
step:2004/3250 train_time:4.648s step_avg:2.32ms
step:2005/3250 train_time:5.231s step_avg:2.61ms
step:2006/3250 train_time:5.806s step_avg:2.89ms
step:2007/3250 train_time:6.392s step_avg:3.18ms
step:2008/3250 train_time:6.968s step_avg:3.47ms
step:2009/3250 train_time:7.552s step_avg:3.76ms
step:2010/3250 train_time:8.129s step_avg:4.04ms
step:2011/3250 train_time:8.711s step_avg:4.33ms
step:2012/3250 train_time:9.288s step_avg:4.62ms
step:2013/3250 train_time:9.870s step_avg:4.90ms
step:2014/3250 train_time:10.450s step_avg:5.19ms
step:2015/3250 train_time:11.033s step_avg:5.48ms
step:2016/3250 train_time:11.611s step_avg:5.76ms
step:2017/3250 train_time:12.192s step_avg:6.04ms
step:2018/3250 train_time:12.805s step_avg:6.35ms
step:2019/3250 train_time:13.392s step_avg:6.63ms
step:2020/3250 train_time:13.965s step_avg:6.91ms
step:2021/3250 train_time:14.549s step_avg:7.20ms
step:2022/3250 train_time:15.125s step_avg:7.48ms
step:2023/3250 train_time:15.708s step_avg:7.76ms
step:2024/3250 train_time:16.288s step_avg:8.05ms
step:2025/3250 train_time:16.866s step_avg:8.33ms
step:2026/3250 train_time:17.448s step_avg:8.61ms
step:2027/3250 train_time:18.026s step_avg:8.89ms
step:2028/3250 train_time:18.609s step_avg:9.18ms
step:2029/3250 train_time:19.187s step_avg:9.46ms
step:2030/3250 train_time:19.768s step_avg:9.74ms
step:2031/3250 train_time:20.349s step_avg:10.02ms
step:2032/3250 train_time:20.928s step_avg:10.30ms
step:2033/3250 train_time:21.507s step_avg:10.58ms
step:2034/3250 train_time:22.089s step_avg:10.86ms
step:2035/3250 train_time:22.669s step_avg:11.14ms
step:2036/3250 train_time:23.248s step_avg:11.42ms
step:2037/3250 train_time:23.829s step_avg:11.70ms
step:2038/3250 train_time:24.408s step_avg:11.98ms
step:2039/3250 train_time:24.989s step_avg:12.26ms
step:2040/3250 train_time:25.568s step_avg:12.53ms
step:2041/3250 train_time:26.149s step_avg:12.81ms
step:2042/3250 train_time:26.730s step_avg:13.09ms
step:2043/3250 train_time:27.309s step_avg:13.37ms
step:2044/3250 train_time:27.889s step_avg:13.64ms
step:2045/3250 train_time:28.468s step_avg:13.92ms
step:2046/3250 train_time:29.049s step_avg:14.20ms
step:2047/3250 train_time:29.628s step_avg:14.47ms
step:2048/3250 train_time:30.209s step_avg:14.75ms
step:2049/3250 train_time:30.788s step_avg:15.03ms
step:2050/3250 train_time:31.368s step_avg:15.30ms
step:2051/3250 train_time:31.948s step_avg:15.58ms
step:2052/3250 train_time:32.528s step_avg:15.85ms
step:2053/3250 train_time:33.108s step_avg:16.13ms
step:2054/3250 train_time:33.688s step_avg:16.40ms
step:2055/3250 train_time:34.268s step_avg:16.68ms
step:2056/3250 train_time:34.849s step_avg:16.95ms
step:2057/3250 train_time:35.429s step_avg:17.22ms
step:2058/3250 train_time:36.008s step_avg:17.50ms
step:2059/3250 train_time:36.589s step_avg:17.77ms
step:2060/3250 train_time:37.169s step_avg:18.04ms
step:2061/3250 train_time:37.753s step_avg:18.32ms
step:2062/3250 train_time:38.329s step_avg:18.59ms
step:2063/3250 train_time:38.912s step_avg:18.86ms
step:2064/3250 train_time:39.492s step_avg:19.13ms
step:2065/3250 train_time:40.106s step_avg:19.42ms
step:2066/3250 train_time:40.693s step_avg:19.70ms
step:2067/3250 train_time:41.268s step_avg:19.97ms
step:2068/3250 train_time:41.855s step_avg:20.24ms
step:2069/3250 train_time:42.434s step_avg:20.51ms
step:2070/3250 train_time:43.015s step_avg:20.78ms
step:2071/3250 train_time:43.595s step_avg:21.05ms
step:2072/3250 train_time:44.175s step_avg:21.32ms
step:2073/3250 train_time:44.759s step_avg:21.59ms
step:2074/3250 train_time:45.343s step_avg:21.86ms
step:2075/3250 train_time:45.929s step_avg:22.13ms
step:2076/3250 train_time:46.510s step_avg:22.40ms
step:2077/3250 train_time:47.093s step_avg:22.67ms
step:2078/3250 train_time:47.672s step_avg:22.94ms
step:2079/3250 train_time:48.254s step_avg:23.21ms
step:2080/3250 train_time:48.831s step_avg:23.48ms
step:2081/3250 train_time:49.413s step_avg:23.74ms
step:2082/3250 train_time:49.992s step_avg:24.01ms
step:2083/3250 train_time:50.573s step_avg:24.28ms
step:2084/3250 train_time:51.151s step_avg:24.54ms
step:2085/3250 train_time:51.732s step_avg:24.81ms
step:2086/3250 train_time:52.310s step_avg:25.08ms
step:2087/3250 train_time:52.892s step_avg:25.34ms
step:2088/3250 train_time:53.469s step_avg:25.61ms
step:2089/3250 train_time:54.055s step_avg:25.88ms
step:2090/3250 train_time:54.632s step_avg:26.14ms
step:2091/3250 train_time:55.210s step_avg:26.40ms
step:2092/3250 train_time:55.791s step_avg:26.67ms
step:2093/3250 train_time:56.370s step_avg:26.93ms
step:2094/3250 train_time:56.952s step_avg:27.20ms
step:2095/3250 train_time:57.530s step_avg:27.46ms
step:2096/3250 train_time:58.110s step_avg:27.72ms
step:2097/3250 train_time:58.690s step_avg:27.99ms
step:2098/3250 train_time:59.269s step_avg:28.25ms
step:2099/3250 train_time:59.850s step_avg:28.51ms
step:2100/3250 train_time:60.429s step_avg:28.78ms
step:2101/3250 train_time:61.010s step_avg:29.04ms
step:2102/3250 train_time:61.590s step_avg:29.30ms
step:2103/3250 train_time:62.169s step_avg:29.56ms
step:2104/3250 train_time:62.750s step_avg:29.82ms
step:2105/3250 train_time:63.332s step_avg:30.09ms
step:2106/3250 train_time:63.911s step_avg:30.35ms
step:2107/3250 train_time:64.492s step_avg:30.61ms
step:2108/3250 train_time:65.070s step_avg:30.87ms
step:2109/3250 train_time:65.654s step_avg:31.13ms
step:2110/3250 train_time:66.230s step_avg:31.39ms
step:2111/3250 train_time:66.813s step_avg:31.65ms
step:2112/3250 train_time:67.432s step_avg:31.93ms
step:2113/3250 train_time:68.013s step_avg:32.19ms
step:2114/3250 train_time:68.589s step_avg:32.45ms
step:2115/3250 train_time:69.171s step_avg:32.70ms
step:2116/3250 train_time:69.751s step_avg:32.96ms
step:2117/3250 train_time:70.332s step_avg:33.22ms
step:2118/3250 train_time:70.910s step_avg:33.48ms
step:2119/3250 train_time:71.491s step_avg:33.74ms
step:2120/3250 train_time:72.069s step_avg:33.99ms
step:2121/3250 train_time:72.651s step_avg:34.25ms
step:2122/3250 train_time:73.230s step_avg:34.51ms
step:2123/3250 train_time:73.811s step_avg:34.77ms
step:2124/3250 train_time:74.389s step_avg:35.02ms
step:2125/3250 train_time:74.970s step_avg:35.28ms
step:2125/3250 val_loss:3.34747 train_time:74.981s step_avg:35.28ms
step:2126/3250 train_time:75.557s step_avg:35.54ms
step:2127/3250 train_time:76.139s step_avg:35.80ms
step:2128/3250 train_time:76.718s step_avg:36.05ms
step:2129/3250 train_time:77.299s step_avg:36.31ms
step:2130/3250 train_time:77.880s step_avg:36.56ms
step:2131/3250 train_time:78.461s step_avg:36.82ms
step:2132/3250 train_time:79.041s step_avg:37.07ms
step:2133/3250 train_time:79.621s step_avg:37.33ms
step:2134/3250 train_time:80.198s step_avg:37.58ms
step:2135/3250 train_time:80.782s step_avg:37.84ms
step:2136/3250 train_time:81.359s step_avg:38.09ms
step:2137/3250 train_time:81.940s step_avg:38.34ms
step:2138/3250 train_time:82.520s step_avg:38.60ms
step:2139/3250 train_time:83.100s step_avg:38.85ms
step:2140/3250 train_time:83.679s step_avg:39.10ms
step:2141/3250 train_time:84.259s step_avg:39.36ms
step:2142/3250 train_time:84.837s step_avg:39.61ms
step:2143/3250 train_time:85.419s step_avg:39.86ms
step:2144/3250 train_time:85.998s step_avg:40.11ms
step:2145/3250 train_time:86.579s step_avg:40.36ms
step:2146/3250 train_time:87.159s step_avg:40.61ms
step:2147/3250 train_time:87.740s step_avg:40.87ms
step:2148/3250 train_time:88.321s step_avg:41.12ms
step:2149/3250 train_time:88.899s step_avg:41.37ms
step:2150/3250 train_time:89.481s step_avg:41.62ms
step:2151/3250 train_time:90.060s step_avg:41.87ms
step:2152/3250 train_time:90.640s step_avg:42.12ms
step:2153/3250 train_time:91.220s step_avg:42.37ms
step:2154/3250 train_time:91.801s step_avg:42.62ms
step:2155/3250 train_time:92.380s step_avg:42.87ms
step:2156/3250 train_time:92.960s step_avg:43.12ms
step:2157/3250 train_time:93.541s step_avg:43.37ms
step:2158/3250 train_time:94.120s step_avg:43.61ms
step:2159/3250 train_time:94.739s step_avg:43.88ms
step:2160/3250 train_time:95.321s step_avg:44.13ms
step:2161/3250 train_time:95.898s step_avg:44.38ms
step:2162/3250 train_time:96.482s step_avg:44.63ms
step:2163/3250 train_time:97.059s step_avg:44.87ms
step:2164/3250 train_time:97.639s step_avg:45.12ms
step:2165/3250 train_time:98.218s step_avg:45.37ms
step:2166/3250 train_time:98.799s step_avg:45.61ms
step:2167/3250 train_time:99.379s step_avg:45.86ms
step:2168/3250 train_time:99.960s step_avg:46.11ms
step:2169/3250 train_time:100.541s step_avg:46.35ms
step:2170/3250 train_time:101.120s step_avg:46.60ms
step:2171/3250 train_time:101.700s step_avg:46.84ms
step:2172/3250 train_time:102.282s step_avg:47.09ms
step:2173/3250 train_time:102.861s step_avg:47.34ms
step:2174/3250 train_time:103.440s step_avg:47.58ms
step:2175/3250 train_time:104.020s step_avg:47.83ms
step:2176/3250 train_time:104.601s step_avg:48.07ms
step:2177/3250 train_time:105.180s step_avg:48.31ms
step:2178/3250 train_time:105.760s step_avg:48.56ms
step:2179/3250 train_time:106.340s step_avg:48.80ms
step:2180/3250 train_time:106.920s step_avg:49.05ms
step:2181/3250 train_time:107.499s step_avg:49.29ms
step:2182/3250 train_time:108.085s step_avg:49.54ms
step:2183/3250 train_time:108.661s step_avg:49.78ms
step:2184/3250 train_time:109.242s step_avg:50.02ms
step:2185/3250 train_time:109.820s step_avg:50.26ms
step:2186/3250 train_time:110.401s step_avg:50.50ms
step:2187/3250 train_time:110.981s step_avg:50.75ms
step:2188/3250 train_time:111.563s step_avg:50.99ms
step:2189/3250 train_time:112.141s step_avg:51.23ms
step:2190/3250 train_time:112.722s step_avg:51.47ms
step:2191/3250 train_time:113.300s step_avg:51.71ms
step:2192/3250 train_time:113.882s step_avg:51.95ms
step:2193/3250 train_time:114.461s step_avg:52.19ms
step:2194/3250 train_time:115.041s step_avg:52.43ms
step:2195/3250 train_time:115.620s step_avg:52.67ms
step:2196/3250 train_time:116.200s step_avg:52.91ms
step:2197/3250 train_time:116.781s step_avg:53.15ms
step:2198/3250 train_time:117.361s step_avg:53.39ms
step:2199/3250 train_time:117.941s step_avg:53.63ms
step:2200/3250 train_time:118.521s step_avg:53.87ms
step:2201/3250 train_time:119.101s step_avg:54.11ms
step:2202/3250 train_time:119.681s step_avg:54.35ms
step:2203/3250 train_time:120.261s step_avg:54.59ms
step:2204/3250 train_time:120.840s step_avg:54.83ms
step:2205/3250 train_time:121.422s step_avg:55.07ms
step:2206/3250 train_time:122.040s step_avg:55.32ms
step:2207/3250 train_time:122.626s step_avg:55.56ms
step:2208/3250 train_time:123.201s step_avg:55.80ms
step:2209/3250 train_time:123.786s step_avg:56.04ms
step:2210/3250 train_time:124.362s step_avg:56.27ms
step:2211/3250 train_time:124.942s step_avg:56.51ms
step:2212/3250 train_time:125.522s step_avg:56.75ms
step:2213/3250 train_time:126.103s step_avg:56.98ms
step:2214/3250 train_time:126.682s step_avg:57.22ms
step:2215/3250 train_time:127.263s step_avg:57.46ms
step:2216/3250 train_time:127.840s step_avg:57.69ms
step:2217/3250 train_time:128.423s step_avg:57.93ms
step:2218/3250 train_time:129.001s step_avg:58.16ms
step:2219/3250 train_time:129.582s step_avg:58.40ms
step:2220/3250 train_time:130.161s step_avg:58.63ms
step:2221/3250 train_time:130.740s step_avg:58.87ms
step:2222/3250 train_time:131.324s step_avg:59.10ms
step:2223/3250 train_time:131.901s step_avg:59.33ms
step:2224/3250 train_time:132.484s step_avg:59.57ms
step:2225/3250 train_time:133.061s step_avg:59.80ms
step:2226/3250 train_time:133.640s step_avg:60.04ms
step:2227/3250 train_time:134.221s step_avg:60.27ms
step:2228/3250 train_time:134.801s step_avg:60.50ms
step:2229/3250 train_time:135.382s step_avg:60.74ms
step:2230/3250 train_time:135.961s step_avg:60.97ms
step:2231/3250 train_time:136.540s step_avg:61.20ms
step:2232/3250 train_time:137.120s step_avg:61.43ms
step:2233/3250 train_time:137.700s step_avg:61.67ms
step:2234/3250 train_time:138.280s step_avg:61.90ms
step:2235/3250 train_time:138.861s step_avg:62.13ms
step:2236/3250 train_time:139.440s step_avg:62.36ms
step:2237/3250 train_time:140.021s step_avg:62.59ms
step:2238/3250 train_time:140.600s step_avg:62.82ms
step:2239/3250 train_time:141.180s step_avg:63.05ms
step:2240/3250 train_time:141.760s step_avg:63.29ms
step:2241/3250 train_time:142.339s step_avg:63.52ms
step:2242/3250 train_time:142.919s step_avg:63.75ms
step:2243/3250 train_time:143.499s step_avg:63.98ms
step:2244/3250 train_time:144.080s step_avg:64.21ms
step:2245/3250 train_time:144.658s step_avg:64.44ms
step:2246/3250 train_time:145.239s step_avg:64.67ms
step:2247/3250 train_time:145.819s step_avg:64.90ms
step:2248/3250 train_time:146.400s step_avg:65.12ms
step:2249/3250 train_time:146.979s step_avg:65.35ms
step:2250/3250 train_time:147.560s step_avg:65.58ms
step:2250/3250 val_loss:3.31623 train_time:147.571s step_avg:580.72ms
step:2251/3250 train_time:148.146s step_avg:65.81ms
step:2252/3250 train_time:148.730s step_avg:66.04ms
step:2253/3250 train_time:149.348s step_avg:66.29ms
step:2254/3250 train_time:149.934s step_avg:66.52ms
step:2255/3250 train_time:150.510s step_avg:66.75ms
step:2256/3250 train_time:151.093s step_avg:66.97ms
step:2257/3250 train_time:151.671s step_avg:67.20ms
step:2258/3250 train_time:152.253s step_avg:67.43ms
step:2259/3250 train_time:152.832s step_avg:67.65ms
step:2260/3250 train_time:153.414s step_avg:67.88ms
step:2261/3250 train_time:153.992s step_avg:68.11ms
step:2262/3250 train_time:154.573s step_avg:68.33ms
step:2263/3250 train_time:155.151s step_avg:68.56ms
step:2264/3250 train_time:155.732s step_avg:68.79ms
step:2265/3250 train_time:156.313s step_avg:69.01ms
step:2266/3250 train_time:156.893s step_avg:69.24ms
step:2267/3250 train_time:157.474s step_avg:69.46ms
step:2268/3250 train_time:158.052s step_avg:69.69ms
step:2269/3250 train_time:158.633s step_avg:69.91ms
step:2270/3250 train_time:159.213s step_avg:70.14ms
step:2271/3250 train_time:159.794s step_avg:70.36ms
step:2272/3250 train_time:160.372s step_avg:70.59ms
step:2273/3250 train_time:160.953s step_avg:70.81ms
step:2274/3250 train_time:161.531s step_avg:71.03ms
step:2275/3250 train_time:162.113s step_avg:71.26ms
step:2276/3250 train_time:162.691s step_avg:71.48ms
step:2277/3250 train_time:163.272s step_avg:71.71ms
step:2278/3250 train_time:163.852s step_avg:71.93ms
step:2279/3250 train_time:164.432s step_avg:72.15ms
step:2280/3250 train_time:165.012s step_avg:72.37ms
step:2281/3250 train_time:165.593s step_avg:72.60ms
step:2282/3250 train_time:166.172s step_avg:72.82ms
step:2283/3250 train_time:166.752s step_avg:73.04ms
step:2284/3250 train_time:167.332s step_avg:73.26ms
step:2285/3250 train_time:167.913s step_avg:73.49ms
step:2286/3250 train_time:168.492s step_avg:73.71ms
step:2287/3250 train_time:169.072s step_avg:73.93ms
step:2288/3250 train_time:169.653s step_avg:74.15ms
step:2289/3250 train_time:170.232s step_avg:74.37ms
step:2290/3250 train_time:170.814s step_avg:74.59ms
step:2291/3250 train_time:171.394s step_avg:74.81ms
step:2292/3250 train_time:171.974s step_avg:75.03ms
step:2293/3250 train_time:172.556s step_avg:75.25ms
step:2294/3250 train_time:173.134s step_avg:75.47ms
step:2295/3250 train_time:173.717s step_avg:75.69ms
step:2296/3250 train_time:174.293s step_avg:75.91ms
step:2297/3250 train_time:174.874s step_avg:76.13ms
step:2298/3250 train_time:175.453s step_avg:76.35ms
step:2299/3250 train_time:176.034s step_avg:76.57ms
step:2300/3250 train_time:176.652s step_avg:76.81ms
step:2301/3250 train_time:177.234s step_avg:77.02ms
step:2302/3250 train_time:177.812s step_avg:77.24ms
step:2303/3250 train_time:178.394s step_avg:77.46ms
step:2304/3250 train_time:178.971s step_avg:77.68ms
step:2305/3250 train_time:179.555s step_avg:77.90ms
step:2306/3250 train_time:180.134s step_avg:78.12ms
step:2307/3250 train_time:180.716s step_avg:78.33ms
step:2308/3250 train_time:181.295s step_avg:78.55ms
step:2309/3250 train_time:181.877s step_avg:78.77ms
step:2310/3250 train_time:182.455s step_avg:78.98ms
step:2311/3250 train_time:183.034s step_avg:79.20ms
step:2312/3250 train_time:183.614s step_avg:79.42ms
step:2313/3250 train_time:184.196s step_avg:79.64ms
step:2314/3250 train_time:184.774s step_avg:79.85ms
step:2315/3250 train_time:185.355s step_avg:80.07ms
step:2316/3250 train_time:185.933s step_avg:80.28ms
step:2317/3250 train_time:186.514s step_avg:80.50ms
step:2318/3250 train_time:187.093s step_avg:80.71ms
step:2319/3250 train_time:187.674s step_avg:80.93ms
step:2320/3250 train_time:188.254s step_avg:81.14ms
step:2321/3250 train_time:188.833s step_avg:81.36ms
step:2322/3250 train_time:189.415s step_avg:81.57ms
step:2323/3250 train_time:189.995s step_avg:81.79ms
step:2324/3250 train_time:190.574s step_avg:82.00ms
step:2325/3250 train_time:191.155s step_avg:82.22ms
step:2326/3250 train_time:191.735s step_avg:82.43ms
step:2327/3250 train_time:192.314s step_avg:82.64ms
step:2328/3250 train_time:192.893s step_avg:82.86ms
step:2329/3250 train_time:193.473s step_avg:83.07ms
step:2330/3250 train_time:194.054s step_avg:83.29ms
step:2331/3250 train_time:194.633s step_avg:83.50ms
step:2332/3250 train_time:195.216s step_avg:83.71ms
step:2333/3250 train_time:195.794s step_avg:83.92ms
step:2334/3250 train_time:196.374s step_avg:84.14ms
step:2335/3250 train_time:196.955s step_avg:84.35ms
step:2336/3250 train_time:197.535s step_avg:84.56ms
step:2337/3250 train_time:198.115s step_avg:84.77ms
step:2338/3250 train_time:198.694s step_avg:84.98ms
step:2339/3250 train_time:199.274s step_avg:85.20ms
step:2340/3250 train_time:199.855s step_avg:85.41ms
step:2341/3250 train_time:200.433s step_avg:85.62ms
step:2342/3250 train_time:201.014s step_avg:85.83ms
step:2343/3250 train_time:201.593s step_avg:86.04ms
step:2344/3250 train_time:202.175s step_avg:86.25ms
step:2345/3250 train_time:202.756s step_avg:86.46ms
step:2346/3250 train_time:203.335s step_avg:86.67ms
step:2347/3250 train_time:203.954s step_avg:86.90ms
step:2348/3250 train_time:204.535s step_avg:87.11ms
step:2349/3250 train_time:205.112s step_avg:87.32ms
step:2350/3250 train_time:205.694s step_avg:87.53ms
step:2351/3250 train_time:206.273s step_avg:87.74ms
step:2352/3250 train_time:206.853s step_avg:87.95ms
step:2353/3250 train_time:207.433s step_avg:88.16ms
step:2354/3250 train_time:208.013s step_avg:88.37ms
step:2355/3250 train_time:208.592s step_avg:88.57ms
step:2356/3250 train_time:209.173s step_avg:88.78ms
step:2357/3250 train_time:209.753s step_avg:88.99ms
step:2358/3250 train_time:210.333s step_avg:89.20ms
step:2359/3250 train_time:210.914s step_avg:89.41ms
step:2360/3250 train_time:211.494s step_avg:89.62ms
step:2361/3250 train_time:212.072s step_avg:89.82ms
step:2362/3250 train_time:212.656s step_avg:90.03ms
step:2363/3250 train_time:213.233s step_avg:90.24ms
step:2364/3250 train_time:213.813s step_avg:90.45ms
step:2365/3250 train_time:214.392s step_avg:90.65ms
step:2366/3250 train_time:214.972s step_avg:90.86ms
step:2367/3250 train_time:215.552s step_avg:91.07ms
step:2368/3250 train_time:216.133s step_avg:91.27ms
step:2369/3250 train_time:216.714s step_avg:91.48ms
step:2370/3250 train_time:217.294s step_avg:91.69ms
step:2371/3250 train_time:217.874s step_avg:91.89ms
step:2372/3250 train_time:218.452s step_avg:92.10ms
step:2373/3250 train_time:219.033s step_avg:92.30ms
step:2374/3250 train_time:219.613s step_avg:92.51ms
step:2375/3250 train_time:220.194s step_avg:92.71ms
step:2375/3250 val_loss:3.29236 train_time:220.205s step_avg:581.07ms
step:2376/3250 train_time:220.780s step_avg:92.92ms
step:2377/3250 train_time:221.362s step_avg:93.13ms
step:2378/3250 train_time:221.943s step_avg:93.33ms
step:2379/3250 train_time:222.524s step_avg:93.54ms
step:2380/3250 train_time:223.103s step_avg:93.74ms
step:2381/3250 train_time:223.683s step_avg:93.95ms
step:2382/3250 train_time:224.262s step_avg:94.15ms
step:2383/3250 train_time:224.844s step_avg:94.35ms
step:2384/3250 train_time:225.424s step_avg:94.56ms
step:2385/3250 train_time:226.004s step_avg:94.76ms
step:2386/3250 train_time:226.585s step_avg:94.96ms
step:2387/3250 train_time:227.164s step_avg:95.17ms
step:2388/3250 train_time:227.745s step_avg:95.37ms
step:2389/3250 train_time:228.324s step_avg:95.57ms
step:2390/3250 train_time:228.902s step_avg:95.77ms
step:2391/3250 train_time:229.484s step_avg:95.98ms
step:2392/3250 train_time:230.063s step_avg:96.18ms
step:2393/3250 train_time:230.646s step_avg:96.38ms
step:2394/3250 train_time:231.269s step_avg:96.60ms
step:2395/3250 train_time:231.849s step_avg:96.81ms
step:2396/3250 train_time:232.427s step_avg:97.01ms
step:2397/3250 train_time:233.006s step_avg:97.21ms
step:2398/3250 train_time:233.585s step_avg:97.41ms
step:2399/3250 train_time:234.163s step_avg:97.61ms
step:2400/3250 train_time:234.746s step_avg:97.81ms
step:2401/3250 train_time:235.325s step_avg:98.01ms
step:2402/3250 train_time:235.906s step_avg:98.21ms
step:2403/3250 train_time:236.487s step_avg:98.41ms
step:2404/3250 train_time:237.064s step_avg:98.61ms
step:2405/3250 train_time:237.645s step_avg:98.81ms
step:2406/3250 train_time:238.224s step_avg:99.01ms
step:2407/3250 train_time:238.805s step_avg:99.21ms
step:2408/3250 train_time:239.385s step_avg:99.41ms
step:2409/3250 train_time:239.965s step_avg:99.61ms
step:2410/3250 train_time:240.547s step_avg:99.81ms
step:2411/3250 train_time:241.125s step_avg:100.01ms
step:2412/3250 train_time:241.704s step_avg:100.21ms
step:2413/3250 train_time:242.284s step_avg:100.41ms
step:2414/3250 train_time:242.864s step_avg:100.61ms
step:2415/3250 train_time:243.444s step_avg:100.80ms
step:2416/3250 train_time:244.022s step_avg:101.00ms
step:2417/3250 train_time:244.603s step_avg:101.20ms
step:2418/3250 train_time:245.183s step_avg:101.40ms
step:2419/3250 train_time:245.764s step_avg:101.60ms
step:2420/3250 train_time:246.345s step_avg:101.80ms
step:2421/3250 train_time:246.925s step_avg:101.99ms
step:2422/3250 train_time:247.504s step_avg:102.19ms
step:2423/3250 train_time:248.082s step_avg:102.39ms
step:2424/3250 train_time:248.663s step_avg:102.58ms
step:2425/3250 train_time:249.243s step_avg:102.78ms
step:2426/3250 train_time:249.824s step_avg:102.98ms
step:2427/3250 train_time:250.404s step_avg:103.17ms
step:2428/3250 train_time:250.985s step_avg:103.37ms
step:2429/3250 train_time:251.564s step_avg:103.57ms
step:2430/3250 train_time:252.145s step_avg:103.76ms
step:2431/3250 train_time:252.724s step_avg:103.96ms
step:2432/3250 train_time:253.304s step_avg:104.15ms
step:2433/3250 train_time:253.885s step_avg:104.35ms
step:2434/3250 train_time:254.465s step_avg:104.55ms
step:2435/3250 train_time:255.046s step_avg:104.74ms
step:2436/3250 train_time:255.624s step_avg:104.94ms
step:2437/3250 train_time:256.203s step_avg:105.13ms
step:2438/3250 train_time:256.786s step_avg:105.33ms
step:2439/3250 train_time:257.364s step_avg:105.52ms
step:2440/3250 train_time:257.947s step_avg:105.72ms
step:2441/3250 train_time:258.563s step_avg:105.93ms
step:2442/3250 train_time:259.146s step_avg:106.12ms
step:2443/3250 train_time:259.725s step_avg:106.31ms
step:2444/3250 train_time:260.306s step_avg:106.51ms
step:2445/3250 train_time:260.884s step_avg:106.70ms
step:2446/3250 train_time:261.465s step_avg:106.89ms
step:2447/3250 train_time:262.045s step_avg:107.09ms
step:2448/3250 train_time:262.624s step_avg:107.28ms
step:2449/3250 train_time:263.203s step_avg:107.47ms
step:2450/3250 train_time:263.784s step_avg:107.67ms
step:2451/3250 train_time:264.363s step_avg:107.86ms
step:2452/3250 train_time:264.946s step_avg:108.05ms
step:2453/3250 train_time:265.525s step_avg:108.24ms
step:2454/3250 train_time:266.104s step_avg:108.44ms
step:2455/3250 train_time:266.684s step_avg:108.63ms
step:2456/3250 train_time:267.265s step_avg:108.82ms
step:2457/3250 train_time:267.845s step_avg:109.01ms
step:2458/3250 train_time:268.424s step_avg:109.20ms
step:2459/3250 train_time:269.004s step_avg:109.40ms
step:2460/3250 train_time:269.585s step_avg:109.59ms
step:2461/3250 train_time:270.164s step_avg:109.78ms
step:2462/3250 train_time:270.743s step_avg:109.97ms
step:2463/3250 train_time:271.323s step_avg:110.16ms
step:2464/3250 train_time:271.904s step_avg:110.35ms
step:2465/3250 train_time:272.483s step_avg:110.54ms
step:2466/3250 train_time:273.063s step_avg:110.73ms
step:2467/3250 train_time:273.643s step_avg:110.92ms
step:2468/3250 train_time:274.224s step_avg:111.11ms
step:2469/3250 train_time:274.804s step_avg:111.30ms
step:2470/3250 train_time:275.384s step_avg:111.49ms
step:2471/3250 train_time:275.965s step_avg:111.68ms
step:2472/3250 train_time:276.545s step_avg:111.87ms
step:2473/3250 train_time:277.125s step_avg:112.06ms
step:2474/3250 train_time:277.703s step_avg:112.25ms
step:2475/3250 train_time:278.285s step_avg:112.44ms
step:2476/3250 train_time:278.864s step_avg:112.63ms
step:2477/3250 train_time:279.446s step_avg:112.82ms
step:2478/3250 train_time:280.024s step_avg:113.00ms
step:2479/3250 train_time:280.604s step_avg:113.19ms
step:2480/3250 train_time:281.184s step_avg:113.38ms
step:2481/3250 train_time:281.764s step_avg:113.57ms
step:2482/3250 train_time:282.344s step_avg:113.76ms
step:2483/3250 train_time:282.925s step_avg:113.94ms
step:2484/3250 train_time:283.503s step_avg:114.13ms
step:2485/3250 train_time:284.087s step_avg:114.32ms
step:2486/3250 train_time:284.664s step_avg:114.51ms
step:2487/3250 train_time:285.247s step_avg:114.70ms
step:2488/3250 train_time:285.864s step_avg:114.90ms
step:2489/3250 train_time:286.447s step_avg:115.09ms
step:2490/3250 train_time:287.023s step_avg:115.27ms
step:2491/3250 train_time:287.605s step_avg:115.46ms
step:2492/3250 train_time:288.183s step_avg:115.64ms
step:2493/3250 train_time:288.764s step_avg:115.83ms
step:2494/3250 train_time:289.346s step_avg:116.02ms
step:2495/3250 train_time:289.924s step_avg:116.20ms
step:2496/3250 train_time:290.504s step_avg:116.39ms
step:2497/3250 train_time:291.085s step_avg:116.57ms
step:2498/3250 train_time:291.665s step_avg:116.76ms
step:2499/3250 train_time:292.247s step_avg:116.95ms
step:2500/3250 train_time:292.824s step_avg:117.13ms
step:2500/3250 val_loss:3.27370 train_time:292.836s step_avg:581.05ms
step:2501/3250 train_time:293.411s step_avg:117.32ms
step:2502/3250 train_time:293.990s step_avg:117.50ms
step:2503/3250 train_time:294.572s step_avg:117.69ms
step:2504/3250 train_time:295.151s step_avg:117.87ms
step:2505/3250 train_time:295.730s step_avg:118.06ms
step:2506/3250 train_time:296.311s step_avg:118.24ms
step:2507/3250 train_time:296.891s step_avg:118.42ms
step:2508/3250 train_time:297.471s step_avg:118.61ms
step:2509/3250 train_time:298.050s step_avg:118.79ms
step:2510/3250 train_time:298.630s step_avg:118.98ms
step:2511/3250 train_time:299.211s step_avg:119.16ms
step:2512/3250 train_time:299.790s step_avg:119.34ms
step:2513/3250 train_time:300.373s step_avg:119.53ms
step:2514/3250 train_time:300.953s step_avg:119.71ms
step:2515/3250 train_time:301.534s step_avg:119.89ms
step:2516/3250 train_time:302.111s step_avg:120.08ms
step:2517/3250 train_time:302.691s step_avg:120.26ms
step:2518/3250 train_time:303.272s step_avg:120.44ms
step:2519/3250 train_time:303.852s step_avg:120.62ms
step:2520/3250 train_time:304.432s step_avg:120.81ms
step:2521/3250 train_time:305.009s step_avg:120.99ms
step:2522/3250 train_time:305.591s step_avg:121.17ms
step:2523/3250 train_time:306.171s step_avg:121.35ms
step:2524/3250 train_time:306.752s step_avg:121.53ms
step:2525/3250 train_time:307.330s step_avg:121.71ms
step:2526/3250 train_time:307.912s step_avg:121.90ms
step:2527/3250 train_time:308.492s step_avg:122.08ms
step:2528/3250 train_time:309.074s step_avg:122.26ms
step:2529/3250 train_time:309.653s step_avg:122.44ms
step:2530/3250 train_time:310.232s step_avg:122.62ms
step:2531/3250 train_time:310.811s step_avg:122.80ms
step:2532/3250 train_time:311.392s step_avg:122.98ms
step:2533/3250 train_time:311.971s step_avg:123.16ms
step:2534/3250 train_time:312.551s step_avg:123.34ms
step:2535/3250 train_time:313.167s step_avg:123.54ms
step:2536/3250 train_time:313.754s step_avg:123.72ms
step:2537/3250 train_time:314.329s step_avg:123.90ms
step:2538/3250 train_time:314.916s step_avg:124.08ms
step:2539/3250 train_time:315.490s step_avg:124.26ms
step:2540/3250 train_time:316.073s step_avg:124.44ms
step:2541/3250 train_time:316.651s step_avg:124.62ms
step:2542/3250 train_time:317.231s step_avg:124.80ms
step:2543/3250 train_time:317.811s step_avg:124.98ms
step:2544/3250 train_time:318.391s step_avg:125.15ms
step:2545/3250 train_time:318.972s step_avg:125.33ms
step:2546/3250 train_time:319.551s step_avg:125.51ms
step:2547/3250 train_time:320.131s step_avg:125.69ms
step:2548/3250 train_time:320.710s step_avg:125.87ms
step:2549/3250 train_time:321.290s step_avg:126.05ms
step:2550/3250 train_time:321.870s step_avg:126.22ms
step:2551/3250 train_time:322.451s step_avg:126.40ms
step:2552/3250 train_time:323.029s step_avg:126.58ms
step:2553/3250 train_time:323.610s step_avg:126.76ms
step:2554/3250 train_time:324.190s step_avg:126.93ms
step:2555/3250 train_time:324.772s step_avg:127.11ms
step:2556/3250 train_time:325.352s step_avg:127.29ms
step:2557/3250 train_time:325.930s step_avg:127.47ms
step:2558/3250 train_time:326.512s step_avg:127.64ms
step:2559/3250 train_time:327.090s step_avg:127.82ms
step:2560/3250 train_time:327.672s step_avg:128.00ms
step:2561/3250 train_time:328.252s step_avg:128.17ms
step:2562/3250 train_time:328.831s step_avg:128.35ms
step:2563/3250 train_time:329.412s step_avg:128.53ms
step:2564/3250 train_time:329.991s step_avg:128.70ms
step:2565/3250 train_time:330.574s step_avg:128.88ms
step:2566/3250 train_time:331.152s step_avg:129.05ms
step:2567/3250 train_time:331.732s step_avg:129.23ms
step:2568/3250 train_time:332.313s step_avg:129.41ms
step:2569/3250 train_time:332.892s step_avg:129.58ms
step:2570/3250 train_time:333.471s step_avg:129.76ms
step:2571/3250 train_time:334.050s step_avg:129.93ms
step:2572/3250 train_time:334.631s step_avg:130.11ms
step:2573/3250 train_time:335.212s step_avg:130.28ms
step:2574/3250 train_time:335.792s step_avg:130.46ms
step:2575/3250 train_time:336.371s step_avg:130.63ms
step:2576/3250 train_time:336.952s step_avg:130.80ms
step:2577/3250 train_time:337.532s step_avg:130.98ms
step:2578/3250 train_time:338.112s step_avg:131.15ms
step:2579/3250 train_time:338.691s step_avg:131.33ms
step:2580/3250 train_time:339.271s step_avg:131.50ms
step:2581/3250 train_time:339.853s step_avg:131.68ms
step:2582/3250 train_time:340.473s step_avg:131.86ms
step:2583/3250 train_time:341.054s step_avg:132.04ms
step:2584/3250 train_time:341.630s step_avg:132.21ms
step:2585/3250 train_time:342.212s step_avg:132.38ms
step:2586/3250 train_time:342.790s step_avg:132.56ms
step:2587/3250 train_time:343.375s step_avg:132.73ms
step:2588/3250 train_time:343.951s step_avg:132.90ms
step:2589/3250 train_time:344.533s step_avg:133.08ms
step:2590/3250 train_time:345.112s step_avg:133.25ms
step:2591/3250 train_time:345.693s step_avg:133.42ms
step:2592/3250 train_time:346.272s step_avg:133.59ms
step:2593/3250 train_time:346.850s step_avg:133.76ms
step:2594/3250 train_time:347.430s step_avg:133.94ms
step:2595/3250 train_time:348.011s step_avg:134.11ms
step:2596/3250 train_time:348.590s step_avg:134.28ms
step:2597/3250 train_time:349.170s step_avg:134.45ms
step:2598/3250 train_time:349.751s step_avg:134.62ms
step:2599/3250 train_time:350.331s step_avg:134.79ms
step:2600/3250 train_time:350.913s step_avg:134.97ms
step:2601/3250 train_time:351.491s step_avg:135.14ms
step:2602/3250 train_time:352.074s step_avg:135.31ms
step:2603/3250 train_time:352.651s step_avg:135.48ms
step:2604/3250 train_time:353.230s step_avg:135.65ms
step:2605/3250 train_time:353.812s step_avg:135.82ms
step:2606/3250 train_time:354.390s step_avg:135.99ms
step:2607/3250 train_time:354.971s step_avg:136.16ms
step:2608/3250 train_time:355.551s step_avg:136.33ms
step:2609/3250 train_time:356.129s step_avg:136.50ms
step:2610/3250 train_time:356.712s step_avg:136.67ms
step:2611/3250 train_time:357.291s step_avg:136.84ms
step:2612/3250 train_time:357.874s step_avg:137.01ms
step:2613/3250 train_time:358.451s step_avg:137.18ms
step:2614/3250 train_time:359.033s step_avg:137.35ms
step:2615/3250 train_time:359.610s step_avg:137.52ms
step:2616/3250 train_time:360.192s step_avg:137.69ms
step:2617/3250 train_time:360.771s step_avg:137.86ms
step:2618/3250 train_time:361.350s step_avg:138.03ms
step:2619/3250 train_time:361.932s step_avg:138.19ms
step:2620/3250 train_time:362.511s step_avg:138.36ms
step:2621/3250 train_time:363.091s step_avg:138.53ms
step:2622/3250 train_time:363.671s step_avg:138.70ms
step:2623/3250 train_time:364.251s step_avg:138.87ms
step:2624/3250 train_time:364.831s step_avg:139.04ms
step:2625/3250 train_time:365.411s step_avg:139.20ms
step:2625/3250 val_loss:3.25649 train_time:365.423s step_avg:580.69ms
step:2626/3250 train_time:365.995s step_avg:139.37ms
step:2627/3250 train_time:366.578s step_avg:139.54ms
step:2628/3250 train_time:367.157s step_avg:139.71ms
step:2629/3250 train_time:367.773s step_avg:139.89ms
step:2630/3250 train_time:368.361s step_avg:140.06ms
step:2631/3250 train_time:368.936s step_avg:140.23ms
step:2632/3250 train_time:369.518s step_avg:140.39ms
step:2633/3250 train_time:370.096s step_avg:140.56ms
step:2634/3250 train_time:370.678s step_avg:140.73ms
step:2635/3250 train_time:371.256s step_avg:140.89ms
step:2636/3250 train_time:371.837s step_avg:141.06ms
step:2637/3250 train_time:372.416s step_avg:141.23ms
step:2638/3250 train_time:372.999s step_avg:141.39ms
step:2639/3250 train_time:373.578s step_avg:141.56ms
step:2640/3250 train_time:374.157s step_avg:141.73ms
step:2641/3250 train_time:374.737s step_avg:141.89ms
step:2642/3250 train_time:375.316s step_avg:142.06ms
step:2643/3250 train_time:375.898s step_avg:142.22ms
step:2644/3250 train_time:376.477s step_avg:142.39ms
step:2645/3250 train_time:377.058s step_avg:142.56ms
step:2646/3250 train_time:377.638s step_avg:142.72ms
step:2647/3250 train_time:378.219s step_avg:142.89ms
step:2648/3250 train_time:378.798s step_avg:143.05ms
step:2649/3250 train_time:379.378s step_avg:143.22ms
step:2650/3250 train_time:379.957s step_avg:143.38ms
step:2651/3250 train_time:380.537s step_avg:143.54ms
step:2652/3250 train_time:381.119s step_avg:143.71ms
step:2653/3250 train_time:381.698s step_avg:143.87ms
step:2654/3250 train_time:382.278s step_avg:144.04ms
step:2655/3250 train_time:382.857s step_avg:144.20ms
step:2656/3250 train_time:383.438s step_avg:144.37ms
step:2657/3250 train_time:384.017s step_avg:144.53ms
step:2658/3250 train_time:384.598s step_avg:144.69ms
step:2659/3250 train_time:385.181s step_avg:144.86ms
step:2660/3250 train_time:385.759s step_avg:145.02ms
step:2661/3250 train_time:386.340s step_avg:145.19ms
step:2662/3250 train_time:386.918s step_avg:145.35ms
step:2663/3250 train_time:387.500s step_avg:145.51ms
step:2664/3250 train_time:388.078s step_avg:145.67ms
step:2665/3250 train_time:388.660s step_avg:145.84ms
step:2666/3250 train_time:389.237s step_avg:146.00ms
step:2667/3250 train_time:389.818s step_avg:146.16ms
step:2668/3250 train_time:390.398s step_avg:146.33ms
step:2669/3250 train_time:390.980s step_avg:146.49ms
step:2670/3250 train_time:391.557s step_avg:146.65ms
step:2671/3250 train_time:392.141s step_avg:146.81ms
step:2672/3250 train_time:392.717s step_avg:146.98ms
step:2673/3250 train_time:393.301s step_avg:147.14ms
step:2674/3250 train_time:393.877s step_avg:147.30ms
step:2675/3250 train_time:394.461s step_avg:147.46ms
step:2676/3250 train_time:395.083s step_avg:147.64ms
step:2677/3250 train_time:395.664s step_avg:147.80ms
step:2678/3250 train_time:396.243s step_avg:147.96ms
step:2679/3250 train_time:396.824s step_avg:148.12ms
step:2680/3250 train_time:397.404s step_avg:148.29ms
step:2681/3250 train_time:397.982s step_avg:148.45ms
step:2682/3250 train_time:398.561s step_avg:148.61ms
step:2683/3250 train_time:399.139s step_avg:148.77ms
step:2684/3250 train_time:399.718s step_avg:148.93ms
step:2685/3250 train_time:400.300s step_avg:149.09ms
step:2686/3250 train_time:400.879s step_avg:149.25ms
step:2687/3250 train_time:401.457s step_avg:149.41ms
step:2688/3250 train_time:402.038s step_avg:149.57ms
step:2689/3250 train_time:402.616s step_avg:149.73ms
step:2690/3250 train_time:403.200s step_avg:149.89ms
step:2691/3250 train_time:403.777s step_avg:150.05ms
step:2692/3250 train_time:404.358s step_avg:150.21ms
step:2693/3250 train_time:404.939s step_avg:150.37ms
step:2694/3250 train_time:405.517s step_avg:150.53ms
step:2695/3250 train_time:406.098s step_avg:150.69ms
step:2696/3250 train_time:406.678s step_avg:150.84ms
step:2697/3250 train_time:407.257s step_avg:151.00ms
step:2698/3250 train_time:407.838s step_avg:151.16ms
step:2699/3250 train_time:408.418s step_avg:151.32ms
step:2700/3250 train_time:408.999s step_avg:151.48ms
step:2701/3250 train_time:409.578s step_avg:151.64ms
step:2702/3250 train_time:410.157s step_avg:151.80ms
step:2703/3250 train_time:410.738s step_avg:151.96ms
step:2704/3250 train_time:411.316s step_avg:152.11ms
step:2705/3250 train_time:411.898s step_avg:152.27ms
step:2706/3250 train_time:412.477s step_avg:152.43ms
step:2707/3250 train_time:413.058s step_avg:152.59ms
step:2708/3250 train_time:413.637s step_avg:152.75ms
step:2709/3250 train_time:414.217s step_avg:152.90ms
step:2710/3250 train_time:414.797s step_avg:153.06ms
step:2711/3250 train_time:415.378s step_avg:153.22ms
step:2712/3250 train_time:415.957s step_avg:153.38ms
step:2713/3250 train_time:416.537s step_avg:153.53ms
step:2714/3250 train_time:417.118s step_avg:153.69ms
step:2715/3250 train_time:417.700s step_avg:153.85ms
step:2716/3250 train_time:418.277s step_avg:154.00ms
step:2717/3250 train_time:418.857s step_avg:154.16ms
step:2718/3250 train_time:419.436s step_avg:154.32ms
step:2719/3250 train_time:420.017s step_avg:154.47ms
step:2720/3250 train_time:420.598s step_avg:154.63ms
step:2721/3250 train_time:421.177s step_avg:154.79ms
step:2722/3250 train_time:421.757s step_avg:154.94ms
step:2723/3250 train_time:422.374s step_avg:155.11ms
step:2724/3250 train_time:422.961s step_avg:155.27ms
step:2725/3250 train_time:423.537s step_avg:155.43ms
step:2726/3250 train_time:424.118s step_avg:155.58ms
step:2727/3250 train_time:424.698s step_avg:155.74ms
step:2728/3250 train_time:425.283s step_avg:155.90ms
step:2729/3250 train_time:425.860s step_avg:156.05ms
step:2730/3250 train_time:426.439s step_avg:156.20ms
step:2731/3250 train_time:427.018s step_avg:156.36ms
step:2732/3250 train_time:427.599s step_avg:156.51ms
step:2733/3250 train_time:428.177s step_avg:156.67ms
step:2734/3250 train_time:428.760s step_avg:156.83ms
step:2735/3250 train_time:429.338s step_avg:156.98ms
step:2736/3250 train_time:429.919s step_avg:157.13ms
step:2737/3250 train_time:430.498s step_avg:157.29ms
step:2738/3250 train_time:431.077s step_avg:157.44ms
step:2739/3250 train_time:431.657s step_avg:157.60ms
step:2740/3250 train_time:432.239s step_avg:157.75ms
step:2741/3250 train_time:432.819s step_avg:157.91ms
step:2742/3250 train_time:433.400s step_avg:158.06ms
step:2743/3250 train_time:433.979s step_avg:158.21ms
step:2744/3250 train_time:434.558s step_avg:158.37ms
step:2745/3250 train_time:435.138s step_avg:158.52ms
step:2746/3250 train_time:435.720s step_avg:158.67ms
step:2747/3250 train_time:436.300s step_avg:158.83ms
step:2748/3250 train_time:436.878s step_avg:158.98ms
step:2749/3250 train_time:437.458s step_avg:159.13ms
step:2750/3250 train_time:438.038s step_avg:159.29ms
step:2750/3250 val_loss:3.23895 train_time:438.050s step_avg:581.01ms
step:2751/3250 train_time:439.288s step_avg:159.68ms
ARM_EXIT=0 req027_b4x_bimax_s1
