W0831 14:07:55.498000 10303 torch/distributed/run.py:852] 
W0831 14:07:55.498000 10303 torch/distributed/run.py:852] *****************************************
W0831 14:07:55.498000 10303 torch/distributed/run.py:852] Setting OMP_NUM_THREADS environment variable for each process to be 1 in default, to avoid your system being overloaded, please further tune the variable for optimal performance in your application as needed. 
W0831 14:07:55.498000 10303 torch/distributed/run.py:852] *****************************************
logs/f9d2fefb-8538-47a7-b17c-9ed929ca1852.txt
resumed training state from step 2000 in eos_shared_state, skipped 500 batches
step:0/3250 val_loss:3.44335 train_time:0.001s step_avg:nanms
step:2001/3250 train_time:3.039s step_avg:1.52ms
step:2002/3250 train_time:3.597s step_avg:1.80ms
step:2003/3250 train_time:4.178s step_avg:2.09ms
step:2004/3250 train_time:4.754s step_avg:2.37ms
step:2005/3250 train_time:5.335s step_avg:2.66ms
step:2006/3250 train_time:5.912s step_avg:2.95ms
step:2007/3250 train_time:6.488s step_avg:3.23ms
step:2008/3250 train_time:7.062s step_avg:3.52ms
step:2009/3250 train_time:7.640s step_avg:3.80ms
step:2010/3250 train_time:8.218s step_avg:4.09ms
step:2011/3250 train_time:8.798s step_avg:4.37ms
step:2012/3250 train_time:9.378s step_avg:4.66ms
step:2013/3250 train_time:9.957s step_avg:4.95ms
step:2014/3250 train_time:10.537s step_avg:5.23ms
step:2015/3250 train_time:11.119s step_avg:5.52ms
step:2016/3250 train_time:11.698s step_avg:5.80ms
step:2017/3250 train_time:12.278s step_avg:6.09ms
step:2018/3250 train_time:12.886s step_avg:6.39ms
step:2019/3250 train_time:13.465s step_avg:6.67ms
step:2020/3250 train_time:14.038s step_avg:6.95ms
step:2021/3250 train_time:14.621s step_avg:7.23ms
step:2022/3250 train_time:15.197s step_avg:7.52ms
step:2023/3250 train_time:15.780s step_avg:7.80ms
step:2024/3250 train_time:16.358s step_avg:8.08ms
step:2025/3250 train_time:16.940s step_avg:8.37ms
step:2026/3250 train_time:17.521s step_avg:8.65ms
step:2027/3250 train_time:18.100s step_avg:8.93ms
step:2028/3250 train_time:18.679s step_avg:9.21ms
step:2029/3250 train_time:19.259s step_avg:9.49ms
step:2030/3250 train_time:19.839s step_avg:9.77ms
step:2031/3250 train_time:20.420s step_avg:10.05ms
step:2032/3250 train_time:21.000s step_avg:10.33ms
step:2033/3250 train_time:21.580s step_avg:10.61ms
step:2034/3250 train_time:22.161s step_avg:10.90ms
step:2035/3250 train_time:22.740s step_avg:11.17ms
step:2036/3250 train_time:23.321s step_avg:11.45ms
step:2037/3250 train_time:23.901s step_avg:11.73ms
step:2038/3250 train_time:24.480s step_avg:12.01ms
step:2039/3250 train_time:25.062s step_avg:12.29ms
step:2040/3250 train_time:25.641s step_avg:12.57ms
step:2041/3250 train_time:26.221s step_avg:12.85ms
step:2042/3250 train_time:26.801s step_avg:13.12ms
step:2043/3250 train_time:27.382s step_avg:13.40ms
step:2044/3250 train_time:27.960s step_avg:13.68ms
step:2045/3250 train_time:28.543s step_avg:13.96ms
step:2046/3250 train_time:29.121s step_avg:14.23ms
step:2047/3250 train_time:29.703s step_avg:14.51ms
step:2048/3250 train_time:30.282s step_avg:14.79ms
step:2049/3250 train_time:30.866s step_avg:15.06ms
step:2050/3250 train_time:31.444s step_avg:15.34ms
step:2051/3250 train_time:32.021s step_avg:15.61ms
step:2052/3250 train_time:32.599s step_avg:15.89ms
step:2053/3250 train_time:33.179s step_avg:16.16ms
step:2054/3250 train_time:33.759s step_avg:16.44ms
step:2055/3250 train_time:34.338s step_avg:16.71ms
step:2056/3250 train_time:34.917s step_avg:16.98ms
step:2057/3250 train_time:35.499s step_avg:17.26ms
step:2058/3250 train_time:36.078s step_avg:17.53ms
step:2059/3250 train_time:36.658s step_avg:17.80ms
step:2060/3250 train_time:37.238s step_avg:18.08ms
step:2061/3250 train_time:37.818s step_avg:18.35ms
step:2062/3250 train_time:38.398s step_avg:18.62ms
step:2063/3250 train_time:38.978s step_avg:18.89ms
step:2064/3250 train_time:39.559s step_avg:19.17ms
step:2065/3250 train_time:40.163s step_avg:19.45ms
step:2066/3250 train_time:40.744s step_avg:19.72ms
step:2067/3250 train_time:41.320s step_avg:19.99ms
step:2068/3250 train_time:41.904s step_avg:20.26ms
step:2069/3250 train_time:42.478s step_avg:20.53ms
step:2070/3250 train_time:43.061s step_avg:20.80ms
step:2071/3250 train_time:43.637s step_avg:21.07ms
step:2072/3250 train_time:44.221s step_avg:21.34ms
step:2073/3250 train_time:44.800s step_avg:21.61ms
step:2074/3250 train_time:45.381s step_avg:21.88ms
step:2075/3250 train_time:45.959s step_avg:22.15ms
step:2076/3250 train_time:46.540s step_avg:22.42ms
step:2077/3250 train_time:47.121s step_avg:22.69ms
step:2078/3250 train_time:47.700s step_avg:22.95ms
step:2079/3250 train_time:48.282s step_avg:23.22ms
step:2080/3250 train_time:48.860s step_avg:23.49ms
step:2081/3250 train_time:49.441s step_avg:23.76ms
step:2082/3250 train_time:50.020s step_avg:24.02ms
step:2083/3250 train_time:50.601s step_avg:24.29ms
step:2084/3250 train_time:51.180s step_avg:24.56ms
step:2085/3250 train_time:51.761s step_avg:24.83ms
step:2086/3250 train_time:52.341s step_avg:25.09ms
step:2087/3250 train_time:52.921s step_avg:25.36ms
step:2088/3250 train_time:53.501s step_avg:25.62ms
step:2089/3250 train_time:54.079s step_avg:25.89ms
step:2090/3250 train_time:54.661s step_avg:26.15ms
step:2091/3250 train_time:55.240s step_avg:26.42ms
step:2092/3250 train_time:55.819s step_avg:26.68ms
step:2093/3250 train_time:56.400s step_avg:26.95ms
step:2094/3250 train_time:56.981s step_avg:27.21ms
step:2095/3250 train_time:57.561s step_avg:27.48ms
step:2096/3250 train_time:58.139s step_avg:27.74ms
step:2097/3250 train_time:58.720s step_avg:28.00ms
step:2098/3250 train_time:59.301s step_avg:28.27ms
step:2099/3250 train_time:59.880s step_avg:28.53ms
step:2100/3250 train_time:60.461s step_avg:28.79ms
step:2101/3250 train_time:61.040s step_avg:29.05ms
step:2102/3250 train_time:61.621s step_avg:29.32ms
step:2103/3250 train_time:62.201s step_avg:29.58ms
step:2104/3250 train_time:62.780s step_avg:29.84ms
step:2105/3250 train_time:63.362s step_avg:30.10ms
step:2106/3250 train_time:63.941s step_avg:30.36ms
step:2107/3250 train_time:64.521s step_avg:30.62ms
step:2108/3250 train_time:65.100s step_avg:30.88ms
step:2109/3250 train_time:65.680s step_avg:31.14ms
step:2110/3250 train_time:66.261s step_avg:31.40ms
step:2111/3250 train_time:66.840s step_avg:31.66ms
step:2112/3250 train_time:67.445s step_avg:31.93ms
step:2113/3250 train_time:68.025s step_avg:32.19ms
step:2114/3250 train_time:68.600s step_avg:32.45ms
step:2115/3250 train_time:69.181s step_avg:32.71ms
step:2116/3250 train_time:69.759s step_avg:32.97ms
step:2117/3250 train_time:70.340s step_avg:33.23ms
step:2118/3250 train_time:70.919s step_avg:33.48ms
step:2119/3250 train_time:71.499s step_avg:33.74ms
step:2120/3250 train_time:72.079s step_avg:34.00ms
step:2121/3250 train_time:72.660s step_avg:34.26ms
step:2122/3250 train_time:73.240s step_avg:34.51ms
step:2123/3250 train_time:73.819s step_avg:34.77ms
step:2124/3250 train_time:74.399s step_avg:35.03ms
step:2125/3250 train_time:74.979s step_avg:35.28ms
step:2125/3250 val_loss:3.35626 train_time:74.991s step_avg:35.29ms
step:2126/3250 train_time:75.566s step_avg:35.54ms
step:2127/3250 train_time:76.149s step_avg:35.80ms
step:2128/3250 train_time:76.731s step_avg:36.06ms
step:2129/3250 train_time:77.312s step_avg:36.31ms
step:2130/3250 train_time:77.892s step_avg:36.57ms
step:2131/3250 train_time:78.473s step_avg:36.82ms
step:2132/3250 train_time:79.051s step_avg:37.08ms
step:2133/3250 train_time:79.632s step_avg:37.33ms
step:2134/3250 train_time:80.211s step_avg:37.59ms
step:2135/3250 train_time:80.794s step_avg:37.84ms
step:2136/3250 train_time:81.373s step_avg:38.10ms
step:2137/3250 train_time:81.954s step_avg:38.35ms
step:2138/3250 train_time:82.534s step_avg:38.60ms
step:2139/3250 train_time:83.113s step_avg:38.86ms
step:2140/3250 train_time:83.691s step_avg:39.11ms
step:2141/3250 train_time:84.273s step_avg:39.36ms
step:2142/3250 train_time:84.852s step_avg:39.61ms
step:2143/3250 train_time:85.433s step_avg:39.87ms
step:2144/3250 train_time:86.011s step_avg:40.12ms
step:2145/3250 train_time:86.593s step_avg:40.37ms
step:2146/3250 train_time:87.172s step_avg:40.62ms
step:2147/3250 train_time:87.752s step_avg:40.87ms
step:2148/3250 train_time:88.332s step_avg:41.12ms
step:2149/3250 train_time:88.912s step_avg:41.37ms
step:2150/3250 train_time:89.493s step_avg:41.62ms
step:2151/3250 train_time:90.073s step_avg:41.87ms
step:2152/3250 train_time:90.652s step_avg:42.12ms
step:2153/3250 train_time:91.233s step_avg:42.37ms
step:2154/3250 train_time:91.812s step_avg:42.62ms
step:2155/3250 train_time:92.393s step_avg:42.87ms
step:2156/3250 train_time:92.972s step_avg:43.12ms
step:2157/3250 train_time:93.553s step_avg:43.37ms
step:2158/3250 train_time:94.133s step_avg:43.62ms
step:2159/3250 train_time:94.749s step_avg:43.89ms
step:2160/3250 train_time:95.336s step_avg:44.14ms
step:2161/3250 train_time:95.911s step_avg:44.38ms
step:2162/3250 train_time:96.494s step_avg:44.63ms
step:2163/3250 train_time:97.072s step_avg:44.88ms
step:2164/3250 train_time:97.652s step_avg:45.13ms
step:2165/3250 train_time:98.230s step_avg:45.37ms
step:2166/3250 train_time:98.811s step_avg:45.62ms
step:2167/3250 train_time:99.392s step_avg:45.87ms
step:2168/3250 train_time:99.972s step_avg:46.11ms
step:2169/3250 train_time:100.553s step_avg:46.36ms
step:2170/3250 train_time:101.133s step_avg:46.60ms
step:2171/3250 train_time:101.711s step_avg:46.85ms
step:2172/3250 train_time:102.293s step_avg:47.10ms
step:2173/3250 train_time:102.872s step_avg:47.34ms
step:2174/3250 train_time:103.452s step_avg:47.59ms
step:2175/3250 train_time:104.031s step_avg:47.83ms
step:2176/3250 train_time:104.611s step_avg:48.07ms
step:2177/3250 train_time:105.193s step_avg:48.32ms
step:2178/3250 train_time:105.772s step_avg:48.56ms
step:2179/3250 train_time:106.353s step_avg:48.81ms
step:2180/3250 train_time:106.932s step_avg:49.05ms
step:2181/3250 train_time:107.512s step_avg:49.29ms
step:2182/3250 train_time:108.093s step_avg:49.54ms
step:2183/3250 train_time:108.672s step_avg:49.78ms
step:2184/3250 train_time:109.251s step_avg:50.02ms
step:2185/3250 train_time:109.833s step_avg:50.27ms
step:2186/3250 train_time:110.411s step_avg:50.51ms
step:2187/3250 train_time:110.994s step_avg:50.75ms
step:2188/3250 train_time:111.573s step_avg:50.99ms
step:2189/3250 train_time:112.153s step_avg:51.23ms
step:2190/3250 train_time:112.732s step_avg:51.48ms
step:2191/3250 train_time:113.311s step_avg:51.72ms
step:2192/3250 train_time:113.892s step_avg:51.96ms
step:2193/3250 train_time:114.471s step_avg:52.20ms
step:2194/3250 train_time:115.051s step_avg:52.44ms
step:2195/3250 train_time:115.632s step_avg:52.68ms
step:2196/3250 train_time:116.212s step_avg:52.92ms
step:2197/3250 train_time:116.792s step_avg:53.16ms
step:2198/3250 train_time:117.371s step_avg:53.40ms
step:2199/3250 train_time:117.952s step_avg:53.64ms
step:2200/3250 train_time:118.531s step_avg:53.88ms
step:2201/3250 train_time:119.111s step_avg:54.12ms
step:2202/3250 train_time:119.691s step_avg:54.36ms
step:2203/3250 train_time:120.271s step_avg:54.59ms
step:2204/3250 train_time:120.852s step_avg:54.83ms
step:2205/3250 train_time:121.432s step_avg:55.07ms
step:2206/3250 train_time:122.047s step_avg:55.32ms
step:2207/3250 train_time:122.633s step_avg:55.57ms
step:2208/3250 train_time:123.210s step_avg:55.80ms
step:2209/3250 train_time:123.794s step_avg:56.04ms
step:2210/3250 train_time:124.371s step_avg:56.28ms
step:2211/3250 train_time:124.952s step_avg:56.51ms
step:2212/3250 train_time:125.532s step_avg:56.75ms
step:2213/3250 train_time:126.112s step_avg:56.99ms
step:2214/3250 train_time:126.691s step_avg:57.22ms
step:2215/3250 train_time:127.272s step_avg:57.46ms
step:2216/3250 train_time:127.850s step_avg:57.69ms
step:2217/3250 train_time:128.433s step_avg:57.93ms
step:2218/3250 train_time:129.011s step_avg:58.17ms
step:2219/3250 train_time:129.592s step_avg:58.40ms
step:2220/3250 train_time:130.171s step_avg:58.64ms
step:2221/3250 train_time:130.752s step_avg:58.87ms
step:2222/3250 train_time:131.331s step_avg:59.10ms
step:2223/3250 train_time:131.912s step_avg:59.34ms
step:2224/3250 train_time:132.492s step_avg:59.57ms
step:2225/3250 train_time:133.072s step_avg:59.81ms
step:2226/3250 train_time:133.652s step_avg:60.04ms
step:2227/3250 train_time:134.233s step_avg:60.28ms
step:2228/3250 train_time:134.814s step_avg:60.51ms
step:2229/3250 train_time:135.393s step_avg:60.74ms
step:2230/3250 train_time:135.974s step_avg:60.97ms
step:2231/3250 train_time:136.553s step_avg:61.21ms
step:2232/3250 train_time:137.134s step_avg:61.44ms
step:2233/3250 train_time:137.712s step_avg:61.67ms
step:2234/3250 train_time:138.293s step_avg:61.90ms
step:2235/3250 train_time:138.874s step_avg:62.14ms
step:2236/3250 train_time:139.453s step_avg:62.37ms
step:2237/3250 train_time:140.033s step_avg:62.60ms
step:2238/3250 train_time:140.611s step_avg:62.83ms
step:2239/3250 train_time:141.193s step_avg:63.06ms
step:2240/3250 train_time:141.774s step_avg:63.29ms
step:2241/3250 train_time:142.352s step_avg:63.52ms
step:2242/3250 train_time:142.933s step_avg:63.75ms
step:2243/3250 train_time:143.512s step_avg:63.98ms
step:2244/3250 train_time:144.094s step_avg:64.21ms
step:2245/3250 train_time:144.673s step_avg:64.44ms
step:2246/3250 train_time:145.254s step_avg:64.67ms
step:2247/3250 train_time:145.833s step_avg:64.90ms
step:2248/3250 train_time:146.412s step_avg:65.13ms
step:2249/3250 train_time:146.993s step_avg:65.36ms
step:2250/3250 train_time:147.573s step_avg:65.59ms
step:2250/3250 val_loss:3.32531 train_time:147.584s step_avg:580.75ms
step:2251/3250 train_time:148.160s step_avg:65.82ms
step:2252/3250 train_time:148.744s step_avg:66.05ms
step:2253/3250 train_time:149.360s step_avg:66.29ms
step:2254/3250 train_time:149.948s step_avg:66.53ms
step:2255/3250 train_time:150.524s step_avg:66.75ms
step:2256/3250 train_time:151.105s step_avg:66.98ms
step:2257/3250 train_time:151.683s step_avg:67.21ms
step:2258/3250 train_time:152.264s step_avg:67.43ms
step:2259/3250 train_time:152.844s step_avg:67.66ms
step:2260/3250 train_time:153.427s step_avg:67.89ms
step:2261/3250 train_time:154.006s step_avg:68.11ms
step:2262/3250 train_time:154.585s step_avg:68.34ms
step:2263/3250 train_time:155.165s step_avg:68.57ms
step:2264/3250 train_time:155.744s step_avg:68.79ms
step:2265/3250 train_time:156.325s step_avg:69.02ms
step:2266/3250 train_time:156.905s step_avg:69.24ms
step:2267/3250 train_time:157.485s step_avg:69.47ms
step:2268/3250 train_time:158.066s step_avg:69.69ms
step:2269/3250 train_time:158.644s step_avg:69.92ms
step:2270/3250 train_time:159.226s step_avg:70.14ms
step:2271/3250 train_time:159.806s step_avg:70.37ms
step:2272/3250 train_time:160.384s step_avg:70.59ms
step:2273/3250 train_time:160.965s step_avg:70.82ms
step:2274/3250 train_time:161.546s step_avg:71.04ms
step:2275/3250 train_time:162.124s step_avg:71.26ms
step:2276/3250 train_time:162.705s step_avg:71.49ms
step:2277/3250 train_time:163.284s step_avg:71.71ms
step:2278/3250 train_time:163.866s step_avg:71.93ms
step:2279/3250 train_time:164.444s step_avg:72.16ms
step:2280/3250 train_time:165.025s step_avg:72.38ms
step:2281/3250 train_time:165.602s step_avg:72.60ms
step:2282/3250 train_time:166.184s step_avg:72.82ms
step:2283/3250 train_time:166.764s step_avg:73.05ms
step:2284/3250 train_time:167.343s step_avg:73.27ms
step:2285/3250 train_time:167.924s step_avg:73.49ms
step:2286/3250 train_time:168.505s step_avg:73.71ms
step:2287/3250 train_time:169.084s step_avg:73.93ms
step:2288/3250 train_time:169.664s step_avg:74.15ms
step:2289/3250 train_time:170.244s step_avg:74.37ms
step:2290/3250 train_time:170.825s step_avg:74.60ms
step:2291/3250 train_time:171.403s step_avg:74.82ms
step:2292/3250 train_time:171.983s step_avg:75.04ms
step:2293/3250 train_time:172.564s step_avg:75.26ms
step:2294/3250 train_time:173.144s step_avg:75.48ms
step:2295/3250 train_time:173.723s step_avg:75.70ms
step:2296/3250 train_time:174.305s step_avg:75.92ms
step:2297/3250 train_time:174.884s step_avg:76.14ms
step:2298/3250 train_time:175.466s step_avg:76.36ms
step:2299/3250 train_time:176.044s step_avg:76.57ms
step:2300/3250 train_time:176.660s step_avg:76.81ms
step:2301/3250 train_time:177.246s step_avg:77.03ms
step:2302/3250 train_time:177.823s step_avg:77.25ms
step:2303/3250 train_time:178.405s step_avg:77.47ms
step:2304/3250 train_time:178.983s step_avg:77.68ms
step:2305/3250 train_time:179.566s step_avg:77.90ms
step:2306/3250 train_time:180.144s step_avg:78.12ms
step:2307/3250 train_time:180.727s step_avg:78.34ms
step:2308/3250 train_time:181.306s step_avg:78.56ms
step:2309/3250 train_time:181.887s step_avg:78.77ms
step:2310/3250 train_time:182.465s step_avg:78.99ms
step:2311/3250 train_time:183.046s step_avg:79.21ms
step:2312/3250 train_time:183.626s step_avg:79.42ms
step:2313/3250 train_time:184.207s step_avg:79.64ms
step:2314/3250 train_time:184.785s step_avg:79.86ms
step:2315/3250 train_time:185.364s step_avg:80.07ms
step:2316/3250 train_time:185.945s step_avg:80.29ms
step:2317/3250 train_time:186.526s step_avg:80.50ms
step:2318/3250 train_time:187.105s step_avg:80.72ms
step:2319/3250 train_time:187.686s step_avg:80.93ms
step:2320/3250 train_time:188.266s step_avg:81.15ms
step:2321/3250 train_time:188.845s step_avg:81.36ms
step:2322/3250 train_time:189.427s step_avg:81.58ms
step:2323/3250 train_time:190.005s step_avg:81.79ms
step:2324/3250 train_time:190.585s step_avg:82.01ms
step:2325/3250 train_time:191.165s step_avg:82.22ms
step:2326/3250 train_time:191.744s step_avg:82.44ms
step:2327/3250 train_time:192.325s step_avg:82.65ms
step:2328/3250 train_time:192.905s step_avg:82.86ms
step:2329/3250 train_time:193.484s step_avg:83.08ms
step:2330/3250 train_time:194.065s step_avg:83.29ms
step:2331/3250 train_time:194.645s step_avg:83.50ms
step:2332/3250 train_time:195.226s step_avg:83.72ms
step:2333/3250 train_time:195.805s step_avg:83.93ms
step:2334/3250 train_time:196.385s step_avg:84.14ms
step:2335/3250 train_time:196.965s step_avg:84.35ms
step:2336/3250 train_time:197.544s step_avg:84.57ms
step:2337/3250 train_time:198.125s step_avg:84.78ms
step:2338/3250 train_time:198.704s step_avg:84.99ms
step:2339/3250 train_time:199.285s step_avg:85.20ms
step:2340/3250 train_time:199.866s step_avg:85.41ms
step:2341/3250 train_time:200.444s step_avg:85.62ms
step:2342/3250 train_time:201.026s step_avg:85.84ms
step:2343/3250 train_time:201.605s step_avg:86.05ms
step:2344/3250 train_time:202.184s step_avg:86.26ms
step:2345/3250 train_time:202.765s step_avg:86.47ms
step:2346/3250 train_time:203.343s step_avg:86.68ms
step:2347/3250 train_time:203.961s step_avg:86.90ms
step:2348/3250 train_time:204.549s step_avg:87.12ms
step:2349/3250 train_time:205.123s step_avg:87.32ms
step:2350/3250 train_time:205.705s step_avg:87.53ms
step:2351/3250 train_time:206.282s step_avg:87.74ms
step:2352/3250 train_time:206.865s step_avg:87.95ms
step:2353/3250 train_time:207.443s step_avg:88.16ms
step:2354/3250 train_time:208.025s step_avg:88.37ms
step:2355/3250 train_time:208.604s step_avg:88.58ms
step:2356/3250 train_time:209.185s step_avg:88.79ms
step:2357/3250 train_time:209.764s step_avg:89.00ms
step:2358/3250 train_time:210.345s step_avg:89.20ms
step:2359/3250 train_time:210.926s step_avg:89.41ms
step:2360/3250 train_time:211.504s step_avg:89.62ms
step:2361/3250 train_time:212.084s step_avg:89.83ms
step:2362/3250 train_time:212.664s step_avg:90.04ms
step:2363/3250 train_time:213.243s step_avg:90.24ms
step:2364/3250 train_time:213.826s step_avg:90.45ms
step:2365/3250 train_time:214.407s step_avg:90.66ms
step:2366/3250 train_time:214.986s step_avg:90.86ms
step:2367/3250 train_time:215.567s step_avg:91.07ms
step:2368/3250 train_time:216.146s step_avg:91.28ms
step:2369/3250 train_time:216.731s step_avg:91.49ms
step:2370/3250 train_time:217.311s step_avg:91.69ms
step:2371/3250 train_time:217.895s step_avg:91.90ms
step:2372/3250 train_time:218.477s step_avg:92.11ms
step:2373/3250 train_time:219.065s step_avg:92.32ms
step:2374/3250 train_time:219.646s step_avg:92.52ms
step:2375/3250 train_time:220.231s step_avg:92.73ms
step:2375/3250 val_loss:3.30012 train_time:220.242s step_avg:581.26ms
step:2376/3250 train_time:220.813s step_avg:92.93ms
step:2377/3250 train_time:221.396s step_avg:93.14ms
step:2378/3250 train_time:221.972s step_avg:93.34ms
step:2379/3250 train_time:222.557s step_avg:93.55ms
step:2380/3250 train_time:223.134s step_avg:93.75ms
step:2381/3250 train_time:223.712s step_avg:93.96ms
step:2382/3250 train_time:224.295s step_avg:94.16ms
step:2383/3250 train_time:224.873s step_avg:94.37ms
step:2384/3250 train_time:225.454s step_avg:94.57ms
step:2385/3250 train_time:226.032s step_avg:94.77ms
step:2386/3250 train_time:226.614s step_avg:94.98ms
step:2387/3250 train_time:227.192s step_avg:95.18ms
step:2388/3250 train_time:227.773s step_avg:95.38ms
step:2389/3250 train_time:228.353s step_avg:95.59ms
step:2390/3250 train_time:228.934s step_avg:95.79ms
step:2391/3250 train_time:229.513s step_avg:95.99ms
step:2392/3250 train_time:230.092s step_avg:96.19ms
step:2393/3250 train_time:230.672s step_avg:96.39ms
step:2394/3250 train_time:231.286s step_avg:96.61ms
step:2395/3250 train_time:231.874s step_avg:96.82ms
step:2396/3250 train_time:232.450s step_avg:97.02ms
step:2397/3250 train_time:233.033s step_avg:97.22ms
step:2398/3250 train_time:233.610s step_avg:97.42ms
step:2399/3250 train_time:234.193s step_avg:97.62ms
step:2400/3250 train_time:234.770s step_avg:97.82ms
step:2401/3250 train_time:235.353s step_avg:98.02ms
step:2402/3250 train_time:235.932s step_avg:98.22ms
step:2403/3250 train_time:236.511s step_avg:98.42ms
step:2404/3250 train_time:237.091s step_avg:98.62ms
step:2405/3250 train_time:237.672s step_avg:98.82ms
step:2406/3250 train_time:238.253s step_avg:99.02ms
step:2407/3250 train_time:238.830s step_avg:99.22ms
step:2408/3250 train_time:239.412s step_avg:99.42ms
step:2409/3250 train_time:239.995s step_avg:99.62ms
step:2410/3250 train_time:240.574s step_avg:99.82ms
step:2411/3250 train_time:241.155s step_avg:100.02ms
step:2412/3250 train_time:241.734s step_avg:100.22ms
step:2413/3250 train_time:242.313s step_avg:100.42ms
step:2414/3250 train_time:242.892s step_avg:100.62ms
step:2415/3250 train_time:243.471s step_avg:100.82ms
step:2416/3250 train_time:244.052s step_avg:101.01ms
step:2417/3250 train_time:244.632s step_avg:101.21ms
step:2418/3250 train_time:245.213s step_avg:101.41ms
step:2419/3250 train_time:245.793s step_avg:101.61ms
step:2420/3250 train_time:246.371s step_avg:101.81ms
step:2421/3250 train_time:246.953s step_avg:102.00ms
step:2422/3250 train_time:247.533s step_avg:102.20ms
step:2423/3250 train_time:248.112s step_avg:102.40ms
step:2424/3250 train_time:248.691s step_avg:102.60ms
step:2425/3250 train_time:249.272s step_avg:102.79ms
step:2426/3250 train_time:249.854s step_avg:102.99ms
step:2427/3250 train_time:250.433s step_avg:103.19ms
step:2428/3250 train_time:251.013s step_avg:103.38ms
step:2429/3250 train_time:251.595s step_avg:103.58ms
step:2430/3250 train_time:252.172s step_avg:103.77ms
step:2431/3250 train_time:252.754s step_avg:103.97ms
step:2432/3250 train_time:253.333s step_avg:104.17ms
step:2433/3250 train_time:253.913s step_avg:104.36ms
step:2434/3250 train_time:254.492s step_avg:104.56ms
step:2435/3250 train_time:255.072s step_avg:104.75ms
step:2436/3250 train_time:255.654s step_avg:104.95ms
step:2437/3250 train_time:256.233s step_avg:105.14ms
step:2438/3250 train_time:256.815s step_avg:105.34ms
step:2439/3250 train_time:257.393s step_avg:105.53ms
step:2440/3250 train_time:257.974s step_avg:105.73ms
step:2441/3250 train_time:258.589s step_avg:105.94ms
step:2442/3250 train_time:259.176s step_avg:106.13ms
step:2443/3250 train_time:259.752s step_avg:106.32ms
step:2444/3250 train_time:260.335s step_avg:106.52ms
step:2445/3250 train_time:260.912s step_avg:106.71ms
step:2446/3250 train_time:261.496s step_avg:106.91ms
step:2447/3250 train_time:262.074s step_avg:107.10ms
step:2448/3250 train_time:262.658s step_avg:107.30ms
step:2449/3250 train_time:263.238s step_avg:107.49ms
step:2450/3250 train_time:263.818s step_avg:107.68ms
step:2451/3250 train_time:264.399s step_avg:107.87ms
step:2452/3250 train_time:264.982s step_avg:108.07ms
step:2453/3250 train_time:265.566s step_avg:108.26ms
step:2454/3250 train_time:266.151s step_avg:108.46ms
step:2455/3250 train_time:266.733s step_avg:108.65ms
step:2456/3250 train_time:267.313s step_avg:108.84ms
step:2457/3250 train_time:267.892s step_avg:109.03ms
step:2458/3250 train_time:268.474s step_avg:109.22ms
step:2459/3250 train_time:269.056s step_avg:109.42ms
step:2460/3250 train_time:269.637s step_avg:109.61ms
step:2461/3250 train_time:270.218s step_avg:109.80ms
step:2462/3250 train_time:270.800s step_avg:109.99ms
step:2463/3250 train_time:271.380s step_avg:110.18ms
step:2464/3250 train_time:271.964s step_avg:110.38ms
step:2465/3250 train_time:272.549s step_avg:110.57ms
step:2466/3250 train_time:273.132s step_avg:110.76ms
step:2467/3250 train_time:273.713s step_avg:110.95ms
step:2468/3250 train_time:274.295s step_avg:111.14ms
step:2469/3250 train_time:274.876s step_avg:111.33ms
step:2470/3250 train_time:275.457s step_avg:111.52ms
step:2471/3250 train_time:276.036s step_avg:111.71ms
step:2472/3250 train_time:276.613s step_avg:111.90ms
step:2473/3250 train_time:277.193s step_avg:112.09ms
step:2474/3250 train_time:277.773s step_avg:112.28ms
step:2475/3250 train_time:278.354s step_avg:112.47ms
step:2476/3250 train_time:278.934s step_avg:112.66ms
step:2477/3250 train_time:279.514s step_avg:112.84ms
step:2478/3250 train_time:280.095s step_avg:113.03ms
step:2479/3250 train_time:280.674s step_avg:113.22ms
step:2480/3250 train_time:281.256s step_avg:113.41ms
step:2481/3250 train_time:281.836s step_avg:113.60ms
step:2482/3250 train_time:282.415s step_avg:113.79ms
step:2483/3250 train_time:282.993s step_avg:113.97ms
step:2484/3250 train_time:283.573s step_avg:114.16ms
step:2485/3250 train_time:284.156s step_avg:114.35ms
step:2486/3250 train_time:284.734s step_avg:114.54ms
step:2487/3250 train_time:285.313s step_avg:114.72ms
step:2488/3250 train_time:285.928s step_avg:114.92ms
step:2489/3250 train_time:286.516s step_avg:115.11ms
step:2490/3250 train_time:287.093s step_avg:115.30ms
step:2491/3250 train_time:287.676s step_avg:115.49ms
step:2492/3250 train_time:288.254s step_avg:115.67ms
step:2493/3250 train_time:288.837s step_avg:115.86ms
step:2494/3250 train_time:289.415s step_avg:116.04ms
step:2495/3250 train_time:289.999s step_avg:116.23ms
step:2496/3250 train_time:290.578s step_avg:116.42ms
step:2497/3250 train_time:291.162s step_avg:116.60ms
step:2498/3250 train_time:291.746s step_avg:116.79ms
step:2499/3250 train_time:292.332s step_avg:116.98ms
step:2500/3250 train_time:292.913s step_avg:117.17ms
step:2500/3250 val_loss:3.28059 train_time:292.925s step_avg:581.46ms
step:2501/3250 train_time:293.500s step_avg:117.35ms
step:2502/3250 train_time:294.080s step_avg:117.54ms
step:2503/3250 train_time:294.663s step_avg:117.72ms
step:2504/3250 train_time:295.241s step_avg:117.91ms
step:2505/3250 train_time:295.824s step_avg:118.09ms
step:2506/3250 train_time:296.401s step_avg:118.28ms
step:2507/3250 train_time:296.985s step_avg:118.46ms
step:2508/3250 train_time:297.565s step_avg:118.65ms
step:2509/3250 train_time:298.144s step_avg:118.83ms
step:2510/3250 train_time:298.725s step_avg:119.01ms
step:2511/3250 train_time:299.307s step_avg:119.20ms
step:2512/3250 train_time:299.891s step_avg:119.38ms
step:2513/3250 train_time:300.474s step_avg:119.57ms
step:2514/3250 train_time:301.061s step_avg:119.75ms
step:2515/3250 train_time:301.639s step_avg:119.94ms
step:2516/3250 train_time:302.223s step_avg:120.12ms
step:2517/3250 train_time:302.799s step_avg:120.30ms
step:2518/3250 train_time:303.381s step_avg:120.48ms
step:2519/3250 train_time:303.959s step_avg:120.67ms
step:2520/3250 train_time:304.538s step_avg:120.85ms
step:2521/3250 train_time:305.118s step_avg:121.03ms
step:2522/3250 train_time:305.697s step_avg:121.21ms
step:2523/3250 train_time:306.279s step_avg:121.39ms
step:2524/3250 train_time:306.858s step_avg:121.58ms
step:2525/3250 train_time:307.438s step_avg:121.76ms
step:2526/3250 train_time:308.019s step_avg:121.94ms
step:2527/3250 train_time:308.599s step_avg:122.12ms
step:2528/3250 train_time:309.180s step_avg:122.30ms
step:2529/3250 train_time:309.759s step_avg:122.48ms
step:2530/3250 train_time:310.339s step_avg:122.66ms
step:2531/3250 train_time:310.918s step_avg:122.84ms
step:2532/3250 train_time:311.500s step_avg:123.03ms
step:2533/3250 train_time:312.082s step_avg:123.21ms
step:2534/3250 train_time:312.660s step_avg:123.39ms
step:2535/3250 train_time:313.275s step_avg:123.58ms
step:2536/3250 train_time:313.861s step_avg:123.76ms
step:2537/3250 train_time:314.436s step_avg:123.94ms
step:2538/3250 train_time:315.021s step_avg:124.12ms
step:2539/3250 train_time:315.597s step_avg:124.30ms
step:2540/3250 train_time:316.183s step_avg:124.48ms
step:2541/3250 train_time:316.760s step_avg:124.66ms
step:2542/3250 train_time:317.341s step_avg:124.84ms
step:2543/3250 train_time:317.919s step_avg:125.02ms
step:2544/3250 train_time:318.498s step_avg:125.20ms
step:2545/3250 train_time:319.081s step_avg:125.38ms
step:2546/3250 train_time:319.658s step_avg:125.55ms
step:2547/3250 train_time:320.239s step_avg:125.73ms
step:2548/3250 train_time:320.819s step_avg:125.91ms
step:2549/3250 train_time:321.398s step_avg:126.09ms
step:2550/3250 train_time:321.979s step_avg:126.27ms
step:2551/3250 train_time:322.558s step_avg:126.44ms
step:2552/3250 train_time:323.139s step_avg:126.62ms
step:2553/3250 train_time:323.718s step_avg:126.80ms
step:2554/3250 train_time:324.298s step_avg:126.98ms
step:2555/3250 train_time:324.879s step_avg:127.15ms
step:2556/3250 train_time:325.459s step_avg:127.33ms
step:2557/3250 train_time:326.037s step_avg:127.51ms
step:2558/3250 train_time:326.618s step_avg:127.69ms
step:2559/3250 train_time:327.197s step_avg:127.86ms
step:2560/3250 train_time:327.778s step_avg:128.04ms
step:2561/3250 train_time:328.356s step_avg:128.21ms
step:2562/3250 train_time:328.937s step_avg:128.39ms
step:2563/3250 train_time:329.517s step_avg:128.57ms
step:2564/3250 train_time:330.096s step_avg:128.74ms
step:2565/3250 train_time:330.678s step_avg:128.92ms
step:2566/3250 train_time:331.257s step_avg:129.09ms
step:2567/3250 train_time:331.839s step_avg:129.27ms
step:2568/3250 train_time:332.417s step_avg:129.45ms
step:2569/3250 train_time:332.997s step_avg:129.62ms
step:2570/3250 train_time:333.577s step_avg:129.80ms
step:2571/3250 train_time:334.158s step_avg:129.97ms
step:2572/3250 train_time:334.738s step_avg:130.15ms
step:2573/3250 train_time:335.319s step_avg:130.32ms
step:2574/3250 train_time:335.897s step_avg:130.50ms
step:2575/3250 train_time:336.479s step_avg:130.67ms
step:2576/3250 train_time:337.058s step_avg:130.85ms
step:2577/3250 train_time:337.637s step_avg:131.02ms
step:2578/3250 train_time:338.218s step_avg:131.19ms
step:2579/3250 train_time:338.796s step_avg:131.37ms
step:2580/3250 train_time:339.379s step_avg:131.54ms
step:2581/3250 train_time:339.958s step_avg:131.72ms
step:2582/3250 train_time:340.576s step_avg:131.90ms
step:2583/3250 train_time:341.164s step_avg:132.08ms
step:2584/3250 train_time:341.737s step_avg:132.25ms
step:2585/3250 train_time:342.320s step_avg:132.43ms
step:2586/3250 train_time:342.896s step_avg:132.60ms
step:2587/3250 train_time:343.479s step_avg:132.77ms
step:2588/3250 train_time:344.057s step_avg:132.94ms
step:2589/3250 train_time:344.639s step_avg:133.12ms
step:2590/3250 train_time:345.218s step_avg:133.29ms
step:2591/3250 train_time:345.798s step_avg:133.46ms
step:2592/3250 train_time:346.379s step_avg:133.63ms
step:2593/3250 train_time:346.959s step_avg:133.81ms
step:2594/3250 train_time:347.538s step_avg:133.98ms
step:2595/3250 train_time:348.123s step_avg:134.15ms
step:2596/3250 train_time:348.699s step_avg:134.32ms
step:2597/3250 train_time:349.281s step_avg:134.49ms
step:2598/3250 train_time:349.857s step_avg:134.66ms
step:2599/3250 train_time:350.439s step_avg:134.84ms
step:2600/3250 train_time:351.018s step_avg:135.01ms
step:2601/3250 train_time:351.601s step_avg:135.18ms
step:2602/3250 train_time:352.180s step_avg:135.35ms
step:2603/3250 train_time:352.761s step_avg:135.52ms
step:2604/3250 train_time:353.339s step_avg:135.69ms
step:2605/3250 train_time:353.920s step_avg:135.86ms
step:2606/3250 train_time:354.500s step_avg:136.03ms
step:2607/3250 train_time:355.082s step_avg:136.20ms
step:2608/3250 train_time:355.661s step_avg:136.37ms
step:2609/3250 train_time:356.239s step_avg:136.54ms
step:2610/3250 train_time:356.819s step_avg:136.71ms
step:2611/3250 train_time:357.399s step_avg:136.88ms
step:2612/3250 train_time:357.979s step_avg:137.05ms
step:2613/3250 train_time:358.558s step_avg:137.22ms
step:2614/3250 train_time:359.139s step_avg:137.39ms
step:2615/3250 train_time:359.718s step_avg:137.56ms
step:2616/3250 train_time:360.298s step_avg:137.73ms
step:2617/3250 train_time:360.878s step_avg:137.90ms
step:2618/3250 train_time:361.458s step_avg:138.07ms
step:2619/3250 train_time:362.039s step_avg:138.24ms
step:2620/3250 train_time:362.622s step_avg:138.41ms
step:2621/3250 train_time:363.200s step_avg:138.57ms
step:2622/3250 train_time:363.782s step_avg:138.74ms
step:2623/3250 train_time:364.360s step_avg:138.91ms
step:2624/3250 train_time:364.941s step_avg:139.08ms
step:2625/3250 train_time:365.520s step_avg:139.25ms
step:2625/3250 val_loss:3.26209 train_time:365.532s step_avg:580.86ms
step:2626/3250 train_time:366.105s step_avg:139.42ms
step:2627/3250 train_time:366.687s step_avg:139.58ms
step:2628/3250 train_time:367.268s step_avg:139.75ms
step:2629/3250 train_time:367.880s step_avg:139.93ms
step:2630/3250 train_time:368.468s step_avg:140.10ms
step:2631/3250 train_time:369.045s step_avg:140.27ms
step:2632/3250 train_time:369.630s step_avg:140.44ms
step:2633/3250 train_time:370.209s step_avg:140.60ms
step:2634/3250 train_time:370.793s step_avg:140.77ms
step:2635/3250 train_time:371.369s step_avg:140.94ms
step:2636/3250 train_time:371.951s step_avg:141.10ms
step:2637/3250 train_time:372.529s step_avg:141.27ms
step:2638/3250 train_time:373.113s step_avg:141.44ms
step:2639/3250 train_time:373.690s step_avg:141.60ms
step:2640/3250 train_time:374.272s step_avg:141.77ms
step:2641/3250 train_time:374.852s step_avg:141.94ms
step:2642/3250 train_time:375.433s step_avg:142.10ms
step:2643/3250 train_time:376.013s step_avg:142.27ms
step:2644/3250 train_time:376.591s step_avg:142.43ms
step:2645/3250 train_time:377.170s step_avg:142.60ms
step:2646/3250 train_time:377.749s step_avg:142.76ms
step:2647/3250 train_time:378.330s step_avg:142.93ms
step:2648/3250 train_time:378.911s step_avg:143.09ms
step:2649/3250 train_time:379.489s step_avg:143.26ms
step:2650/3250 train_time:380.068s step_avg:143.42ms
step:2651/3250 train_time:380.650s step_avg:143.59ms
step:2652/3250 train_time:381.230s step_avg:143.75ms
step:2653/3250 train_time:381.810s step_avg:143.92ms
step:2654/3250 train_time:382.391s step_avg:144.08ms
step:2655/3250 train_time:382.969s step_avg:144.24ms
step:2656/3250 train_time:383.550s step_avg:144.41ms
step:2657/3250 train_time:384.132s step_avg:144.57ms
step:2658/3250 train_time:384.711s step_avg:144.74ms
step:2659/3250 train_time:385.291s step_avg:144.90ms
step:2660/3250 train_time:385.869s step_avg:145.06ms
step:2661/3250 train_time:386.450s step_avg:145.23ms
step:2662/3250 train_time:387.030s step_avg:145.39ms
step:2663/3250 train_time:387.611s step_avg:145.55ms
step:2664/3250 train_time:388.192s step_avg:145.72ms
step:2665/3250 train_time:388.770s step_avg:145.88ms
step:2666/3250 train_time:389.350s step_avg:146.04ms
step:2667/3250 train_time:389.930s step_avg:146.21ms
step:2668/3250 train_time:390.509s step_avg:146.37ms
step:2669/3250 train_time:391.090s step_avg:146.53ms
step:2670/3250 train_time:391.669s step_avg:146.69ms
step:2671/3250 train_time:392.249s step_avg:146.85ms
step:2672/3250 train_time:392.830s step_avg:147.02ms
step:2673/3250 train_time:393.412s step_avg:147.18ms
step:2674/3250 train_time:393.990s step_avg:147.34ms
step:2675/3250 train_time:394.569s step_avg:147.50ms
step:2676/3250 train_time:395.183s step_avg:147.68ms
step:2677/3250 train_time:395.774s step_avg:147.84ms
step:2678/3250 train_time:396.348s step_avg:148.00ms
step:2679/3250 train_time:396.932s step_avg:148.16ms
step:2680/3250 train_time:397.510s step_avg:148.32ms
step:2681/3250 train_time:398.094s step_avg:148.49ms
step:2682/3250 train_time:398.670s step_avg:148.65ms
step:2683/3250 train_time:399.253s step_avg:148.81ms
step:2684/3250 train_time:399.830s step_avg:148.97ms
step:2685/3250 train_time:400.413s step_avg:149.13ms
step:2686/3250 train_time:400.993s step_avg:149.29ms
step:2687/3250 train_time:401.574s step_avg:149.45ms
step:2688/3250 train_time:402.155s step_avg:149.61ms
step:2689/3250 train_time:402.735s step_avg:149.77ms
step:2690/3250 train_time:403.320s step_avg:149.93ms
step:2691/3250 train_time:403.906s step_avg:150.10ms
step:2692/3250 train_time:404.490s step_avg:150.26ms
step:2693/3250 train_time:405.068s step_avg:150.42ms
step:2694/3250 train_time:405.651s step_avg:150.58ms
step:2695/3250 train_time:406.232s step_avg:150.74ms
step:2696/3250 train_time:406.812s step_avg:150.89ms
step:2697/3250 train_time:407.394s step_avg:151.05ms
step:2698/3250 train_time:407.975s step_avg:151.21ms
step:2699/3250 train_time:408.560s step_avg:151.37ms
step:2700/3250 train_time:409.145s step_avg:151.54ms
step:2701/3250 train_time:409.729s step_avg:151.70ms
step:2702/3250 train_time:410.312s step_avg:151.86ms
step:2703/3250 train_time:410.892s step_avg:152.01ms
step:2704/3250 train_time:411.470s step_avg:152.17ms
step:2705/3250 train_time:412.052s step_avg:152.33ms
step:2706/3250 train_time:412.630s step_avg:152.49ms
step:2707/3250 train_time:413.214s step_avg:152.65ms
step:2708/3250 train_time:413.791s step_avg:152.80ms
step:2709/3250 train_time:414.370s step_avg:152.96ms
step:2710/3250 train_time:414.949s step_avg:153.12ms
step:2711/3250 train_time:415.531s step_avg:153.28ms
step:2712/3250 train_time:416.110s step_avg:153.43ms
step:2713/3250 train_time:416.691s step_avg:153.59ms
step:2714/3250 train_time:417.269s step_avg:153.75ms
step:2715/3250 train_time:417.849s step_avg:153.90ms
step:2716/3250 train_time:418.430s step_avg:154.06ms
step:2717/3250 train_time:419.010s step_avg:154.22ms
step:2718/3250 train_time:419.590s step_avg:154.37ms
step:2719/3250 train_time:420.169s step_avg:154.53ms
step:2720/3250 train_time:420.751s step_avg:154.69ms
step:2721/3250 train_time:421.330s step_avg:154.84ms
step:2722/3250 train_time:421.912s step_avg:155.00ms
step:2723/3250 train_time:422.527s step_avg:155.17ms
step:2724/3250 train_time:423.114s step_avg:155.33ms
step:2725/3250 train_time:423.690s step_avg:155.48ms
step:2726/3250 train_time:424.271s step_avg:155.64ms
step:2727/3250 train_time:424.850s step_avg:155.79ms
step:2728/3250 train_time:425.430s step_avg:155.95ms
step:2729/3250 train_time:426.011s step_avg:156.11ms
step:2730/3250 train_time:426.589s step_avg:156.26ms
step:2731/3250 train_time:427.168s step_avg:156.41ms
step:2732/3250 train_time:427.750s step_avg:156.57ms
step:2733/3250 train_time:428.329s step_avg:156.73ms
step:2734/3250 train_time:428.911s step_avg:156.88ms
step:2735/3250 train_time:429.490s step_avg:157.03ms
step:2736/3250 train_time:430.069s step_avg:157.19ms
step:2737/3250 train_time:430.648s step_avg:157.34ms
step:2738/3250 train_time:431.230s step_avg:157.50ms
step:2739/3250 train_time:431.809s step_avg:157.65ms
step:2740/3250 train_time:432.390s step_avg:157.81ms
step:2741/3250 train_time:432.969s step_avg:157.96ms
step:2742/3250 train_time:433.548s step_avg:158.11ms
step:2743/3250 train_time:434.129s step_avg:158.27ms
step:2744/3250 train_time:434.710s step_avg:158.42ms
step:2745/3250 train_time:435.291s step_avg:158.58ms
step:2746/3250 train_time:435.871s step_avg:158.73ms
step:2747/3250 train_time:436.450s step_avg:158.88ms
step:2748/3250 train_time:437.028s step_avg:159.04ms
step:2749/3250 train_time:437.609s step_avg:159.19ms
step:2750/3250 train_time:438.189s step_avg:159.34ms
step:2750/3250 val_loss:3.24354 train_time:438.201s step_avg:581.35ms
step:2751/3250 train_time:439.440s step_avg:159.74ms
ARM_EXIT=0 req027_b4x_mu0_s1
