=== eos_f1500_s100 : run.py configs/req019/eos_f1500_s100.yaml ===
W0830 11:57:44.608000 9166 torch/distributed/run.py:852] 
W0830 11:57:44.608000 9166 torch/distributed/run.py:852] *****************************************
W0830 11:57:44.608000 9166 torch/distributed/run.py:852] Setting OMP_NUM_THREADS environment variable for each process to be 1 in default, to avoid your system being overloaded, please further tune the variable for optimal performance in your application as needed. 
W0830 11:57:44.608000 9166 torch/distributed/run.py:852] *****************************************
logs/2b1298e1-ebff-47b1-9c1d-15a780fdfc3d.txt
resumed training state from step 1500 in eos_shared_state, skipped 1500 batches
step:0/3250 val_loss:3.52212 train_time:0.001s step_avg:nanms
learning_rates step:1500 [{'pattern': '^embed\\.weight$', 'lr': [0.7]}, {'pattern': '^proj\\.weight$', 'lr': [0.004]}, {'pattern': '^blocks\\..*\\.weight$', 'lr': [0.025]}, {'pattern': '.*', 'lr': [0.015]}]
step:1501/3250 train_time:3.137s step_avg:2.09ms
learning_rates step:1501 [{'pattern': '^embed\\.weight$', 'lr': [0.7]}, {'pattern': '^proj\\.weight$', 'lr': [0.004]}, {'pattern': '^blocks\\..*\\.weight$', 'lr': [0.025]}, {'pattern': '.*', 'lr': [0.015]}]
step:1502/3250 train_time:3.276s step_avg:2.18ms
step:1503/3250 train_time:3.430s step_avg:2.28ms
step:1504/3250 train_time:3.585s step_avg:2.38ms
step:1505/3250 train_time:3.737s step_avg:2.48ms
step:1506/3250 train_time:3.889s step_avg:2.58ms
step:1507/3250 train_time:4.043s step_avg:2.68ms
step:1508/3250 train_time:4.196s step_avg:2.78ms
step:1509/3250 train_time:4.348s step_avg:2.88ms
step:1510/3250 train_time:4.504s step_avg:2.98ms
step:1511/3250 train_time:4.656s step_avg:3.08ms
step:1512/3250 train_time:4.809s step_avg:3.18ms
step:1513/3250 train_time:4.964s step_avg:3.28ms
step:1514/3250 train_time:5.122s step_avg:3.38ms
step:1515/3250 train_time:5.270s step_avg:3.48ms
step:1516/3250 train_time:5.424s step_avg:3.58ms
step:1517/3250 train_time:5.576s step_avg:3.68ms
step:1518/3250 train_time:5.730s step_avg:3.77ms
step:1519/3250 train_time:5.884s step_avg:3.87ms
step:1520/3250 train_time:6.037s step_avg:3.97ms
step:1521/3250 train_time:6.235s step_avg:4.10ms
step:1522/3250 train_time:6.388s step_avg:4.20ms
step:1523/3250 train_time:6.540s step_avg:4.29ms
step:1524/3250 train_time:6.692s step_avg:4.39ms
step:1525/3250 train_time:6.845s step_avg:4.49ms
step:1526/3250 train_time:6.999s step_avg:4.59ms
step:1527/3250 train_time:7.155s step_avg:4.69ms
step:1528/3250 train_time:7.308s step_avg:4.78ms
step:1529/3250 train_time:7.464s step_avg:4.88ms
step:1530/3250 train_time:7.617s step_avg:4.98ms
step:1531/3250 train_time:7.770s step_avg:5.08ms
step:1532/3250 train_time:7.924s step_avg:5.17ms
step:1533/3250 train_time:8.077s step_avg:5.27ms
step:1534/3250 train_time:8.231s step_avg:5.37ms
step:1535/3250 train_time:8.386s step_avg:5.46ms
step:1536/3250 train_time:8.539s step_avg:5.56ms
step:1537/3250 train_time:8.693s step_avg:5.66ms
step:1538/3250 train_time:8.846s step_avg:5.75ms
step:1539/3250 train_time:9.000s step_avg:5.85ms
step:1540/3250 train_time:9.154s step_avg:5.94ms
step:1541/3250 train_time:9.309s step_avg:6.04ms
step:1542/3250 train_time:9.464s step_avg:6.14ms
step:1543/3250 train_time:9.616s step_avg:6.23ms
step:1544/3250 train_time:9.770s step_avg:6.33ms
step:1545/3250 train_time:9.924s step_avg:6.42ms
step:1546/3250 train_time:10.077s step_avg:6.52ms
step:1547/3250 train_time:10.231s step_avg:6.61ms
step:1548/3250 train_time:10.385s step_avg:6.71ms
step:1549/3250 train_time:10.539s step_avg:6.80ms
step:1550/3250 train_time:10.693s step_avg:6.90ms
step:1551/3250 train_time:10.847s step_avg:6.99ms
step:1552/3250 train_time:11.000s step_avg:7.09ms
step:1553/3250 train_time:11.155s step_avg:7.18ms
step:1554/3250 train_time:11.309s step_avg:7.28ms
step:1555/3250 train_time:11.463s step_avg:7.37ms
step:1556/3250 train_time:11.616s step_avg:7.47ms
step:1557/3250 train_time:11.770s step_avg:7.56ms
step:1558/3250 train_time:11.924s step_avg:7.65ms
step:1559/3250 train_time:12.078s step_avg:7.75ms
step:1560/3250 train_time:12.232s step_avg:7.84ms
step:1561/3250 train_time:12.387s step_avg:7.94ms
step:1562/3250 train_time:12.540s step_avg:8.03ms
step:1563/3250 train_time:12.694s step_avg:8.12ms
step:1564/3250 train_time:12.847s step_avg:8.21ms
step:1565/3250 train_time:13.002s step_avg:8.31ms
step:1566/3250 train_time:13.156s step_avg:8.40ms
step:1567/3250 train_time:13.309s step_avg:8.49ms
step:1568/3250 train_time:13.463s step_avg:8.59ms
step:1569/3250 train_time:13.617s step_avg:8.68ms
step:1570/3250 train_time:13.771s step_avg:8.77ms
step:1571/3250 train_time:13.925s step_avg:8.86ms
step:1572/3250 train_time:14.079s step_avg:8.96ms
step:1573/3250 train_time:14.232s step_avg:9.05ms
step:1574/3250 train_time:14.386s step_avg:9.14ms
step:1575/3250 train_time:14.539s step_avg:9.23ms
step:1576/3250 train_time:14.692s step_avg:9.32ms
step:1577/3250 train_time:14.846s step_avg:9.41ms
step:1578/3250 train_time:15.001s step_avg:9.51ms
step:1579/3250 train_time:15.156s step_avg:9.60ms
step:1580/3250 train_time:15.311s step_avg:9.69ms
step:1581/3250 train_time:15.465s step_avg:9.78ms
step:1582/3250 train_time:15.618s step_avg:9.87ms
step:1583/3250 train_time:15.773s step_avg:9.96ms
step:1584/3250 train_time:15.926s step_avg:10.05ms
step:1585/3250 train_time:16.080s step_avg:10.14ms
step:1586/3250 train_time:16.235s step_avg:10.24ms
step:1587/3250 train_time:16.389s step_avg:10.33ms
step:1588/3250 train_time:16.541s step_avg:10.42ms
step:1589/3250 train_time:16.695s step_avg:10.51ms
step:1590/3250 train_time:16.848s step_avg:10.60ms
step:1591/3250 train_time:17.004s step_avg:10.69ms
step:1592/3250 train_time:17.158s step_avg:10.78ms
step:1593/3250 train_time:17.312s step_avg:10.87ms
step:1594/3250 train_time:17.466s step_avg:10.96ms
step:1595/3250 train_time:17.619s step_avg:11.05ms
step:1596/3250 train_time:17.773s step_avg:11.14ms
step:1597/3250 train_time:17.928s step_avg:11.23ms
step:1598/3250 train_time:18.082s step_avg:11.32ms
step:1599/3250 train_time:18.236s step_avg:11.40ms
step:1600/3250 train_time:18.390s step_avg:11.49ms
step:1601/3250 train_time:18.546s step_avg:11.58ms
step:1602/3250 train_time:18.700s step_avg:11.67ms
step:1603/3250 train_time:18.855s step_avg:11.76ms
step:1604/3250 train_time:19.009s step_avg:11.85ms
step:1605/3250 train_time:19.164s step_avg:11.94ms
step:1606/3250 train_time:19.316s step_avg:12.03ms
step:1607/3250 train_time:19.471s step_avg:12.12ms
step:1608/3250 train_time:19.626s step_avg:12.20ms
step:1609/3250 train_time:19.781s step_avg:12.29ms
step:1610/3250 train_time:19.936s step_avg:12.38ms
step:1611/3250 train_time:20.090s step_avg:12.47ms
step:1612/3250 train_time:20.244s step_avg:12.56ms
step:1613/3250 train_time:20.397s step_avg:12.65ms
step:1614/3250 train_time:20.552s step_avg:12.73ms
step:1615/3250 train_time:20.707s step_avg:12.82ms
step:1616/3250 train_time:20.863s step_avg:12.91ms
step:1617/3250 train_time:21.016s step_avg:13.00ms
step:1618/3250 train_time:21.172s step_avg:13.09ms
step:1619/3250 train_time:21.326s step_avg:13.17ms
step:1620/3250 train_time:21.479s step_avg:13.26ms
step:1621/3250 train_time:21.635s step_avg:13.35ms
step:1622/3250 train_time:21.788s step_avg:13.43ms
step:1623/3250 train_time:21.941s step_avg:13.52ms
step:1624/3250 train_time:22.095s step_avg:13.61ms
step:1625/3250 train_time:22.249s step_avg:13.69ms
step:1625/3250 val_loss:3.55948 train_time:22.261s step_avg:13.70ms
step:1626/3250 train_time:23.043s step_avg:14.17ms
step:1627/3250 train_time:23.183s step_avg:14.25ms
step:1628/3250 train_time:23.338s step_avg:14.34ms
step:1629/3250 train_time:23.492s step_avg:14.42ms
step:1630/3250 train_time:23.645s step_avg:14.51ms
step:1631/3250 train_time:23.798s step_avg:14.59ms
step:1632/3250 train_time:23.951s step_avg:14.68ms
step:1633/3250 train_time:24.106s step_avg:14.76ms
step:1634/3250 train_time:24.261s step_avg:14.85ms
step:1635/3250 train_time:24.417s step_avg:14.93ms
step:1636/3250 train_time:24.570s step_avg:15.02ms
step:1637/3250 train_time:24.725s step_avg:15.10ms
step:1638/3250 train_time:24.878s step_avg:15.19ms
step:1639/3250 train_time:25.032s step_avg:15.27ms
step:1640/3250 train_time:25.187s step_avg:15.36ms
step:1641/3250 train_time:25.341s step_avg:15.44ms
step:1642/3250 train_time:25.497s step_avg:15.53ms
step:1643/3250 train_time:25.650s step_avg:15.61ms
step:1644/3250 train_time:25.805s step_avg:15.70ms
step:1645/3250 train_time:25.959s step_avg:15.78ms
step:1646/3250 train_time:26.114s step_avg:15.87ms
step:1647/3250 train_time:26.267s step_avg:15.95ms
step:1648/3250 train_time:26.422s step_avg:16.03ms
step:1649/3250 train_time:26.576s step_avg:16.12ms
step:1650/3250 train_time:26.729s step_avg:16.20ms
step:1651/3250 train_time:26.883s step_avg:16.28ms
step:1652/3250 train_time:27.037s step_avg:16.37ms
step:1653/3250 train_time:27.191s step_avg:16.45ms
step:1654/3250 train_time:27.345s step_avg:16.53ms
step:1655/3250 train_time:27.499s step_avg:16.62ms
step:1656/3250 train_time:27.654s step_avg:16.70ms
step:1657/3250 train_time:27.807s step_avg:16.78ms
step:1658/3250 train_time:27.960s step_avg:16.86ms
step:1659/3250 train_time:28.113s step_avg:16.95ms
step:1660/3250 train_time:28.267s step_avg:17.03ms
step:1661/3250 train_time:28.421s step_avg:17.11ms
step:1662/3250 train_time:28.575s step_avg:17.19ms
step:1663/3250 train_time:28.729s step_avg:17.28ms
step:1664/3250 train_time:28.884s step_avg:17.36ms
step:1665/3250 train_time:29.040s step_avg:17.44ms
step:1666/3250 train_time:29.196s step_avg:17.52ms
step:1667/3250 train_time:29.348s step_avg:17.61ms
step:1668/3250 train_time:29.501s step_avg:17.69ms
step:1669/3250 train_time:29.656s step_avg:17.77ms
step:1670/3250 train_time:29.810s step_avg:17.85ms
step:1671/3250 train_time:29.963s step_avg:17.93ms
step:1672/3250 train_time:30.117s step_avg:18.01ms
step:1673/3250 train_time:30.272s step_avg:18.09ms
step:1674/3250 train_time:30.426s step_avg:18.18ms
step:1675/3250 train_time:30.581s step_avg:18.26ms
step:1676/3250 train_time:30.737s step_avg:18.34ms
step:1677/3250 train_time:30.892s step_avg:18.42ms
step:1678/3250 train_time:31.045s step_avg:18.50ms
step:1679/3250 train_time:31.201s step_avg:18.58ms
step:1680/3250 train_time:31.354s step_avg:18.66ms
step:1681/3250 train_time:31.508s step_avg:18.74ms
step:1682/3250 train_time:31.661s step_avg:18.82ms
step:1683/3250 train_time:31.815s step_avg:18.90ms
step:1684/3250 train_time:31.971s step_avg:18.98ms
step:1685/3250 train_time:32.125s step_avg:19.07ms
step:1686/3250 train_time:32.278s step_avg:19.14ms
step:1687/3250 train_time:32.432s step_avg:19.22ms
step:1688/3250 train_time:32.586s step_avg:19.30ms
step:1689/3250 train_time:32.740s step_avg:19.38ms
step:1690/3250 train_time:32.895s step_avg:19.46ms
step:1691/3250 train_time:33.047s step_avg:19.54ms
step:1692/3250 train_time:33.201s step_avg:19.62ms
step:1693/3250 train_time:33.355s step_avg:19.70ms
step:1694/3250 train_time:33.509s step_avg:19.78ms
step:1695/3250 train_time:33.666s step_avg:19.86ms
step:1696/3250 train_time:33.819s step_avg:19.94ms
step:1697/3250 train_time:33.974s step_avg:20.02ms
step:1698/3250 train_time:34.127s step_avg:20.10ms
step:1699/3250 train_time:34.281s step_avg:20.18ms
step:1700/3250 train_time:34.437s step_avg:20.26ms
step:1701/3250 train_time:34.591s step_avg:20.34ms
step:1702/3250 train_time:34.746s step_avg:20.41ms
step:1703/3250 train_time:34.901s step_avg:20.49ms
step:1704/3250 train_time:35.054s step_avg:20.57ms
step:1705/3250 train_time:35.208s step_avg:20.65ms
step:1706/3250 train_time:35.361s step_avg:20.73ms
step:1707/3250 train_time:35.517s step_avg:20.81ms
step:1708/3250 train_time:35.671s step_avg:20.88ms
step:1709/3250 train_time:35.825s step_avg:20.96ms
step:1710/3250 train_time:35.979s step_avg:21.04ms
step:1711/3250 train_time:36.179s step_avg:21.15ms
step:1712/3250 train_time:36.333s step_avg:21.22ms
step:1713/3250 train_time:36.487s step_avg:21.30ms
step:1714/3250 train_time:36.640s step_avg:21.38ms
step:1715/3250 train_time:36.794s step_avg:21.45ms
step:1716/3250 train_time:36.947s step_avg:21.53ms
step:1717/3250 train_time:37.101s step_avg:21.61ms
step:1718/3250 train_time:37.255s step_avg:21.69ms
step:1719/3250 train_time:37.409s step_avg:21.76ms
step:1720/3250 train_time:37.564s step_avg:21.84ms
step:1721/3250 train_time:37.719s step_avg:21.92ms
step:1722/3250 train_time:37.873s step_avg:21.99ms
step:1723/3250 train_time:38.026s step_avg:22.07ms
step:1724/3250 train_time:38.179s step_avg:22.15ms
step:1725/3250 train_time:38.334s step_avg:22.22ms
step:1726/3250 train_time:38.487s step_avg:22.30ms
step:1727/3250 train_time:38.641s step_avg:22.37ms
step:1728/3250 train_time:38.797s step_avg:22.45ms
step:1729/3250 train_time:38.949s step_avg:22.53ms
step:1730/3250 train_time:39.105s step_avg:22.60ms
step:1731/3250 train_time:39.259s step_avg:22.68ms
step:1732/3250 train_time:39.414s step_avg:22.76ms
step:1733/3250 train_time:39.567s step_avg:22.83ms
step:1734/3250 train_time:39.721s step_avg:22.91ms
step:1735/3250 train_time:39.875s step_avg:22.98ms
step:1736/3250 train_time:40.029s step_avg:23.06ms
step:1737/3250 train_time:40.182s step_avg:23.13ms
step:1738/3250 train_time:40.337s step_avg:23.21ms
step:1739/3250 train_time:40.492s step_avg:23.28ms
step:1740/3250 train_time:40.646s step_avg:23.36ms
step:1741/3250 train_time:40.800s step_avg:23.43ms
step:1742/3250 train_time:40.954s step_avg:23.51ms
step:1743/3250 train_time:41.107s step_avg:23.58ms
step:1744/3250 train_time:41.261s step_avg:23.66ms
step:1745/3250 train_time:41.416s step_avg:23.73ms
step:1746/3250 train_time:41.570s step_avg:23.81ms
step:1747/3250 train_time:41.724s step_avg:23.88ms
step:1748/3250 train_time:41.878s step_avg:23.96ms
step:1749/3250 train_time:42.033s step_avg:24.03ms
step:1750/3250 train_time:42.187s step_avg:24.11ms
step:1750/3250 val_loss:3.54975 train_time:42.199s step_avg:159.50ms
step:1751/3250 train_time:43.026s step_avg:24.57ms
step:1752/3250 train_time:43.165s step_avg:24.64ms
step:1753/3250 train_time:43.318s step_avg:24.71ms
step:1754/3250 train_time:43.471s step_avg:24.78ms
step:1755/3250 train_time:43.626s step_avg:24.86ms
step:1756/3250 train_time:43.778s step_avg:24.93ms
step:1757/3250 train_time:43.932s step_avg:25.00ms
step:1758/3250 train_time:44.085s step_avg:25.08ms
step:1759/3250 train_time:44.240s step_avg:25.15ms
step:1760/3250 train_time:44.394s step_avg:25.22ms
step:1761/3250 train_time:44.549s step_avg:25.30ms
step:1762/3250 train_time:44.702s step_avg:25.37ms
step:1763/3250 train_time:44.855s step_avg:25.44ms
step:1764/3250 train_time:45.009s step_avg:25.52ms
step:1765/3250 train_time:45.163s step_avg:25.59ms
step:1766/3250 train_time:45.317s step_avg:25.66ms
step:1767/3250 train_time:45.470s step_avg:25.73ms
step:1768/3250 train_time:45.624s step_avg:25.81ms
step:1769/3250 train_time:45.777s step_avg:25.88ms
step:1770/3250 train_time:45.931s step_avg:25.95ms
step:1771/3250 train_time:46.085s step_avg:26.02ms
step:1772/3250 train_time:46.239s step_avg:26.09ms
step:1773/3250 train_time:46.394s step_avg:26.17ms
step:1774/3250 train_time:46.550s step_avg:26.24ms
step:1775/3250 train_time:46.704s step_avg:26.31ms
step:1776/3250 train_time:46.857s step_avg:26.38ms
step:1777/3250 train_time:47.010s step_avg:26.45ms
step:1778/3250 train_time:47.165s step_avg:26.53ms
step:1779/3250 train_time:47.319s step_avg:26.60ms
step:1780/3250 train_time:47.474s step_avg:26.67ms
step:1781/3250 train_time:47.628s step_avg:26.74ms
step:1782/3250 train_time:47.781s step_avg:26.81ms
step:1783/3250 train_time:47.936s step_avg:26.88ms
step:1784/3250 train_time:48.089s step_avg:26.96ms
step:1785/3250 train_time:48.243s step_avg:27.03ms
step:1786/3250 train_time:48.397s step_avg:27.10ms
step:1787/3250 train_time:48.551s step_avg:27.17ms
step:1788/3250 train_time:48.705s step_avg:27.24ms
step:1789/3250 train_time:48.858s step_avg:27.31ms
step:1790/3250 train_time:49.012s step_avg:27.38ms
step:1791/3250 train_time:49.167s step_avg:27.45ms
step:1792/3250 train_time:49.321s step_avg:27.52ms
step:1793/3250 train_time:49.475s step_avg:27.59ms
step:1794/3250 train_time:49.630s step_avg:27.66ms
step:1795/3250 train_time:49.783s step_avg:27.73ms
step:1796/3250 train_time:49.936s step_avg:27.80ms
step:1797/3250 train_time:50.089s step_avg:27.87ms
step:1798/3250 train_time:50.245s step_avg:27.94ms
step:1799/3250 train_time:50.398s step_avg:28.01ms
step:1800/3250 train_time:50.552s step_avg:28.08ms
step:1801/3250 train_time:50.706s step_avg:28.15ms
step:1802/3250 train_time:50.860s step_avg:28.22ms
step:1803/3250 train_time:51.015s step_avg:28.29ms
step:1804/3250 train_time:51.170s step_avg:28.36ms
step:1805/3250 train_time:51.325s step_avg:28.43ms
step:1806/3250 train_time:51.478s step_avg:28.50ms
step:1807/3250 train_time:51.632s step_avg:28.57ms
step:1808/3250 train_time:51.786s step_avg:28.64ms
step:1809/3250 train_time:51.940s step_avg:28.71ms
step:1810/3250 train_time:52.095s step_avg:28.78ms
step:1811/3250 train_time:52.249s step_avg:28.85ms
step:1812/3250 train_time:52.402s step_avg:28.92ms
step:1813/3250 train_time:52.557s step_avg:28.99ms
step:1814/3250 train_time:52.712s step_avg:29.06ms
step:1815/3250 train_time:52.867s step_avg:29.13ms
step:1816/3250 train_time:53.021s step_avg:29.20ms
step:1817/3250 train_time:53.176s step_avg:29.27ms
step:1818/3250 train_time:53.330s step_avg:29.33ms
step:1819/3250 train_time:53.484s step_avg:29.40ms
step:1820/3250 train_time:53.638s step_avg:29.47ms
step:1821/3250 train_time:53.793s step_avg:29.54ms
step:1822/3250 train_time:53.948s step_avg:29.61ms
step:1823/3250 train_time:54.102s step_avg:29.68ms
step:1824/3250 train_time:54.256s step_avg:29.75ms
step:1825/3250 train_time:54.411s step_avg:29.81ms
step:1826/3250 train_time:54.566s step_avg:29.88ms
step:1827/3250 train_time:54.719s step_avg:29.95ms
step:1828/3250 train_time:54.873s step_avg:30.02ms
step:1829/3250 train_time:55.029s step_avg:30.09ms
step:1830/3250 train_time:55.183s step_avg:30.15ms
step:1831/3250 train_time:55.337s step_avg:30.22ms
step:1832/3250 train_time:55.492s step_avg:30.29ms
step:1833/3250 train_time:55.646s step_avg:30.36ms
step:1834/3250 train_time:55.800s step_avg:30.43ms
step:1835/3250 train_time:55.953s step_avg:30.49ms
step:1836/3250 train_time:56.107s step_avg:30.56ms
step:1837/3250 train_time:56.261s step_avg:30.63ms
step:1838/3250 train_time:56.415s step_avg:30.69ms
step:1839/3250 train_time:56.570s step_avg:30.76ms
step:1840/3250 train_time:56.725s step_avg:30.83ms
step:1841/3250 train_time:56.878s step_avg:30.90ms
step:1842/3250 train_time:57.033s step_avg:30.96ms
step:1843/3250 train_time:57.188s step_avg:31.03ms
step:1844/3250 train_time:57.341s step_avg:31.10ms
step:1845/3250 train_time:57.494s step_avg:31.16ms
step:1846/3250 train_time:57.649s step_avg:31.23ms
step:1847/3250 train_time:57.803s step_avg:31.30ms
step:1848/3250 train_time:57.957s step_avg:31.36ms
step:1849/3250 train_time:58.112s step_avg:31.43ms
step:1850/3250 train_time:58.268s step_avg:31.50ms
step:1851/3250 train_time:58.423s step_avg:31.56ms
step:1852/3250 train_time:58.577s step_avg:31.63ms
step:1853/3250 train_time:58.730s step_avg:31.69ms
step:1854/3250 train_time:58.885s step_avg:31.76ms
step:1855/3250 train_time:59.039s step_avg:31.83ms
step:1856/3250 train_time:59.192s step_avg:31.89ms
step:1857/3250 train_time:59.347s step_avg:31.96ms
step:1858/3250 train_time:59.501s step_avg:32.02ms
step:1859/3250 train_time:59.655s step_avg:32.09ms
step:1860/3250 train_time:59.810s step_avg:32.16ms
step:1861/3250 train_time:59.964s step_avg:32.22ms
step:1862/3250 train_time:60.119s step_avg:32.29ms
step:1863/3250 train_time:60.272s step_avg:32.35ms
step:1864/3250 train_time:60.428s step_avg:32.42ms
step:1865/3250 train_time:60.581s step_avg:32.48ms
step:1866/3250 train_time:60.737s step_avg:32.55ms
step:1867/3250 train_time:60.892s step_avg:32.61ms
step:1868/3250 train_time:61.047s step_avg:32.68ms
step:1869/3250 train_time:61.201s step_avg:32.75ms
step:1870/3250 train_time:61.355s step_avg:32.81ms
step:1871/3250 train_time:61.509s step_avg:32.87ms
step:1872/3250 train_time:61.664s step_avg:32.94ms
step:1873/3250 train_time:61.819s step_avg:33.01ms
step:1874/3250 train_time:61.973s step_avg:33.07ms
step:1875/3250 train_time:62.128s step_avg:33.13ms
step:1875/3250 val_loss:3.54098 train_time:62.140s step_avg:159.53ms
step:1876/3250 train_time:63.009s step_avg:33.59ms
step:1877/3250 train_time:63.151s step_avg:33.64ms
step:1878/3250 train_time:63.304s step_avg:33.71ms
step:1879/3250 train_time:63.457s step_avg:33.77ms
step:1880/3250 train_time:63.609s step_avg:33.83ms
step:1881/3250 train_time:63.763s step_avg:33.90ms
step:1882/3250 train_time:63.917s step_avg:33.96ms
step:1883/3250 train_time:64.071s step_avg:34.03ms
step:1884/3250 train_time:64.224s step_avg:34.09ms
step:1885/3250 train_time:64.378s step_avg:34.15ms
step:1886/3250 train_time:64.533s step_avg:34.22ms
step:1887/3250 train_time:64.686s step_avg:34.28ms
step:1888/3250 train_time:64.839s step_avg:34.34ms
step:1889/3250 train_time:64.995s step_avg:34.41ms
step:1890/3250 train_time:65.149s step_avg:34.47ms
step:1891/3250 train_time:65.302s step_avg:34.53ms
step:1892/3250 train_time:65.456s step_avg:34.60ms
step:1893/3250 train_time:65.609s step_avg:34.66ms
step:1894/3250 train_time:65.763s step_avg:34.72ms
step:1895/3250 train_time:65.919s step_avg:34.79ms
step:1896/3250 train_time:66.073s step_avg:34.85ms
step:1897/3250 train_time:66.227s step_avg:34.91ms
step:1898/3250 train_time:66.381s step_avg:34.97ms
step:1899/3250 train_time:66.534s step_avg:35.04ms
step:1900/3250 train_time:66.688s step_avg:35.10ms
step:1901/3250 train_time:66.887s step_avg:35.19ms
step:1902/3250 train_time:67.039s step_avg:35.25ms
step:1903/3250 train_time:67.194s step_avg:35.31ms
step:1904/3250 train_time:67.348s step_avg:35.37ms
step:1905/3250 train_time:67.500s step_avg:35.43ms
step:1906/3250 train_time:67.655s step_avg:35.50ms
step:1907/3250 train_time:67.809s step_avg:35.56ms
step:1908/3250 train_time:67.964s step_avg:35.62ms
step:1909/3250 train_time:68.117s step_avg:35.68ms
step:1910/3250 train_time:68.273s step_avg:35.74ms
step:1911/3250 train_time:68.426s step_avg:35.81ms
step:1912/3250 train_time:68.579s step_avg:35.87ms
step:1913/3250 train_time:68.734s step_avg:35.93ms
step:1914/3250 train_time:68.888s step_avg:35.99ms
step:1915/3250 train_time:69.044s step_avg:36.05ms
step:1916/3250 train_time:69.199s step_avg:36.12ms
step:1917/3250 train_time:69.354s step_avg:36.18ms
step:1918/3250 train_time:69.507s step_avg:36.24ms
step:1919/3250 train_time:69.661s step_avg:36.30ms
step:1920/3250 train_time:69.815s step_avg:36.36ms
step:1921/3250 train_time:69.969s step_avg:36.42ms
step:1922/3250 train_time:70.124s step_avg:36.48ms
step:1923/3250 train_time:70.280s step_avg:36.55ms
step:1924/3250 train_time:70.434s step_avg:36.61ms
step:1925/3250 train_time:70.588s step_avg:36.67ms
step:1926/3250 train_time:70.744s step_avg:36.73ms
step:1927/3250 train_time:70.898s step_avg:36.79ms
step:1928/3250 train_time:71.054s step_avg:36.85ms
step:1929/3250 train_time:71.206s step_avg:36.91ms
step:1930/3250 train_time:71.360s step_avg:36.97ms
step:1931/3250 train_time:71.514s step_avg:37.03ms
step:1932/3250 train_time:71.669s step_avg:37.10ms
step:1933/3250 train_time:71.823s step_avg:37.16ms
step:1934/3250 train_time:71.977s step_avg:37.22ms
step:1935/3250 train_time:72.132s step_avg:37.28ms
step:1936/3250 train_time:72.285s step_avg:37.34ms
step:1937/3250 train_time:72.439s step_avg:37.40ms
step:1938/3250 train_time:72.595s step_avg:37.46ms
step:1939/3250 train_time:72.749s step_avg:37.52ms
step:1940/3250 train_time:72.903s step_avg:37.58ms
step:1941/3250 train_time:73.057s step_avg:37.64ms
step:1942/3250 train_time:73.210s step_avg:37.70ms
step:1943/3250 train_time:73.364s step_avg:37.76ms
step:1944/3250 train_time:73.518s step_avg:37.82ms
step:1945/3250 train_time:73.673s step_avg:37.88ms
step:1946/3250 train_time:73.826s step_avg:37.94ms
step:1947/3250 train_time:73.980s step_avg:38.00ms
step:1948/3250 train_time:74.135s step_avg:38.06ms
step:1949/3250 train_time:74.290s step_avg:38.12ms
step:1950/3250 train_time:74.444s step_avg:38.18ms
step:1951/3250 train_time:74.599s step_avg:38.24ms
step:1952/3250 train_time:74.752s step_avg:38.30ms
step:1953/3250 train_time:74.905s step_avg:38.35ms
step:1954/3250 train_time:75.059s step_avg:38.41ms
step:1955/3250 train_time:75.213s step_avg:38.47ms
step:1956/3250 train_time:75.368s step_avg:38.53ms
step:1957/3250 train_time:75.523s step_avg:38.59ms
step:1958/3250 train_time:75.678s step_avg:38.65ms
step:1959/3250 train_time:75.833s step_avg:38.71ms
step:1960/3250 train_time:75.986s step_avg:38.77ms
step:1961/3250 train_time:76.140s step_avg:38.83ms
step:1962/3250 train_time:76.294s step_avg:38.89ms
step:1963/3250 train_time:76.448s step_avg:38.94ms
step:1964/3250 train_time:76.604s step_avg:39.00ms
step:1965/3250 train_time:76.759s step_avg:39.06ms
step:1966/3250 train_time:76.914s step_avg:39.12ms
step:1967/3250 train_time:77.069s step_avg:39.18ms
step:1968/3250 train_time:77.225s step_avg:39.24ms
step:1969/3250 train_time:77.379s step_avg:39.30ms
step:1970/3250 train_time:77.534s step_avg:39.36ms
step:1971/3250 train_time:77.688s step_avg:39.42ms
step:1972/3250 train_time:77.842s step_avg:39.47ms
step:1973/3250 train_time:77.997s step_avg:39.53ms
step:1974/3250 train_time:78.152s step_avg:39.59ms
step:1975/3250 train_time:78.305s step_avg:39.65ms
step:1976/3250 train_time:78.458s step_avg:39.71ms
step:1977/3250 train_time:78.612s step_avg:39.76ms
step:1978/3250 train_time:78.766s step_avg:39.82ms
step:1979/3250 train_time:78.920s step_avg:39.88ms
step:1980/3250 train_time:79.076s step_avg:39.94ms
step:1981/3250 train_time:79.229s step_avg:39.99ms
step:1982/3250 train_time:79.382s step_avg:40.05ms
step:1983/3250 train_time:79.536s step_avg:40.11ms
step:1984/3250 train_time:79.690s step_avg:40.17ms
step:1985/3250 train_time:79.845s step_avg:40.22ms
step:1986/3250 train_time:79.999s step_avg:40.28ms
step:1987/3250 train_time:80.154s step_avg:40.34ms
step:1988/3250 train_time:80.308s step_avg:40.40ms
step:1989/3250 train_time:80.461s step_avg:40.45ms
step:1990/3250 train_time:80.616s step_avg:40.51ms
step:1991/3250 train_time:80.770s step_avg:40.57ms
step:1992/3250 train_time:80.925s step_avg:40.62ms
step:1993/3250 train_time:81.079s step_avg:40.68ms
step:1994/3250 train_time:81.234s step_avg:40.74ms
step:1995/3250 train_time:81.387s step_avg:40.80ms
step:1996/3250 train_time:81.542s step_avg:40.85ms
step:1997/3250 train_time:81.696s step_avg:40.91ms
step:1998/3250 train_time:81.850s step_avg:40.97ms
step:1999/3250 train_time:82.004s step_avg:41.02ms
step:2000/3250 train_time:82.158s step_avg:41.08ms
step:2000/3250 val_loss:3.53191 train_time:82.170s step_avg:160.24ms
step:2001/3250 train_time:82.979s step_avg:41.47ms
step:2002/3250 train_time:83.120s step_avg:41.52ms
step:2003/3250 train_time:83.274s step_avg:41.57ms
step:2004/3250 train_time:83.426s step_avg:41.63ms
step:2005/3250 train_time:83.579s step_avg:41.69ms
step:2006/3250 train_time:83.732s step_avg:41.74ms
step:2007/3250 train_time:83.885s step_avg:41.80ms
step:2008/3250 train_time:84.039s step_avg:41.85ms
step:2009/3250 train_time:84.194s step_avg:41.91ms
step:2010/3250 train_time:84.349s step_avg:41.96ms
step:2011/3250 train_time:84.504s step_avg:42.02ms
step:2012/3250 train_time:84.657s step_avg:42.08ms
step:2013/3250 train_time:84.810s step_avg:42.13ms
step:2014/3250 train_time:84.964s step_avg:42.19ms
step:2015/3250 train_time:85.117s step_avg:42.24ms
step:2016/3250 train_time:85.273s step_avg:42.30ms
step:2017/3250 train_time:85.427s step_avg:42.35ms
step:2018/3250 train_time:85.582s step_avg:42.41ms
step:2019/3250 train_time:85.735s step_avg:42.46ms
step:2020/3250 train_time:85.889s step_avg:42.52ms
step:2021/3250 train_time:86.042s step_avg:42.57ms
step:2022/3250 train_time:86.196s step_avg:42.63ms
step:2023/3250 train_time:86.350s step_avg:42.68ms
step:2024/3250 train_time:86.506s step_avg:42.74ms
step:2025/3250 train_time:86.660s step_avg:42.79ms
step:2026/3250 train_time:86.813s step_avg:42.85ms
step:2027/3250 train_time:86.967s step_avg:42.90ms
step:2028/3250 train_time:87.122s step_avg:42.96ms
step:2029/3250 train_time:87.275s step_avg:43.01ms
step:2030/3250 train_time:87.431s step_avg:43.07ms
step:2031/3250 train_time:87.584s step_avg:43.12ms
step:2032/3250 train_time:87.737s step_avg:43.18ms
step:2033/3250 train_time:87.893s step_avg:43.23ms
step:2034/3250 train_time:88.047s step_avg:43.29ms
step:2035/3250 train_time:88.201s step_avg:43.34ms
step:2036/3250 train_time:88.355s step_avg:43.40ms
step:2037/3250 train_time:88.509s step_avg:43.45ms
step:2038/3250 train_time:88.664s step_avg:43.51ms
step:2039/3250 train_time:88.819s step_avg:43.56ms
step:2040/3250 train_time:88.974s step_avg:43.61ms
step:2041/3250 train_time:89.127s step_avg:43.67ms
step:2042/3250 train_time:89.282s step_avg:43.72ms
step:2043/3250 train_time:89.435s step_avg:43.78ms
step:2044/3250 train_time:89.589s step_avg:43.83ms
step:2045/3250 train_time:89.743s step_avg:43.88ms
step:2046/3250 train_time:89.897s step_avg:43.94ms
step:2047/3250 train_time:90.050s step_avg:43.99ms
step:2048/3250 train_time:90.206s step_avg:44.05ms
step:2049/3250 train_time:90.360s step_avg:44.10ms
step:2050/3250 train_time:90.516s step_avg:44.15ms
step:2051/3250 train_time:90.671s step_avg:44.21ms
step:2052/3250 train_time:90.827s step_avg:44.26ms
step:2053/3250 train_time:90.981s step_avg:44.32ms
step:2054/3250 train_time:91.134s step_avg:44.37ms
step:2055/3250 train_time:91.288s step_avg:44.42ms
step:2056/3250 train_time:91.442s step_avg:44.48ms
step:2057/3250 train_time:91.597s step_avg:44.53ms
step:2058/3250 train_time:91.753s step_avg:44.58ms
step:2059/3250 train_time:91.907s step_avg:44.64ms
step:2060/3250 train_time:92.061s step_avg:44.69ms
step:2061/3250 train_time:92.214s step_avg:44.74ms
step:2062/3250 train_time:92.368s step_avg:44.80ms
step:2063/3250 train_time:92.524s step_avg:44.85ms
step:2064/3250 train_time:92.679s step_avg:44.90ms
step:2065/3250 train_time:92.832s step_avg:44.96ms
step:2066/3250 train_time:92.986s step_avg:45.01ms
step:2067/3250 train_time:93.140s step_avg:45.06ms
step:2068/3250 train_time:93.294s step_avg:45.11ms
step:2069/3250 train_time:93.448s step_avg:45.17ms
step:2070/3250 train_time:93.605s step_avg:45.22ms
step:2071/3250 train_time:93.760s step_avg:45.27ms
step:2072/3250 train_time:93.913s step_avg:45.33ms
step:2073/3250 train_time:94.067s step_avg:45.38ms
step:2074/3250 train_time:94.223s step_avg:45.43ms
step:2075/3250 train_time:94.377s step_avg:45.48ms
step:2076/3250 train_time:94.531s step_avg:45.54ms
step:2077/3250 train_time:94.685s step_avg:45.59ms
step:2078/3250 train_time:94.840s step_avg:45.64ms
step:2079/3250 train_time:94.994s step_avg:45.69ms
step:2080/3250 train_time:95.148s step_avg:45.74ms
step:2081/3250 train_time:95.304s step_avg:45.80ms
step:2082/3250 train_time:95.458s step_avg:45.85ms
step:2083/3250 train_time:95.611s step_avg:45.90ms
step:2084/3250 train_time:95.765s step_avg:45.95ms
step:2085/3250 train_time:95.919s step_avg:46.00ms
step:2086/3250 train_time:96.075s step_avg:46.06ms
step:2087/3250 train_time:96.228s step_avg:46.11ms
step:2088/3250 train_time:96.383s step_avg:46.16ms
step:2089/3250 train_time:96.536s step_avg:46.21ms
step:2090/3250 train_time:96.689s step_avg:46.26ms
step:2091/3250 train_time:96.888s step_avg:46.34ms
step:2092/3250 train_time:97.041s step_avg:46.39ms
step:2093/3250 train_time:97.195s step_avg:46.44ms
step:2094/3250 train_time:97.348s step_avg:46.49ms
step:2095/3250 train_time:97.503s step_avg:46.54ms
step:2096/3250 train_time:97.657s step_avg:46.59ms
step:2097/3250 train_time:97.811s step_avg:46.64ms
step:2098/3250 train_time:97.964s step_avg:46.69ms
step:2099/3250 train_time:98.119s step_avg:46.75ms
step:2100/3250 train_time:98.274s step_avg:46.80ms
step:2101/3250 train_time:98.429s step_avg:46.85ms
step:2102/3250 train_time:98.583s step_avg:46.90ms
step:2103/3250 train_time:98.736s step_avg:46.95ms
step:2104/3250 train_time:98.890s step_avg:47.00ms
step:2105/3250 train_time:99.044s step_avg:47.05ms
step:2106/3250 train_time:99.199s step_avg:47.10ms
step:2107/3250 train_time:99.353s step_avg:47.15ms
step:2108/3250 train_time:99.507s step_avg:47.20ms
step:2109/3250 train_time:99.661s step_avg:47.25ms
step:2110/3250 train_time:99.814s step_avg:47.31ms
step:2111/3250 train_time:99.968s step_avg:47.36ms
step:2112/3250 train_time:100.123s step_avg:47.41ms
step:2113/3250 train_time:100.277s step_avg:47.46ms
step:2114/3250 train_time:100.432s step_avg:47.51ms
step:2115/3250 train_time:100.586s step_avg:47.56ms
step:2116/3250 train_time:100.740s step_avg:47.61ms
step:2117/3250 train_time:100.894s step_avg:47.66ms
step:2118/3250 train_time:101.049s step_avg:47.71ms
step:2119/3250 train_time:101.203s step_avg:47.76ms
step:2120/3250 train_time:101.357s step_avg:47.81ms
step:2121/3250 train_time:101.511s step_avg:47.86ms
step:2122/3250 train_time:101.666s step_avg:47.91ms
step:2123/3250 train_time:101.821s step_avg:47.96ms
step:2124/3250 train_time:101.975s step_avg:48.01ms
step:2125/3250 train_time:102.130s step_avg:48.06ms
step:2125/3250 val_loss:3.52555 train_time:102.141s step_avg:159.77ms
step:2126/3250 train_time:102.929s step_avg:48.41ms
step:2127/3250 train_time:103.071s step_avg:48.46ms
step:2128/3250 train_time:103.224s step_avg:48.51ms
step:2129/3250 train_time:103.379s step_avg:48.56ms
step:2130/3250 train_time:103.533s step_avg:48.61ms
step:2131/3250 train_time:103.687s step_avg:48.66ms
step:2132/3250 train_time:103.841s step_avg:48.71ms
step:2133/3250 train_time:103.994s step_avg:48.76ms
step:2134/3250 train_time:104.149s step_avg:48.80ms
step:2135/3250 train_time:104.303s step_avg:48.85ms
step:2136/3250 train_time:104.458s step_avg:48.90ms
step:2137/3250 train_time:104.613s step_avg:48.95ms
step:2138/3250 train_time:104.765s step_avg:49.00ms
step:2139/3250 train_time:104.919s step_avg:49.05ms
step:2140/3250 train_time:105.075s step_avg:49.10ms
step:2141/3250 train_time:105.230s step_avg:49.15ms
step:2142/3250 train_time:105.385s step_avg:49.20ms
step:2143/3250 train_time:105.538s step_avg:49.25ms
step:2144/3250 train_time:105.693s step_avg:49.30ms
step:2145/3250 train_time:105.846s step_avg:49.35ms
step:2146/3250 train_time:106.000s step_avg:49.39ms
step:2147/3250 train_time:106.155s step_avg:49.44ms
step:2148/3250 train_time:106.310s step_avg:49.49ms
step:2149/3250 train_time:106.463s step_avg:49.54ms
step:2150/3250 train_time:106.618s step_avg:49.59ms
step:2151/3250 train_time:106.772s step_avg:49.64ms
step:2152/3250 train_time:106.927s step_avg:49.69ms
step:2153/3250 train_time:107.080s step_avg:49.74ms
step:2154/3250 train_time:107.235s step_avg:49.78ms
step:2155/3250 train_time:107.388s step_avg:49.83ms
step:2156/3250 train_time:107.542s step_avg:49.88ms
step:2157/3250 train_time:107.695s step_avg:49.93ms
step:2158/3250 train_time:107.850s step_avg:49.98ms
step:2159/3250 train_time:108.004s step_avg:50.03ms
step:2160/3250 train_time:108.158s step_avg:50.07ms
step:2161/3250 train_time:108.314s step_avg:50.12ms
step:2162/3250 train_time:108.467s step_avg:50.17ms
step:2163/3250 train_time:108.621s step_avg:50.22ms
step:2164/3250 train_time:108.775s step_avg:50.27ms
step:2165/3250 train_time:108.927s step_avg:50.31ms
step:2166/3250 train_time:109.082s step_avg:50.36ms
step:2167/3250 train_time:109.236s step_avg:50.41ms
step:2168/3250 train_time:109.389s step_avg:50.46ms
step:2169/3250 train_time:109.544s step_avg:50.50ms
step:2170/3250 train_time:109.699s step_avg:50.55ms
step:2171/3250 train_time:109.854s step_avg:50.60ms
step:2172/3250 train_time:110.008s step_avg:50.65ms
step:2173/3250 train_time:110.162s step_avg:50.70ms
step:2174/3250 train_time:110.315s step_avg:50.74ms
step:2175/3250 train_time:110.469s step_avg:50.79ms
step:2176/3250 train_time:110.624s step_avg:50.84ms
step:2177/3250 train_time:110.778s step_avg:50.89ms
step:2178/3250 train_time:110.932s step_avg:50.93ms
step:2179/3250 train_time:111.085s step_avg:50.98ms
step:2180/3250 train_time:111.238s step_avg:51.03ms
step:2181/3250 train_time:111.394s step_avg:51.07ms
step:2182/3250 train_time:111.549s step_avg:51.12ms
step:2183/3250 train_time:111.701s step_avg:51.17ms
step:2184/3250 train_time:111.855s step_avg:51.22ms
step:2185/3250 train_time:112.009s step_avg:51.26ms
step:2186/3250 train_time:112.162s step_avg:51.31ms
step:2187/3250 train_time:112.316s step_avg:51.36ms
step:2188/3250 train_time:112.471s step_avg:51.40ms
step:2189/3250 train_time:112.626s step_avg:51.45ms
step:2190/3250 train_time:112.780s step_avg:51.50ms
step:2191/3250 train_time:112.935s step_avg:51.54ms
step:2192/3250 train_time:113.089s step_avg:51.59ms
step:2193/3250 train_time:113.242s step_avg:51.64ms
step:2194/3250 train_time:113.395s step_avg:51.68ms
step:2195/3250 train_time:113.548s step_avg:51.73ms
step:2196/3250 train_time:113.702s step_avg:51.78ms
step:2197/3250 train_time:113.857s step_avg:51.82ms
step:2198/3250 train_time:114.013s step_avg:51.87ms
step:2199/3250 train_time:114.165s step_avg:51.92ms
step:2200/3250 train_time:114.320s step_avg:51.96ms
step:2201/3250 train_time:114.474s step_avg:52.01ms
step:2202/3250 train_time:114.629s step_avg:52.06ms
step:2203/3250 train_time:114.782s step_avg:52.10ms
step:2204/3250 train_time:114.937s step_avg:52.15ms
step:2205/3250 train_time:115.091s step_avg:52.20ms
step:2206/3250 train_time:115.245s step_avg:52.24ms
step:2207/3250 train_time:115.400s step_avg:52.29ms
step:2208/3250 train_time:115.555s step_avg:52.33ms
step:2209/3250 train_time:115.709s step_avg:52.38ms
step:2210/3250 train_time:115.862s step_avg:52.43ms
step:2211/3250 train_time:116.017s step_avg:52.47ms
step:2212/3250 train_time:116.171s step_avg:52.52ms
step:2213/3250 train_time:116.325s step_avg:52.56ms
step:2214/3250 train_time:116.479s step_avg:52.61ms
step:2215/3250 train_time:116.634s step_avg:52.66ms
step:2216/3250 train_time:116.788s step_avg:52.70ms
step:2217/3250 train_time:116.943s step_avg:52.75ms
step:2218/3250 train_time:117.097s step_avg:52.79ms
step:2219/3250 train_time:117.253s step_avg:52.84ms
step:2220/3250 train_time:117.407s step_avg:52.89ms
step:2221/3250 train_time:117.561s step_avg:52.93ms
step:2222/3250 train_time:117.716s step_avg:52.98ms
step:2223/3250 train_time:117.870s step_avg:53.02ms
step:2224/3250 train_time:118.025s step_avg:53.07ms
step:2225/3250 train_time:118.179s step_avg:53.11ms
step:2226/3250 train_time:118.335s step_avg:53.16ms
step:2227/3250 train_time:118.490s step_avg:53.21ms
step:2228/3250 train_time:118.644s step_avg:53.25ms
step:2229/3250 train_time:118.797s step_avg:53.30ms
step:2230/3250 train_time:118.953s step_avg:53.34ms
step:2231/3250 train_time:119.106s step_avg:53.39ms
step:2232/3250 train_time:119.259s step_avg:53.43ms
step:2233/3250 train_time:119.415s step_avg:53.48ms
step:2234/3250 train_time:119.569s step_avg:53.52ms
step:2235/3250 train_time:119.725s step_avg:53.57ms
step:2236/3250 train_time:119.879s step_avg:53.61ms
step:2237/3250 train_time:120.034s step_avg:53.66ms
step:2238/3250 train_time:120.188s step_avg:53.70ms
step:2239/3250 train_time:120.341s step_avg:53.75ms
step:2240/3250 train_time:120.495s step_avg:53.79ms
step:2241/3250 train_time:120.650s step_avg:53.84ms
step:2242/3250 train_time:120.804s step_avg:53.88ms
step:2243/3250 train_time:120.958s step_avg:53.93ms
step:2244/3250 train_time:121.114s step_avg:53.97ms
step:2245/3250 train_time:121.268s step_avg:54.02ms
step:2246/3250 train_time:121.423s step_avg:54.06ms
step:2247/3250 train_time:121.576s step_avg:54.11ms
step:2248/3250 train_time:121.731s step_avg:54.15ms
step:2249/3250 train_time:121.885s step_avg:54.20ms
step:2250/3250 train_time:122.040s step_avg:54.24ms
step:2250/3250 val_loss:3.52030 train_time:122.052s step_avg:159.29ms
step:2251/3250 train_time:122.833s step_avg:54.57ms
step:2252/3250 train_time:122.971s step_avg:54.61ms
step:2253/3250 train_time:123.126s step_avg:54.65ms
step:2254/3250 train_time:123.279s step_avg:54.69ms
step:2255/3250 train_time:123.433s step_avg:54.74ms
step:2256/3250 train_time:123.587s step_avg:54.78ms
step:2257/3250 train_time:123.741s step_avg:54.83ms
step:2258/3250 train_time:123.893s step_avg:54.87ms
step:2259/3250 train_time:124.048s step_avg:54.91ms
step:2260/3250 train_time:124.200s step_avg:54.96ms
step:2261/3250 train_time:124.354s step_avg:55.00ms
step:2262/3250 train_time:124.507s step_avg:55.04ms
step:2263/3250 train_time:124.662s step_avg:55.09ms
step:2264/3250 train_time:124.815s step_avg:55.13ms
step:2265/3250 train_time:124.969s step_avg:55.17ms
step:2266/3250 train_time:125.123s step_avg:55.22ms
step:2267/3250 train_time:125.278s step_avg:55.26ms
step:2268/3250 train_time:125.432s step_avg:55.31ms
step:2269/3250 train_time:125.586s step_avg:55.35ms
step:2270/3250 train_time:125.739s step_avg:55.39ms
step:2271/3250 train_time:125.893s step_avg:55.44ms
step:2272/3250 train_time:126.047s step_avg:55.48ms
step:2273/3250 train_time:126.201s step_avg:55.52ms
step:2274/3250 train_time:126.355s step_avg:55.56ms
step:2275/3250 train_time:126.509s step_avg:55.61ms
step:2276/3250 train_time:126.664s step_avg:55.65ms
step:2277/3250 train_time:126.817s step_avg:55.69ms
step:2278/3250 train_time:126.971s step_avg:55.74ms
step:2279/3250 train_time:127.125s step_avg:55.78ms
step:2280/3250 train_time:127.278s step_avg:55.82ms
step:2281/3250 train_time:127.474s step_avg:55.89ms
step:2282/3250 train_time:127.627s step_avg:55.93ms
step:2283/3250 train_time:127.782s step_avg:55.97ms
step:2284/3250 train_time:127.935s step_avg:56.01ms
step:2285/3250 train_time:128.088s step_avg:56.06ms
step:2286/3250 train_time:128.245s step_avg:56.10ms
step:2287/3250 train_time:128.399s step_avg:56.14ms
step:2288/3250 train_time:128.554s step_avg:56.19ms
step:2289/3250 train_time:128.707s step_avg:56.23ms
step:2290/3250 train_time:128.862s step_avg:56.27ms
step:2291/3250 train_time:129.016s step_avg:56.31ms
step:2292/3250 train_time:129.171s step_avg:56.36ms
step:2293/3250 train_time:129.324s step_avg:56.40ms
step:2294/3250 train_time:129.478s step_avg:56.44ms
step:2295/3250 train_time:129.634s step_avg:56.49ms
step:2296/3250 train_time:129.787s step_avg:56.53ms
step:2297/3250 train_time:129.942s step_avg:56.57ms
step:2298/3250 train_time:130.095s step_avg:56.61ms
step:2299/3250 train_time:130.248s step_avg:56.65ms
step:2300/3250 train_time:130.403s step_avg:56.70ms
step:2301/3250 train_time:130.557s step_avg:56.74ms
step:2302/3250 train_time:130.712s step_avg:56.78ms
step:2303/3250 train_time:130.866s step_avg:56.82ms
step:2304/3250 train_time:131.021s step_avg:56.87ms
step:2305/3250 train_time:131.174s step_avg:56.91ms
step:2306/3250 train_time:131.327s step_avg:56.95ms
step:2307/3250 train_time:131.483s step_avg:56.99ms
step:2308/3250 train_time:131.637s step_avg:57.04ms
step:2309/3250 train_time:131.791s step_avg:57.08ms
step:2310/3250 train_time:131.946s step_avg:57.12ms
step:2311/3250 train_time:132.099s step_avg:57.16ms
step:2312/3250 train_time:132.254s step_avg:57.20ms
step:2313/3250 train_time:132.408s step_avg:57.25ms
step:2314/3250 train_time:132.564s step_avg:57.29ms
step:2315/3250 train_time:132.717s step_avg:57.33ms
step:2316/3250 train_time:132.870s step_avg:57.37ms
step:2317/3250 train_time:133.024s step_avg:57.41ms
step:2318/3250 train_time:133.178s step_avg:57.45ms
step:2319/3250 train_time:133.331s step_avg:57.50ms
step:2320/3250 train_time:133.485s step_avg:57.54ms
step:2321/3250 train_time:133.641s step_avg:57.58ms
step:2322/3250 train_time:133.794s step_avg:57.62ms
step:2323/3250 train_time:133.947s step_avg:57.66ms
step:2324/3250 train_time:134.102s step_avg:57.70ms
step:2325/3250 train_time:134.255s step_avg:57.74ms
step:2326/3250 train_time:134.408s step_avg:57.79ms
step:2327/3250 train_time:134.564s step_avg:57.83ms
step:2328/3250 train_time:134.717s step_avg:57.87ms
step:2329/3250 train_time:134.872s step_avg:57.91ms
step:2330/3250 train_time:135.026s step_avg:57.95ms
step:2331/3250 train_time:135.180s step_avg:57.99ms
step:2332/3250 train_time:135.334s step_avg:58.03ms
step:2333/3250 train_time:135.488s step_avg:58.07ms
step:2334/3250 train_time:135.643s step_avg:58.12ms
step:2335/3250 train_time:135.796s step_avg:58.16ms
step:2336/3250 train_time:135.949s step_avg:58.20ms
step:2337/3250 train_time:136.104s step_avg:58.24ms
step:2338/3250 train_time:136.258s step_avg:58.28ms
step:2339/3250 train_time:136.412s step_avg:58.32ms
step:2340/3250 train_time:136.566s step_avg:58.36ms
step:2341/3250 train_time:136.720s step_avg:58.40ms
step:2342/3250 train_time:136.875s step_avg:58.44ms
step:2343/3250 train_time:137.030s step_avg:58.48ms
step:2344/3250 train_time:137.184s step_avg:58.53ms
step:2345/3250 train_time:137.338s step_avg:58.57ms
step:2346/3250 train_time:137.492s step_avg:58.61ms
step:2347/3250 train_time:137.646s step_avg:58.65ms
step:2348/3250 train_time:137.799s step_avg:58.69ms
step:2349/3250 train_time:137.953s step_avg:58.73ms
step:2350/3250 train_time:138.109s step_avg:58.77ms
step:2351/3250 train_time:138.264s step_avg:58.81ms
step:2352/3250 train_time:138.419s step_avg:58.85ms
step:2353/3250 train_time:138.574s step_avg:58.89ms
step:2354/3250 train_time:138.728s step_avg:58.93ms
step:2355/3250 train_time:138.884s step_avg:58.97ms
step:2356/3250 train_time:139.037s step_avg:59.01ms
step:2357/3250 train_time:139.191s step_avg:59.05ms
step:2358/3250 train_time:139.345s step_avg:59.09ms
step:2359/3250 train_time:139.499s step_avg:59.13ms
step:2360/3250 train_time:139.654s step_avg:59.18ms
step:2361/3250 train_time:139.808s step_avg:59.22ms
step:2362/3250 train_time:139.963s step_avg:59.26ms
step:2363/3250 train_time:140.117s step_avg:59.30ms
step:2364/3250 train_time:140.270s step_avg:59.34ms
step:2365/3250 train_time:140.423s step_avg:59.38ms
step:2366/3250 train_time:140.577s step_avg:59.42ms
step:2367/3250 train_time:140.732s step_avg:59.46ms
step:2368/3250 train_time:140.886s step_avg:59.50ms
step:2369/3250 train_time:141.042s step_avg:59.54ms
step:2370/3250 train_time:141.194s step_avg:59.58ms
step:2371/3250 train_time:141.349s step_avg:59.62ms
step:2372/3250 train_time:141.504s step_avg:59.66ms
step:2373/3250 train_time:141.658s step_avg:59.70ms
step:2374/3250 train_time:141.811s step_avg:59.74ms
step:2375/3250 train_time:141.965s step_avg:59.77ms
step:2375/3250 val_loss:3.51594 train_time:141.977s step_avg:159.40ms
step:2376/3250 train_time:142.756s step_avg:60.08ms
step:2377/3250 train_time:142.894s step_avg:60.12ms
step:2378/3250 train_time:143.047s step_avg:60.15ms
step:2379/3250 train_time:143.200s step_avg:60.19ms
step:2380/3250 train_time:143.355s step_avg:60.23ms
step:2381/3250 train_time:143.508s step_avg:60.27ms
step:2382/3250 train_time:143.661s step_avg:60.31ms
step:2383/3250 train_time:143.817s step_avg:60.35ms
step:2384/3250 train_time:143.971s step_avg:60.39ms
step:2385/3250 train_time:144.124s step_avg:60.43ms
step:2386/3250 train_time:144.278s step_avg:60.47ms
step:2387/3250 train_time:144.432s step_avg:60.51ms
step:2388/3250 train_time:144.586s step_avg:60.55ms
step:2389/3250 train_time:144.740s step_avg:60.59ms
step:2390/3250 train_time:144.894s step_avg:60.63ms
step:2391/3250 train_time:145.047s step_avg:60.66ms
step:2392/3250 train_time:145.201s step_avg:60.70ms
step:2393/3250 train_time:145.354s step_avg:60.74ms
step:2394/3250 train_time:145.508s step_avg:60.78ms
step:2395/3250 train_time:145.663s step_avg:60.82ms
step:2396/3250 train_time:145.818s step_avg:60.86ms
step:2397/3250 train_time:145.971s step_avg:60.90ms
step:2398/3250 train_time:146.124s step_avg:60.94ms
step:2399/3250 train_time:146.277s step_avg:60.97ms
step:2400/3250 train_time:146.431s step_avg:61.01ms
step:2401/3250 train_time:146.586s step_avg:61.05ms
step:2402/3250 train_time:146.741s step_avg:61.09ms
step:2403/3250 train_time:146.895s step_avg:61.13ms
step:2404/3250 train_time:147.048s step_avg:61.17ms
step:2405/3250 train_time:147.202s step_avg:61.21ms
step:2406/3250 train_time:147.356s step_avg:61.25ms
step:2407/3250 train_time:147.511s step_avg:61.28ms
step:2408/3250 train_time:147.665s step_avg:61.32ms
step:2409/3250 train_time:147.818s step_avg:61.36ms
step:2410/3250 train_time:147.974s step_avg:61.40ms
step:2411/3250 train_time:148.127s step_avg:61.44ms
step:2412/3250 train_time:148.281s step_avg:61.48ms
step:2413/3250 train_time:148.436s step_avg:61.52ms
step:2414/3250 train_time:148.591s step_avg:61.55ms
step:2415/3250 train_time:148.745s step_avg:61.59ms
step:2416/3250 train_time:148.899s step_avg:61.63ms
step:2417/3250 train_time:149.053s step_avg:61.67ms
step:2418/3250 train_time:149.207s step_avg:61.71ms
step:2419/3250 train_time:149.361s step_avg:61.75ms
step:2420/3250 train_time:149.516s step_avg:61.78ms
step:2421/3250 train_time:149.670s step_avg:61.82ms
step:2422/3250 train_time:149.824s step_avg:61.86ms
step:2423/3250 train_time:149.978s step_avg:61.90ms
step:2424/3250 train_time:150.132s step_avg:61.94ms
step:2425/3250 train_time:150.285s step_avg:61.97ms
step:2426/3250 train_time:150.440s step_avg:62.01ms
step:2427/3250 train_time:150.595s step_avg:62.05ms
step:2428/3250 train_time:150.749s step_avg:62.09ms
step:2429/3250 train_time:150.903s step_avg:62.13ms
step:2430/3250 train_time:151.056s step_avg:62.16ms
step:2431/3250 train_time:151.211s step_avg:62.20ms
step:2432/3250 train_time:151.365s step_avg:62.24ms
step:2433/3250 train_time:151.520s step_avg:62.28ms
step:2434/3250 train_time:151.675s step_avg:62.32ms
step:2435/3250 train_time:151.829s step_avg:62.35ms
step:2436/3250 train_time:151.984s step_avg:62.39ms
step:2437/3250 train_time:152.138s step_avg:62.43ms
step:2438/3250 train_time:152.293s step_avg:62.47ms
step:2439/3250 train_time:152.447s step_avg:62.50ms
step:2440/3250 train_time:152.600s step_avg:62.54ms
step:2441/3250 train_time:152.754s step_avg:62.58ms
step:2442/3250 train_time:152.908s step_avg:62.62ms
step:2443/3250 train_time:153.063s step_avg:62.65ms
step:2444/3250 train_time:153.217s step_avg:62.69ms
step:2445/3250 train_time:153.371s step_avg:62.73ms
step:2446/3250 train_time:153.525s step_avg:62.77ms
step:2447/3250 train_time:153.680s step_avg:62.80ms
step:2448/3250 train_time:153.833s step_avg:62.84ms
step:2449/3250 train_time:153.987s step_avg:62.88ms
step:2450/3250 train_time:154.140s step_avg:62.91ms
step:2451/3250 train_time:154.296s step_avg:62.95ms
step:2452/3250 train_time:154.450s step_avg:62.99ms
step:2453/3250 train_time:154.604s step_avg:63.03ms
step:2454/3250 train_time:154.759s step_avg:63.06ms
step:2455/3250 train_time:154.914s step_avg:63.10ms
step:2456/3250 train_time:155.068s step_avg:63.14ms
step:2457/3250 train_time:155.222s step_avg:63.18ms
step:2458/3250 train_time:155.375s step_avg:63.21ms
step:2459/3250 train_time:155.528s step_avg:63.25ms
step:2460/3250 train_time:155.683s step_avg:63.29ms
step:2461/3250 train_time:155.837s step_avg:63.32ms
step:2462/3250 train_time:155.993s step_avg:63.36ms
step:2463/3250 train_time:156.146s step_avg:63.40ms
step:2464/3250 train_time:156.299s step_avg:63.43ms
step:2465/3250 train_time:156.454s step_avg:63.47ms
step:2466/3250 train_time:156.609s step_avg:63.51ms
step:2467/3250 train_time:156.764s step_avg:63.54ms
step:2468/3250 train_time:156.917s step_avg:63.58ms
step:2469/3250 train_time:157.072s step_avg:63.62ms
step:2470/3250 train_time:157.225s step_avg:63.65ms
step:2471/3250 train_time:157.422s step_avg:63.71ms
step:2472/3250 train_time:157.575s step_avg:63.74ms
step:2473/3250 train_time:157.728s step_avg:63.78ms
step:2474/3250 train_time:157.883s step_avg:63.82ms
step:2475/3250 train_time:158.036s step_avg:63.85ms
step:2476/3250 train_time:158.191s step_avg:63.89ms
step:2477/3250 train_time:158.344s step_avg:63.93ms
step:2478/3250 train_time:158.498s step_avg:63.96ms
step:2479/3250 train_time:158.652s step_avg:64.00ms
step:2480/3250 train_time:158.806s step_avg:64.03ms
step:2481/3250 train_time:158.959s step_avg:64.07ms
step:2482/3250 train_time:159.114s step_avg:64.11ms
step:2483/3250 train_time:159.268s step_avg:64.14ms
step:2484/3250 train_time:159.422s step_avg:64.18ms
step:2485/3250 train_time:159.576s step_avg:64.22ms
step:2486/3250 train_time:159.730s step_avg:64.25ms
step:2487/3250 train_time:159.885s step_avg:64.29ms
step:2488/3250 train_time:160.039s step_avg:64.32ms
step:2489/3250 train_time:160.194s step_avg:64.36ms
step:2490/3250 train_time:160.347s step_avg:64.40ms
step:2491/3250 train_time:160.500s step_avg:64.43ms
step:2492/3250 train_time:160.654s step_avg:64.47ms
step:2493/3250 train_time:160.809s step_avg:64.50ms
step:2494/3250 train_time:160.963s step_avg:64.54ms
step:2495/3250 train_time:161.119s step_avg:64.58ms
step:2496/3250 train_time:161.274s step_avg:64.61ms
step:2497/3250 train_time:161.428s step_avg:64.65ms
step:2498/3250 train_time:161.583s step_avg:64.68ms
step:2499/3250 train_time:161.738s step_avg:64.72ms
step:2500/3250 train_time:161.894s step_avg:64.76ms
step:2500/3250 val_loss:3.50983 train_time:161.906s step_avg:159.43ms
step:2501/3250 train_time:162.721s step_avg:65.06ms
step:2502/3250 train_time:162.859s step_avg:65.09ms
step:2503/3250 train_time:163.012s step_avg:65.13ms
step:2504/3250 train_time:163.165s step_avg:65.16ms
step:2505/3250 train_time:163.318s step_avg:65.20ms
step:2506/3250 train_time:163.472s step_avg:65.23ms
step:2507/3250 train_time:163.626s step_avg:65.27ms
step:2508/3250 train_time:163.780s step_avg:65.30ms
step:2509/3250 train_time:163.933s step_avg:65.34ms
step:2510/3250 train_time:164.087s step_avg:65.37ms
step:2511/3250 train_time:164.240s step_avg:65.41ms
step:2512/3250 train_time:164.396s step_avg:65.44ms
step:2513/3250 train_time:164.550s step_avg:65.48ms
step:2514/3250 train_time:164.706s step_avg:65.52ms
step:2515/3250 train_time:164.858s step_avg:65.55ms
step:2516/3250 train_time:165.012s step_avg:65.58ms
step:2517/3250 train_time:165.165s step_avg:65.62ms
step:2518/3250 train_time:165.321s step_avg:65.66ms
step:2519/3250 train_time:165.474s step_avg:65.69ms
step:2520/3250 train_time:165.629s step_avg:65.73ms
step:2521/3250 train_time:165.784s step_avg:65.76ms
step:2522/3250 train_time:165.938s step_avg:65.80ms
step:2523/3250 train_time:166.093s step_avg:65.83ms
step:2524/3250 train_time:166.247s step_avg:65.87ms
step:2525/3250 train_time:166.402s step_avg:65.90ms
step:2526/3250 train_time:166.555s step_avg:65.94ms
step:2527/3250 train_time:166.709s step_avg:65.97ms
step:2528/3250 train_time:166.862s step_avg:66.01ms
step:2529/3250 train_time:167.017s step_avg:66.04ms
step:2530/3250 train_time:167.172s step_avg:66.08ms
step:2531/3250 train_time:167.327s step_avg:66.11ms
step:2532/3250 train_time:167.480s step_avg:66.15ms
step:2533/3250 train_time:167.634s step_avg:66.18ms
step:2534/3250 train_time:167.788s step_avg:66.21ms
step:2535/3250 train_time:167.943s step_avg:66.25ms
step:2536/3250 train_time:168.097s step_avg:66.28ms
step:2537/3250 train_time:168.251s step_avg:66.32ms
step:2538/3250 train_time:168.406s step_avg:66.35ms
step:2539/3250 train_time:168.559s step_avg:66.39ms
step:2540/3250 train_time:168.713s step_avg:66.42ms
step:2541/3250 train_time:168.867s step_avg:66.46ms
step:2542/3250 train_time:169.020s step_avg:66.49ms
step:2543/3250 train_time:169.175s step_avg:66.53ms
step:2544/3250 train_time:169.330s step_avg:66.56ms
step:2545/3250 train_time:169.485s step_avg:66.60ms
step:2546/3250 train_time:169.638s step_avg:66.63ms
step:2547/3250 train_time:169.792s step_avg:66.66ms
step:2548/3250 train_time:169.947s step_avg:66.70ms
step:2549/3250 train_time:170.101s step_avg:66.73ms
step:2550/3250 train_time:170.255s step_avg:66.77ms
step:2551/3250 train_time:170.409s step_avg:66.80ms
step:2552/3250 train_time:170.564s step_avg:66.84ms
step:2553/3250 train_time:170.718s step_avg:66.87ms
step:2554/3250 train_time:170.872s step_avg:66.90ms
step:2555/3250 train_time:171.028s step_avg:66.94ms
step:2556/3250 train_time:171.182s step_avg:66.97ms
step:2557/3250 train_time:171.336s step_avg:67.01ms
step:2558/3250 train_time:171.490s step_avg:67.04ms
step:2559/3250 train_time:171.644s step_avg:67.07ms
step:2560/3250 train_time:171.799s step_avg:67.11ms
step:2561/3250 train_time:171.954s step_avg:67.14ms
step:2562/3250 train_time:172.108s step_avg:67.18ms
step:2563/3250 train_time:172.261s step_avg:67.21ms
step:2564/3250 train_time:172.413s step_avg:67.24ms
step:2565/3250 train_time:172.568s step_avg:67.28ms
step:2566/3250 train_time:172.723s step_avg:67.31ms
step:2567/3250 train_time:172.877s step_avg:67.35ms
step:2568/3250 train_time:173.031s step_avg:67.38ms
step:2569/3250 train_time:173.186s step_avg:67.41ms
step:2570/3250 train_time:173.340s step_avg:67.45ms
step:2571/3250 train_time:173.495s step_avg:67.48ms
step:2572/3250 train_time:173.650s step_avg:67.52ms
step:2573/3250 train_time:173.805s step_avg:67.55ms
step:2574/3250 train_time:173.959s step_avg:67.58ms
step:2575/3250 train_time:174.113s step_avg:67.62ms
step:2576/3250 train_time:174.268s step_avg:67.65ms
step:2577/3250 train_time:174.421s step_avg:67.68ms
step:2578/3250 train_time:174.576s step_avg:67.72ms
step:2579/3250 train_time:174.730s step_avg:67.75ms
step:2580/3250 train_time:174.885s step_avg:67.78ms
step:2581/3250 train_time:175.039s step_avg:67.82ms
step:2582/3250 train_time:175.193s step_avg:67.85ms
step:2583/3250 train_time:175.348s step_avg:67.89ms
step:2584/3250 train_time:175.502s step_avg:67.92ms
step:2585/3250 train_time:175.657s step_avg:67.95ms
step:2586/3250 train_time:175.810s step_avg:67.99ms
step:2587/3250 train_time:175.964s step_avg:68.02ms
step:2588/3250 train_time:176.118s step_avg:68.05ms
step:2589/3250 train_time:176.272s step_avg:68.08ms
step:2590/3250 train_time:176.427s step_avg:68.12ms
step:2591/3250 train_time:176.581s step_avg:68.15ms
step:2592/3250 train_time:176.735s step_avg:68.18ms
step:2593/3250 train_time:176.888s step_avg:68.22ms
step:2594/3250 train_time:177.043s step_avg:68.25ms
step:2595/3250 train_time:177.198s step_avg:68.28ms
step:2596/3250 train_time:177.351s step_avg:68.32ms
step:2597/3250 train_time:177.507s step_avg:68.35ms
step:2598/3250 train_time:177.660s step_avg:68.38ms
step:2599/3250 train_time:177.816s step_avg:68.42ms
step:2600/3250 train_time:177.970s step_avg:68.45ms
step:2601/3250 train_time:178.125s step_avg:68.48ms
step:2602/3250 train_time:178.279s step_avg:68.52ms
step:2603/3250 train_time:178.433s step_avg:68.55ms
step:2604/3250 train_time:178.587s step_avg:68.58ms
step:2605/3250 train_time:178.741s step_avg:68.61ms
step:2606/3250 train_time:178.897s step_avg:68.65ms
step:2607/3250 train_time:179.051s step_avg:68.68ms
step:2608/3250 train_time:179.206s step_avg:68.71ms
step:2609/3250 train_time:179.359s step_avg:68.75ms
step:2610/3250 train_time:179.512s step_avg:68.78ms
step:2611/3250 train_time:179.667s step_avg:68.81ms
step:2612/3250 train_time:179.821s step_avg:68.84ms
step:2613/3250 train_time:179.975s step_avg:68.88ms
step:2614/3250 train_time:180.129s step_avg:68.91ms
step:2615/3250 train_time:180.283s step_avg:68.94ms
step:2616/3250 train_time:180.438s step_avg:68.97ms
step:2617/3250 train_time:180.592s step_avg:69.01ms
step:2618/3250 train_time:180.748s step_avg:69.04ms
step:2619/3250 train_time:180.902s step_avg:69.07ms
step:2620/3250 train_time:181.056s step_avg:69.11ms
step:2621/3250 train_time:181.210s step_avg:69.14ms
step:2622/3250 train_time:181.365s step_avg:69.17ms
step:2623/3250 train_time:181.519s step_avg:69.20ms
step:2624/3250 train_time:181.672s step_avg:69.23ms
step:2625/3250 train_time:181.828s step_avg:69.27ms
step:2625/3250 val_loss:3.50190 train_time:181.840s step_avg:159.47ms
step:2626/3250 train_time:182.602s step_avg:69.54ms
step:2627/3250 train_time:182.741s step_avg:69.56ms
step:2628/3250 train_time:182.893s step_avg:69.59ms
step:2629/3250 train_time:183.047s step_avg:69.63ms
step:2630/3250 train_time:183.201s step_avg:69.66ms
step:2631/3250 train_time:183.356s step_avg:69.69ms
step:2632/3250 train_time:183.510s step_avg:69.72ms
step:2633/3250 train_time:183.664s step_avg:69.75ms
step:2634/3250 train_time:183.818s step_avg:69.79ms
step:2635/3250 train_time:183.972s step_avg:69.82ms
step:2636/3250 train_time:184.127s step_avg:69.85ms
step:2637/3250 train_time:184.281s step_avg:69.88ms
step:2638/3250 train_time:184.435s step_avg:69.91ms
step:2639/3250 train_time:184.588s step_avg:69.95ms
step:2640/3250 train_time:184.742s step_avg:69.98ms
step:2641/3250 train_time:184.897s step_avg:70.01ms
step:2642/3250 train_time:185.050s step_avg:70.04ms
step:2643/3250 train_time:185.205s step_avg:70.07ms
step:2644/3250 train_time:185.359s step_avg:70.11ms
step:2645/3250 train_time:185.513s step_avg:70.14ms
step:2646/3250 train_time:185.667s step_avg:70.17ms
step:2647/3250 train_time:185.821s step_avg:70.20ms
step:2648/3250 train_time:185.973s step_avg:70.23ms
step:2649/3250 train_time:186.128s step_avg:70.26ms
step:2650/3250 train_time:186.282s step_avg:70.30ms
step:2651/3250 train_time:186.438s step_avg:70.33ms
step:2652/3250 train_time:186.592s step_avg:70.36ms
step:2653/3250 train_time:186.748s step_avg:70.39ms
step:2654/3250 train_time:186.902s step_avg:70.42ms
step:2655/3250 train_time:187.057s step_avg:70.45ms
step:2656/3250 train_time:187.211s step_avg:70.49ms
step:2657/3250 train_time:187.365s step_avg:70.52ms
step:2658/3250 train_time:187.518s step_avg:70.55ms
step:2659/3250 train_time:187.672s step_avg:70.58ms
step:2660/3250 train_time:187.828s step_avg:70.61ms
step:2661/3250 train_time:188.029s step_avg:70.66ms
step:2662/3250 train_time:188.182s step_avg:70.69ms
step:2663/3250 train_time:188.336s step_avg:70.72ms
step:2664/3250 train_time:188.489s step_avg:70.75ms
step:2665/3250 train_time:188.642s step_avg:70.79ms
step:2666/3250 train_time:188.797s step_avg:70.82ms
step:2667/3250 train_time:188.951s step_avg:70.85ms
step:2668/3250 train_time:189.106s step_avg:70.88ms
step:2669/3250 train_time:189.260s step_avg:70.91ms
step:2670/3250 train_time:189.414s step_avg:70.94ms
step:2671/3250 train_time:189.568s step_avg:70.97ms
step:2672/3250 train_time:189.722s step_avg:71.00ms
step:2673/3250 train_time:189.877s step_avg:71.04ms
step:2674/3250 train_time:190.030s step_avg:71.07ms
step:2675/3250 train_time:190.184s step_avg:71.10ms
step:2676/3250 train_time:190.341s step_avg:71.13ms
step:2677/3250 train_time:190.495s step_avg:71.16ms
step:2678/3250 train_time:190.649s step_avg:71.19ms
step:2679/3250 train_time:190.803s step_avg:71.22ms
step:2680/3250 train_time:190.959s step_avg:71.25ms
step:2681/3250 train_time:191.112s step_avg:71.28ms
step:2682/3250 train_time:191.264s step_avg:71.31ms
step:2683/3250 train_time:191.419s step_avg:71.35ms
step:2684/3250 train_time:191.572s step_avg:71.38ms
step:2685/3250 train_time:191.727s step_avg:71.41ms
step:2686/3250 train_time:191.881s step_avg:71.44ms
step:2687/3250 train_time:192.036s step_avg:71.47ms
step:2688/3250 train_time:192.189s step_avg:71.50ms
step:2689/3250 train_time:192.343s step_avg:71.53ms
step:2690/3250 train_time:192.498s step_avg:71.56ms
step:2691/3250 train_time:192.651s step_avg:71.59ms
step:2692/3250 train_time:192.804s step_avg:71.62ms
step:2693/3250 train_time:192.960s step_avg:71.65ms
step:2694/3250 train_time:193.114s step_avg:71.68ms
step:2695/3250 train_time:193.268s step_avg:71.71ms
step:2696/3250 train_time:193.421s step_avg:71.74ms
step:2697/3250 train_time:193.575s step_avg:71.77ms
step:2698/3250 train_time:193.729s step_avg:71.80ms
step:2699/3250 train_time:193.883s step_avg:71.84ms
step:2700/3250 train_time:194.039s step_avg:71.87ms
step:2701/3250 train_time:194.192s step_avg:71.90ms
step:2702/3250 train_time:194.346s step_avg:71.93ms
step:2703/3250 train_time:194.501s step_avg:71.96ms
step:2704/3250 train_time:194.656s step_avg:71.99ms
step:2705/3250 train_time:194.810s step_avg:72.02ms
step:2706/3250 train_time:194.963s step_avg:72.05ms
step:2707/3250 train_time:195.118s step_avg:72.08ms
step:2708/3250 train_time:195.273s step_avg:72.11ms
step:2709/3250 train_time:195.427s step_avg:72.14ms
step:2710/3250 train_time:195.582s step_avg:72.17ms
step:2711/3250 train_time:195.738s step_avg:72.20ms
step:2712/3250 train_time:195.891s step_avg:72.23ms
step:2713/3250 train_time:196.046s step_avg:72.26ms
step:2714/3250 train_time:196.201s step_avg:72.29ms
step:2715/3250 train_time:196.355s step_avg:72.32ms
step:2716/3250 train_time:196.508s step_avg:72.35ms
step:2717/3250 train_time:196.662s step_avg:72.38ms
step:2718/3250 train_time:196.816s step_avg:72.41ms
step:2719/3250 train_time:196.969s step_avg:72.44ms
step:2720/3250 train_time:197.123s step_avg:72.47ms
step:2721/3250 train_time:197.278s step_avg:72.50ms
step:2722/3250 train_time:197.432s step_avg:72.53ms
step:2723/3250 train_time:197.586s step_avg:72.56ms
step:2724/3250 train_time:197.742s step_avg:72.59ms
step:2725/3250 train_time:197.896s step_avg:72.62ms
step:2726/3250 train_time:198.049s step_avg:72.65ms
step:2727/3250 train_time:198.203s step_avg:72.68ms
step:2728/3250 train_time:198.358s step_avg:72.71ms
step:2729/3250 train_time:198.511s step_avg:72.74ms
step:2730/3250 train_time:198.665s step_avg:72.77ms
step:2731/3250 train_time:198.819s step_avg:72.80ms
step:2732/3250 train_time:198.974s step_avg:72.83ms
step:2733/3250 train_time:199.128s step_avg:72.86ms
step:2734/3250 train_time:199.282s step_avg:72.89ms
step:2735/3250 train_time:199.437s step_avg:72.92ms
step:2736/3250 train_time:199.590s step_avg:72.95ms
step:2737/3250 train_time:199.743s step_avg:72.98ms
step:2738/3250 train_time:199.898s step_avg:73.01ms
step:2739/3250 train_time:200.052s step_avg:73.04ms
step:2740/3250 train_time:200.207s step_avg:73.07ms
step:2741/3250 train_time:200.361s step_avg:73.10ms
step:2742/3250 train_time:200.515s step_avg:73.13ms
step:2743/3250 train_time:200.668s step_avg:73.16ms
step:2744/3250 train_time:200.822s step_avg:73.19ms
step:2745/3250 train_time:200.978s step_avg:73.22ms
step:2746/3250 train_time:201.132s step_avg:73.25ms
step:2747/3250 train_time:201.285s step_avg:73.27ms
step:2748/3250 train_time:201.439s step_avg:73.30ms
step:2749/3250 train_time:201.593s step_avg:73.33ms
step:2750/3250 train_time:201.747s step_avg:73.36ms
step:2750/3250 val_loss:3.50024 train_time:201.759s step_avg:159.36ms
step:2751/3250 train_time:202.525s step_avg:73.62ms
EXIT=0 rid=eos_f1500_s100
