=== eos_f2000_s060 : resume eos_shared_state@2000 ===
W0830 15:06:28.678000 20466 torch/distributed/run.py:852] 
W0830 15:06:28.678000 20466 torch/distributed/run.py:852] *****************************************
W0830 15:06:28.678000 20466 torch/distributed/run.py:852] Setting OMP_NUM_THREADS environment variable for each process to be 1 in default, to avoid your system being overloaded, please further tune the variable for optimal performance in your application as needed. 
W0830 15:06:28.678000 20466 torch/distributed/run.py:852] *****************************************
logs/f791cadb-6910-4cb2-90ce-4cc49b31b00b.txt
resumed training state from step 2000 in eos_shared_state, skipped 2000 batches
step:0/3250 val_loss:3.44321 train_time:0.001s step_avg:nanms
learning_rates step:2000 [{'pattern': '^embed\\.weight$', 'lr': [0.42]}, {'pattern': '^proj\\.weight$', 'lr': [0.0024]}, {'pattern': '^blocks\\..*\\.weight$', 'lr': [0.015]}, {'pattern': '.*', 'lr': [0.009]}]
step:2001/3250 train_time:3.129s step_avg:1.56ms
learning_rates step:2001 [{'pattern': '^embed\\.weight$', 'lr': [0.42]}, {'pattern': '^proj\\.weight$', 'lr': [0.0024]}, {'pattern': '^blocks\\..*\\.weight$', 'lr': [0.015]}, {'pattern': '.*', 'lr': [0.009]}]
step:2002/3250 train_time:3.268s step_avg:1.63ms
step:2003/3250 train_time:3.419s step_avg:1.71ms
step:2004/3250 train_time:3.571s step_avg:1.78ms
step:2005/3250 train_time:3.723s step_avg:1.86ms
step:2006/3250 train_time:3.879s step_avg:1.93ms
step:2007/3250 train_time:4.032s step_avg:2.01ms
step:2008/3250 train_time:4.185s step_avg:2.08ms
step:2009/3250 train_time:4.337s step_avg:2.16ms
step:2010/3250 train_time:4.490s step_avg:2.23ms
step:2011/3250 train_time:4.643s step_avg:2.31ms
step:2012/3250 train_time:4.796s step_avg:2.38ms
step:2013/3250 train_time:4.948s step_avg:2.46ms
step:2014/3250 train_time:5.099s step_avg:2.53ms
step:2015/3250 train_time:5.251s step_avg:2.61ms
step:2016/3250 train_time:5.403s step_avg:2.68ms
step:2017/3250 train_time:5.557s step_avg:2.76ms
step:2018/3250 train_time:5.710s step_avg:2.83ms
step:2019/3250 train_time:5.864s step_avg:2.90ms
step:2020/3250 train_time:6.017s step_avg:2.98ms
step:2021/3250 train_time:6.171s step_avg:3.05ms
step:2022/3250 train_time:6.322s step_avg:3.13ms
step:2023/3250 train_time:6.475s step_avg:3.20ms
step:2024/3250 train_time:6.628s step_avg:3.27ms
step:2025/3250 train_time:6.780s step_avg:3.35ms
step:2026/3250 train_time:6.931s step_avg:3.42ms
step:2027/3250 train_time:7.085s step_avg:3.50ms
step:2028/3250 train_time:7.238s step_avg:3.57ms
step:2029/3250 train_time:7.390s step_avg:3.64ms
step:2030/3250 train_time:7.543s step_avg:3.72ms
step:2031/3250 train_time:7.695s step_avg:3.79ms
step:2032/3250 train_time:7.848s step_avg:3.86ms
step:2033/3250 train_time:8.000s step_avg:3.94ms
step:2034/3250 train_time:8.153s step_avg:4.01ms
step:2035/3250 train_time:8.305s step_avg:4.08ms
step:2036/3250 train_time:8.460s step_avg:4.16ms
step:2037/3250 train_time:8.612s step_avg:4.23ms
step:2038/3250 train_time:8.766s step_avg:4.30ms
step:2039/3250 train_time:8.919s step_avg:4.37ms
step:2040/3250 train_time:9.071s step_avg:4.45ms
step:2041/3250 train_time:9.223s step_avg:4.52ms
step:2042/3250 train_time:9.377s step_avg:4.59ms
step:2043/3250 train_time:9.529s step_avg:4.66ms
step:2044/3250 train_time:9.683s step_avg:4.74ms
step:2045/3250 train_time:9.837s step_avg:4.81ms
step:2046/3250 train_time:9.990s step_avg:4.88ms
step:2047/3250 train_time:10.143s step_avg:4.96ms
step:2048/3250 train_time:10.296s step_avg:5.03ms
step:2049/3250 train_time:10.449s step_avg:5.10ms
step:2050/3250 train_time:10.602s step_avg:5.17ms
step:2051/3250 train_time:10.756s step_avg:5.24ms
step:2052/3250 train_time:10.909s step_avg:5.32ms
step:2053/3250 train_time:11.062s step_avg:5.39ms
step:2054/3250 train_time:11.215s step_avg:5.46ms
step:2055/3250 train_time:11.369s step_avg:5.53ms
step:2056/3250 train_time:11.522s step_avg:5.60ms
step:2057/3250 train_time:11.676s step_avg:5.68ms
step:2058/3250 train_time:11.827s step_avg:5.75ms
step:2059/3250 train_time:11.980s step_avg:5.82ms
step:2060/3250 train_time:12.133s step_avg:5.89ms
step:2061/3250 train_time:12.285s step_avg:5.96ms
step:2062/3250 train_time:12.438s step_avg:6.03ms
step:2063/3250 train_time:12.591s step_avg:6.10ms
step:2064/3250 train_time:12.744s step_avg:6.17ms
step:2065/3250 train_time:12.897s step_avg:6.25ms
step:2066/3250 train_time:13.051s step_avg:6.32ms
step:2067/3250 train_time:13.204s step_avg:6.39ms
step:2068/3250 train_time:13.357s step_avg:6.46ms
step:2069/3250 train_time:13.510s step_avg:6.53ms
step:2070/3250 train_time:13.664s step_avg:6.60ms
step:2071/3250 train_time:13.817s step_avg:6.67ms
step:2072/3250 train_time:13.970s step_avg:6.74ms
step:2073/3250 train_time:14.123s step_avg:6.81ms
step:2074/3250 train_time:14.276s step_avg:6.88ms
step:2075/3250 train_time:14.428s step_avg:6.95ms
step:2076/3250 train_time:14.581s step_avg:7.02ms
step:2077/3250 train_time:14.735s step_avg:7.09ms
step:2078/3250 train_time:14.888s step_avg:7.16ms
step:2079/3250 train_time:15.041s step_avg:7.23ms
step:2080/3250 train_time:15.194s step_avg:7.30ms
step:2081/3250 train_time:15.347s step_avg:7.37ms
step:2082/3250 train_time:15.501s step_avg:7.45ms
step:2083/3250 train_time:15.653s step_avg:7.51ms
step:2084/3250 train_time:15.807s step_avg:7.58ms
step:2085/3250 train_time:15.960s step_avg:7.65ms
step:2086/3250 train_time:16.113s step_avg:7.72ms
step:2087/3250 train_time:16.266s step_avg:7.79ms
step:2088/3250 train_time:16.419s step_avg:7.86ms
step:2089/3250 train_time:16.572s step_avg:7.93ms
step:2090/3250 train_time:16.725s step_avg:8.00ms
step:2091/3250 train_time:16.918s step_avg:8.09ms
step:2092/3250 train_time:17.071s step_avg:8.16ms
step:2093/3250 train_time:17.224s step_avg:8.23ms
step:2094/3250 train_time:17.377s step_avg:8.30ms
step:2095/3250 train_time:17.530s step_avg:8.37ms
step:2096/3250 train_time:17.683s step_avg:8.44ms
step:2097/3250 train_time:17.839s step_avg:8.51ms
step:2098/3250 train_time:17.992s step_avg:8.58ms
step:2099/3250 train_time:18.146s step_avg:8.64ms
step:2100/3250 train_time:18.299s step_avg:8.71ms
step:2101/3250 train_time:18.452s step_avg:8.78ms
step:2102/3250 train_time:18.605s step_avg:8.85ms
step:2103/3250 train_time:18.760s step_avg:8.92ms
step:2104/3250 train_time:18.913s step_avg:8.99ms
step:2105/3250 train_time:19.066s step_avg:9.06ms
step:2106/3250 train_time:19.221s step_avg:9.13ms
step:2107/3250 train_time:19.374s step_avg:9.19ms
step:2108/3250 train_time:19.527s step_avg:9.26ms
step:2109/3250 train_time:19.680s step_avg:9.33ms
step:2110/3250 train_time:19.834s step_avg:9.40ms
step:2111/3250 train_time:19.987s step_avg:9.47ms
step:2112/3250 train_time:20.140s step_avg:9.54ms
step:2113/3250 train_time:20.293s step_avg:9.60ms
step:2114/3250 train_time:20.446s step_avg:9.67ms
step:2115/3250 train_time:20.599s step_avg:9.74ms
step:2116/3250 train_time:20.751s step_avg:9.81ms
step:2117/3250 train_time:20.905s step_avg:9.87ms
step:2118/3250 train_time:21.059s step_avg:9.94ms
step:2119/3250 train_time:21.212s step_avg:10.01ms
step:2120/3250 train_time:21.365s step_avg:10.08ms
step:2121/3250 train_time:21.520s step_avg:10.15ms
step:2122/3250 train_time:21.673s step_avg:10.21ms
step:2123/3250 train_time:21.825s step_avg:10.28ms
step:2124/3250 train_time:21.980s step_avg:10.35ms
step:2125/3250 train_time:22.132s step_avg:10.42ms
step:2125/3250 val_loss:3.44547 train_time:22.144s step_avg:10.42ms
step:2126/3250 train_time:22.948s step_avg:10.79ms
step:2127/3250 train_time:23.086s step_avg:10.85ms
step:2128/3250 train_time:23.239s step_avg:10.92ms
step:2129/3250 train_time:23.392s step_avg:10.99ms
step:2130/3250 train_time:23.544s step_avg:11.05ms
step:2131/3250 train_time:23.698s step_avg:11.12ms
step:2132/3250 train_time:23.849s step_avg:11.19ms
step:2133/3250 train_time:24.004s step_avg:11.25ms
step:2134/3250 train_time:24.157s step_avg:11.32ms
step:2135/3250 train_time:24.312s step_avg:11.39ms
step:2136/3250 train_time:24.465s step_avg:11.45ms
step:2137/3250 train_time:24.618s step_avg:11.52ms
step:2138/3250 train_time:24.771s step_avg:11.59ms
step:2139/3250 train_time:24.925s step_avg:11.65ms
step:2140/3250 train_time:25.078s step_avg:11.72ms
step:2141/3250 train_time:25.232s step_avg:11.79ms
step:2142/3250 train_time:25.386s step_avg:11.85ms
step:2143/3250 train_time:25.539s step_avg:11.92ms
step:2144/3250 train_time:25.694s step_avg:11.98ms
step:2145/3250 train_time:25.848s step_avg:12.05ms
step:2146/3250 train_time:26.002s step_avg:12.12ms
step:2147/3250 train_time:26.155s step_avg:12.18ms
step:2148/3250 train_time:26.310s step_avg:12.25ms
step:2149/3250 train_time:26.462s step_avg:12.31ms
step:2150/3250 train_time:26.615s step_avg:12.38ms
step:2151/3250 train_time:26.770s step_avg:12.45ms
step:2152/3250 train_time:26.924s step_avg:12.51ms
step:2153/3250 train_time:27.078s step_avg:12.58ms
step:2154/3250 train_time:27.232s step_avg:12.64ms
step:2155/3250 train_time:27.385s step_avg:12.71ms
step:2156/3250 train_time:27.538s step_avg:12.77ms
step:2157/3250 train_time:27.692s step_avg:12.84ms
step:2158/3250 train_time:27.846s step_avg:12.90ms
step:2159/3250 train_time:27.999s step_avg:12.97ms
step:2160/3250 train_time:28.153s step_avg:13.03ms
step:2161/3250 train_time:28.306s step_avg:13.10ms
step:2162/3250 train_time:28.459s step_avg:13.16ms
step:2163/3250 train_time:28.613s step_avg:13.23ms
step:2164/3250 train_time:28.768s step_avg:13.29ms
step:2165/3250 train_time:28.920s step_avg:13.36ms
step:2166/3250 train_time:29.076s step_avg:13.42ms
step:2167/3250 train_time:29.230s step_avg:13.49ms
step:2168/3250 train_time:29.384s step_avg:13.55ms
step:2169/3250 train_time:29.538s step_avg:13.62ms
step:2170/3250 train_time:29.692s step_avg:13.68ms
step:2171/3250 train_time:29.846s step_avg:13.75ms
step:2172/3250 train_time:29.999s step_avg:13.81ms
step:2173/3250 train_time:30.153s step_avg:13.88ms
step:2174/3250 train_time:30.307s step_avg:13.94ms
step:2175/3250 train_time:30.461s step_avg:14.01ms
step:2176/3250 train_time:30.615s step_avg:14.07ms
step:2177/3250 train_time:30.768s step_avg:14.13ms
step:2178/3250 train_time:30.923s step_avg:14.20ms
step:2179/3250 train_time:31.076s step_avg:14.26ms
step:2180/3250 train_time:31.230s step_avg:14.33ms
step:2181/3250 train_time:31.383s step_avg:14.39ms
step:2182/3250 train_time:31.537s step_avg:14.45ms
step:2183/3250 train_time:31.691s step_avg:14.52ms
step:2184/3250 train_time:31.844s step_avg:14.58ms
step:2185/3250 train_time:31.998s step_avg:14.64ms
step:2186/3250 train_time:32.152s step_avg:14.71ms
step:2187/3250 train_time:32.305s step_avg:14.77ms
step:2188/3250 train_time:32.459s step_avg:14.83ms
step:2189/3250 train_time:32.613s step_avg:14.90ms
step:2190/3250 train_time:32.767s step_avg:14.96ms
step:2191/3250 train_time:32.921s step_avg:15.03ms
step:2192/3250 train_time:33.074s step_avg:15.09ms
step:2193/3250 train_time:33.226s step_avg:15.15ms
step:2194/3250 train_time:33.380s step_avg:15.21ms
step:2195/3250 train_time:33.534s step_avg:15.28ms
step:2196/3250 train_time:33.688s step_avg:15.34ms
step:2197/3250 train_time:33.843s step_avg:15.40ms
step:2198/3250 train_time:33.996s step_avg:15.47ms
step:2199/3250 train_time:34.151s step_avg:15.53ms
step:2200/3250 train_time:34.306s step_avg:15.59ms
step:2201/3250 train_time:34.459s step_avg:15.66ms
step:2202/3250 train_time:34.612s step_avg:15.72ms
step:2203/3250 train_time:34.766s step_avg:15.78ms
step:2204/3250 train_time:34.920s step_avg:15.84ms
step:2205/3250 train_time:35.073s step_avg:15.91ms
step:2206/3250 train_time:35.227s step_avg:15.97ms
step:2207/3250 train_time:35.380s step_avg:16.03ms
step:2208/3250 train_time:35.534s step_avg:16.09ms
step:2209/3250 train_time:35.688s step_avg:16.16ms
step:2210/3250 train_time:35.843s step_avg:16.22ms
step:2211/3250 train_time:35.996s step_avg:16.28ms
step:2212/3250 train_time:36.150s step_avg:16.34ms
step:2213/3250 train_time:36.304s step_avg:16.40ms
step:2214/3250 train_time:36.458s step_avg:16.47ms
step:2215/3250 train_time:36.612s step_avg:16.53ms
step:2216/3250 train_time:36.766s step_avg:16.59ms
step:2217/3250 train_time:36.919s step_avg:16.65ms
step:2218/3250 train_time:37.074s step_avg:16.71ms
step:2219/3250 train_time:37.226s step_avg:16.78ms
step:2220/3250 train_time:37.380s step_avg:16.84ms
step:2221/3250 train_time:37.534s step_avg:16.90ms
step:2222/3250 train_time:37.687s step_avg:16.96ms
step:2223/3250 train_time:37.843s step_avg:17.02ms
step:2224/3250 train_time:37.997s step_avg:17.08ms
step:2225/3250 train_time:38.151s step_avg:17.15ms
step:2226/3250 train_time:38.304s step_avg:17.21ms
step:2227/3250 train_time:38.458s step_avg:17.27ms
step:2228/3250 train_time:38.613s step_avg:17.33ms
step:2229/3250 train_time:38.767s step_avg:17.39ms
step:2230/3250 train_time:38.922s step_avg:17.45ms
step:2231/3250 train_time:39.074s step_avg:17.51ms
step:2232/3250 train_time:39.228s step_avg:17.58ms
step:2233/3250 train_time:39.381s step_avg:17.64ms
step:2234/3250 train_time:39.534s step_avg:17.70ms
step:2235/3250 train_time:39.690s step_avg:17.76ms
step:2236/3250 train_time:39.844s step_avg:17.82ms
step:2237/3250 train_time:39.997s step_avg:17.88ms
step:2238/3250 train_time:40.153s step_avg:17.94ms
step:2239/3250 train_time:40.306s step_avg:18.00ms
step:2240/3250 train_time:40.459s step_avg:18.06ms
step:2241/3250 train_time:40.614s step_avg:18.12ms
step:2242/3250 train_time:40.769s step_avg:18.18ms
step:2243/3250 train_time:40.923s step_avg:18.24ms
step:2244/3250 train_time:41.077s step_avg:18.31ms
step:2245/3250 train_time:41.231s step_avg:18.37ms
step:2246/3250 train_time:41.384s step_avg:18.43ms
step:2247/3250 train_time:41.538s step_avg:18.49ms
step:2248/3250 train_time:41.692s step_avg:18.55ms
step:2249/3250 train_time:41.845s step_avg:18.61ms
step:2250/3250 train_time:41.999s step_avg:18.67ms
step:2250/3250 val_loss:3.44283 train_time:42.011s step_avg:158.94ms
step:2251/3250 train_time:42.818s step_avg:19.02ms
step:2252/3250 train_time:42.960s step_avg:19.08ms
step:2253/3250 train_time:43.112s step_avg:19.14ms
step:2254/3250 train_time:43.267s step_avg:19.20ms
step:2255/3250 train_time:43.420s step_avg:19.26ms
step:2256/3250 train_time:43.574s step_avg:19.31ms
step:2257/3250 train_time:43.727s step_avg:19.37ms
step:2258/3250 train_time:43.879s step_avg:19.43ms
step:2259/3250 train_time:44.033s step_avg:19.49ms
step:2260/3250 train_time:44.186s step_avg:19.55ms
step:2261/3250 train_time:44.341s step_avg:19.61ms
step:2262/3250 train_time:44.495s step_avg:19.67ms
step:2263/3250 train_time:44.648s step_avg:19.73ms
step:2264/3250 train_time:44.801s step_avg:19.79ms
step:2265/3250 train_time:44.954s step_avg:19.85ms
step:2266/3250 train_time:45.107s step_avg:19.91ms
step:2267/3250 train_time:45.261s step_avg:19.97ms
step:2268/3250 train_time:45.415s step_avg:20.02ms
step:2269/3250 train_time:45.571s step_avg:20.08ms
step:2270/3250 train_time:45.724s step_avg:20.14ms
step:2271/3250 train_time:45.879s step_avg:20.20ms
step:2272/3250 train_time:46.033s step_avg:20.26ms
step:2273/3250 train_time:46.186s step_avg:20.32ms
step:2274/3250 train_time:46.338s step_avg:20.38ms
step:2275/3250 train_time:46.492s step_avg:20.44ms
step:2276/3250 train_time:46.645s step_avg:20.49ms
step:2277/3250 train_time:46.800s step_avg:20.55ms
step:2278/3250 train_time:46.954s step_avg:20.61ms
step:2279/3250 train_time:47.108s step_avg:20.67ms
step:2280/3250 train_time:47.262s step_avg:20.73ms
step:2281/3250 train_time:47.462s step_avg:20.81ms
step:2282/3250 train_time:47.615s step_avg:20.87ms
step:2283/3250 train_time:47.768s step_avg:20.92ms
step:2284/3250 train_time:47.921s step_avg:20.98ms
step:2285/3250 train_time:48.074s step_avg:21.04ms
step:2286/3250 train_time:48.227s step_avg:21.10ms
step:2287/3250 train_time:48.382s step_avg:21.16ms
step:2288/3250 train_time:48.537s step_avg:21.21ms
step:2289/3250 train_time:48.691s step_avg:21.27ms
step:2290/3250 train_time:48.844s step_avg:21.33ms
step:2291/3250 train_time:48.998s step_avg:21.39ms
step:2292/3250 train_time:49.154s step_avg:21.45ms
step:2293/3250 train_time:49.307s step_avg:21.50ms
step:2294/3250 train_time:49.462s step_avg:21.56ms
step:2295/3250 train_time:49.616s step_avg:21.62ms
step:2296/3250 train_time:49.770s step_avg:21.68ms
step:2297/3250 train_time:49.923s step_avg:21.73ms
step:2298/3250 train_time:50.077s step_avg:21.79ms
step:2299/3250 train_time:50.233s step_avg:21.85ms
step:2300/3250 train_time:50.386s step_avg:21.91ms
step:2301/3250 train_time:50.541s step_avg:21.96ms
step:2302/3250 train_time:50.694s step_avg:22.02ms
step:2303/3250 train_time:50.847s step_avg:22.08ms
step:2304/3250 train_time:51.002s step_avg:22.14ms
step:2305/3250 train_time:51.156s step_avg:22.19ms
step:2306/3250 train_time:51.309s step_avg:22.25ms
step:2307/3250 train_time:51.463s step_avg:22.31ms
step:2308/3250 train_time:51.616s step_avg:22.36ms
step:2309/3250 train_time:51.772s step_avg:22.42ms
step:2310/3250 train_time:51.926s step_avg:22.48ms
step:2311/3250 train_time:52.081s step_avg:22.54ms
step:2312/3250 train_time:52.235s step_avg:22.59ms
step:2313/3250 train_time:52.388s step_avg:22.65ms
step:2314/3250 train_time:52.541s step_avg:22.71ms
step:2315/3250 train_time:52.695s step_avg:22.76ms
step:2316/3250 train_time:52.848s step_avg:22.82ms
step:2317/3250 train_time:53.002s step_avg:22.88ms
step:2318/3250 train_time:53.155s step_avg:22.93ms
step:2319/3250 train_time:53.308s step_avg:22.99ms
step:2320/3250 train_time:53.462s step_avg:23.04ms
step:2321/3250 train_time:53.615s step_avg:23.10ms
step:2322/3250 train_time:53.769s step_avg:23.16ms
step:2323/3250 train_time:53.923s step_avg:23.21ms
step:2324/3250 train_time:54.076s step_avg:23.27ms
step:2325/3250 train_time:54.232s step_avg:23.33ms
step:2326/3250 train_time:54.384s step_avg:23.38ms
step:2327/3250 train_time:54.540s step_avg:23.44ms
step:2328/3250 train_time:54.692s step_avg:23.49ms
step:2329/3250 train_time:54.846s step_avg:23.55ms
step:2330/3250 train_time:55.001s step_avg:23.61ms
step:2331/3250 train_time:55.155s step_avg:23.66ms
step:2332/3250 train_time:55.309s step_avg:23.72ms
step:2333/3250 train_time:55.463s step_avg:23.77ms
step:2334/3250 train_time:55.617s step_avg:23.83ms
step:2335/3250 train_time:55.772s step_avg:23.89ms
step:2336/3250 train_time:55.926s step_avg:23.94ms
step:2337/3250 train_time:56.081s step_avg:24.00ms
step:2338/3250 train_time:56.235s step_avg:24.05ms
step:2339/3250 train_time:56.390s step_avg:24.11ms
step:2340/3250 train_time:56.543s step_avg:24.16ms
step:2341/3250 train_time:56.696s step_avg:24.22ms
step:2342/3250 train_time:56.853s step_avg:24.28ms
step:2343/3250 train_time:57.007s step_avg:24.33ms
step:2344/3250 train_time:57.161s step_avg:24.39ms
step:2345/3250 train_time:57.314s step_avg:24.44ms
step:2346/3250 train_time:57.467s step_avg:24.50ms
step:2347/3250 train_time:57.622s step_avg:24.55ms
step:2348/3250 train_time:57.776s step_avg:24.61ms
step:2349/3250 train_time:57.931s step_avg:24.66ms
step:2350/3250 train_time:58.084s step_avg:24.72ms
step:2351/3250 train_time:58.238s step_avg:24.77ms
step:2352/3250 train_time:58.391s step_avg:24.83ms
step:2353/3250 train_time:58.546s step_avg:24.88ms
step:2354/3250 train_time:58.700s step_avg:24.94ms
step:2355/3250 train_time:58.854s step_avg:24.99ms
step:2356/3250 train_time:59.008s step_avg:25.05ms
step:2357/3250 train_time:59.162s step_avg:25.10ms
step:2358/3250 train_time:59.317s step_avg:25.16ms
step:2359/3250 train_time:59.471s step_avg:25.21ms
step:2360/3250 train_time:59.624s step_avg:25.26ms
step:2361/3250 train_time:59.778s step_avg:25.32ms
step:2362/3250 train_time:59.933s step_avg:25.37ms
step:2363/3250 train_time:60.085s step_avg:25.43ms
step:2364/3250 train_time:60.240s step_avg:25.48ms
step:2365/3250 train_time:60.393s step_avg:25.54ms
step:2366/3250 train_time:60.547s step_avg:25.59ms
step:2367/3250 train_time:60.701s step_avg:25.64ms
step:2368/3250 train_time:60.856s step_avg:25.70ms
step:2369/3250 train_time:61.010s step_avg:25.75ms
step:2370/3250 train_time:61.163s step_avg:25.81ms
step:2371/3250 train_time:61.316s step_avg:25.86ms
step:2372/3250 train_time:61.471s step_avg:25.92ms
step:2373/3250 train_time:61.624s step_avg:25.97ms
step:2374/3250 train_time:61.778s step_avg:26.02ms
step:2375/3250 train_time:61.931s step_avg:26.08ms
step:2375/3250 val_loss:3.44126 train_time:61.943s step_avg:159.46ms
step:2376/3250 train_time:62.743s step_avg:26.41ms
step:2377/3250 train_time:62.884s step_avg:26.46ms
step:2378/3250 train_time:63.037s step_avg:26.51ms
step:2379/3250 train_time:63.191s step_avg:26.56ms
step:2380/3250 train_time:63.343s step_avg:26.61ms
step:2381/3250 train_time:63.497s step_avg:26.67ms
step:2382/3250 train_time:63.651s step_avg:26.72ms
step:2383/3250 train_time:63.804s step_avg:26.77ms
step:2384/3250 train_time:63.957s step_avg:26.83ms
step:2385/3250 train_time:64.111s step_avg:26.88ms
step:2386/3250 train_time:64.265s step_avg:26.93ms
step:2387/3250 train_time:64.418s step_avg:26.99ms
step:2388/3250 train_time:64.572s step_avg:27.04ms
step:2389/3250 train_time:64.726s step_avg:27.09ms
step:2390/3250 train_time:64.880s step_avg:27.15ms
step:2391/3250 train_time:65.034s step_avg:27.20ms
step:2392/3250 train_time:65.189s step_avg:27.25ms
step:2393/3250 train_time:65.342s step_avg:27.31ms
step:2394/3250 train_time:65.496s step_avg:27.36ms
step:2395/3250 train_time:65.650s step_avg:27.41ms
step:2396/3250 train_time:65.804s step_avg:27.46ms
step:2397/3250 train_time:65.958s step_avg:27.52ms
step:2398/3250 train_time:66.112s step_avg:27.57ms
step:2399/3250 train_time:66.265s step_avg:27.62ms
step:2400/3250 train_time:66.418s step_avg:27.67ms
step:2401/3250 train_time:66.573s step_avg:27.73ms
step:2402/3250 train_time:66.727s step_avg:27.78ms
step:2403/3250 train_time:66.880s step_avg:27.83ms
step:2404/3250 train_time:67.034s step_avg:27.88ms
step:2405/3250 train_time:67.187s step_avg:27.94ms
step:2406/3250 train_time:67.342s step_avg:27.99ms
step:2407/3250 train_time:67.494s step_avg:28.04ms
step:2408/3250 train_time:67.650s step_avg:28.09ms
step:2409/3250 train_time:67.804s step_avg:28.15ms
step:2410/3250 train_time:67.957s step_avg:28.20ms
step:2411/3250 train_time:68.112s step_avg:28.25ms
step:2412/3250 train_time:68.265s step_avg:28.30ms
step:2413/3250 train_time:68.417s step_avg:28.35ms
step:2414/3250 train_time:68.572s step_avg:28.41ms
step:2415/3250 train_time:68.725s step_avg:28.46ms
step:2416/3250 train_time:68.879s step_avg:28.51ms
step:2417/3250 train_time:69.032s step_avg:28.56ms
step:2418/3250 train_time:69.187s step_avg:28.61ms
step:2419/3250 train_time:69.341s step_avg:28.67ms
step:2420/3250 train_time:69.494s step_avg:28.72ms
step:2421/3250 train_time:69.648s step_avg:28.77ms
step:2422/3250 train_time:69.803s step_avg:28.82ms
step:2423/3250 train_time:69.956s step_avg:28.87ms
step:2424/3250 train_time:70.111s step_avg:28.92ms
step:2425/3250 train_time:70.264s step_avg:28.97ms
step:2426/3250 train_time:70.417s step_avg:29.03ms
step:2427/3250 train_time:70.571s step_avg:29.08ms
step:2428/3250 train_time:70.725s step_avg:29.13ms
step:2429/3250 train_time:70.879s step_avg:29.18ms
step:2430/3250 train_time:71.032s step_avg:29.23ms
step:2431/3250 train_time:71.186s step_avg:29.28ms
step:2432/3250 train_time:71.339s step_avg:29.33ms
step:2433/3250 train_time:71.494s step_avg:29.39ms
step:2434/3250 train_time:71.648s step_avg:29.44ms
step:2435/3250 train_time:71.803s step_avg:29.49ms
step:2436/3250 train_time:71.958s step_avg:29.54ms
step:2437/3250 train_time:72.113s step_avg:29.59ms
step:2438/3250 train_time:72.267s step_avg:29.64ms
step:2439/3250 train_time:72.419s step_avg:29.69ms
step:2440/3250 train_time:72.573s step_avg:29.74ms
step:2441/3250 train_time:72.727s step_avg:29.79ms
step:2442/3250 train_time:72.882s step_avg:29.85ms
step:2443/3250 train_time:73.036s step_avg:29.90ms
step:2444/3250 train_time:73.189s step_avg:29.95ms
step:2445/3250 train_time:73.343s step_avg:30.00ms
step:2446/3250 train_time:73.497s step_avg:30.05ms
step:2447/3250 train_time:73.652s step_avg:30.10ms
step:2448/3250 train_time:73.805s step_avg:30.15ms
step:2449/3250 train_time:73.958s step_avg:30.20ms
step:2450/3250 train_time:74.113s step_avg:30.25ms
step:2451/3250 train_time:74.267s step_avg:30.30ms
step:2452/3250 train_time:74.421s step_avg:30.35ms
step:2453/3250 train_time:74.574s step_avg:30.40ms
step:2454/3250 train_time:74.730s step_avg:30.45ms
step:2455/3250 train_time:74.884s step_avg:30.50ms
step:2456/3250 train_time:75.038s step_avg:30.55ms
step:2457/3250 train_time:75.191s step_avg:30.60ms
step:2458/3250 train_time:75.345s step_avg:30.65ms
step:2459/3250 train_time:75.498s step_avg:30.70ms
step:2460/3250 train_time:75.652s step_avg:30.75ms
step:2461/3250 train_time:75.807s step_avg:30.80ms
step:2462/3250 train_time:75.962s step_avg:30.85ms
step:2463/3250 train_time:76.115s step_avg:30.90ms
step:2464/3250 train_time:76.270s step_avg:30.95ms
step:2465/3250 train_time:76.423s step_avg:31.00ms
step:2466/3250 train_time:76.577s step_avg:31.05ms
step:2467/3250 train_time:76.731s step_avg:31.10ms
step:2468/3250 train_time:76.885s step_avg:31.15ms
step:2469/3250 train_time:77.039s step_avg:31.20ms
step:2470/3250 train_time:77.193s step_avg:31.25ms
step:2471/3250 train_time:77.384s step_avg:31.32ms
step:2472/3250 train_time:77.537s step_avg:31.37ms
step:2473/3250 train_time:77.691s step_avg:31.42ms
step:2474/3250 train_time:77.844s step_avg:31.46ms
step:2475/3250 train_time:77.997s step_avg:31.51ms
step:2476/3250 train_time:78.152s step_avg:31.56ms
step:2477/3250 train_time:78.307s step_avg:31.61ms
step:2478/3250 train_time:78.461s step_avg:31.66ms
step:2479/3250 train_time:78.614s step_avg:31.71ms
step:2480/3250 train_time:78.767s step_avg:31.76ms
step:2481/3250 train_time:78.921s step_avg:31.81ms
step:2482/3250 train_time:79.075s step_avg:31.86ms
step:2483/3250 train_time:79.229s step_avg:31.91ms
step:2484/3250 train_time:79.385s step_avg:31.96ms
step:2485/3250 train_time:79.540s step_avg:32.01ms
step:2486/3250 train_time:79.693s step_avg:32.06ms
step:2487/3250 train_time:79.846s step_avg:32.11ms
step:2488/3250 train_time:80.002s step_avg:32.16ms
step:2489/3250 train_time:80.155s step_avg:32.20ms
step:2490/3250 train_time:80.308s step_avg:32.25ms
step:2491/3250 train_time:80.462s step_avg:32.30ms
step:2492/3250 train_time:80.614s step_avg:32.35ms
step:2493/3250 train_time:80.769s step_avg:32.40ms
step:2494/3250 train_time:80.923s step_avg:32.45ms
step:2495/3250 train_time:81.078s step_avg:32.50ms
step:2496/3250 train_time:81.232s step_avg:32.54ms
step:2497/3250 train_time:81.385s step_avg:32.59ms
step:2498/3250 train_time:81.539s step_avg:32.64ms
step:2499/3250 train_time:81.693s step_avg:32.69ms
step:2500/3250 train_time:81.847s step_avg:32.74ms
step:2500/3250 val_loss:3.43825 train_time:81.859s step_avg:159.32ms
step:2501/3250 train_time:82.633s step_avg:33.04ms
step:2502/3250 train_time:82.772s step_avg:33.08ms
step:2503/3250 train_time:82.925s step_avg:33.13ms
step:2504/3250 train_time:83.078s step_avg:33.18ms
step:2505/3250 train_time:83.231s step_avg:33.23ms
step:2506/3250 train_time:83.384s step_avg:33.27ms
step:2507/3250 train_time:83.538s step_avg:33.32ms
step:2508/3250 train_time:83.691s step_avg:33.37ms
step:2509/3250 train_time:83.845s step_avg:33.42ms
step:2510/3250 train_time:83.999s step_avg:33.47ms
step:2511/3250 train_time:84.153s step_avg:33.51ms
step:2512/3250 train_time:84.306s step_avg:33.56ms
step:2513/3250 train_time:84.459s step_avg:33.61ms
step:2514/3250 train_time:84.612s step_avg:33.66ms
step:2515/3250 train_time:84.765s step_avg:33.70ms
step:2516/3250 train_time:84.919s step_avg:33.75ms
step:2517/3250 train_time:85.074s step_avg:33.80ms
step:2518/3250 train_time:85.229s step_avg:33.85ms
step:2519/3250 train_time:85.384s step_avg:33.90ms
step:2520/3250 train_time:85.538s step_avg:33.94ms
step:2521/3250 train_time:85.692s step_avg:33.99ms
step:2522/3250 train_time:85.845s step_avg:34.04ms
step:2523/3250 train_time:85.998s step_avg:34.09ms
step:2524/3250 train_time:86.150s step_avg:34.13ms
step:2525/3250 train_time:86.305s step_avg:34.18ms
step:2526/3250 train_time:86.458s step_avg:34.23ms
step:2527/3250 train_time:86.613s step_avg:34.27ms
step:2528/3250 train_time:86.767s step_avg:34.32ms
step:2529/3250 train_time:86.921s step_avg:34.37ms
step:2530/3250 train_time:87.075s step_avg:34.42ms
step:2531/3250 train_time:87.229s step_avg:34.46ms
step:2532/3250 train_time:87.383s step_avg:34.51ms
step:2533/3250 train_time:87.538s step_avg:34.56ms
step:2534/3250 train_time:87.692s step_avg:34.61ms
step:2535/3250 train_time:87.845s step_avg:34.65ms
step:2536/3250 train_time:87.999s step_avg:34.70ms
step:2537/3250 train_time:88.153s step_avg:34.75ms
step:2538/3250 train_time:88.307s step_avg:34.79ms
step:2539/3250 train_time:88.463s step_avg:34.84ms
step:2540/3250 train_time:88.617s step_avg:34.89ms
step:2541/3250 train_time:88.770s step_avg:34.94ms
step:2542/3250 train_time:88.925s step_avg:34.98ms
step:2543/3250 train_time:89.077s step_avg:35.03ms
step:2544/3250 train_time:89.230s step_avg:35.07ms
step:2545/3250 train_time:89.384s step_avg:35.12ms
step:2546/3250 train_time:89.538s step_avg:35.17ms
step:2547/3250 train_time:89.692s step_avg:35.21ms
step:2548/3250 train_time:89.845s step_avg:35.26ms
step:2549/3250 train_time:89.999s step_avg:35.31ms
step:2550/3250 train_time:90.152s step_avg:35.35ms
step:2551/3250 train_time:90.306s step_avg:35.40ms
step:2552/3250 train_time:90.460s step_avg:35.45ms
step:2553/3250 train_time:90.615s step_avg:35.49ms
step:2554/3250 train_time:90.770s step_avg:35.54ms
step:2555/3250 train_time:90.924s step_avg:35.59ms
step:2556/3250 train_time:91.076s step_avg:35.63ms
step:2557/3250 train_time:91.231s step_avg:35.68ms
step:2558/3250 train_time:91.385s step_avg:35.73ms
step:2559/3250 train_time:91.540s step_avg:35.77ms
step:2560/3250 train_time:91.694s step_avg:35.82ms
step:2561/3250 train_time:91.847s step_avg:35.86ms
step:2562/3250 train_time:92.001s step_avg:35.91ms
step:2563/3250 train_time:92.154s step_avg:35.96ms
step:2564/3250 train_time:92.308s step_avg:36.00ms
step:2565/3250 train_time:92.462s step_avg:36.05ms
step:2566/3250 train_time:92.617s step_avg:36.09ms
step:2567/3250 train_time:92.772s step_avg:36.14ms
step:2568/3250 train_time:92.926s step_avg:36.19ms
step:2569/3250 train_time:93.080s step_avg:36.23ms
step:2570/3250 train_time:93.236s step_avg:36.28ms
step:2571/3250 train_time:93.390s step_avg:36.32ms
step:2572/3250 train_time:93.545s step_avg:36.37ms
step:2573/3250 train_time:93.699s step_avg:36.42ms
step:2574/3250 train_time:93.852s step_avg:36.46ms
step:2575/3250 train_time:94.006s step_avg:36.51ms
step:2576/3250 train_time:94.160s step_avg:36.55ms
step:2577/3250 train_time:94.315s step_avg:36.60ms
step:2578/3250 train_time:94.469s step_avg:36.64ms
step:2579/3250 train_time:94.625s step_avg:36.69ms
step:2580/3250 train_time:94.778s step_avg:36.74ms
step:2581/3250 train_time:94.932s step_avg:36.78ms
step:2582/3250 train_time:95.085s step_avg:36.83ms
step:2583/3250 train_time:95.239s step_avg:36.87ms
step:2584/3250 train_time:95.392s step_avg:36.92ms
step:2585/3250 train_time:95.546s step_avg:36.96ms
step:2586/3250 train_time:95.701s step_avg:37.01ms
step:2587/3250 train_time:95.854s step_avg:37.05ms
step:2588/3250 train_time:96.008s step_avg:37.10ms
step:2589/3250 train_time:96.162s step_avg:37.14ms
step:2590/3250 train_time:96.317s step_avg:37.19ms
step:2591/3250 train_time:96.470s step_avg:37.23ms
step:2592/3250 train_time:96.625s step_avg:37.28ms
step:2593/3250 train_time:96.777s step_avg:37.32ms
step:2594/3250 train_time:96.932s step_avg:37.37ms
step:2595/3250 train_time:97.085s step_avg:37.41ms
step:2596/3250 train_time:97.239s step_avg:37.46ms
step:2597/3250 train_time:97.394s step_avg:37.50ms
step:2598/3250 train_time:97.548s step_avg:37.55ms
step:2599/3250 train_time:97.702s step_avg:37.59ms
step:2600/3250 train_time:97.856s step_avg:37.64ms
step:2601/3250 train_time:98.010s step_avg:37.68ms
step:2602/3250 train_time:98.165s step_avg:37.73ms
step:2603/3250 train_time:98.318s step_avg:37.77ms
step:2604/3250 train_time:98.472s step_avg:37.82ms
step:2605/3250 train_time:98.626s step_avg:37.86ms
step:2606/3250 train_time:98.779s step_avg:37.90ms
step:2607/3250 train_time:98.935s step_avg:37.95ms
step:2608/3250 train_time:99.090s step_avg:37.99ms
step:2609/3250 train_time:99.244s step_avg:38.04ms
step:2610/3250 train_time:99.398s step_avg:38.08ms
step:2611/3250 train_time:99.552s step_avg:38.13ms
step:2612/3250 train_time:99.705s step_avg:38.17ms
step:2613/3250 train_time:99.859s step_avg:38.22ms
step:2614/3250 train_time:100.014s step_avg:38.26ms
step:2615/3250 train_time:100.167s step_avg:38.30ms
step:2616/3250 train_time:100.320s step_avg:38.35ms
step:2617/3250 train_time:100.475s step_avg:38.39ms
step:2618/3250 train_time:100.629s step_avg:38.44ms
step:2619/3250 train_time:100.784s step_avg:38.48ms
step:2620/3250 train_time:100.938s step_avg:38.53ms
step:2621/3250 train_time:101.093s step_avg:38.57ms
step:2622/3250 train_time:101.246s step_avg:38.61ms
step:2623/3250 train_time:101.400s step_avg:38.66ms
step:2624/3250 train_time:101.552s step_avg:38.70ms
step:2625/3250 train_time:101.705s step_avg:38.74ms
step:2625/3250 val_loss:3.43366 train_time:101.717s step_avg:158.86ms
step:2626/3250 train_time:102.550s step_avg:39.05ms
step:2627/3250 train_time:102.690s step_avg:39.09ms
step:2628/3250 train_time:102.843s step_avg:39.13ms
step:2629/3250 train_time:102.996s step_avg:39.18ms
step:2630/3250 train_time:103.150s step_avg:39.22ms
step:2631/3250 train_time:103.303s step_avg:39.26ms
step:2632/3250 train_time:103.457s step_avg:39.31ms
step:2633/3250 train_time:103.611s step_avg:39.35ms
step:2634/3250 train_time:103.765s step_avg:39.39ms
step:2635/3250 train_time:103.919s step_avg:39.44ms
step:2636/3250 train_time:104.073s step_avg:39.48ms
step:2637/3250 train_time:104.228s step_avg:39.53ms
step:2638/3250 train_time:104.381s step_avg:39.57ms
step:2639/3250 train_time:104.535s step_avg:39.61ms
step:2640/3250 train_time:104.688s step_avg:39.65ms
step:2641/3250 train_time:104.841s step_avg:39.70ms
step:2642/3250 train_time:104.996s step_avg:39.74ms
step:2643/3250 train_time:105.150s step_avg:39.78ms
step:2644/3250 train_time:105.303s step_avg:39.83ms
step:2645/3250 train_time:105.457s step_avg:39.87ms
step:2646/3250 train_time:105.611s step_avg:39.91ms
step:2647/3250 train_time:105.766s step_avg:39.96ms
step:2648/3250 train_time:105.919s step_avg:40.00ms
step:2649/3250 train_time:106.073s step_avg:40.04ms
step:2650/3250 train_time:106.228s step_avg:40.09ms
step:2651/3250 train_time:106.380s step_avg:40.13ms
step:2652/3250 train_time:106.535s step_avg:40.17ms
step:2653/3250 train_time:106.689s step_avg:40.21ms
step:2654/3250 train_time:106.843s step_avg:40.26ms
step:2655/3250 train_time:106.997s step_avg:40.30ms
step:2656/3250 train_time:107.151s step_avg:40.34ms
step:2657/3250 train_time:107.305s step_avg:40.39ms
step:2658/3250 train_time:107.458s step_avg:40.43ms
step:2659/3250 train_time:107.613s step_avg:40.47ms
step:2660/3250 train_time:107.768s step_avg:40.51ms
step:2661/3250 train_time:107.963s step_avg:40.57ms
step:2662/3250 train_time:108.117s step_avg:40.61ms
step:2663/3250 train_time:108.270s step_avg:40.66ms
step:2664/3250 train_time:108.423s step_avg:40.70ms
step:2665/3250 train_time:108.577s step_avg:40.74ms
step:2666/3250 train_time:108.730s step_avg:40.78ms
step:2667/3250 train_time:108.884s step_avg:40.83ms
step:2668/3250 train_time:109.039s step_avg:40.87ms
step:2669/3250 train_time:109.194s step_avg:40.91ms
step:2670/3250 train_time:109.349s step_avg:40.95ms
step:2671/3250 train_time:109.502s step_avg:41.00ms
step:2672/3250 train_time:109.657s step_avg:41.04ms
step:2673/3250 train_time:109.811s step_avg:41.08ms
step:2674/3250 train_time:109.963s step_avg:41.12ms
step:2675/3250 train_time:110.118s step_avg:41.17ms
step:2676/3250 train_time:110.271s step_avg:41.21ms
step:2677/3250 train_time:110.426s step_avg:41.25ms
step:2678/3250 train_time:110.579s step_avg:41.29ms
step:2679/3250 train_time:110.733s step_avg:41.33ms
step:2680/3250 train_time:110.888s step_avg:41.38ms
step:2681/3250 train_time:111.041s step_avg:41.42ms
step:2682/3250 train_time:111.196s step_avg:41.46ms
step:2683/3250 train_time:111.350s step_avg:41.50ms
step:2684/3250 train_time:111.503s step_avg:41.54ms
step:2685/3250 train_time:111.657s step_avg:41.59ms
step:2686/3250 train_time:111.811s step_avg:41.63ms
step:2687/3250 train_time:111.966s step_avg:41.67ms
step:2688/3250 train_time:112.118s step_avg:41.71ms
step:2689/3250 train_time:112.272s step_avg:41.75ms
step:2690/3250 train_time:112.427s step_avg:41.79ms
step:2691/3250 train_time:112.580s step_avg:41.84ms
step:2692/3250 train_time:112.734s step_avg:41.88ms
step:2693/3250 train_time:112.888s step_avg:41.92ms
step:2694/3250 train_time:113.042s step_avg:41.96ms
step:2695/3250 train_time:113.196s step_avg:42.00ms
step:2696/3250 train_time:113.350s step_avg:42.04ms
step:2697/3250 train_time:113.504s step_avg:42.09ms
step:2698/3250 train_time:113.658s step_avg:42.13ms
step:2699/3250 train_time:113.812s step_avg:42.17ms
step:2700/3250 train_time:113.967s step_avg:42.21ms
step:2701/3250 train_time:114.119s step_avg:42.25ms
step:2702/3250 train_time:114.273s step_avg:42.29ms
step:2703/3250 train_time:114.428s step_avg:42.33ms
step:2704/3250 train_time:114.580s step_avg:42.37ms
step:2705/3250 train_time:114.735s step_avg:42.42ms
step:2706/3250 train_time:114.888s step_avg:42.46ms
step:2707/3250 train_time:115.043s step_avg:42.50ms
step:2708/3250 train_time:115.197s step_avg:42.54ms
step:2709/3250 train_time:115.350s step_avg:42.58ms
step:2710/3250 train_time:115.505s step_avg:42.62ms
step:2711/3250 train_time:115.658s step_avg:42.66ms
step:2712/3250 train_time:115.812s step_avg:42.70ms
step:2713/3250 train_time:115.967s step_avg:42.74ms
step:2714/3250 train_time:116.120s step_avg:42.79ms
step:2715/3250 train_time:116.273s step_avg:42.83ms
step:2716/3250 train_time:116.428s step_avg:42.87ms
step:2717/3250 train_time:116.580s step_avg:42.91ms
step:2718/3250 train_time:116.735s step_avg:42.95ms
step:2719/3250 train_time:116.888s step_avg:42.99ms
step:2720/3250 train_time:117.043s step_avg:43.03ms
step:2721/3250 train_time:117.197s step_avg:43.07ms
step:2722/3250 train_time:117.350s step_avg:43.11ms
step:2723/3250 train_time:117.504s step_avg:43.15ms
step:2724/3250 train_time:117.658s step_avg:43.19ms
step:2725/3250 train_time:117.812s step_avg:43.23ms
step:2726/3250 train_time:117.968s step_avg:43.28ms
step:2727/3250 train_time:118.122s step_avg:43.32ms
step:2728/3250 train_time:118.276s step_avg:43.36ms
step:2729/3250 train_time:118.430s step_avg:43.40ms
step:2730/3250 train_time:118.584s step_avg:43.44ms
step:2731/3250 train_time:118.738s step_avg:43.48ms
step:2732/3250 train_time:118.891s step_avg:43.52ms
step:2733/3250 train_time:119.047s step_avg:43.56ms
step:2734/3250 train_time:119.201s step_avg:43.60ms
step:2735/3250 train_time:119.355s step_avg:43.64ms
step:2736/3250 train_time:119.508s step_avg:43.68ms
step:2737/3250 train_time:119.662s step_avg:43.72ms
step:2738/3250 train_time:119.817s step_avg:43.76ms
step:2739/3250 train_time:119.971s step_avg:43.80ms
step:2740/3250 train_time:120.125s step_avg:43.84ms
step:2741/3250 train_time:120.278s step_avg:43.88ms
step:2742/3250 train_time:120.432s step_avg:43.92ms
step:2743/3250 train_time:120.585s step_avg:43.96ms
step:2744/3250 train_time:120.738s step_avg:44.00ms
step:2745/3250 train_time:120.893s step_avg:44.04ms
step:2746/3250 train_time:121.048s step_avg:44.08ms
step:2747/3250 train_time:121.202s step_avg:44.12ms
step:2748/3250 train_time:121.356s step_avg:44.16ms
step:2749/3250 train_time:121.509s step_avg:44.20ms
step:2750/3250 train_time:121.664s step_avg:44.24ms
step:2750/3250 val_loss:3.43388 train_time:121.676s step_avg:159.67ms
step:2751/3250 train_time:122.473s step_avg:44.52ms
step:2752/3250 train_time:122.612s step_avg:44.55ms
step:2753/3250 train_time:122.764s step_avg:44.59ms
step:2754/3250 train_time:122.916s step_avg:44.63ms
step:2755/3250 train_time:123.071s step_avg:44.67ms
step:2756/3250 train_time:123.223s step_avg:44.71ms
step:2757/3250 train_time:123.378s step_avg:44.75ms
step:2758/3250 train_time:123.532s step_avg:44.79ms
step:2759/3250 train_time:123.685s step_avg:44.83ms
step:2760/3250 train_time:123.839s step_avg:44.87ms
step:2761/3250 train_time:123.992s step_avg:44.91ms
step:2762/3250 train_time:124.146s step_avg:44.95ms
step:2763/3250 train_time:124.301s step_avg:44.99ms
step:2764/3250 train_time:124.455s step_avg:45.03ms
step:2765/3250 train_time:124.609s step_avg:45.07ms
step:2766/3250 train_time:124.763s step_avg:45.11ms
step:2767/3250 train_time:124.916s step_avg:45.15ms
step:2768/3250 train_time:125.070s step_avg:45.18ms
step:2769/3250 train_time:125.224s step_avg:45.22ms
step:2770/3250 train_time:125.380s step_avg:45.26ms
step:2771/3250 train_time:125.533s step_avg:45.30ms
step:2772/3250 train_time:125.687s step_avg:45.34ms
step:2773/3250 train_time:125.841s step_avg:45.38ms
step:2774/3250 train_time:125.996s step_avg:45.42ms
step:2775/3250 train_time:126.150s step_avg:45.46ms
step:2776/3250 train_time:126.304s step_avg:45.50ms
step:2777/3250 train_time:126.459s step_avg:45.54ms
step:2778/3250 train_time:126.612s step_avg:45.58ms
step:2779/3250 train_time:126.768s step_avg:45.62ms
step:2780/3250 train_time:126.920s step_avg:45.65ms
step:2781/3250 train_time:127.074s step_avg:45.69ms
step:2782/3250 train_time:127.228s step_avg:45.73ms
step:2783/3250 train_time:127.382s step_avg:45.77ms
step:2784/3250 train_time:127.535s step_avg:45.81ms
step:2785/3250 train_time:127.689s step_avg:45.85ms
step:2786/3250 train_time:127.843s step_avg:45.89ms
step:2787/3250 train_time:127.998s step_avg:45.93ms
step:2788/3250 train_time:128.151s step_avg:45.97ms
step:2789/3250 train_time:128.306s step_avg:46.00ms
step:2790/3250 train_time:128.461s step_avg:46.04ms
step:2791/3250 train_time:128.614s step_avg:46.08ms
step:2792/3250 train_time:128.768s step_avg:46.12ms
step:2793/3250 train_time:128.922s step_avg:46.16ms
step:2794/3250 train_time:129.077s step_avg:46.20ms
step:2795/3250 train_time:129.230s step_avg:46.24ms
step:2796/3250 train_time:129.383s step_avg:46.27ms
step:2797/3250 train_time:129.537s step_avg:46.31ms
step:2798/3250 train_time:129.690s step_avg:46.35ms
step:2799/3250 train_time:129.844s step_avg:46.39ms
step:2800/3250 train_time:129.999s step_avg:46.43ms
step:2801/3250 train_time:130.152s step_avg:46.47ms
step:2802/3250 train_time:130.306s step_avg:46.50ms
step:2803/3250 train_time:130.462s step_avg:46.54ms
step:2804/3250 train_time:130.615s step_avg:46.58ms
step:2805/3250 train_time:130.770s step_avg:46.62ms
step:2806/3250 train_time:130.923s step_avg:46.66ms
step:2807/3250 train_time:131.077s step_avg:46.70ms
step:2808/3250 train_time:131.230s step_avg:46.73ms
step:2809/3250 train_time:131.383s step_avg:46.77ms
step:2810/3250 train_time:131.537s step_avg:46.81ms
step:2811/3250 train_time:131.690s step_avg:46.85ms
step:2812/3250 train_time:131.847s step_avg:46.89ms
step:2813/3250 train_time:132.002s step_avg:46.93ms
step:2814/3250 train_time:132.156s step_avg:46.96ms
step:2815/3250 train_time:132.310s step_avg:47.00ms
step:2816/3250 train_time:132.463s step_avg:47.04ms
step:2817/3250 train_time:132.618s step_avg:47.08ms
step:2818/3250 train_time:132.771s step_avg:47.12ms
step:2819/3250 train_time:132.925s step_avg:47.15ms
step:2820/3250 train_time:133.080s step_avg:47.19ms
step:2821/3250 train_time:133.234s step_avg:47.23ms
step:2822/3250 train_time:133.389s step_avg:47.27ms
step:2823/3250 train_time:133.543s step_avg:47.31ms
step:2824/3250 train_time:133.697s step_avg:47.34ms
step:2825/3250 train_time:133.852s step_avg:47.38ms
step:2826/3250 train_time:134.007s step_avg:47.42ms
step:2827/3250 train_time:134.162s step_avg:47.46ms
step:2828/3250 train_time:134.315s step_avg:47.49ms
step:2829/3250 train_time:134.471s step_avg:47.53ms
step:2830/3250 train_time:134.624s step_avg:47.57ms
step:2831/3250 train_time:134.779s step_avg:47.61ms
step:2832/3250 train_time:134.932s step_avg:47.65ms
step:2833/3250 train_time:135.086s step_avg:47.68ms
step:2834/3250 train_time:135.241s step_avg:47.72ms
step:2835/3250 train_time:135.395s step_avg:47.76ms
step:2836/3250 train_time:135.550s step_avg:47.80ms
step:2837/3250 train_time:135.704s step_avg:47.83ms
step:2838/3250 train_time:135.859s step_avg:47.87ms
step:2839/3250 train_time:136.011s step_avg:47.91ms
step:2840/3250 train_time:136.166s step_avg:47.95ms
step:2841/3250 train_time:136.320s step_avg:47.98ms
step:2842/3250 train_time:136.473s step_avg:48.02ms
step:2843/3250 train_time:136.628s step_avg:48.06ms
step:2844/3250 train_time:136.782s step_avg:48.10ms
step:2845/3250 train_time:136.936s step_avg:48.13ms
step:2846/3250 train_time:137.090s step_avg:48.17ms
step:2847/3250 train_time:137.243s step_avg:48.21ms
step:2848/3250 train_time:137.399s step_avg:48.24ms
step:2849/3250 train_time:137.552s step_avg:48.28ms
step:2850/3250 train_time:137.705s step_avg:48.32ms
step:2851/3250 train_time:137.913s step_avg:48.37ms
step:2852/3250 train_time:138.068s step_avg:48.41ms
step:2853/3250 train_time:138.221s step_avg:48.45ms
step:2854/3250 train_time:138.374s step_avg:48.48ms
step:2855/3250 train_time:138.528s step_avg:48.52ms
step:2856/3250 train_time:138.681s step_avg:48.56ms
step:2857/3250 train_time:138.836s step_avg:48.59ms
step:2858/3250 train_time:138.990s step_avg:48.63ms
step:2859/3250 train_time:139.145s step_avg:48.67ms
step:2860/3250 train_time:139.297s step_avg:48.71ms
step:2861/3250 train_time:139.452s step_avg:48.74ms
step:2862/3250 train_time:139.606s step_avg:48.78ms
step:2863/3250 train_time:139.762s step_avg:48.82ms
step:2864/3250 train_time:139.917s step_avg:48.85ms
step:2865/3250 train_time:140.070s step_avg:48.89ms
step:2866/3250 train_time:140.225s step_avg:48.93ms
step:2867/3250 train_time:140.380s step_avg:48.96ms
step:2868/3250 train_time:140.533s step_avg:49.00ms
step:2869/3250 train_time:140.688s step_avg:49.04ms
step:2870/3250 train_time:140.841s step_avg:49.07ms
step:2871/3250 train_time:140.997s step_avg:49.11ms
step:2872/3250 train_time:141.151s step_avg:49.15ms
step:2873/3250 train_time:141.304s step_avg:49.18ms
step:2874/3250 train_time:141.460s step_avg:49.22ms
step:2875/3250 train_time:141.612s step_avg:49.26ms
step:2875/3250 val_loss:3.43163 train_time:141.624s step_avg:159.59ms
step:2876/3250 train_time:142.387s step_avg:49.51ms
step:2877/3250 train_time:142.527s step_avg:49.54ms
step:2878/3250 train_time:142.681s step_avg:49.58ms
step:2879/3250 train_time:142.834s step_avg:49.61ms
step:2880/3250 train_time:142.988s step_avg:49.65ms
step:2881/3250 train_time:143.142s step_avg:49.68ms
step:2882/3250 train_time:143.296s step_avg:49.72ms
step:2883/3250 train_time:143.450s step_avg:49.76ms
step:2884/3250 train_time:143.604s step_avg:49.79ms
step:2885/3250 train_time:143.758s step_avg:49.83ms
step:2886/3250 train_time:143.913s step_avg:49.87ms
step:2887/3250 train_time:144.065s step_avg:49.90ms
step:2888/3250 train_time:144.219s step_avg:49.94ms
step:2889/3250 train_time:144.372s step_avg:49.97ms
step:2890/3250 train_time:144.526s step_avg:50.01ms
step:2891/3250 train_time:144.681s step_avg:50.05ms
step:2892/3250 train_time:144.834s step_avg:50.08ms
step:2893/3250 train_time:144.988s step_avg:50.12ms
step:2894/3250 train_time:145.142s step_avg:50.15ms
step:2895/3250 train_time:145.297s step_avg:50.19ms
step:2896/3250 train_time:145.451s step_avg:50.22ms
step:2897/3250 train_time:145.604s step_avg:50.26ms
step:2898/3250 train_time:145.759s step_avg:50.30ms
step:2899/3250 train_time:145.914s step_avg:50.33ms
step:2900/3250 train_time:146.068s step_avg:50.37ms
step:2901/3250 train_time:146.222s step_avg:50.40ms
step:2902/3250 train_time:146.375s step_avg:50.44ms
step:2903/3250 train_time:146.528s step_avg:50.47ms
step:2904/3250 train_time:146.683s step_avg:50.51ms
step:2905/3250 train_time:146.835s step_avg:50.55ms
step:2906/3250 train_time:146.989s step_avg:50.58ms
step:2907/3250 train_time:147.142s step_avg:50.62ms
step:2908/3250 train_time:147.296s step_avg:50.65ms
step:2909/3250 train_time:147.450s step_avg:50.69ms
step:2910/3250 train_time:147.603s step_avg:50.72ms
step:2911/3250 train_time:147.757s step_avg:50.76ms
step:2912/3250 train_time:147.911s step_avg:50.79ms
step:2913/3250 train_time:148.064s step_avg:50.83ms
step:2914/3250 train_time:148.218s step_avg:50.86ms
step:2915/3250 train_time:148.372s step_avg:50.90ms
step:2916/3250 train_time:148.526s step_avg:50.93ms
step:2917/3250 train_time:148.681s step_avg:50.97ms
step:2918/3250 train_time:148.835s step_avg:51.01ms
step:2919/3250 train_time:148.990s step_avg:51.04ms
step:2920/3250 train_time:149.143s step_avg:51.08ms
step:2921/3250 train_time:149.297s step_avg:51.11ms
step:2922/3250 train_time:149.451s step_avg:51.15ms
step:2923/3250 train_time:149.604s step_avg:51.18ms
step:2924/3250 train_time:149.758s step_avg:51.22ms
step:2925/3250 train_time:149.913s step_avg:51.25ms
step:2926/3250 train_time:150.066s step_avg:51.29ms
step:2927/3250 train_time:150.220s step_avg:51.32ms
step:2928/3250 train_time:150.374s step_avg:51.36ms
step:2929/3250 train_time:150.529s step_avg:51.39ms
step:2930/3250 train_time:150.683s step_avg:51.43ms
step:2931/3250 train_time:150.836s step_avg:51.46ms
step:2932/3250 train_time:150.990s step_avg:51.50ms
step:2933/3250 train_time:151.143s step_avg:51.53ms
step:2934/3250 train_time:151.297s step_avg:51.57ms
step:2935/3250 train_time:151.450s step_avg:51.60ms
step:2936/3250 train_time:151.604s step_avg:51.64ms
step:2937/3250 train_time:151.757s step_avg:51.67ms
step:2938/3250 train_time:151.911s step_avg:51.71ms
step:2939/3250 train_time:152.065s step_avg:51.74ms
step:2940/3250 train_time:152.219s step_avg:51.78ms
step:2941/3250 train_time:152.373s step_avg:51.81ms
step:2942/3250 train_time:152.526s step_avg:51.84ms
step:2943/3250 train_time:152.682s step_avg:51.88ms
step:2944/3250 train_time:152.836s step_avg:51.91ms
step:2945/3250 train_time:152.989s step_avg:51.95ms
step:2946/3250 train_time:153.142s step_avg:51.98ms
step:2947/3250 train_time:153.296s step_avg:52.02ms
step:2948/3250 train_time:153.450s step_avg:52.05ms
step:2949/3250 train_time:153.604s step_avg:52.09ms
step:2950/3250 train_time:153.760s step_avg:52.12ms
step:2951/3250 train_time:153.915s step_avg:52.16ms
step:2952/3250 train_time:154.071s step_avg:52.19ms
step:2953/3250 train_time:154.224s step_avg:52.23ms
step:2954/3250 train_time:154.379s step_avg:52.26ms
step:2955/3250 train_time:154.535s step_avg:52.30ms
step:2956/3250 train_time:154.690s step_avg:52.33ms
step:2957/3250 train_time:154.843s step_avg:52.36ms
step:2958/3250 train_time:154.996s step_avg:52.40ms
step:2959/3250 train_time:155.151s step_avg:52.43ms
step:2960/3250 train_time:155.304s step_avg:52.47ms
step:2961/3250 train_time:155.460s step_avg:52.50ms
step:2962/3250 train_time:155.614s step_avg:52.54ms
step:2963/3250 train_time:155.768s step_avg:52.57ms
step:2964/3250 train_time:155.922s step_avg:52.61ms
step:2965/3250 train_time:156.076s step_avg:52.64ms
step:2966/3250 train_time:156.231s step_avg:52.67ms
step:2967/3250 train_time:156.384s step_avg:52.71ms
step:2968/3250 train_time:156.539s step_avg:52.74ms
step:2969/3250 train_time:156.694s step_avg:52.78ms
step:2970/3250 train_time:156.848s step_avg:52.81ms
step:2971/3250 train_time:157.002s step_avg:52.84ms
step:2972/3250 train_time:157.156s step_avg:52.88ms
step:2973/3250 train_time:157.309s step_avg:52.91ms
step:2974/3250 train_time:157.464s step_avg:52.95ms
step:2975/3250 train_time:157.618s step_avg:52.98ms
step:2976/3250 train_time:157.772s step_avg:53.01ms
step:2977/3250 train_time:157.926s step_avg:53.05ms
step:2978/3250 train_time:158.081s step_avg:53.08ms
step:2979/3250 train_time:158.235s step_avg:53.12ms
step:2980/3250 train_time:158.389s step_avg:53.15ms
step:2981/3250 train_time:158.543s step_avg:53.18ms
step:2982/3250 train_time:158.697s step_avg:53.22ms
step:2983/3250 train_time:158.852s step_avg:53.25ms
step:2984/3250 train_time:159.005s step_avg:53.29ms
step:2985/3250 train_time:159.159s step_avg:53.32ms
step:2986/3250 train_time:159.314s step_avg:53.35ms
step:2987/3250 train_time:159.469s step_avg:53.39ms
step:2988/3250 train_time:159.623s step_avg:53.42ms
step:2989/3250 train_time:159.777s step_avg:53.45ms
step:2990/3250 train_time:159.932s step_avg:53.49ms
step:2991/3250 train_time:160.086s step_avg:53.52ms
step:2992/3250 train_time:160.240s step_avg:53.56ms
step:2993/3250 train_time:160.394s step_avg:53.59ms
step:2994/3250 train_time:160.546s step_avg:53.62ms
step:2995/3250 train_time:160.702s step_avg:53.66ms
step:2996/3250 train_time:160.856s step_avg:53.69ms
step:2997/3250 train_time:161.009s step_avg:53.72ms
step:2998/3250 train_time:161.163s step_avg:53.76ms
step:2999/3250 train_time:161.317s step_avg:53.79ms
step:3000/3250 train_time:161.471s step_avg:53.82ms
step:3000/3250 val_loss:3.42786 train_time:161.483s step_avg:158.87ms
step:3001/3250 train_time:162.250s step_avg:54.07ms
step:3002/3250 train_time:162.389s step_avg:54.09ms
step:3003/3250 train_time:162.547s step_avg:54.13ms
step:3004/3250 train_time:162.700s step_avg:54.16ms
step:3005/3250 train_time:162.853s step_avg:54.19ms
step:3006/3250 train_time:163.006s step_avg:54.23ms
step:3007/3250 train_time:163.159s step_avg:54.26ms
step:3008/3250 train_time:163.313s step_avg:54.29ms
step:3009/3250 train_time:163.466s step_avg:54.33ms
step:3010/3250 train_time:163.620s step_avg:54.36ms
step:3011/3250 train_time:163.773s step_avg:54.39ms
step:3012/3250 train_time:163.927s step_avg:54.42ms
step:3013/3250 train_time:164.080s step_avg:54.46ms
step:3014/3250 train_time:164.234s step_avg:54.49ms
step:3015/3250 train_time:164.389s step_avg:54.52ms
step:3016/3250 train_time:164.543s step_avg:54.56ms
step:3017/3250 train_time:164.697s step_avg:54.59ms
step:3018/3250 train_time:164.851s step_avg:54.62ms
step:3019/3250 train_time:165.004s step_avg:54.66ms
step:3020/3250 train_time:165.158s step_avg:54.69ms
step:3021/3250 train_time:165.312s step_avg:54.72ms
step:3022/3250 train_time:165.466s step_avg:54.75ms
step:3023/3250 train_time:165.619s step_avg:54.79ms
step:3024/3250 train_time:165.773s step_avg:54.82ms
step:3025/3250 train_time:165.927s step_avg:54.85ms
step:3026/3250 train_time:166.080s step_avg:54.88ms
step:3027/3250 train_time:166.235s step_avg:54.92ms
step:3028/3250 train_time:166.388s step_avg:54.95ms
step:3029/3250 train_time:166.543s step_avg:54.98ms
step:3030/3250 train_time:166.697s step_avg:55.02ms
step:3031/3250 train_time:166.851s step_avg:55.05ms
step:3032/3250 train_time:167.005s step_avg:55.08ms
step:3033/3250 train_time:167.160s step_avg:55.11ms
step:3034/3250 train_time:167.315s step_avg:55.15ms
step:3035/3250 train_time:167.469s step_avg:55.18ms
step:3036/3250 train_time:167.623s step_avg:55.21ms
step:3037/3250 train_time:167.776s step_avg:55.24ms
step:3038/3250 train_time:167.931s step_avg:55.28ms
step:3039/3250 train_time:168.085s step_avg:55.31ms
step:3040/3250 train_time:168.240s step_avg:55.34ms
step:3041/3250 train_time:168.450s step_avg:55.39ms
step:3042/3250 train_time:168.604s step_avg:55.43ms
step:3043/3250 train_time:168.758s step_avg:55.46ms
step:3044/3250 train_time:168.912s step_avg:55.49ms
step:3045/3250 train_time:169.066s step_avg:55.52ms
step:3046/3250 train_time:169.219s step_avg:55.55ms
step:3047/3250 train_time:169.374s step_avg:55.59ms
step:3048/3250 train_time:169.529s step_avg:55.62ms
step:3049/3250 train_time:169.683s step_avg:55.65ms
step:3050/3250 train_time:169.835s step_avg:55.68ms
step:3051/3250 train_time:169.989s step_avg:55.72ms
step:3052/3250 train_time:170.144s step_avg:55.75ms
step:3053/3250 train_time:170.298s step_avg:55.78ms
step:3054/3250 train_time:170.452s step_avg:55.81ms
step:3055/3250 train_time:170.607s step_avg:55.85ms
step:3056/3250 train_time:170.762s step_avg:55.88ms
step:3057/3250 train_time:170.915s step_avg:55.91ms
step:3058/3250 train_time:171.070s step_avg:55.94ms
step:3059/3250 train_time:171.224s step_avg:55.97ms
step:3060/3250 train_time:171.377s step_avg:56.01ms
step:3061/3250 train_time:171.532s step_avg:56.04ms
step:3062/3250 train_time:171.685s step_avg:56.07ms
step:3063/3250 train_time:171.839s step_avg:56.10ms
step:3064/3250 train_time:171.994s step_avg:56.13ms
step:3065/3250 train_time:172.148s step_avg:56.17ms
step:3066/3250 train_time:172.303s step_avg:56.20ms
step:3067/3250 train_time:172.456s step_avg:56.23ms
step:3068/3250 train_time:172.609s step_avg:56.26ms
step:3069/3250 train_time:172.764s step_avg:56.29ms
step:3070/3250 train_time:172.917s step_avg:56.32ms
step:3071/3250 train_time:173.072s step_avg:56.36ms
step:3072/3250 train_time:173.226s step_avg:56.39ms
step:3073/3250 train_time:173.380s step_avg:56.42ms
step:3074/3250 train_time:173.534s step_avg:56.45ms
step:3075/3250 train_time:173.688s step_avg:56.48ms
step:3076/3250 train_time:173.844s step_avg:56.52ms
step:3077/3250 train_time:173.997s step_avg:56.55ms
step:3078/3250 train_time:174.151s step_avg:56.58ms
step:3079/3250 train_time:174.305s step_avg:56.61ms
step:3080/3250 train_time:174.458s step_avg:56.64ms
step:3081/3250 train_time:174.613s step_avg:56.67ms
step:3082/3250 train_time:174.767s step_avg:56.71ms
step:3083/3250 train_time:174.920s step_avg:56.74ms
step:3084/3250 train_time:175.074s step_avg:56.77ms
step:3085/3250 train_time:175.227s step_avg:56.80ms
step:3086/3250 train_time:175.381s step_avg:56.83ms
step:3087/3250 train_time:175.534s step_avg:56.86ms
step:3088/3250 train_time:175.689s step_avg:56.89ms
step:3089/3250 train_time:175.844s step_avg:56.93ms
step:3090/3250 train_time:175.998s step_avg:56.96ms
step:3091/3250 train_time:176.153s step_avg:56.99ms
step:3092/3250 train_time:176.307s step_avg:57.02ms
step:3093/3250 train_time:176.463s step_avg:57.05ms
step:3094/3250 train_time:176.616s step_avg:57.08ms
step:3095/3250 train_time:176.771s step_avg:57.12ms
step:3096/3250 train_time:176.925s step_avg:57.15ms
step:3097/3250 train_time:177.078s step_avg:57.18ms
step:3098/3250 train_time:177.233s step_avg:57.21ms
step:3099/3250 train_time:177.386s step_avg:57.24ms
step:3100/3250 train_time:177.541s step_avg:57.27ms
step:3101/3250 train_time:177.695s step_avg:57.30ms
step:3102/3250 train_time:177.849s step_avg:57.33ms
step:3103/3250 train_time:178.003s step_avg:57.36ms
step:3104/3250 train_time:178.158s step_avg:57.40ms
step:3105/3250 train_time:178.313s step_avg:57.43ms
step:3106/3250 train_time:178.466s step_avg:57.46ms
step:3107/3250 train_time:178.620s step_avg:57.49ms
step:3108/3250 train_time:178.775s step_avg:57.52ms
step:3109/3250 train_time:178.929s step_avg:57.55ms
step:3110/3250 train_time:179.084s step_avg:57.58ms
step:3111/3250 train_time:179.238s step_avg:57.61ms
step:3112/3250 train_time:179.392s step_avg:57.65ms
step:3113/3250 train_time:179.547s step_avg:57.68ms
step:3114/3250 train_time:179.701s step_avg:57.71ms
step:3115/3250 train_time:179.854s step_avg:57.74ms
step:3116/3250 train_time:180.008s step_avg:57.77ms
step:3117/3250 train_time:180.163s step_avg:57.80ms
step:3118/3250 train_time:180.316s step_avg:57.83ms
step:3119/3250 train_time:180.471s step_avg:57.86ms
step:3120/3250 train_time:180.625s step_avg:57.89ms
step:3121/3250 train_time:180.777s step_avg:57.92ms
step:3122/3250 train_time:180.933s step_avg:57.95ms
step:3123/3250 train_time:181.086s step_avg:57.98ms
step:3124/3250 train_time:181.239s step_avg:58.02ms
step:3125/3250 train_time:181.393s step_avg:58.05ms
step:3125/3250 val_loss:3.42518 train_time:181.405s step_avg:159.38ms
step:3126/3250 train_time:182.229s step_avg:58.29ms
step:3127/3250 train_time:182.370s step_avg:58.32ms
step:3128/3250 train_time:182.523s step_avg:58.35ms
step:3129/3250 train_time:182.677s step_avg:58.38ms
step:3130/3250 train_time:182.830s step_avg:58.41ms
step:3131/3250 train_time:182.983s step_avg:58.44ms
step:3132/3250 train_time:183.137s step_avg:58.47ms
step:3133/3250 train_time:183.289s step_avg:58.50ms
step:3134/3250 train_time:183.446s step_avg:58.53ms
step:3135/3250 train_time:183.600s step_avg:58.56ms
step:3136/3250 train_time:183.756s step_avg:58.60ms
step:3137/3250 train_time:183.908s step_avg:58.63ms
step:3138/3250 train_time:184.064s step_avg:58.66ms
step:3139/3250 train_time:184.217s step_avg:58.69ms
step:3140/3250 train_time:184.371s step_avg:58.72ms
step:3141/3250 train_time:184.524s step_avg:58.75ms
step:3142/3250 train_time:184.677s step_avg:58.78ms
step:3143/3250 train_time:184.831s step_avg:58.81ms
step:3144/3250 train_time:184.985s step_avg:58.84ms
step:3145/3250 train_time:185.138s step_avg:58.87ms
step:3146/3250 train_time:185.292s step_avg:58.90ms
step:3147/3250 train_time:185.445s step_avg:58.93ms
step:3148/3250 train_time:185.599s step_avg:58.96ms
step:3149/3250 train_time:185.752s step_avg:58.99ms
step:3150/3250 train_time:185.906s step_avg:59.02ms
step:3151/3250 train_time:186.061s step_avg:59.05ms
step:3152/3250 train_time:186.214s step_avg:59.08ms
step:3153/3250 train_time:186.368s step_avg:59.11ms
step:3154/3250 train_time:186.523s step_avg:59.14ms
step:3155/3250 train_time:186.677s step_avg:59.17ms
step:3156/3250 train_time:186.831s step_avg:59.20ms
step:3157/3250 train_time:186.985s step_avg:59.23ms
step:3158/3250 train_time:187.139s step_avg:59.26ms
step:3159/3250 train_time:187.291s step_avg:59.29ms
step:3160/3250 train_time:187.445s step_avg:59.32ms
step:3161/3250 train_time:187.598s step_avg:59.35ms
step:3162/3250 train_time:187.753s step_avg:59.38ms
step:3163/3250 train_time:187.906s step_avg:59.41ms
step:3164/3250 train_time:188.059s step_avg:59.44ms
step:3165/3250 train_time:188.213s step_avg:59.47ms
step:3166/3250 train_time:188.367s step_avg:59.50ms
step:3167/3250 train_time:188.519s step_avg:59.53ms
step:3168/3250 train_time:188.674s step_avg:59.56ms
step:3169/3250 train_time:188.827s step_avg:59.59ms
step:3170/3250 train_time:188.980s step_avg:59.62ms
step:3171/3250 train_time:189.135s step_avg:59.65ms
step:3172/3250 train_time:189.288s step_avg:59.67ms
step:3173/3250 train_time:189.444s step_avg:59.71ms
step:3174/3250 train_time:189.598s step_avg:59.73ms
step:3175/3250 train_time:189.753s step_avg:59.76ms
step:3176/3250 train_time:189.907s step_avg:59.79ms
step:3177/3250 train_time:190.060s step_avg:59.82ms
step:3178/3250 train_time:190.215s step_avg:59.85ms
step:3179/3250 train_time:190.369s step_avg:59.88ms
step:3180/3250 train_time:190.523s step_avg:59.91ms
step:3181/3250 train_time:190.678s step_avg:59.94ms
step:3182/3250 train_time:190.831s step_avg:59.97ms
step:3183/3250 train_time:190.985s step_avg:60.00ms
step:3184/3250 train_time:191.138s step_avg:60.03ms
step:3185/3250 train_time:191.291s step_avg:60.06ms
step:3186/3250 train_time:191.445s step_avg:60.09ms
step:3187/3250 train_time:191.599s step_avg:60.12ms
step:3188/3250 train_time:191.753s step_avg:60.15ms
step:3189/3250 train_time:191.907s step_avg:60.18ms
step:3190/3250 train_time:192.063s step_avg:60.21ms
step:3191/3250 train_time:192.217s step_avg:60.24ms
step:3192/3250 train_time:192.371s step_avg:60.27ms
step:3193/3250 train_time:192.525s step_avg:60.30ms
step:3194/3250 train_time:192.678s step_avg:60.32ms
step:3195/3250 train_time:192.832s step_avg:60.35ms
step:3196/3250 train_time:192.986s step_avg:60.38ms
step:3197/3250 train_time:193.141s step_avg:60.41ms
step:3198/3250 train_time:193.295s step_avg:60.44ms
step:3199/3250 train_time:193.449s step_avg:60.47ms
step:3200/3250 train_time:193.604s step_avg:60.50ms
step:3201/3250 train_time:193.759s step_avg:60.53ms
step:3202/3250 train_time:193.912s step_avg:60.56ms
step:3203/3250 train_time:194.066s step_avg:60.59ms
step:3204/3250 train_time:194.220s step_avg:60.62ms
step:3205/3250 train_time:194.375s step_avg:60.65ms
step:3206/3250 train_time:194.529s step_avg:60.68ms
step:3207/3250 train_time:194.682s step_avg:60.71ms
step:3208/3250 train_time:194.836s step_avg:60.73ms
step:3209/3250 train_time:194.989s step_avg:60.76ms
step:3210/3250 train_time:195.143s step_avg:60.79ms
step:3211/3250 train_time:195.298s step_avg:60.82ms
step:3212/3250 train_time:195.452s step_avg:60.85ms
step:3213/3250 train_time:195.606s step_avg:60.88ms
step:3214/3250 train_time:195.759s step_avg:60.91ms
step:3215/3250 train_time:195.912s step_avg:60.94ms
step:3216/3250 train_time:196.066s step_avg:60.97ms
step:3217/3250 train_time:196.219s step_avg:60.99ms
step:3218/3250 train_time:196.374s step_avg:61.02ms
step:3219/3250 train_time:196.527s step_avg:61.05ms
step:3220/3250 train_time:196.681s step_avg:61.08ms
step:3221/3250 train_time:196.834s step_avg:61.11ms
step:3222/3250 train_time:196.987s step_avg:61.14ms
step:3223/3250 train_time:197.140s step_avg:61.17ms
step:3224/3250 train_time:197.293s step_avg:61.20ms
step:3225/3250 train_time:197.446s step_avg:61.22ms
step:3226/3250 train_time:197.601s step_avg:61.25ms
step:3227/3250 train_time:197.757s step_avg:61.28ms
step:3228/3250 train_time:197.910s step_avg:61.31ms
step:3229/3250 train_time:198.067s step_avg:61.34ms
step:3230/3250 train_time:198.220s step_avg:61.37ms
step:3231/3250 train_time:198.423s step_avg:61.41ms
step:3232/3250 train_time:198.577s step_avg:61.44ms
step:3233/3250 train_time:198.730s step_avg:61.47ms
step:3234/3250 train_time:198.884s step_avg:61.50ms
step:3235/3250 train_time:199.038s step_avg:61.53ms
step:3236/3250 train_time:199.191s step_avg:61.55ms
step:3237/3250 train_time:199.347s step_avg:61.58ms
step:3238/3250 train_time:199.502s step_avg:61.61ms
step:3239/3250 train_time:199.656s step_avg:61.64ms
step:3240/3250 train_time:199.810s step_avg:61.67ms
step:3241/3250 train_time:199.964s step_avg:61.70ms
step:3242/3250 train_time:200.117s step_avg:61.73ms
step:3243/3250 train_time:200.273s step_avg:61.76ms
step:3244/3250 train_time:200.426s step_avg:61.78ms
step:3245/3250 train_time:200.580s step_avg:61.81ms
step:3246/3250 train_time:200.734s step_avg:61.84ms
step:3247/3250 train_time:200.887s step_avg:61.87ms
step:3248/3250 train_time:201.040s step_avg:61.90ms
step:3249/3250 train_time:201.195s step_avg:61.93ms
step:3250/3250 train_time:202.012s step_avg:62.16ms
step:3250/3250 val_loss:3.42031 train_time:202.012s step_avg:164.86ms
EXIT=0 rid=eos_f2000_s060
