W0831 17:31:11.310000 10468 torch/distributed/run.py:852] 
W0831 17:31:11.310000 10468 torch/distributed/run.py:852] *****************************************
W0831 17:31:11.310000 10468 torch/distributed/run.py:852] Setting OMP_NUM_THREADS environment variable for each process to be 1 in default, to avoid your system being overloaded, please further tune the variable for optimal performance in your application as needed. 
W0831 17:31:11.310000 10468 torch/distributed/run.py:852] *****************************************
logs/b45b77c3-713b-4031-a8bd-778bbe44769d.txt
resumed training state from step 2000 in eos_shared_state, skipped 125 batches
step:0/3250 val_loss:3.44348 train_time:0.001s step_avg:nanms
step:2001/3250 train_time:4.757s step_avg:2.38ms
step:2002/3250 train_time:6.995s step_avg:3.49ms
step:2003/3250 train_time:9.254s step_avg:4.62ms
step:2004/3250 train_time:11.515s step_avg:5.75ms
step:2005/3250 train_time:13.776s step_avg:6.87ms
step:2006/3250 train_time:16.036s step_avg:7.99ms
step:2007/3250 train_time:18.297s step_avg:9.12ms
step:2008/3250 train_time:20.598s step_avg:10.26ms
step:2009/3250 train_time:22.857s step_avg:11.38ms
step:2010/3250 train_time:25.115s step_avg:12.50ms
step:2011/3250 train_time:27.378s step_avg:13.61ms
step:2012/3250 train_time:29.648s step_avg:14.74ms
step:2013/3250 train_time:31.916s step_avg:15.85ms
step:2014/3250 train_time:34.186s step_avg:16.97ms
step:2015/3250 train_time:36.456s step_avg:18.09ms
step:2016/3250 train_time:38.727s step_avg:19.21ms
step:2017/3250 train_time:41.003s step_avg:20.33ms
step:2018/3250 train_time:43.279s step_avg:21.45ms
step:2019/3250 train_time:45.597s step_avg:22.58ms
step:2020/3250 train_time:47.875s step_avg:23.70ms
step:2021/3250 train_time:50.151s step_avg:24.81ms
step:2022/3250 train_time:52.430s step_avg:25.93ms
step:2023/3250 train_time:54.710s step_avg:27.04ms
step:2024/3250 train_time:56.992s step_avg:28.16ms
step:2025/3250 train_time:59.273s step_avg:29.27ms
step:2026/3250 train_time:61.553s step_avg:30.38ms
step:2027/3250 train_time:63.832s step_avg:31.49ms
step:2028/3250 train_time:66.112s step_avg:32.60ms
step:2029/3250 train_time:68.391s step_avg:33.71ms
step:2030/3250 train_time:70.719s step_avg:34.84ms
step:2031/3250 train_time:72.999s step_avg:35.94ms
step:2032/3250 train_time:75.283s step_avg:37.05ms
step:2033/3250 train_time:77.565s step_avg:38.15ms
step:2034/3250 train_time:79.847s step_avg:39.26ms
step:2035/3250 train_time:82.132s step_avg:40.36ms
step:2036/3250 train_time:84.415s step_avg:41.46ms
step:2037/3250 train_time:86.694s step_avg:42.56ms
step:2038/3250 train_time:88.972s step_avg:43.66ms
step:2039/3250 train_time:91.256s step_avg:44.76ms
step:2040/3250 train_time:93.537s step_avg:45.85ms
step:2041/3250 train_time:95.860s step_avg:46.97ms
step:2042/3250 train_time:98.142s step_avg:48.06ms
step:2043/3250 train_time:100.429s step_avg:49.16ms
step:2044/3250 train_time:102.717s step_avg:50.25ms
step:2045/3250 train_time:105.005s step_avg:51.35ms
step:2046/3250 train_time:107.291s step_avg:52.44ms
step:2047/3250 train_time:109.576s step_avg:53.53ms
step:2048/3250 train_time:111.858s step_avg:54.62ms
step:2049/3250 train_time:114.142s step_avg:55.71ms
step:2050/3250 train_time:116.426s step_avg:56.79ms
step:2051/3250 train_time:118.712s step_avg:57.88ms
step:2052/3250 train_time:121.042s step_avg:58.99ms
step:2053/3250 train_time:123.325s step_avg:60.07ms
step:2054/3250 train_time:125.610s step_avg:61.15ms
step:2055/3250 train_time:127.895s step_avg:62.24ms
step:2056/3250 train_time:130.180s step_avg:63.32ms
step:2057/3250 train_time:132.462s step_avg:64.40ms
step:2058/3250 train_time:134.747s step_avg:65.47ms
step:2059/3250 train_time:137.034s step_avg:66.55ms
step:2060/3250 train_time:139.317s step_avg:67.63ms
step:2061/3250 train_time:141.604s step_avg:68.71ms
step:2062/3250 train_time:143.894s step_avg:69.78ms
step:2063/3250 train_time:146.234s step_avg:70.88ms
step:2064/3250 train_time:148.518s step_avg:71.96ms
step:2065/3250 train_time:150.802s step_avg:73.03ms
step:2066/3250 train_time:153.090s step_avg:74.10ms
step:2067/3250 train_time:155.378s step_avg:75.17ms
step:2068/3250 train_time:157.663s step_avg:76.24ms
step:2069/3250 train_time:159.952s step_avg:77.31ms
step:2070/3250 train_time:162.237s step_avg:78.38ms
step:2071/3250 train_time:164.522s step_avg:79.44ms
step:2072/3250 train_time:166.807s step_avg:80.51ms
step:2073/3250 train_time:169.094s step_avg:81.57ms
step:2074/3250 train_time:171.421s step_avg:82.65ms
step:2075/3250 train_time:173.705s step_avg:83.71ms
step:2076/3250 train_time:175.990s step_avg:84.77ms
step:2077/3250 train_time:178.274s step_avg:85.83ms
step:2078/3250 train_time:180.557s step_avg:86.89ms
step:2079/3250 train_time:182.838s step_avg:87.95ms
step:2080/3250 train_time:185.123s step_avg:89.00ms
step:2081/3250 train_time:187.408s step_avg:90.06ms
step:2082/3250 train_time:189.695s step_avg:91.11ms
step:2083/3250 train_time:191.978s step_avg:92.16ms
step:2084/3250 train_time:194.261s step_avg:93.22ms
step:2085/3250 train_time:196.583s step_avg:94.28ms
step:2086/3250 train_time:198.868s step_avg:95.33ms
step:2087/3250 train_time:201.153s step_avg:96.38ms
step:2088/3250 train_time:203.438s step_avg:97.43ms
step:2089/3250 train_time:205.721s step_avg:98.48ms
step:2090/3250 train_time:208.008s step_avg:99.53ms
step:2091/3250 train_time:210.297s step_avg:100.57ms
step:2092/3250 train_time:212.581s step_avg:101.62ms
step:2093/3250 train_time:214.870s step_avg:102.66ms
step:2094/3250 train_time:217.156s step_avg:103.70ms
step:2095/3250 train_time:219.440s step_avg:104.74ms
step:2096/3250 train_time:221.766s step_avg:105.80ms
step:2097/3250 train_time:224.049s step_avg:106.84ms
step:2098/3250 train_time:226.338s step_avg:107.88ms
step:2099/3250 train_time:228.623s step_avg:108.92ms
step:2100/3250 train_time:230.910s step_avg:109.96ms
step:2101/3250 train_time:233.197s step_avg:110.99ms
step:2102/3250 train_time:235.483s step_avg:112.03ms
step:2103/3250 train_time:237.770s step_avg:113.06ms
step:2104/3250 train_time:240.055s step_avg:114.09ms
step:2105/3250 train_time:242.339s step_avg:115.13ms
step:2106/3250 train_time:244.627s step_avg:116.16ms
step:2107/3250 train_time:246.962s step_avg:117.21ms
step:2108/3250 train_time:249.247s step_avg:118.24ms
step:2109/3250 train_time:251.533s step_avg:119.27ms
step:2110/3250 train_time:253.820s step_avg:120.29ms
step:2111/3250 train_time:256.107s step_avg:121.32ms
step:2112/3250 train_time:258.395s step_avg:122.35ms
step:2113/3250 train_time:260.686s step_avg:123.37ms
step:2114/3250 train_time:262.976s step_avg:124.40ms
step:2115/3250 train_time:265.260s step_avg:125.42ms
step:2116/3250 train_time:267.548s step_avg:126.44ms
step:2117/3250 train_time:269.836s step_avg:127.46ms
step:2118/3250 train_time:272.166s step_avg:128.50ms
step:2119/3250 train_time:274.453s step_avg:129.52ms
step:2120/3250 train_time:276.739s step_avg:130.54ms
step:2121/3250 train_time:279.028s step_avg:131.55ms
step:2122/3250 train_time:281.315s step_avg:132.57ms
step:2123/3250 train_time:283.601s step_avg:133.58ms
step:2124/3250 train_time:285.889s step_avg:134.60ms
step:2125/3250 train_time:288.177s step_avg:135.61ms
step:2125/3250 val_loss:3.29437 train_time:288.189s step_avg:135.62ms
step:2126/3250 train_time:290.467s step_avg:136.63ms
step:2127/3250 train_time:292.758s step_avg:137.64ms
step:2128/3250 train_time:295.044s step_avg:138.65ms
step:2129/3250 train_time:297.378s step_avg:139.68ms
step:2130/3250 train_time:299.665s step_avg:140.69ms
step:2131/3250 train_time:301.955s step_avg:141.70ms
step:2132/3250 train_time:304.244s step_avg:142.70ms
step:2133/3250 train_time:306.533s step_avg:143.71ms
step:2134/3250 train_time:308.819s step_avg:144.71ms
step:2135/3250 train_time:311.108s step_avg:145.72ms
step:2136/3250 train_time:313.394s step_avg:146.72ms
step:2137/3250 train_time:315.683s step_avg:147.72ms
step:2138/3250 train_time:317.973s step_avg:148.72ms
step:2139/3250 train_time:320.260s step_avg:149.72ms
step:2140/3250 train_time:322.599s step_avg:150.75ms
step:2141/3250 train_time:324.887s step_avg:151.75ms
step:2142/3250 train_time:327.172s step_avg:152.74ms
step:2143/3250 train_time:329.458s step_avg:153.74ms
step:2144/3250 train_time:331.745s step_avg:154.73ms
step:2145/3250 train_time:334.035s step_avg:155.73ms
step:2146/3250 train_time:336.323s step_avg:156.72ms
step:2147/3250 train_time:338.612s step_avg:157.71ms
step:2148/3250 train_time:340.899s step_avg:158.71ms
step:2149/3250 train_time:343.185s step_avg:159.70ms
step:2150/3250 train_time:345.473s step_avg:160.69ms
step:2151/3250 train_time:347.812s step_avg:161.70ms
step:2152/3250 train_time:350.098s step_avg:162.69ms
step:2153/3250 train_time:352.386s step_avg:163.67ms
step:2154/3250 train_time:354.675s step_avg:164.66ms
step:2155/3250 train_time:356.966s step_avg:165.65ms
step:2156/3250 train_time:359.253s step_avg:166.63ms
step:2157/3250 train_time:361.543s step_avg:167.61ms
step:2158/3250 train_time:363.832s step_avg:168.60ms
step:2159/3250 train_time:366.125s step_avg:169.58ms
step:2160/3250 train_time:368.415s step_avg:170.56ms
step:2161/3250 train_time:370.705s step_avg:171.54ms
step:2162/3250 train_time:373.043s step_avg:172.55ms
step:2163/3250 train_time:375.335s step_avg:173.53ms
step:2164/3250 train_time:377.627s step_avg:174.50ms
step:2165/3250 train_time:379.916s step_avg:175.48ms
step:2166/3250 train_time:382.207s step_avg:176.46ms
step:2167/3250 train_time:384.498s step_avg:177.43ms
step:2168/3250 train_time:386.786s step_avg:178.41ms
step:2169/3250 train_time:389.077s step_avg:179.38ms
step:2170/3250 train_time:391.369s step_avg:180.35ms
step:2171/3250 train_time:393.659s step_avg:181.33ms
step:2172/3250 train_time:395.954s step_avg:182.30ms
step:2173/3250 train_time:398.296s step_avg:183.29ms
step:2174/3250 train_time:400.588s step_avg:184.26ms
step:2175/3250 train_time:402.876s step_avg:185.23ms
step:2176/3250 train_time:405.166s step_avg:186.20ms
step:2177/3250 train_time:407.456s step_avg:187.16ms
step:2178/3250 train_time:409.746s step_avg:188.13ms
step:2179/3250 train_time:412.033s step_avg:189.09ms
step:2180/3250 train_time:414.323s step_avg:190.06ms
step:2181/3250 train_time:416.610s step_avg:191.02ms
step:2182/3250 train_time:418.901s step_avg:191.98ms
step:2183/3250 train_time:421.188s step_avg:192.94ms
step:2184/3250 train_time:423.537s step_avg:193.93ms
step:2185/3250 train_time:425.827s step_avg:194.89ms
step:2186/3250 train_time:428.118s step_avg:195.85ms
step:2187/3250 train_time:430.410s step_avg:196.80ms
step:2188/3250 train_time:432.698s step_avg:197.76ms
step:2189/3250 train_time:434.986s step_avg:198.71ms
step:2190/3250 train_time:437.275s step_avg:199.67ms
step:2191/3250 train_time:439.566s step_avg:200.62ms
step:2192/3250 train_time:441.857s step_avg:201.58ms
step:2193/3250 train_time:444.147s step_avg:202.53ms
step:2194/3250 train_time:446.438s step_avg:203.48ms
step:2195/3250 train_time:448.777s step_avg:204.45ms
step:2196/3250 train_time:451.070s step_avg:205.41ms
step:2197/3250 train_time:453.359s step_avg:206.35ms
step:2198/3250 train_time:455.653s step_avg:207.30ms
step:2199/3250 train_time:457.942s step_avg:208.25ms
step:2200/3250 train_time:460.232s step_avg:209.20ms
step:2201/3250 train_time:462.520s step_avg:210.14ms
step:2202/3250 train_time:464.815s step_avg:211.09ms
step:2203/3250 train_time:467.102s step_avg:212.03ms
step:2204/3250 train_time:469.392s step_avg:212.97ms
step:2205/3250 train_time:471.680s step_avg:213.91ms
step:2206/3250 train_time:474.013s step_avg:214.87ms
step:2207/3250 train_time:476.307s step_avg:215.82ms
step:2208/3250 train_time:478.595s step_avg:216.75ms
step:2209/3250 train_time:480.883s step_avg:217.69ms
step:2210/3250 train_time:483.172s step_avg:218.63ms
step:2211/3250 train_time:485.460s step_avg:219.57ms
step:2212/3250 train_time:487.751s step_avg:220.50ms
step:2213/3250 train_time:490.041s step_avg:221.44ms
step:2214/3250 train_time:492.335s step_avg:222.37ms
step:2215/3250 train_time:494.626s step_avg:223.31ms
step:2216/3250 train_time:496.918s step_avg:224.24ms
step:2217/3250 train_time:499.259s step_avg:225.20ms
step:2218/3250 train_time:501.557s step_avg:226.13ms
step:2219/3250 train_time:503.846s step_avg:227.06ms
step:2220/3250 train_time:506.132s step_avg:227.99ms
step:2221/3250 train_time:508.425s step_avg:228.92ms
step:2222/3250 train_time:510.713s step_avg:229.84ms
step:2223/3250 train_time:513.003s step_avg:230.77ms
step:2224/3250 train_time:515.290s step_avg:231.70ms
step:2225/3250 train_time:517.579s step_avg:232.62ms
step:2226/3250 train_time:519.877s step_avg:233.55ms
step:2227/3250 train_time:522.169s step_avg:234.47ms
step:2228/3250 train_time:524.519s step_avg:235.42ms
step:2229/3250 train_time:526.816s step_avg:236.35ms
step:2230/3250 train_time:529.103s step_avg:237.27ms
step:2231/3250 train_time:531.387s step_avg:238.18ms
step:2232/3250 train_time:533.673s step_avg:239.10ms
step:2233/3250 train_time:535.961s step_avg:240.02ms
step:2234/3250 train_time:538.257s step_avg:240.94ms
step:2235/3250 train_time:540.546s step_avg:241.85ms
step:2236/3250 train_time:542.838s step_avg:242.77ms
step:2237/3250 train_time:545.127s step_avg:243.69ms
step:2238/3250 train_time:547.412s step_avg:244.60ms
step:2239/3250 train_time:549.754s step_avg:245.54ms
step:2240/3250 train_time:552.044s step_avg:246.45ms
step:2241/3250 train_time:554.333s step_avg:247.36ms
step:2242/3250 train_time:556.621s step_avg:248.27ms
step:2243/3250 train_time:558.911s step_avg:249.18ms
step:2244/3250 train_time:561.194s step_avg:250.09ms
step:2245/3250 train_time:563.484s step_avg:250.99ms
step:2246/3250 train_time:565.772s step_avg:251.90ms
step:2247/3250 train_time:568.061s step_avg:252.81ms
step:2248/3250 train_time:570.354s step_avg:253.72ms
step:2249/3250 train_time:572.643s step_avg:254.62ms
step:2250/3250 train_time:574.995s step_avg:255.55ms
step:2250/3250 val_loss:3.25468 train_time:575.007s step_avg:2294.54ms
step:2251/3250 train_time:577.287s step_avg:256.46ms
step:2252/3250 train_time:579.578s step_avg:257.36ms
step:2253/3250 train_time:581.870s step_avg:258.26ms
step:2254/3250 train_time:584.161s step_avg:259.17ms
step:2255/3250 train_time:586.450s step_avg:260.07ms
step:2256/3250 train_time:588.739s step_avg:260.97ms
step:2257/3250 train_time:591.030s step_avg:261.87ms
step:2258/3250 train_time:593.323s step_avg:262.76ms
step:2259/3250 train_time:595.610s step_avg:263.66ms
step:2260/3250 train_time:597.899s step_avg:264.56ms
step:2261/3250 train_time:600.249s step_avg:265.48ms
step:2262/3250 train_time:602.545s step_avg:266.38ms
step:2263/3250 train_time:604.833s step_avg:267.27ms
step:2264/3250 train_time:607.123s step_avg:268.16ms
step:2265/3250 train_time:609.413s step_avg:269.06ms
step:2266/3250 train_time:611.702s step_avg:269.95ms
step:2267/3250 train_time:613.986s step_avg:270.84ms
step:2268/3250 train_time:616.281s step_avg:271.73ms
step:2269/3250 train_time:618.569s step_avg:272.62ms
step:2270/3250 train_time:620.859s step_avg:273.51ms
step:2271/3250 train_time:623.146s step_avg:274.39ms
step:2272/3250 train_time:625.490s step_avg:275.30ms
step:2273/3250 train_time:627.782s step_avg:276.19ms
step:2274/3250 train_time:630.070s step_avg:277.08ms
step:2275/3250 train_time:632.360s step_avg:277.96ms
step:2276/3250 train_time:634.645s step_avg:278.84ms
step:2277/3250 train_time:636.934s step_avg:279.72ms
step:2278/3250 train_time:639.226s step_avg:280.61ms
step:2279/3250 train_time:641.518s step_avg:281.49ms
step:2280/3250 train_time:643.804s step_avg:282.37ms
step:2281/3250 train_time:646.096s step_avg:283.25ms
step:2282/3250 train_time:648.389s step_avg:284.13ms
step:2283/3250 train_time:650.729s step_avg:285.03ms
step:2284/3250 train_time:653.017s step_avg:285.91ms
step:2285/3250 train_time:655.302s step_avg:286.78ms
step:2286/3250 train_time:657.591s step_avg:287.66ms
step:2287/3250 train_time:659.879s step_avg:288.53ms
step:2288/3250 train_time:662.167s step_avg:289.41ms
step:2289/3250 train_time:664.458s step_avg:290.28ms
step:2290/3250 train_time:666.750s step_avg:291.16ms
step:2291/3250 train_time:669.040s step_avg:292.03ms
step:2292/3250 train_time:671.327s step_avg:292.90ms
step:2293/3250 train_time:673.617s step_avg:293.77ms
step:2294/3250 train_time:675.959s step_avg:294.66ms
step:2295/3250 train_time:678.249s step_avg:295.53ms
step:2296/3250 train_time:680.543s step_avg:296.40ms
step:2297/3250 train_time:682.829s step_avg:297.27ms
step:2298/3250 train_time:685.118s step_avg:298.14ms
step:2299/3250 train_time:687.406s step_avg:299.00ms
step:2300/3250 train_time:689.697s step_avg:299.87ms
step:2301/3250 train_time:691.983s step_avg:300.73ms
step:2302/3250 train_time:694.272s step_avg:301.59ms
step:2303/3250 train_time:696.562s step_avg:302.46ms
step:2304/3250 train_time:698.850s step_avg:303.32ms
step:2305/3250 train_time:701.188s step_avg:304.20ms
step:2306/3250 train_time:703.483s step_avg:305.07ms
step:2307/3250 train_time:705.772s step_avg:305.93ms
step:2308/3250 train_time:708.061s step_avg:306.79ms
step:2309/3250 train_time:710.350s step_avg:307.64ms
step:2310/3250 train_time:712.641s step_avg:308.50ms
step:2311/3250 train_time:714.927s step_avg:309.36ms
step:2312/3250 train_time:717.215s step_avg:310.21ms
step:2313/3250 train_time:719.503s step_avg:311.07ms
step:2314/3250 train_time:721.791s step_avg:311.92ms
step:2315/3250 train_time:724.084s step_avg:312.78ms
step:2316/3250 train_time:726.422s step_avg:313.65ms
step:2317/3250 train_time:728.705s step_avg:314.50ms
step:2318/3250 train_time:730.994s step_avg:315.36ms
step:2319/3250 train_time:733.286s step_avg:316.21ms
step:2320/3250 train_time:735.575s step_avg:317.06ms
step:2321/3250 train_time:737.863s step_avg:317.91ms
step:2322/3250 train_time:740.152s step_avg:318.76ms
step:2323/3250 train_time:742.442s step_avg:319.60ms
step:2324/3250 train_time:744.731s step_avg:320.45ms
step:2325/3250 train_time:747.017s step_avg:321.30ms
step:2326/3250 train_time:749.304s step_avg:322.14ms
step:2327/3250 train_time:751.646s step_avg:323.01ms
step:2328/3250 train_time:753.934s step_avg:323.85ms
step:2329/3250 train_time:756.226s step_avg:324.70ms
step:2330/3250 train_time:758.518s step_avg:325.54ms
step:2331/3250 train_time:760.804s step_avg:326.39ms
step:2332/3250 train_time:763.093s step_avg:327.23ms
step:2333/3250 train_time:765.387s step_avg:328.07ms
step:2334/3250 train_time:767.677s step_avg:328.91ms
step:2335/3250 train_time:769.970s step_avg:329.75ms
step:2336/3250 train_time:772.261s step_avg:330.59ms
step:2337/3250 train_time:774.551s step_avg:331.43ms
step:2338/3250 train_time:776.890s step_avg:332.29ms
step:2339/3250 train_time:779.187s step_avg:333.13ms
step:2340/3250 train_time:781.476s step_avg:333.96ms
step:2341/3250 train_time:783.765s step_avg:334.80ms
step:2342/3250 train_time:786.056s step_avg:335.63ms
step:2343/3250 train_time:788.349s step_avg:336.47ms
step:2344/3250 train_time:790.643s step_avg:337.31ms
step:2345/3250 train_time:792.936s step_avg:338.14ms
step:2346/3250 train_time:795.227s step_avg:338.97ms
step:2347/3250 train_time:797.518s step_avg:339.80ms
step:2348/3250 train_time:799.808s step_avg:340.63ms
step:2349/3250 train_time:802.148s step_avg:341.48ms
step:2350/3250 train_time:804.442s step_avg:342.32ms
step:2351/3250 train_time:806.729s step_avg:343.14ms
step:2352/3250 train_time:809.018s step_avg:343.97ms
step:2353/3250 train_time:811.306s step_avg:344.80ms
step:2354/3250 train_time:813.596s step_avg:345.62ms
step:2355/3250 train_time:815.888s step_avg:346.45ms
step:2356/3250 train_time:818.177s step_avg:347.27ms
step:2357/3250 train_time:820.467s step_avg:348.10ms
step:2358/3250 train_time:822.760s step_avg:348.92ms
step:2359/3250 train_time:825.049s step_avg:349.75ms
step:2360/3250 train_time:827.387s step_avg:350.59ms
step:2361/3250 train_time:829.678s step_avg:351.41ms
step:2362/3250 train_time:831.969s step_avg:352.23ms
step:2363/3250 train_time:834.263s step_avg:353.05ms
step:2364/3250 train_time:836.551s step_avg:353.87ms
step:2365/3250 train_time:838.843s step_avg:354.69ms
step:2366/3250 train_time:841.132s step_avg:355.51ms
step:2367/3250 train_time:843.422s step_avg:356.33ms
step:2368/3250 train_time:845.713s step_avg:357.14ms
step:2369/3250 train_time:848.006s step_avg:357.96ms
step:2370/3250 train_time:850.295s step_avg:358.77ms
step:2371/3250 train_time:852.637s step_avg:359.61ms
step:2372/3250 train_time:854.928s step_avg:360.42ms
step:2373/3250 train_time:857.216s step_avg:361.24ms
step:2374/3250 train_time:859.508s step_avg:362.05ms
step:2375/3250 train_time:861.799s step_avg:362.86ms
step:2375/3250 val_loss:3.22699 train_time:861.811s step_avg:2294.43ms
step:2376/3250 train_time:864.093s step_avg:363.68ms
step:2377/3250 train_time:866.383s step_avg:364.49ms
step:2378/3250 train_time:868.675s step_avg:365.30ms
step:2379/3250 train_time:870.964s step_avg:366.11ms
step:2380/3250 train_time:873.253s step_avg:366.91ms
step:2381/3250 train_time:875.539s step_avg:367.72ms
step:2382/3250 train_time:877.882s step_avg:368.55ms
step:2383/3250 train_time:880.179s step_avg:369.36ms
step:2384/3250 train_time:882.468s step_avg:370.16ms
step:2385/3250 train_time:884.755s step_avg:370.97ms
step:2386/3250 train_time:887.044s step_avg:371.77ms
step:2387/3250 train_time:889.334s step_avg:372.57ms
step:2388/3250 train_time:891.623s step_avg:373.38ms
step:2389/3250 train_time:893.912s step_avg:374.18ms
step:2390/3250 train_time:896.203s step_avg:374.98ms
step:2391/3250 train_time:898.499s step_avg:375.78ms
step:2392/3250 train_time:900.793s step_avg:376.59ms
step:2393/3250 train_time:903.140s step_avg:377.41ms
step:2394/3250 train_time:905.432s step_avg:378.21ms
step:2395/3250 train_time:907.721s step_avg:379.01ms
step:2396/3250 train_time:910.014s step_avg:379.81ms
step:2397/3250 train_time:912.305s step_avg:380.60ms
step:2398/3250 train_time:914.595s step_avg:381.40ms
step:2399/3250 train_time:916.887s step_avg:382.20ms
step:2400/3250 train_time:919.179s step_avg:382.99ms
step:2401/3250 train_time:921.473s step_avg:383.79ms
step:2402/3250 train_time:923.761s step_avg:384.58ms
step:2403/3250 train_time:926.049s step_avg:385.37ms
step:2404/3250 train_time:928.397s step_avg:386.19ms
step:2405/3250 train_time:930.685s step_avg:386.98ms
step:2406/3250 train_time:932.971s step_avg:387.77ms
step:2407/3250 train_time:935.259s step_avg:388.56ms
step:2408/3250 train_time:937.549s step_avg:389.35ms
step:2409/3250 train_time:939.835s step_avg:390.14ms
step:2410/3250 train_time:942.128s step_avg:390.92ms
step:2411/3250 train_time:944.419s step_avg:391.71ms
step:2412/3250 train_time:946.707s step_avg:392.50ms
step:2413/3250 train_time:948.999s step_avg:393.29ms
step:2414/3250 train_time:951.293s step_avg:394.07ms
step:2415/3250 train_time:953.632s step_avg:394.88ms
step:2416/3250 train_time:955.917s step_avg:395.66ms
step:2417/3250 train_time:958.211s step_avg:396.45ms
step:2418/3250 train_time:960.499s step_avg:397.23ms
step:2419/3250 train_time:962.790s step_avg:398.01ms
step:2420/3250 train_time:965.081s step_avg:398.79ms
step:2421/3250 train_time:967.377s step_avg:399.58ms
step:2422/3250 train_time:969.669s step_avg:400.36ms
step:2423/3250 train_time:971.959s step_avg:401.14ms
step:2424/3250 train_time:974.247s step_avg:401.92ms
step:2425/3250 train_time:976.534s step_avg:402.69ms
step:2426/3250 train_time:978.879s step_avg:403.50ms
step:2427/3250 train_time:981.172s step_avg:404.27ms
step:2428/3250 train_time:983.459s step_avg:405.05ms
step:2429/3250 train_time:985.752s step_avg:405.83ms
step:2430/3250 train_time:988.040s step_avg:406.60ms
step:2431/3250 train_time:990.334s step_avg:407.38ms
step:2432/3250 train_time:992.624s step_avg:408.15ms
step:2433/3250 train_time:994.911s step_avg:408.92ms
step:2434/3250 train_time:997.202s step_avg:409.70ms
step:2435/3250 train_time:999.491s step_avg:410.47ms
step:2436/3250 train_time:1001.782s step_avg:411.24ms
step:2437/3250 train_time:1004.117s step_avg:412.03ms
step:2438/3250 train_time:1006.406s step_avg:412.80ms
step:2439/3250 train_time:1008.699s step_avg:413.57ms
step:2440/3250 train_time:1010.989s step_avg:414.34ms
step:2441/3250 train_time:1013.280s step_avg:415.11ms
step:2442/3250 train_time:1015.573s step_avg:415.88ms
step:2443/3250 train_time:1017.860s step_avg:416.64ms
step:2444/3250 train_time:1020.149s step_avg:417.41ms
step:2445/3250 train_time:1022.437s step_avg:418.17ms
step:2446/3250 train_time:1024.732s step_avg:418.94ms
step:2447/3250 train_time:1027.021s step_avg:419.71ms
step:2448/3250 train_time:1029.373s step_avg:420.50ms
step:2449/3250 train_time:1031.664s step_avg:421.26ms
step:2450/3250 train_time:1033.960s step_avg:422.02ms
step:2451/3250 train_time:1036.252s step_avg:422.79ms
step:2452/3250 train_time:1038.541s step_avg:423.55ms
step:2453/3250 train_time:1040.834s step_avg:424.31ms
step:2454/3250 train_time:1043.126s step_avg:425.07ms
step:2455/3250 train_time:1045.419s step_avg:425.83ms
step:2456/3250 train_time:1047.713s step_avg:426.59ms
step:2457/3250 train_time:1050.003s step_avg:427.35ms
step:2458/3250 train_time:1052.295s step_avg:428.11ms
step:2459/3250 train_time:1054.633s step_avg:428.89ms
step:2460/3250 train_time:1056.920s step_avg:429.64ms
step:2461/3250 train_time:1059.215s step_avg:430.40ms
step:2462/3250 train_time:1061.506s step_avg:431.16ms
step:2463/3250 train_time:1063.799s step_avg:431.91ms
step:2464/3250 train_time:1066.090s step_avg:432.67ms
step:2465/3250 train_time:1068.380s step_avg:433.42ms
step:2466/3250 train_time:1070.674s step_avg:434.17ms
step:2467/3250 train_time:1072.964s step_avg:434.93ms
step:2468/3250 train_time:1075.259s step_avg:435.68ms
step:2469/3250 train_time:1077.548s step_avg:436.43ms
step:2470/3250 train_time:1079.892s step_avg:437.20ms
step:2471/3250 train_time:1082.179s step_avg:437.95ms
step:2472/3250 train_time:1084.469s step_avg:438.70ms
step:2473/3250 train_time:1086.761s step_avg:439.45ms
step:2474/3250 train_time:1089.048s step_avg:440.20ms
step:2475/3250 train_time:1091.341s step_avg:440.95ms
step:2476/3250 train_time:1093.635s step_avg:441.69ms
step:2477/3250 train_time:1095.924s step_avg:442.44ms
step:2478/3250 train_time:1098.217s step_avg:443.19ms
step:2479/3250 train_time:1100.505s step_avg:443.93ms
step:2480/3250 train_time:1102.794s step_avg:444.68ms
step:2481/3250 train_time:1105.138s step_avg:445.44ms
step:2482/3250 train_time:1107.427s step_avg:446.18ms
step:2483/3250 train_time:1109.717s step_avg:446.93ms
step:2484/3250 train_time:1112.010s step_avg:447.67ms
step:2485/3250 train_time:1114.299s step_avg:448.41ms
step:2486/3250 train_time:1116.587s step_avg:449.15ms
step:2487/3250 train_time:1118.875s step_avg:449.89ms
step:2488/3250 train_time:1121.164s step_avg:450.63ms
step:2489/3250 train_time:1123.452s step_avg:451.37ms
step:2490/3250 train_time:1125.739s step_avg:452.10ms
step:2491/3250 train_time:1128.032s step_avg:452.84ms
step:2492/3250 train_time:1130.382s step_avg:453.60ms
step:2493/3250 train_time:1132.678s step_avg:454.34ms
step:2494/3250 train_time:1134.968s step_avg:455.08ms
step:2495/3250 train_time:1137.260s step_avg:455.82ms
step:2496/3250 train_time:1139.553s step_avg:456.55ms
step:2497/3250 train_time:1141.842s step_avg:457.29ms
step:2498/3250 train_time:1144.134s step_avg:458.02ms
step:2499/3250 train_time:1146.420s step_avg:458.75ms
step:2500/3250 train_time:1148.711s step_avg:459.48ms
step:2500/3250 val_loss:3.20604 train_time:1148.722s step_avg:2295.29ms
step:2501/3250 train_time:1151.001s step_avg:460.22ms
step:2502/3250 train_time:1153.291s step_avg:460.95ms
step:2503/3250 train_time:1155.623s step_avg:461.69ms
step:2504/3250 train_time:1157.910s step_avg:462.42ms
step:2505/3250 train_time:1160.206s step_avg:463.16ms
step:2506/3250 train_time:1162.498s step_avg:463.89ms
step:2507/3250 train_time:1164.785s step_avg:464.61ms
step:2508/3250 train_time:1167.076s step_avg:465.34ms
step:2509/3250 train_time:1169.364s step_avg:466.07ms
step:2510/3250 train_time:1171.655s step_avg:466.79ms
step:2511/3250 train_time:1173.945s step_avg:467.52ms
step:2512/3250 train_time:1176.235s step_avg:468.25ms
step:2513/3250 train_time:1178.527s step_avg:468.97ms
step:2514/3250 train_time:1180.866s step_avg:469.72ms
step:2515/3250 train_time:1183.158s step_avg:470.44ms
step:2516/3250 train_time:1185.446s step_avg:471.16ms
step:2517/3250 train_time:1187.738s step_avg:471.89ms
step:2518/3250 train_time:1190.023s step_avg:472.61ms
step:2519/3250 train_time:1192.313s step_avg:473.33ms
step:2520/3250 train_time:1194.603s step_avg:474.05ms
step:2521/3250 train_time:1196.894s step_avg:474.77ms
step:2522/3250 train_time:1199.183s step_avg:475.49ms
step:2523/3250 train_time:1201.476s step_avg:476.21ms
step:2524/3250 train_time:1203.764s step_avg:476.93ms
step:2525/3250 train_time:1206.103s step_avg:477.66ms
step:2526/3250 train_time:1208.398s step_avg:478.38ms
step:2527/3250 train_time:1210.691s step_avg:479.10ms
step:2528/3250 train_time:1212.982s step_avg:479.82ms
step:2529/3250 train_time:1215.270s step_avg:480.53ms
step:2530/3250 train_time:1217.562s step_avg:481.25ms
step:2531/3250 train_time:1219.855s step_avg:481.97ms
step:2532/3250 train_time:1222.147s step_avg:482.68ms
step:2533/3250 train_time:1224.439s step_avg:483.39ms
step:2534/3250 train_time:1226.728s step_avg:484.11ms
step:2535/3250 train_time:1229.024s step_avg:484.82ms
step:2536/3250 train_time:1231.368s step_avg:485.56ms
step:2537/3250 train_time:1233.662s step_avg:486.27ms
step:2538/3250 train_time:1235.952s step_avg:486.98ms
step:2539/3250 train_time:1238.243s step_avg:487.69ms
step:2540/3250 train_time:1240.533s step_avg:488.40ms
step:2541/3250 train_time:1242.826s step_avg:489.11ms
step:2542/3250 train_time:1245.119s step_avg:489.82ms
step:2543/3250 train_time:1247.409s step_avg:490.53ms
step:2544/3250 train_time:1249.701s step_avg:491.23ms
step:2545/3250 train_time:1251.988s step_avg:491.94ms
step:2546/3250 train_time:1254.278s step_avg:492.65ms
step:2547/3250 train_time:1256.615s step_avg:493.37ms
step:2548/3250 train_time:1258.907s step_avg:494.08ms
step:2549/3250 train_time:1261.201s step_avg:494.78ms
step:2550/3250 train_time:1263.494s step_avg:495.49ms
step:2551/3250 train_time:1265.786s step_avg:496.19ms
step:2552/3250 train_time:1268.078s step_avg:496.90ms
step:2553/3250 train_time:1270.368s step_avg:497.60ms
step:2554/3250 train_time:1272.661s step_avg:498.30ms
step:2555/3250 train_time:1274.951s step_avg:499.00ms
step:2556/3250 train_time:1277.241s step_avg:499.70ms
step:2557/3250 train_time:1279.533s step_avg:500.40ms
step:2558/3250 train_time:1281.876s step_avg:501.12ms
step:2559/3250 train_time:1284.165s step_avg:501.82ms
step:2560/3250 train_time:1286.453s step_avg:502.52ms
step:2561/3250 train_time:1288.742s step_avg:503.22ms
step:2562/3250 train_time:1291.035s step_avg:503.92ms
step:2563/3250 train_time:1293.325s step_avg:504.61ms
step:2564/3250 train_time:1295.615s step_avg:505.31ms
step:2565/3250 train_time:1297.903s step_avg:506.01ms
step:2566/3250 train_time:1300.193s step_avg:506.70ms
step:2567/3250 train_time:1302.481s step_avg:507.39ms
step:2568/3250 train_time:1304.773s step_avg:508.09ms
step:2569/3250 train_time:1307.108s step_avg:508.80ms
step:2570/3250 train_time:1309.401s step_avg:509.49ms
step:2571/3250 train_time:1311.690s step_avg:510.19ms
step:2572/3250 train_time:1313.983s step_avg:510.88ms
step:2573/3250 train_time:1316.276s step_avg:511.57ms
step:2574/3250 train_time:1318.564s step_avg:512.26ms
step:2575/3250 train_time:1320.857s step_avg:512.95ms
step:2576/3250 train_time:1323.146s step_avg:513.64ms
step:2577/3250 train_time:1325.436s step_avg:514.33ms
step:2578/3250 train_time:1327.723s step_avg:515.02ms
step:2579/3250 train_time:1330.015s step_avg:515.71ms
step:2580/3250 train_time:1332.365s step_avg:516.42ms
step:2581/3250 train_time:1334.657s step_avg:517.11ms
step:2582/3250 train_time:1336.945s step_avg:517.79ms
step:2583/3250 train_time:1339.233s step_avg:518.48ms
step:2584/3250 train_time:1341.521s step_avg:519.16ms
step:2585/3250 train_time:1343.809s step_avg:519.85ms
step:2586/3250 train_time:1346.102s step_avg:520.53ms
step:2587/3250 train_time:1348.394s step_avg:521.22ms
step:2588/3250 train_time:1350.687s step_avg:521.90ms
step:2589/3250 train_time:1352.980s step_avg:522.59ms
step:2590/3250 train_time:1355.268s step_avg:523.27ms
step:2591/3250 train_time:1357.606s step_avg:523.97ms
step:2592/3250 train_time:1359.903s step_avg:524.65ms
step:2593/3250 train_time:1362.192s step_avg:525.33ms
step:2594/3250 train_time:1364.485s step_avg:526.02ms
step:2595/3250 train_time:1366.777s step_avg:526.70ms
step:2596/3250 train_time:1369.063s step_avg:527.37ms
step:2597/3250 train_time:1371.356s step_avg:528.05ms
step:2598/3250 train_time:1373.646s step_avg:528.73ms
step:2599/3250 train_time:1375.940s step_avg:529.41ms
step:2600/3250 train_time:1378.231s step_avg:530.09ms
step:2601/3250 train_time:1380.520s step_avg:530.77ms
step:2602/3250 train_time:1382.866s step_avg:531.46ms
step:2603/3250 train_time:1385.163s step_avg:532.14ms
step:2604/3250 train_time:1387.454s step_avg:532.82ms
step:2605/3250 train_time:1389.746s step_avg:533.49ms
step:2606/3250 train_time:1392.043s step_avg:534.17ms
step:2607/3250 train_time:1394.333s step_avg:534.84ms
step:2608/3250 train_time:1396.624s step_avg:535.52ms
step:2609/3250 train_time:1398.917s step_avg:536.19ms
step:2610/3250 train_time:1401.206s step_avg:536.86ms
step:2611/3250 train_time:1403.500s step_avg:537.53ms
step:2612/3250 train_time:1405.787s step_avg:538.20ms
step:2613/3250 train_time:1408.126s step_avg:538.89ms
step:2614/3250 train_time:1410.419s step_avg:539.56ms
step:2615/3250 train_time:1412.707s step_avg:540.23ms
step:2616/3250 train_time:1415.000s step_avg:540.90ms
step:2617/3250 train_time:1417.288s step_avg:541.57ms
step:2618/3250 train_time:1419.585s step_avg:542.24ms
step:2619/3250 train_time:1421.875s step_avg:542.91ms
step:2620/3250 train_time:1424.166s step_avg:543.57ms
step:2621/3250 train_time:1426.463s step_avg:544.24ms
step:2622/3250 train_time:1428.754s step_avg:544.91ms
step:2623/3250 train_time:1431.044s step_avg:545.58ms
step:2624/3250 train_time:1433.386s step_avg:546.26ms
step:2625/3250 train_time:1435.684s step_avg:546.93ms
step:2625/3250 val_loss:3.18926 train_time:1435.695s step_avg:2295.78ms
step:2626/3250 train_time:1437.977s step_avg:547.59ms
step:2627/3250 train_time:1440.269s step_avg:548.26ms
step:2628/3250 train_time:1442.561s step_avg:548.92ms
step:2629/3250 train_time:1444.855s step_avg:549.58ms
step:2630/3250 train_time:1447.146s step_avg:550.25ms
step:2631/3250 train_time:1449.435s step_avg:550.91ms
step:2632/3250 train_time:1451.727s step_avg:551.57ms
step:2633/3250 train_time:1454.018s step_avg:552.23ms
step:2634/3250 train_time:1456.307s step_avg:552.89ms
step:2635/3250 train_time:1458.643s step_avg:553.56ms
step:2636/3250 train_time:1460.938s step_avg:554.23ms
step:2637/3250 train_time:1463.231s step_avg:554.88ms
step:2638/3250 train_time:1465.518s step_avg:555.54ms
step:2639/3250 train_time:1467.805s step_avg:556.20ms
step:2640/3250 train_time:1470.097s step_avg:556.86ms
step:2641/3250 train_time:1472.388s step_avg:557.51ms
step:2642/3250 train_time:1474.676s step_avg:558.17ms
step:2643/3250 train_time:1476.973s step_avg:558.82ms
step:2644/3250 train_time:1479.265s step_avg:559.48ms
step:2645/3250 train_time:1481.554s step_avg:560.13ms
step:2646/3250 train_time:1483.897s step_avg:560.81ms
step:2647/3250 train_time:1486.192s step_avg:561.46ms
step:2648/3250 train_time:1488.485s step_avg:562.12ms
step:2649/3250 train_time:1490.772s step_avg:562.77ms
step:2650/3250 train_time:1493.062s step_avg:563.42ms
step:2651/3250 train_time:1495.350s step_avg:564.07ms
step:2652/3250 train_time:1497.640s step_avg:564.72ms
step:2653/3250 train_time:1499.932s step_avg:565.37ms
step:2654/3250 train_time:1502.219s step_avg:566.02ms
step:2655/3250 train_time:1504.509s step_avg:566.67ms
step:2656/3250 train_time:1506.797s step_avg:567.32ms
step:2657/3250 train_time:1509.138s step_avg:567.99ms
step:2658/3250 train_time:1511.436s step_avg:568.64ms
step:2659/3250 train_time:1513.731s step_avg:569.29ms
step:2660/3250 train_time:1516.023s step_avg:569.93ms
step:2661/3250 train_time:1518.311s step_avg:570.58ms
step:2662/3250 train_time:1520.601s step_avg:571.22ms
step:2663/3250 train_time:1522.893s step_avg:571.87ms
step:2664/3250 train_time:1525.183s step_avg:572.52ms
step:2665/3250 train_time:1527.476s step_avg:573.16ms
step:2666/3250 train_time:1529.764s step_avg:573.80ms
step:2667/3250 train_time:1532.052s step_avg:574.45ms
step:2668/3250 train_time:1534.391s step_avg:575.11ms
step:2669/3250 train_time:1536.682s step_avg:575.75ms
step:2670/3250 train_time:1538.977s step_avg:576.40ms
step:2671/3250 train_time:1541.269s step_avg:577.04ms
step:2672/3250 train_time:1543.557s step_avg:577.68ms
step:2673/3250 train_time:1545.853s step_avg:578.32ms
step:2674/3250 train_time:1548.144s step_avg:578.96ms
step:2675/3250 train_time:1550.432s step_avg:579.60ms
step:2676/3250 train_time:1552.731s step_avg:580.24ms
step:2677/3250 train_time:1555.020s step_avg:580.88ms
step:2678/3250 train_time:1557.314s step_avg:581.52ms
step:2679/3250 train_time:1559.653s step_avg:582.18ms
step:2680/3250 train_time:1561.944s step_avg:582.81ms
step:2681/3250 train_time:1564.235s step_avg:583.45ms
step:2682/3250 train_time:1566.526s step_avg:584.09ms
step:2683/3250 train_time:1568.814s step_avg:584.72ms
step:2684/3250 train_time:1571.102s step_avg:585.36ms
step:2685/3250 train_time:1573.393s step_avg:585.99ms
step:2686/3250 train_time:1575.683s step_avg:586.63ms
step:2687/3250 train_time:1577.975s step_avg:587.26ms
step:2688/3250 train_time:1580.265s step_avg:587.90ms
step:2689/3250 train_time:1582.552s step_avg:588.53ms
step:2690/3250 train_time:1584.894s step_avg:589.18ms
step:2691/3250 train_time:1587.183s step_avg:589.81ms
step:2692/3250 train_time:1589.475s step_avg:590.44ms
step:2693/3250 train_time:1591.767s step_avg:591.08ms
step:2694/3250 train_time:1594.056s step_avg:591.71ms
step:2695/3250 train_time:1596.354s step_avg:592.34ms
step:2696/3250 train_time:1598.650s step_avg:592.97ms
step:2697/3250 train_time:1600.938s step_avg:593.60ms
step:2698/3250 train_time:1603.231s step_avg:594.23ms
step:2699/3250 train_time:1605.520s step_avg:594.86ms
step:2700/3250 train_time:1607.815s step_avg:595.49ms
step:2701/3250 train_time:1610.157s step_avg:596.13ms
step:2702/3250 train_time:1612.448s step_avg:596.76ms
step:2703/3250 train_time:1614.739s step_avg:597.39ms
step:2704/3250 train_time:1617.035s step_avg:598.02ms
step:2705/3250 train_time:1619.325s step_avg:598.64ms
step:2706/3250 train_time:1621.616s step_avg:599.27ms
step:2707/3250 train_time:1623.909s step_avg:599.89ms
step:2708/3250 train_time:1626.201s step_avg:600.52ms
step:2709/3250 train_time:1628.496s step_avg:601.14ms
step:2710/3250 train_time:1630.790s step_avg:601.77ms
step:2711/3250 train_time:1633.083s step_avg:602.39ms
step:2712/3250 train_time:1635.415s step_avg:603.03ms
step:2713/3250 train_time:1637.705s step_avg:603.65ms
step:2714/3250 train_time:1639.992s step_avg:604.27ms
step:2715/3250 train_time:1642.283s step_avg:604.89ms
step:2716/3250 train_time:1644.574s step_avg:605.51ms
step:2717/3250 train_time:1646.867s step_avg:606.13ms
step:2718/3250 train_time:1649.158s step_avg:606.75ms
step:2719/3250 train_time:1651.449s step_avg:607.37ms
step:2720/3250 train_time:1653.739s step_avg:607.99ms
step:2721/3250 train_time:1656.026s step_avg:608.61ms
step:2722/3250 train_time:1658.314s step_avg:609.23ms
step:2723/3250 train_time:1660.645s step_avg:609.86ms
step:2724/3250 train_time:1662.936s step_avg:610.48ms
step:2725/3250 train_time:1665.226s step_avg:611.09ms
step:2726/3250 train_time:1667.515s step_avg:611.71ms
step:2727/3250 train_time:1669.806s step_avg:612.32ms
step:2728/3250 train_time:1672.094s step_avg:612.94ms
step:2729/3250 train_time:1674.389s step_avg:613.55ms
step:2730/3250 train_time:1676.678s step_avg:614.17ms
step:2731/3250 train_time:1678.972s step_avg:614.78ms
step:2732/3250 train_time:1681.260s step_avg:615.40ms
step:2733/3250 train_time:1683.552s step_avg:616.01ms
step:2734/3250 train_time:1685.902s step_avg:616.64ms
step:2735/3250 train_time:1688.195s step_avg:617.26ms
step:2736/3250 train_time:1690.486s step_avg:617.87ms
step:2737/3250 train_time:1692.777s step_avg:618.48ms
step:2738/3250 train_time:1695.070s step_avg:619.09ms
step:2739/3250 train_time:1697.362s step_avg:619.70ms
step:2740/3250 train_time:1699.652s step_avg:620.31ms
step:2741/3250 train_time:1701.946s step_avg:620.92ms
step:2742/3250 train_time:1704.234s step_avg:621.53ms
step:2743/3250 train_time:1706.526s step_avg:622.14ms
step:2744/3250 train_time:1708.817s step_avg:622.75ms
step:2745/3250 train_time:1711.171s step_avg:623.38ms
step:2746/3250 train_time:1713.459s step_avg:623.98ms
step:2747/3250 train_time:1715.748s step_avg:624.59ms
step:2748/3250 train_time:1718.036s step_avg:625.20ms
step:2749/3250 train_time:1720.330s step_avg:625.80ms
step:2750/3250 train_time:1722.623s step_avg:626.41ms
step:2750/3250 val_loss:3.17362 train_time:1722.635s step_avg:2295.52ms
step:2751/3250 train_time:1725.579s step_avg:627.26ms
ARM_EXIT=0 req029_b16x_bimax_s0
