W0831 17:46:46.895000 12200 torch/distributed/run.py:852] 
W0831 17:46:46.895000 12200 torch/distributed/run.py:852] *****************************************
W0831 17:46:46.895000 12200 torch/distributed/run.py:852] Setting OMP_NUM_THREADS environment variable for each process to be 1 in default, to avoid your system being overloaded, please further tune the variable for optimal performance in your application as needed. 
W0831 17:46:46.895000 12200 torch/distributed/run.py:852] *****************************************
logs/b741dfa3-a35c-4ce4-b4bb-fbdeda69233c.txt
resumed training state from step 2000 in eos_shared_state, skipped 125 batches
step:0/3250 val_loss:3.44428 train_time:0.001s step_avg:nanms
step:2001/3250 train_time:4.620s step_avg:2.31ms
step:2002/3250 train_time:6.882s step_avg:3.44ms
step:2003/3250 train_time:9.163s step_avg:4.57ms
step:2004/3250 train_time:11.446s step_avg:5.71ms
step:2005/3250 train_time:13.726s step_avg:6.85ms
step:2006/3250 train_time:16.009s step_avg:7.98ms
step:2007/3250 train_time:18.293s step_avg:9.11ms
step:2008/3250 train_time:20.613s step_avg:10.27ms
step:2009/3250 train_time:22.897s step_avg:11.40ms
step:2010/3250 train_time:25.185s step_avg:12.53ms
step:2011/3250 train_time:27.476s step_avg:13.66ms
step:2012/3250 train_time:29.770s step_avg:14.80ms
step:2013/3250 train_time:32.061s step_avg:15.93ms
step:2014/3250 train_time:34.355s step_avg:17.06ms
step:2015/3250 train_time:36.651s step_avg:18.19ms
step:2016/3250 train_time:38.945s step_avg:19.32ms
step:2017/3250 train_time:41.243s step_avg:20.45ms
step:2018/3250 train_time:43.533s step_avg:21.57ms
step:2019/3250 train_time:45.853s step_avg:22.71ms
step:2020/3250 train_time:48.136s step_avg:23.83ms
step:2021/3250 train_time:50.425s step_avg:24.95ms
step:2022/3250 train_time:52.712s step_avg:26.07ms
step:2023/3250 train_time:54.996s step_avg:27.19ms
step:2024/3250 train_time:57.284s step_avg:28.30ms
step:2025/3250 train_time:59.568s step_avg:29.42ms
step:2026/3250 train_time:61.856s step_avg:30.53ms
step:2027/3250 train_time:64.143s step_avg:31.64ms
step:2028/3250 train_time:66.428s step_avg:32.76ms
step:2029/3250 train_time:68.713s step_avg:33.87ms
step:2030/3250 train_time:71.039s step_avg:34.99ms
step:2031/3250 train_time:73.328s step_avg:36.10ms
step:2032/3250 train_time:75.617s step_avg:37.21ms
step:2033/3250 train_time:77.907s step_avg:38.32ms
step:2034/3250 train_time:80.194s step_avg:39.43ms
step:2035/3250 train_time:82.483s step_avg:40.53ms
step:2036/3250 train_time:84.775s step_avg:41.64ms
step:2037/3250 train_time:87.062s step_avg:42.74ms
step:2038/3250 train_time:89.358s step_avg:43.85ms
step:2039/3250 train_time:91.652s step_avg:44.95ms
step:2040/3250 train_time:93.939s step_avg:46.05ms
step:2041/3250 train_time:96.262s step_avg:47.16ms
step:2042/3250 train_time:98.550s step_avg:48.26ms
step:2043/3250 train_time:100.839s step_avg:49.36ms
step:2044/3250 train_time:103.128s step_avg:50.45ms
step:2045/3250 train_time:105.418s step_avg:51.55ms
step:2046/3250 train_time:107.713s step_avg:52.65ms
step:2047/3250 train_time:110.003s step_avg:53.74ms
step:2048/3250 train_time:112.293s step_avg:54.83ms
step:2049/3250 train_time:114.584s step_avg:55.92ms
step:2050/3250 train_time:116.871s step_avg:57.01ms
step:2051/3250 train_time:119.158s step_avg:58.10ms
step:2052/3250 train_time:121.501s step_avg:59.21ms
step:2053/3250 train_time:123.786s step_avg:60.30ms
step:2054/3250 train_time:126.071s step_avg:61.38ms
step:2055/3250 train_time:128.357s step_avg:62.46ms
step:2056/3250 train_time:130.645s step_avg:63.54ms
step:2057/3250 train_time:132.932s step_avg:64.62ms
step:2058/3250 train_time:135.218s step_avg:65.70ms
step:2059/3250 train_time:137.511s step_avg:66.79ms
step:2060/3250 train_time:139.800s step_avg:67.86ms
step:2061/3250 train_time:142.091s step_avg:68.94ms
step:2062/3250 train_time:144.381s step_avg:70.02ms
step:2063/3250 train_time:146.718s step_avg:71.12ms
step:2064/3250 train_time:149.014s step_avg:72.20ms
step:2065/3250 train_time:151.303s step_avg:73.27ms
step:2066/3250 train_time:153.599s step_avg:74.35ms
step:2067/3250 train_time:155.888s step_avg:75.42ms
step:2068/3250 train_time:158.174s step_avg:76.49ms
step:2069/3250 train_time:160.463s step_avg:77.56ms
step:2070/3250 train_time:162.752s step_avg:78.62ms
step:2071/3250 train_time:165.038s step_avg:79.69ms
step:2072/3250 train_time:167.328s step_avg:80.76ms
step:2073/3250 train_time:169.619s step_avg:81.82ms
step:2074/3250 train_time:171.951s step_avg:82.91ms
step:2075/3250 train_time:174.240s step_avg:83.97ms
step:2076/3250 train_time:176.530s step_avg:85.03ms
step:2077/3250 train_time:178.818s step_avg:86.09ms
step:2078/3250 train_time:181.111s step_avg:87.16ms
step:2079/3250 train_time:183.400s step_avg:88.22ms
step:2080/3250 train_time:185.688s step_avg:89.27ms
step:2081/3250 train_time:187.978s step_avg:90.33ms
step:2082/3250 train_time:190.267s step_avg:91.39ms
step:2083/3250 train_time:192.557s step_avg:92.44ms
step:2084/3250 train_time:194.847s step_avg:93.50ms
step:2085/3250 train_time:197.177s step_avg:94.57ms
step:2086/3250 train_time:199.466s step_avg:95.62ms
step:2087/3250 train_time:201.757s step_avg:96.67ms
step:2088/3250 train_time:204.046s step_avg:97.72ms
step:2089/3250 train_time:206.338s step_avg:98.77ms
step:2090/3250 train_time:208.630s step_avg:99.82ms
step:2091/3250 train_time:210.920s step_avg:100.87ms
step:2092/3250 train_time:213.213s step_avg:101.92ms
step:2093/3250 train_time:215.501s step_avg:102.96ms
step:2094/3250 train_time:217.791s step_avg:104.01ms
step:2095/3250 train_time:220.079s step_avg:105.05ms
step:2096/3250 train_time:222.406s step_avg:106.11ms
step:2097/3250 train_time:224.700s step_avg:107.15ms
step:2098/3250 train_time:226.991s step_avg:108.19ms
step:2099/3250 train_time:229.284s step_avg:109.23ms
step:2100/3250 train_time:231.573s step_avg:110.27ms
step:2101/3250 train_time:233.867s step_avg:111.31ms
step:2102/3250 train_time:236.159s step_avg:112.35ms
step:2103/3250 train_time:238.458s step_avg:113.39ms
step:2104/3250 train_time:240.758s step_avg:114.43ms
step:2105/3250 train_time:243.054s step_avg:115.47ms
step:2106/3250 train_time:245.345s step_avg:116.50ms
step:2107/3250 train_time:247.682s step_avg:117.55ms
step:2108/3250 train_time:249.978s step_avg:118.59ms
step:2109/3250 train_time:252.274s step_avg:119.62ms
step:2110/3250 train_time:254.568s step_avg:120.65ms
step:2111/3250 train_time:256.867s step_avg:121.68ms
step:2112/3250 train_time:259.164s step_avg:122.71ms
step:2113/3250 train_time:261.459s step_avg:123.74ms
step:2114/3250 train_time:263.758s step_avg:124.77ms
step:2115/3250 train_time:266.058s step_avg:125.80ms
step:2116/3250 train_time:268.358s step_avg:126.82ms
step:2117/3250 train_time:270.661s step_avg:127.85ms
step:2118/3250 train_time:273.002s step_avg:128.90ms
step:2119/3250 train_time:275.304s step_avg:129.92ms
step:2120/3250 train_time:277.601s step_avg:130.94ms
step:2121/3250 train_time:279.897s step_avg:131.96ms
step:2122/3250 train_time:282.199s step_avg:132.99ms
step:2123/3250 train_time:284.495s step_avg:134.01ms
step:2124/3250 train_time:286.790s step_avg:135.02ms
step:2125/3250 train_time:289.083s step_avg:136.04ms
step:2125/3250 val_loss:3.29647 train_time:289.095s step_avg:136.04ms
step:2126/3250 train_time:291.382s step_avg:137.06ms
step:2127/3250 train_time:293.679s step_avg:138.07ms
step:2128/3250 train_time:295.973s step_avg:139.09ms
step:2129/3250 train_time:298.306s step_avg:140.12ms
step:2130/3250 train_time:300.598s step_avg:141.13ms
step:2131/3250 train_time:302.885s step_avg:142.13ms
step:2132/3250 train_time:305.177s step_avg:143.14ms
step:2133/3250 train_time:307.465s step_avg:144.15ms
step:2134/3250 train_time:309.755s step_avg:145.15ms
step:2135/3250 train_time:312.048s step_avg:146.16ms
step:2136/3250 train_time:314.345s step_avg:147.17ms
step:2137/3250 train_time:316.647s step_avg:148.17ms
step:2138/3250 train_time:318.943s step_avg:149.18ms
step:2139/3250 train_time:321.235s step_avg:150.18ms
step:2140/3250 train_time:323.566s step_avg:151.20ms
step:2141/3250 train_time:325.859s step_avg:152.20ms
step:2142/3250 train_time:328.147s step_avg:153.20ms
step:2143/3250 train_time:330.446s step_avg:154.20ms
step:2144/3250 train_time:332.741s step_avg:155.20ms
step:2145/3250 train_time:335.031s step_avg:156.19ms
step:2146/3250 train_time:337.327s step_avg:157.19ms
step:2147/3250 train_time:339.624s step_avg:158.19ms
step:2148/3250 train_time:341.915s step_avg:159.18ms
step:2149/3250 train_time:344.201s step_avg:160.17ms
step:2150/3250 train_time:346.488s step_avg:161.16ms
step:2151/3250 train_time:348.820s step_avg:162.17ms
step:2152/3250 train_time:351.109s step_avg:163.15ms
step:2153/3250 train_time:353.403s step_avg:164.14ms
step:2154/3250 train_time:355.693s step_avg:165.13ms
step:2155/3250 train_time:357.988s step_avg:166.12ms
step:2156/3250 train_time:360.284s step_avg:167.11ms
step:2157/3250 train_time:362.577s step_avg:168.09ms
step:2158/3250 train_time:364.866s step_avg:169.08ms
step:2159/3250 train_time:367.160s step_avg:170.06ms
step:2160/3250 train_time:369.451s step_avg:171.04ms
step:2161/3250 train_time:371.744s step_avg:172.02ms
step:2162/3250 train_time:374.074s step_avg:173.02ms
step:2163/3250 train_time:376.366s step_avg:174.00ms
step:2164/3250 train_time:378.657s step_avg:174.98ms
step:2165/3250 train_time:380.947s step_avg:175.96ms
step:2166/3250 train_time:383.240s step_avg:176.93ms
step:2167/3250 train_time:385.531s step_avg:177.91ms
step:2168/3250 train_time:387.826s step_avg:178.89ms
step:2169/3250 train_time:390.119s step_avg:179.86ms
step:2170/3250 train_time:392.410s step_avg:180.83ms
step:2171/3250 train_time:394.704s step_avg:181.81ms
step:2172/3250 train_time:396.998s step_avg:182.78ms
step:2173/3250 train_time:399.327s step_avg:183.77ms
step:2174/3250 train_time:401.626s step_avg:184.74ms
step:2175/3250 train_time:403.920s step_avg:185.71ms
step:2176/3250 train_time:406.207s step_avg:186.68ms
step:2177/3250 train_time:408.495s step_avg:187.64ms
step:2178/3250 train_time:410.787s step_avg:188.61ms
step:2179/3250 train_time:413.080s step_avg:189.57ms
step:2180/3250 train_time:415.370s step_avg:190.54ms
step:2181/3250 train_time:417.669s step_avg:191.50ms
step:2182/3250 train_time:419.962s step_avg:192.47ms
step:2183/3250 train_time:422.258s step_avg:193.43ms
step:2184/3250 train_time:424.589s step_avg:194.41ms
step:2185/3250 train_time:426.891s step_avg:195.37ms
step:2186/3250 train_time:429.189s step_avg:196.34ms
step:2187/3250 train_time:431.487s step_avg:197.30ms
step:2188/3250 train_time:433.786s step_avg:198.26ms
step:2189/3250 train_time:436.081s step_avg:199.21ms
step:2190/3250 train_time:438.368s step_avg:200.17ms
step:2191/3250 train_time:440.657s step_avg:201.12ms
step:2192/3250 train_time:442.947s step_avg:202.07ms
step:2193/3250 train_time:445.239s step_avg:203.03ms
step:2194/3250 train_time:447.527s step_avg:203.98ms
step:2195/3250 train_time:449.852s step_avg:204.94ms
step:2196/3250 train_time:452.141s step_avg:205.89ms
step:2197/3250 train_time:454.430s step_avg:206.84ms
step:2198/3250 train_time:456.726s step_avg:207.79ms
step:2199/3250 train_time:459.019s step_avg:208.74ms
step:2200/3250 train_time:461.308s step_avg:209.69ms
step:2201/3250 train_time:463.599s step_avg:210.63ms
step:2202/3250 train_time:465.882s step_avg:211.57ms
step:2203/3250 train_time:468.168s step_avg:212.51ms
step:2204/3250 train_time:470.457s step_avg:213.46ms
step:2205/3250 train_time:472.748s step_avg:214.40ms
step:2206/3250 train_time:475.084s step_avg:215.36ms
step:2207/3250 train_time:477.373s step_avg:216.30ms
step:2208/3250 train_time:479.667s step_avg:217.24ms
step:2209/3250 train_time:481.959s step_avg:218.18ms
step:2210/3250 train_time:484.254s step_avg:219.12ms
step:2211/3250 train_time:486.547s step_avg:220.06ms
step:2212/3250 train_time:488.845s step_avg:221.00ms
step:2213/3250 train_time:491.139s step_avg:221.93ms
step:2214/3250 train_time:493.428s step_avg:222.87ms
step:2215/3250 train_time:495.725s step_avg:223.80ms
step:2216/3250 train_time:498.021s step_avg:224.74ms
step:2217/3250 train_time:500.347s step_avg:225.69ms
step:2218/3250 train_time:502.643s step_avg:226.62ms
step:2219/3250 train_time:504.936s step_avg:227.55ms
step:2220/3250 train_time:507.226s step_avg:228.48ms
step:2221/3250 train_time:509.518s step_avg:229.41ms
step:2222/3250 train_time:511.810s step_avg:230.34ms
step:2223/3250 train_time:514.102s step_avg:231.26ms
step:2224/3250 train_time:516.393s step_avg:232.19ms
step:2225/3250 train_time:518.689s step_avg:233.12ms
step:2226/3250 train_time:520.987s step_avg:234.05ms
step:2227/3250 train_time:523.280s step_avg:234.97ms
step:2228/3250 train_time:525.610s step_avg:235.91ms
step:2229/3250 train_time:527.904s step_avg:236.83ms
step:2230/3250 train_time:530.197s step_avg:237.76ms
step:2231/3250 train_time:532.484s step_avg:238.67ms
step:2232/3250 train_time:534.772s step_avg:239.59ms
step:2233/3250 train_time:537.065s step_avg:240.51ms
step:2234/3250 train_time:539.357s step_avg:241.43ms
step:2235/3250 train_time:541.649s step_avg:242.35ms
step:2236/3250 train_time:543.947s step_avg:243.27ms
step:2237/3250 train_time:546.240s step_avg:244.18ms
step:2238/3250 train_time:548.530s step_avg:245.10ms
step:2239/3250 train_time:550.863s step_avg:246.03ms
step:2240/3250 train_time:553.157s step_avg:246.95ms
step:2241/3250 train_time:555.452s step_avg:247.86ms
step:2242/3250 train_time:557.748s step_avg:248.77ms
step:2243/3250 train_time:560.044s step_avg:249.69ms
step:2244/3250 train_time:562.336s step_avg:250.60ms
step:2245/3250 train_time:564.631s step_avg:251.51ms
step:2246/3250 train_time:566.927s step_avg:252.42ms
step:2247/3250 train_time:569.228s step_avg:253.33ms
step:2248/3250 train_time:571.518s step_avg:254.23ms
step:2249/3250 train_time:573.809s step_avg:255.14ms
step:2250/3250 train_time:576.141s step_avg:256.06ms
step:2250/3250 val_loss:3.25651 train_time:576.153s step_avg:2296.47ms
step:2251/3250 train_time:578.439s step_avg:256.97ms
step:2252/3250 train_time:580.735s step_avg:257.88ms
step:2253/3250 train_time:583.029s step_avg:258.78ms
step:2254/3250 train_time:585.323s step_avg:259.68ms
step:2255/3250 train_time:587.620s step_avg:260.59ms
step:2256/3250 train_time:589.912s step_avg:261.49ms
step:2257/3250 train_time:592.201s step_avg:262.38ms
step:2258/3250 train_time:594.494s step_avg:263.28ms
step:2259/3250 train_time:596.786s step_avg:264.18ms
step:2260/3250 train_time:599.078s step_avg:265.08ms
step:2261/3250 train_time:601.414s step_avg:265.99ms
step:2262/3250 train_time:603.705s step_avg:266.89ms
step:2263/3250 train_time:606.001s step_avg:267.79ms
step:2264/3250 train_time:608.300s step_avg:268.68ms
step:2265/3250 train_time:610.592s step_avg:269.58ms
step:2266/3250 train_time:612.884s step_avg:270.47ms
step:2267/3250 train_time:615.172s step_avg:271.36ms
step:2268/3250 train_time:617.463s step_avg:272.25ms
step:2269/3250 train_time:619.758s step_avg:273.14ms
step:2270/3250 train_time:622.055s step_avg:274.03ms
step:2271/3250 train_time:624.344s step_avg:274.92ms
step:2272/3250 train_time:626.674s step_avg:275.82ms
step:2273/3250 train_time:628.963s step_avg:276.71ms
step:2274/3250 train_time:631.251s step_avg:277.60ms
step:2275/3250 train_time:633.543s step_avg:278.48ms
step:2276/3250 train_time:635.836s step_avg:279.37ms
step:2277/3250 train_time:638.131s step_avg:280.25ms
step:2278/3250 train_time:640.420s step_avg:281.13ms
step:2279/3250 train_time:642.715s step_avg:282.02ms
step:2280/3250 train_time:645.006s step_avg:282.90ms
step:2281/3250 train_time:647.293s step_avg:283.78ms
step:2282/3250 train_time:649.583s step_avg:284.66ms
step:2283/3250 train_time:651.917s step_avg:285.55ms
step:2284/3250 train_time:654.208s step_avg:286.43ms
step:2285/3250 train_time:656.501s step_avg:287.31ms
step:2286/3250 train_time:658.799s step_avg:288.19ms
step:2287/3250 train_time:661.096s step_avg:289.07ms
step:2288/3250 train_time:663.389s step_avg:289.94ms
step:2289/3250 train_time:665.678s step_avg:290.82ms
step:2290/3250 train_time:667.970s step_avg:291.69ms
step:2291/3250 train_time:670.258s step_avg:292.56ms
step:2292/3250 train_time:672.555s step_avg:293.44ms
step:2293/3250 train_time:674.846s step_avg:294.31ms
step:2294/3250 train_time:677.174s step_avg:295.19ms
step:2295/3250 train_time:679.464s step_avg:296.06ms
step:2296/3250 train_time:681.756s step_avg:296.93ms
step:2297/3250 train_time:684.048s step_avg:297.80ms
step:2298/3250 train_time:686.341s step_avg:298.67ms
step:2299/3250 train_time:688.638s step_avg:299.54ms
step:2300/3250 train_time:690.936s step_avg:300.41ms
step:2301/3250 train_time:693.230s step_avg:301.27ms
step:2302/3250 train_time:695.522s step_avg:302.14ms
step:2303/3250 train_time:697.816s step_avg:303.00ms
step:2304/3250 train_time:700.106s step_avg:303.87ms
step:2305/3250 train_time:702.438s step_avg:304.75ms
step:2306/3250 train_time:704.740s step_avg:305.61ms
step:2307/3250 train_time:707.040s step_avg:306.48ms
step:2308/3250 train_time:709.339s step_avg:307.34ms
step:2309/3250 train_time:711.634s step_avg:308.20ms
step:2310/3250 train_time:713.931s step_avg:309.06ms
step:2311/3250 train_time:716.220s step_avg:309.92ms
step:2312/3250 train_time:718.519s step_avg:310.78ms
step:2313/3250 train_time:720.815s step_avg:311.64ms
step:2314/3250 train_time:723.106s step_avg:312.49ms
step:2315/3250 train_time:725.399s step_avg:313.35ms
step:2316/3250 train_time:727.737s step_avg:314.22ms
step:2317/3250 train_time:730.035s step_avg:315.08ms
step:2318/3250 train_time:732.332s step_avg:315.93ms
step:2319/3250 train_time:734.624s step_avg:316.78ms
step:2320/3250 train_time:736.918s step_avg:317.64ms
step:2321/3250 train_time:739.211s step_avg:318.49ms
step:2322/3250 train_time:741.500s step_avg:319.34ms
step:2323/3250 train_time:743.791s step_avg:320.19ms
step:2324/3250 train_time:746.078s step_avg:321.03ms
step:2325/3250 train_time:748.371s step_avg:321.88ms
step:2326/3250 train_time:750.661s step_avg:322.73ms
step:2327/3250 train_time:752.994s step_avg:323.59ms
step:2328/3250 train_time:755.286s step_avg:324.44ms
step:2329/3250 train_time:757.578s step_avg:325.28ms
step:2330/3250 train_time:759.871s step_avg:326.12ms
step:2331/3250 train_time:762.162s step_avg:326.97ms
step:2332/3250 train_time:764.457s step_avg:327.81ms
step:2333/3250 train_time:766.750s step_avg:328.65ms
step:2334/3250 train_time:769.041s step_avg:329.49ms
step:2335/3250 train_time:771.332s step_avg:330.34ms
step:2336/3250 train_time:773.623s step_avg:331.17ms
step:2337/3250 train_time:775.919s step_avg:332.01ms
step:2338/3250 train_time:778.261s step_avg:332.87ms
step:2339/3250 train_time:780.552s step_avg:333.71ms
step:2340/3250 train_time:782.842s step_avg:334.55ms
step:2341/3250 train_time:785.137s step_avg:335.39ms
step:2342/3250 train_time:787.431s step_avg:336.22ms
step:2343/3250 train_time:789.723s step_avg:337.06ms
step:2344/3250 train_time:792.017s step_avg:337.89ms
step:2345/3250 train_time:794.313s step_avg:338.73ms
step:2346/3250 train_time:796.603s step_avg:339.56ms
step:2347/3250 train_time:798.891s step_avg:340.39ms
step:2348/3250 train_time:801.179s step_avg:341.22ms
step:2349/3250 train_time:803.519s step_avg:342.07ms
step:2350/3250 train_time:805.821s step_avg:342.90ms
step:2351/3250 train_time:808.122s step_avg:343.74ms
step:2352/3250 train_time:810.419s step_avg:344.57ms
step:2353/3250 train_time:812.719s step_avg:345.40ms
step:2354/3250 train_time:815.020s step_avg:346.23ms
step:2355/3250 train_time:817.320s step_avg:347.06ms
step:2356/3250 train_time:819.622s step_avg:347.89ms
step:2357/3250 train_time:821.922s step_avg:348.72ms
step:2358/3250 train_time:824.222s step_avg:349.54ms
step:2359/3250 train_time:826.523s step_avg:350.37ms
step:2360/3250 train_time:828.861s step_avg:351.21ms
step:2361/3250 train_time:831.160s step_avg:352.04ms
step:2362/3250 train_time:833.461s step_avg:352.86ms
step:2363/3250 train_time:835.753s step_avg:353.68ms
step:2364/3250 train_time:838.050s step_avg:354.51ms
step:2365/3250 train_time:840.344s step_avg:355.33ms
step:2366/3250 train_time:842.644s step_avg:356.15ms
step:2367/3250 train_time:844.945s step_avg:356.97ms
step:2368/3250 train_time:847.245s step_avg:357.79ms
step:2369/3250 train_time:849.542s step_avg:358.61ms
step:2370/3250 train_time:851.834s step_avg:359.42ms
step:2371/3250 train_time:854.175s step_avg:360.26ms
step:2372/3250 train_time:856.466s step_avg:361.07ms
step:2373/3250 train_time:858.759s step_avg:361.89ms
step:2374/3250 train_time:861.048s step_avg:362.70ms
step:2375/3250 train_time:863.341s step_avg:363.51ms
step:2375/3250 val_loss:3.22844 train_time:863.353s step_avg:2297.60ms
step:2376/3250 train_time:865.639s step_avg:364.33ms
step:2377/3250 train_time:867.930s step_avg:365.14ms
step:2378/3250 train_time:870.222s step_avg:365.95ms
step:2379/3250 train_time:872.509s step_avg:366.75ms
step:2380/3250 train_time:874.805s step_avg:367.57ms
step:2381/3250 train_time:877.097s step_avg:368.37ms
step:2382/3250 train_time:879.429s step_avg:369.20ms
step:2383/3250 train_time:881.725s step_avg:370.01ms
step:2384/3250 train_time:884.017s step_avg:370.81ms
step:2385/3250 train_time:886.310s step_avg:371.62ms
step:2386/3250 train_time:888.606s step_avg:372.42ms
step:2387/3250 train_time:890.896s step_avg:373.23ms
step:2388/3250 train_time:893.192s step_avg:374.03ms
step:2389/3250 train_time:895.488s step_avg:374.84ms
step:2390/3250 train_time:897.780s step_avg:375.64ms
step:2391/3250 train_time:900.073s step_avg:376.44ms
step:2392/3250 train_time:902.371s step_avg:377.25ms
step:2393/3250 train_time:904.704s step_avg:378.06ms
step:2394/3250 train_time:907.000s step_avg:378.86ms
step:2395/3250 train_time:909.292s step_avg:379.66ms
step:2396/3250 train_time:911.589s step_avg:380.46ms
step:2397/3250 train_time:913.887s step_avg:381.26ms
step:2398/3250 train_time:916.178s step_avg:382.06ms
step:2399/3250 train_time:918.472s step_avg:382.86ms
step:2400/3250 train_time:920.766s step_avg:383.65ms
step:2401/3250 train_time:923.057s step_avg:384.45ms
step:2402/3250 train_time:925.350s step_avg:385.24ms
step:2403/3250 train_time:927.643s step_avg:386.04ms
step:2404/3250 train_time:929.985s step_avg:386.85ms
step:2405/3250 train_time:932.281s step_avg:387.64ms
step:2406/3250 train_time:934.574s step_avg:388.43ms
step:2407/3250 train_time:936.870s step_avg:389.23ms
step:2408/3250 train_time:939.162s step_avg:390.02ms
step:2409/3250 train_time:941.455s step_avg:390.81ms
step:2410/3250 train_time:943.753s step_avg:391.60ms
step:2411/3250 train_time:946.051s step_avg:392.39ms
step:2412/3250 train_time:948.352s step_avg:393.18ms
step:2413/3250 train_time:950.647s step_avg:393.97ms
step:2414/3250 train_time:952.945s step_avg:394.76ms
step:2415/3250 train_time:955.277s step_avg:395.56ms
step:2416/3250 train_time:957.571s step_avg:396.35ms
step:2417/3250 train_time:959.869s step_avg:397.13ms
step:2418/3250 train_time:962.163s step_avg:397.92ms
step:2419/3250 train_time:964.458s step_avg:398.70ms
step:2420/3250 train_time:966.750s step_avg:399.48ms
step:2421/3250 train_time:969.048s step_avg:400.27ms
step:2422/3250 train_time:971.344s step_avg:401.05ms
step:2423/3250 train_time:973.637s step_avg:401.83ms
step:2424/3250 train_time:975.929s step_avg:402.61ms
step:2425/3250 train_time:978.219s step_avg:403.39ms
step:2426/3250 train_time:980.550s step_avg:404.18ms
step:2427/3250 train_time:982.845s step_avg:404.96ms
step:2428/3250 train_time:985.136s step_avg:405.74ms
step:2429/3250 train_time:987.431s step_avg:406.52ms
step:2430/3250 train_time:989.730s step_avg:407.30ms
step:2431/3250 train_time:992.035s step_avg:408.08ms
step:2432/3250 train_time:994.334s step_avg:408.85ms
step:2433/3250 train_time:996.627s step_avg:409.63ms
step:2434/3250 train_time:998.922s step_avg:410.40ms
step:2435/3250 train_time:1001.215s step_avg:411.18ms
step:2436/3250 train_time:1003.507s step_avg:411.95ms
step:2437/3250 train_time:1005.843s step_avg:412.74ms
step:2438/3250 train_time:1008.136s step_avg:413.51ms
step:2439/3250 train_time:1010.431s step_avg:414.28ms
step:2440/3250 train_time:1012.721s step_avg:415.05ms
step:2441/3250 train_time:1015.008s step_avg:415.82ms
step:2442/3250 train_time:1017.304s step_avg:416.59ms
step:2443/3250 train_time:1019.596s step_avg:417.35ms
step:2444/3250 train_time:1021.885s step_avg:418.12ms
step:2445/3250 train_time:1024.179s step_avg:418.89ms
step:2446/3250 train_time:1026.471s step_avg:419.65ms
step:2447/3250 train_time:1028.766s step_avg:420.42ms
step:2448/3250 train_time:1031.109s step_avg:421.20ms
step:2449/3250 train_time:1033.403s step_avg:421.97ms
step:2450/3250 train_time:1035.694s step_avg:422.73ms
step:2451/3250 train_time:1037.986s step_avg:423.49ms
step:2452/3250 train_time:1040.279s step_avg:424.26ms
step:2453/3250 train_time:1042.570s step_avg:425.02ms
step:2454/3250 train_time:1044.870s step_avg:425.78ms
step:2455/3250 train_time:1047.168s step_avg:426.54ms
step:2456/3250 train_time:1049.466s step_avg:427.31ms
step:2457/3250 train_time:1051.764s step_avg:428.07ms
step:2458/3250 train_time:1054.058s step_avg:428.83ms
step:2459/3250 train_time:1056.387s step_avg:429.60ms
step:2460/3250 train_time:1058.682s step_avg:430.36ms
step:2461/3250 train_time:1060.973s step_avg:431.11ms
step:2462/3250 train_time:1063.270s step_avg:431.87ms
step:2463/3250 train_time:1065.566s step_avg:432.63ms
step:2464/3250 train_time:1067.861s step_avg:433.39ms
step:2465/3250 train_time:1070.152s step_avg:434.14ms
step:2466/3250 train_time:1072.447s step_avg:434.89ms
step:2467/3250 train_time:1074.741s step_avg:435.65ms
step:2468/3250 train_time:1077.029s step_avg:436.40ms
step:2469/3250 train_time:1079.330s step_avg:437.15ms
step:2470/3250 train_time:1081.669s step_avg:437.92ms
step:2471/3250 train_time:1083.967s step_avg:438.68ms
step:2472/3250 train_time:1086.261s step_avg:439.43ms
step:2473/3250 train_time:1088.552s step_avg:440.17ms
step:2474/3250 train_time:1090.850s step_avg:440.93ms
step:2475/3250 train_time:1093.149s step_avg:441.68ms
step:2476/3250 train_time:1095.441s step_avg:442.42ms
step:2477/3250 train_time:1097.736s step_avg:443.17ms
step:2478/3250 train_time:1100.027s step_avg:443.92ms
step:2479/3250 train_time:1102.320s step_avg:444.66ms
step:2480/3250 train_time:1104.609s step_avg:445.41ms
step:2481/3250 train_time:1106.949s step_avg:446.17ms
step:2482/3250 train_time:1109.249s step_avg:446.92ms
step:2483/3250 train_time:1111.547s step_avg:447.66ms
step:2484/3250 train_time:1113.841s step_avg:448.41ms
step:2485/3250 train_time:1116.132s step_avg:449.15ms
step:2486/3250 train_time:1118.429s step_avg:449.89ms
step:2487/3250 train_time:1120.723s step_avg:450.63ms
step:2488/3250 train_time:1123.019s step_avg:451.37ms
step:2489/3250 train_time:1125.314s step_avg:452.11ms
step:2490/3250 train_time:1127.610s step_avg:452.86ms
step:2491/3250 train_time:1129.910s step_avg:453.60ms
step:2492/3250 train_time:1132.249s step_avg:454.35ms
step:2493/3250 train_time:1134.548s step_avg:455.09ms
step:2494/3250 train_time:1136.845s step_avg:455.83ms
step:2495/3250 train_time:1139.134s step_avg:456.57ms
step:2496/3250 train_time:1141.430s step_avg:457.30ms
step:2497/3250 train_time:1143.722s step_avg:458.04ms
step:2498/3250 train_time:1146.013s step_avg:458.77ms
step:2499/3250 train_time:1148.305s step_avg:459.51ms
step:2500/3250 train_time:1150.599s step_avg:460.24ms
step:2500/3250 val_loss:3.20669 train_time:1150.611s step_avg:2298.06ms
step:2501/3250 train_time:1152.893s step_avg:460.97ms
step:2502/3250 train_time:1155.181s step_avg:461.70ms
step:2503/3250 train_time:1157.518s step_avg:462.45ms
step:2504/3250 train_time:1159.808s step_avg:463.18ms
step:2505/3250 train_time:1162.101s step_avg:463.91ms
step:2506/3250 train_time:1164.397s step_avg:464.64ms
step:2507/3250 train_time:1166.691s step_avg:465.37ms
step:2508/3250 train_time:1168.980s step_avg:466.10ms
step:2509/3250 train_time:1171.272s step_avg:466.83ms
step:2510/3250 train_time:1173.557s step_avg:467.55ms
step:2511/3250 train_time:1175.846s step_avg:468.28ms
step:2512/3250 train_time:1178.133s step_avg:469.00ms
step:2513/3250 train_time:1180.420s step_avg:469.73ms
step:2514/3250 train_time:1182.756s step_avg:470.47ms
step:2515/3250 train_time:1185.047s step_avg:471.19ms
step:2516/3250 train_time:1187.338s step_avg:471.91ms
step:2517/3250 train_time:1189.632s step_avg:472.64ms
step:2518/3250 train_time:1191.923s step_avg:473.36ms
step:2519/3250 train_time:1194.220s step_avg:474.08ms
step:2520/3250 train_time:1196.516s step_avg:474.81ms
step:2521/3250 train_time:1198.807s step_avg:475.53ms
step:2522/3250 train_time:1201.095s step_avg:476.25ms
step:2523/3250 train_time:1203.385s step_avg:476.97ms
step:2524/3250 train_time:1205.682s step_avg:477.69ms
step:2525/3250 train_time:1208.018s step_avg:478.42ms
step:2526/3250 train_time:1210.314s step_avg:479.14ms
step:2527/3250 train_time:1212.604s step_avg:479.86ms
step:2528/3250 train_time:1214.896s step_avg:480.58ms
step:2529/3250 train_time:1217.192s step_avg:481.29ms
step:2530/3250 train_time:1219.482s step_avg:482.01ms
step:2531/3250 train_time:1221.781s step_avg:482.73ms
step:2532/3250 train_time:1224.079s step_avg:483.44ms
step:2533/3250 train_time:1226.378s step_avg:484.16ms
step:2534/3250 train_time:1228.677s step_avg:484.88ms
step:2535/3250 train_time:1230.974s step_avg:485.59ms
step:2536/3250 train_time:1233.306s step_avg:486.32ms
step:2537/3250 train_time:1235.601s step_avg:487.03ms
step:2538/3250 train_time:1237.897s step_avg:487.75ms
step:2539/3250 train_time:1240.191s step_avg:488.46ms
step:2540/3250 train_time:1242.483s step_avg:489.17ms
step:2541/3250 train_time:1244.781s step_avg:489.88ms
step:2542/3250 train_time:1247.072s step_avg:490.59ms
step:2543/3250 train_time:1249.361s step_avg:491.29ms
step:2544/3250 train_time:1251.661s step_avg:492.00ms
step:2545/3250 train_time:1253.954s step_avg:492.71ms
step:2546/3250 train_time:1256.244s step_avg:493.42ms
step:2547/3250 train_time:1258.578s step_avg:494.14ms
step:2548/3250 train_time:1260.869s step_avg:494.85ms
step:2549/3250 train_time:1263.160s step_avg:495.55ms
step:2550/3250 train_time:1265.452s step_avg:496.26ms
step:2551/3250 train_time:1267.741s step_avg:496.96ms
step:2552/3250 train_time:1270.039s step_avg:497.66ms
step:2553/3250 train_time:1272.340s step_avg:498.37ms
step:2554/3250 train_time:1274.637s step_avg:499.07ms
step:2555/3250 train_time:1276.934s step_avg:499.78ms
step:2556/3250 train_time:1279.228s step_avg:500.48ms
step:2557/3250 train_time:1281.521s step_avg:501.18ms
step:2558/3250 train_time:1283.862s step_avg:501.90ms
step:2559/3250 train_time:1286.160s step_avg:502.60ms
step:2560/3250 train_time:1288.452s step_avg:503.30ms
step:2561/3250 train_time:1290.741s step_avg:504.00ms
step:2562/3250 train_time:1293.035s step_avg:504.70ms
step:2563/3250 train_time:1295.324s step_avg:505.39ms
step:2564/3250 train_time:1297.619s step_avg:506.09ms
step:2565/3250 train_time:1299.913s step_avg:506.79ms
step:2566/3250 train_time:1302.206s step_avg:507.48ms
step:2567/3250 train_time:1304.500s step_avg:508.18ms
step:2568/3250 train_time:1306.799s step_avg:508.88ms
step:2569/3250 train_time:1309.141s step_avg:509.59ms
step:2570/3250 train_time:1311.435s step_avg:510.29ms
step:2571/3250 train_time:1313.728s step_avg:510.98ms
step:2572/3250 train_time:1316.022s step_avg:511.67ms
step:2573/3250 train_time:1318.321s step_avg:512.37ms
step:2574/3250 train_time:1320.612s step_avg:513.06ms
step:2575/3250 train_time:1322.902s step_avg:513.75ms
step:2576/3250 train_time:1325.204s step_avg:514.44ms
step:2577/3250 train_time:1327.504s step_avg:515.14ms
step:2578/3250 train_time:1329.802s step_avg:515.83ms
step:2579/3250 train_time:1332.098s step_avg:516.52ms
step:2580/3250 train_time:1334.441s step_avg:517.23ms
step:2581/3250 train_time:1336.740s step_avg:517.92ms
step:2582/3250 train_time:1339.034s step_avg:518.60ms
step:2583/3250 train_time:1341.325s step_avg:519.29ms
step:2584/3250 train_time:1343.617s step_avg:519.98ms
step:2585/3250 train_time:1345.908s step_avg:520.66ms
step:2586/3250 train_time:1348.201s step_avg:521.35ms
step:2587/3250 train_time:1350.494s step_avg:522.03ms
step:2588/3250 train_time:1352.782s step_avg:522.71ms
step:2589/3250 train_time:1355.076s step_avg:523.40ms
step:2590/3250 train_time:1357.368s step_avg:524.08ms
step:2591/3250 train_time:1359.695s step_avg:524.78ms
step:2592/3250 train_time:1361.989s step_avg:525.46ms
step:2593/3250 train_time:1364.282s step_avg:526.14ms
step:2594/3250 train_time:1366.579s step_avg:526.82ms
step:2595/3250 train_time:1368.870s step_avg:527.50ms
step:2596/3250 train_time:1371.164s step_avg:528.18ms
step:2597/3250 train_time:1373.461s step_avg:528.86ms
step:2598/3250 train_time:1375.751s step_avg:529.54ms
step:2599/3250 train_time:1378.038s step_avg:530.22ms
step:2600/3250 train_time:1380.338s step_avg:530.90ms
step:2601/3250 train_time:1382.634s step_avg:531.58ms
step:2602/3250 train_time:1384.975s step_avg:532.27ms
step:2603/3250 train_time:1387.266s step_avg:532.95ms
step:2604/3250 train_time:1389.557s step_avg:533.62ms
step:2605/3250 train_time:1391.852s step_avg:534.30ms
step:2606/3250 train_time:1394.141s step_avg:534.97ms
step:2607/3250 train_time:1396.435s step_avg:535.65ms
step:2608/3250 train_time:1398.726s step_avg:536.32ms
step:2609/3250 train_time:1401.022s step_avg:537.00ms
step:2610/3250 train_time:1403.321s step_avg:537.67ms
step:2611/3250 train_time:1405.620s step_avg:538.35ms
step:2612/3250 train_time:1407.919s step_avg:539.02ms
step:2613/3250 train_time:1410.257s step_avg:539.71ms
step:2614/3250 train_time:1412.546s step_avg:540.38ms
step:2615/3250 train_time:1414.840s step_avg:541.05ms
step:2616/3250 train_time:1417.136s step_avg:541.72ms
step:2617/3250 train_time:1419.433s step_avg:542.39ms
step:2618/3250 train_time:1421.724s step_avg:543.06ms
step:2619/3250 train_time:1424.021s step_avg:543.73ms
step:2620/3250 train_time:1426.317s step_avg:544.40ms
step:2621/3250 train_time:1428.609s step_avg:545.06ms
step:2622/3250 train_time:1430.904s step_avg:545.73ms
step:2623/3250 train_time:1433.202s step_avg:546.40ms
step:2624/3250 train_time:1435.537s step_avg:547.08ms
step:2625/3250 train_time:1437.834s step_avg:547.75ms
step:2625/3250 val_loss:3.18948 train_time:1437.846s step_avg:2297.88ms
step:2626/3250 train_time:1440.129s step_avg:548.41ms
step:2627/3250 train_time:1442.428s step_avg:549.08ms
step:2628/3250 train_time:1444.725s step_avg:549.74ms
step:2629/3250 train_time:1447.021s step_avg:550.41ms
step:2630/3250 train_time:1449.313s step_avg:551.07ms
step:2631/3250 train_time:1451.608s step_avg:551.73ms
step:2632/3250 train_time:1453.910s step_avg:552.40ms
step:2633/3250 train_time:1456.207s step_avg:553.06ms
step:2634/3250 train_time:1458.500s step_avg:553.72ms
step:2635/3250 train_time:1460.833s step_avg:554.40ms
step:2636/3250 train_time:1463.129s step_avg:555.06ms
step:2637/3250 train_time:1465.428s step_avg:555.72ms
step:2638/3250 train_time:1467.726s step_avg:556.38ms
step:2639/3250 train_time:1470.023s step_avg:557.04ms
step:2640/3250 train_time:1472.316s step_avg:557.70ms
step:2641/3250 train_time:1474.612s step_avg:558.35ms
step:2642/3250 train_time:1476.909s step_avg:559.01ms
step:2643/3250 train_time:1479.208s step_avg:559.67ms
step:2644/3250 train_time:1481.508s step_avg:560.33ms
step:2645/3250 train_time:1483.807s step_avg:560.99ms
step:2646/3250 train_time:1486.147s step_avg:561.66ms
step:2647/3250 train_time:1488.447s step_avg:562.31ms
step:2648/3250 train_time:1490.749s step_avg:562.97ms
step:2649/3250 train_time:1493.047s step_avg:563.63ms
step:2650/3250 train_time:1495.344s step_avg:564.28ms
step:2651/3250 train_time:1497.638s step_avg:564.93ms
step:2652/3250 train_time:1499.931s step_avg:565.58ms
step:2653/3250 train_time:1502.223s step_avg:566.24ms
step:2654/3250 train_time:1504.517s step_avg:566.89ms
step:2655/3250 train_time:1506.807s step_avg:567.54ms
step:2656/3250 train_time:1509.106s step_avg:568.19ms
step:2657/3250 train_time:1511.447s step_avg:568.85ms
step:2658/3250 train_time:1513.745s step_avg:569.51ms
step:2659/3250 train_time:1516.037s step_avg:570.15ms
step:2660/3250 train_time:1518.327s step_avg:570.80ms
step:2661/3250 train_time:1520.623s step_avg:571.45ms
step:2662/3250 train_time:1522.913s step_avg:572.09ms
step:2663/3250 train_time:1525.209s step_avg:572.74ms
step:2664/3250 train_time:1527.508s step_avg:573.39ms
step:2665/3250 train_time:1529.805s step_avg:574.04ms
step:2666/3250 train_time:1532.102s step_avg:574.68ms
step:2667/3250 train_time:1534.395s step_avg:575.33ms
step:2668/3250 train_time:1536.727s step_avg:575.98ms
step:2669/3250 train_time:1539.021s step_avg:576.63ms
step:2670/3250 train_time:1541.306s step_avg:577.27ms
step:2671/3250 train_time:1543.600s step_avg:577.91ms
step:2672/3250 train_time:1545.890s step_avg:578.55ms
step:2673/3250 train_time:1548.189s step_avg:579.20ms
step:2674/3250 train_time:1550.481s step_avg:579.84ms
step:2675/3250 train_time:1552.771s step_avg:580.48ms
step:2676/3250 train_time:1555.069s step_avg:581.12ms
step:2677/3250 train_time:1557.369s step_avg:581.76ms
step:2678/3250 train_time:1559.666s step_avg:582.40ms
step:2679/3250 train_time:1562.007s step_avg:583.06ms
step:2680/3250 train_time:1564.301s step_avg:583.69ms
step:2681/3250 train_time:1566.590s step_avg:584.33ms
step:2682/3250 train_time:1568.884s step_avg:584.97ms
step:2683/3250 train_time:1571.180s step_avg:585.61ms
step:2684/3250 train_time:1573.470s step_avg:586.24ms
step:2685/3250 train_time:1575.768s step_avg:586.88ms
step:2686/3250 train_time:1578.061s step_avg:587.51ms
step:2687/3250 train_time:1580.352s step_avg:588.15ms
step:2688/3250 train_time:1582.650s step_avg:588.78ms
step:2689/3250 train_time:1584.950s step_avg:589.42ms
step:2690/3250 train_time:1587.285s step_avg:590.07ms
step:2691/3250 train_time:1589.578s step_avg:590.70ms
step:2692/3250 train_time:1591.868s step_avg:591.33ms
step:2693/3250 train_time:1594.168s step_avg:591.97ms
step:2694/3250 train_time:1596.465s step_avg:592.60ms
step:2695/3250 train_time:1598.767s step_avg:593.23ms
step:2696/3250 train_time:1601.062s step_avg:593.87ms
step:2697/3250 train_time:1603.353s step_avg:594.49ms
step:2698/3250 train_time:1605.649s step_avg:595.13ms
step:2699/3250 train_time:1607.944s step_avg:595.76ms
step:2700/3250 train_time:1610.234s step_avg:596.38ms
step:2701/3250 train_time:1612.569s step_avg:597.03ms
step:2702/3250 train_time:1614.870s step_avg:597.66ms
step:2703/3250 train_time:1617.165s step_avg:598.29ms
step:2704/3250 train_time:1619.461s step_avg:598.91ms
step:2705/3250 train_time:1621.758s step_avg:599.54ms
step:2706/3250 train_time:1624.050s step_avg:600.17ms
step:2707/3250 train_time:1626.349s step_avg:600.79ms
step:2708/3250 train_time:1628.651s step_avg:601.42ms
step:2709/3250 train_time:1630.950s step_avg:602.05ms
step:2710/3250 train_time:1633.247s step_avg:602.67ms
step:2711/3250 train_time:1635.540s step_avg:603.30ms
step:2712/3250 train_time:1637.869s step_avg:603.93ms
step:2713/3250 train_time:1640.169s step_avg:604.56ms
step:2714/3250 train_time:1642.465s step_avg:605.18ms
step:2715/3250 train_time:1644.760s step_avg:605.80ms
step:2716/3250 train_time:1647.052s step_avg:606.43ms
step:2717/3250 train_time:1649.351s step_avg:607.05ms
step:2718/3250 train_time:1651.649s step_avg:607.67ms
step:2719/3250 train_time:1653.947s step_avg:608.29ms
step:2720/3250 train_time:1656.244s step_avg:608.91ms
step:2721/3250 train_time:1658.536s step_avg:609.53ms
step:2722/3250 train_time:1660.831s step_avg:610.15ms
step:2723/3250 train_time:1663.169s step_avg:610.79ms
step:2724/3250 train_time:1665.465s step_avg:611.40ms
step:2725/3250 train_time:1667.762s step_avg:612.02ms
step:2726/3250 train_time:1670.053s step_avg:612.64ms
step:2727/3250 train_time:1672.346s step_avg:613.25ms
step:2728/3250 train_time:1674.640s step_avg:613.87ms
step:2729/3250 train_time:1676.930s step_avg:614.49ms
step:2730/3250 train_time:1679.228s step_avg:615.10ms
step:2731/3250 train_time:1681.522s step_avg:615.72ms
step:2732/3250 train_time:1683.812s step_avg:616.33ms
step:2733/3250 train_time:1686.110s step_avg:616.94ms
step:2734/3250 train_time:1688.463s step_avg:617.58ms
step:2735/3250 train_time:1690.756s step_avg:618.19ms
step:2736/3250 train_time:1693.052s step_avg:618.81ms
step:2737/3250 train_time:1695.347s step_avg:619.42ms
step:2738/3250 train_time:1697.643s step_avg:620.03ms
step:2739/3250 train_time:1699.936s step_avg:620.64ms
step:2740/3250 train_time:1702.228s step_avg:621.25ms
step:2741/3250 train_time:1704.525s step_avg:621.86ms
step:2742/3250 train_time:1706.817s step_avg:622.47ms
step:2743/3250 train_time:1709.108s step_avg:623.08ms
step:2744/3250 train_time:1711.409s step_avg:623.69ms
step:2745/3250 train_time:1713.758s step_avg:624.32ms
step:2746/3250 train_time:1716.055s step_avg:624.93ms
step:2747/3250 train_time:1718.352s step_avg:625.54ms
step:2748/3250 train_time:1720.652s step_avg:626.15ms
step:2749/3250 train_time:1722.953s step_avg:626.76ms
step:2750/3250 train_time:1725.250s step_avg:627.36ms
step:2750/3250 val_loss:3.17362 train_time:1725.261s step_avg:2299.32ms
step:2751/3250 train_time:1728.239s step_avg:628.22ms
ARM_EXIT=0 req029_b16x_mu0_s0
