W0831 17:27:36.606000 11107 torch/distributed/run.py:852] 
W0831 17:27:36.606000 11107 torch/distributed/run.py:852] *****************************************
W0831 17:27:36.606000 11107 torch/distributed/run.py:852] Setting OMP_NUM_THREADS environment variable for each process to be 1 in default, to avoid your system being overloaded, please further tune the variable for optimal performance in your application as needed. 
W0831 17:27:36.606000 11107 torch/distributed/run.py:852] *****************************************
logs/df39e35b-41d3-422c-97bb-f2b409859aae.txt
resumed training state from step 2000 in eos_shared_state, skipped 250 batches
step:0/3250 val_loss:3.44428 train_time:0.001s step_avg:nanms
step:2001/3250 train_time:3.572s step_avg:1.79ms
step:2002/3250 train_time:4.714s step_avg:2.35ms
step:2003/3250 train_time:5.871s step_avg:2.93ms
step:2004/3250 train_time:7.061s step_avg:3.52ms
step:2005/3250 train_time:8.212s step_avg:4.10ms
step:2006/3250 train_time:9.366s step_avg:4.67ms
step:2007/3250 train_time:10.510s step_avg:5.24ms
step:2008/3250 train_time:11.657s step_avg:5.81ms
step:2009/3250 train_time:12.801s step_avg:6.37ms
step:2010/3250 train_time:13.947s step_avg:6.94ms
step:2011/3250 train_time:15.091s step_avg:7.50ms
step:2012/3250 train_time:16.239s step_avg:8.07ms
step:2013/3250 train_time:17.383s step_avg:8.64ms
step:2014/3250 train_time:18.529s step_avg:9.20ms
step:2015/3250 train_time:19.675s step_avg:9.76ms
step:2016/3250 train_time:20.825s step_avg:10.33ms
step:2017/3250 train_time:21.972s step_avg:10.89ms
step:2018/3250 train_time:23.125s step_avg:11.46ms
step:2019/3250 train_time:24.274s step_avg:12.02ms
step:2020/3250 train_time:25.427s step_avg:12.59ms
step:2021/3250 train_time:26.575s step_avg:13.15ms
step:2022/3250 train_time:27.722s step_avg:13.71ms
step:2023/3250 train_time:28.876s step_avg:14.27ms
step:2024/3250 train_time:30.026s step_avg:14.84ms
step:2025/3250 train_time:31.176s step_avg:15.40ms
step:2026/3250 train_time:32.332s step_avg:15.96ms
step:2027/3250 train_time:33.524s step_avg:16.54ms
step:2028/3250 train_time:34.674s step_avg:17.10ms
step:2029/3250 train_time:35.827s step_avg:17.66ms
step:2030/3250 train_time:36.973s step_avg:18.21ms
step:2031/3250 train_time:38.126s step_avg:18.77ms
step:2032/3250 train_time:39.272s step_avg:19.33ms
step:2033/3250 train_time:40.426s step_avg:19.88ms
step:2034/3250 train_time:41.574s step_avg:20.44ms
step:2035/3250 train_time:42.725s step_avg:20.99ms
step:2036/3250 train_time:43.873s step_avg:21.55ms
step:2037/3250 train_time:45.024s step_avg:22.10ms
step:2038/3250 train_time:46.174s step_avg:22.66ms
step:2039/3250 train_time:47.324s step_avg:23.21ms
step:2040/3250 train_time:48.474s step_avg:23.76ms
step:2041/3250 train_time:49.627s step_avg:24.32ms
step:2042/3250 train_time:50.776s step_avg:24.87ms
step:2043/3250 train_time:51.930s step_avg:25.42ms
step:2044/3250 train_time:53.078s step_avg:25.97ms
step:2045/3250 train_time:54.230s step_avg:26.52ms
step:2046/3250 train_time:55.380s step_avg:27.07ms
step:2047/3250 train_time:56.532s step_avg:27.62ms
step:2048/3250 train_time:57.686s step_avg:28.17ms
step:2049/3250 train_time:58.835s step_avg:28.71ms
step:2050/3250 train_time:60.026s step_avg:29.28ms
step:2051/3250 train_time:61.173s step_avg:29.83ms
step:2052/3250 train_time:62.327s step_avg:30.37ms
step:2053/3250 train_time:63.475s step_avg:30.92ms
step:2054/3250 train_time:64.625s step_avg:31.46ms
step:2055/3250 train_time:65.773s step_avg:32.01ms
step:2056/3250 train_time:66.925s step_avg:32.55ms
step:2057/3250 train_time:68.074s step_avg:33.09ms
step:2058/3250 train_time:69.227s step_avg:33.64ms
step:2059/3250 train_time:70.377s step_avg:34.18ms
step:2060/3250 train_time:71.530s step_avg:34.72ms
step:2061/3250 train_time:72.681s step_avg:35.26ms
step:2062/3250 train_time:73.834s step_avg:35.81ms
step:2063/3250 train_time:74.984s step_avg:36.35ms
step:2064/3250 train_time:76.133s step_avg:36.89ms
step:2065/3250 train_time:77.283s step_avg:37.43ms
step:2066/3250 train_time:78.433s step_avg:37.96ms
step:2067/3250 train_time:79.584s step_avg:38.50ms
step:2068/3250 train_time:80.734s step_avg:39.04ms
step:2069/3250 train_time:81.886s step_avg:39.58ms
step:2070/3250 train_time:83.035s step_avg:40.11ms
step:2071/3250 train_time:84.187s step_avg:40.65ms
step:2072/3250 train_time:85.331s step_avg:41.18ms
step:2073/3250 train_time:86.522s step_avg:41.74ms
step:2074/3250 train_time:87.673s step_avg:42.27ms
step:2075/3250 train_time:88.825s step_avg:42.81ms
step:2076/3250 train_time:89.973s step_avg:43.34ms
step:2077/3250 train_time:91.125s step_avg:43.87ms
step:2078/3250 train_time:92.272s step_avg:44.40ms
step:2079/3250 train_time:93.427s step_avg:44.94ms
step:2080/3250 train_time:94.575s step_avg:45.47ms
step:2081/3250 train_time:95.727s step_avg:46.00ms
step:2082/3250 train_time:96.873s step_avg:46.53ms
step:2083/3250 train_time:98.025s step_avg:47.06ms
step:2084/3250 train_time:99.173s step_avg:47.59ms
step:2085/3250 train_time:100.326s step_avg:48.12ms
step:2086/3250 train_time:101.474s step_avg:48.65ms
step:2087/3250 train_time:102.628s step_avg:49.17ms
step:2088/3250 train_time:103.777s step_avg:49.70ms
step:2089/3250 train_time:104.932s step_avg:50.23ms
step:2090/3250 train_time:106.084s step_avg:50.76ms
step:2091/3250 train_time:107.235s step_avg:51.28ms
step:2092/3250 train_time:108.386s step_avg:51.81ms
step:2093/3250 train_time:109.535s step_avg:52.33ms
step:2094/3250 train_time:110.686s step_avg:52.86ms
step:2095/3250 train_time:111.832s step_avg:53.38ms
step:2096/3250 train_time:113.025s step_avg:53.92ms
step:2097/3250 train_time:114.172s step_avg:54.45ms
step:2098/3250 train_time:115.327s step_avg:54.97ms
step:2099/3250 train_time:116.475s step_avg:55.49ms
step:2100/3250 train_time:117.627s step_avg:56.01ms
step:2101/3250 train_time:118.778s step_avg:56.53ms
step:2102/3250 train_time:119.932s step_avg:57.06ms
step:2103/3250 train_time:121.081s step_avg:57.58ms
step:2104/3250 train_time:122.232s step_avg:58.10ms
step:2105/3250 train_time:123.389s step_avg:58.62ms
step:2106/3250 train_time:124.539s step_avg:59.14ms
step:2107/3250 train_time:125.693s step_avg:59.65ms
step:2108/3250 train_time:126.843s step_avg:60.17ms
step:2109/3250 train_time:127.994s step_avg:60.69ms
step:2110/3250 train_time:129.146s step_avg:61.21ms
step:2111/3250 train_time:130.295s step_avg:61.72ms
step:2112/3250 train_time:131.446s step_avg:62.24ms
step:2113/3250 train_time:132.595s step_avg:62.75ms
step:2114/3250 train_time:133.747s step_avg:63.27ms
step:2115/3250 train_time:134.895s step_avg:63.78ms
step:2116/3250 train_time:136.048s step_avg:64.29ms
step:2117/3250 train_time:137.199s step_avg:64.81ms
step:2118/3250 train_time:138.347s step_avg:65.32ms
step:2119/3250 train_time:139.533s step_avg:65.85ms
step:2120/3250 train_time:140.686s step_avg:66.36ms
step:2121/3250 train_time:141.834s step_avg:66.87ms
step:2122/3250 train_time:142.985s step_avg:67.38ms
step:2123/3250 train_time:144.134s step_avg:67.89ms
step:2124/3250 train_time:145.287s step_avg:68.40ms
step:2125/3250 train_time:146.435s step_avg:68.91ms
step:2125/3250 val_loss:3.32346 train_time:146.447s step_avg:68.92ms
step:2126/3250 train_time:147.589s step_avg:69.42ms
step:2127/3250 train_time:148.741s step_avg:69.93ms
step:2128/3250 train_time:149.895s step_avg:70.44ms
step:2129/3250 train_time:151.045s step_avg:70.95ms
step:2130/3250 train_time:152.199s step_avg:71.46ms
step:2131/3250 train_time:153.351s step_avg:71.96ms
step:2132/3250 train_time:154.502s step_avg:72.47ms
step:2133/3250 train_time:155.656s step_avg:72.98ms
step:2134/3250 train_time:156.807s step_avg:73.48ms
step:2135/3250 train_time:157.958s step_avg:73.99ms
step:2136/3250 train_time:159.109s step_avg:74.49ms
step:2137/3250 train_time:160.260s step_avg:74.99ms
step:2138/3250 train_time:161.411s step_avg:75.50ms
step:2139/3250 train_time:162.562s step_avg:76.00ms
step:2140/3250 train_time:163.713s step_avg:76.50ms
step:2141/3250 train_time:164.863s step_avg:77.00ms
step:2142/3250 train_time:166.060s step_avg:77.53ms
step:2143/3250 train_time:167.210s step_avg:78.03ms
step:2144/3250 train_time:168.362s step_avg:78.53ms
step:2145/3250 train_time:169.514s step_avg:79.03ms
step:2146/3250 train_time:170.663s step_avg:79.53ms
step:2147/3250 train_time:171.814s step_avg:80.03ms
step:2148/3250 train_time:172.963s step_avg:80.52ms
step:2149/3250 train_time:174.113s step_avg:81.02ms
step:2150/3250 train_time:175.261s step_avg:81.52ms
step:2151/3250 train_time:176.413s step_avg:82.01ms
step:2152/3250 train_time:177.562s step_avg:82.51ms
step:2153/3250 train_time:178.715s step_avg:83.01ms
step:2154/3250 train_time:179.863s step_avg:83.50ms
step:2155/3250 train_time:181.013s step_avg:84.00ms
step:2156/3250 train_time:182.163s step_avg:84.49ms
step:2157/3250 train_time:183.317s step_avg:84.99ms
step:2158/3250 train_time:184.465s step_avg:85.48ms
step:2159/3250 train_time:185.620s step_avg:85.97ms
step:2160/3250 train_time:186.769s step_avg:86.47ms
step:2161/3250 train_time:187.922s step_avg:86.96ms
step:2162/3250 train_time:189.073s step_avg:87.45ms
step:2163/3250 train_time:190.224s step_avg:87.94ms
step:2164/3250 train_time:191.376s step_avg:88.44ms
step:2165/3250 train_time:192.568s step_avg:88.95ms
step:2166/3250 train_time:193.718s step_avg:89.44ms
step:2167/3250 train_time:194.869s step_avg:89.93ms
step:2168/3250 train_time:196.021s step_avg:90.42ms
step:2169/3250 train_time:197.174s step_avg:90.91ms
step:2170/3250 train_time:198.324s step_avg:91.39ms
step:2171/3250 train_time:199.474s step_avg:91.88ms
step:2172/3250 train_time:200.623s step_avg:92.37ms
step:2173/3250 train_time:201.774s step_avg:92.86ms
step:2174/3250 train_time:202.923s step_avg:93.34ms
step:2175/3250 train_time:204.072s step_avg:93.83ms
step:2176/3250 train_time:205.223s step_avg:94.31ms
step:2177/3250 train_time:206.375s step_avg:94.80ms
step:2178/3250 train_time:207.525s step_avg:95.28ms
step:2179/3250 train_time:208.676s step_avg:95.77ms
step:2180/3250 train_time:209.827s step_avg:96.25ms
step:2181/3250 train_time:210.979s step_avg:96.74ms
step:2182/3250 train_time:212.130s step_avg:97.22ms
step:2183/3250 train_time:213.280s step_avg:97.70ms
step:2184/3250 train_time:214.433s step_avg:98.18ms
step:2185/3250 train_time:215.582s step_avg:98.66ms
step:2186/3250 train_time:216.735s step_avg:99.15ms
step:2187/3250 train_time:217.883s step_avg:99.63ms
step:2188/3250 train_time:219.073s step_avg:100.12ms
step:2189/3250 train_time:220.224s step_avg:100.60ms
step:2190/3250 train_time:221.376s step_avg:101.08ms
step:2191/3250 train_time:222.524s step_avg:101.56ms
step:2192/3250 train_time:223.676s step_avg:102.04ms
step:2193/3250 train_time:224.824s step_avg:102.52ms
step:2194/3250 train_time:225.976s step_avg:103.00ms
step:2195/3250 train_time:227.126s step_avg:103.47ms
step:2196/3250 train_time:228.274s step_avg:103.95ms
step:2197/3250 train_time:229.425s step_avg:104.43ms
step:2198/3250 train_time:230.575s step_avg:104.90ms
step:2199/3250 train_time:231.725s step_avg:105.38ms
step:2200/3250 train_time:232.880s step_avg:105.85ms
step:2201/3250 train_time:234.032s step_avg:106.33ms
step:2202/3250 train_time:235.183s step_avg:106.80ms
step:2203/3250 train_time:236.335s step_avg:107.28ms
step:2204/3250 train_time:237.483s step_avg:107.75ms
step:2205/3250 train_time:238.636s step_avg:108.22ms
step:2206/3250 train_time:239.783s step_avg:108.70ms
step:2207/3250 train_time:240.936s step_avg:109.17ms
step:2208/3250 train_time:242.086s step_avg:109.64ms
step:2209/3250 train_time:243.240s step_avg:110.11ms
step:2210/3250 train_time:244.393s step_avg:110.59ms
step:2211/3250 train_time:245.583s step_avg:111.07ms
step:2212/3250 train_time:246.736s step_avg:111.54ms
step:2213/3250 train_time:247.884s step_avg:112.01ms
step:2214/3250 train_time:249.040s step_avg:112.48ms
step:2215/3250 train_time:250.191s step_avg:112.95ms
step:2216/3250 train_time:251.342s step_avg:113.42ms
step:2217/3250 train_time:252.497s step_avg:113.89ms
step:2218/3250 train_time:253.648s step_avg:114.36ms
step:2219/3250 train_time:254.801s step_avg:114.83ms
step:2220/3250 train_time:255.952s step_avg:115.29ms
step:2221/3250 train_time:257.103s step_avg:115.76ms
step:2222/3250 train_time:258.258s step_avg:116.23ms
step:2223/3250 train_time:259.406s step_avg:116.69ms
step:2224/3250 train_time:260.560s step_avg:117.16ms
step:2225/3250 train_time:261.713s step_avg:117.62ms
step:2226/3250 train_time:262.863s step_avg:118.09ms
step:2227/3250 train_time:264.016s step_avg:118.55ms
step:2228/3250 train_time:265.165s step_avg:119.01ms
step:2229/3250 train_time:266.317s step_avg:119.48ms
step:2230/3250 train_time:267.466s step_avg:119.94ms
step:2231/3250 train_time:268.620s step_avg:120.40ms
step:2232/3250 train_time:269.770s step_avg:120.86ms
step:2233/3250 train_time:270.921s step_avg:121.33ms
step:2234/3250 train_time:272.111s step_avg:121.80ms
step:2235/3250 train_time:273.264s step_avg:122.27ms
step:2236/3250 train_time:274.416s step_avg:122.73ms
step:2237/3250 train_time:275.563s step_avg:123.18ms
step:2238/3250 train_time:276.717s step_avg:123.64ms
step:2239/3250 train_time:277.867s step_avg:124.10ms
step:2240/3250 train_time:279.020s step_avg:124.56ms
step:2241/3250 train_time:280.169s step_avg:125.02ms
step:2242/3250 train_time:281.318s step_avg:125.48ms
step:2243/3250 train_time:282.469s step_avg:125.93ms
step:2244/3250 train_time:283.622s step_avg:126.39ms
step:2245/3250 train_time:284.771s step_avg:126.85ms
step:2246/3250 train_time:285.921s step_avg:127.30ms
step:2247/3250 train_time:287.071s step_avg:127.76ms
step:2248/3250 train_time:288.219s step_avg:128.21ms
step:2249/3250 train_time:289.369s step_avg:128.67ms
step:2250/3250 train_time:290.518s step_avg:129.12ms
step:2250/3250 val_loss:3.28720 train_time:290.530s step_avg:1152.66ms
step:2251/3250 train_time:291.674s step_avg:129.58ms
step:2252/3250 train_time:292.828s step_avg:130.03ms
step:2253/3250 train_time:293.977s step_avg:130.48ms
step:2254/3250 train_time:295.129s step_avg:130.94ms
step:2255/3250 train_time:296.279s step_avg:131.39ms
step:2256/3250 train_time:297.432s step_avg:131.84ms
step:2257/3250 train_time:298.630s step_avg:132.31ms
step:2258/3250 train_time:299.780s step_avg:132.76ms
step:2259/3250 train_time:300.931s step_avg:133.21ms
step:2260/3250 train_time:302.085s step_avg:133.67ms
step:2261/3250 train_time:303.237s step_avg:134.12ms
step:2262/3250 train_time:304.394s step_avg:134.57ms
step:2263/3250 train_time:305.545s step_avg:135.02ms
step:2264/3250 train_time:306.694s step_avg:135.47ms
step:2265/3250 train_time:307.847s step_avg:135.91ms
step:2266/3250 train_time:308.995s step_avg:136.36ms
step:2267/3250 train_time:310.147s step_avg:136.81ms
step:2268/3250 train_time:311.295s step_avg:137.26ms
step:2269/3250 train_time:312.449s step_avg:137.70ms
step:2270/3250 train_time:313.599s step_avg:138.15ms
step:2271/3250 train_time:314.751s step_avg:138.60ms
step:2272/3250 train_time:315.905s step_avg:139.04ms
step:2273/3250 train_time:317.058s step_avg:139.49ms
step:2274/3250 train_time:318.218s step_avg:139.94ms
step:2275/3250 train_time:319.375s step_avg:140.38ms
step:2276/3250 train_time:320.533s step_avg:140.83ms
step:2277/3250 train_time:321.685s step_avg:141.28ms
step:2278/3250 train_time:322.836s step_avg:141.72ms
step:2279/3250 train_time:323.988s step_avg:142.16ms
step:2280/3250 train_time:325.181s step_avg:142.62ms
step:2281/3250 train_time:326.334s step_avg:143.07ms
step:2282/3250 train_time:327.485s step_avg:143.51ms
step:2283/3250 train_time:328.634s step_avg:143.95ms
step:2284/3250 train_time:329.787s step_avg:144.39ms
step:2285/3250 train_time:330.938s step_avg:144.83ms
step:2286/3250 train_time:332.089s step_avg:145.27ms
step:2287/3250 train_time:333.238s step_avg:145.71ms
step:2288/3250 train_time:334.393s step_avg:146.15ms
step:2289/3250 train_time:335.543s step_avg:146.59ms
step:2290/3250 train_time:336.696s step_avg:147.03ms
step:2291/3250 train_time:337.848s step_avg:147.47ms
step:2292/3250 train_time:338.995s step_avg:147.90ms
step:2293/3250 train_time:340.149s step_avg:148.34ms
step:2294/3250 train_time:341.299s step_avg:148.78ms
step:2295/3250 train_time:342.451s step_avg:149.22ms
step:2296/3250 train_time:343.599s step_avg:149.65ms
step:2297/3250 train_time:344.751s step_avg:150.09ms
step:2298/3250 train_time:345.902s step_avg:150.52ms
step:2299/3250 train_time:347.054s step_avg:150.96ms
step:2300/3250 train_time:348.203s step_avg:151.39ms
step:2301/3250 train_time:349.353s step_avg:151.83ms
step:2302/3250 train_time:350.503s step_avg:152.26ms
step:2303/3250 train_time:351.693s step_avg:152.71ms
step:2304/3250 train_time:352.842s step_avg:153.14ms
step:2305/3250 train_time:353.994s step_avg:153.58ms
step:2306/3250 train_time:355.146s step_avg:154.01ms
step:2307/3250 train_time:356.296s step_avg:154.44ms
step:2308/3250 train_time:357.448s step_avg:154.87ms
step:2309/3250 train_time:358.595s step_avg:155.30ms
step:2310/3250 train_time:359.745s step_avg:155.73ms
step:2311/3250 train_time:360.895s step_avg:156.16ms
step:2312/3250 train_time:362.044s step_avg:156.59ms
step:2313/3250 train_time:363.195s step_avg:157.02ms
step:2314/3250 train_time:364.347s step_avg:157.45ms
step:2315/3250 train_time:365.495s step_avg:157.88ms
step:2316/3250 train_time:366.647s step_avg:158.31ms
step:2317/3250 train_time:367.799s step_avg:158.74ms
step:2318/3250 train_time:368.953s step_avg:159.17ms
step:2319/3250 train_time:370.105s step_avg:159.60ms
step:2320/3250 train_time:371.256s step_avg:160.02ms
step:2321/3250 train_time:372.408s step_avg:160.45ms
step:2322/3250 train_time:373.558s step_avg:160.88ms
step:2323/3250 train_time:374.710s step_avg:161.30ms
step:2324/3250 train_time:375.861s step_avg:161.73ms
step:2325/3250 train_time:377.011s step_avg:162.16ms
step:2326/3250 train_time:378.206s step_avg:162.60ms
step:2327/3250 train_time:379.352s step_avg:163.02ms
step:2328/3250 train_time:380.505s step_avg:163.45ms
step:2329/3250 train_time:381.656s step_avg:163.87ms
step:2330/3250 train_time:382.809s step_avg:164.30ms
step:2331/3250 train_time:383.960s step_avg:164.72ms
step:2332/3250 train_time:385.110s step_avg:165.14ms
step:2333/3250 train_time:386.261s step_avg:165.56ms
step:2334/3250 train_time:387.412s step_avg:165.99ms
step:2335/3250 train_time:388.564s step_avg:166.41ms
step:2336/3250 train_time:389.718s step_avg:166.83ms
step:2337/3250 train_time:390.870s step_avg:167.25ms
step:2338/3250 train_time:392.020s step_avg:167.67ms
step:2339/3250 train_time:393.173s step_avg:168.09ms
step:2340/3250 train_time:394.325s step_avg:168.51ms
step:2341/3250 train_time:395.473s step_avg:168.93ms
step:2342/3250 train_time:396.625s step_avg:169.35ms
step:2343/3250 train_time:397.778s step_avg:169.77ms
step:2344/3250 train_time:398.934s step_avg:170.19ms
step:2345/3250 train_time:400.087s step_avg:170.61ms
step:2346/3250 train_time:401.235s step_avg:171.03ms
step:2347/3250 train_time:402.388s step_avg:171.45ms
step:2348/3250 train_time:403.538s step_avg:171.86ms
step:2349/3250 train_time:404.735s step_avg:172.30ms
step:2350/3250 train_time:405.892s step_avg:172.72ms
step:2351/3250 train_time:407.045s step_avg:173.14ms
step:2352/3250 train_time:408.195s step_avg:173.55ms
step:2353/3250 train_time:409.347s step_avg:173.97ms
step:2354/3250 train_time:410.496s step_avg:174.38ms
step:2355/3250 train_time:411.649s step_avg:174.80ms
step:2356/3250 train_time:412.798s step_avg:175.21ms
step:2357/3250 train_time:413.955s step_avg:175.63ms
step:2358/3250 train_time:415.106s step_avg:176.04ms
step:2359/3250 train_time:416.258s step_avg:176.46ms
step:2360/3250 train_time:417.410s step_avg:176.87ms
step:2361/3250 train_time:418.561s step_avg:177.28ms
step:2362/3250 train_time:419.713s step_avg:177.69ms
step:2363/3250 train_time:420.864s step_avg:178.11ms
step:2364/3250 train_time:422.013s step_avg:178.52ms
step:2365/3250 train_time:423.164s step_avg:178.93ms
step:2366/3250 train_time:424.315s step_avg:179.34ms
step:2367/3250 train_time:425.469s step_avg:179.75ms
step:2368/3250 train_time:426.616s step_avg:180.16ms
step:2369/3250 train_time:427.770s step_avg:180.57ms
step:2370/3250 train_time:428.919s step_avg:180.98ms
step:2371/3250 train_time:430.070s step_avg:181.39ms
step:2372/3250 train_time:431.269s step_avg:181.82ms
step:2373/3250 train_time:432.418s step_avg:182.22ms
step:2374/3250 train_time:433.574s step_avg:182.63ms
step:2375/3250 train_time:434.726s step_avg:183.04ms
step:2375/3250 val_loss:3.26143 train_time:434.738s step_avg:1153.67ms
step:2376/3250 train_time:435.882s step_avg:183.45ms
step:2377/3250 train_time:437.033s step_avg:183.86ms
step:2378/3250 train_time:438.187s step_avg:184.27ms
step:2379/3250 train_time:439.342s step_avg:184.68ms
step:2380/3250 train_time:440.497s step_avg:185.08ms
step:2381/3250 train_time:441.649s step_avg:185.49ms
step:2382/3250 train_time:442.805s step_avg:185.90ms
step:2383/3250 train_time:443.964s step_avg:186.30ms
step:2384/3250 train_time:445.120s step_avg:186.71ms
step:2385/3250 train_time:446.275s step_avg:187.12ms
step:2386/3250 train_time:447.427s step_avg:187.52ms
step:2387/3250 train_time:448.586s step_avg:187.93ms
step:2388/3250 train_time:449.744s step_avg:188.34ms
step:2389/3250 train_time:450.901s step_avg:188.74ms
step:2390/3250 train_time:452.057s step_avg:189.14ms
step:2391/3250 train_time:453.207s step_avg:189.55ms
step:2392/3250 train_time:454.365s step_avg:189.95ms
step:2393/3250 train_time:455.524s step_avg:190.36ms
step:2394/3250 train_time:456.682s step_avg:190.76ms
step:2395/3250 train_time:457.881s step_avg:191.18ms
step:2396/3250 train_time:459.032s step_avg:191.58ms
step:2397/3250 train_time:460.188s step_avg:191.99ms
step:2398/3250 train_time:461.346s step_avg:192.39ms
step:2399/3250 train_time:462.505s step_avg:192.79ms
step:2400/3250 train_time:463.662s step_avg:193.19ms
step:2401/3250 train_time:464.818s step_avg:193.59ms
step:2402/3250 train_time:465.974s step_avg:193.99ms
step:2403/3250 train_time:467.129s step_avg:194.39ms
step:2404/3250 train_time:468.286s step_avg:194.79ms
step:2405/3250 train_time:469.443s step_avg:195.19ms
step:2406/3250 train_time:470.600s step_avg:195.59ms
step:2407/3250 train_time:471.752s step_avg:195.99ms
step:2408/3250 train_time:472.908s step_avg:196.39ms
step:2409/3250 train_time:474.065s step_avg:196.79ms
step:2410/3250 train_time:475.221s step_avg:197.19ms
step:2411/3250 train_time:476.377s step_avg:197.58ms
step:2412/3250 train_time:477.530s step_avg:197.98ms
step:2413/3250 train_time:478.684s step_avg:198.38ms
step:2414/3250 train_time:479.840s step_avg:198.77ms
step:2415/3250 train_time:480.994s step_avg:199.17ms
step:2416/3250 train_time:482.148s step_avg:199.56ms
step:2417/3250 train_time:483.304s step_avg:199.96ms
step:2418/3250 train_time:484.505s step_avg:200.37ms
step:2419/3250 train_time:485.666s step_avg:200.77ms
step:2420/3250 train_time:486.824s step_avg:201.17ms
step:2421/3250 train_time:487.983s step_avg:201.56ms
step:2422/3250 train_time:489.133s step_avg:201.95ms
step:2423/3250 train_time:490.285s step_avg:202.35ms
step:2424/3250 train_time:491.436s step_avg:202.74ms
step:2425/3250 train_time:492.586s step_avg:203.13ms
step:2426/3250 train_time:493.735s step_avg:203.52ms
step:2427/3250 train_time:494.886s step_avg:203.91ms
step:2428/3250 train_time:496.038s step_avg:204.30ms
step:2429/3250 train_time:497.189s step_avg:204.69ms
step:2430/3250 train_time:498.348s step_avg:205.08ms
step:2431/3250 train_time:499.504s step_avg:205.47ms
step:2432/3250 train_time:500.661s step_avg:205.86ms
step:2433/3250 train_time:501.817s step_avg:206.25ms
step:2434/3250 train_time:502.969s step_avg:206.64ms
step:2435/3250 train_time:504.126s step_avg:207.03ms
step:2436/3250 train_time:505.285s step_avg:207.42ms
step:2437/3250 train_time:506.441s step_avg:207.81ms
step:2438/3250 train_time:507.596s step_avg:208.20ms
step:2439/3250 train_time:508.751s step_avg:208.59ms
step:2440/3250 train_time:509.906s step_avg:208.98ms
step:2441/3250 train_time:511.106s step_avg:209.38ms
step:2442/3250 train_time:512.264s step_avg:209.77ms
step:2443/3250 train_time:513.422s step_avg:210.16ms
step:2444/3250 train_time:514.576s step_avg:210.55ms
step:2445/3250 train_time:515.727s step_avg:210.93ms
step:2446/3250 train_time:516.885s step_avg:211.32ms
step:2447/3250 train_time:518.040s step_avg:211.70ms
step:2448/3250 train_time:519.195s step_avg:212.09ms
step:2449/3250 train_time:520.346s step_avg:212.47ms
step:2450/3250 train_time:521.503s step_avg:212.86ms
step:2451/3250 train_time:522.656s step_avg:213.24ms
step:2452/3250 train_time:523.810s step_avg:213.63ms
step:2453/3250 train_time:524.964s step_avg:214.01ms
step:2454/3250 train_time:526.125s step_avg:214.39ms
step:2455/3250 train_time:527.283s step_avg:214.78ms
step:2456/3250 train_time:528.436s step_avg:215.16ms
step:2457/3250 train_time:529.591s step_avg:215.54ms
step:2458/3250 train_time:530.745s step_avg:215.93ms
step:2459/3250 train_time:531.903s step_avg:216.31ms
step:2460/3250 train_time:533.058s step_avg:216.69ms
step:2461/3250 train_time:534.210s step_avg:217.07ms
step:2462/3250 train_time:535.364s step_avg:217.45ms
step:2463/3250 train_time:536.519s step_avg:217.83ms
step:2464/3250 train_time:537.709s step_avg:218.23ms
step:2465/3250 train_time:538.862s step_avg:218.61ms
step:2466/3250 train_time:540.014s step_avg:218.98ms
step:2467/3250 train_time:541.163s step_avg:219.36ms
step:2468/3250 train_time:542.316s step_avg:219.74ms
step:2469/3250 train_time:543.466s step_avg:220.12ms
step:2470/3250 train_time:544.620s step_avg:220.49ms
step:2471/3250 train_time:545.773s step_avg:220.87ms
step:2472/3250 train_time:546.924s step_avg:221.25ms
step:2473/3250 train_time:548.076s step_avg:221.62ms
step:2474/3250 train_time:549.227s step_avg:222.00ms
step:2475/3250 train_time:550.379s step_avg:222.38ms
step:2476/3250 train_time:551.529s step_avg:222.75ms
step:2477/3250 train_time:552.683s step_avg:223.13ms
step:2478/3250 train_time:553.834s step_avg:223.50ms
step:2479/3250 train_time:554.985s step_avg:223.87ms
step:2480/3250 train_time:556.138s step_avg:224.25ms
step:2481/3250 train_time:557.289s step_avg:224.62ms
step:2482/3250 train_time:558.444s step_avg:225.00ms
step:2483/3250 train_time:559.600s step_avg:225.37ms
step:2484/3250 train_time:560.752s step_avg:225.75ms
step:2485/3250 train_time:561.906s step_avg:226.12ms
step:2486/3250 train_time:563.061s step_avg:226.49ms
step:2487/3250 train_time:564.261s step_avg:226.88ms
step:2488/3250 train_time:565.417s step_avg:227.26ms
step:2489/3250 train_time:566.571s step_avg:227.63ms
step:2490/3250 train_time:567.726s step_avg:228.00ms
step:2491/3250 train_time:568.884s step_avg:228.38ms
step:2492/3250 train_time:570.039s step_avg:228.75ms
step:2493/3250 train_time:571.194s step_avg:229.12ms
step:2494/3250 train_time:572.348s step_avg:229.49ms
step:2495/3250 train_time:573.506s step_avg:229.86ms
step:2496/3250 train_time:574.660s step_avg:230.23ms
step:2497/3250 train_time:575.814s step_avg:230.60ms
step:2498/3250 train_time:576.968s step_avg:230.97ms
step:2499/3250 train_time:578.125s step_avg:231.34ms
step:2500/3250 train_time:579.281s step_avg:231.71ms
step:2500/3250 val_loss:3.24096 train_time:579.293s step_avg:1156.44ms
step:2501/3250 train_time:580.439s step_avg:232.08ms
step:2502/3250 train_time:581.592s step_avg:232.45ms
step:2503/3250 train_time:582.751s step_avg:232.82ms
step:2504/3250 train_time:583.907s step_avg:233.19ms
step:2505/3250 train_time:585.057s step_avg:233.56ms
step:2506/3250 train_time:586.215s step_avg:233.92ms
step:2507/3250 train_time:587.370s step_avg:234.29ms
step:2508/3250 train_time:588.524s step_avg:234.66ms
step:2509/3250 train_time:589.678s step_avg:235.03ms
step:2510/3250 train_time:590.870s step_avg:235.41ms
step:2511/3250 train_time:592.023s step_avg:235.77ms
step:2512/3250 train_time:593.177s step_avg:236.14ms
step:2513/3250 train_time:594.335s step_avg:236.50ms
step:2514/3250 train_time:595.493s step_avg:236.87ms
step:2515/3250 train_time:596.646s step_avg:237.24ms
step:2516/3250 train_time:597.794s step_avg:237.60ms
step:2517/3250 train_time:598.945s step_avg:237.96ms
step:2518/3250 train_time:600.095s step_avg:238.32ms
step:2519/3250 train_time:601.252s step_avg:238.69ms
step:2520/3250 train_time:602.406s step_avg:239.05ms
step:2521/3250 train_time:603.555s step_avg:239.41ms
step:2522/3250 train_time:604.705s step_avg:239.77ms
step:2523/3250 train_time:605.854s step_avg:240.13ms
step:2524/3250 train_time:607.006s step_avg:240.49ms
step:2525/3250 train_time:608.154s step_avg:240.85ms
step:2526/3250 train_time:609.307s step_avg:241.21ms
step:2527/3250 train_time:610.455s step_avg:241.57ms
step:2528/3250 train_time:611.605s step_avg:241.93ms
step:2529/3250 train_time:612.755s step_avg:242.29ms
step:2530/3250 train_time:613.908s step_avg:242.65ms
step:2531/3250 train_time:615.051s step_avg:243.01ms
step:2532/3250 train_time:616.204s step_avg:243.37ms
step:2533/3250 train_time:617.402s step_avg:243.74ms
step:2534/3250 train_time:618.554s step_avg:244.10ms
step:2535/3250 train_time:619.707s step_avg:244.46ms
step:2536/3250 train_time:620.858s step_avg:244.82ms
step:2537/3250 train_time:622.012s step_avg:245.18ms
step:2538/3250 train_time:623.162s step_avg:245.53ms
step:2539/3250 train_time:624.313s step_avg:245.89ms
step:2540/3250 train_time:625.466s step_avg:246.25ms
step:2541/3250 train_time:626.619s step_avg:246.60ms
step:2542/3250 train_time:627.774s step_avg:246.96ms
step:2543/3250 train_time:628.931s step_avg:247.32ms
step:2544/3250 train_time:630.083s step_avg:247.67ms
step:2545/3250 train_time:631.233s step_avg:248.03ms
step:2546/3250 train_time:632.389s step_avg:248.39ms
step:2547/3250 train_time:633.541s step_avg:248.74ms
step:2548/3250 train_time:634.697s step_avg:249.10ms
step:2549/3250 train_time:635.849s step_avg:249.45ms
step:2550/3250 train_time:637.001s step_avg:249.80ms
step:2551/3250 train_time:638.155s step_avg:250.16ms
step:2552/3250 train_time:639.309s step_avg:250.51ms
step:2553/3250 train_time:640.463s step_avg:250.87ms
step:2554/3250 train_time:641.613s step_avg:251.22ms
step:2555/3250 train_time:642.767s step_avg:251.57ms
step:2556/3250 train_time:643.960s step_avg:251.94ms
step:2557/3250 train_time:645.114s step_avg:252.29ms
step:2558/3250 train_time:646.268s step_avg:252.65ms
step:2559/3250 train_time:647.421s step_avg:253.00ms
step:2560/3250 train_time:648.573s step_avg:253.35ms
step:2561/3250 train_time:649.727s step_avg:253.70ms
step:2562/3250 train_time:650.878s step_avg:254.05ms
step:2563/3250 train_time:652.035s step_avg:254.40ms
step:2564/3250 train_time:653.189s step_avg:254.75ms
step:2565/3250 train_time:654.341s step_avg:255.10ms
step:2566/3250 train_time:655.493s step_avg:255.45ms
step:2567/3250 train_time:656.646s step_avg:255.80ms
step:2568/3250 train_time:657.797s step_avg:256.15ms
step:2569/3250 train_time:658.951s step_avg:256.50ms
step:2570/3250 train_time:660.106s step_avg:256.85ms
step:2571/3250 train_time:661.257s step_avg:257.20ms
step:2572/3250 train_time:662.410s step_avg:257.55ms
step:2573/3250 train_time:663.562s step_avg:257.89ms
step:2574/3250 train_time:664.713s step_avg:258.24ms
step:2575/3250 train_time:665.863s step_avg:258.59ms
step:2576/3250 train_time:667.013s step_avg:258.93ms
step:2577/3250 train_time:668.164s step_avg:259.28ms
step:2578/3250 train_time:669.317s step_avg:259.63ms
step:2579/3250 train_time:670.509s step_avg:259.99ms
step:2580/3250 train_time:671.659s step_avg:260.33ms
step:2581/3250 train_time:672.812s step_avg:260.68ms
step:2582/3250 train_time:673.963s step_avg:261.02ms
step:2583/3250 train_time:675.115s step_avg:261.37ms
step:2584/3250 train_time:676.268s step_avg:261.71ms
step:2585/3250 train_time:677.420s step_avg:262.06ms
step:2586/3250 train_time:678.573s step_avg:262.40ms
step:2587/3250 train_time:679.727s step_avg:262.75ms
step:2588/3250 train_time:680.877s step_avg:263.09ms
step:2589/3250 train_time:682.030s step_avg:263.43ms
step:2590/3250 train_time:683.179s step_avg:263.78ms
step:2591/3250 train_time:684.334s step_avg:264.12ms
step:2592/3250 train_time:685.487s step_avg:264.46ms
step:2593/3250 train_time:686.638s step_avg:264.80ms
step:2594/3250 train_time:687.789s step_avg:265.15ms
step:2595/3250 train_time:688.941s step_avg:265.49ms
step:2596/3250 train_time:690.091s step_avg:265.83ms
step:2597/3250 train_time:691.241s step_avg:266.17ms
step:2598/3250 train_time:692.391s step_avg:266.51ms
step:2599/3250 train_time:693.541s step_avg:266.85ms
step:2600/3250 train_time:694.690s step_avg:267.19ms
step:2601/3250 train_time:695.842s step_avg:267.53ms
step:2602/3250 train_time:697.033s step_avg:267.88ms
step:2603/3250 train_time:698.192s step_avg:268.23ms
step:2604/3250 train_time:699.346s step_avg:268.57ms
step:2605/3250 train_time:700.494s step_avg:268.90ms
step:2606/3250 train_time:701.651s step_avg:269.24ms
step:2607/3250 train_time:702.807s step_avg:269.58ms
step:2608/3250 train_time:703.959s step_avg:269.92ms
step:2609/3250 train_time:705.110s step_avg:270.26ms
step:2610/3250 train_time:706.263s step_avg:270.60ms
step:2611/3250 train_time:707.414s step_avg:270.94ms
step:2612/3250 train_time:708.567s step_avg:271.27ms
step:2613/3250 train_time:709.720s step_avg:271.61ms
step:2614/3250 train_time:710.872s step_avg:271.95ms
step:2615/3250 train_time:712.029s step_avg:272.29ms
step:2616/3250 train_time:713.181s step_avg:272.62ms
step:2617/3250 train_time:714.333s step_avg:272.96ms
step:2618/3250 train_time:715.490s step_avg:273.30ms
step:2619/3250 train_time:716.641s step_avg:273.63ms
step:2620/3250 train_time:717.793s step_avg:273.97ms
step:2621/3250 train_time:718.951s step_avg:274.30ms
step:2622/3250 train_time:720.106s step_avg:274.64ms
step:2623/3250 train_time:721.255s step_avg:274.97ms
step:2624/3250 train_time:722.408s step_avg:275.31ms
step:2625/3250 train_time:723.599s step_avg:275.66ms
step:2625/3250 val_loss:3.22168 train_time:723.611s step_avg:1154.54ms
step:2626/3250 train_time:724.759s step_avg:275.99ms
step:2627/3250 train_time:725.914s step_avg:276.33ms
step:2628/3250 train_time:727.065s step_avg:276.66ms
step:2629/3250 train_time:728.218s step_avg:276.99ms
step:2630/3250 train_time:729.371s step_avg:277.33ms
step:2631/3250 train_time:730.523s step_avg:277.66ms
step:2632/3250 train_time:731.673s step_avg:277.99ms
step:2633/3250 train_time:732.824s step_avg:278.32ms
step:2634/3250 train_time:733.982s step_avg:278.66ms
step:2635/3250 train_time:735.133s step_avg:278.99ms
step:2636/3250 train_time:736.284s step_avg:279.32ms
step:2637/3250 train_time:737.439s step_avg:279.65ms
step:2638/3250 train_time:738.591s step_avg:279.98ms
step:2639/3250 train_time:739.743s step_avg:280.31ms
step:2640/3250 train_time:740.894s step_avg:280.64ms
step:2641/3250 train_time:742.041s step_avg:280.97ms
step:2642/3250 train_time:743.191s step_avg:281.30ms
step:2643/3250 train_time:744.340s step_avg:281.63ms
step:2644/3250 train_time:745.489s step_avg:281.95ms
step:2645/3250 train_time:746.638s step_avg:282.28ms
step:2646/3250 train_time:747.790s step_avg:282.61ms
step:2647/3250 train_time:748.942s step_avg:282.94ms
step:2648/3250 train_time:750.140s step_avg:283.29ms
step:2649/3250 train_time:751.289s step_avg:283.61ms
step:2650/3250 train_time:752.438s step_avg:283.94ms
step:2651/3250 train_time:753.589s step_avg:284.27ms
step:2652/3250 train_time:754.739s step_avg:284.59ms
step:2653/3250 train_time:755.887s step_avg:284.92ms
step:2654/3250 train_time:757.042s step_avg:285.25ms
step:2655/3250 train_time:758.194s step_avg:285.57ms
step:2656/3250 train_time:759.343s step_avg:285.90ms
step:2657/3250 train_time:760.496s step_avg:286.22ms
step:2658/3250 train_time:761.644s step_avg:286.55ms
step:2659/3250 train_time:762.796s step_avg:286.87ms
step:2660/3250 train_time:763.947s step_avg:287.20ms
step:2661/3250 train_time:765.099s step_avg:287.52ms
step:2662/3250 train_time:766.252s step_avg:287.85ms
step:2663/3250 train_time:767.401s step_avg:288.17ms
step:2664/3250 train_time:768.556s step_avg:288.50ms
step:2665/3250 train_time:769.705s step_avg:288.82ms
step:2666/3250 train_time:770.861s step_avg:289.15ms
step:2667/3250 train_time:772.012s step_avg:289.47ms
step:2668/3250 train_time:773.163s step_avg:289.79ms
step:2669/3250 train_time:774.317s step_avg:290.12ms
step:2670/3250 train_time:775.470s step_avg:290.44ms
step:2671/3250 train_time:776.664s step_avg:290.78ms
step:2672/3250 train_time:777.818s step_avg:291.10ms
step:2673/3250 train_time:778.968s step_avg:291.42ms
step:2674/3250 train_time:780.122s step_avg:291.74ms
step:2675/3250 train_time:781.275s step_avg:292.07ms
step:2676/3250 train_time:782.424s step_avg:292.39ms
step:2677/3250 train_time:783.578s step_avg:292.71ms
step:2678/3250 train_time:784.730s step_avg:293.03ms
step:2679/3250 train_time:785.883s step_avg:293.35ms
step:2680/3250 train_time:787.040s step_avg:293.67ms
step:2681/3250 train_time:788.190s step_avg:293.99ms
step:2682/3250 train_time:789.341s step_avg:294.31ms
step:2683/3250 train_time:790.491s step_avg:294.63ms
step:2684/3250 train_time:791.644s step_avg:294.95ms
step:2685/3250 train_time:792.796s step_avg:295.27ms
step:2686/3250 train_time:793.946s step_avg:295.59ms
step:2687/3250 train_time:795.096s step_avg:295.90ms
step:2688/3250 train_time:796.243s step_avg:296.22ms
step:2689/3250 train_time:797.394s step_avg:296.54ms
step:2690/3250 train_time:798.544s step_avg:296.86ms
step:2691/3250 train_time:799.695s step_avg:297.17ms
step:2692/3250 train_time:800.843s step_avg:297.49ms
step:2693/3250 train_time:801.998s step_avg:297.81ms
step:2694/3250 train_time:803.187s step_avg:298.14ms
step:2695/3250 train_time:804.340s step_avg:298.46ms
step:2696/3250 train_time:805.488s step_avg:298.77ms
step:2697/3250 train_time:806.641s step_avg:299.09ms
step:2698/3250 train_time:807.791s step_avg:299.40ms
step:2699/3250 train_time:808.943s step_avg:299.72ms
step:2700/3250 train_time:810.099s step_avg:300.04ms
step:2701/3250 train_time:811.252s step_avg:300.35ms
step:2702/3250 train_time:812.403s step_avg:300.67ms
step:2703/3250 train_time:813.563s step_avg:300.99ms
step:2704/3250 train_time:814.720s step_avg:301.30ms
step:2705/3250 train_time:815.875s step_avg:301.62ms
step:2706/3250 train_time:817.027s step_avg:301.93ms
step:2707/3250 train_time:818.183s step_avg:302.25ms
step:2708/3250 train_time:819.343s step_avg:302.56ms
step:2709/3250 train_time:820.494s step_avg:302.88ms
step:2710/3250 train_time:821.646s step_avg:303.19ms
step:2711/3250 train_time:822.802s step_avg:303.50ms
step:2712/3250 train_time:823.956s step_avg:303.82ms
step:2713/3250 train_time:825.108s step_avg:304.13ms
step:2714/3250 train_time:826.260s step_avg:304.44ms
step:2715/3250 train_time:827.411s step_avg:304.76ms
step:2716/3250 train_time:828.563s step_avg:305.07ms
step:2717/3250 train_time:829.761s step_avg:305.40ms
step:2718/3250 train_time:830.915s step_avg:305.71ms
step:2719/3250 train_time:832.063s step_avg:306.02ms
step:2720/3250 train_time:833.218s step_avg:306.33ms
step:2721/3250 train_time:834.369s step_avg:306.64ms
step:2722/3250 train_time:835.521s step_avg:306.95ms
step:2723/3250 train_time:836.674s step_avg:307.26ms
step:2724/3250 train_time:837.823s step_avg:307.57ms
step:2725/3250 train_time:838.981s step_avg:307.88ms
step:2726/3250 train_time:840.130s step_avg:308.19ms
step:2727/3250 train_time:841.281s step_avg:308.50ms
step:2728/3250 train_time:842.432s step_avg:308.81ms
step:2729/3250 train_time:843.583s step_avg:309.12ms
step:2730/3250 train_time:844.733s step_avg:309.43ms
step:2731/3250 train_time:845.882s step_avg:309.73ms
step:2732/3250 train_time:847.034s step_avg:310.04ms
step:2733/3250 train_time:848.184s step_avg:310.35ms
step:2734/3250 train_time:849.338s step_avg:310.66ms
step:2735/3250 train_time:850.486s step_avg:310.96ms
step:2736/3250 train_time:851.636s step_avg:311.27ms
step:2737/3250 train_time:852.785s step_avg:311.58ms
step:2738/3250 train_time:853.936s step_avg:311.88ms
step:2739/3250 train_time:855.083s step_avg:312.19ms
step:2740/3250 train_time:856.279s step_avg:312.51ms
step:2741/3250 train_time:857.430s step_avg:312.82ms
step:2742/3250 train_time:858.581s step_avg:313.12ms
step:2743/3250 train_time:859.730s step_avg:313.43ms
step:2744/3250 train_time:860.881s step_avg:313.73ms
step:2745/3250 train_time:862.033s step_avg:314.04ms
step:2746/3250 train_time:863.184s step_avg:314.34ms
step:2747/3250 train_time:864.337s step_avg:314.65ms
step:2748/3250 train_time:865.486s step_avg:314.95ms
step:2749/3250 train_time:866.641s step_avg:315.26ms
step:2750/3250 train_time:867.790s step_avg:315.56ms
step:2750/3250 val_loss:3.20551 train_time:867.802s step_avg:1153.53ms
step:2751/3250 train_time:869.766s step_avg:316.16ms
ARM_EXIT=0 req029_b8x_mu95_s0
