W0830 22:03:38.935000 10511 torch/distributed/run.py:852] 
W0830 22:03:38.935000 10511 torch/distributed/run.py:852] *****************************************
W0830 22:03:38.935000 10511 torch/distributed/run.py:852] Setting OMP_NUM_THREADS environment variable for each process to be 1 in default, to avoid your system being overloaded, please further tune the variable for optimal performance in your application as needed. 
W0830 22:03:38.935000 10511 torch/distributed/run.py:852] *****************************************
logs/6e1dfd6c-1258-44dc-9fa9-48f108b04d29.txt
resumed training state from step 1500 in eos_shared_state, skipped 1500 batches
step:0/3250 val_loss:3.51931 train_time:0.001s step_avg:nanms
learning_rates step:1500 [{'pattern': '^embed\\.weight$', 'lr': [0.77]}, {'pattern': '^proj\\.weight$', 'lr': [0.0044]}, {'pattern': '^blocks\\..*\\.weight$', 'lr': [0.027500000000000004]}, {'pattern': '.*', 'lr': [0.0165]}]
step:1501/3250 train_time:3.060s step_avg:2.04ms
learning_rates step:1501 [{'pattern': '^embed\\.weight$', 'lr': [0.77]}, {'pattern': '^proj\\.weight$', 'lr': [0.0044]}, {'pattern': '^blocks\\..*\\.weight$', 'lr': [0.027500000000000004]}, {'pattern': '.*', 'lr': [0.0165]}]
step:1502/3250 train_time:3.199s step_avg:2.13ms
step:1503/3250 train_time:3.351s step_avg:2.23ms
step:1504/3250 train_time:3.502s step_avg:2.33ms
step:1505/3250 train_time:3.656s step_avg:2.43ms
step:1506/3250 train_time:3.808s step_avg:2.53ms
step:1507/3250 train_time:3.962s step_avg:2.63ms
step:1508/3250 train_time:4.117s step_avg:2.73ms
step:1509/3250 train_time:4.268s step_avg:2.83ms
step:1510/3250 train_time:4.422s step_avg:2.93ms
step:1511/3250 train_time:4.575s step_avg:3.03ms
step:1512/3250 train_time:4.727s step_avg:3.13ms
step:1513/3250 train_time:4.881s step_avg:3.23ms
step:1514/3250 train_time:5.036s step_avg:3.33ms
step:1515/3250 train_time:5.189s step_avg:3.43ms
step:1516/3250 train_time:5.343s step_avg:3.52ms
step:1517/3250 train_time:5.495s step_avg:3.62ms
step:1518/3250 train_time:5.648s step_avg:3.72ms
step:1519/3250 train_time:5.804s step_avg:3.82ms
step:1520/3250 train_time:5.958s step_avg:3.92ms
step:1521/3250 train_time:6.142s step_avg:4.04ms
step:1522/3250 train_time:6.295s step_avg:4.14ms
step:1523/3250 train_time:6.447s step_avg:4.23ms
step:1524/3250 train_time:6.600s step_avg:4.33ms
step:1525/3250 train_time:6.752s step_avg:4.43ms
step:1526/3250 train_time:6.907s step_avg:4.53ms
step:1527/3250 train_time:7.059s step_avg:4.62ms
step:1528/3250 train_time:7.214s step_avg:4.72ms
step:1529/3250 train_time:7.366s step_avg:4.82ms
step:1530/3250 train_time:7.520s step_avg:4.91ms
step:1531/3250 train_time:7.673s step_avg:5.01ms
step:1532/3250 train_time:7.827s step_avg:5.11ms
step:1533/3250 train_time:7.979s step_avg:5.21ms
step:1534/3250 train_time:8.134s step_avg:5.30ms
step:1535/3250 train_time:8.287s step_avg:5.40ms
step:1536/3250 train_time:8.441s step_avg:5.50ms
step:1537/3250 train_time:8.595s step_avg:5.59ms
step:1538/3250 train_time:8.748s step_avg:5.69ms
step:1539/3250 train_time:8.902s step_avg:5.78ms
step:1540/3250 train_time:9.056s step_avg:5.88ms
step:1541/3250 train_time:9.209s step_avg:5.98ms
step:1542/3250 train_time:9.362s step_avg:6.07ms
step:1543/3250 train_time:9.517s step_avg:6.17ms
step:1544/3250 train_time:9.669s step_avg:6.26ms
step:1545/3250 train_time:9.823s step_avg:6.36ms
step:1546/3250 train_time:9.976s step_avg:6.45ms
step:1547/3250 train_time:10.129s step_avg:6.55ms
step:1548/3250 train_time:10.283s step_avg:6.64ms
step:1549/3250 train_time:10.437s step_avg:6.74ms
step:1550/3250 train_time:10.589s step_avg:6.83ms
step:1551/3250 train_time:10.743s step_avg:6.93ms
step:1552/3250 train_time:10.895s step_avg:7.02ms
step:1553/3250 train_time:11.049s step_avg:7.11ms
step:1554/3250 train_time:11.204s step_avg:7.21ms
step:1555/3250 train_time:11.357s step_avg:7.30ms
step:1556/3250 train_time:11.511s step_avg:7.40ms
step:1557/3250 train_time:11.664s step_avg:7.49ms
step:1558/3250 train_time:11.817s step_avg:7.58ms
step:1559/3250 train_time:11.970s step_avg:7.68ms
step:1560/3250 train_time:12.123s step_avg:7.77ms
step:1561/3250 train_time:12.276s step_avg:7.86ms
step:1562/3250 train_time:12.429s step_avg:7.96ms
step:1563/3250 train_time:12.583s step_avg:8.05ms
step:1564/3250 train_time:12.736s step_avg:8.14ms
step:1565/3250 train_time:12.888s step_avg:8.24ms
step:1566/3250 train_time:13.044s step_avg:8.33ms
step:1567/3250 train_time:13.197s step_avg:8.42ms
step:1568/3250 train_time:13.350s step_avg:8.51ms
step:1569/3250 train_time:13.504s step_avg:8.61ms
step:1570/3250 train_time:13.657s step_avg:8.70ms
step:1571/3250 train_time:13.810s step_avg:8.79ms
step:1572/3250 train_time:13.963s step_avg:8.88ms
step:1573/3250 train_time:14.117s step_avg:8.97ms
step:1574/3250 train_time:14.269s step_avg:9.07ms
step:1575/3250 train_time:14.421s step_avg:9.16ms
step:1576/3250 train_time:14.574s step_avg:9.25ms
step:1577/3250 train_time:14.727s step_avg:9.34ms
step:1578/3250 train_time:14.881s step_avg:9.43ms
step:1579/3250 train_time:15.037s step_avg:9.52ms
step:1580/3250 train_time:15.191s step_avg:9.61ms
step:1581/3250 train_time:15.345s step_avg:9.71ms
step:1582/3250 train_time:15.499s step_avg:9.80ms
step:1583/3250 train_time:15.651s step_avg:9.89ms
step:1584/3250 train_time:15.805s step_avg:9.98ms
step:1585/3250 train_time:15.958s step_avg:10.07ms
step:1586/3250 train_time:16.111s step_avg:10.16ms
step:1587/3250 train_time:16.265s step_avg:10.25ms
step:1588/3250 train_time:16.419s step_avg:10.34ms
step:1589/3250 train_time:16.570s step_avg:10.43ms
step:1590/3250 train_time:16.724s step_avg:10.52ms
step:1591/3250 train_time:16.876s step_avg:10.61ms
step:1592/3250 train_time:17.029s step_avg:10.70ms
step:1593/3250 train_time:17.184s step_avg:10.79ms
step:1594/3250 train_time:17.338s step_avg:10.88ms
step:1595/3250 train_time:17.490s step_avg:10.97ms
step:1596/3250 train_time:17.643s step_avg:11.05ms
step:1597/3250 train_time:17.796s step_avg:11.14ms
step:1598/3250 train_time:17.949s step_avg:11.23ms
step:1599/3250 train_time:18.104s step_avg:11.32ms
step:1600/3250 train_time:18.258s step_avg:11.41ms
step:1601/3250 train_time:18.411s step_avg:11.50ms
step:1602/3250 train_time:18.564s step_avg:11.59ms
step:1603/3250 train_time:18.718s step_avg:11.68ms
step:1604/3250 train_time:18.870s step_avg:11.76ms
step:1605/3250 train_time:19.025s step_avg:11.85ms
step:1606/3250 train_time:19.178s step_avg:11.94ms
step:1607/3250 train_time:19.332s step_avg:12.03ms
step:1608/3250 train_time:19.485s step_avg:12.12ms
step:1609/3250 train_time:19.639s step_avg:12.21ms
step:1610/3250 train_time:19.792s step_avg:12.29ms
step:1611/3250 train_time:19.947s step_avg:12.38ms
step:1612/3250 train_time:20.101s step_avg:12.47ms
step:1613/3250 train_time:20.256s step_avg:12.56ms
step:1614/3250 train_time:20.409s step_avg:12.64ms
step:1615/3250 train_time:20.563s step_avg:12.73ms
step:1616/3250 train_time:20.716s step_avg:12.82ms
step:1617/3250 train_time:20.869s step_avg:12.91ms
step:1618/3250 train_time:21.024s step_avg:12.99ms
step:1619/3250 train_time:21.177s step_avg:13.08ms
step:1620/3250 train_time:21.330s step_avg:13.17ms
step:1621/3250 train_time:21.483s step_avg:13.25ms
step:1622/3250 train_time:21.638s step_avg:13.34ms
step:1623/3250 train_time:21.792s step_avg:13.43ms
step:1624/3250 train_time:21.946s step_avg:13.51ms
step:1625/3250 train_time:22.099s step_avg:13.60ms
step:1625/3250 val_loss:3.58163 train_time:22.111s step_avg:13.61ms
step:1626/3250 train_time:22.898s step_avg:14.08ms
step:1627/3250 train_time:23.037s step_avg:14.16ms
step:1628/3250 train_time:23.191s step_avg:14.25ms
step:1629/3250 train_time:23.344s step_avg:14.33ms
step:1630/3250 train_time:23.497s step_avg:14.42ms
step:1631/3250 train_time:23.651s step_avg:14.50ms
step:1632/3250 train_time:23.803s step_avg:14.59ms
step:1633/3250 train_time:23.957s step_avg:14.67ms
step:1634/3250 train_time:24.110s step_avg:14.76ms
step:1635/3250 train_time:24.264s step_avg:14.84ms
step:1636/3250 train_time:24.417s step_avg:14.92ms
step:1637/3250 train_time:24.571s step_avg:15.01ms
step:1638/3250 train_time:24.725s step_avg:15.09ms
step:1639/3250 train_time:24.881s step_avg:15.18ms
step:1640/3250 train_time:25.036s step_avg:15.27ms
step:1641/3250 train_time:25.189s step_avg:15.35ms
step:1642/3250 train_time:25.342s step_avg:15.43ms
step:1643/3250 train_time:25.496s step_avg:15.52ms
step:1644/3250 train_time:25.650s step_avg:15.60ms
step:1645/3250 train_time:25.803s step_avg:15.69ms
step:1646/3250 train_time:25.958s step_avg:15.77ms
step:1647/3250 train_time:26.111s step_avg:15.85ms
step:1648/3250 train_time:26.264s step_avg:15.94ms
step:1649/3250 train_time:26.418s step_avg:16.02ms
step:1650/3250 train_time:26.571s step_avg:16.10ms
step:1651/3250 train_time:26.724s step_avg:16.19ms
step:1652/3250 train_time:26.878s step_avg:16.27ms
step:1653/3250 train_time:27.032s step_avg:16.35ms
step:1654/3250 train_time:27.187s step_avg:16.44ms
step:1655/3250 train_time:27.340s step_avg:16.52ms
step:1656/3250 train_time:27.494s step_avg:16.60ms
step:1657/3250 train_time:27.649s step_avg:16.69ms
step:1658/3250 train_time:27.802s step_avg:16.77ms
step:1659/3250 train_time:27.958s step_avg:16.85ms
step:1660/3250 train_time:28.111s step_avg:16.93ms
step:1661/3250 train_time:28.265s step_avg:17.02ms
step:1662/3250 train_time:28.418s step_avg:17.10ms
step:1663/3250 train_time:28.572s step_avg:17.18ms
step:1664/3250 train_time:28.726s step_avg:17.26ms
step:1665/3250 train_time:28.879s step_avg:17.34ms
step:1666/3250 train_time:29.033s step_avg:17.43ms
step:1667/3250 train_time:29.189s step_avg:17.51ms
step:1668/3250 train_time:29.343s step_avg:17.59ms
step:1669/3250 train_time:29.496s step_avg:17.67ms
step:1670/3250 train_time:29.651s step_avg:17.75ms
step:1671/3250 train_time:29.803s step_avg:17.84ms
step:1672/3250 train_time:29.959s step_avg:17.92ms
step:1673/3250 train_time:30.112s step_avg:18.00ms
step:1674/3250 train_time:30.266s step_avg:18.08ms
step:1675/3250 train_time:30.419s step_avg:18.16ms
step:1676/3250 train_time:30.573s step_avg:18.24ms
step:1677/3250 train_time:30.727s step_avg:18.32ms
step:1678/3250 train_time:30.880s step_avg:18.40ms
step:1679/3250 train_time:31.035s step_avg:18.48ms
step:1680/3250 train_time:31.189s step_avg:18.57ms
step:1681/3250 train_time:31.343s step_avg:18.65ms
step:1682/3250 train_time:31.496s step_avg:18.73ms
step:1683/3250 train_time:31.653s step_avg:18.81ms
step:1684/3250 train_time:31.808s step_avg:18.89ms
step:1685/3250 train_time:31.961s step_avg:18.97ms
step:1686/3250 train_time:32.115s step_avg:19.05ms
step:1687/3250 train_time:32.270s step_avg:19.13ms
step:1688/3250 train_time:32.423s step_avg:19.21ms
step:1689/3250 train_time:32.577s step_avg:19.29ms
step:1690/3250 train_time:32.730s step_avg:19.37ms
step:1691/3250 train_time:32.884s step_avg:19.45ms
step:1692/3250 train_time:33.039s step_avg:19.53ms
step:1693/3250 train_time:33.192s step_avg:19.61ms
step:1694/3250 train_time:33.346s step_avg:19.68ms
step:1695/3250 train_time:33.500s step_avg:19.76ms
step:1696/3250 train_time:33.653s step_avg:19.84ms
step:1697/3250 train_time:33.807s step_avg:19.92ms
step:1698/3250 train_time:33.960s step_avg:20.00ms
step:1699/3250 train_time:34.114s step_avg:20.08ms
step:1700/3250 train_time:34.269s step_avg:20.16ms
step:1701/3250 train_time:34.423s step_avg:20.24ms
step:1702/3250 train_time:34.577s step_avg:20.32ms
step:1703/3250 train_time:34.731s step_avg:20.39ms
step:1704/3250 train_time:34.884s step_avg:20.47ms
step:1705/3250 train_time:35.039s step_avg:20.55ms
step:1706/3250 train_time:35.193s step_avg:20.63ms
step:1707/3250 train_time:35.348s step_avg:20.71ms
step:1708/3250 train_time:35.501s step_avg:20.78ms
step:1709/3250 train_time:35.656s step_avg:20.86ms
step:1710/3250 train_time:35.809s step_avg:20.94ms
step:1711/3250 train_time:35.992s step_avg:21.04ms
step:1712/3250 train_time:36.146s step_avg:21.11ms
step:1713/3250 train_time:36.299s step_avg:21.19ms
step:1714/3250 train_time:36.453s step_avg:21.27ms
step:1715/3250 train_time:36.607s step_avg:21.34ms
step:1716/3250 train_time:36.760s step_avg:21.42ms
step:1717/3250 train_time:36.914s step_avg:21.50ms
step:1718/3250 train_time:37.069s step_avg:21.58ms
step:1719/3250 train_time:37.222s step_avg:21.65ms
step:1720/3250 train_time:37.377s step_avg:21.73ms
step:1721/3250 train_time:37.531s step_avg:21.81ms
step:1722/3250 train_time:37.685s step_avg:21.88ms
step:1723/3250 train_time:37.839s step_avg:21.96ms
step:1724/3250 train_time:37.993s step_avg:22.04ms
step:1725/3250 train_time:38.148s step_avg:22.11ms
step:1726/3250 train_time:38.301s step_avg:22.19ms
step:1727/3250 train_time:38.456s step_avg:22.27ms
step:1728/3250 train_time:38.610s step_avg:22.34ms
step:1729/3250 train_time:38.764s step_avg:22.42ms
step:1730/3250 train_time:38.918s step_avg:22.50ms
step:1731/3250 train_time:39.074s step_avg:22.57ms
step:1732/3250 train_time:39.229s step_avg:22.65ms
step:1733/3250 train_time:39.384s step_avg:22.73ms
step:1734/3250 train_time:39.538s step_avg:22.80ms
step:1735/3250 train_time:39.692s step_avg:22.88ms
step:1736/3250 train_time:39.846s step_avg:22.95ms
step:1737/3250 train_time:40.000s step_avg:23.03ms
step:1738/3250 train_time:40.154s step_avg:23.10ms
step:1739/3250 train_time:40.308s step_avg:23.18ms
step:1740/3250 train_time:40.463s step_avg:23.25ms
step:1741/3250 train_time:40.617s step_avg:23.33ms
step:1742/3250 train_time:40.771s step_avg:23.40ms
step:1743/3250 train_time:40.925s step_avg:23.48ms
step:1744/3250 train_time:41.079s step_avg:23.55ms
step:1745/3250 train_time:41.233s step_avg:23.63ms
step:1746/3250 train_time:41.387s step_avg:23.70ms
step:1747/3250 train_time:41.541s step_avg:23.78ms
step:1748/3250 train_time:41.696s step_avg:23.85ms
step:1749/3250 train_time:41.850s step_avg:23.93ms
step:1750/3250 train_time:42.004s step_avg:24.00ms
step:1750/3250 val_loss:3.57303 train_time:42.016s step_avg:159.24ms
step:1751/3250 train_time:42.805s step_avg:24.45ms
step:1752/3250 train_time:42.943s step_avg:24.51ms
step:1753/3250 train_time:43.100s step_avg:24.59ms
step:1754/3250 train_time:43.252s step_avg:24.66ms
step:1755/3250 train_time:43.408s step_avg:24.73ms
step:1756/3250 train_time:43.561s step_avg:24.81ms
step:1757/3250 train_time:43.716s step_avg:24.88ms
step:1758/3250 train_time:43.869s step_avg:24.95ms
step:1759/3250 train_time:44.023s step_avg:25.03ms
step:1760/3250 train_time:44.179s step_avg:25.10ms
step:1761/3250 train_time:44.331s step_avg:25.17ms
step:1762/3250 train_time:44.487s step_avg:25.25ms
step:1763/3250 train_time:44.640s step_avg:25.32ms
step:1764/3250 train_time:44.793s step_avg:25.39ms
step:1765/3250 train_time:44.947s step_avg:25.47ms
step:1766/3250 train_time:45.101s step_avg:25.54ms
step:1767/3250 train_time:45.255s step_avg:25.61ms
step:1768/3250 train_time:45.409s step_avg:25.68ms
step:1769/3250 train_time:45.563s step_avg:25.76ms
step:1770/3250 train_time:45.718s step_avg:25.83ms
step:1771/3250 train_time:45.872s step_avg:25.90ms
step:1772/3250 train_time:46.025s step_avg:25.97ms
step:1773/3250 train_time:46.179s step_avg:26.05ms
step:1774/3250 train_time:46.333s step_avg:26.12ms
step:1775/3250 train_time:46.488s step_avg:26.19ms
step:1776/3250 train_time:46.641s step_avg:26.26ms
step:1777/3250 train_time:46.796s step_avg:26.33ms
step:1778/3250 train_time:46.949s step_avg:26.41ms
step:1779/3250 train_time:47.103s step_avg:26.48ms
step:1780/3250 train_time:47.259s step_avg:26.55ms
step:1781/3250 train_time:47.414s step_avg:26.62ms
step:1782/3250 train_time:47.569s step_avg:26.69ms
step:1783/3250 train_time:47.723s step_avg:26.77ms
step:1784/3250 train_time:47.877s step_avg:26.84ms
step:1785/3250 train_time:48.031s step_avg:26.91ms
step:1786/3250 train_time:48.184s step_avg:26.98ms
step:1787/3250 train_time:48.338s step_avg:27.05ms
step:1788/3250 train_time:48.492s step_avg:27.12ms
step:1789/3250 train_time:48.646s step_avg:27.19ms
step:1790/3250 train_time:48.801s step_avg:27.26ms
step:1791/3250 train_time:48.955s step_avg:27.33ms
step:1792/3250 train_time:49.109s step_avg:27.40ms
step:1793/3250 train_time:49.265s step_avg:27.48ms
step:1794/3250 train_time:49.418s step_avg:27.55ms
step:1795/3250 train_time:49.572s step_avg:27.62ms
step:1796/3250 train_time:49.726s step_avg:27.69ms
step:1797/3250 train_time:49.882s step_avg:27.76ms
step:1798/3250 train_time:50.036s step_avg:27.83ms
step:1799/3250 train_time:50.189s step_avg:27.90ms
step:1800/3250 train_time:50.343s step_avg:27.97ms
step:1801/3250 train_time:50.500s step_avg:28.04ms
step:1802/3250 train_time:50.654s step_avg:28.11ms
step:1803/3250 train_time:50.809s step_avg:28.18ms
step:1804/3250 train_time:50.963s step_avg:28.25ms
step:1805/3250 train_time:51.120s step_avg:28.32ms
step:1806/3250 train_time:51.274s step_avg:28.39ms
step:1807/3250 train_time:51.427s step_avg:28.46ms
step:1808/3250 train_time:51.582s step_avg:28.53ms
step:1809/3250 train_time:51.737s step_avg:28.60ms
step:1810/3250 train_time:51.890s step_avg:28.67ms
step:1811/3250 train_time:52.044s step_avg:28.74ms
step:1812/3250 train_time:52.199s step_avg:28.81ms
step:1813/3250 train_time:52.353s step_avg:28.88ms
step:1814/3250 train_time:52.509s step_avg:28.95ms
step:1815/3250 train_time:52.663s step_avg:29.02ms
step:1816/3250 train_time:52.820s step_avg:29.09ms
step:1817/3250 train_time:52.976s step_avg:29.16ms
step:1818/3250 train_time:53.129s step_avg:29.22ms
step:1819/3250 train_time:53.283s step_avg:29.29ms
step:1820/3250 train_time:53.438s step_avg:29.36ms
step:1821/3250 train_time:53.592s step_avg:29.43ms
step:1822/3250 train_time:53.746s step_avg:29.50ms
step:1823/3250 train_time:53.901s step_avg:29.57ms
step:1824/3250 train_time:54.057s step_avg:29.64ms
step:1825/3250 train_time:54.210s step_avg:29.70ms
step:1826/3250 train_time:54.365s step_avg:29.77ms
step:1827/3250 train_time:54.520s step_avg:29.84ms
step:1828/3250 train_time:54.674s step_avg:29.91ms
step:1829/3250 train_time:54.828s step_avg:29.98ms
step:1830/3250 train_time:54.984s step_avg:30.05ms
step:1831/3250 train_time:55.139s step_avg:30.11ms
step:1832/3250 train_time:55.293s step_avg:30.18ms
step:1833/3250 train_time:55.447s step_avg:30.25ms
step:1834/3250 train_time:55.603s step_avg:30.32ms
step:1835/3250 train_time:55.757s step_avg:30.39ms
step:1836/3250 train_time:55.911s step_avg:30.45ms
step:1837/3250 train_time:56.065s step_avg:30.52ms
step:1838/3250 train_time:56.220s step_avg:30.59ms
step:1839/3250 train_time:56.374s step_avg:30.65ms
step:1840/3250 train_time:56.528s step_avg:30.72ms
step:1841/3250 train_time:56.682s step_avg:30.79ms
step:1842/3250 train_time:56.836s step_avg:30.86ms
step:1843/3250 train_time:56.990s step_avg:30.92ms
step:1844/3250 train_time:57.145s step_avg:30.99ms
step:1845/3250 train_time:57.299s step_avg:31.06ms
step:1846/3250 train_time:57.452s step_avg:31.12ms
step:1847/3250 train_time:57.606s step_avg:31.19ms
step:1848/3250 train_time:57.761s step_avg:31.26ms
step:1849/3250 train_time:57.916s step_avg:31.32ms
step:1850/3250 train_time:58.070s step_avg:31.39ms
step:1851/3250 train_time:58.223s step_avg:31.46ms
step:1852/3250 train_time:58.378s step_avg:31.52ms
step:1853/3250 train_time:58.532s step_avg:31.59ms
step:1854/3250 train_time:58.686s step_avg:31.65ms
step:1855/3250 train_time:58.840s step_avg:31.72ms
step:1856/3250 train_time:58.994s step_avg:31.79ms
step:1857/3250 train_time:59.148s step_avg:31.85ms
step:1858/3250 train_time:59.302s step_avg:31.92ms
step:1859/3250 train_time:59.457s step_avg:31.98ms
step:1860/3250 train_time:59.611s step_avg:32.05ms
step:1861/3250 train_time:59.765s step_avg:32.11ms
step:1862/3250 train_time:59.920s step_avg:32.18ms
step:1863/3250 train_time:60.074s step_avg:32.25ms
step:1864/3250 train_time:60.227s step_avg:32.31ms
step:1865/3250 train_time:60.382s step_avg:32.38ms
step:1866/3250 train_time:60.538s step_avg:32.44ms
step:1867/3250 train_time:60.693s step_avg:32.51ms
step:1868/3250 train_time:60.846s step_avg:32.57ms
step:1869/3250 train_time:61.003s step_avg:32.64ms
step:1870/3250 train_time:61.158s step_avg:32.71ms
step:1871/3250 train_time:61.312s step_avg:32.77ms
step:1872/3250 train_time:61.468s step_avg:32.84ms
step:1873/3250 train_time:61.622s step_avg:32.90ms
step:1874/3250 train_time:61.777s step_avg:32.97ms
step:1875/3250 train_time:61.930s step_avg:33.03ms
step:1875/3250 val_loss:3.55886 train_time:61.942s step_avg:159.41ms
step:1876/3250 train_time:62.734s step_avg:33.44ms
step:1877/3250 train_time:62.874s step_avg:33.50ms
step:1878/3250 train_time:63.028s step_avg:33.56ms
step:1879/3250 train_time:63.181s step_avg:33.62ms
step:1880/3250 train_time:63.335s step_avg:33.69ms
step:1881/3250 train_time:63.488s step_avg:33.75ms
step:1882/3250 train_time:63.642s step_avg:33.82ms
step:1883/3250 train_time:63.794s step_avg:33.88ms
step:1884/3250 train_time:63.951s step_avg:33.94ms
step:1885/3250 train_time:64.105s step_avg:34.01ms
step:1886/3250 train_time:64.258s step_avg:34.07ms
step:1887/3250 train_time:64.411s step_avg:34.13ms
step:1888/3250 train_time:64.566s step_avg:34.20ms
step:1889/3250 train_time:64.720s step_avg:34.26ms
step:1890/3250 train_time:64.873s step_avg:34.32ms
step:1891/3250 train_time:65.028s step_avg:34.39ms
step:1892/3250 train_time:65.182s step_avg:34.45ms
step:1893/3250 train_time:65.334s step_avg:34.51ms
step:1894/3250 train_time:65.489s step_avg:34.58ms
step:1895/3250 train_time:65.644s step_avg:34.64ms
step:1896/3250 train_time:65.796s step_avg:34.70ms
step:1897/3250 train_time:65.950s step_avg:34.77ms
step:1898/3250 train_time:66.106s step_avg:34.83ms
step:1899/3250 train_time:66.259s step_avg:34.89ms
step:1900/3250 train_time:66.413s step_avg:34.95ms
step:1901/3250 train_time:66.596s step_avg:35.03ms
step:1902/3250 train_time:66.750s step_avg:35.09ms
step:1903/3250 train_time:66.904s step_avg:35.16ms
step:1904/3250 train_time:67.057s step_avg:35.22ms
step:1905/3250 train_time:67.211s step_avg:35.28ms
step:1906/3250 train_time:67.365s step_avg:35.34ms
step:1907/3250 train_time:67.519s step_avg:35.41ms
step:1908/3250 train_time:67.674s step_avg:35.47ms
step:1909/3250 train_time:67.828s step_avg:35.53ms
step:1910/3250 train_time:67.982s step_avg:35.59ms
step:1911/3250 train_time:68.136s step_avg:35.65ms
step:1912/3250 train_time:68.290s step_avg:35.72ms
step:1913/3250 train_time:68.445s step_avg:35.78ms
step:1914/3250 train_time:68.599s step_avg:35.84ms
step:1915/3250 train_time:68.752s step_avg:35.90ms
step:1916/3250 train_time:68.907s step_avg:35.96ms
step:1917/3250 train_time:69.060s step_avg:36.03ms
step:1918/3250 train_time:69.215s step_avg:36.09ms
step:1919/3250 train_time:69.369s step_avg:36.15ms
step:1920/3250 train_time:69.524s step_avg:36.21ms
step:1921/3250 train_time:69.678s step_avg:36.27ms
step:1922/3250 train_time:69.833s step_avg:36.33ms
step:1923/3250 train_time:69.988s step_avg:36.40ms
step:1924/3250 train_time:70.143s step_avg:36.46ms
step:1925/3250 train_time:70.297s step_avg:36.52ms
step:1926/3250 train_time:70.451s step_avg:36.58ms
step:1927/3250 train_time:70.606s step_avg:36.64ms
step:1928/3250 train_time:70.758s step_avg:36.70ms
step:1929/3250 train_time:70.913s step_avg:36.76ms
step:1930/3250 train_time:71.068s step_avg:36.82ms
step:1931/3250 train_time:71.223s step_avg:36.88ms
step:1932/3250 train_time:71.376s step_avg:36.94ms
step:1933/3250 train_time:71.530s step_avg:37.00ms
step:1934/3250 train_time:71.685s step_avg:37.07ms
step:1935/3250 train_time:71.838s step_avg:37.13ms
step:1936/3250 train_time:71.993s step_avg:37.19ms
step:1937/3250 train_time:72.149s step_avg:37.25ms
step:1938/3250 train_time:72.304s step_avg:37.31ms
step:1939/3250 train_time:72.457s step_avg:37.37ms
step:1940/3250 train_time:72.612s step_avg:37.43ms
step:1941/3250 train_time:72.766s step_avg:37.49ms
step:1942/3250 train_time:72.920s step_avg:37.55ms
step:1943/3250 train_time:73.073s step_avg:37.61ms
step:1944/3250 train_time:73.229s step_avg:37.67ms
step:1945/3250 train_time:73.383s step_avg:37.73ms
step:1946/3250 train_time:73.537s step_avg:37.79ms
step:1947/3250 train_time:73.691s step_avg:37.85ms
step:1948/3250 train_time:73.846s step_avg:37.91ms
step:1949/3250 train_time:73.999s step_avg:37.97ms
step:1950/3250 train_time:74.153s step_avg:38.03ms
step:1951/3250 train_time:74.309s step_avg:38.09ms
step:1952/3250 train_time:74.463s step_avg:38.15ms
step:1953/3250 train_time:74.617s step_avg:38.21ms
step:1954/3250 train_time:74.771s step_avg:38.27ms
step:1955/3250 train_time:74.927s step_avg:38.33ms
step:1956/3250 train_time:75.080s step_avg:38.38ms
step:1957/3250 train_time:75.236s step_avg:38.44ms
step:1958/3250 train_time:75.390s step_avg:38.50ms
step:1959/3250 train_time:75.546s step_avg:38.56ms
step:1960/3250 train_time:75.700s step_avg:38.62ms
step:1961/3250 train_time:75.854s step_avg:38.68ms
step:1962/3250 train_time:76.009s step_avg:38.74ms
step:1963/3250 train_time:76.163s step_avg:38.80ms
step:1964/3250 train_time:76.317s step_avg:38.86ms
step:1965/3250 train_time:76.472s step_avg:38.92ms
step:1966/3250 train_time:76.628s step_avg:38.98ms
step:1967/3250 train_time:76.782s step_avg:39.03ms
step:1968/3250 train_time:76.936s step_avg:39.09ms
step:1969/3250 train_time:77.090s step_avg:39.15ms
step:1970/3250 train_time:77.249s step_avg:39.21ms
step:1971/3250 train_time:77.403s step_avg:39.27ms
step:1972/3250 train_time:77.557s step_avg:39.33ms
step:1973/3250 train_time:77.711s step_avg:39.39ms
step:1974/3250 train_time:77.864s step_avg:39.44ms
step:1975/3250 train_time:78.018s step_avg:39.50ms
step:1976/3250 train_time:78.173s step_avg:39.56ms
step:1977/3250 train_time:78.330s step_avg:39.62ms
step:1978/3250 train_time:78.486s step_avg:39.68ms
step:1979/3250 train_time:78.640s step_avg:39.74ms
step:1980/3250 train_time:78.794s step_avg:39.79ms
step:1981/3250 train_time:78.948s step_avg:39.85ms
step:1982/3250 train_time:79.102s step_avg:39.91ms
step:1983/3250 train_time:79.255s step_avg:39.97ms
step:1984/3250 train_time:79.410s step_avg:40.03ms
step:1985/3250 train_time:79.565s step_avg:40.08ms
step:1986/3250 train_time:79.719s step_avg:40.14ms
step:1987/3250 train_time:79.876s step_avg:40.20ms
step:1988/3250 train_time:80.031s step_avg:40.26ms
step:1989/3250 train_time:80.185s step_avg:40.31ms
step:1990/3250 train_time:80.338s step_avg:40.37ms
step:1991/3250 train_time:80.494s step_avg:40.43ms
step:1992/3250 train_time:80.650s step_avg:40.49ms
step:1993/3250 train_time:80.806s step_avg:40.54ms
step:1994/3250 train_time:80.958s step_avg:40.60ms
step:1995/3250 train_time:81.113s step_avg:40.66ms
step:1996/3250 train_time:81.266s step_avg:40.71ms
step:1997/3250 train_time:81.421s step_avg:40.77ms
step:1998/3250 train_time:81.574s step_avg:40.83ms
step:1999/3250 train_time:81.730s step_avg:40.89ms
step:2000/3250 train_time:81.885s step_avg:40.94ms
step:2000/3250 val_loss:3.54993 train_time:81.896s step_avg:159.64ms
step:2001/3250 train_time:82.692s step_avg:41.33ms
step:2002/3250 train_time:82.830s step_avg:41.37ms
step:2003/3250 train_time:82.983s step_avg:41.43ms
step:2004/3250 train_time:83.137s step_avg:41.49ms
step:2005/3250 train_time:83.288s step_avg:41.54ms
step:2006/3250 train_time:83.443s step_avg:41.60ms
step:2007/3250 train_time:83.597s step_avg:41.65ms
step:2008/3250 train_time:83.752s step_avg:41.71ms
step:2009/3250 train_time:83.905s step_avg:41.76ms
step:2010/3250 train_time:84.059s step_avg:41.82ms
step:2011/3250 train_time:84.214s step_avg:41.88ms
step:2012/3250 train_time:84.367s step_avg:41.93ms
step:2013/3250 train_time:84.521s step_avg:41.99ms
step:2014/3250 train_time:84.677s step_avg:42.04ms
step:2015/3250 train_time:84.831s step_avg:42.10ms
step:2016/3250 train_time:84.984s step_avg:42.15ms
step:2017/3250 train_time:85.139s step_avg:42.21ms
step:2018/3250 train_time:85.293s step_avg:42.27ms
step:2019/3250 train_time:85.447s step_avg:42.32ms
step:2020/3250 train_time:85.601s step_avg:42.38ms
step:2021/3250 train_time:85.757s step_avg:42.43ms
step:2022/3250 train_time:85.912s step_avg:42.49ms
step:2023/3250 train_time:86.065s step_avg:42.54ms
step:2024/3250 train_time:86.219s step_avg:42.60ms
step:2025/3250 train_time:86.374s step_avg:42.65ms
step:2026/3250 train_time:86.528s step_avg:42.71ms
step:2027/3250 train_time:86.682s step_avg:42.76ms
step:2028/3250 train_time:86.837s step_avg:42.82ms
step:2029/3250 train_time:86.991s step_avg:42.87ms
step:2030/3250 train_time:87.145s step_avg:42.93ms
step:2031/3250 train_time:87.299s step_avg:42.98ms
step:2032/3250 train_time:87.455s step_avg:43.04ms
step:2033/3250 train_time:87.608s step_avg:43.09ms
step:2034/3250 train_time:87.763s step_avg:43.15ms
step:2035/3250 train_time:87.917s step_avg:43.20ms
step:2036/3250 train_time:88.072s step_avg:43.26ms
step:2037/3250 train_time:88.225s step_avg:43.31ms
step:2038/3250 train_time:88.380s step_avg:43.37ms
step:2039/3250 train_time:88.536s step_avg:43.42ms
step:2040/3250 train_time:88.689s step_avg:43.47ms
step:2041/3250 train_time:88.844s step_avg:43.53ms
step:2042/3250 train_time:88.999s step_avg:43.58ms
step:2043/3250 train_time:89.155s step_avg:43.64ms
step:2044/3250 train_time:89.307s step_avg:43.69ms
step:2045/3250 train_time:89.461s step_avg:43.75ms
step:2046/3250 train_time:89.615s step_avg:43.80ms
step:2047/3250 train_time:89.770s step_avg:43.85ms
step:2048/3250 train_time:89.925s step_avg:43.91ms
step:2049/3250 train_time:90.079s step_avg:43.96ms
step:2050/3250 train_time:90.235s step_avg:44.02ms
step:2051/3250 train_time:90.387s step_avg:44.07ms
step:2052/3250 train_time:90.542s step_avg:44.12ms
step:2053/3250 train_time:90.696s step_avg:44.18ms
step:2054/3250 train_time:90.851s step_avg:44.23ms
step:2055/3250 train_time:91.005s step_avg:44.28ms
step:2056/3250 train_time:91.160s step_avg:44.34ms
step:2057/3250 train_time:91.315s step_avg:44.39ms
step:2058/3250 train_time:91.469s step_avg:44.45ms
step:2059/3250 train_time:91.623s step_avg:44.50ms
step:2060/3250 train_time:91.778s step_avg:44.55ms
step:2061/3250 train_time:91.932s step_avg:44.61ms
step:2062/3250 train_time:92.086s step_avg:44.66ms
step:2063/3250 train_time:92.240s step_avg:44.71ms
step:2064/3250 train_time:92.395s step_avg:44.76ms
step:2065/3250 train_time:92.548s step_avg:44.82ms
step:2066/3250 train_time:92.702s step_avg:44.87ms
step:2067/3250 train_time:92.857s step_avg:44.92ms
step:2068/3250 train_time:93.011s step_avg:44.98ms
step:2069/3250 train_time:93.166s step_avg:45.03ms
step:2070/3250 train_time:93.319s step_avg:45.08ms
step:2071/3250 train_time:93.474s step_avg:45.13ms
step:2072/3250 train_time:93.628s step_avg:45.19ms
step:2073/3250 train_time:93.781s step_avg:45.24ms
step:2074/3250 train_time:93.936s step_avg:45.29ms
step:2075/3250 train_time:94.089s step_avg:45.34ms
step:2076/3250 train_time:94.244s step_avg:45.40ms
step:2077/3250 train_time:94.398s step_avg:45.45ms
step:2078/3250 train_time:94.553s step_avg:45.50ms
step:2079/3250 train_time:94.707s step_avg:45.55ms
step:2080/3250 train_time:94.862s step_avg:45.61ms
step:2081/3250 train_time:95.016s step_avg:45.66ms
step:2082/3250 train_time:95.170s step_avg:45.71ms
step:2083/3250 train_time:95.324s step_avg:45.76ms
step:2084/3250 train_time:95.479s step_avg:45.82ms
step:2085/3250 train_time:95.634s step_avg:45.87ms
step:2086/3250 train_time:95.787s step_avg:45.92ms
step:2087/3250 train_time:95.941s step_avg:45.97ms
step:2088/3250 train_time:96.096s step_avg:46.02ms
step:2089/3250 train_time:96.250s step_avg:46.07ms
step:2090/3250 train_time:96.404s step_avg:46.13ms
step:2091/3250 train_time:96.586s step_avg:46.19ms
step:2092/3250 train_time:96.739s step_avg:46.24ms
step:2093/3250 train_time:96.893s step_avg:46.29ms
step:2094/3250 train_time:97.046s step_avg:46.34ms
step:2095/3250 train_time:97.200s step_avg:46.40ms
step:2096/3250 train_time:97.355s step_avg:46.45ms
step:2097/3250 train_time:97.510s step_avg:46.50ms
step:2098/3250 train_time:97.665s step_avg:46.55ms
step:2099/3250 train_time:97.819s step_avg:46.60ms
step:2100/3250 train_time:97.975s step_avg:46.65ms
step:2101/3250 train_time:98.128s step_avg:46.71ms
step:2102/3250 train_time:98.283s step_avg:46.76ms
step:2103/3250 train_time:98.437s step_avg:46.81ms
step:2104/3250 train_time:98.591s step_avg:46.86ms
step:2105/3250 train_time:98.746s step_avg:46.91ms
step:2106/3250 train_time:98.899s step_avg:46.96ms
step:2107/3250 train_time:99.054s step_avg:47.01ms
step:2108/3250 train_time:99.208s step_avg:47.06ms
step:2109/3250 train_time:99.362s step_avg:47.11ms
step:2110/3250 train_time:99.519s step_avg:47.17ms
step:2111/3250 train_time:99.675s step_avg:47.22ms
step:2112/3250 train_time:99.829s step_avg:47.27ms
step:2113/3250 train_time:99.982s step_avg:47.32ms
step:2114/3250 train_time:100.137s step_avg:47.37ms
step:2115/3250 train_time:100.290s step_avg:47.42ms
step:2116/3250 train_time:100.444s step_avg:47.47ms
step:2117/3250 train_time:100.598s step_avg:47.52ms
step:2118/3250 train_time:100.754s step_avg:47.57ms
step:2119/3250 train_time:100.908s step_avg:47.62ms
step:2120/3250 train_time:101.062s step_avg:47.67ms
step:2121/3250 train_time:101.217s step_avg:47.72ms
step:2122/3250 train_time:101.371s step_avg:47.77ms
step:2123/3250 train_time:101.525s step_avg:47.82ms
step:2124/3250 train_time:101.679s step_avg:47.87ms
step:2125/3250 train_time:101.835s step_avg:47.92ms
step:2125/3250 val_loss:3.53840 train_time:101.847s step_avg:159.60ms
step:2126/3250 train_time:102.609s step_avg:48.26ms
step:2127/3250 train_time:102.750s step_avg:48.31ms
step:2128/3250 train_time:102.907s step_avg:48.36ms
step:2129/3250 train_time:103.060s step_avg:48.41ms
step:2130/3250 train_time:103.212s step_avg:48.46ms
step:2131/3250 train_time:103.367s step_avg:48.51ms
step:2132/3250 train_time:103.520s step_avg:48.56ms
step:2133/3250 train_time:103.674s step_avg:48.60ms
step:2134/3250 train_time:103.829s step_avg:48.65ms
step:2135/3250 train_time:103.984s step_avg:48.70ms
step:2136/3250 train_time:104.137s step_avg:48.75ms
step:2137/3250 train_time:104.291s step_avg:48.80ms
step:2138/3250 train_time:104.446s step_avg:48.85ms
step:2139/3250 train_time:104.600s step_avg:48.90ms
step:2140/3250 train_time:104.754s step_avg:48.95ms
step:2141/3250 train_time:104.908s step_avg:49.00ms
step:2142/3250 train_time:105.063s step_avg:49.05ms
step:2143/3250 train_time:105.217s step_avg:49.10ms
step:2144/3250 train_time:105.372s step_avg:49.15ms
step:2145/3250 train_time:105.526s step_avg:49.20ms
step:2146/3250 train_time:105.679s step_avg:49.24ms
step:2147/3250 train_time:105.834s step_avg:49.29ms
step:2148/3250 train_time:105.989s step_avg:49.34ms
step:2149/3250 train_time:106.143s step_avg:49.39ms
step:2150/3250 train_time:106.296s step_avg:49.44ms
step:2151/3250 train_time:106.451s step_avg:49.49ms
step:2152/3250 train_time:106.607s step_avg:49.54ms
step:2153/3250 train_time:106.760s step_avg:49.59ms
step:2154/3250 train_time:106.914s step_avg:49.64ms
step:2155/3250 train_time:107.069s step_avg:49.68ms
step:2156/3250 train_time:107.223s step_avg:49.73ms
step:2157/3250 train_time:107.377s step_avg:49.78ms
step:2158/3250 train_time:107.532s step_avg:49.83ms
step:2159/3250 train_time:107.686s step_avg:49.88ms
step:2160/3250 train_time:107.839s step_avg:49.93ms
step:2161/3250 train_time:107.994s step_avg:49.97ms
step:2162/3250 train_time:108.149s step_avg:50.02ms
step:2163/3250 train_time:108.303s step_avg:50.07ms
step:2164/3250 train_time:108.457s step_avg:50.12ms
step:2165/3250 train_time:108.612s step_avg:50.17ms
step:2166/3250 train_time:108.767s step_avg:50.22ms
step:2167/3250 train_time:108.921s step_avg:50.26ms
step:2168/3250 train_time:109.075s step_avg:50.31ms
step:2169/3250 train_time:109.230s step_avg:50.36ms
step:2170/3250 train_time:109.385s step_avg:50.41ms
step:2171/3250 train_time:109.538s step_avg:50.46ms
step:2172/3250 train_time:109.692s step_avg:50.50ms
step:2173/3250 train_time:109.846s step_avg:50.55ms
step:2174/3250 train_time:110.003s step_avg:50.60ms
step:2175/3250 train_time:110.157s step_avg:50.65ms
step:2176/3250 train_time:110.311s step_avg:50.69ms
step:2177/3250 train_time:110.466s step_avg:50.74ms
step:2178/3250 train_time:110.619s step_avg:50.79ms
step:2179/3250 train_time:110.775s step_avg:50.84ms
step:2180/3250 train_time:110.929s step_avg:50.88ms
step:2181/3250 train_time:111.084s step_avg:50.93ms
step:2182/3250 train_time:111.237s step_avg:50.98ms
step:2183/3250 train_time:111.391s step_avg:51.03ms
step:2184/3250 train_time:111.546s step_avg:51.07ms
step:2185/3250 train_time:111.700s step_avg:51.12ms
step:2186/3250 train_time:111.855s step_avg:51.17ms
step:2187/3250 train_time:112.009s step_avg:51.22ms
step:2188/3250 train_time:112.165s step_avg:51.26ms
step:2189/3250 train_time:112.318s step_avg:51.31ms
step:2190/3250 train_time:112.474s step_avg:51.36ms
step:2191/3250 train_time:112.628s step_avg:51.40ms
step:2192/3250 train_time:112.783s step_avg:51.45ms
step:2193/3250 train_time:112.936s step_avg:51.50ms
step:2194/3250 train_time:113.090s step_avg:51.55ms
step:2195/3250 train_time:113.245s step_avg:51.59ms
step:2196/3250 train_time:113.398s step_avg:51.64ms
step:2197/3250 train_time:113.555s step_avg:51.69ms
step:2198/3250 train_time:113.708s step_avg:51.73ms
step:2199/3250 train_time:113.864s step_avg:51.78ms
step:2200/3250 train_time:114.017s step_avg:51.83ms
step:2201/3250 train_time:114.172s step_avg:51.87ms
step:2202/3250 train_time:114.326s step_avg:51.92ms
step:2203/3250 train_time:114.481s step_avg:51.97ms
step:2204/3250 train_time:114.634s step_avg:52.01ms
step:2205/3250 train_time:114.790s step_avg:52.06ms
step:2206/3250 train_time:114.945s step_avg:52.11ms
step:2207/3250 train_time:115.099s step_avg:52.15ms
step:2208/3250 train_time:115.253s step_avg:52.20ms
step:2209/3250 train_time:115.408s step_avg:52.24ms
step:2210/3250 train_time:115.563s step_avg:52.29ms
step:2211/3250 train_time:115.716s step_avg:52.34ms
step:2212/3250 train_time:115.871s step_avg:52.38ms
step:2213/3250 train_time:116.026s step_avg:52.43ms
step:2214/3250 train_time:116.179s step_avg:52.47ms
step:2215/3250 train_time:116.333s step_avg:52.52ms
step:2216/3250 train_time:116.491s step_avg:52.57ms
step:2217/3250 train_time:116.646s step_avg:52.61ms
step:2218/3250 train_time:116.800s step_avg:52.66ms
step:2219/3250 train_time:116.953s step_avg:52.71ms
step:2220/3250 train_time:117.108s step_avg:52.75ms
step:2221/3250 train_time:117.263s step_avg:52.80ms
step:2222/3250 train_time:117.416s step_avg:52.84ms
step:2223/3250 train_time:117.571s step_avg:52.89ms
step:2224/3250 train_time:117.725s step_avg:52.93ms
step:2225/3250 train_time:117.880s step_avg:52.98ms
step:2226/3250 train_time:118.034s step_avg:53.02ms
step:2227/3250 train_time:118.188s step_avg:53.07ms
step:2228/3250 train_time:118.342s step_avg:53.12ms
step:2229/3250 train_time:118.496s step_avg:53.16ms
step:2230/3250 train_time:118.650s step_avg:53.21ms
step:2231/3250 train_time:118.806s step_avg:53.25ms
step:2232/3250 train_time:118.960s step_avg:53.30ms
step:2233/3250 train_time:119.115s step_avg:53.34ms
step:2234/3250 train_time:119.270s step_avg:53.39ms
step:2235/3250 train_time:119.424s step_avg:53.43ms
step:2236/3250 train_time:119.577s step_avg:53.48ms
step:2237/3250 train_time:119.733s step_avg:53.52ms
step:2238/3250 train_time:119.888s step_avg:53.57ms
step:2239/3250 train_time:120.044s step_avg:53.61ms
step:2240/3250 train_time:120.198s step_avg:53.66ms
step:2241/3250 train_time:120.353s step_avg:53.70ms
step:2242/3250 train_time:120.507s step_avg:53.75ms
step:2243/3250 train_time:120.662s step_avg:53.79ms
step:2244/3250 train_time:120.816s step_avg:53.84ms
step:2245/3250 train_time:120.970s step_avg:53.88ms
step:2246/3250 train_time:121.124s step_avg:53.93ms
step:2247/3250 train_time:121.278s step_avg:53.97ms
step:2248/3250 train_time:121.431s step_avg:54.02ms
step:2249/3250 train_time:121.587s step_avg:54.06ms
step:2250/3250 train_time:121.741s step_avg:54.11ms
step:2250/3250 val_loss:3.53329 train_time:121.753s step_avg:159.25ms
step:2251/3250 train_time:122.538s step_avg:54.44ms
step:2252/3250 train_time:122.677s step_avg:54.47ms
step:2253/3250 train_time:122.831s step_avg:54.52ms
step:2254/3250 train_time:122.985s step_avg:54.56ms
step:2255/3250 train_time:123.138s step_avg:54.61ms
step:2256/3250 train_time:123.292s step_avg:54.65ms
step:2257/3250 train_time:123.444s step_avg:54.69ms
step:2258/3250 train_time:123.597s step_avg:54.74ms
step:2259/3250 train_time:123.752s step_avg:54.78ms
step:2260/3250 train_time:123.905s step_avg:54.83ms
step:2261/3250 train_time:124.060s step_avg:54.87ms
step:2262/3250 train_time:124.215s step_avg:54.91ms
step:2263/3250 train_time:124.368s step_avg:54.96ms
step:2264/3250 train_time:124.522s step_avg:55.00ms
step:2265/3250 train_time:124.678s step_avg:55.05ms
step:2266/3250 train_time:124.833s step_avg:55.09ms
step:2267/3250 train_time:124.988s step_avg:55.13ms
step:2268/3250 train_time:125.142s step_avg:55.18ms
step:2269/3250 train_time:125.296s step_avg:55.22ms
step:2270/3250 train_time:125.450s step_avg:55.26ms
step:2271/3250 train_time:125.603s step_avg:55.31ms
step:2272/3250 train_time:125.758s step_avg:55.35ms
step:2273/3250 train_time:125.914s step_avg:55.40ms
step:2274/3250 train_time:126.068s step_avg:55.44ms
step:2275/3250 train_time:126.222s step_avg:55.48ms
step:2276/3250 train_time:126.376s step_avg:55.53ms
step:2277/3250 train_time:126.531s step_avg:55.57ms
step:2278/3250 train_time:126.683s step_avg:55.61ms
step:2279/3250 train_time:126.838s step_avg:55.66ms
step:2280/3250 train_time:126.994s step_avg:55.70ms
step:2281/3250 train_time:127.177s step_avg:55.75ms
step:2282/3250 train_time:127.332s step_avg:55.80ms
step:2283/3250 train_time:127.484s step_avg:55.84ms
step:2284/3250 train_time:127.638s step_avg:55.88ms
step:2285/3250 train_time:127.792s step_avg:55.93ms
step:2286/3250 train_time:127.945s step_avg:55.97ms
step:2287/3250 train_time:128.099s step_avg:56.01ms
step:2288/3250 train_time:128.254s step_avg:56.06ms
step:2289/3250 train_time:128.407s step_avg:56.10ms
step:2290/3250 train_time:128.561s step_avg:56.14ms
step:2291/3250 train_time:128.716s step_avg:56.18ms
step:2292/3250 train_time:128.870s step_avg:56.23ms
step:2293/3250 train_time:129.024s step_avg:56.27ms
step:2294/3250 train_time:129.178s step_avg:56.31ms
step:2295/3250 train_time:129.333s step_avg:56.35ms
step:2296/3250 train_time:129.487s step_avg:56.40ms
step:2297/3250 train_time:129.639s step_avg:56.44ms
step:2298/3250 train_time:129.795s step_avg:56.48ms
step:2299/3250 train_time:129.948s step_avg:56.52ms
step:2300/3250 train_time:130.103s step_avg:56.57ms
step:2301/3250 train_time:130.257s step_avg:56.61ms
step:2302/3250 train_time:130.413s step_avg:56.65ms
step:2303/3250 train_time:130.567s step_avg:56.69ms
step:2304/3250 train_time:130.721s step_avg:56.74ms
step:2305/3250 train_time:130.874s step_avg:56.78ms
step:2306/3250 train_time:131.029s step_avg:56.82ms
step:2307/3250 train_time:131.184s step_avg:56.86ms
step:2308/3250 train_time:131.338s step_avg:56.91ms
step:2309/3250 train_time:131.494s step_avg:56.95ms
step:2310/3250 train_time:131.646s step_avg:56.99ms
step:2311/3250 train_time:131.800s step_avg:57.03ms
step:2312/3250 train_time:131.955s step_avg:57.07ms
step:2313/3250 train_time:132.109s step_avg:57.12ms
step:2314/3250 train_time:132.263s step_avg:57.16ms
step:2315/3250 train_time:132.418s step_avg:57.20ms
step:2316/3250 train_time:132.573s step_avg:57.24ms
step:2317/3250 train_time:132.727s step_avg:57.28ms
step:2318/3250 train_time:132.882s step_avg:57.33ms
step:2319/3250 train_time:133.036s step_avg:57.37ms
step:2320/3250 train_time:133.190s step_avg:57.41ms
step:2321/3250 train_time:133.343s step_avg:57.45ms
step:2322/3250 train_time:133.498s step_avg:57.49ms
step:2323/3250 train_time:133.653s step_avg:57.53ms
step:2324/3250 train_time:133.807s step_avg:57.58ms
step:2325/3250 train_time:133.960s step_avg:57.62ms
step:2326/3250 train_time:134.117s step_avg:57.66ms
step:2327/3250 train_time:134.274s step_avg:57.70ms
step:2328/3250 train_time:134.427s step_avg:57.74ms
step:2329/3250 train_time:134.581s step_avg:57.78ms
step:2330/3250 train_time:134.735s step_avg:57.83ms
step:2331/3250 train_time:134.889s step_avg:57.87ms
step:2332/3250 train_time:135.042s step_avg:57.91ms
step:2333/3250 train_time:135.197s step_avg:57.95ms
step:2334/3250 train_time:135.351s step_avg:57.99ms
step:2335/3250 train_time:135.505s step_avg:58.03ms
step:2336/3250 train_time:135.659s step_avg:58.07ms
step:2337/3250 train_time:135.815s step_avg:58.12ms
step:2338/3250 train_time:135.967s step_avg:58.16ms
step:2339/3250 train_time:136.121s step_avg:58.20ms
step:2340/3250 train_time:136.276s step_avg:58.24ms
step:2341/3250 train_time:136.432s step_avg:58.28ms
step:2342/3250 train_time:136.585s step_avg:58.32ms
step:2343/3250 train_time:136.739s step_avg:58.36ms
step:2344/3250 train_time:136.893s step_avg:58.40ms
step:2345/3250 train_time:137.045s step_avg:58.44ms
step:2346/3250 train_time:137.200s step_avg:58.48ms
step:2347/3250 train_time:137.353s step_avg:58.52ms
step:2348/3250 train_time:137.507s step_avg:58.56ms
step:2349/3250 train_time:137.660s step_avg:58.60ms
step:2350/3250 train_time:137.816s step_avg:58.64ms
step:2351/3250 train_time:137.971s step_avg:58.69ms
step:2352/3250 train_time:138.124s step_avg:58.73ms
step:2353/3250 train_time:138.279s step_avg:58.77ms
step:2354/3250 train_time:138.435s step_avg:58.81ms
step:2355/3250 train_time:138.590s step_avg:58.85ms
step:2356/3250 train_time:138.743s step_avg:58.89ms
step:2357/3250 train_time:138.897s step_avg:58.93ms
step:2358/3250 train_time:139.051s step_avg:58.97ms
step:2359/3250 train_time:139.204s step_avg:59.01ms
step:2360/3250 train_time:139.358s step_avg:59.05ms
step:2361/3250 train_time:139.513s step_avg:59.09ms
step:2362/3250 train_time:139.667s step_avg:59.13ms
step:2363/3250 train_time:139.820s step_avg:59.17ms
step:2364/3250 train_time:139.975s step_avg:59.21ms
step:2365/3250 train_time:140.129s step_avg:59.25ms
step:2366/3250 train_time:140.283s step_avg:59.29ms
step:2367/3250 train_time:140.436s step_avg:59.33ms
step:2368/3250 train_time:140.591s step_avg:59.37ms
step:2369/3250 train_time:140.745s step_avg:59.41ms
step:2370/3250 train_time:140.898s step_avg:59.45ms
step:2371/3250 train_time:141.052s step_avg:59.49ms
step:2372/3250 train_time:141.205s step_avg:59.53ms
step:2373/3250 train_time:141.359s step_avg:59.57ms
step:2374/3250 train_time:141.514s step_avg:59.61ms
step:2375/3250 train_time:141.667s step_avg:59.65ms
step:2375/3250 val_loss:3.52984 train_time:141.679s step_avg:159.41ms
step:2376/3250 train_time:142.434s step_avg:59.95ms
step:2377/3250 train_time:142.573s step_avg:59.98ms
step:2378/3250 train_time:142.726s step_avg:60.02ms
step:2379/3250 train_time:142.879s step_avg:60.06ms
step:2380/3250 train_time:143.033s step_avg:60.10ms
step:2381/3250 train_time:143.187s step_avg:60.14ms
step:2382/3250 train_time:143.344s step_avg:60.18ms
step:2383/3250 train_time:143.499s step_avg:60.22ms
step:2384/3250 train_time:143.652s step_avg:60.26ms
step:2385/3250 train_time:143.806s step_avg:60.30ms
step:2386/3250 train_time:143.961s step_avg:60.34ms
step:2387/3250 train_time:144.114s step_avg:60.37ms
step:2388/3250 train_time:144.267s step_avg:60.41ms
step:2389/3250 train_time:144.422s step_avg:60.45ms
step:2390/3250 train_time:144.576s step_avg:60.49ms
step:2391/3250 train_time:144.729s step_avg:60.53ms
step:2392/3250 train_time:144.883s step_avg:60.57ms
step:2393/3250 train_time:145.037s step_avg:60.61ms
step:2394/3250 train_time:145.189s step_avg:60.65ms
step:2395/3250 train_time:145.344s step_avg:60.69ms
step:2396/3250 train_time:145.496s step_avg:60.72ms
step:2397/3250 train_time:145.651s step_avg:60.76ms
step:2398/3250 train_time:145.805s step_avg:60.80ms
step:2399/3250 train_time:145.961s step_avg:60.84ms
step:2400/3250 train_time:146.113s step_avg:60.88ms
step:2401/3250 train_time:146.266s step_avg:60.92ms
step:2402/3250 train_time:146.422s step_avg:60.96ms
step:2403/3250 train_time:146.575s step_avg:61.00ms
step:2404/3250 train_time:146.729s step_avg:61.04ms
step:2405/3250 train_time:146.883s step_avg:61.07ms
step:2406/3250 train_time:147.038s step_avg:61.11ms
step:2407/3250 train_time:147.190s step_avg:61.15ms
step:2408/3250 train_time:147.344s step_avg:61.19ms
step:2409/3250 train_time:147.498s step_avg:61.23ms
step:2410/3250 train_time:147.651s step_avg:61.27ms
step:2411/3250 train_time:147.804s step_avg:61.30ms
step:2412/3250 train_time:147.960s step_avg:61.34ms
step:2413/3250 train_time:148.114s step_avg:61.38ms
step:2414/3250 train_time:148.267s step_avg:61.42ms
step:2415/3250 train_time:148.422s step_avg:61.46ms
step:2416/3250 train_time:148.575s step_avg:61.50ms
step:2417/3250 train_time:148.729s step_avg:61.53ms
step:2418/3250 train_time:148.883s step_avg:61.57ms
step:2419/3250 train_time:149.037s step_avg:61.61ms
step:2420/3250 train_time:149.190s step_avg:61.65ms
step:2421/3250 train_time:149.344s step_avg:61.69ms
step:2422/3250 train_time:149.499s step_avg:61.73ms
step:2423/3250 train_time:149.652s step_avg:61.76ms
step:2424/3250 train_time:149.807s step_avg:61.80ms
step:2425/3250 train_time:149.963s step_avg:61.84ms
step:2426/3250 train_time:150.117s step_avg:61.88ms
step:2427/3250 train_time:150.270s step_avg:61.92ms
step:2428/3250 train_time:150.425s step_avg:61.95ms
step:2429/3250 train_time:150.579s step_avg:61.99ms
step:2430/3250 train_time:150.732s step_avg:62.03ms
step:2431/3250 train_time:150.886s step_avg:62.07ms
step:2432/3250 train_time:151.041s step_avg:62.11ms
step:2433/3250 train_time:151.195s step_avg:62.14ms
step:2434/3250 train_time:151.348s step_avg:62.18ms
step:2435/3250 train_time:151.502s step_avg:62.22ms
step:2436/3250 train_time:151.655s step_avg:62.26ms
step:2437/3250 train_time:151.809s step_avg:62.29ms
step:2438/3250 train_time:151.965s step_avg:62.33ms
step:2439/3250 train_time:152.120s step_avg:62.37ms
step:2440/3250 train_time:152.273s step_avg:62.41ms
step:2441/3250 train_time:152.428s step_avg:62.44ms
step:2442/3250 train_time:152.582s step_avg:62.48ms
step:2443/3250 train_time:152.737s step_avg:62.52ms
step:2444/3250 train_time:152.891s step_avg:62.56ms
step:2445/3250 train_time:153.045s step_avg:62.60ms
step:2446/3250 train_time:153.198s step_avg:62.63ms
step:2447/3250 train_time:153.351s step_avg:62.67ms
step:2448/3250 train_time:153.505s step_avg:62.71ms
step:2449/3250 train_time:153.660s step_avg:62.74ms
step:2450/3250 train_time:153.813s step_avg:62.78ms
step:2451/3250 train_time:153.967s step_avg:62.82ms
step:2452/3250 train_time:154.123s step_avg:62.86ms
step:2453/3250 train_time:154.276s step_avg:62.89ms
step:2454/3250 train_time:154.430s step_avg:62.93ms
step:2455/3250 train_time:154.584s step_avg:62.97ms
step:2456/3250 train_time:154.738s step_avg:63.00ms
step:2457/3250 train_time:154.891s step_avg:63.04ms
step:2458/3250 train_time:155.045s step_avg:63.08ms
step:2459/3250 train_time:155.200s step_avg:63.12ms
step:2460/3250 train_time:155.352s step_avg:63.15ms
step:2461/3250 train_time:155.507s step_avg:63.19ms
step:2462/3250 train_time:155.663s step_avg:63.23ms
step:2463/3250 train_time:155.817s step_avg:63.26ms
step:2464/3250 train_time:155.970s step_avg:63.30ms
step:2465/3250 train_time:156.124s step_avg:63.34ms
step:2466/3250 train_time:156.276s step_avg:63.37ms
step:2467/3250 train_time:156.430s step_avg:63.41ms
step:2468/3250 train_time:156.585s step_avg:63.45ms
step:2469/3250 train_time:156.740s step_avg:63.48ms
step:2470/3250 train_time:156.893s step_avg:63.52ms
step:2471/3250 train_time:157.075s step_avg:63.57ms
step:2472/3250 train_time:157.230s step_avg:63.60ms
step:2473/3250 train_time:157.384s step_avg:63.64ms
step:2474/3250 train_time:157.539s step_avg:63.68ms
step:2475/3250 train_time:157.691s step_avg:63.71ms
step:2476/3250 train_time:157.846s step_avg:63.75ms
step:2477/3250 train_time:158.000s step_avg:63.79ms
step:2478/3250 train_time:158.154s step_avg:63.82ms
step:2479/3250 train_time:158.308s step_avg:63.86ms
step:2480/3250 train_time:158.463s step_avg:63.90ms
step:2481/3250 train_time:158.619s step_avg:63.93ms
step:2482/3250 train_time:158.772s step_avg:63.97ms
step:2483/3250 train_time:158.925s step_avg:64.01ms
step:2484/3250 train_time:159.078s step_avg:64.04ms
step:2485/3250 train_time:159.232s step_avg:64.08ms
step:2486/3250 train_time:159.385s step_avg:64.11ms
step:2487/3250 train_time:159.541s step_avg:64.15ms
step:2488/3250 train_time:159.693s step_avg:64.19ms
step:2489/3250 train_time:159.848s step_avg:64.22ms
step:2490/3250 train_time:160.002s step_avg:64.26ms
step:2491/3250 train_time:160.157s step_avg:64.29ms
step:2492/3250 train_time:160.311s step_avg:64.33ms
step:2493/3250 train_time:160.465s step_avg:64.37ms
step:2494/3250 train_time:160.618s step_avg:64.40ms
step:2495/3250 train_time:160.771s step_avg:64.44ms
step:2496/3250 train_time:160.926s step_avg:64.47ms
step:2497/3250 train_time:161.080s step_avg:64.51ms
step:2498/3250 train_time:161.233s step_avg:64.54ms
step:2499/3250 train_time:161.387s step_avg:64.58ms
step:2500/3250 train_time:161.542s step_avg:64.62ms
step:2500/3250 val_loss:3.52223 train_time:161.554s step_avg:159.00ms
step:2501/3250 train_time:162.336s step_avg:64.91ms
step:2502/3250 train_time:162.473s step_avg:64.94ms
step:2503/3250 train_time:162.626s step_avg:64.97ms
step:2504/3250 train_time:162.780s step_avg:65.01ms
step:2505/3250 train_time:162.933s step_avg:65.04ms
step:2506/3250 train_time:163.087s step_avg:65.08ms
step:2507/3250 train_time:163.240s step_avg:65.11ms
step:2508/3250 train_time:163.393s step_avg:65.15ms
step:2509/3250 train_time:163.548s step_avg:65.18ms
step:2510/3250 train_time:163.701s step_avg:65.22ms
step:2511/3250 train_time:163.855s step_avg:65.25ms
step:2512/3250 train_time:164.009s step_avg:65.29ms
step:2513/3250 train_time:164.162s step_avg:65.33ms
step:2514/3250 train_time:164.316s step_avg:65.36ms
step:2515/3250 train_time:164.471s step_avg:65.40ms
step:2516/3250 train_time:164.624s step_avg:65.43ms
step:2517/3250 train_time:164.778s step_avg:65.47ms
step:2518/3250 train_time:164.934s step_avg:65.50ms
step:2519/3250 train_time:165.090s step_avg:65.54ms
step:2520/3250 train_time:165.244s step_avg:65.57ms
step:2521/3250 train_time:165.397s step_avg:65.61ms
step:2522/3250 train_time:165.552s step_avg:65.64ms
step:2523/3250 train_time:165.705s step_avg:65.68ms
step:2524/3250 train_time:165.859s step_avg:65.71ms
step:2525/3250 train_time:166.013s step_avg:65.75ms
step:2526/3250 train_time:166.168s step_avg:65.78ms
step:2527/3250 train_time:166.321s step_avg:65.82ms
step:2528/3250 train_time:166.475s step_avg:65.85ms
step:2529/3250 train_time:166.630s step_avg:65.89ms
step:2530/3250 train_time:166.784s step_avg:65.92ms
step:2531/3250 train_time:166.938s step_avg:65.96ms
step:2532/3250 train_time:167.092s step_avg:65.99ms
step:2533/3250 train_time:167.247s step_avg:66.03ms
step:2534/3250 train_time:167.401s step_avg:66.06ms
step:2535/3250 train_time:167.555s step_avg:66.10ms
step:2536/3250 train_time:167.709s step_avg:66.13ms
step:2537/3250 train_time:167.863s step_avg:66.17ms
step:2538/3250 train_time:168.016s step_avg:66.20ms
step:2539/3250 train_time:168.171s step_avg:66.24ms
step:2540/3250 train_time:168.326s step_avg:66.27ms
step:2541/3250 train_time:168.480s step_avg:66.30ms
step:2542/3250 train_time:168.634s step_avg:66.34ms
step:2543/3250 train_time:168.789s step_avg:66.37ms
step:2544/3250 train_time:168.941s step_avg:66.41ms
step:2545/3250 train_time:169.095s step_avg:66.44ms
step:2546/3250 train_time:169.251s step_avg:66.48ms
step:2547/3250 train_time:169.403s step_avg:66.51ms
step:2548/3250 train_time:169.557s step_avg:66.55ms
step:2549/3250 train_time:169.711s step_avg:66.58ms
step:2550/3250 train_time:169.866s step_avg:66.61ms
step:2551/3250 train_time:170.019s step_avg:66.65ms
step:2552/3250 train_time:170.173s step_avg:66.68ms
step:2553/3250 train_time:170.327s step_avg:66.72ms
step:2554/3250 train_time:170.480s step_avg:66.75ms
step:2555/3250 train_time:170.634s step_avg:66.78ms
step:2556/3250 train_time:170.789s step_avg:66.82ms
step:2557/3250 train_time:170.943s step_avg:66.85ms
step:2558/3250 train_time:171.096s step_avg:66.89ms
step:2559/3250 train_time:171.252s step_avg:66.92ms
step:2560/3250 train_time:171.406s step_avg:66.96ms
step:2561/3250 train_time:171.559s step_avg:66.99ms
step:2562/3250 train_time:171.713s step_avg:67.02ms
step:2563/3250 train_time:171.867s step_avg:67.06ms
step:2564/3250 train_time:172.019s step_avg:67.09ms
step:2565/3250 train_time:172.173s step_avg:67.12ms
step:2566/3250 train_time:172.327s step_avg:67.16ms
step:2567/3250 train_time:172.481s step_avg:67.19ms
step:2568/3250 train_time:172.636s step_avg:67.23ms
step:2569/3250 train_time:172.791s step_avg:67.26ms
step:2570/3250 train_time:172.946s step_avg:67.29ms
step:2571/3250 train_time:173.100s step_avg:67.33ms
step:2572/3250 train_time:173.254s step_avg:67.36ms
step:2573/3250 train_time:173.409s step_avg:67.40ms
step:2574/3250 train_time:173.563s step_avg:67.43ms
step:2575/3250 train_time:173.716s step_avg:67.46ms
step:2576/3250 train_time:173.871s step_avg:67.50ms
step:2577/3250 train_time:174.025s step_avg:67.53ms
step:2578/3250 train_time:174.179s step_avg:67.56ms
step:2579/3250 train_time:174.332s step_avg:67.60ms
step:2580/3250 train_time:174.487s step_avg:67.63ms
step:2581/3250 train_time:174.640s step_avg:67.66ms
step:2582/3250 train_time:174.795s step_avg:67.70ms
step:2583/3250 train_time:174.951s step_avg:67.73ms
step:2584/3250 train_time:175.104s step_avg:67.76ms
step:2585/3250 train_time:175.258s step_avg:67.80ms
step:2586/3250 train_time:175.411s step_avg:67.83ms
step:2587/3250 train_time:175.566s step_avg:67.86ms
step:2588/3250 train_time:175.719s step_avg:67.90ms
step:2589/3250 train_time:175.873s step_avg:67.93ms
step:2590/3250 train_time:176.028s step_avg:67.96ms
step:2591/3250 train_time:176.180s step_avg:68.00ms
step:2592/3250 train_time:176.334s step_avg:68.03ms
step:2593/3250 train_time:176.489s step_avg:68.06ms
step:2594/3250 train_time:176.643s step_avg:68.10ms
step:2595/3250 train_time:176.799s step_avg:68.13ms
step:2596/3250 train_time:176.952s step_avg:68.16ms
step:2597/3250 train_time:177.106s step_avg:68.20ms
step:2598/3250 train_time:177.259s step_avg:68.23ms
step:2599/3250 train_time:177.413s step_avg:68.26ms
step:2600/3250 train_time:177.569s step_avg:68.30ms
step:2601/3250 train_time:177.723s step_avg:68.33ms
step:2602/3250 train_time:177.876s step_avg:68.36ms
step:2603/3250 train_time:178.031s step_avg:68.39ms
step:2604/3250 train_time:178.185s step_avg:68.43ms
step:2605/3250 train_time:178.340s step_avg:68.46ms
step:2606/3250 train_time:178.494s step_avg:68.49ms
step:2607/3250 train_time:178.648s step_avg:68.53ms
step:2608/3250 train_time:178.801s step_avg:68.56ms
step:2609/3250 train_time:178.955s step_avg:68.59ms
step:2610/3250 train_time:179.109s step_avg:68.62ms
step:2611/3250 train_time:179.263s step_avg:68.66ms
step:2612/3250 train_time:179.417s step_avg:68.69ms
step:2613/3250 train_time:179.572s step_avg:68.72ms
step:2614/3250 train_time:179.726s step_avg:68.76ms
step:2615/3250 train_time:179.879s step_avg:68.79ms
step:2616/3250 train_time:180.033s step_avg:68.82ms
step:2617/3250 train_time:180.188s step_avg:68.85ms
step:2618/3250 train_time:180.340s step_avg:68.88ms
step:2619/3250 train_time:180.494s step_avg:68.92ms
step:2620/3250 train_time:180.649s step_avg:68.95ms
step:2621/3250 train_time:180.802s step_avg:68.98ms
step:2622/3250 train_time:180.956s step_avg:69.01ms
step:2623/3250 train_time:181.110s step_avg:69.05ms
step:2624/3250 train_time:181.264s step_avg:69.08ms
step:2625/3250 train_time:181.417s step_avg:69.11ms
step:2625/3250 val_loss:3.51511 train_time:181.429s step_avg:159.00ms
step:2626/3250 train_time:182.183s step_avg:69.38ms
step:2627/3250 train_time:182.324s step_avg:69.40ms
step:2628/3250 train_time:182.477s step_avg:69.44ms
step:2629/3250 train_time:182.631s step_avg:69.47ms
step:2630/3250 train_time:182.785s step_avg:69.50ms
step:2631/3250 train_time:182.938s step_avg:69.53ms
step:2632/3250 train_time:183.092s step_avg:69.56ms
step:2633/3250 train_time:183.245s step_avg:69.60ms
step:2634/3250 train_time:183.401s step_avg:69.63ms
step:2635/3250 train_time:183.555s step_avg:69.66ms
step:2636/3250 train_time:183.709s step_avg:69.69ms
step:2637/3250 train_time:183.863s step_avg:69.72ms
step:2638/3250 train_time:184.017s step_avg:69.76ms
step:2639/3250 train_time:184.171s step_avg:69.79ms
step:2640/3250 train_time:184.324s step_avg:69.82ms
step:2641/3250 train_time:184.479s step_avg:69.85ms
step:2642/3250 train_time:184.632s step_avg:69.88ms
step:2643/3250 train_time:184.786s step_avg:69.92ms
step:2644/3250 train_time:184.940s step_avg:69.95ms
step:2645/3250 train_time:185.095s step_avg:69.98ms
step:2646/3250 train_time:185.249s step_avg:70.01ms
step:2647/3250 train_time:185.405s step_avg:70.04ms
step:2648/3250 train_time:185.561s step_avg:70.08ms
step:2649/3250 train_time:185.715s step_avg:70.11ms
step:2650/3250 train_time:185.869s step_avg:70.14ms
step:2651/3250 train_time:186.024s step_avg:70.17ms
step:2652/3250 train_time:186.178s step_avg:70.20ms
step:2653/3250 train_time:186.332s step_avg:70.23ms
step:2654/3250 train_time:186.486s step_avg:70.27ms
step:2655/3250 train_time:186.640s step_avg:70.30ms
step:2656/3250 train_time:186.796s step_avg:70.33ms
step:2657/3250 train_time:186.950s step_avg:70.36ms
step:2658/3250 train_time:187.104s step_avg:70.39ms
step:2659/3250 train_time:187.259s step_avg:70.42ms
step:2660/3250 train_time:187.412s step_avg:70.46ms
step:2661/3250 train_time:187.597s step_avg:70.50ms
step:2662/3250 train_time:187.751s step_avg:70.53ms
step:2663/3250 train_time:187.907s step_avg:70.56ms
step:2664/3250 train_time:188.061s step_avg:70.59ms
step:2665/3250 train_time:188.214s step_avg:70.62ms
step:2666/3250 train_time:188.369s step_avg:70.66ms
step:2667/3250 train_time:188.524s step_avg:70.69ms
step:2668/3250 train_time:188.680s step_avg:70.72ms
step:2669/3250 train_time:188.832s step_avg:70.75ms
step:2670/3250 train_time:188.986s step_avg:70.78ms
step:2671/3250 train_time:189.140s step_avg:70.81ms
step:2672/3250 train_time:189.293s step_avg:70.84ms
step:2673/3250 train_time:189.447s step_avg:70.87ms
step:2674/3250 train_time:189.602s step_avg:70.91ms
step:2675/3250 train_time:189.754s step_avg:70.94ms
step:2676/3250 train_time:189.909s step_avg:70.97ms
step:2677/3250 train_time:190.064s step_avg:71.00ms
step:2678/3250 train_time:190.220s step_avg:71.03ms
step:2679/3250 train_time:190.375s step_avg:71.06ms
step:2680/3250 train_time:190.529s step_avg:71.09ms
step:2681/3250 train_time:190.684s step_avg:71.12ms
step:2682/3250 train_time:190.838s step_avg:71.16ms
step:2683/3250 train_time:190.992s step_avg:71.19ms
step:2684/3250 train_time:191.146s step_avg:71.22ms
step:2685/3250 train_time:191.302s step_avg:71.25ms
step:2686/3250 train_time:191.456s step_avg:71.28ms
step:2687/3250 train_time:191.611s step_avg:71.31ms
step:2688/3250 train_time:191.765s step_avg:71.34ms
step:2689/3250 train_time:191.921s step_avg:71.37ms
step:2690/3250 train_time:192.075s step_avg:71.40ms
step:2691/3250 train_time:192.229s step_avg:71.43ms
step:2692/3250 train_time:192.384s step_avg:71.47ms
step:2693/3250 train_time:192.538s step_avg:71.50ms
step:2694/3250 train_time:192.692s step_avg:71.53ms
step:2695/3250 train_time:192.847s step_avg:71.56ms
step:2696/3250 train_time:193.004s step_avg:71.59ms
step:2697/3250 train_time:193.159s step_avg:71.62ms
step:2698/3250 train_time:193.313s step_avg:71.65ms
step:2699/3250 train_time:193.468s step_avg:71.68ms
step:2700/3250 train_time:193.622s step_avg:71.71ms
step:2701/3250 train_time:193.777s step_avg:71.74ms
step:2702/3250 train_time:193.931s step_avg:71.77ms
step:2703/3250 train_time:194.086s step_avg:71.80ms
step:2704/3250 train_time:194.241s step_avg:71.83ms
step:2705/3250 train_time:194.396s step_avg:71.87ms
step:2706/3250 train_time:194.550s step_avg:71.90ms
step:2707/3250 train_time:194.705s step_avg:71.93ms
step:2708/3250 train_time:194.861s step_avg:71.96ms
step:2709/3250 train_time:195.015s step_avg:71.99ms
step:2710/3250 train_time:195.169s step_avg:72.02ms
step:2711/3250 train_time:195.326s step_avg:72.05ms
step:2712/3250 train_time:195.482s step_avg:72.08ms
step:2713/3250 train_time:195.634s step_avg:72.11ms
step:2714/3250 train_time:195.790s step_avg:72.14ms
step:2715/3250 train_time:195.944s step_avg:72.17ms
step:2716/3250 train_time:196.102s step_avg:72.20ms
step:2717/3250 train_time:196.256s step_avg:72.23ms
step:2718/3250 train_time:196.412s step_avg:72.26ms
step:2719/3250 train_time:196.566s step_avg:72.29ms
step:2720/3250 train_time:196.722s step_avg:72.32ms
step:2721/3250 train_time:196.875s step_avg:72.35ms
step:2722/3250 train_time:197.028s step_avg:72.38ms
step:2723/3250 train_time:197.183s step_avg:72.41ms
step:2724/3250 train_time:197.336s step_avg:72.44ms
step:2725/3250 train_time:197.490s step_avg:72.47ms
step:2726/3250 train_time:197.644s step_avg:72.50ms
step:2727/3250 train_time:197.799s step_avg:72.53ms
step:2728/3250 train_time:197.952s step_avg:72.56ms
step:2729/3250 train_time:198.107s step_avg:72.59ms
step:2730/3250 train_time:198.263s step_avg:72.62ms
step:2731/3250 train_time:198.417s step_avg:72.65ms
step:2732/3250 train_time:198.571s step_avg:72.68ms
step:2733/3250 train_time:198.725s step_avg:72.71ms
step:2734/3250 train_time:198.880s step_avg:72.74ms
step:2735/3250 train_time:199.033s step_avg:72.77ms
step:2736/3250 train_time:199.187s step_avg:72.80ms
step:2737/3250 train_time:199.342s step_avg:72.83ms
step:2738/3250 train_time:199.496s step_avg:72.86ms
step:2739/3250 train_time:199.650s step_avg:72.89ms
step:2740/3250 train_time:199.805s step_avg:72.92ms
step:2741/3250 train_time:199.959s step_avg:72.95ms
step:2742/3250 train_time:200.112s step_avg:72.98ms
step:2743/3250 train_time:200.267s step_avg:73.01ms
step:2744/3250 train_time:200.422s step_avg:73.04ms
step:2745/3250 train_time:200.577s step_avg:73.07ms
step:2746/3250 train_time:200.731s step_avg:73.10ms
step:2747/3250 train_time:200.885s step_avg:73.13ms
step:2748/3250 train_time:201.040s step_avg:73.16ms
step:2749/3250 train_time:201.194s step_avg:73.19ms
step:2750/3250 train_time:201.349s step_avg:73.22ms
step:2750/3250 val_loss:3.51197 train_time:201.361s step_avg:159.45ms
step:2751/3250 train_time:202.131s step_avg:73.48ms
EXIT=0 rid=eos_f1500_s110
