=== curvature eos_f1500_s110 : 2250 2375 2500 2625 2750 ===
W0830 23:16:41.926000 16560 torch/distributed/run.py:852] 
W0830 23:16:41.926000 16560 torch/distributed/run.py:852] *****************************************
W0830 23:16:41.926000 16560 torch/distributed/run.py:852] Setting OMP_NUM_THREADS environment variable for each process to be 1 in default, to avoid your system being overloaded, please further tune the variable for optimal performance in your application as needed. 
W0830 23:16:41.926000 16560 torch/distributed/run.py:852] *****************************************
step 2250 lanczos round 1/8: 10 active (27s)
step 2250 lanczos round 2/8: 10 active (52s)
step 2250 lanczos round 3/8: 10 active (77s)
step 2250 lanczos round 4/8: 10 active (102s)
step 2250 lanczos round 5/8: 10 active (127s)
step 2250 lanczos round 6/8: 10 active (152s)
step 2250 lanczos round 7/8: 10 active (177s)
step 2250 lanczos round 8/8: 0 active (202s)
step 2250 done in 224.6s
step 2375 lanczos round 1/8: 10 active (27s)
step 2375 lanczos round 2/8: 10 active (52s)
step 2375 lanczos round 3/8: 10 active (77s)
step 2375 lanczos round 4/8: 10 active (102s)
step 2375 lanczos round 5/8: 10 active (127s)
step 2375 lanczos round 6/8: 10 active (152s)
step 2375 lanczos round 7/8: 10 active (177s)
step 2375 lanczos round 8/8: 0 active (202s)
step 2375 done in 224.2s
step 2500 lanczos round 1/8: 10 active (27s)
step 2500 lanczos round 2/8: 10 active (52s)
step 2500 lanczos round 3/8: 10 active (77s)
step 2500 lanczos round 4/8: 10 active (102s)
step 2500 lanczos round 5/8: 10 active (127s)
step 2500 lanczos round 6/8: 10 active (152s)
step 2500 lanczos round 7/8: 10 active (177s)
step 2500 lanczos round 8/8: 0 active (202s)
step 2500 done in 224.2s
step 2625 lanczos round 1/8: 10 active (27s)
step 2625 lanczos round 2/8: 10 active (52s)
step 2625 lanczos round 3/8: 10 active (77s)
step 2625 lanczos round 4/8: 10 active (102s)
step 2625 lanczos round 5/8: 10 active (127s)
step 2625 lanczos round 6/8: 10 active (152s)
step 2625 lanczos round 7/8: 10 active (177s)
step 2625 lanczos round 8/8: 0 active (202s)
step 2625 done in 224.0s
step 2750 lanczos round 1/8: 10 active (27s)
step 2750 lanczos round 2/8: 10 active (52s)
step 2750 lanczos round 3/8: 10 active (77s)
step 2750 lanczos round 4/8: 10 active (102s)
step 2750 lanczos round 5/8: 10 active (127s)
step 2750 lanczos round 6/8: 10 active (152s)
step 2750 lanczos round 7/8: 10 active (177s)
step 2750 lanczos round 8/8: 0 active (202s)
step 2750 done in 224.0s
wrote dumps_eos_f1500_s110/req019_per_matrix_curvature.json
PERMATRIX_DONE
CURV_EXIT=0 rid=eos_f1500_s110
