=== eos_f2000_s170 : resume eos_shared_state@2000 ===
W0830 15:14:19.686000 22494 torch/distributed/run.py:852] 
W0830 15:14:19.686000 22494 torch/distributed/run.py:852] *****************************************
W0830 15:14:19.686000 22494 torch/distributed/run.py:852] Setting OMP_NUM_THREADS environment variable for each process to be 1 in default, to avoid your system being overloaded, please further tune the variable for optimal performance in your application as needed. 
W0830 15:14:19.686000 22494 torch/distributed/run.py:852] *****************************************
logs/877f68e3-55aa-46be-8d2e-3cf6b598a03b.txt
resumed training state from step 2000 in eos_shared_state, skipped 2000 batches
step:0/3250 val_loss:3.44321 train_time:0.001s step_avg:nanms
learning_rates step:2000 [{'pattern': '^embed\\.weight$', 'lr': [1.19]}, {'pattern': '^proj\\.weight$', 'lr': [0.0068]}, {'pattern': '^blocks\\..*\\.weight$', 'lr': [0.0425]}, {'pattern': '.*', 'lr': [0.0255]}]
step:2001/3250 train_time:2.982s step_avg:1.49ms
learning_rates step:2001 [{'pattern': '^embed\\.weight$', 'lr': [1.19]}, {'pattern': '^proj\\.weight$', 'lr': [0.0068]}, {'pattern': '^blocks\\..*\\.weight$', 'lr': [0.0425]}, {'pattern': '.*', 'lr': [0.0255]}]
step:2002/3250 train_time:3.121s step_avg:1.56ms
step:2003/3250 train_time:3.276s step_avg:1.64ms
step:2004/3250 train_time:3.429s step_avg:1.71ms
step:2005/3250 train_time:3.582s step_avg:1.79ms
step:2006/3250 train_time:3.736s step_avg:1.86ms
step:2007/3250 train_time:3.888s step_avg:1.94ms
step:2008/3250 train_time:4.041s step_avg:2.01ms
step:2009/3250 train_time:4.195s step_avg:2.09ms
step:2010/3250 train_time:4.347s step_avg:2.16ms
step:2011/3250 train_time:4.500s step_avg:2.24ms
step:2012/3250 train_time:4.653s step_avg:2.31ms
step:2013/3250 train_time:4.806s step_avg:2.39ms
step:2014/3250 train_time:4.959s step_avg:2.46ms
step:2015/3250 train_time:5.112s step_avg:2.54ms
step:2016/3250 train_time:5.266s step_avg:2.61ms
step:2017/3250 train_time:5.420s step_avg:2.69ms
step:2018/3250 train_time:5.573s step_avg:2.76ms
step:2019/3250 train_time:5.726s step_avg:2.84ms
step:2020/3250 train_time:5.881s step_avg:2.91ms
step:2021/3250 train_time:6.036s step_avg:2.99ms
step:2022/3250 train_time:6.189s step_avg:3.06ms
step:2023/3250 train_time:6.343s step_avg:3.14ms
step:2024/3250 train_time:6.497s step_avg:3.21ms
step:2025/3250 train_time:6.650s step_avg:3.28ms
step:2026/3250 train_time:6.804s step_avg:3.36ms
step:2027/3250 train_time:6.957s step_avg:3.43ms
step:2028/3250 train_time:7.110s step_avg:3.51ms
step:2029/3250 train_time:7.265s step_avg:3.58ms
step:2030/3250 train_time:7.419s step_avg:3.65ms
step:2031/3250 train_time:7.572s step_avg:3.73ms
step:2032/3250 train_time:7.727s step_avg:3.80ms
step:2033/3250 train_time:7.880s step_avg:3.88ms
step:2034/3250 train_time:8.034s step_avg:3.95ms
step:2035/3250 train_time:8.187s step_avg:4.02ms
step:2036/3250 train_time:8.340s step_avg:4.10ms
step:2037/3250 train_time:8.496s step_avg:4.17ms
step:2038/3250 train_time:8.648s step_avg:4.24ms
step:2039/3250 train_time:8.803s step_avg:4.32ms
step:2040/3250 train_time:8.958s step_avg:4.39ms
step:2041/3250 train_time:9.113s step_avg:4.46ms
step:2042/3250 train_time:9.266s step_avg:4.54ms
step:2043/3250 train_time:9.419s step_avg:4.61ms
step:2044/3250 train_time:9.573s step_avg:4.68ms
step:2045/3250 train_time:9.727s step_avg:4.76ms
step:2046/3250 train_time:9.880s step_avg:4.83ms
step:2047/3250 train_time:10.036s step_avg:4.90ms
step:2048/3250 train_time:10.189s step_avg:4.98ms
step:2049/3250 train_time:10.343s step_avg:5.05ms
step:2050/3250 train_time:10.497s step_avg:5.12ms
step:2051/3250 train_time:10.649s step_avg:5.19ms
step:2052/3250 train_time:10.804s step_avg:5.27ms
step:2053/3250 train_time:10.958s step_avg:5.34ms
step:2054/3250 train_time:11.112s step_avg:5.41ms
step:2055/3250 train_time:11.266s step_avg:5.48ms
step:2056/3250 train_time:11.419s step_avg:5.55ms
step:2057/3250 train_time:11.573s step_avg:5.63ms
step:2058/3250 train_time:11.726s step_avg:5.70ms
step:2059/3250 train_time:11.880s step_avg:5.77ms
step:2060/3250 train_time:12.034s step_avg:5.84ms
step:2061/3250 train_time:12.187s step_avg:5.91ms
step:2062/3250 train_time:12.341s step_avg:5.99ms
step:2063/3250 train_time:12.497s step_avg:6.06ms
step:2064/3250 train_time:12.650s step_avg:6.13ms
step:2065/3250 train_time:12.806s step_avg:6.20ms
step:2066/3250 train_time:12.958s step_avg:6.27ms
step:2067/3250 train_time:13.113s step_avg:6.34ms
step:2068/3250 train_time:13.267s step_avg:6.42ms
step:2069/3250 train_time:13.420s step_avg:6.49ms
step:2070/3250 train_time:13.574s step_avg:6.56ms
step:2071/3250 train_time:13.728s step_avg:6.63ms
step:2072/3250 train_time:13.881s step_avg:6.70ms
step:2073/3250 train_time:14.036s step_avg:6.77ms
step:2074/3250 train_time:14.189s step_avg:6.84ms
step:2075/3250 train_time:14.343s step_avg:6.91ms
step:2076/3250 train_time:14.498s step_avg:6.98ms
step:2077/3250 train_time:14.652s step_avg:7.05ms
step:2078/3250 train_time:14.805s step_avg:7.12ms
step:2079/3250 train_time:14.957s step_avg:7.19ms
step:2080/3250 train_time:15.111s step_avg:7.26ms
step:2081/3250 train_time:15.265s step_avg:7.34ms
step:2082/3250 train_time:15.420s step_avg:7.41ms
step:2083/3250 train_time:15.574s step_avg:7.48ms
step:2084/3250 train_time:15.726s step_avg:7.55ms
step:2085/3250 train_time:15.880s step_avg:7.62ms
step:2086/3250 train_time:16.034s step_avg:7.69ms
step:2087/3250 train_time:16.188s step_avg:7.76ms
step:2088/3250 train_time:16.342s step_avg:7.83ms
step:2089/3250 train_time:16.496s step_avg:7.90ms
step:2090/3250 train_time:16.649s step_avg:7.97ms
step:2091/3250 train_time:16.841s step_avg:8.05ms
step:2092/3250 train_time:16.995s step_avg:8.12ms
step:2093/3250 train_time:17.147s step_avg:8.19ms
step:2094/3250 train_time:17.301s step_avg:8.26ms
step:2095/3250 train_time:17.454s step_avg:8.33ms
step:2096/3250 train_time:17.609s step_avg:8.40ms
step:2097/3250 train_time:17.763s step_avg:8.47ms
step:2098/3250 train_time:17.918s step_avg:8.54ms
step:2099/3250 train_time:18.071s step_avg:8.61ms
step:2100/3250 train_time:18.225s step_avg:8.68ms
step:2101/3250 train_time:18.378s step_avg:8.75ms
step:2102/3250 train_time:18.532s step_avg:8.82ms
step:2103/3250 train_time:18.686s step_avg:8.89ms
step:2104/3250 train_time:18.841s step_avg:8.95ms
step:2105/3250 train_time:18.995s step_avg:9.02ms
step:2106/3250 train_time:19.148s step_avg:9.09ms
step:2107/3250 train_time:19.301s step_avg:9.16ms
step:2108/3250 train_time:19.455s step_avg:9.23ms
step:2109/3250 train_time:19.609s step_avg:9.30ms
step:2110/3250 train_time:19.763s step_avg:9.37ms
step:2111/3250 train_time:19.917s step_avg:9.44ms
step:2112/3250 train_time:20.071s step_avg:9.50ms
step:2113/3250 train_time:20.225s step_avg:9.57ms
step:2114/3250 train_time:20.378s step_avg:9.64ms
step:2115/3250 train_time:20.531s step_avg:9.71ms
step:2116/3250 train_time:20.685s step_avg:9.78ms
step:2117/3250 train_time:20.839s step_avg:9.84ms
step:2118/3250 train_time:20.993s step_avg:9.91ms
step:2119/3250 train_time:21.148s step_avg:9.98ms
step:2120/3250 train_time:21.302s step_avg:10.05ms
step:2121/3250 train_time:21.456s step_avg:10.12ms
step:2122/3250 train_time:21.608s step_avg:10.18ms
step:2123/3250 train_time:21.763s step_avg:10.25ms
step:2124/3250 train_time:21.918s step_avg:10.32ms
step:2125/3250 train_time:22.071s step_avg:10.39ms
step:2125/3250 val_loss:3.70558 train_time:22.083s step_avg:10.39ms
step:2126/3250 train_time:22.931s step_avg:10.79ms
step:2127/3250 train_time:23.071s step_avg:10.85ms
step:2128/3250 train_time:23.225s step_avg:10.91ms
step:2129/3250 train_time:23.377s step_avg:10.98ms
step:2130/3250 train_time:23.530s step_avg:11.05ms
step:2131/3250 train_time:23.684s step_avg:11.11ms
step:2132/3250 train_time:23.839s step_avg:11.18ms
step:2133/3250 train_time:23.992s step_avg:11.25ms
step:2134/3250 train_time:24.148s step_avg:11.32ms
step:2135/3250 train_time:24.301s step_avg:11.38ms
step:2136/3250 train_time:24.455s step_avg:11.45ms
step:2137/3250 train_time:24.608s step_avg:11.52ms
step:2138/3250 train_time:24.762s step_avg:11.58ms
step:2139/3250 train_time:24.917s step_avg:11.65ms
step:2140/3250 train_time:25.070s step_avg:11.71ms
step:2141/3250 train_time:25.224s step_avg:11.78ms
step:2142/3250 train_time:25.377s step_avg:11.85ms
step:2143/3250 train_time:25.531s step_avg:11.91ms
step:2144/3250 train_time:25.684s step_avg:11.98ms
step:2145/3250 train_time:25.838s step_avg:12.05ms
step:2146/3250 train_time:25.990s step_avg:12.11ms
step:2147/3250 train_time:26.145s step_avg:12.18ms
step:2148/3250 train_time:26.299s step_avg:12.24ms
step:2149/3250 train_time:26.453s step_avg:12.31ms
step:2150/3250 train_time:26.607s step_avg:12.38ms
step:2151/3250 train_time:26.761s step_avg:12.44ms
step:2152/3250 train_time:26.916s step_avg:12.51ms
step:2153/3250 train_time:27.070s step_avg:12.57ms
step:2154/3250 train_time:27.224s step_avg:12.64ms
step:2155/3250 train_time:27.377s step_avg:12.70ms
step:2156/3250 train_time:27.532s step_avg:12.77ms
step:2157/3250 train_time:27.686s step_avg:12.84ms
step:2158/3250 train_time:27.839s step_avg:12.90ms
step:2159/3250 train_time:27.994s step_avg:12.97ms
step:2160/3250 train_time:28.149s step_avg:13.03ms
step:2161/3250 train_time:28.303s step_avg:13.10ms
step:2162/3250 train_time:28.457s step_avg:13.16ms
step:2163/3250 train_time:28.610s step_avg:13.23ms
step:2164/3250 train_time:28.764s step_avg:13.29ms
step:2165/3250 train_time:28.917s step_avg:13.36ms
step:2166/3250 train_time:29.070s step_avg:13.42ms
step:2167/3250 train_time:29.224s step_avg:13.49ms
step:2168/3250 train_time:29.377s step_avg:13.55ms
step:2169/3250 train_time:29.531s step_avg:13.61ms
step:2170/3250 train_time:29.685s step_avg:13.68ms
step:2171/3250 train_time:29.839s step_avg:13.74ms
step:2172/3250 train_time:29.995s step_avg:13.81ms
step:2173/3250 train_time:30.149s step_avg:13.87ms
step:2174/3250 train_time:30.303s step_avg:13.94ms
step:2175/3250 train_time:30.456s step_avg:14.00ms
step:2176/3250 train_time:30.610s step_avg:14.07ms
step:2177/3250 train_time:30.765s step_avg:14.13ms
step:2178/3250 train_time:30.919s step_avg:14.20ms
step:2179/3250 train_time:31.073s step_avg:14.26ms
step:2180/3250 train_time:31.228s step_avg:14.32ms
step:2181/3250 train_time:31.381s step_avg:14.39ms
step:2182/3250 train_time:31.536s step_avg:14.45ms
step:2183/3250 train_time:31.689s step_avg:14.52ms
step:2184/3250 train_time:31.843s step_avg:14.58ms
step:2185/3250 train_time:31.996s step_avg:14.64ms
step:2186/3250 train_time:32.150s step_avg:14.71ms
step:2187/3250 train_time:32.304s step_avg:14.77ms
step:2188/3250 train_time:32.458s step_avg:14.83ms
step:2189/3250 train_time:32.612s step_avg:14.90ms
step:2190/3250 train_time:32.765s step_avg:14.96ms
step:2191/3250 train_time:32.918s step_avg:15.02ms
step:2192/3250 train_time:33.072s step_avg:15.09ms
step:2193/3250 train_time:33.228s step_avg:15.15ms
step:2194/3250 train_time:33.380s step_avg:15.21ms
step:2195/3250 train_time:33.536s step_avg:15.28ms
step:2196/3250 train_time:33.690s step_avg:15.34ms
step:2197/3250 train_time:33.844s step_avg:15.40ms
step:2198/3250 train_time:33.997s step_avg:15.47ms
step:2199/3250 train_time:34.151s step_avg:15.53ms
step:2200/3250 train_time:34.304s step_avg:15.59ms
step:2201/3250 train_time:34.458s step_avg:15.66ms
step:2202/3250 train_time:34.612s step_avg:15.72ms
step:2203/3250 train_time:34.768s step_avg:15.78ms
step:2204/3250 train_time:34.921s step_avg:15.84ms
step:2205/3250 train_time:35.075s step_avg:15.91ms
step:2206/3250 train_time:35.229s step_avg:15.97ms
step:2207/3250 train_time:35.382s step_avg:16.03ms
step:2208/3250 train_time:35.536s step_avg:16.09ms
step:2209/3250 train_time:35.690s step_avg:16.16ms
step:2210/3250 train_time:35.844s step_avg:16.22ms
step:2211/3250 train_time:35.998s step_avg:16.28ms
step:2212/3250 train_time:36.153s step_avg:16.34ms
step:2213/3250 train_time:36.308s step_avg:16.41ms
step:2214/3250 train_time:36.463s step_avg:16.47ms
step:2215/3250 train_time:36.619s step_avg:16.53ms
step:2216/3250 train_time:36.774s step_avg:16.59ms
step:2217/3250 train_time:36.928s step_avg:16.66ms
step:2218/3250 train_time:37.082s step_avg:16.72ms
step:2219/3250 train_time:37.236s step_avg:16.78ms
step:2220/3250 train_time:37.389s step_avg:16.84ms
step:2221/3250 train_time:37.543s step_avg:16.90ms
step:2222/3250 train_time:37.697s step_avg:16.97ms
step:2223/3250 train_time:37.851s step_avg:17.03ms
step:2224/3250 train_time:38.006s step_avg:17.09ms
step:2225/3250 train_time:38.159s step_avg:17.15ms
step:2226/3250 train_time:38.313s step_avg:17.21ms
step:2227/3250 train_time:38.469s step_avg:17.27ms
step:2228/3250 train_time:38.623s step_avg:17.34ms
step:2229/3250 train_time:38.777s step_avg:17.40ms
step:2230/3250 train_time:38.930s step_avg:17.46ms
step:2231/3250 train_time:39.084s step_avg:17.52ms
step:2232/3250 train_time:39.238s step_avg:17.58ms
step:2233/3250 train_time:39.391s step_avg:17.64ms
step:2234/3250 train_time:39.547s step_avg:17.70ms
step:2235/3250 train_time:39.701s step_avg:17.76ms
step:2236/3250 train_time:39.856s step_avg:17.82ms
step:2237/3250 train_time:40.010s step_avg:17.89ms
step:2238/3250 train_time:40.163s step_avg:17.95ms
step:2239/3250 train_time:40.317s step_avg:18.01ms
step:2240/3250 train_time:40.470s step_avg:18.07ms
step:2241/3250 train_time:40.626s step_avg:18.13ms
step:2242/3250 train_time:40.779s step_avg:18.19ms
step:2243/3250 train_time:40.933s step_avg:18.25ms
step:2244/3250 train_time:41.088s step_avg:18.31ms
step:2245/3250 train_time:41.241s step_avg:18.37ms
step:2246/3250 train_time:41.395s step_avg:18.43ms
step:2247/3250 train_time:41.549s step_avg:18.49ms
step:2248/3250 train_time:41.703s step_avg:18.55ms
step:2249/3250 train_time:41.857s step_avg:18.61ms
step:2250/3250 train_time:42.011s step_avg:18.67ms
step:2250/3250 val_loss:3.65731 train_time:42.023s step_avg:159.52ms
step:2251/3250 train_time:42.781s step_avg:19.01ms
step:2252/3250 train_time:42.919s step_avg:19.06ms
step:2253/3250 train_time:43.073s step_avg:19.12ms
step:2254/3250 train_time:43.226s step_avg:19.18ms
step:2255/3250 train_time:43.380s step_avg:19.24ms
step:2256/3250 train_time:43.534s step_avg:19.30ms
step:2257/3250 train_time:43.688s step_avg:19.36ms
step:2258/3250 train_time:43.843s step_avg:19.42ms
step:2259/3250 train_time:43.999s step_avg:19.48ms
step:2260/3250 train_time:44.152s step_avg:19.54ms
step:2261/3250 train_time:44.306s step_avg:19.60ms
step:2262/3250 train_time:44.460s step_avg:19.66ms
step:2263/3250 train_time:44.613s step_avg:19.71ms
step:2264/3250 train_time:44.768s step_avg:19.77ms
step:2265/3250 train_time:44.921s step_avg:19.83ms
step:2266/3250 train_time:45.076s step_avg:19.89ms
step:2267/3250 train_time:45.230s step_avg:19.95ms
step:2268/3250 train_time:45.384s step_avg:20.01ms
step:2269/3250 train_time:45.538s step_avg:20.07ms
step:2270/3250 train_time:45.691s step_avg:20.13ms
step:2271/3250 train_time:45.846s step_avg:20.19ms
step:2272/3250 train_time:45.999s step_avg:20.25ms
step:2273/3250 train_time:46.153s step_avg:20.31ms
step:2274/3250 train_time:46.308s step_avg:20.36ms
step:2275/3250 train_time:46.461s step_avg:20.42ms
step:2276/3250 train_time:46.614s step_avg:20.48ms
step:2277/3250 train_time:46.768s step_avg:20.54ms
step:2278/3250 train_time:46.922s step_avg:20.60ms
step:2279/3250 train_time:47.076s step_avg:20.66ms
step:2280/3250 train_time:47.230s step_avg:20.71ms
step:2281/3250 train_time:47.420s step_avg:20.79ms
step:2282/3250 train_time:47.573s step_avg:20.85ms
step:2283/3250 train_time:47.726s step_avg:20.90ms
step:2284/3250 train_time:47.880s step_avg:20.96ms
step:2285/3250 train_time:48.033s step_avg:21.02ms
step:2286/3250 train_time:48.187s step_avg:21.08ms
step:2287/3250 train_time:48.341s step_avg:21.14ms
step:2288/3250 train_time:48.497s step_avg:21.20ms
step:2289/3250 train_time:48.650s step_avg:21.25ms
step:2290/3250 train_time:48.805s step_avg:21.31ms
step:2291/3250 train_time:48.958s step_avg:21.37ms
step:2292/3250 train_time:49.111s step_avg:21.43ms
step:2293/3250 train_time:49.266s step_avg:21.49ms
step:2294/3250 train_time:49.420s step_avg:21.54ms
step:2295/3250 train_time:49.575s step_avg:21.60ms
step:2296/3250 train_time:49.728s step_avg:21.66ms
step:2297/3250 train_time:49.884s step_avg:21.72ms
step:2298/3250 train_time:50.038s step_avg:21.77ms
step:2299/3250 train_time:50.192s step_avg:21.83ms
step:2300/3250 train_time:50.346s step_avg:21.89ms
step:2301/3250 train_time:50.500s step_avg:21.95ms
step:2302/3250 train_time:50.654s step_avg:22.00ms
step:2303/3250 train_time:50.807s step_avg:22.06ms
step:2304/3250 train_time:50.961s step_avg:22.12ms
step:2305/3250 train_time:51.115s step_avg:22.18ms
step:2306/3250 train_time:51.269s step_avg:22.23ms
step:2307/3250 train_time:51.423s step_avg:22.29ms
step:2308/3250 train_time:51.579s step_avg:22.35ms
step:2309/3250 train_time:51.731s step_avg:22.40ms
step:2310/3250 train_time:51.886s step_avg:22.46ms
step:2311/3250 train_time:52.040s step_avg:22.52ms
step:2312/3250 train_time:52.194s step_avg:22.58ms
step:2313/3250 train_time:52.348s step_avg:22.63ms
step:2314/3250 train_time:52.502s step_avg:22.69ms
step:2315/3250 train_time:52.656s step_avg:22.75ms
step:2316/3250 train_time:52.810s step_avg:22.80ms
step:2317/3250 train_time:52.965s step_avg:22.86ms
step:2318/3250 train_time:53.119s step_avg:22.92ms
step:2319/3250 train_time:53.273s step_avg:22.97ms
step:2320/3250 train_time:53.428s step_avg:23.03ms
step:2321/3250 train_time:53.582s step_avg:23.09ms
step:2322/3250 train_time:53.735s step_avg:23.14ms
step:2323/3250 train_time:53.889s step_avg:23.20ms
step:2324/3250 train_time:54.043s step_avg:23.25ms
step:2325/3250 train_time:54.197s step_avg:23.31ms
step:2326/3250 train_time:54.352s step_avg:23.37ms
step:2327/3250 train_time:54.507s step_avg:23.42ms
step:2328/3250 train_time:54.661s step_avg:23.48ms
step:2329/3250 train_time:54.815s step_avg:23.54ms
step:2330/3250 train_time:54.968s step_avg:23.59ms
step:2331/3250 train_time:55.122s step_avg:23.65ms
step:2332/3250 train_time:55.277s step_avg:23.70ms
step:2333/3250 train_time:55.430s step_avg:23.76ms
step:2334/3250 train_time:55.585s step_avg:23.82ms
step:2335/3250 train_time:55.738s step_avg:23.87ms
step:2336/3250 train_time:55.893s step_avg:23.93ms
step:2337/3250 train_time:56.047s step_avg:23.98ms
step:2338/3250 train_time:56.201s step_avg:24.04ms
step:2339/3250 train_time:56.355s step_avg:24.09ms
step:2340/3250 train_time:56.509s step_avg:24.15ms
step:2341/3250 train_time:56.663s step_avg:24.20ms
step:2342/3250 train_time:56.817s step_avg:24.26ms
step:2343/3250 train_time:56.970s step_avg:24.32ms
step:2344/3250 train_time:57.125s step_avg:24.37ms
step:2345/3250 train_time:57.278s step_avg:24.43ms
step:2346/3250 train_time:57.433s step_avg:24.48ms
step:2347/3250 train_time:57.588s step_avg:24.54ms
step:2348/3250 train_time:57.741s step_avg:24.59ms
step:2349/3250 train_time:57.897s step_avg:24.65ms
step:2350/3250 train_time:58.050s step_avg:24.70ms
step:2351/3250 train_time:58.205s step_avg:24.76ms
step:2352/3250 train_time:58.359s step_avg:24.81ms
step:2353/3250 train_time:58.513s step_avg:24.87ms
step:2354/3250 train_time:58.667s step_avg:24.92ms
step:2355/3250 train_time:58.820s step_avg:24.98ms
step:2356/3250 train_time:58.976s step_avg:25.03ms
step:2357/3250 train_time:59.129s step_avg:25.09ms
step:2358/3250 train_time:59.285s step_avg:25.14ms
step:2359/3250 train_time:59.438s step_avg:25.20ms
step:2360/3250 train_time:59.591s step_avg:25.25ms
step:2361/3250 train_time:59.746s step_avg:25.31ms
step:2362/3250 train_time:59.900s step_avg:25.36ms
step:2363/3250 train_time:60.056s step_avg:25.41ms
step:2364/3250 train_time:60.208s step_avg:25.47ms
step:2365/3250 train_time:60.363s step_avg:25.52ms
step:2366/3250 train_time:60.516s step_avg:25.58ms
step:2367/3250 train_time:60.670s step_avg:25.63ms
step:2368/3250 train_time:60.825s step_avg:25.69ms
step:2369/3250 train_time:60.978s step_avg:25.74ms
step:2370/3250 train_time:61.133s step_avg:25.79ms
step:2371/3250 train_time:61.287s step_avg:25.85ms
step:2372/3250 train_time:61.440s step_avg:25.90ms
step:2373/3250 train_time:61.598s step_avg:25.96ms
step:2374/3250 train_time:61.752s step_avg:26.01ms
step:2375/3250 train_time:61.906s step_avg:26.07ms
step:2375/3250 val_loss:3.63148 train_time:61.918s step_avg:159.16ms
step:2376/3250 train_time:62.714s step_avg:26.39ms
step:2377/3250 train_time:62.853s step_avg:26.44ms
step:2378/3250 train_time:63.007s step_avg:26.50ms
step:2379/3250 train_time:63.160s step_avg:26.55ms
step:2380/3250 train_time:63.314s step_avg:26.60ms
step:2381/3250 train_time:63.467s step_avg:26.66ms
step:2382/3250 train_time:63.622s step_avg:26.71ms
step:2383/3250 train_time:63.775s step_avg:26.76ms
step:2384/3250 train_time:63.930s step_avg:26.82ms
step:2385/3250 train_time:64.083s step_avg:26.87ms
step:2386/3250 train_time:64.236s step_avg:26.92ms
step:2387/3250 train_time:64.389s step_avg:26.97ms
step:2388/3250 train_time:64.542s step_avg:27.03ms
step:2389/3250 train_time:64.696s step_avg:27.08ms
step:2390/3250 train_time:64.851s step_avg:27.13ms
step:2391/3250 train_time:65.006s step_avg:27.19ms
step:2392/3250 train_time:65.160s step_avg:27.24ms
step:2393/3250 train_time:65.313s step_avg:27.29ms
step:2394/3250 train_time:65.466s step_avg:27.35ms
step:2395/3250 train_time:65.620s step_avg:27.40ms
step:2396/3250 train_time:65.774s step_avg:27.45ms
step:2397/3250 train_time:65.929s step_avg:27.50ms
step:2398/3250 train_time:66.085s step_avg:27.56ms
step:2399/3250 train_time:66.238s step_avg:27.61ms
step:2400/3250 train_time:66.392s step_avg:27.66ms
step:2401/3250 train_time:66.547s step_avg:27.72ms
step:2402/3250 train_time:66.700s step_avg:27.77ms
step:2403/3250 train_time:66.854s step_avg:27.82ms
step:2404/3250 train_time:67.008s step_avg:27.87ms
step:2405/3250 train_time:67.162s step_avg:27.93ms
step:2406/3250 train_time:67.316s step_avg:27.98ms
step:2407/3250 train_time:67.469s step_avg:28.03ms
step:2408/3250 train_time:67.624s step_avg:28.08ms
step:2409/3250 train_time:67.778s step_avg:28.14ms
step:2410/3250 train_time:67.933s step_avg:28.19ms
step:2411/3250 train_time:68.087s step_avg:28.24ms
step:2412/3250 train_time:68.240s step_avg:28.29ms
step:2413/3250 train_time:68.395s step_avg:28.34ms
step:2414/3250 train_time:68.548s step_avg:28.40ms
step:2415/3250 train_time:68.704s step_avg:28.45ms
step:2416/3250 train_time:68.857s step_avg:28.50ms
step:2417/3250 train_time:69.012s step_avg:28.55ms
step:2418/3250 train_time:69.166s step_avg:28.60ms
step:2419/3250 train_time:69.319s step_avg:28.66ms
step:2420/3250 train_time:69.474s step_avg:28.71ms
step:2421/3250 train_time:69.628s step_avg:28.76ms
step:2422/3250 train_time:69.782s step_avg:28.81ms
step:2423/3250 train_time:69.935s step_avg:28.86ms
step:2424/3250 train_time:70.089s step_avg:28.91ms
step:2425/3250 train_time:70.242s step_avg:28.97ms
step:2426/3250 train_time:70.396s step_avg:29.02ms
step:2427/3250 train_time:70.549s step_avg:29.07ms
step:2428/3250 train_time:70.705s step_avg:29.12ms
step:2429/3250 train_time:70.858s step_avg:29.17ms
step:2430/3250 train_time:71.013s step_avg:29.22ms
step:2431/3250 train_time:71.167s step_avg:29.27ms
step:2432/3250 train_time:71.321s step_avg:29.33ms
step:2433/3250 train_time:71.475s step_avg:29.38ms
step:2434/3250 train_time:71.629s step_avg:29.43ms
step:2435/3250 train_time:71.784s step_avg:29.48ms
step:2436/3250 train_time:71.937s step_avg:29.53ms
step:2437/3250 train_time:72.091s step_avg:29.58ms
step:2438/3250 train_time:72.245s step_avg:29.63ms
step:2439/3250 train_time:72.399s step_avg:29.68ms
step:2440/3250 train_time:72.554s step_avg:29.74ms
step:2441/3250 train_time:72.707s step_avg:29.79ms
step:2442/3250 train_time:72.862s step_avg:29.84ms
step:2443/3250 train_time:73.015s step_avg:29.89ms
step:2444/3250 train_time:73.168s step_avg:29.94ms
step:2445/3250 train_time:73.324s step_avg:29.99ms
step:2446/3250 train_time:73.477s step_avg:30.04ms
step:2447/3250 train_time:73.631s step_avg:30.09ms
step:2448/3250 train_time:73.785s step_avg:30.14ms
step:2449/3250 train_time:73.938s step_avg:30.19ms
step:2450/3250 train_time:74.092s step_avg:30.24ms
step:2451/3250 train_time:74.245s step_avg:30.29ms
step:2452/3250 train_time:74.399s step_avg:30.34ms
step:2453/3250 train_time:74.553s step_avg:30.39ms
step:2454/3250 train_time:74.708s step_avg:30.44ms
step:2455/3250 train_time:74.861s step_avg:30.49ms
step:2456/3250 train_time:75.015s step_avg:30.54ms
step:2457/3250 train_time:75.168s step_avg:30.59ms
step:2458/3250 train_time:75.324s step_avg:30.64ms
step:2459/3250 train_time:75.477s step_avg:30.69ms
step:2460/3250 train_time:75.631s step_avg:30.74ms
step:2461/3250 train_time:75.787s step_avg:30.80ms
step:2462/3250 train_time:75.940s step_avg:30.84ms
step:2463/3250 train_time:76.095s step_avg:30.90ms
step:2464/3250 train_time:76.247s step_avg:30.94ms
step:2465/3250 train_time:76.402s step_avg:30.99ms
step:2466/3250 train_time:76.556s step_avg:31.04ms
step:2467/3250 train_time:76.709s step_avg:31.09ms
step:2468/3250 train_time:76.863s step_avg:31.14ms
step:2469/3250 train_time:77.016s step_avg:31.19ms
step:2470/3250 train_time:77.170s step_avg:31.24ms
step:2471/3250 train_time:77.362s step_avg:31.31ms
step:2472/3250 train_time:77.515s step_avg:31.36ms
step:2473/3250 train_time:77.668s step_avg:31.41ms
step:2474/3250 train_time:77.822s step_avg:31.46ms
step:2475/3250 train_time:77.975s step_avg:31.51ms
step:2476/3250 train_time:78.129s step_avg:31.55ms
step:2477/3250 train_time:78.284s step_avg:31.60ms
step:2478/3250 train_time:78.438s step_avg:31.65ms
step:2479/3250 train_time:78.593s step_avg:31.70ms
step:2480/3250 train_time:78.746s step_avg:31.75ms
step:2481/3250 train_time:78.900s step_avg:31.80ms
step:2482/3250 train_time:79.055s step_avg:31.85ms
step:2483/3250 train_time:79.208s step_avg:31.90ms
step:2484/3250 train_time:79.362s step_avg:31.95ms
step:2485/3250 train_time:79.515s step_avg:32.00ms
step:2486/3250 train_time:79.669s step_avg:32.05ms
step:2487/3250 train_time:79.824s step_avg:32.10ms
step:2488/3250 train_time:79.977s step_avg:32.15ms
step:2489/3250 train_time:80.132s step_avg:32.19ms
step:2490/3250 train_time:80.287s step_avg:32.24ms
step:2491/3250 train_time:80.440s step_avg:32.29ms
step:2492/3250 train_time:80.595s step_avg:32.34ms
step:2493/3250 train_time:80.748s step_avg:32.39ms
step:2494/3250 train_time:80.903s step_avg:32.44ms
step:2495/3250 train_time:81.057s step_avg:32.49ms
step:2496/3250 train_time:81.211s step_avg:32.54ms
step:2497/3250 train_time:81.366s step_avg:32.59ms
step:2498/3250 train_time:81.520s step_avg:32.63ms
step:2499/3250 train_time:81.674s step_avg:32.68ms
step:2500/3250 train_time:81.829s step_avg:32.73ms
step:2500/3250 val_loss:3.61576 train_time:81.840s step_avg:159.38ms
step:2501/3250 train_time:82.585s step_avg:33.02ms
step:2502/3250 train_time:82.727s step_avg:33.06ms
step:2503/3250 train_time:82.879s step_avg:33.11ms
step:2504/3250 train_time:83.032s step_avg:33.16ms
step:2505/3250 train_time:83.185s step_avg:33.21ms
step:2506/3250 train_time:83.338s step_avg:33.26ms
step:2507/3250 train_time:83.492s step_avg:33.30ms
step:2508/3250 train_time:83.646s step_avg:33.35ms
step:2509/3250 train_time:83.799s step_avg:33.40ms
step:2510/3250 train_time:83.954s step_avg:33.45ms
step:2511/3250 train_time:84.108s step_avg:33.50ms
step:2512/3250 train_time:84.262s step_avg:33.54ms
step:2513/3250 train_time:84.417s step_avg:33.59ms
step:2514/3250 train_time:84.570s step_avg:33.64ms
step:2515/3250 train_time:84.725s step_avg:33.69ms
step:2516/3250 train_time:84.878s step_avg:33.74ms
step:2517/3250 train_time:85.033s step_avg:33.78ms
step:2518/3250 train_time:85.187s step_avg:33.83ms
step:2519/3250 train_time:85.341s step_avg:33.88ms
step:2520/3250 train_time:85.495s step_avg:33.93ms
step:2521/3250 train_time:85.648s step_avg:33.97ms
step:2522/3250 train_time:85.804s step_avg:34.02ms
step:2523/3250 train_time:85.958s step_avg:34.07ms
step:2524/3250 train_time:86.112s step_avg:34.12ms
step:2525/3250 train_time:86.265s step_avg:34.16ms
step:2526/3250 train_time:86.420s step_avg:34.21ms
step:2527/3250 train_time:86.574s step_avg:34.26ms
step:2528/3250 train_time:86.729s step_avg:34.31ms
step:2529/3250 train_time:86.884s step_avg:34.36ms
step:2530/3250 train_time:87.038s step_avg:34.40ms
step:2531/3250 train_time:87.192s step_avg:34.45ms
step:2532/3250 train_time:87.346s step_avg:34.50ms
step:2533/3250 train_time:87.499s step_avg:34.54ms
step:2534/3250 train_time:87.653s step_avg:34.59ms
step:2535/3250 train_time:87.806s step_avg:34.64ms
step:2536/3250 train_time:87.960s step_avg:34.68ms
step:2537/3250 train_time:88.115s step_avg:34.73ms
step:2538/3250 train_time:88.267s step_avg:34.78ms
step:2539/3250 train_time:88.422s step_avg:34.83ms
step:2540/3250 train_time:88.576s step_avg:34.87ms
step:2541/3250 train_time:88.729s step_avg:34.92ms
step:2542/3250 train_time:88.883s step_avg:34.97ms
step:2543/3250 train_time:89.038s step_avg:35.01ms
step:2544/3250 train_time:89.191s step_avg:35.06ms
step:2545/3250 train_time:89.345s step_avg:35.11ms
step:2546/3250 train_time:89.498s step_avg:35.15ms
step:2547/3250 train_time:89.653s step_avg:35.20ms
step:2548/3250 train_time:89.806s step_avg:35.25ms
step:2549/3250 train_time:89.960s step_avg:35.29ms
step:2550/3250 train_time:90.116s step_avg:35.34ms
step:2551/3250 train_time:90.268s step_avg:35.39ms
step:2552/3250 train_time:90.423s step_avg:35.43ms
step:2553/3250 train_time:90.576s step_avg:35.48ms
step:2554/3250 train_time:90.730s step_avg:35.52ms
step:2555/3250 train_time:90.884s step_avg:35.57ms
step:2556/3250 train_time:91.039s step_avg:35.62ms
step:2557/3250 train_time:91.193s step_avg:35.66ms
step:2558/3250 train_time:91.347s step_avg:35.71ms
step:2559/3250 train_time:91.499s step_avg:35.76ms
step:2560/3250 train_time:91.654s step_avg:35.80ms
step:2561/3250 train_time:91.807s step_avg:35.85ms
step:2562/3250 train_time:91.962s step_avg:35.89ms
step:2563/3250 train_time:92.117s step_avg:35.94ms
step:2564/3250 train_time:92.270s step_avg:35.99ms
step:2565/3250 train_time:92.425s step_avg:36.03ms
step:2566/3250 train_time:92.578s step_avg:36.08ms
step:2567/3250 train_time:92.732s step_avg:36.12ms
step:2568/3250 train_time:92.886s step_avg:36.17ms
step:2569/3250 train_time:93.039s step_avg:36.22ms
step:2570/3250 train_time:93.194s step_avg:36.26ms
step:2571/3250 train_time:93.346s step_avg:36.31ms
step:2572/3250 train_time:93.500s step_avg:36.35ms
step:2573/3250 train_time:93.656s step_avg:36.40ms
step:2574/3250 train_time:93.810s step_avg:36.45ms
step:2575/3250 train_time:93.964s step_avg:36.49ms
step:2576/3250 train_time:94.118s step_avg:36.54ms
step:2577/3250 train_time:94.271s step_avg:36.58ms
step:2578/3250 train_time:94.425s step_avg:36.63ms
step:2579/3250 train_time:94.578s step_avg:36.67ms
step:2580/3250 train_time:94.733s step_avg:36.72ms
step:2581/3250 train_time:94.886s step_avg:36.76ms
step:2582/3250 train_time:95.040s step_avg:36.81ms
step:2583/3250 train_time:95.195s step_avg:36.85ms
step:2584/3250 train_time:95.348s step_avg:36.90ms
step:2585/3250 train_time:95.503s step_avg:36.95ms
step:2586/3250 train_time:95.656s step_avg:36.99ms
step:2587/3250 train_time:95.812s step_avg:37.04ms
step:2588/3250 train_time:95.965s step_avg:37.08ms
step:2589/3250 train_time:96.120s step_avg:37.13ms
step:2590/3250 train_time:96.274s step_avg:37.17ms
step:2591/3250 train_time:96.428s step_avg:37.22ms
step:2592/3250 train_time:96.582s step_avg:37.26ms
step:2593/3250 train_time:96.737s step_avg:37.31ms
step:2594/3250 train_time:96.890s step_avg:37.35ms
step:2595/3250 train_time:97.044s step_avg:37.40ms
step:2596/3250 train_time:97.197s step_avg:37.44ms
step:2597/3250 train_time:97.351s step_avg:37.49ms
step:2598/3250 train_time:97.506s step_avg:37.53ms
step:2599/3250 train_time:97.659s step_avg:37.58ms
step:2600/3250 train_time:97.814s step_avg:37.62ms
step:2601/3250 train_time:97.966s step_avg:37.66ms
step:2602/3250 train_time:98.120s step_avg:37.71ms
step:2603/3250 train_time:98.273s step_avg:37.75ms
step:2604/3250 train_time:98.427s step_avg:37.80ms
step:2605/3250 train_time:98.580s step_avg:37.84ms
step:2606/3250 train_time:98.733s step_avg:37.89ms
step:2607/3250 train_time:98.887s step_avg:37.93ms
step:2608/3250 train_time:99.041s step_avg:37.98ms
step:2609/3250 train_time:99.195s step_avg:38.02ms
step:2610/3250 train_time:99.349s step_avg:38.06ms
step:2611/3250 train_time:99.504s step_avg:38.11ms
step:2612/3250 train_time:99.658s step_avg:38.15ms
step:2613/3250 train_time:99.812s step_avg:38.20ms
step:2614/3250 train_time:99.965s step_avg:38.24ms
step:2615/3250 train_time:100.120s step_avg:38.29ms
step:2616/3250 train_time:100.275s step_avg:38.33ms
step:2617/3250 train_time:100.430s step_avg:38.38ms
step:2618/3250 train_time:100.585s step_avg:38.42ms
step:2619/3250 train_time:100.739s step_avg:38.46ms
step:2620/3250 train_time:100.893s step_avg:38.51ms
step:2621/3250 train_time:101.046s step_avg:38.55ms
step:2622/3250 train_time:101.200s step_avg:38.60ms
step:2623/3250 train_time:101.355s step_avg:38.64ms
step:2624/3250 train_time:101.509s step_avg:38.68ms
step:2625/3250 train_time:101.665s step_avg:38.73ms
step:2625/3250 val_loss:3.60375 train_time:101.676s step_avg:158.69ms
step:2626/3250 train_time:102.431s step_avg:39.01ms
step:2627/3250 train_time:102.571s step_avg:39.04ms
step:2628/3250 train_time:102.726s step_avg:39.09ms
step:2629/3250 train_time:102.879s step_avg:39.13ms
step:2630/3250 train_time:103.032s step_avg:39.18ms
step:2631/3250 train_time:103.186s step_avg:39.22ms
step:2632/3250 train_time:103.338s step_avg:39.26ms
step:2633/3250 train_time:103.493s step_avg:39.31ms
step:2634/3250 train_time:103.647s step_avg:39.35ms
step:2635/3250 train_time:103.799s step_avg:39.39ms
step:2636/3250 train_time:103.954s step_avg:39.44ms
step:2637/3250 train_time:104.106s step_avg:39.48ms
step:2638/3250 train_time:104.260s step_avg:39.52ms
step:2639/3250 train_time:104.415s step_avg:39.57ms
step:2640/3250 train_time:104.567s step_avg:39.61ms
step:2641/3250 train_time:104.721s step_avg:39.65ms
step:2642/3250 train_time:104.874s step_avg:39.69ms
step:2643/3250 train_time:105.028s step_avg:39.74ms
step:2644/3250 train_time:105.182s step_avg:39.78ms
step:2645/3250 train_time:105.336s step_avg:39.82ms
step:2646/3250 train_time:105.489s step_avg:39.87ms
step:2647/3250 train_time:105.644s step_avg:39.91ms
step:2648/3250 train_time:105.796s step_avg:39.95ms
step:2649/3250 train_time:105.952s step_avg:40.00ms
step:2650/3250 train_time:106.105s step_avg:40.04ms
step:2651/3250 train_time:106.259s step_avg:40.08ms
step:2652/3250 train_time:106.414s step_avg:40.13ms
step:2653/3250 train_time:106.567s step_avg:40.17ms
step:2654/3250 train_time:106.720s step_avg:40.21ms
step:2655/3250 train_time:106.874s step_avg:40.25ms
step:2656/3250 train_time:107.028s step_avg:40.30ms
step:2657/3250 train_time:107.183s step_avg:40.34ms
step:2658/3250 train_time:107.337s step_avg:40.38ms
step:2659/3250 train_time:107.491s step_avg:40.43ms
step:2660/3250 train_time:107.645s step_avg:40.47ms
step:2661/3250 train_time:107.835s step_avg:40.52ms
step:2662/3250 train_time:107.988s step_avg:40.57ms
step:2663/3250 train_time:108.142s step_avg:40.61ms
step:2664/3250 train_time:108.295s step_avg:40.65ms
step:2665/3250 train_time:108.448s step_avg:40.69ms
step:2666/3250 train_time:108.602s step_avg:40.74ms
step:2667/3250 train_time:108.755s step_avg:40.78ms
step:2668/3250 train_time:108.911s step_avg:40.82ms
step:2669/3250 train_time:109.066s step_avg:40.86ms
step:2670/3250 train_time:109.219s step_avg:40.91ms
step:2671/3250 train_time:109.374s step_avg:40.95ms
step:2672/3250 train_time:109.527s step_avg:40.99ms
step:2673/3250 train_time:109.680s step_avg:41.03ms
step:2674/3250 train_time:109.835s step_avg:41.08ms
step:2675/3250 train_time:109.988s step_avg:41.12ms
step:2676/3250 train_time:110.142s step_avg:41.16ms
step:2677/3250 train_time:110.295s step_avg:41.20ms
step:2678/3250 train_time:110.449s step_avg:41.24ms
step:2679/3250 train_time:110.604s step_avg:41.29ms
step:2680/3250 train_time:110.757s step_avg:41.33ms
step:2681/3250 train_time:110.911s step_avg:41.37ms
step:2682/3250 train_time:111.066s step_avg:41.41ms
step:2683/3250 train_time:111.219s step_avg:41.45ms
step:2684/3250 train_time:111.374s step_avg:41.50ms
step:2685/3250 train_time:111.527s step_avg:41.54ms
step:2686/3250 train_time:111.681s step_avg:41.58ms
step:2687/3250 train_time:111.835s step_avg:41.62ms
step:2688/3250 train_time:111.989s step_avg:41.66ms
step:2689/3250 train_time:112.144s step_avg:41.70ms
step:2690/3250 train_time:112.296s step_avg:41.75ms
step:2691/3250 train_time:112.452s step_avg:41.79ms
step:2692/3250 train_time:112.605s step_avg:41.83ms
step:2693/3250 train_time:112.759s step_avg:41.87ms
step:2694/3250 train_time:112.913s step_avg:41.91ms
step:2695/3250 train_time:113.067s step_avg:41.95ms
step:2696/3250 train_time:113.220s step_avg:42.00ms
step:2697/3250 train_time:113.374s step_avg:42.04ms
step:2698/3250 train_time:113.529s step_avg:42.08ms
step:2699/3250 train_time:113.685s step_avg:42.12ms
step:2700/3250 train_time:113.839s step_avg:42.16ms
step:2701/3250 train_time:113.994s step_avg:42.20ms
step:2702/3250 train_time:114.147s step_avg:42.25ms
step:2703/3250 train_time:114.300s step_avg:42.29ms
step:2704/3250 train_time:114.455s step_avg:42.33ms
step:2705/3250 train_time:114.608s step_avg:42.37ms
step:2706/3250 train_time:114.763s step_avg:42.41ms
step:2707/3250 train_time:114.917s step_avg:42.45ms
step:2708/3250 train_time:115.071s step_avg:42.49ms
step:2709/3250 train_time:115.225s step_avg:42.53ms
step:2710/3250 train_time:115.379s step_avg:42.58ms
step:2711/3250 train_time:115.533s step_avg:42.62ms
step:2712/3250 train_time:115.687s step_avg:42.66ms
step:2713/3250 train_time:115.842s step_avg:42.70ms
step:2714/3250 train_time:115.995s step_avg:42.74ms
step:2715/3250 train_time:116.150s step_avg:42.78ms
step:2716/3250 train_time:116.304s step_avg:42.82ms
step:2717/3250 train_time:116.458s step_avg:42.86ms
step:2718/3250 train_time:116.613s step_avg:42.90ms
step:2719/3250 train_time:116.766s step_avg:42.94ms
step:2720/3250 train_time:116.920s step_avg:42.99ms
step:2721/3250 train_time:117.074s step_avg:43.03ms
step:2722/3250 train_time:117.228s step_avg:43.07ms
step:2723/3250 train_time:117.382s step_avg:43.11ms
step:2724/3250 train_time:117.535s step_avg:43.15ms
step:2725/3250 train_time:117.689s step_avg:43.19ms
step:2726/3250 train_time:117.843s step_avg:43.23ms
step:2727/3250 train_time:117.996s step_avg:43.27ms
step:2728/3250 train_time:118.150s step_avg:43.31ms
step:2729/3250 train_time:118.304s step_avg:43.35ms
step:2730/3250 train_time:118.457s step_avg:43.39ms
step:2731/3250 train_time:118.611s step_avg:43.43ms
step:2732/3250 train_time:118.766s step_avg:43.47ms
step:2733/3250 train_time:118.920s step_avg:43.51ms
step:2734/3250 train_time:119.074s step_avg:43.55ms
step:2735/3250 train_time:119.228s step_avg:43.59ms
step:2736/3250 train_time:119.382s step_avg:43.63ms
step:2737/3250 train_time:119.536s step_avg:43.67ms
step:2738/3250 train_time:119.691s step_avg:43.71ms
step:2739/3250 train_time:119.845s step_avg:43.76ms
step:2740/3250 train_time:119.998s step_avg:43.79ms
step:2741/3250 train_time:120.153s step_avg:43.84ms
step:2742/3250 train_time:120.307s step_avg:43.88ms
step:2743/3250 train_time:120.462s step_avg:43.92ms
step:2744/3250 train_time:120.616s step_avg:43.96ms
step:2745/3250 train_time:120.769s step_avg:44.00ms
step:2746/3250 train_time:120.923s step_avg:44.04ms
step:2747/3250 train_time:121.076s step_avg:44.08ms
step:2748/3250 train_time:121.231s step_avg:44.12ms
step:2749/3250 train_time:121.386s step_avg:44.16ms
step:2750/3250 train_time:121.539s step_avg:44.20ms
step:2750/3250 val_loss:3.59638 train_time:121.551s step_avg:159.00ms
step:2751/3250 train_time:122.309s step_avg:44.46ms
step:2752/3250 train_time:122.447s step_avg:44.49ms
step:2753/3250 train_time:122.599s step_avg:44.53ms
step:2754/3250 train_time:122.752s step_avg:44.57ms
step:2755/3250 train_time:122.906s step_avg:44.61ms
step:2756/3250 train_time:123.059s step_avg:44.65ms
step:2757/3250 train_time:123.213s step_avg:44.69ms
step:2758/3250 train_time:123.366s step_avg:44.73ms
step:2759/3250 train_time:123.520s step_avg:44.77ms
step:2760/3250 train_time:123.674s step_avg:44.81ms
step:2761/3250 train_time:123.827s step_avg:44.85ms
step:2762/3250 train_time:123.980s step_avg:44.89ms
step:2763/3250 train_time:124.134s step_avg:44.93ms
step:2764/3250 train_time:124.287s step_avg:44.97ms
step:2765/3250 train_time:124.440s step_avg:45.01ms
step:2766/3250 train_time:124.593s step_avg:45.04ms
step:2767/3250 train_time:124.747s step_avg:45.08ms
step:2768/3250 train_time:124.901s step_avg:45.12ms
step:2769/3250 train_time:125.056s step_avg:45.16ms
step:2770/3250 train_time:125.211s step_avg:45.20ms
step:2771/3250 train_time:125.366s step_avg:45.24ms
step:2772/3250 train_time:125.519s step_avg:45.28ms
step:2773/3250 train_time:125.675s step_avg:45.32ms
step:2774/3250 train_time:125.828s step_avg:45.36ms
step:2775/3250 train_time:125.983s step_avg:45.40ms
step:2776/3250 train_time:126.137s step_avg:45.44ms
step:2777/3250 train_time:126.291s step_avg:45.48ms
step:2778/3250 train_time:126.445s step_avg:45.52ms
step:2779/3250 train_time:126.598s step_avg:45.56ms
step:2780/3250 train_time:126.751s step_avg:45.59ms
step:2781/3250 train_time:126.908s step_avg:45.63ms
step:2782/3250 train_time:127.062s step_avg:45.67ms
step:2783/3250 train_time:127.217s step_avg:45.71ms
step:2784/3250 train_time:127.371s step_avg:45.75ms
step:2785/3250 train_time:127.525s step_avg:45.79ms
step:2786/3250 train_time:127.679s step_avg:45.83ms
step:2787/3250 train_time:127.832s step_avg:45.87ms
step:2788/3250 train_time:127.986s step_avg:45.91ms
step:2789/3250 train_time:128.140s step_avg:45.94ms
step:2790/3250 train_time:128.294s step_avg:45.98ms
step:2791/3250 train_time:128.447s step_avg:46.02ms
step:2792/3250 train_time:128.602s step_avg:46.06ms
step:2793/3250 train_time:128.757s step_avg:46.10ms
step:2794/3250 train_time:128.912s step_avg:46.14ms
step:2795/3250 train_time:129.066s step_avg:46.18ms
step:2796/3250 train_time:129.220s step_avg:46.22ms
step:2797/3250 train_time:129.375s step_avg:46.25ms
step:2798/3250 train_time:129.528s step_avg:46.29ms
step:2799/3250 train_time:129.683s step_avg:46.33ms
step:2800/3250 train_time:129.837s step_avg:46.37ms
step:2801/3250 train_time:129.992s step_avg:46.41ms
step:2802/3250 train_time:130.146s step_avg:46.45ms
step:2803/3250 train_time:130.300s step_avg:46.49ms
step:2804/3250 train_time:130.454s step_avg:46.52ms
step:2805/3250 train_time:130.607s step_avg:46.56ms
step:2806/3250 train_time:130.763s step_avg:46.60ms
step:2807/3250 train_time:130.919s step_avg:46.64ms
step:2808/3250 train_time:131.074s step_avg:46.68ms
step:2809/3250 train_time:131.227s step_avg:46.72ms
step:2810/3250 train_time:131.381s step_avg:46.75ms
step:2811/3250 train_time:131.535s step_avg:46.79ms
step:2812/3250 train_time:131.689s step_avg:46.83ms
step:2813/3250 train_time:131.842s step_avg:46.87ms
step:2814/3250 train_time:131.998s step_avg:46.91ms
step:2815/3250 train_time:132.151s step_avg:46.95ms
step:2816/3250 train_time:132.305s step_avg:46.98ms
step:2817/3250 train_time:132.460s step_avg:47.02ms
step:2818/3250 train_time:132.613s step_avg:47.06ms
step:2819/3250 train_time:132.767s step_avg:47.10ms
step:2820/3250 train_time:132.921s step_avg:47.14ms
step:2821/3250 train_time:133.077s step_avg:47.17ms
step:2822/3250 train_time:133.229s step_avg:47.21ms
step:2823/3250 train_time:133.384s step_avg:47.25ms
step:2824/3250 train_time:133.538s step_avg:47.29ms
step:2825/3250 train_time:133.691s step_avg:47.32ms
step:2826/3250 train_time:133.846s step_avg:47.36ms
step:2827/3250 train_time:133.999s step_avg:47.40ms
step:2828/3250 train_time:134.154s step_avg:47.44ms
step:2829/3250 train_time:134.310s step_avg:47.48ms
step:2830/3250 train_time:134.466s step_avg:47.51ms
step:2831/3250 train_time:134.619s step_avg:47.55ms
step:2832/3250 train_time:134.773s step_avg:47.59ms
step:2833/3250 train_time:134.926s step_avg:47.63ms
step:2834/3250 train_time:135.080s step_avg:47.66ms
step:2835/3250 train_time:135.233s step_avg:47.70ms
step:2836/3250 train_time:135.386s step_avg:47.74ms
step:2837/3250 train_time:135.541s step_avg:47.78ms
step:2838/3250 train_time:135.696s step_avg:47.81ms
step:2839/3250 train_time:135.849s step_avg:47.85ms
step:2840/3250 train_time:136.004s step_avg:47.89ms
step:2841/3250 train_time:136.158s step_avg:47.93ms
step:2842/3250 train_time:136.313s step_avg:47.96ms
step:2843/3250 train_time:136.467s step_avg:48.00ms
step:2844/3250 train_time:136.621s step_avg:48.04ms
step:2845/3250 train_time:136.774s step_avg:48.08ms
step:2846/3250 train_time:136.927s step_avg:48.11ms
step:2847/3250 train_time:137.080s step_avg:48.15ms
step:2848/3250 train_time:137.234s step_avg:48.19ms
step:2849/3250 train_time:137.388s step_avg:48.22ms
step:2850/3250 train_time:137.542s step_avg:48.26ms
step:2851/3250 train_time:137.732s step_avg:48.31ms
step:2852/3250 train_time:137.887s step_avg:48.35ms
step:2853/3250 train_time:138.040s step_avg:48.38ms
step:2854/3250 train_time:138.194s step_avg:48.42ms
step:2855/3250 train_time:138.347s step_avg:48.46ms
step:2856/3250 train_time:138.501s step_avg:48.49ms
step:2857/3250 train_time:138.655s step_avg:48.53ms
step:2858/3250 train_time:138.809s step_avg:48.57ms
step:2859/3250 train_time:138.965s step_avg:48.61ms
step:2860/3250 train_time:139.118s step_avg:48.64ms
step:2861/3250 train_time:139.273s step_avg:48.68ms
step:2862/3250 train_time:139.426s step_avg:48.72ms
step:2863/3250 train_time:139.580s step_avg:48.75ms
step:2864/3250 train_time:139.734s step_avg:48.79ms
step:2865/3250 train_time:139.887s step_avg:48.83ms
step:2866/3250 train_time:140.043s step_avg:48.86ms
step:2867/3250 train_time:140.197s step_avg:48.90ms
step:2868/3250 train_time:140.353s step_avg:48.94ms
step:2869/3250 train_time:140.506s step_avg:48.97ms
step:2870/3250 train_time:140.660s step_avg:49.01ms
step:2871/3250 train_time:140.815s step_avg:49.05ms
step:2872/3250 train_time:140.968s step_avg:49.08ms
step:2873/3250 train_time:141.124s step_avg:49.12ms
step:2874/3250 train_time:141.278s step_avg:49.16ms
step:2875/3250 train_time:141.431s step_avg:49.19ms
step:2875/3250 val_loss:3.58608 train_time:141.443s step_avg:159.13ms
step:2876/3250 train_time:142.205s step_avg:49.45ms
step:2877/3250 train_time:142.345s step_avg:49.48ms
step:2878/3250 train_time:142.498s step_avg:49.51ms
step:2879/3250 train_time:142.652s step_avg:49.55ms
step:2880/3250 train_time:142.805s step_avg:49.59ms
step:2881/3250 train_time:142.958s step_avg:49.62ms
step:2882/3250 train_time:143.111s step_avg:49.66ms
step:2883/3250 train_time:143.264s step_avg:49.69ms
step:2884/3250 train_time:143.419s step_avg:49.73ms
step:2885/3250 train_time:143.572s step_avg:49.76ms
step:2886/3250 train_time:143.726s step_avg:49.80ms
step:2887/3250 train_time:143.879s step_avg:49.84ms
step:2888/3250 train_time:144.033s step_avg:49.87ms
step:2889/3250 train_time:144.186s step_avg:49.91ms
step:2890/3250 train_time:144.339s step_avg:49.94ms
step:2891/3250 train_time:144.493s step_avg:49.98ms
step:2892/3250 train_time:144.647s step_avg:50.02ms
step:2893/3250 train_time:144.800s step_avg:50.05ms
step:2894/3250 train_time:144.955s step_avg:50.09ms
step:2895/3250 train_time:145.110s step_avg:50.12ms
step:2896/3250 train_time:145.263s step_avg:50.16ms
step:2897/3250 train_time:145.417s step_avg:50.20ms
step:2898/3250 train_time:145.570s step_avg:50.23ms
step:2899/3250 train_time:145.725s step_avg:50.27ms
step:2900/3250 train_time:145.879s step_avg:50.30ms
step:2901/3250 train_time:146.033s step_avg:50.34ms
step:2902/3250 train_time:146.187s step_avg:50.37ms
step:2903/3250 train_time:146.340s step_avg:50.41ms
step:2904/3250 train_time:146.495s step_avg:50.45ms
step:2905/3250 train_time:146.649s step_avg:50.48ms
step:2906/3250 train_time:146.804s step_avg:50.52ms
step:2907/3250 train_time:146.959s step_avg:50.55ms
step:2908/3250 train_time:147.112s step_avg:50.59ms
step:2909/3250 train_time:147.266s step_avg:50.62ms
step:2910/3250 train_time:147.419s step_avg:50.66ms
step:2911/3250 train_time:147.572s step_avg:50.69ms
step:2912/3250 train_time:147.726s step_avg:50.73ms
step:2913/3250 train_time:147.880s step_avg:50.77ms
step:2914/3250 train_time:148.034s step_avg:50.80ms
step:2915/3250 train_time:148.189s step_avg:50.84ms
step:2916/3250 train_time:148.342s step_avg:50.87ms
step:2917/3250 train_time:148.496s step_avg:50.91ms
step:2918/3250 train_time:148.651s step_avg:50.94ms
step:2919/3250 train_time:148.805s step_avg:50.98ms
step:2920/3250 train_time:148.959s step_avg:51.01ms
step:2921/3250 train_time:149.113s step_avg:51.05ms
step:2922/3250 train_time:149.268s step_avg:51.08ms
step:2923/3250 train_time:149.421s step_avg:51.12ms
step:2924/3250 train_time:149.576s step_avg:51.15ms
step:2925/3250 train_time:149.729s step_avg:51.19ms
step:2926/3250 train_time:149.883s step_avg:51.22ms
step:2927/3250 train_time:150.037s step_avg:51.26ms
step:2928/3250 train_time:150.192s step_avg:51.30ms
step:2929/3250 train_time:150.347s step_avg:51.33ms
step:2930/3250 train_time:150.500s step_avg:51.37ms
step:2931/3250 train_time:150.655s step_avg:51.40ms
step:2932/3250 train_time:150.810s step_avg:51.44ms
step:2933/3250 train_time:150.962s step_avg:51.47ms
step:2934/3250 train_time:151.118s step_avg:51.51ms
step:2935/3250 train_time:151.272s step_avg:51.54ms
step:2936/3250 train_time:151.426s step_avg:51.58ms
step:2937/3250 train_time:151.580s step_avg:51.61ms
step:2938/3250 train_time:151.733s step_avg:51.65ms
step:2939/3250 train_time:151.887s step_avg:51.68ms
step:2940/3250 train_time:152.040s step_avg:51.71ms
step:2941/3250 train_time:152.193s step_avg:51.75ms
step:2942/3250 train_time:152.349s step_avg:51.78ms
step:2943/3250 train_time:152.502s step_avg:51.82ms
step:2944/3250 train_time:152.656s step_avg:51.85ms
step:2945/3250 train_time:152.812s step_avg:51.89ms
step:2946/3250 train_time:152.966s step_avg:51.92ms
step:2947/3250 train_time:153.119s step_avg:51.96ms
step:2948/3250 train_time:153.272s step_avg:51.99ms
step:2949/3250 train_time:153.427s step_avg:52.03ms
step:2950/3250 train_time:153.580s step_avg:52.06ms
step:2951/3250 train_time:153.735s step_avg:52.10ms
step:2952/3250 train_time:153.889s step_avg:52.13ms
step:2953/3250 train_time:154.044s step_avg:52.17ms
step:2954/3250 train_time:154.198s step_avg:52.20ms
step:2955/3250 train_time:154.353s step_avg:52.23ms
step:2956/3250 train_time:154.509s step_avg:52.27ms
step:2957/3250 train_time:154.662s step_avg:52.30ms
step:2958/3250 train_time:154.815s step_avg:52.34ms
step:2959/3250 train_time:154.969s step_avg:52.37ms
step:2960/3250 train_time:155.122s step_avg:52.41ms
step:2961/3250 train_time:155.276s step_avg:52.44ms
step:2962/3250 train_time:155.431s step_avg:52.47ms
step:2963/3250 train_time:155.585s step_avg:52.51ms
step:2964/3250 train_time:155.739s step_avg:52.54ms
step:2965/3250 train_time:155.893s step_avg:52.58ms
step:2966/3250 train_time:156.048s step_avg:52.61ms
step:2967/3250 train_time:156.202s step_avg:52.65ms
step:2968/3250 train_time:156.356s step_avg:52.68ms
step:2969/3250 train_time:156.510s step_avg:52.71ms
step:2970/3250 train_time:156.663s step_avg:52.75ms
step:2971/3250 train_time:156.818s step_avg:52.78ms
step:2972/3250 train_time:156.973s step_avg:52.82ms
step:2973/3250 train_time:157.128s step_avg:52.85ms
step:2974/3250 train_time:157.282s step_avg:52.89ms
step:2975/3250 train_time:157.437s step_avg:52.92ms
step:2976/3250 train_time:157.591s step_avg:52.95ms
step:2977/3250 train_time:157.745s step_avg:52.99ms
step:2978/3250 train_time:157.898s step_avg:53.02ms
step:2979/3250 train_time:158.052s step_avg:53.06ms
step:2980/3250 train_time:158.207s step_avg:53.09ms
step:2981/3250 train_time:158.359s step_avg:53.12ms
step:2982/3250 train_time:158.513s step_avg:53.16ms
step:2983/3250 train_time:158.667s step_avg:53.19ms
step:2984/3250 train_time:158.820s step_avg:53.22ms
step:2985/3250 train_time:158.975s step_avg:53.26ms
step:2986/3250 train_time:159.130s step_avg:53.29ms
step:2987/3250 train_time:159.284s step_avg:53.33ms
step:2988/3250 train_time:159.438s step_avg:53.36ms
step:2989/3250 train_time:159.591s step_avg:53.39ms
step:2990/3250 train_time:159.745s step_avg:53.43ms
step:2991/3250 train_time:159.899s step_avg:53.46ms
step:2992/3250 train_time:160.052s step_avg:53.49ms
step:2993/3250 train_time:160.207s step_avg:53.53ms
step:2994/3250 train_time:160.359s step_avg:53.56ms
step:2995/3250 train_time:160.513s step_avg:53.59ms
step:2996/3250 train_time:160.667s step_avg:53.63ms
step:2997/3250 train_time:160.822s step_avg:53.66ms
step:2998/3250 train_time:160.977s step_avg:53.69ms
step:2999/3250 train_time:161.130s step_avg:53.73ms
step:3000/3250 train_time:161.283s step_avg:53.76ms
step:3000/3250 val_loss:3.57831 train_time:161.295s step_avg:158.82ms
step:3001/3250 train_time:162.055s step_avg:54.00ms
step:3002/3250 train_time:162.194s step_avg:54.03ms
step:3003/3250 train_time:162.347s step_avg:54.06ms
step:3004/3250 train_time:162.500s step_avg:54.09ms
step:3005/3250 train_time:162.654s step_avg:54.13ms
step:3006/3250 train_time:162.806s step_avg:54.16ms
step:3007/3250 train_time:162.961s step_avg:54.19ms
step:3008/3250 train_time:163.115s step_avg:54.23ms
step:3009/3250 train_time:163.268s step_avg:54.26ms
step:3010/3250 train_time:163.421s step_avg:54.29ms
step:3011/3250 train_time:163.576s step_avg:54.33ms
step:3012/3250 train_time:163.729s step_avg:54.36ms
step:3013/3250 train_time:163.882s step_avg:54.39ms
step:3014/3250 train_time:164.036s step_avg:54.42ms
step:3015/3250 train_time:164.189s step_avg:54.46ms
step:3016/3250 train_time:164.343s step_avg:54.49ms
step:3017/3250 train_time:164.497s step_avg:54.52ms
step:3018/3250 train_time:164.650s step_avg:54.56ms
step:3019/3250 train_time:164.803s step_avg:54.59ms
step:3020/3250 train_time:164.958s step_avg:54.62ms
step:3021/3250 train_time:165.112s step_avg:54.65ms
step:3022/3250 train_time:165.267s step_avg:54.69ms
step:3023/3250 train_time:165.420s step_avg:54.72ms
step:3024/3250 train_time:165.574s step_avg:54.75ms
step:3025/3250 train_time:165.729s step_avg:54.79ms
step:3026/3250 train_time:165.882s step_avg:54.82ms
step:3027/3250 train_time:166.037s step_avg:54.85ms
step:3028/3250 train_time:166.189s step_avg:54.88ms
step:3029/3250 train_time:166.343s step_avg:54.92ms
step:3030/3250 train_time:166.496s step_avg:54.95ms
step:3031/3250 train_time:166.650s step_avg:54.98ms
step:3032/3250 train_time:166.803s step_avg:55.01ms
step:3033/3250 train_time:166.957s step_avg:55.05ms
step:3034/3250 train_time:167.111s step_avg:55.08ms
step:3035/3250 train_time:167.265s step_avg:55.11ms
step:3036/3250 train_time:167.420s step_avg:55.14ms
step:3037/3250 train_time:167.573s step_avg:55.18ms
step:3038/3250 train_time:167.728s step_avg:55.21ms
step:3039/3250 train_time:167.882s step_avg:55.24ms
step:3040/3250 train_time:168.036s step_avg:55.28ms
step:3041/3250 train_time:168.228s step_avg:55.32ms
step:3042/3250 train_time:168.382s step_avg:55.35ms
step:3043/3250 train_time:168.536s step_avg:55.38ms
step:3044/3250 train_time:168.689s step_avg:55.42ms
step:3045/3250 train_time:168.843s step_avg:55.45ms
step:3046/3250 train_time:168.997s step_avg:55.48ms
step:3047/3250 train_time:169.151s step_avg:55.51ms
step:3048/3250 train_time:169.305s step_avg:55.55ms
step:3049/3250 train_time:169.461s step_avg:55.58ms
step:3050/3250 train_time:169.614s step_avg:55.61ms
step:3051/3250 train_time:169.768s step_avg:55.64ms
step:3052/3250 train_time:169.921s step_avg:55.68ms
step:3053/3250 train_time:170.075s step_avg:55.71ms
step:3054/3250 train_time:170.229s step_avg:55.74ms
step:3055/3250 train_time:170.383s step_avg:55.77ms
step:3056/3250 train_time:170.537s step_avg:55.80ms
step:3057/3250 train_time:170.689s step_avg:55.84ms
step:3058/3250 train_time:170.843s step_avg:55.87ms
step:3059/3250 train_time:170.997s step_avg:55.90ms
step:3060/3250 train_time:171.150s step_avg:55.93ms
step:3061/3250 train_time:171.304s step_avg:55.96ms
step:3062/3250 train_time:171.459s step_avg:56.00ms
step:3063/3250 train_time:171.612s step_avg:56.03ms
step:3064/3250 train_time:171.767s step_avg:56.06ms
step:3065/3250 train_time:171.920s step_avg:56.09ms
step:3066/3250 train_time:172.074s step_avg:56.12ms
step:3067/3250 train_time:172.229s step_avg:56.16ms
step:3068/3250 train_time:172.382s step_avg:56.19ms
step:3069/3250 train_time:172.537s step_avg:56.22ms
step:3070/3250 train_time:172.690s step_avg:56.25ms
step:3071/3250 train_time:172.844s step_avg:56.28ms
step:3072/3250 train_time:172.998s step_avg:56.31ms
step:3073/3250 train_time:173.152s step_avg:56.35ms
step:3074/3250 train_time:173.307s step_avg:56.38ms
step:3075/3250 train_time:173.461s step_avg:56.41ms
step:3076/3250 train_time:173.615s step_avg:56.44ms
step:3077/3250 train_time:173.769s step_avg:56.47ms
step:3078/3250 train_time:173.922s step_avg:56.50ms
step:3079/3250 train_time:174.076s step_avg:56.54ms
step:3080/3250 train_time:174.229s step_avg:56.57ms
step:3081/3250 train_time:174.385s step_avg:56.60ms
step:3082/3250 train_time:174.540s step_avg:56.63ms
step:3083/3250 train_time:174.694s step_avg:56.66ms
step:3084/3250 train_time:174.848s step_avg:56.70ms
step:3085/3250 train_time:175.001s step_avg:56.73ms
step:3086/3250 train_time:175.155s step_avg:56.76ms
step:3087/3250 train_time:175.309s step_avg:56.79ms
step:3088/3250 train_time:175.462s step_avg:56.82ms
step:3089/3250 train_time:175.617s step_avg:56.85ms
step:3090/3250 train_time:175.770s step_avg:56.88ms
step:3091/3250 train_time:175.924s step_avg:56.91ms
step:3092/3250 train_time:176.079s step_avg:56.95ms
step:3093/3250 train_time:176.233s step_avg:56.98ms
step:3094/3250 train_time:176.388s step_avg:57.01ms
step:3095/3250 train_time:176.542s step_avg:57.04ms
step:3096/3250 train_time:176.696s step_avg:57.07ms
step:3097/3250 train_time:176.849s step_avg:57.10ms
step:3098/3250 train_time:177.002s step_avg:57.13ms
step:3099/3250 train_time:177.157s step_avg:57.17ms
step:3100/3250 train_time:177.310s step_avg:57.20ms
step:3101/3250 train_time:177.464s step_avg:57.23ms
step:3102/3250 train_time:177.619s step_avg:57.26ms
step:3103/3250 train_time:177.774s step_avg:57.29ms
step:3104/3250 train_time:177.928s step_avg:57.32ms
step:3105/3250 train_time:178.081s step_avg:57.35ms
step:3106/3250 train_time:178.234s step_avg:57.38ms
step:3107/3250 train_time:178.388s step_avg:57.41ms
step:3108/3250 train_time:178.541s step_avg:57.45ms
step:3109/3250 train_time:178.694s step_avg:57.48ms
step:3110/3250 train_time:178.849s step_avg:57.51ms
step:3111/3250 train_time:179.004s step_avg:57.54ms
step:3112/3250 train_time:179.160s step_avg:57.57ms
step:3113/3250 train_time:179.313s step_avg:57.60ms
step:3114/3250 train_time:179.467s step_avg:57.63ms
step:3115/3250 train_time:179.621s step_avg:57.66ms
step:3116/3250 train_time:179.773s step_avg:57.69ms
step:3117/3250 train_time:179.928s step_avg:57.72ms
step:3118/3250 train_time:180.083s step_avg:57.76ms
step:3119/3250 train_time:180.238s step_avg:57.79ms
step:3120/3250 train_time:180.391s step_avg:57.82ms
step:3121/3250 train_time:180.545s step_avg:57.85ms
step:3122/3250 train_time:180.700s step_avg:57.88ms
step:3123/3250 train_time:180.853s step_avg:57.91ms
step:3124/3250 train_time:181.006s step_avg:57.94ms
step:3125/3250 train_time:181.161s step_avg:57.97ms
step:3125/3250 val_loss:3.57358 train_time:181.173s step_avg:159.02ms
step:3126/3250 train_time:181.921s step_avg:58.20ms
step:3127/3250 train_time:182.060s step_avg:58.22ms
step:3128/3250 train_time:182.213s step_avg:58.25ms
step:3129/3250 train_time:182.366s step_avg:58.28ms
step:3130/3250 train_time:182.519s step_avg:58.31ms
step:3131/3250 train_time:182.673s step_avg:58.34ms
step:3132/3250 train_time:182.825s step_avg:58.37ms
step:3133/3250 train_time:182.978s step_avg:58.40ms
step:3134/3250 train_time:183.132s step_avg:58.43ms
step:3135/3250 train_time:183.286s step_avg:58.46ms
step:3136/3250 train_time:183.441s step_avg:58.50ms
step:3137/3250 train_time:183.595s step_avg:58.53ms
step:3138/3250 train_time:183.748s step_avg:58.56ms
step:3139/3250 train_time:183.901s step_avg:58.59ms
step:3140/3250 train_time:184.055s step_avg:58.62ms
step:3141/3250 train_time:184.209s step_avg:58.65ms
step:3142/3250 train_time:184.362s step_avg:58.68ms
step:3143/3250 train_time:184.516s step_avg:58.71ms
step:3144/3250 train_time:184.671s step_avg:58.74ms
step:3145/3250 train_time:184.823s step_avg:58.77ms
step:3146/3250 train_time:184.978s step_avg:58.80ms
step:3147/3250 train_time:185.131s step_avg:58.83ms
step:3148/3250 train_time:185.285s step_avg:58.86ms
step:3149/3250 train_time:185.440s step_avg:58.89ms
step:3150/3250 train_time:185.594s step_avg:58.92ms
step:3151/3250 train_time:185.747s step_avg:58.95ms
step:3152/3250 train_time:185.900s step_avg:58.98ms
step:3153/3250 train_time:186.054s step_avg:59.01ms
step:3154/3250 train_time:186.208s step_avg:59.04ms
step:3155/3250 train_time:186.362s step_avg:59.07ms
step:3156/3250 train_time:186.515s step_avg:59.10ms
step:3157/3250 train_time:186.668s step_avg:59.13ms
step:3158/3250 train_time:186.821s step_avg:59.16ms
step:3159/3250 train_time:186.975s step_avg:59.19ms
step:3160/3250 train_time:187.129s step_avg:59.22ms
step:3161/3250 train_time:187.282s step_avg:59.25ms
step:3162/3250 train_time:187.435s step_avg:59.28ms
step:3163/3250 train_time:187.590s step_avg:59.31ms
step:3164/3250 train_time:187.743s step_avg:59.34ms
step:3165/3250 train_time:187.897s step_avg:59.37ms
step:3166/3250 train_time:188.051s step_avg:59.40ms
step:3167/3250 train_time:188.204s step_avg:59.43ms
step:3168/3250 train_time:188.359s step_avg:59.46ms
step:3169/3250 train_time:188.513s step_avg:59.49ms
step:3170/3250 train_time:188.668s step_avg:59.52ms
step:3171/3250 train_time:188.821s step_avg:59.55ms
step:3172/3250 train_time:188.974s step_avg:59.58ms
step:3173/3250 train_time:189.128s step_avg:59.61ms
step:3174/3250 train_time:189.281s step_avg:59.63ms
step:3175/3250 train_time:189.435s step_avg:59.66ms
step:3176/3250 train_time:189.589s step_avg:59.69ms
step:3177/3250 train_time:189.743s step_avg:59.72ms
step:3178/3250 train_time:189.896s step_avg:59.75ms
step:3179/3250 train_time:190.051s step_avg:59.78ms
step:3180/3250 train_time:190.206s step_avg:59.81ms
step:3181/3250 train_time:190.360s step_avg:59.84ms
step:3182/3250 train_time:190.513s step_avg:59.87ms
step:3183/3250 train_time:190.668s step_avg:59.90ms
step:3184/3250 train_time:190.822s step_avg:59.93ms
step:3185/3250 train_time:190.975s step_avg:59.96ms
step:3186/3250 train_time:191.128s step_avg:59.99ms
step:3187/3250 train_time:191.282s step_avg:60.02ms
step:3188/3250 train_time:191.436s step_avg:60.05ms
step:3189/3250 train_time:191.591s step_avg:60.08ms
step:3190/3250 train_time:191.744s step_avg:60.11ms
step:3191/3250 train_time:191.900s step_avg:60.14ms
step:3192/3250 train_time:192.053s step_avg:60.17ms
step:3193/3250 train_time:192.207s step_avg:60.20ms
step:3194/3250 train_time:192.362s step_avg:60.23ms
step:3195/3250 train_time:192.515s step_avg:60.25ms
step:3196/3250 train_time:192.669s step_avg:60.28ms
step:3197/3250 train_time:192.821s step_avg:60.31ms
step:3198/3250 train_time:192.975s step_avg:60.34ms
step:3199/3250 train_time:193.128s step_avg:60.37ms
step:3200/3250 train_time:193.283s step_avg:60.40ms
step:3201/3250 train_time:193.438s step_avg:60.43ms
step:3202/3250 train_time:193.593s step_avg:60.46ms
step:3203/3250 train_time:193.746s step_avg:60.49ms
step:3204/3250 train_time:193.900s step_avg:60.52ms
step:3205/3250 train_time:194.054s step_avg:60.55ms
step:3206/3250 train_time:194.207s step_avg:60.58ms
step:3207/3250 train_time:194.361s step_avg:60.61ms
step:3208/3250 train_time:194.514s step_avg:60.63ms
step:3209/3250 train_time:194.669s step_avg:60.66ms
step:3210/3250 train_time:194.822s step_avg:60.69ms
step:3211/3250 train_time:194.976s step_avg:60.72ms
step:3212/3250 train_time:195.129s step_avg:60.75ms
step:3213/3250 train_time:195.283s step_avg:60.78ms
step:3214/3250 train_time:195.435s step_avg:60.81ms
step:3215/3250 train_time:195.590s step_avg:60.84ms
step:3216/3250 train_time:195.743s step_avg:60.87ms
step:3217/3250 train_time:195.897s step_avg:60.89ms
step:3218/3250 train_time:196.052s step_avg:60.92ms
step:3219/3250 train_time:196.205s step_avg:60.95ms
step:3220/3250 train_time:196.360s step_avg:60.98ms
step:3221/3250 train_time:196.515s step_avg:61.01ms
step:3222/3250 train_time:196.669s step_avg:61.04ms
step:3223/3250 train_time:196.822s step_avg:61.07ms
step:3224/3250 train_time:196.976s step_avg:61.10ms
step:3225/3250 train_time:197.130s step_avg:61.13ms
step:3226/3250 train_time:197.283s step_avg:61.15ms
step:3227/3250 train_time:197.437s step_avg:61.18ms
step:3228/3250 train_time:197.592s step_avg:61.21ms
step:3229/3250 train_time:197.746s step_avg:61.24ms
step:3230/3250 train_time:197.900s step_avg:61.27ms
step:3231/3250 train_time:198.092s step_avg:61.31ms
step:3232/3250 train_time:198.245s step_avg:61.34ms
step:3233/3250 train_time:198.399s step_avg:61.37ms
step:3234/3250 train_time:198.553s step_avg:61.40ms
step:3235/3250 train_time:198.706s step_avg:61.42ms
step:3236/3250 train_time:198.860s step_avg:61.45ms
step:3237/3250 train_time:199.014s step_avg:61.48ms
step:3238/3250 train_time:199.169s step_avg:61.51ms
step:3239/3250 train_time:199.322s step_avg:61.54ms
step:3240/3250 train_time:199.476s step_avg:61.57ms
step:3241/3250 train_time:199.630s step_avg:61.60ms
step:3242/3250 train_time:199.783s step_avg:61.62ms
step:3243/3250 train_time:199.937s step_avg:61.65ms
step:3244/3250 train_time:200.093s step_avg:61.68ms
step:3245/3250 train_time:200.246s step_avg:61.71ms
step:3246/3250 train_time:200.400s step_avg:61.74ms
step:3247/3250 train_time:200.555s step_avg:61.77ms
step:3248/3250 train_time:200.709s step_avg:61.79ms
step:3249/3250 train_time:200.863s step_avg:61.82ms
step:3250/3250 train_time:201.653s step_avg:62.05ms
step:3250/3250 val_loss:3.56203 train_time:201.653s step_avg:163.84ms
EXIT=0 rid=eos_f2000_s170
