=== curvature eos_f2000_s170 : 2750 2875 3000 3125 3249 ===
W0830 15:57:23.217000 25210 torch/distributed/run.py:852] 
W0830 15:57:23.217000 25210 torch/distributed/run.py:852] *****************************************
W0830 15:57:23.217000 25210 torch/distributed/run.py:852] Setting OMP_NUM_THREADS environment variable for each process to be 1 in default, to avoid your system being overloaded, please further tune the variable for optimal performance in your application as needed. 
W0830 15:57:23.217000 25210 torch/distributed/run.py:852] *****************************************
step 2750 lanczos round 1/8: 10 active (27s)
step 2750 lanczos round 2/8: 10 active (52s)
step 2750 lanczos round 3/8: 10 active (78s)
step 2750 lanczos round 4/8: 10 active (103s)
step 2750 lanczos round 5/8: 10 active (128s)
step 2750 lanczos round 6/8: 10 active (153s)
step 2750 lanczos round 7/8: 10 active (178s)
step 2750 lanczos round 8/8: 0 active (203s)
step 2750 done in 224.9s
step 2875 lanczos round 1/8: 10 active (27s)
step 2875 lanczos round 2/8: 10 active (52s)
step 2875 lanczos round 3/8: 10 active (77s)
step 2875 lanczos round 4/8: 10 active (102s)
step 2875 lanczos round 5/8: 10 active (127s)
step 2875 lanczos round 6/8: 10 active (152s)
step 2875 lanczos round 7/8: 10 active (177s)
step 2875 lanczos round 8/8: 0 active (202s)
step 2875 done in 224.4s
step 3000 lanczos round 1/8: 10 active (27s)
step 3000 lanczos round 2/8: 10 active (52s)
step 3000 lanczos round 3/8: 10 active (77s)
step 3000 lanczos round 4/8: 10 active (102s)
step 3000 lanczos round 5/8: 10 active (127s)
step 3000 lanczos round 6/8: 10 active (152s)
step 3000 lanczos round 7/8: 10 active (177s)
step 3000 lanczos round 8/8: 0 active (202s)
step 3000 done in 224.4s
step 3125 lanczos round 1/8: 10 active (27s)
step 3125 lanczos round 2/8: 10 active (52s)
step 3125 lanczos round 3/8: 10 active (77s)
step 3125 lanczos round 4/8: 10 active (102s)
step 3125 lanczos round 5/8: 10 active (127s)
step 3125 lanczos round 6/8: 10 active (152s)
step 3125 lanczos round 7/8: 10 active (177s)
step 3125 lanczos round 8/8: 0 active (202s)
step 3125 done in 224.5s
step 3249 lanczos round 1/8: 10 active (27s)
step 3249 lanczos round 2/8: 10 active (52s)
step 3249 lanczos round 3/8: 10 active (77s)
step 3249 lanczos round 4/8: 10 active (102s)
step 3249 lanczos round 5/8: 10 active (127s)
step 3249 lanczos round 6/8: 10 active (152s)
step 3249 lanczos round 7/8: 10 active (177s)
step 3249 lanczos round 8/8: 0 active (202s)
step 3249 done in 224.4s
wrote dumps_eos_f2000_s170/req019_per_matrix_curvature.json
PERMATRIX_DONE
CURV_EXIT=0 rid=eos_f2000_s170
