=== REQ-019 FW calibration : s100 steps 1500 2750 ===
W0830 14:19:06.745000 18560 torch/distributed/run.py:852] 
W0830 14:19:06.745000 18560 torch/distributed/run.py:852] *****************************************
W0830 14:19:06.745000 18560 torch/distributed/run.py:852] Setting OMP_NUM_THREADS environment variable for each process to be 1 in default, to avoid your system being overloaded, please further tune the variable for optimal performance in your application as needed. 
W0830 14:19:06.745000 18560 torch/distributed/run.py:852] *****************************************
step 1500: FW generalized sharpness, 72 blocks, radius=1.0, 131072 tokens, 8 ranks
  restart 0: q(v_0)=7.6533e+07 q(v_50)=4.1647e+08 (264s)
  restart 1: q(v_0)=2.8400e+05 q(v_50)=4.0535e+08 (548s)
  restart 2: q(v_0)=2.9678e+05 q(v_50)=4.0314e+08 (832s)
  restart 3: q(v_0)=2.9971e+05 q(v_50)=4.1410e+08 (1116s)
  restart 4: q(v_0)=2.9561e+05 q(v_50)=3.9707e+08 (1399s)
step 1500 done in 1399.2s  q@K={'5': 383339168.0, '10': 399310400.0, '20': 408902208.0, '50': 416474496.0}
step 2750: FW generalized sharpness, 72 blocks, radius=1.0, 131072 tokens, 8 ranks
  restart 0: q(v_0)=1.3048e+08 q(v_50)=4.3678e+08 (263s)
  restart 1: q(v_0)=2.5166e+05 q(v_50)=4.2638e+08 (546s)
  restart 2: q(v_0)=2.5255e+05 q(v_50)=4.1312e+08 (828s)
  restart 3: q(v_0)=2.4747e+05 q(v_50)=3.9950e+08 (1111s)
  restart 4: q(v_0)=2.5150e+05 q(v_50)=4.1002e+08 (1394s)
step 2750 done in 1393.8s  q@K={'5': 414443808.0, '10': 425539872.0, '20': 431887712.0, '50': 436778752.0}
wrote artifacts under logs/kmaxwell/req019_fw_calibration
FW_SHARPNESS_DONE
FW_EXIT=0
