=== eos_f1500_s060 : run.py configs/req019/eos_f1500_s060.yaml ===
W0830 11:49:55.624000 7345 torch/distributed/run.py:852] 
W0830 11:49:55.624000 7345 torch/distributed/run.py:852] *****************************************
W0830 11:49:55.624000 7345 torch/distributed/run.py:852] Setting OMP_NUM_THREADS environment variable for each process to be 1 in default, to avoid your system being overloaded, please further tune the variable for optimal performance in your application as needed. 
W0830 11:49:55.624000 7345 torch/distributed/run.py:852] *****************************************
logs/dfe5a0e4-8cfe-4055-9933-4ff9fd8f433f.txt
resumed training state from step 1500 in eos_shared_state, skipped 1500 batches
step:0/3250 val_loss:3.52212 train_time:0.002s step_avg:nanms
learning_rates step:1500 [{'pattern': '^embed\\.weight$', 'lr': [0.42]}, {'pattern': '^proj\\.weight$', 'lr': [0.0024]}, {'pattern': '^blocks\\..*\\.weight$', 'lr': [0.015]}, {'pattern': '.*', 'lr': [0.009]}]
step:1501/3250 train_time:3.161s step_avg:2.11ms
learning_rates step:1501 [{'pattern': '^embed\\.weight$', 'lr': [0.42]}, {'pattern': '^proj\\.weight$', 'lr': [0.0024]}, {'pattern': '^blocks\\..*\\.weight$', 'lr': [0.015]}, {'pattern': '.*', 'lr': [0.009]}]
step:1502/3250 train_time:3.299s step_avg:2.20ms
step:1503/3250 train_time:3.450s step_avg:2.30ms
step:1504/3250 train_time:3.605s step_avg:2.40ms
step:1505/3250 train_time:3.757s step_avg:2.50ms
step:1506/3250 train_time:3.909s step_avg:2.60ms
step:1507/3250 train_time:4.062s step_avg:2.70ms
step:1508/3250 train_time:4.214s step_avg:2.79ms
step:1509/3250 train_time:4.365s step_avg:2.89ms
step:1510/3250 train_time:4.518s step_avg:2.99ms
step:1511/3250 train_time:4.670s step_avg:3.09ms
step:1512/3250 train_time:4.823s step_avg:3.19ms
step:1513/3250 train_time:4.974s step_avg:3.29ms
step:1514/3250 train_time:5.127s step_avg:3.39ms
step:1515/3250 train_time:5.280s step_avg:3.48ms
step:1516/3250 train_time:5.432s step_avg:3.58ms
step:1517/3250 train_time:5.584s step_avg:3.68ms
step:1518/3250 train_time:5.736s step_avg:3.78ms
step:1519/3250 train_time:5.889s step_avg:3.88ms
step:1520/3250 train_time:6.041s step_avg:3.97ms
step:1521/3250 train_time:6.240s step_avg:4.10ms
step:1522/3250 train_time:6.392s step_avg:4.20ms
step:1523/3250 train_time:6.544s step_avg:4.30ms
step:1524/3250 train_time:6.695s step_avg:4.39ms
step:1525/3250 train_time:6.849s step_avg:4.49ms
step:1526/3250 train_time:7.001s step_avg:4.59ms
step:1527/3250 train_time:7.154s step_avg:4.68ms
step:1528/3250 train_time:7.306s step_avg:4.78ms
step:1529/3250 train_time:7.459s step_avg:4.88ms
step:1530/3250 train_time:7.611s step_avg:4.97ms
step:1531/3250 train_time:7.763s step_avg:5.07ms
step:1532/3250 train_time:7.915s step_avg:5.17ms
step:1533/3250 train_time:8.067s step_avg:5.26ms
step:1534/3250 train_time:8.220s step_avg:5.36ms
step:1535/3250 train_time:8.372s step_avg:5.45ms
step:1536/3250 train_time:8.523s step_avg:5.55ms
step:1537/3250 train_time:8.676s step_avg:5.64ms
step:1538/3250 train_time:8.829s step_avg:5.74ms
step:1539/3250 train_time:8.981s step_avg:5.84ms
step:1540/3250 train_time:9.133s step_avg:5.93ms
step:1541/3250 train_time:9.285s step_avg:6.03ms
step:1542/3250 train_time:9.438s step_avg:6.12ms
step:1543/3250 train_time:9.590s step_avg:6.21ms
step:1544/3250 train_time:9.742s step_avg:6.31ms
step:1545/3250 train_time:9.894s step_avg:6.40ms
step:1546/3250 train_time:10.048s step_avg:6.50ms
step:1547/3250 train_time:10.201s step_avg:6.59ms
step:1548/3250 train_time:10.353s step_avg:6.69ms
step:1549/3250 train_time:10.505s step_avg:6.78ms
step:1550/3250 train_time:10.658s step_avg:6.88ms
step:1551/3250 train_time:10.811s step_avg:6.97ms
step:1552/3250 train_time:10.963s step_avg:7.06ms
step:1553/3250 train_time:11.115s step_avg:7.16ms
step:1554/3250 train_time:11.268s step_avg:7.25ms
step:1555/3250 train_time:11.421s step_avg:7.34ms
step:1556/3250 train_time:11.573s step_avg:7.44ms
step:1557/3250 train_time:11.725s step_avg:7.53ms
step:1558/3250 train_time:11.878s step_avg:7.62ms
step:1559/3250 train_time:12.030s step_avg:7.72ms
step:1560/3250 train_time:12.183s step_avg:7.81ms
step:1561/3250 train_time:12.336s step_avg:7.90ms
step:1562/3250 train_time:12.487s step_avg:7.99ms
step:1563/3250 train_time:12.640s step_avg:8.09ms
step:1564/3250 train_time:12.792s step_avg:8.18ms
step:1565/3250 train_time:12.944s step_avg:8.27ms
step:1566/3250 train_time:13.098s step_avg:8.36ms
step:1567/3250 train_time:13.250s step_avg:8.46ms
step:1568/3250 train_time:13.403s step_avg:8.55ms
step:1569/3250 train_time:13.555s step_avg:8.64ms
step:1570/3250 train_time:13.708s step_avg:8.73ms
step:1571/3250 train_time:13.861s step_avg:8.82ms
step:1572/3250 train_time:14.013s step_avg:8.91ms
step:1573/3250 train_time:14.164s step_avg:9.00ms
step:1574/3250 train_time:14.317s step_avg:9.10ms
step:1575/3250 train_time:14.469s step_avg:9.19ms
step:1576/3250 train_time:14.622s step_avg:9.28ms
step:1577/3250 train_time:14.773s step_avg:9.37ms
step:1578/3250 train_time:14.926s step_avg:9.46ms
step:1579/3250 train_time:15.079s step_avg:9.55ms
step:1580/3250 train_time:15.232s step_avg:9.64ms
step:1581/3250 train_time:15.383s step_avg:9.73ms
step:1582/3250 train_time:15.537s step_avg:9.82ms
step:1583/3250 train_time:15.689s step_avg:9.91ms
step:1584/3250 train_time:15.841s step_avg:10.00ms
step:1585/3250 train_time:15.993s step_avg:10.09ms
step:1586/3250 train_time:16.148s step_avg:10.18ms
step:1587/3250 train_time:16.299s step_avg:10.27ms
step:1588/3250 train_time:16.451s step_avg:10.36ms
step:1589/3250 train_time:16.604s step_avg:10.45ms
step:1590/3250 train_time:16.755s step_avg:10.54ms
step:1591/3250 train_time:16.909s step_avg:10.63ms
step:1592/3250 train_time:17.063s step_avg:10.72ms
step:1593/3250 train_time:17.215s step_avg:10.81ms
step:1594/3250 train_time:17.367s step_avg:10.90ms
step:1595/3250 train_time:17.521s step_avg:10.98ms
step:1596/3250 train_time:17.673s step_avg:11.07ms
step:1597/3250 train_time:17.825s step_avg:11.16ms
step:1598/3250 train_time:17.977s step_avg:11.25ms
step:1599/3250 train_time:18.131s step_avg:11.34ms
step:1600/3250 train_time:18.284s step_avg:11.43ms
step:1601/3250 train_time:18.436s step_avg:11.52ms
step:1602/3250 train_time:18.590s step_avg:11.60ms
step:1603/3250 train_time:18.742s step_avg:11.69ms
step:1604/3250 train_time:18.894s step_avg:11.78ms
step:1605/3250 train_time:19.046s step_avg:11.87ms
step:1606/3250 train_time:19.199s step_avg:11.95ms
step:1607/3250 train_time:19.351s step_avg:12.04ms
step:1608/3250 train_time:19.505s step_avg:12.13ms
step:1609/3250 train_time:19.658s step_avg:12.22ms
step:1610/3250 train_time:19.810s step_avg:12.30ms
step:1611/3250 train_time:19.963s step_avg:12.39ms
step:1612/3250 train_time:20.115s step_avg:12.48ms
step:1613/3250 train_time:20.267s step_avg:12.56ms
step:1614/3250 train_time:20.420s step_avg:12.65ms
step:1615/3250 train_time:20.572s step_avg:12.74ms
step:1616/3250 train_time:20.725s step_avg:12.82ms
step:1617/3250 train_time:20.877s step_avg:12.91ms
step:1618/3250 train_time:21.030s step_avg:13.00ms
step:1619/3250 train_time:21.183s step_avg:13.08ms
step:1620/3250 train_time:21.335s step_avg:13.17ms
step:1621/3250 train_time:21.488s step_avg:13.26ms
step:1622/3250 train_time:21.640s step_avg:13.34ms
step:1623/3250 train_time:21.792s step_avg:13.43ms
step:1624/3250 train_time:21.948s step_avg:13.51ms
step:1625/3250 train_time:22.100s step_avg:13.60ms
step:1625/3250 val_loss:3.47711 train_time:22.112s step_avg:13.61ms
step:1626/3250 train_time:22.853s step_avg:14.05ms
step:1627/3250 train_time:22.992s step_avg:14.13ms
step:1628/3250 train_time:23.145s step_avg:14.22ms
step:1629/3250 train_time:23.298s step_avg:14.30ms
step:1630/3250 train_time:23.449s step_avg:14.39ms
step:1631/3250 train_time:23.601s step_avg:14.47ms
step:1632/3250 train_time:23.754s step_avg:14.56ms
step:1633/3250 train_time:23.906s step_avg:14.64ms
step:1634/3250 train_time:24.059s step_avg:14.72ms
step:1635/3250 train_time:24.212s step_avg:14.81ms
step:1636/3250 train_time:24.365s step_avg:14.89ms
step:1637/3250 train_time:24.519s step_avg:14.98ms
step:1638/3250 train_time:24.673s step_avg:15.06ms
step:1639/3250 train_time:24.825s step_avg:15.15ms
step:1640/3250 train_time:24.978s step_avg:15.23ms
step:1641/3250 train_time:25.129s step_avg:15.31ms
step:1642/3250 train_time:25.285s step_avg:15.40ms
step:1643/3250 train_time:25.438s step_avg:15.48ms
step:1644/3250 train_time:25.591s step_avg:15.57ms
step:1645/3250 train_time:25.745s step_avg:15.65ms
step:1646/3250 train_time:25.898s step_avg:15.73ms
step:1647/3250 train_time:26.050s step_avg:15.82ms
step:1648/3250 train_time:26.203s step_avg:15.90ms
step:1649/3250 train_time:26.356s step_avg:15.98ms
step:1650/3250 train_time:26.509s step_avg:16.07ms
step:1651/3250 train_time:26.660s step_avg:16.15ms
step:1652/3250 train_time:26.815s step_avg:16.23ms
step:1653/3250 train_time:26.967s step_avg:16.31ms
step:1654/3250 train_time:27.121s step_avg:16.40ms
step:1655/3250 train_time:27.274s step_avg:16.48ms
step:1656/3250 train_time:27.426s step_avg:16.56ms
step:1657/3250 train_time:27.580s step_avg:16.64ms
step:1658/3250 train_time:27.734s step_avg:16.73ms
step:1659/3250 train_time:27.887s step_avg:16.81ms
step:1660/3250 train_time:28.041s step_avg:16.89ms
step:1661/3250 train_time:28.194s step_avg:16.97ms
step:1662/3250 train_time:28.347s step_avg:17.06ms
step:1663/3250 train_time:28.500s step_avg:17.14ms
step:1664/3250 train_time:28.653s step_avg:17.22ms
step:1665/3250 train_time:28.806s step_avg:17.30ms
step:1666/3250 train_time:28.958s step_avg:17.38ms
step:1667/3250 train_time:29.111s step_avg:17.46ms
step:1668/3250 train_time:29.265s step_avg:17.54ms
step:1669/3250 train_time:29.421s step_avg:17.63ms
step:1670/3250 train_time:29.576s step_avg:17.71ms
step:1671/3250 train_time:29.728s step_avg:17.79ms
step:1672/3250 train_time:29.882s step_avg:17.87ms
step:1673/3250 train_time:30.035s step_avg:17.95ms
step:1674/3250 train_time:30.187s step_avg:18.03ms
step:1675/3250 train_time:30.340s step_avg:18.11ms
step:1676/3250 train_time:30.494s step_avg:18.19ms
step:1677/3250 train_time:30.646s step_avg:18.27ms
step:1678/3250 train_time:30.799s step_avg:18.35ms
step:1679/3250 train_time:30.951s step_avg:18.43ms
step:1680/3250 train_time:31.104s step_avg:18.51ms
step:1681/3250 train_time:31.257s step_avg:18.59ms
step:1682/3250 train_time:31.411s step_avg:18.67ms
step:1683/3250 train_time:31.565s step_avg:18.76ms
step:1684/3250 train_time:31.719s step_avg:18.84ms
step:1685/3250 train_time:31.872s step_avg:18.91ms
step:1686/3250 train_time:32.024s step_avg:18.99ms
step:1687/3250 train_time:32.178s step_avg:19.07ms
step:1688/3250 train_time:32.330s step_avg:19.15ms
step:1689/3250 train_time:32.484s step_avg:19.23ms
step:1690/3250 train_time:32.638s step_avg:19.31ms
step:1691/3250 train_time:32.791s step_avg:19.39ms
step:1692/3250 train_time:32.944s step_avg:19.47ms
step:1693/3250 train_time:33.098s step_avg:19.55ms
step:1694/3250 train_time:33.250s step_avg:19.63ms
step:1695/3250 train_time:33.402s step_avg:19.71ms
step:1696/3250 train_time:33.555s step_avg:19.78ms
step:1697/3250 train_time:33.708s step_avg:19.86ms
step:1698/3250 train_time:33.863s step_avg:19.94ms
step:1699/3250 train_time:34.017s step_avg:20.02ms
step:1700/3250 train_time:34.171s step_avg:20.10ms
step:1701/3250 train_time:34.324s step_avg:20.18ms
step:1702/3250 train_time:34.478s step_avg:20.26ms
step:1703/3250 train_time:34.632s step_avg:20.34ms
step:1704/3250 train_time:34.785s step_avg:20.41ms
step:1705/3250 train_time:34.938s step_avg:20.49ms
step:1706/3250 train_time:35.091s step_avg:20.57ms
step:1707/3250 train_time:35.245s step_avg:20.65ms
step:1708/3250 train_time:35.398s step_avg:20.72ms
step:1709/3250 train_time:35.552s step_avg:20.80ms
step:1710/3250 train_time:35.705s step_avg:20.88ms
step:1711/3250 train_time:35.902s step_avg:20.98ms
step:1712/3250 train_time:36.055s step_avg:21.06ms
step:1713/3250 train_time:36.206s step_avg:21.14ms
step:1714/3250 train_time:36.360s step_avg:21.21ms
step:1715/3250 train_time:36.512s step_avg:21.29ms
step:1716/3250 train_time:36.665s step_avg:21.37ms
step:1717/3250 train_time:36.819s step_avg:21.44ms
step:1718/3250 train_time:36.972s step_avg:21.52ms
step:1719/3250 train_time:37.125s step_avg:21.60ms
step:1720/3250 train_time:37.278s step_avg:21.67ms
step:1721/3250 train_time:37.432s step_avg:21.75ms
step:1722/3250 train_time:37.584s step_avg:21.83ms
step:1723/3250 train_time:37.738s step_avg:21.90ms
step:1724/3250 train_time:37.891s step_avg:21.98ms
step:1725/3250 train_time:38.045s step_avg:22.05ms
step:1726/3250 train_time:38.199s step_avg:22.13ms
step:1727/3250 train_time:38.351s step_avg:22.21ms
step:1728/3250 train_time:38.505s step_avg:22.28ms
step:1729/3250 train_time:38.657s step_avg:22.36ms
step:1730/3250 train_time:38.812s step_avg:22.43ms
step:1731/3250 train_time:38.965s step_avg:22.51ms
step:1732/3250 train_time:39.119s step_avg:22.59ms
step:1733/3250 train_time:39.274s step_avg:22.66ms
step:1734/3250 train_time:39.425s step_avg:22.74ms
step:1735/3250 train_time:39.579s step_avg:22.81ms
step:1736/3250 train_time:39.731s step_avg:22.89ms
step:1737/3250 train_time:39.886s step_avg:22.96ms
step:1738/3250 train_time:40.039s step_avg:23.04ms
step:1739/3250 train_time:40.192s step_avg:23.11ms
step:1740/3250 train_time:40.345s step_avg:23.19ms
step:1741/3250 train_time:40.499s step_avg:23.26ms
step:1742/3250 train_time:40.653s step_avg:23.34ms
step:1743/3250 train_time:40.806s step_avg:23.41ms
step:1744/3250 train_time:40.960s step_avg:23.49ms
step:1745/3250 train_time:41.114s step_avg:23.56ms
step:1746/3250 train_time:41.266s step_avg:23.63ms
step:1747/3250 train_time:41.421s step_avg:23.71ms
step:1748/3250 train_time:41.574s step_avg:23.78ms
step:1749/3250 train_time:41.726s step_avg:23.86ms
step:1750/3250 train_time:41.880s step_avg:23.93ms
step:1750/3250 val_loss:3.46640 train_time:41.891s step_avg:158.23ms
step:1751/3250 train_time:42.631s step_avg:24.35ms
step:1752/3250 train_time:42.773s step_avg:24.41ms
step:1753/3250 train_time:42.927s step_avg:24.49ms
step:1754/3250 train_time:43.080s step_avg:24.56ms
step:1755/3250 train_time:43.233s step_avg:24.63ms
step:1756/3250 train_time:43.386s step_avg:24.71ms
step:1757/3250 train_time:43.538s step_avg:24.78ms
step:1758/3250 train_time:43.694s step_avg:24.85ms
step:1759/3250 train_time:43.846s step_avg:24.93ms
step:1760/3250 train_time:44.003s step_avg:25.00ms
step:1761/3250 train_time:44.157s step_avg:25.08ms
step:1762/3250 train_time:44.312s step_avg:25.15ms
step:1763/3250 train_time:44.463s step_avg:25.22ms
step:1764/3250 train_time:44.616s step_avg:25.29ms
step:1765/3250 train_time:44.770s step_avg:25.37ms
step:1766/3250 train_time:44.923s step_avg:25.44ms
step:1767/3250 train_time:45.076s step_avg:25.51ms
step:1768/3250 train_time:45.230s step_avg:25.58ms
step:1769/3250 train_time:45.383s step_avg:25.65ms
step:1770/3250 train_time:45.536s step_avg:25.73ms
step:1771/3250 train_time:45.690s step_avg:25.80ms
step:1772/3250 train_time:45.843s step_avg:25.87ms
step:1773/3250 train_time:45.996s step_avg:25.94ms
step:1774/3250 train_time:46.150s step_avg:26.01ms
step:1775/3250 train_time:46.303s step_avg:26.09ms
step:1776/3250 train_time:46.457s step_avg:26.16ms
step:1777/3250 train_time:46.612s step_avg:26.23ms
step:1778/3250 train_time:46.765s step_avg:26.30ms
step:1779/3250 train_time:46.919s step_avg:26.37ms
step:1780/3250 train_time:47.073s step_avg:26.45ms
step:1781/3250 train_time:47.227s step_avg:26.52ms
step:1782/3250 train_time:47.381s step_avg:26.59ms
step:1783/3250 train_time:47.534s step_avg:26.66ms
step:1784/3250 train_time:47.687s step_avg:26.73ms
step:1785/3250 train_time:47.840s step_avg:26.80ms
step:1786/3250 train_time:47.993s step_avg:26.87ms
step:1787/3250 train_time:48.148s step_avg:26.94ms
step:1788/3250 train_time:48.301s step_avg:27.01ms
step:1789/3250 train_time:48.454s step_avg:27.08ms
step:1790/3250 train_time:48.608s step_avg:27.16ms
step:1791/3250 train_time:48.761s step_avg:27.23ms
step:1792/3250 train_time:48.915s step_avg:27.30ms
step:1793/3250 train_time:49.068s step_avg:27.37ms
step:1794/3250 train_time:49.221s step_avg:27.44ms
step:1795/3250 train_time:49.375s step_avg:27.51ms
step:1796/3250 train_time:49.529s step_avg:27.58ms
step:1797/3250 train_time:49.682s step_avg:27.65ms
step:1798/3250 train_time:49.835s step_avg:27.72ms
step:1799/3250 train_time:49.989s step_avg:27.79ms
step:1800/3250 train_time:50.142s step_avg:27.86ms
step:1801/3250 train_time:50.295s step_avg:27.93ms
step:1802/3250 train_time:50.449s step_avg:28.00ms
step:1803/3250 train_time:50.602s step_avg:28.07ms
step:1804/3250 train_time:50.755s step_avg:28.13ms
step:1805/3250 train_time:50.910s step_avg:28.20ms
step:1806/3250 train_time:51.062s step_avg:28.27ms
step:1807/3250 train_time:51.215s step_avg:28.34ms
step:1808/3250 train_time:51.369s step_avg:28.41ms
step:1809/3250 train_time:51.522s step_avg:28.48ms
step:1810/3250 train_time:51.676s step_avg:28.55ms
step:1811/3250 train_time:51.831s step_avg:28.62ms
step:1812/3250 train_time:51.984s step_avg:28.69ms
step:1813/3250 train_time:52.139s step_avg:28.76ms
step:1814/3250 train_time:52.292s step_avg:28.83ms
step:1815/3250 train_time:52.445s step_avg:28.90ms
step:1816/3250 train_time:52.600s step_avg:28.97ms
step:1817/3250 train_time:52.754s step_avg:29.03ms
step:1818/3250 train_time:52.908s step_avg:29.10ms
step:1819/3250 train_time:53.061s step_avg:29.17ms
step:1820/3250 train_time:53.214s step_avg:29.24ms
step:1821/3250 train_time:53.367s step_avg:29.31ms
step:1822/3250 train_time:53.522s step_avg:29.38ms
step:1823/3250 train_time:53.679s step_avg:29.45ms
step:1824/3250 train_time:53.834s step_avg:29.51ms
step:1825/3250 train_time:53.987s step_avg:29.58ms
step:1826/3250 train_time:54.141s step_avg:29.65ms
step:1827/3250 train_time:54.294s step_avg:29.72ms
step:1828/3250 train_time:54.448s step_avg:29.79ms
step:1829/3250 train_time:54.602s step_avg:29.85ms
step:1830/3250 train_time:54.755s step_avg:29.92ms
step:1831/3250 train_time:54.908s step_avg:29.99ms
step:1832/3250 train_time:55.061s step_avg:30.06ms
step:1833/3250 train_time:55.215s step_avg:30.12ms
step:1834/3250 train_time:55.369s step_avg:30.19ms
step:1835/3250 train_time:55.523s step_avg:30.26ms
step:1836/3250 train_time:55.678s step_avg:30.33ms
step:1837/3250 train_time:55.831s step_avg:30.39ms
step:1838/3250 train_time:55.985s step_avg:30.46ms
step:1839/3250 train_time:56.139s step_avg:30.53ms
step:1840/3250 train_time:56.292s step_avg:30.59ms
step:1841/3250 train_time:56.445s step_avg:30.66ms
step:1842/3250 train_time:56.600s step_avg:30.73ms
step:1843/3250 train_time:56.754s step_avg:30.79ms
step:1844/3250 train_time:56.909s step_avg:30.86ms
step:1845/3250 train_time:57.061s step_avg:30.93ms
step:1846/3250 train_time:57.215s step_avg:30.99ms
step:1847/3250 train_time:57.367s step_avg:31.06ms
step:1848/3250 train_time:57.522s step_avg:31.13ms
step:1849/3250 train_time:57.676s step_avg:31.19ms
step:1850/3250 train_time:57.831s step_avg:31.26ms
step:1851/3250 train_time:57.985s step_avg:31.33ms
step:1852/3250 train_time:58.138s step_avg:31.39ms
step:1853/3250 train_time:58.292s step_avg:31.46ms
step:1854/3250 train_time:58.446s step_avg:31.52ms
step:1855/3250 train_time:58.601s step_avg:31.59ms
step:1856/3250 train_time:58.754s step_avg:31.66ms
step:1857/3250 train_time:58.907s step_avg:31.72ms
step:1858/3250 train_time:59.060s step_avg:31.79ms
step:1859/3250 train_time:59.213s step_avg:31.85ms
step:1860/3250 train_time:59.366s step_avg:31.92ms
step:1861/3250 train_time:59.520s step_avg:31.98ms
step:1862/3250 train_time:59.674s step_avg:32.05ms
step:1863/3250 train_time:59.829s step_avg:32.11ms
step:1864/3250 train_time:59.982s step_avg:32.18ms
step:1865/3250 train_time:60.136s step_avg:32.24ms
step:1866/3250 train_time:60.289s step_avg:32.31ms
step:1867/3250 train_time:60.441s step_avg:32.37ms
step:1868/3250 train_time:60.595s step_avg:32.44ms
step:1869/3250 train_time:60.750s step_avg:32.50ms
step:1870/3250 train_time:60.903s step_avg:32.57ms
step:1871/3250 train_time:61.057s step_avg:32.63ms
step:1872/3250 train_time:61.210s step_avg:32.70ms
step:1873/3250 train_time:61.363s step_avg:32.76ms
step:1874/3250 train_time:61.516s step_avg:32.83ms
step:1875/3250 train_time:61.669s step_avg:32.89ms
step:1875/3250 val_loss:3.45777 train_time:61.681s step_avg:158.32ms
step:1876/3250 train_time:62.440s step_avg:33.28ms
step:1877/3250 train_time:62.581s step_avg:33.34ms
step:1878/3250 train_time:62.733s step_avg:33.40ms
step:1879/3250 train_time:62.886s step_avg:33.47ms
step:1880/3250 train_time:63.038s step_avg:33.53ms
step:1881/3250 train_time:63.190s step_avg:33.59ms
step:1882/3250 train_time:63.344s step_avg:33.66ms
step:1883/3250 train_time:63.498s step_avg:33.72ms
step:1884/3250 train_time:63.652s step_avg:33.79ms
step:1885/3250 train_time:63.806s step_avg:33.85ms
step:1886/3250 train_time:63.959s step_avg:33.91ms
step:1887/3250 train_time:64.112s step_avg:33.98ms
step:1888/3250 train_time:64.265s step_avg:34.04ms
step:1889/3250 train_time:64.418s step_avg:34.10ms
step:1890/3250 train_time:64.571s step_avg:34.16ms
step:1891/3250 train_time:64.724s step_avg:34.23ms
step:1892/3250 train_time:64.879s step_avg:34.29ms
step:1893/3250 train_time:65.032s step_avg:34.35ms
step:1894/3250 train_time:65.186s step_avg:34.42ms
step:1895/3250 train_time:65.340s step_avg:34.48ms
step:1896/3250 train_time:65.492s step_avg:34.54ms
step:1897/3250 train_time:65.645s step_avg:34.60ms
step:1898/3250 train_time:65.799s step_avg:34.67ms
step:1899/3250 train_time:65.952s step_avg:34.73ms
step:1900/3250 train_time:66.105s step_avg:34.79ms
step:1901/3250 train_time:66.306s step_avg:34.88ms
step:1902/3250 train_time:66.461s step_avg:34.94ms
step:1903/3250 train_time:66.614s step_avg:35.00ms
step:1904/3250 train_time:66.767s step_avg:35.07ms
step:1905/3250 train_time:66.921s step_avg:35.13ms
step:1906/3250 train_time:67.074s step_avg:35.19ms
step:1907/3250 train_time:67.227s step_avg:35.25ms
step:1908/3250 train_time:67.383s step_avg:35.32ms
step:1909/3250 train_time:67.536s step_avg:35.38ms
step:1910/3250 train_time:67.690s step_avg:35.44ms
step:1911/3250 train_time:67.843s step_avg:35.50ms
step:1912/3250 train_time:67.996s step_avg:35.56ms
step:1913/3250 train_time:68.151s step_avg:35.63ms
step:1914/3250 train_time:68.306s step_avg:35.69ms
step:1915/3250 train_time:68.460s step_avg:35.75ms
step:1916/3250 train_time:68.613s step_avg:35.81ms
step:1917/3250 train_time:68.766s step_avg:35.87ms
step:1918/3250 train_time:68.920s step_avg:35.93ms
step:1919/3250 train_time:69.074s step_avg:35.99ms
step:1920/3250 train_time:69.228s step_avg:36.06ms
step:1921/3250 train_time:69.382s step_avg:36.12ms
step:1922/3250 train_time:69.536s step_avg:36.18ms
step:1923/3250 train_time:69.690s step_avg:36.24ms
step:1924/3250 train_time:69.846s step_avg:36.30ms
step:1925/3250 train_time:69.999s step_avg:36.36ms
step:1926/3250 train_time:70.152s step_avg:36.42ms
step:1927/3250 train_time:70.305s step_avg:36.48ms
step:1928/3250 train_time:70.461s step_avg:36.55ms
step:1929/3250 train_time:70.614s step_avg:36.61ms
step:1930/3250 train_time:70.767s step_avg:36.67ms
step:1931/3250 train_time:70.921s step_avg:36.73ms
step:1932/3250 train_time:71.074s step_avg:36.79ms
step:1933/3250 train_time:71.229s step_avg:36.85ms
step:1934/3250 train_time:71.383s step_avg:36.91ms
step:1935/3250 train_time:71.536s step_avg:36.97ms
step:1936/3250 train_time:71.690s step_avg:37.03ms
step:1937/3250 train_time:71.843s step_avg:37.09ms
step:1938/3250 train_time:71.997s step_avg:37.15ms
step:1939/3250 train_time:72.151s step_avg:37.21ms
step:1940/3250 train_time:72.305s step_avg:37.27ms
step:1941/3250 train_time:72.460s step_avg:37.33ms
step:1942/3250 train_time:72.613s step_avg:37.39ms
step:1943/3250 train_time:72.766s step_avg:37.45ms
step:1944/3250 train_time:72.921s step_avg:37.51ms
step:1945/3250 train_time:73.074s step_avg:37.57ms
step:1946/3250 train_time:73.228s step_avg:37.63ms
step:1947/3250 train_time:73.382s step_avg:37.69ms
step:1948/3250 train_time:73.536s step_avg:37.75ms
step:1949/3250 train_time:73.690s step_avg:37.81ms
step:1950/3250 train_time:73.843s step_avg:37.87ms
step:1951/3250 train_time:73.995s step_avg:37.93ms
step:1952/3250 train_time:74.150s step_avg:37.99ms
step:1953/3250 train_time:74.304s step_avg:38.05ms
step:1954/3250 train_time:74.459s step_avg:38.11ms
step:1955/3250 train_time:74.612s step_avg:38.16ms
step:1956/3250 train_time:74.766s step_avg:38.22ms
step:1957/3250 train_time:74.920s step_avg:38.28ms
step:1958/3250 train_time:75.073s step_avg:38.34ms
step:1959/3250 train_time:75.226s step_avg:38.40ms
step:1960/3250 train_time:75.381s step_avg:38.46ms
step:1961/3250 train_time:75.535s step_avg:38.52ms
step:1962/3250 train_time:75.689s step_avg:38.58ms
step:1963/3250 train_time:75.842s step_avg:38.64ms
step:1964/3250 train_time:75.995s step_avg:38.69ms
step:1965/3250 train_time:76.151s step_avg:38.75ms
step:1966/3250 train_time:76.304s step_avg:38.81ms
step:1967/3250 train_time:76.459s step_avg:38.87ms
step:1968/3250 train_time:76.612s step_avg:38.93ms
step:1969/3250 train_time:76.767s step_avg:38.99ms
step:1970/3250 train_time:76.921s step_avg:39.05ms
step:1971/3250 train_time:77.075s step_avg:39.10ms
step:1972/3250 train_time:77.230s step_avg:39.16ms
step:1973/3250 train_time:77.384s step_avg:39.22ms
step:1974/3250 train_time:77.539s step_avg:39.28ms
step:1975/3250 train_time:77.692s step_avg:39.34ms
step:1976/3250 train_time:77.845s step_avg:39.40ms
step:1977/3250 train_time:77.999s step_avg:39.45ms
step:1978/3250 train_time:78.153s step_avg:39.51ms
step:1979/3250 train_time:78.306s step_avg:39.57ms
step:1980/3250 train_time:78.461s step_avg:39.63ms
step:1981/3250 train_time:78.615s step_avg:39.68ms
step:1982/3250 train_time:78.768s step_avg:39.74ms
step:1983/3250 train_time:78.921s step_avg:39.80ms
step:1984/3250 train_time:79.075s step_avg:39.86ms
step:1985/3250 train_time:79.230s step_avg:39.91ms
step:1986/3250 train_time:79.383s step_avg:39.97ms
step:1987/3250 train_time:79.537s step_avg:40.03ms
step:1988/3250 train_time:79.691s step_avg:40.09ms
step:1989/3250 train_time:79.845s step_avg:40.14ms
step:1990/3250 train_time:79.999s step_avg:40.20ms
step:1991/3250 train_time:80.152s step_avg:40.26ms
step:1992/3250 train_time:80.306s step_avg:40.31ms
step:1993/3250 train_time:80.461s step_avg:40.37ms
step:1994/3250 train_time:80.614s step_avg:40.43ms
step:1995/3250 train_time:80.768s step_avg:40.49ms
step:1996/3250 train_time:80.922s step_avg:40.54ms
step:1997/3250 train_time:81.075s step_avg:40.60ms
step:1998/3250 train_time:81.230s step_avg:40.66ms
step:1999/3250 train_time:81.384s step_avg:40.71ms
step:2000/3250 train_time:81.538s step_avg:40.77ms
step:2000/3250 val_loss:3.45309 train_time:81.550s step_avg:158.95ms
step:2001/3250 train_time:82.293s step_avg:41.13ms
step:2002/3250 train_time:82.431s step_avg:41.17ms
step:2003/3250 train_time:82.583s step_avg:41.23ms
step:2004/3250 train_time:82.736s step_avg:41.29ms
step:2005/3250 train_time:82.890s step_avg:41.34ms
step:2006/3250 train_time:83.043s step_avg:41.40ms
step:2007/3250 train_time:83.197s step_avg:41.45ms
step:2008/3250 train_time:83.352s step_avg:41.51ms
step:2009/3250 train_time:83.505s step_avg:41.57ms
step:2010/3250 train_time:83.659s step_avg:41.62ms
step:2011/3250 train_time:83.813s step_avg:41.68ms
step:2012/3250 train_time:83.967s step_avg:41.73ms
step:2013/3250 train_time:84.120s step_avg:41.79ms
step:2014/3250 train_time:84.273s step_avg:41.84ms
step:2015/3250 train_time:84.426s step_avg:41.90ms
step:2016/3250 train_time:84.580s step_avg:41.95ms
step:2017/3250 train_time:84.734s step_avg:42.01ms
step:2018/3250 train_time:84.887s step_avg:42.06ms
step:2019/3250 train_time:85.040s step_avg:42.12ms
step:2020/3250 train_time:85.194s step_avg:42.18ms
step:2021/3250 train_time:85.347s step_avg:42.23ms
step:2022/3250 train_time:85.501s step_avg:42.29ms
step:2023/3250 train_time:85.655s step_avg:42.34ms
step:2024/3250 train_time:85.809s step_avg:42.40ms
step:2025/3250 train_time:85.962s step_avg:42.45ms
step:2026/3250 train_time:86.115s step_avg:42.51ms
step:2027/3250 train_time:86.270s step_avg:42.56ms
step:2028/3250 train_time:86.423s step_avg:42.61ms
step:2029/3250 train_time:86.578s step_avg:42.67ms
step:2030/3250 train_time:86.732s step_avg:42.72ms
step:2031/3250 train_time:86.886s step_avg:42.78ms
step:2032/3250 train_time:87.041s step_avg:42.84ms
step:2033/3250 train_time:87.194s step_avg:42.89ms
step:2034/3250 train_time:87.347s step_avg:42.94ms
step:2035/3250 train_time:87.501s step_avg:43.00ms
step:2036/3250 train_time:87.655s step_avg:43.05ms
step:2037/3250 train_time:87.810s step_avg:43.11ms
step:2038/3250 train_time:87.964s step_avg:43.16ms
step:2039/3250 train_time:88.118s step_avg:43.22ms
step:2040/3250 train_time:88.272s step_avg:43.27ms
step:2041/3250 train_time:88.425s step_avg:43.32ms
step:2042/3250 train_time:88.580s step_avg:43.38ms
step:2043/3250 train_time:88.734s step_avg:43.43ms
step:2044/3250 train_time:88.887s step_avg:43.49ms
step:2045/3250 train_time:89.040s step_avg:43.54ms
step:2046/3250 train_time:89.195s step_avg:43.59ms
step:2047/3250 train_time:89.349s step_avg:43.65ms
step:2048/3250 train_time:89.504s step_avg:43.70ms
step:2049/3250 train_time:89.659s step_avg:43.76ms
step:2050/3250 train_time:89.813s step_avg:43.81ms
step:2051/3250 train_time:89.968s step_avg:43.87ms
step:2052/3250 train_time:90.120s step_avg:43.92ms
step:2053/3250 train_time:90.275s step_avg:43.97ms
step:2054/3250 train_time:90.427s step_avg:44.02ms
step:2055/3250 train_time:90.581s step_avg:44.08ms
step:2056/3250 train_time:90.734s step_avg:44.13ms
step:2057/3250 train_time:90.888s step_avg:44.18ms
step:2058/3250 train_time:91.043s step_avg:44.24ms
step:2059/3250 train_time:91.196s step_avg:44.29ms
step:2060/3250 train_time:91.350s step_avg:44.34ms
step:2061/3250 train_time:91.503s step_avg:44.40ms
step:2062/3250 train_time:91.657s step_avg:44.45ms
step:2063/3250 train_time:91.810s step_avg:44.50ms
step:2064/3250 train_time:91.963s step_avg:44.56ms
step:2065/3250 train_time:92.117s step_avg:44.61ms
step:2066/3250 train_time:92.272s step_avg:44.66ms
step:2067/3250 train_time:92.424s step_avg:44.71ms
step:2068/3250 train_time:92.579s step_avg:44.77ms
step:2069/3250 train_time:92.733s step_avg:44.82ms
step:2070/3250 train_time:92.887s step_avg:44.87ms
step:2071/3250 train_time:93.040s step_avg:44.93ms
step:2072/3250 train_time:93.195s step_avg:44.98ms
step:2073/3250 train_time:93.349s step_avg:45.03ms
step:2074/3250 train_time:93.502s step_avg:45.08ms
step:2075/3250 train_time:93.656s step_avg:45.14ms
step:2076/3250 train_time:93.811s step_avg:45.19ms
step:2077/3250 train_time:93.965s step_avg:45.24ms
step:2078/3250 train_time:94.118s step_avg:45.29ms
step:2079/3250 train_time:94.272s step_avg:45.34ms
step:2080/3250 train_time:94.425s step_avg:45.40ms
step:2081/3250 train_time:94.579s step_avg:45.45ms
step:2082/3250 train_time:94.732s step_avg:45.50ms
step:2083/3250 train_time:94.887s step_avg:45.55ms
step:2084/3250 train_time:95.041s step_avg:45.60ms
step:2085/3250 train_time:95.194s step_avg:45.66ms
step:2086/3250 train_time:95.348s step_avg:45.71ms
step:2087/3250 train_time:95.501s step_avg:45.76ms
step:2088/3250 train_time:95.653s step_avg:45.81ms
step:2089/3250 train_time:95.809s step_avg:45.86ms
step:2090/3250 train_time:95.962s step_avg:45.92ms
step:2091/3250 train_time:96.164s step_avg:45.99ms
step:2092/3250 train_time:96.317s step_avg:46.04ms
step:2093/3250 train_time:96.470s step_avg:46.09ms
step:2094/3250 train_time:96.623s step_avg:46.14ms
step:2095/3250 train_time:96.776s step_avg:46.19ms
step:2096/3250 train_time:96.930s step_avg:46.25ms
step:2097/3250 train_time:97.084s step_avg:46.30ms
step:2098/3250 train_time:97.239s step_avg:46.35ms
step:2099/3250 train_time:97.393s step_avg:46.40ms
step:2100/3250 train_time:97.547s step_avg:46.45ms
step:2101/3250 train_time:97.700s step_avg:46.50ms
step:2102/3250 train_time:97.852s step_avg:46.55ms
step:2103/3250 train_time:98.006s step_avg:46.60ms
step:2104/3250 train_time:98.161s step_avg:46.65ms
step:2105/3250 train_time:98.314s step_avg:46.71ms
step:2106/3250 train_time:98.467s step_avg:46.76ms
step:2107/3250 train_time:98.621s step_avg:46.81ms
step:2108/3250 train_time:98.775s step_avg:46.86ms
step:2109/3250 train_time:98.928s step_avg:46.91ms
step:2110/3250 train_time:99.082s step_avg:46.96ms
step:2111/3250 train_time:99.236s step_avg:47.01ms
step:2112/3250 train_time:99.389s step_avg:47.06ms
step:2113/3250 train_time:99.542s step_avg:47.11ms
step:2114/3250 train_time:99.696s step_avg:47.16ms
step:2115/3250 train_time:99.850s step_avg:47.21ms
step:2116/3250 train_time:100.004s step_avg:47.26ms
step:2117/3250 train_time:100.158s step_avg:47.31ms
step:2118/3250 train_time:100.313s step_avg:47.36ms
step:2119/3250 train_time:100.467s step_avg:47.41ms
step:2120/3250 train_time:100.620s step_avg:47.46ms
step:2121/3250 train_time:100.773s step_avg:47.51ms
step:2122/3250 train_time:100.925s step_avg:47.56ms
step:2123/3250 train_time:101.080s step_avg:47.61ms
step:2124/3250 train_time:101.233s step_avg:47.66ms
step:2125/3250 train_time:101.387s step_avg:47.71ms
step:2125/3250 val_loss:3.44639 train_time:101.399s step_avg:158.80ms
step:2126/3250 train_time:102.156s step_avg:48.05ms
step:2127/3250 train_time:102.298s step_avg:48.09ms
step:2128/3250 train_time:102.451s step_avg:48.14ms
step:2129/3250 train_time:102.604s step_avg:48.19ms
step:2130/3250 train_time:102.757s step_avg:48.24ms
step:2131/3250 train_time:102.911s step_avg:48.29ms
step:2132/3250 train_time:103.064s step_avg:48.34ms
step:2133/3250 train_time:103.218s step_avg:48.39ms
step:2134/3250 train_time:103.373s step_avg:48.44ms
step:2135/3250 train_time:103.526s step_avg:48.49ms
step:2136/3250 train_time:103.679s step_avg:48.54ms
step:2137/3250 train_time:103.832s step_avg:48.59ms
step:2138/3250 train_time:103.985s step_avg:48.64ms
step:2139/3250 train_time:104.140s step_avg:48.69ms
step:2140/3250 train_time:104.294s step_avg:48.74ms
step:2141/3250 train_time:104.447s step_avg:48.78ms
step:2142/3250 train_time:104.602s step_avg:48.83ms
step:2143/3250 train_time:104.754s step_avg:48.88ms
step:2144/3250 train_time:104.908s step_avg:48.93ms
step:2145/3250 train_time:105.061s step_avg:48.98ms
step:2146/3250 train_time:105.215s step_avg:49.03ms
step:2147/3250 train_time:105.369s step_avg:49.08ms
step:2148/3250 train_time:105.523s step_avg:49.13ms
step:2149/3250 train_time:105.676s step_avg:49.17ms
step:2150/3250 train_time:105.830s step_avg:49.22ms
step:2151/3250 train_time:105.984s step_avg:49.27ms
step:2152/3250 train_time:106.137s step_avg:49.32ms
step:2153/3250 train_time:106.292s step_avg:49.37ms
step:2154/3250 train_time:106.445s step_avg:49.42ms
step:2155/3250 train_time:106.599s step_avg:49.47ms
step:2156/3250 train_time:106.752s step_avg:49.51ms
step:2157/3250 train_time:106.906s step_avg:49.56ms
step:2158/3250 train_time:107.061s step_avg:49.61ms
step:2159/3250 train_time:107.215s step_avg:49.66ms
step:2160/3250 train_time:107.370s step_avg:49.71ms
step:2161/3250 train_time:107.524s step_avg:49.76ms
step:2162/3250 train_time:107.678s step_avg:49.80ms
step:2163/3250 train_time:107.831s step_avg:49.85ms
step:2164/3250 train_time:107.984s step_avg:49.90ms
step:2165/3250 train_time:108.138s step_avg:49.95ms
step:2166/3250 train_time:108.291s step_avg:50.00ms
step:2167/3250 train_time:108.445s step_avg:50.04ms
step:2168/3250 train_time:108.600s step_avg:50.09ms
step:2169/3250 train_time:108.752s step_avg:50.14ms
step:2170/3250 train_time:108.906s step_avg:50.19ms
step:2171/3250 train_time:109.060s step_avg:50.23ms
step:2172/3250 train_time:109.213s step_avg:50.28ms
step:2173/3250 train_time:109.367s step_avg:50.33ms
step:2174/3250 train_time:109.522s step_avg:50.38ms
step:2175/3250 train_time:109.675s step_avg:50.43ms
step:2176/3250 train_time:109.828s step_avg:50.47ms
step:2177/3250 train_time:109.983s step_avg:50.52ms
step:2178/3250 train_time:110.137s step_avg:50.57ms
step:2179/3250 train_time:110.291s step_avg:50.62ms
step:2180/3250 train_time:110.445s step_avg:50.66ms
step:2181/3250 train_time:110.600s step_avg:50.71ms
step:2182/3250 train_time:110.752s step_avg:50.76ms
step:2183/3250 train_time:110.906s step_avg:50.80ms
step:2184/3250 train_time:111.060s step_avg:50.85ms
step:2185/3250 train_time:111.214s step_avg:50.90ms
step:2186/3250 train_time:111.368s step_avg:50.95ms
step:2187/3250 train_time:111.523s step_avg:50.99ms
step:2188/3250 train_time:111.677s step_avg:51.04ms
step:2189/3250 train_time:111.830s step_avg:51.09ms
step:2190/3250 train_time:111.983s step_avg:51.13ms
step:2191/3250 train_time:112.136s step_avg:51.18ms
step:2192/3250 train_time:112.292s step_avg:51.23ms
step:2193/3250 train_time:112.447s step_avg:51.28ms
step:2194/3250 train_time:112.602s step_avg:51.32ms
step:2195/3250 train_time:112.755s step_avg:51.37ms
step:2196/3250 train_time:112.909s step_avg:51.42ms
step:2197/3250 train_time:113.063s step_avg:51.46ms
step:2198/3250 train_time:113.217s step_avg:51.51ms
step:2199/3250 train_time:113.372s step_avg:51.56ms
step:2200/3250 train_time:113.526s step_avg:51.60ms
step:2201/3250 train_time:113.681s step_avg:51.65ms
step:2202/3250 train_time:113.834s step_avg:51.70ms
step:2203/3250 train_time:113.989s step_avg:51.74ms
step:2204/3250 train_time:114.143s step_avg:51.79ms
step:2205/3250 train_time:114.298s step_avg:51.84ms
step:2206/3250 train_time:114.452s step_avg:51.88ms
step:2207/3250 train_time:114.605s step_avg:51.93ms
step:2208/3250 train_time:114.760s step_avg:51.97ms
step:2209/3250 train_time:114.913s step_avg:52.02ms
step:2210/3250 train_time:115.067s step_avg:52.07ms
step:2211/3250 train_time:115.222s step_avg:52.11ms
step:2212/3250 train_time:115.375s step_avg:52.16ms
step:2213/3250 train_time:115.529s step_avg:52.20ms
step:2214/3250 train_time:115.683s step_avg:52.25ms
step:2215/3250 train_time:115.837s step_avg:52.30ms
step:2216/3250 train_time:115.993s step_avg:52.34ms
step:2217/3250 train_time:116.147s step_avg:52.39ms
step:2218/3250 train_time:116.302s step_avg:52.44ms
step:2219/3250 train_time:116.455s step_avg:52.48ms
step:2220/3250 train_time:116.610s step_avg:52.53ms
step:2221/3250 train_time:116.764s step_avg:52.57ms
step:2222/3250 train_time:116.919s step_avg:52.62ms
step:2223/3250 train_time:117.072s step_avg:52.66ms
step:2224/3250 train_time:117.227s step_avg:52.71ms
step:2225/3250 train_time:117.380s step_avg:52.75ms
step:2226/3250 train_time:117.533s step_avg:52.80ms
step:2227/3250 train_time:117.687s step_avg:52.85ms
step:2228/3250 train_time:117.843s step_avg:52.89ms
step:2229/3250 train_time:117.997s step_avg:52.94ms
step:2230/3250 train_time:118.151s step_avg:52.98ms
step:2231/3250 train_time:118.304s step_avg:53.03ms
step:2232/3250 train_time:118.457s step_avg:53.07ms
step:2233/3250 train_time:118.612s step_avg:53.12ms
step:2234/3250 train_time:118.767s step_avg:53.16ms
step:2235/3250 train_time:118.921s step_avg:53.21ms
step:2236/3250 train_time:119.075s step_avg:53.25ms
step:2237/3250 train_time:119.229s step_avg:53.30ms
step:2238/3250 train_time:119.383s step_avg:53.34ms
step:2239/3250 train_time:119.537s step_avg:53.39ms
step:2240/3250 train_time:119.692s step_avg:53.43ms
step:2241/3250 train_time:119.847s step_avg:53.48ms
step:2242/3250 train_time:120.002s step_avg:53.52ms
step:2243/3250 train_time:120.154s step_avg:53.57ms
step:2244/3250 train_time:120.308s step_avg:53.61ms
step:2245/3250 train_time:120.463s step_avg:53.66ms
step:2246/3250 train_time:120.619s step_avg:53.70ms
step:2247/3250 train_time:120.774s step_avg:53.75ms
step:2248/3250 train_time:120.928s step_avg:53.79ms
step:2249/3250 train_time:121.081s step_avg:53.84ms
step:2250/3250 train_time:121.234s step_avg:53.88ms
step:2250/3250 val_loss:3.44396 train_time:121.246s step_avg:158.77ms
step:2251/3250 train_time:121.994s step_avg:54.20ms
step:2252/3250 train_time:122.135s step_avg:54.23ms
step:2253/3250 train_time:122.289s step_avg:54.28ms
step:2254/3250 train_time:122.442s step_avg:54.32ms
step:2255/3250 train_time:122.596s step_avg:54.37ms
step:2256/3250 train_time:122.749s step_avg:54.41ms
step:2257/3250 train_time:122.903s step_avg:54.45ms
step:2258/3250 train_time:123.056s step_avg:54.50ms
step:2259/3250 train_time:123.211s step_avg:54.54ms
step:2260/3250 train_time:123.363s step_avg:54.59ms
step:2261/3250 train_time:123.517s step_avg:54.63ms
step:2262/3250 train_time:123.672s step_avg:54.67ms
step:2263/3250 train_time:123.825s step_avg:54.72ms
step:2264/3250 train_time:123.978s step_avg:54.76ms
step:2265/3250 train_time:124.132s step_avg:54.80ms
step:2266/3250 train_time:124.285s step_avg:54.85ms
step:2267/3250 train_time:124.439s step_avg:54.89ms
step:2268/3250 train_time:124.593s step_avg:54.94ms
step:2269/3250 train_time:124.746s step_avg:54.98ms
step:2270/3250 train_time:124.900s step_avg:55.02ms
step:2271/3250 train_time:125.054s step_avg:55.07ms
step:2272/3250 train_time:125.207s step_avg:55.11ms
step:2273/3250 train_time:125.361s step_avg:55.15ms
step:2274/3250 train_time:125.515s step_avg:55.20ms
step:2275/3250 train_time:125.668s step_avg:55.24ms
step:2276/3250 train_time:125.823s step_avg:55.28ms
step:2277/3250 train_time:125.978s step_avg:55.33ms
step:2278/3250 train_time:126.132s step_avg:55.37ms
step:2279/3250 train_time:126.285s step_avg:55.41ms
step:2280/3250 train_time:126.440s step_avg:55.46ms
step:2281/3250 train_time:126.637s step_avg:55.52ms
step:2282/3250 train_time:126.789s step_avg:55.56ms
step:2283/3250 train_time:126.942s step_avg:55.60ms
step:2284/3250 train_time:127.097s step_avg:55.65ms
step:2285/3250 train_time:127.251s step_avg:55.69ms
step:2286/3250 train_time:127.404s step_avg:55.73ms
step:2287/3250 train_time:127.559s step_avg:55.78ms
step:2288/3250 train_time:127.713s step_avg:55.82ms
step:2289/3250 train_time:127.867s step_avg:55.86ms
step:2290/3250 train_time:128.022s step_avg:55.90ms
step:2291/3250 train_time:128.176s step_avg:55.95ms
step:2292/3250 train_time:128.332s step_avg:55.99ms
step:2293/3250 train_time:128.486s step_avg:56.03ms
step:2294/3250 train_time:128.640s step_avg:56.08ms
step:2295/3250 train_time:128.794s step_avg:56.12ms
step:2296/3250 train_time:128.947s step_avg:56.16ms
step:2297/3250 train_time:129.102s step_avg:56.20ms
step:2298/3250 train_time:129.257s step_avg:56.25ms
step:2299/3250 train_time:129.412s step_avg:56.29ms
step:2300/3250 train_time:129.566s step_avg:56.33ms
step:2301/3250 train_time:129.720s step_avg:56.38ms
step:2302/3250 train_time:129.875s step_avg:56.42ms
step:2303/3250 train_time:130.028s step_avg:56.46ms
step:2304/3250 train_time:130.182s step_avg:56.50ms
step:2305/3250 train_time:130.337s step_avg:56.55ms
step:2306/3250 train_time:130.489s step_avg:56.59ms
step:2307/3250 train_time:130.644s step_avg:56.63ms
step:2308/3250 train_time:130.797s step_avg:56.67ms
step:2309/3250 train_time:130.952s step_avg:56.71ms
step:2310/3250 train_time:131.106s step_avg:56.76ms
step:2311/3250 train_time:131.260s step_avg:56.80ms
step:2312/3250 train_time:131.414s step_avg:56.84ms
step:2313/3250 train_time:131.568s step_avg:56.88ms
step:2314/3250 train_time:131.723s step_avg:56.92ms
step:2315/3250 train_time:131.877s step_avg:56.97ms
step:2316/3250 train_time:132.030s step_avg:57.01ms
step:2317/3250 train_time:132.182s step_avg:57.05ms
step:2318/3250 train_time:132.336s step_avg:57.09ms
step:2319/3250 train_time:132.489s step_avg:57.13ms
step:2320/3250 train_time:132.643s step_avg:57.17ms
step:2321/3250 train_time:132.798s step_avg:57.22ms
step:2322/3250 train_time:132.953s step_avg:57.26ms
step:2323/3250 train_time:133.107s step_avg:57.30ms
step:2324/3250 train_time:133.260s step_avg:57.34ms
step:2325/3250 train_time:133.414s step_avg:57.38ms
step:2326/3250 train_time:133.567s step_avg:57.42ms
step:2327/3250 train_time:133.722s step_avg:57.47ms
step:2328/3250 train_time:133.876s step_avg:57.51ms
step:2329/3250 train_time:134.030s step_avg:57.55ms
step:2330/3250 train_time:134.183s step_avg:57.59ms
step:2331/3250 train_time:134.337s step_avg:57.63ms
step:2332/3250 train_time:134.491s step_avg:57.67ms
step:2333/3250 train_time:134.645s step_avg:57.71ms
step:2334/3250 train_time:134.799s step_avg:57.75ms
step:2335/3250 train_time:134.954s step_avg:57.80ms
step:2336/3250 train_time:135.108s step_avg:57.84ms
step:2337/3250 train_time:135.261s step_avg:57.88ms
step:2338/3250 train_time:135.415s step_avg:57.92ms
step:2339/3250 train_time:135.569s step_avg:57.96ms
step:2340/3250 train_time:135.723s step_avg:58.00ms
step:2341/3250 train_time:135.877s step_avg:58.04ms
step:2342/3250 train_time:136.031s step_avg:58.08ms
step:2343/3250 train_time:136.184s step_avg:58.12ms
step:2344/3250 train_time:136.337s step_avg:58.16ms
step:2345/3250 train_time:136.491s step_avg:58.21ms
step:2346/3250 train_time:136.646s step_avg:58.25ms
step:2347/3250 train_time:136.800s step_avg:58.29ms
step:2348/3250 train_time:136.955s step_avg:58.33ms
step:2349/3250 train_time:137.109s step_avg:58.37ms
step:2350/3250 train_time:137.262s step_avg:58.41ms
step:2351/3250 train_time:137.415s step_avg:58.45ms
step:2352/3250 train_time:137.570s step_avg:58.49ms
step:2353/3250 train_time:137.724s step_avg:58.53ms
step:2354/3250 train_time:137.878s step_avg:58.57ms
step:2355/3250 train_time:138.033s step_avg:58.61ms
step:2356/3250 train_time:138.185s step_avg:58.65ms
step:2357/3250 train_time:138.342s step_avg:58.69ms
step:2358/3250 train_time:138.496s step_avg:58.73ms
step:2359/3250 train_time:138.651s step_avg:58.78ms
step:2360/3250 train_time:138.805s step_avg:58.82ms
step:2361/3250 train_time:138.958s step_avg:58.86ms
step:2362/3250 train_time:139.112s step_avg:58.90ms
step:2363/3250 train_time:139.266s step_avg:58.94ms
step:2364/3250 train_time:139.422s step_avg:58.98ms
step:2365/3250 train_time:139.575s step_avg:59.02ms
step:2366/3250 train_time:139.728s step_avg:59.06ms
step:2367/3250 train_time:139.882s step_avg:59.10ms
step:2368/3250 train_time:140.036s step_avg:59.14ms
step:2369/3250 train_time:140.190s step_avg:59.18ms
step:2370/3250 train_time:140.344s step_avg:59.22ms
step:2371/3250 train_time:140.498s step_avg:59.26ms
step:2372/3250 train_time:140.652s step_avg:59.30ms
step:2373/3250 train_time:140.806s step_avg:59.34ms
step:2374/3250 train_time:140.958s step_avg:59.38ms
step:2375/3250 train_time:141.113s step_avg:59.42ms
step:2375/3250 val_loss:3.44139 train_time:141.125s step_avg:159.03ms
step:2376/3250 train_time:141.854s step_avg:59.70ms
step:2377/3250 train_time:141.996s step_avg:59.74ms
step:2378/3250 train_time:142.149s step_avg:59.78ms
step:2379/3250 train_time:142.303s step_avg:59.82ms
step:2380/3250 train_time:142.455s step_avg:59.86ms
step:2381/3250 train_time:142.608s step_avg:59.89ms
step:2382/3250 train_time:142.763s step_avg:59.93ms
step:2383/3250 train_time:142.915s step_avg:59.97ms
step:2384/3250 train_time:143.068s step_avg:60.01ms
step:2385/3250 train_time:143.222s step_avg:60.05ms
step:2386/3250 train_time:143.375s step_avg:60.09ms
step:2387/3250 train_time:143.529s step_avg:60.13ms
step:2388/3250 train_time:143.683s step_avg:60.17ms
step:2389/3250 train_time:143.836s step_avg:60.21ms
step:2390/3250 train_time:143.989s step_avg:60.25ms
step:2391/3250 train_time:144.142s step_avg:60.29ms
step:2392/3250 train_time:144.296s step_avg:60.32ms
step:2393/3250 train_time:144.450s step_avg:60.36ms
step:2394/3250 train_time:144.604s step_avg:60.40ms
step:2395/3250 train_time:144.757s step_avg:60.44ms
step:2396/3250 train_time:144.910s step_avg:60.48ms
step:2397/3250 train_time:145.064s step_avg:60.52ms
step:2398/3250 train_time:145.218s step_avg:60.56ms
step:2399/3250 train_time:145.372s step_avg:60.60ms
step:2400/3250 train_time:145.525s step_avg:60.64ms
step:2401/3250 train_time:145.679s step_avg:60.67ms
step:2402/3250 train_time:145.833s step_avg:60.71ms
step:2403/3250 train_time:145.987s step_avg:60.75ms
step:2404/3250 train_time:146.142s step_avg:60.79ms
step:2405/3250 train_time:146.295s step_avg:60.83ms
step:2406/3250 train_time:146.447s step_avg:60.87ms
step:2407/3250 train_time:146.602s step_avg:60.91ms
step:2408/3250 train_time:146.756s step_avg:60.95ms
step:2409/3250 train_time:146.910s step_avg:60.98ms
step:2410/3250 train_time:147.064s step_avg:61.02ms
step:2411/3250 train_time:147.218s step_avg:61.06ms
step:2412/3250 train_time:147.373s step_avg:61.10ms
step:2413/3250 train_time:147.527s step_avg:61.14ms
step:2414/3250 train_time:147.682s step_avg:61.18ms
step:2415/3250 train_time:147.835s step_avg:61.22ms
step:2416/3250 train_time:147.988s step_avg:61.25ms
step:2417/3250 train_time:148.142s step_avg:61.29ms
step:2418/3250 train_time:148.295s step_avg:61.33ms
step:2419/3250 train_time:148.448s step_avg:61.37ms
step:2420/3250 train_time:148.603s step_avg:61.41ms
step:2421/3250 train_time:148.757s step_avg:61.44ms
step:2422/3250 train_time:148.911s step_avg:61.48ms
step:2423/3250 train_time:149.065s step_avg:61.52ms
step:2424/3250 train_time:149.217s step_avg:61.56ms
step:2425/3250 train_time:149.371s step_avg:61.60ms
step:2426/3250 train_time:149.525s step_avg:61.63ms
step:2427/3250 train_time:149.680s step_avg:61.67ms
step:2428/3250 train_time:149.834s step_avg:61.71ms
step:2429/3250 train_time:149.988s step_avg:61.75ms
step:2430/3250 train_time:150.143s step_avg:61.79ms
step:2431/3250 train_time:150.297s step_avg:61.83ms
step:2432/3250 train_time:150.454s step_avg:61.86ms
step:2433/3250 train_time:150.608s step_avg:61.90ms
step:2434/3250 train_time:150.763s step_avg:61.94ms
step:2435/3250 train_time:150.916s step_avg:61.98ms
step:2436/3250 train_time:151.068s step_avg:62.01ms
step:2437/3250 train_time:151.222s step_avg:62.05ms
step:2438/3250 train_time:151.376s step_avg:62.09ms
step:2439/3250 train_time:151.531s step_avg:62.13ms
step:2440/3250 train_time:151.687s step_avg:62.17ms
step:2441/3250 train_time:151.841s step_avg:62.20ms
step:2442/3250 train_time:151.994s step_avg:62.24ms
step:2443/3250 train_time:152.148s step_avg:62.28ms
step:2444/3250 train_time:152.303s step_avg:62.32ms
step:2445/3250 train_time:152.456s step_avg:62.35ms
step:2446/3250 train_time:152.609s step_avg:62.39ms
step:2447/3250 train_time:152.763s step_avg:62.43ms
step:2448/3250 train_time:152.916s step_avg:62.47ms
step:2449/3250 train_time:153.071s step_avg:62.50ms
step:2450/3250 train_time:153.225s step_avg:62.54ms
step:2451/3250 train_time:153.379s step_avg:62.58ms
step:2452/3250 train_time:153.534s step_avg:62.62ms
step:2453/3250 train_time:153.688s step_avg:62.65ms
step:2454/3250 train_time:153.842s step_avg:62.69ms
step:2455/3250 train_time:153.994s step_avg:62.73ms
step:2456/3250 train_time:154.148s step_avg:62.76ms
step:2457/3250 train_time:154.303s step_avg:62.80ms
step:2458/3250 train_time:154.457s step_avg:62.84ms
step:2459/3250 train_time:154.611s step_avg:62.88ms
step:2460/3250 train_time:154.765s step_avg:62.91ms
step:2461/3250 train_time:154.919s step_avg:62.95ms
step:2462/3250 train_time:155.073s step_avg:62.99ms
step:2463/3250 train_time:155.227s step_avg:63.02ms
step:2464/3250 train_time:155.382s step_avg:63.06ms
step:2465/3250 train_time:155.536s step_avg:63.10ms
step:2466/3250 train_time:155.689s step_avg:63.13ms
step:2467/3250 train_time:155.843s step_avg:63.17ms
step:2468/3250 train_time:155.997s step_avg:63.21ms
step:2469/3250 train_time:156.150s step_avg:63.24ms
step:2470/3250 train_time:156.305s step_avg:63.28ms
step:2471/3250 train_time:156.503s step_avg:63.34ms
step:2472/3250 train_time:156.656s step_avg:63.37ms
step:2473/3250 train_time:156.810s step_avg:63.41ms
step:2474/3250 train_time:156.964s step_avg:63.45ms
step:2475/3250 train_time:157.115s step_avg:63.48ms
step:2476/3250 train_time:157.268s step_avg:63.52ms
step:2477/3250 train_time:157.424s step_avg:63.55ms
step:2478/3250 train_time:157.578s step_avg:63.59ms
step:2479/3250 train_time:157.734s step_avg:63.63ms
step:2480/3250 train_time:157.887s step_avg:63.66ms
step:2481/3250 train_time:158.041s step_avg:63.70ms
step:2482/3250 train_time:158.194s step_avg:63.74ms
step:2483/3250 train_time:158.348s step_avg:63.77ms
step:2484/3250 train_time:158.503s step_avg:63.81ms
step:2485/3250 train_time:158.657s step_avg:63.85ms
step:2486/3250 train_time:158.811s step_avg:63.88ms
step:2487/3250 train_time:158.964s step_avg:63.92ms
step:2488/3250 train_time:159.118s step_avg:63.95ms
step:2489/3250 train_time:159.273s step_avg:63.99ms
step:2490/3250 train_time:159.428s step_avg:64.03ms
step:2491/3250 train_time:159.582s step_avg:64.06ms
step:2492/3250 train_time:159.735s step_avg:64.10ms
step:2493/3250 train_time:159.888s step_avg:64.13ms
step:2494/3250 train_time:160.042s step_avg:64.17ms
step:2495/3250 train_time:160.196s step_avg:64.21ms
step:2496/3250 train_time:160.350s step_avg:64.24ms
step:2497/3250 train_time:160.504s step_avg:64.28ms
step:2498/3250 train_time:160.658s step_avg:64.31ms
step:2499/3250 train_time:160.812s step_avg:64.35ms
step:2500/3250 train_time:160.966s step_avg:64.39ms
step:2500/3250 val_loss:3.44159 train_time:160.978s step_avg:158.82ms
step:2501/3250 train_time:161.736s step_avg:64.67ms
step:2502/3250 train_time:161.875s step_avg:64.70ms
step:2503/3250 train_time:162.028s step_avg:64.73ms
step:2504/3250 train_time:162.180s step_avg:64.77ms
step:2505/3250 train_time:162.334s step_avg:64.80ms
step:2506/3250 train_time:162.487s step_avg:64.84ms
step:2507/3250 train_time:162.642s step_avg:64.87ms
step:2508/3250 train_time:162.796s step_avg:64.91ms
step:2509/3250 train_time:162.951s step_avg:64.95ms
step:2510/3250 train_time:163.104s step_avg:64.98ms
step:2511/3250 train_time:163.257s step_avg:65.02ms
step:2512/3250 train_time:163.411s step_avg:65.05ms
step:2513/3250 train_time:163.565s step_avg:65.09ms
step:2514/3250 train_time:163.718s step_avg:65.12ms
step:2515/3250 train_time:163.873s step_avg:65.16ms
step:2516/3250 train_time:164.026s step_avg:65.19ms
step:2517/3250 train_time:164.181s step_avg:65.23ms
step:2518/3250 train_time:164.335s step_avg:65.26ms
step:2519/3250 train_time:164.488s step_avg:65.30ms
step:2520/3250 train_time:164.642s step_avg:65.33ms
step:2521/3250 train_time:164.795s step_avg:65.37ms
step:2522/3250 train_time:164.949s step_avg:65.40ms
step:2523/3250 train_time:165.103s step_avg:65.44ms
step:2524/3250 train_time:165.260s step_avg:65.48ms
step:2525/3250 train_time:165.414s step_avg:65.51ms
step:2526/3250 train_time:165.568s step_avg:65.55ms
step:2527/3250 train_time:165.722s step_avg:65.58ms
step:2528/3250 train_time:165.875s step_avg:65.62ms
step:2529/3250 train_time:166.029s step_avg:65.65ms
step:2530/3250 train_time:166.184s step_avg:65.69ms
step:2531/3250 train_time:166.337s step_avg:65.72ms
step:2532/3250 train_time:166.493s step_avg:65.76ms
step:2533/3250 train_time:166.645s step_avg:65.79ms
step:2534/3250 train_time:166.798s step_avg:65.82ms
step:2535/3250 train_time:166.951s step_avg:65.86ms
step:2536/3250 train_time:167.105s step_avg:65.89ms
step:2537/3250 train_time:167.259s step_avg:65.93ms
step:2538/3250 train_time:167.414s step_avg:65.96ms
step:2539/3250 train_time:167.567s step_avg:66.00ms
step:2540/3250 train_time:167.722s step_avg:66.03ms
step:2541/3250 train_time:167.875s step_avg:66.07ms
step:2542/3250 train_time:168.029s step_avg:66.10ms
step:2543/3250 train_time:168.183s step_avg:66.14ms
step:2544/3250 train_time:168.336s step_avg:66.17ms
step:2545/3250 train_time:168.491s step_avg:66.20ms
step:2546/3250 train_time:168.644s step_avg:66.24ms
step:2547/3250 train_time:168.799s step_avg:66.27ms
step:2548/3250 train_time:168.953s step_avg:66.31ms
step:2549/3250 train_time:169.106s step_avg:66.34ms
step:2550/3250 train_time:169.259s step_avg:66.38ms
step:2551/3250 train_time:169.414s step_avg:66.41ms
step:2552/3250 train_time:169.567s step_avg:66.44ms
step:2553/3250 train_time:169.721s step_avg:66.48ms
step:2554/3250 train_time:169.874s step_avg:66.51ms
step:2555/3250 train_time:170.028s step_avg:66.55ms
step:2556/3250 train_time:170.182s step_avg:66.58ms
step:2557/3250 train_time:170.337s step_avg:66.62ms
step:2558/3250 train_time:170.492s step_avg:66.65ms
step:2559/3250 train_time:170.644s step_avg:66.68ms
step:2560/3250 train_time:170.797s step_avg:66.72ms
step:2561/3250 train_time:170.951s step_avg:66.75ms
step:2562/3250 train_time:171.105s step_avg:66.79ms
step:2563/3250 train_time:171.259s step_avg:66.82ms
step:2564/3250 train_time:171.415s step_avg:66.85ms
step:2565/3250 train_time:171.568s step_avg:66.89ms
step:2566/3250 train_time:171.721s step_avg:66.92ms
step:2567/3250 train_time:171.873s step_avg:66.95ms
step:2568/3250 train_time:172.027s step_avg:66.99ms
step:2569/3250 train_time:172.181s step_avg:67.02ms
step:2570/3250 train_time:172.335s step_avg:67.06ms
step:2571/3250 train_time:172.489s step_avg:67.09ms
step:2572/3250 train_time:172.642s step_avg:67.12ms
step:2573/3250 train_time:172.796s step_avg:67.16ms
step:2574/3250 train_time:172.949s step_avg:67.19ms
step:2575/3250 train_time:173.104s step_avg:67.22ms
step:2576/3250 train_time:173.258s step_avg:67.26ms
step:2577/3250 train_time:173.411s step_avg:67.29ms
step:2578/3250 train_time:173.565s step_avg:67.33ms
step:2579/3250 train_time:173.719s step_avg:67.36ms
step:2580/3250 train_time:173.873s step_avg:67.39ms
step:2581/3250 train_time:174.027s step_avg:67.43ms
step:2582/3250 train_time:174.182s step_avg:67.46ms
step:2583/3250 train_time:174.336s step_avg:67.49ms
step:2584/3250 train_time:174.490s step_avg:67.53ms
step:2585/3250 train_time:174.643s step_avg:67.56ms
step:2586/3250 train_time:174.797s step_avg:67.59ms
step:2587/3250 train_time:174.952s step_avg:67.63ms
step:2588/3250 train_time:175.105s step_avg:67.66ms
step:2589/3250 train_time:175.259s step_avg:67.69ms
step:2590/3250 train_time:175.415s step_avg:67.73ms
step:2591/3250 train_time:175.569s step_avg:67.76ms
step:2592/3250 train_time:175.723s step_avg:67.79ms
step:2593/3250 train_time:175.879s step_avg:67.83ms
step:2594/3250 train_time:176.034s step_avg:67.86ms
step:2595/3250 train_time:176.188s step_avg:67.90ms
step:2596/3250 train_time:176.342s step_avg:67.93ms
step:2597/3250 train_time:176.496s step_avg:67.96ms
step:2598/3250 train_time:176.649s step_avg:67.99ms
step:2599/3250 train_time:176.803s step_avg:68.03ms
step:2600/3250 train_time:176.958s step_avg:68.06ms
step:2601/3250 train_time:177.112s step_avg:68.09ms
step:2602/3250 train_time:177.265s step_avg:68.13ms
step:2603/3250 train_time:177.419s step_avg:68.16ms
step:2604/3250 train_time:177.573s step_avg:68.19ms
step:2605/3250 train_time:177.727s step_avg:68.23ms
step:2606/3250 train_time:177.882s step_avg:68.26ms
step:2607/3250 train_time:178.037s step_avg:68.29ms
step:2608/3250 train_time:178.192s step_avg:68.33ms
step:2609/3250 train_time:178.345s step_avg:68.36ms
step:2610/3250 train_time:178.500s step_avg:68.39ms
step:2611/3250 train_time:178.653s step_avg:68.42ms
step:2612/3250 train_time:178.807s step_avg:68.46ms
step:2613/3250 train_time:178.962s step_avg:68.49ms
step:2614/3250 train_time:179.115s step_avg:68.52ms
step:2615/3250 train_time:179.269s step_avg:68.55ms
step:2616/3250 train_time:179.422s step_avg:68.59ms
step:2617/3250 train_time:179.576s step_avg:68.62ms
step:2618/3250 train_time:179.730s step_avg:68.65ms
step:2619/3250 train_time:179.884s step_avg:68.68ms
step:2620/3250 train_time:180.038s step_avg:68.72ms
step:2621/3250 train_time:180.193s step_avg:68.75ms
step:2622/3250 train_time:180.345s step_avg:68.78ms
step:2623/3250 train_time:180.498s step_avg:68.81ms
step:2624/3250 train_time:180.652s step_avg:68.85ms
step:2625/3250 train_time:180.806s step_avg:68.88ms
step:2625/3250 val_loss:3.43673 train_time:180.818s step_avg:158.72ms
step:2626/3250 train_time:181.567s step_avg:69.14ms
step:2627/3250 train_time:181.709s step_avg:69.17ms
step:2628/3250 train_time:181.864s step_avg:69.20ms
step:2629/3250 train_time:182.016s step_avg:69.23ms
step:2630/3250 train_time:182.169s step_avg:69.27ms
step:2631/3250 train_time:182.324s step_avg:69.30ms
step:2632/3250 train_time:182.477s step_avg:69.33ms
step:2633/3250 train_time:182.630s step_avg:69.36ms
step:2634/3250 train_time:182.783s step_avg:69.39ms
step:2635/3250 train_time:182.937s step_avg:69.43ms
step:2636/3250 train_time:183.090s step_avg:69.46ms
step:2637/3250 train_time:183.246s step_avg:69.49ms
step:2638/3250 train_time:183.400s step_avg:69.52ms
step:2639/3250 train_time:183.553s step_avg:69.55ms
step:2640/3250 train_time:183.706s step_avg:69.59ms
step:2641/3250 train_time:183.859s step_avg:69.62ms
step:2642/3250 train_time:184.014s step_avg:69.65ms
step:2643/3250 train_time:184.169s step_avg:69.68ms
step:2644/3250 train_time:184.323s step_avg:69.71ms
step:2645/3250 train_time:184.476s step_avg:69.75ms
step:2646/3250 train_time:184.631s step_avg:69.78ms
step:2647/3250 train_time:184.784s step_avg:69.81ms
step:2648/3250 train_time:184.939s step_avg:69.84ms
step:2649/3250 train_time:185.093s step_avg:69.87ms
step:2650/3250 train_time:185.247s step_avg:69.90ms
step:2651/3250 train_time:185.401s step_avg:69.94ms
step:2652/3250 train_time:185.554s step_avg:69.97ms
step:2653/3250 train_time:185.708s step_avg:70.00ms
step:2654/3250 train_time:185.863s step_avg:70.03ms
step:2655/3250 train_time:186.016s step_avg:70.06ms
step:2656/3250 train_time:186.170s step_avg:70.09ms
step:2657/3250 train_time:186.326s step_avg:70.13ms
step:2658/3250 train_time:186.480s step_avg:70.16ms
step:2659/3250 train_time:186.634s step_avg:70.19ms
step:2660/3250 train_time:186.789s step_avg:70.22ms
step:2661/3250 train_time:186.985s step_avg:70.27ms
step:2662/3250 train_time:187.139s step_avg:70.30ms
step:2663/3250 train_time:187.292s step_avg:70.33ms
step:2664/3250 train_time:187.447s step_avg:70.36ms
step:2665/3250 train_time:187.599s step_avg:70.39ms
step:2666/3250 train_time:187.753s step_avg:70.42ms
step:2667/3250 train_time:187.907s step_avg:70.46ms
step:2668/3250 train_time:188.061s step_avg:70.49ms
step:2669/3250 train_time:188.214s step_avg:70.52ms
step:2670/3250 train_time:188.368s step_avg:70.55ms
step:2671/3250 train_time:188.522s step_avg:70.58ms
step:2672/3250 train_time:188.675s step_avg:70.61ms
step:2673/3250 train_time:188.829s step_avg:70.64ms
step:2674/3250 train_time:188.983s step_avg:70.67ms
step:2675/3250 train_time:189.137s step_avg:70.71ms
step:2676/3250 train_time:189.291s step_avg:70.74ms
step:2677/3250 train_time:189.446s step_avg:70.77ms
step:2678/3250 train_time:189.598s step_avg:70.80ms
step:2679/3250 train_time:189.752s step_avg:70.83ms
step:2680/3250 train_time:189.906s step_avg:70.86ms
step:2681/3250 train_time:190.060s step_avg:70.89ms
step:2682/3250 train_time:190.215s step_avg:70.92ms
step:2683/3250 train_time:190.369s step_avg:70.95ms
step:2684/3250 train_time:190.524s step_avg:70.98ms
step:2685/3250 train_time:190.677s step_avg:71.02ms
step:2686/3250 train_time:190.830s step_avg:71.05ms
step:2687/3250 train_time:190.984s step_avg:71.08ms
step:2688/3250 train_time:191.138s step_avg:71.11ms
step:2689/3250 train_time:191.293s step_avg:71.14ms
step:2690/3250 train_time:191.446s step_avg:71.17ms
step:2691/3250 train_time:191.599s step_avg:71.20ms
step:2692/3250 train_time:191.753s step_avg:71.23ms
step:2693/3250 train_time:191.907s step_avg:71.26ms
step:2694/3250 train_time:192.061s step_avg:71.29ms
step:2695/3250 train_time:192.215s step_avg:71.32ms
step:2696/3250 train_time:192.370s step_avg:71.35ms
step:2697/3250 train_time:192.525s step_avg:71.38ms
step:2698/3250 train_time:192.677s step_avg:71.41ms
step:2699/3250 train_time:192.832s step_avg:71.45ms
step:2700/3250 train_time:192.986s step_avg:71.48ms
step:2701/3250 train_time:193.139s step_avg:71.51ms
step:2702/3250 train_time:193.294s step_avg:71.54ms
step:2703/3250 train_time:193.449s step_avg:71.57ms
step:2704/3250 train_time:193.603s step_avg:71.60ms
step:2705/3250 train_time:193.757s step_avg:71.63ms
step:2706/3250 train_time:193.913s step_avg:71.66ms
step:2707/3250 train_time:194.066s step_avg:71.69ms
step:2708/3250 train_time:194.220s step_avg:71.72ms
step:2709/3250 train_time:194.374s step_avg:71.75ms
step:2710/3250 train_time:194.528s step_avg:71.78ms
step:2711/3250 train_time:194.682s step_avg:71.81ms
step:2712/3250 train_time:194.835s step_avg:71.84ms
step:2713/3250 train_time:194.991s step_avg:71.87ms
step:2714/3250 train_time:195.145s step_avg:71.90ms
step:2715/3250 train_time:195.300s step_avg:71.93ms
step:2716/3250 train_time:195.453s step_avg:71.96ms
step:2717/3250 train_time:195.607s step_avg:71.99ms
step:2718/3250 train_time:195.762s step_avg:72.02ms
step:2719/3250 train_time:195.916s step_avg:72.05ms
step:2720/3250 train_time:196.070s step_avg:72.08ms
step:2721/3250 train_time:196.225s step_avg:72.11ms
step:2722/3250 train_time:196.378s step_avg:72.14ms
step:2723/3250 train_time:196.533s step_avg:72.18ms
step:2724/3250 train_time:196.687s step_avg:72.21ms
step:2725/3250 train_time:196.842s step_avg:72.24ms
step:2726/3250 train_time:196.995s step_avg:72.27ms
step:2727/3250 train_time:197.149s step_avg:72.30ms
step:2728/3250 train_time:197.304s step_avg:72.33ms
step:2729/3250 train_time:197.457s step_avg:72.36ms
step:2730/3250 train_time:197.611s step_avg:72.39ms
step:2731/3250 train_time:197.765s step_avg:72.41ms
step:2732/3250 train_time:197.919s step_avg:72.44ms
step:2733/3250 train_time:198.073s step_avg:72.47ms
step:2734/3250 train_time:198.228s step_avg:72.50ms
step:2735/3250 train_time:198.382s step_avg:72.53ms
step:2736/3250 train_time:198.536s step_avg:72.56ms
step:2737/3250 train_time:198.689s step_avg:72.59ms
step:2738/3250 train_time:198.844s step_avg:72.62ms
step:2739/3250 train_time:198.998s step_avg:72.65ms
step:2740/3250 train_time:199.152s step_avg:72.68ms
step:2741/3250 train_time:199.305s step_avg:72.71ms
step:2742/3250 train_time:199.459s step_avg:72.74ms
step:2743/3250 train_time:199.613s step_avg:72.77ms
step:2744/3250 train_time:199.768s step_avg:72.80ms
step:2745/3250 train_time:199.922s step_avg:72.83ms
step:2746/3250 train_time:200.074s step_avg:72.86ms
step:2747/3250 train_time:200.228s step_avg:72.89ms
step:2748/3250 train_time:200.382s step_avg:72.92ms
step:2749/3250 train_time:200.535s step_avg:72.95ms
step:2750/3250 train_time:200.689s step_avg:72.98ms
step:2750/3250 val_loss:3.43605 train_time:200.701s step_avg:159.07ms
step:2751/3250 train_time:201.460s step_avg:73.23ms
EXIT=0 rid=eos_f1500_s060
