==== 2026-08-23 21:43:26 aurora_s0 nproc=8 seed=0  ====
W0823 21:43:27.436000 24313 torch/distributed/run.py:774] 
W0823 21:43:27.436000 24313 torch/distributed/run.py:774] *****************************************
W0823 21:43:27.436000 24313 torch/distributed/run.py:774] Setting OMP_NUM_THREADS environment variable for each process to be 1 in default, to avoid your system being overloaded, please further tune the variable for optimal performance in your application as needed. 
W0823 21:43:27.436000 24313 torch/distributed/run.py:774] *****************************************
logs/6337c124-6ffd-459a-8df1-88364a51a26d.txt
step:100/2900 train_time:31.545s step_avg:315.45ms
step:125/2900 val_loss:4.46100 train_time:36.414s step_avg:291.31ms ema_beta:0
step:200/2900 train_time:52.249s step_avg:261.24ms
step:250/2900 val_loss:4.10552 train_time:61.846s step_avg:247.38ms ema_beta:0
step:300/2900 train_time:71.447s step_avg:238.16ms
step:375/2900 val_loss:3.94754 train_time:86.034s step_avg:229.42ms ema_beta:0.3
step:400/2900 train_time:92.290s step_avg:230.72ms
step:500/2900 train_time:111.537s step_avg:223.07ms
step:500/2900 val_loss:3.82258 train_time:111.539s step_avg:223.08ms ema_beta:0.3
step:600/2900 train_time:131.865s step_avg:219.78ms
step:625/2900 val_loss:3.76545 train_time:136.727s step_avg:218.76ms ema_beta:0.3
step:700/2900 train_time:151.078s step_avg:215.83ms
step:750/2900 val_loss:3.72039 train_time:160.690s step_avg:214.25ms ema_beta:0.3
step:800/2900 train_time:171.731s step_avg:214.66ms
step:875/2900 val_loss:3.68349 train_time:186.223s step_avg:212.83ms ema_beta:0.3
step:900/2900 train_time:190.971s step_avg:212.19ms
step:1000/2900 train_time:211.378s step_avg:211.38ms
step:1000/2900 val_loss:3.64242 train_time:211.379s step_avg:211.38ms ema_beta:0.3
step:1100/2900 train_time:230.877s step_avg:209.89ms
step:1125/2900 val_loss:3.61488 train_time:235.817s step_avg:209.61ms ema_beta:0.3
step:1200/2900 train_time:251.775s step_avg:209.81ms
step:1250/2900 val_loss:3.58576 train_time:261.502s step_avg:209.20ms ema_beta:0.3
step:1300/2900 train_time:271.241s step_avg:208.65ms
step:1375/2900 val_loss:3.55886 train_time:287.310s step_avg:208.95ms ema_beta:0.3
step:1400/2900 train_time:292.116s step_avg:208.65ms
step:1500/2900 train_time:311.586s step_avg:207.72ms
step:1500/2900 val_loss:3.52682 train_time:311.586s step_avg:207.72ms ema_beta:0.3
step:1600/2900 train_time:332.551s step_avg:207.84ms
step:1625/2900 val_loss:3.50691 train_time:337.473s step_avg:207.68ms ema_beta:0.28579
step:1700/2900 train_time:352.030s step_avg:207.08ms
step:1750/2900 val_loss:3.47366 train_time:363.089s step_avg:207.48ms ema_beta:0.2545
step:1800/2900 train_time:372.824s step_avg:207.12ms
step:1875/2900 val_loss:3.44498 train_time:387.501s step_avg:206.67ms ema_beta:0.22383
step:1900/2900 train_time:392.303s step_avg:206.48ms
step:2000/2900 train_time:413.085s step_avg:206.54ms
step:2000/2900 val_loss:3.41139 train_time:413.086s step_avg:206.54ms ema_beta:0
step:2100/2900 train_time:433.948s step_avg:206.64ms
step:2125/2900 val_loss:3.38363 train_time:438.858s step_avg:206.52ms ema_beta:0
step:2200/2900 train_time:453.348s step_avg:206.07ms
step:2250/2900 val_loss:3.35949 train_time:463.030s step_avg:205.79ms ema_beta:0
step:2300/2900 train_time:474.178s step_avg:206.16ms
captured_ref_extrap_state step:2375
step:2375/2900 val_loss:3.33890 train_time:489.312s step_avg:206.03ms ema_beta:0
step:2400/2900 train_time:494.113s step_avg:205.88ms
step:2500/2900 train_time:515.010s step_avg:206.00ms
step:2500/2900 val_loss:3.31919 train_time:515.010s step_avg:206.00ms ema_beta:0
step:2600/2900 train_time:534.433s step_avg:205.55ms
step:2625/2900 val_loss:3.30168 train_time:539.365s step_avg:205.47ms ema_beta:0
step:2700/2900 train_time:555.129s step_avg:205.60ms
step:2750/2900 val_loss:3.28687 train_time:564.813s step_avg:205.39ms ema_beta:0
step:2780/2900 val_loss:3.28384 train_time:570.636s step_avg:205.26ms ema_beta:0
step:2785/2900 val_loss:3.28339 train_time:571.679s step_avg:205.27ms ema_beta:0
step:2790/2900 val_loss:3.28295 train_time:572.592s step_avg:205.23ms ema_beta:0
step:2795/2900 val_loss:3.28236 train_time:573.631s step_avg:205.23ms ema_beta:0
step:2800/2900 train_time:574.545s step_avg:205.19ms
step:2800/2900 val_loss:3.28189 train_time:574.546s step_avg:205.19ms ema_beta:0
step:2805/2900 val_loss:3.28147 train_time:575.585s step_avg:205.20ms ema_beta:0
step:2810/2900 val_loss:3.28096 train_time:576.499s step_avg:205.16ms ema_beta:0
step:2815/2900 val_loss:3.28056 train_time:577.535s step_avg:205.16ms ema_beta:0
step:2820/2900 val_loss:3.28033 train_time:578.442s step_avg:205.12ms ema_beta:0
step:2825/2900 val_loss:3.27978 train_time:579.478s step_avg:205.13ms ema_beta:0
step:2830/2900 val_loss:3.27946 train_time:580.389s step_avg:205.08ms ema_beta:0
step:2835/2900 val_loss:3.27904 train_time:581.423s step_avg:205.09ms ema_beta:0
step:2840/2900 val_loss:3.27867 train_time:582.337s step_avg:205.05ms ema_beta:0
step:2845/2900 val_loss:3.27827 train_time:583.373s step_avg:205.05ms ema_beta:0
step:2850/2900 val_loss:3.27707 train_time:584.281s step_avg:205.01ms ema_beta:0 ref_gamma:-0.075 ref_step:2375
step:2855/2900 val_loss:3.27679 train_time:586.906s step_avg:205.57ms ema_beta:0 ref_gamma:-0.075 ref_step:2375
step:2860/2900 val_loss:3.27650 train_time:587.822s step_avg:205.53ms ema_beta:0 ref_gamma:-0.075 ref_step:2375
==== 2026-08-23 21:54:18 aurora_s0 exit=0 ====
