W0831 11:44:45.779000 17184 torch/distributed/run.py:852] 
W0831 11:44:45.779000 17184 torch/distributed/run.py:852] *****************************************
W0831 11:44:45.779000 17184 torch/distributed/run.py:852] Setting OMP_NUM_THREADS environment variable for each process to be 1 in default, to avoid your system being overloaded, please further tune the variable for optimal performance in your application as needed. 
W0831 11:44:45.779000 17184 torch/distributed/run.py:852] *****************************************
logs/8cf4d043-370b-4a86-90f5-84459d76a74c.txt
resumed training state from step 2000 in eos_shared_state, skipped 500 batches
step:0/3250 val_loss:3.44367 train_time:0.001s step_avg:nanms
step:2001/3250 train_time:3.703s step_avg:1.85ms
step:2002/3250 train_time:4.260s step_avg:2.13ms
step:2003/3250 train_time:4.839s step_avg:2.42ms
step:2004/3250 train_time:5.414s step_avg:2.70ms
step:2005/3250 train_time:5.995s step_avg:2.99ms
step:2006/3250 train_time:6.573s step_avg:3.28ms
step:2007/3250 train_time:7.155s step_avg:3.56ms
step:2008/3250 train_time:7.732s step_avg:3.85ms
step:2009/3250 train_time:8.313s step_avg:4.14ms
step:2010/3250 train_time:8.894s step_avg:4.42ms
step:2011/3250 train_time:9.472s step_avg:4.71ms
step:2012/3250 train_time:10.051s step_avg:5.00ms
step:2013/3250 train_time:10.634s step_avg:5.28ms
step:2014/3250 train_time:11.214s step_avg:5.57ms
step:2015/3250 train_time:11.793s step_avg:5.85ms
step:2016/3250 train_time:12.374s step_avg:6.14ms
step:2017/3250 train_time:12.955s step_avg:6.42ms
step:2018/3250 train_time:13.553s step_avg:6.72ms
step:2019/3250 train_time:14.142s step_avg:7.00ms
step:2020/3250 train_time:14.713s step_avg:7.28ms
step:2021/3250 train_time:15.297s step_avg:7.57ms
step:2022/3250 train_time:15.872s step_avg:7.85ms
step:2023/3250 train_time:16.456s step_avg:8.13ms
step:2024/3250 train_time:17.034s step_avg:8.42ms
step:2025/3250 train_time:17.616s step_avg:8.70ms
step:2026/3250 train_time:18.194s step_avg:8.98ms
step:2027/3250 train_time:18.775s step_avg:9.26ms
step:2028/3250 train_time:19.355s step_avg:9.54ms
step:2029/3250 train_time:19.935s step_avg:9.83ms
step:2030/3250 train_time:20.516s step_avg:10.11ms
step:2031/3250 train_time:21.096s step_avg:10.39ms
step:2032/3250 train_time:21.674s step_avg:10.67ms
step:2033/3250 train_time:22.255s step_avg:10.95ms
step:2034/3250 train_time:22.835s step_avg:11.23ms
step:2035/3250 train_time:23.415s step_avg:11.51ms
step:2036/3250 train_time:23.995s step_avg:11.79ms
step:2037/3250 train_time:24.574s step_avg:12.06ms
step:2038/3250 train_time:25.157s step_avg:12.34ms
step:2039/3250 train_time:25.736s step_avg:12.62ms
step:2040/3250 train_time:26.315s step_avg:12.90ms
step:2041/3250 train_time:26.896s step_avg:13.18ms
step:2042/3250 train_time:27.475s step_avg:13.46ms
step:2043/3250 train_time:28.056s step_avg:13.73ms
step:2044/3250 train_time:28.636s step_avg:14.01ms
step:2045/3250 train_time:29.215s step_avg:14.29ms
step:2046/3250 train_time:29.796s step_avg:14.56ms
step:2047/3250 train_time:30.375s step_avg:14.84ms
step:2048/3250 train_time:30.955s step_avg:15.11ms
step:2049/3250 train_time:31.535s step_avg:15.39ms
step:2050/3250 train_time:32.116s step_avg:15.67ms
step:2051/3250 train_time:32.696s step_avg:15.94ms
step:2052/3250 train_time:33.276s step_avg:16.22ms
step:2053/3250 train_time:33.857s step_avg:16.49ms
step:2054/3250 train_time:34.436s step_avg:16.77ms
step:2055/3250 train_time:35.017s step_avg:17.04ms
step:2056/3250 train_time:35.596s step_avg:17.31ms
step:2057/3250 train_time:36.177s step_avg:17.59ms
step:2058/3250 train_time:36.757s step_avg:17.86ms
step:2059/3250 train_time:37.337s step_avg:18.13ms
step:2060/3250 train_time:37.917s step_avg:18.41ms
step:2061/3250 train_time:38.496s step_avg:18.68ms
step:2062/3250 train_time:39.077s step_avg:18.95ms
step:2063/3250 train_time:39.658s step_avg:19.22ms
step:2064/3250 train_time:40.237s step_avg:19.49ms
step:2065/3250 train_time:40.851s step_avg:19.78ms
step:2066/3250 train_time:41.442s step_avg:20.06ms
step:2067/3250 train_time:42.017s step_avg:20.33ms
step:2068/3250 train_time:42.601s step_avg:20.60ms
step:2069/3250 train_time:43.183s step_avg:20.87ms
step:2070/3250 train_time:43.766s step_avg:21.14ms
step:2071/3250 train_time:44.349s step_avg:21.41ms
step:2072/3250 train_time:44.929s step_avg:21.68ms
step:2073/3250 train_time:45.511s step_avg:21.95ms
step:2074/3250 train_time:46.089s step_avg:22.22ms
step:2075/3250 train_time:46.671s step_avg:22.49ms
step:2076/3250 train_time:47.251s step_avg:22.76ms
step:2077/3250 train_time:47.833s step_avg:23.03ms
step:2078/3250 train_time:48.414s step_avg:23.30ms
step:2079/3250 train_time:48.995s step_avg:23.57ms
step:2080/3250 train_time:49.576s step_avg:23.83ms
step:2081/3250 train_time:50.157s step_avg:24.10ms
step:2082/3250 train_time:50.738s step_avg:24.37ms
step:2083/3250 train_time:51.318s step_avg:24.64ms
step:2084/3250 train_time:51.897s step_avg:24.90ms
step:2085/3250 train_time:52.478s step_avg:25.17ms
step:2086/3250 train_time:53.057s step_avg:25.43ms
step:2087/3250 train_time:53.639s step_avg:25.70ms
step:2088/3250 train_time:54.218s step_avg:25.97ms
step:2089/3250 train_time:54.797s step_avg:26.23ms
step:2090/3250 train_time:55.377s step_avg:26.50ms
step:2091/3250 train_time:55.957s step_avg:26.76ms
step:2092/3250 train_time:56.537s step_avg:27.03ms
step:2093/3250 train_time:57.118s step_avg:27.29ms
step:2094/3250 train_time:57.700s step_avg:27.55ms
step:2095/3250 train_time:58.277s step_avg:27.82ms
step:2096/3250 train_time:58.857s step_avg:28.08ms
step:2097/3250 train_time:59.437s step_avg:28.34ms
step:2098/3250 train_time:60.019s step_avg:28.61ms
step:2099/3250 train_time:60.597s step_avg:28.87ms
step:2100/3250 train_time:61.179s step_avg:29.13ms
step:2101/3250 train_time:61.757s step_avg:29.39ms
step:2102/3250 train_time:62.338s step_avg:29.66ms
step:2103/3250 train_time:62.916s step_avg:29.92ms
step:2104/3250 train_time:63.498s step_avg:30.18ms
step:2105/3250 train_time:64.077s step_avg:30.44ms
step:2106/3250 train_time:64.658s step_avg:30.70ms
step:2107/3250 train_time:65.237s step_avg:30.96ms
step:2108/3250 train_time:65.818s step_avg:31.22ms
step:2109/3250 train_time:66.398s step_avg:31.48ms
step:2110/3250 train_time:66.976s step_avg:31.74ms
step:2111/3250 train_time:67.557s step_avg:32.00ms
step:2112/3250 train_time:68.161s step_avg:32.27ms
step:2113/3250 train_time:68.749s step_avg:32.54ms
step:2114/3250 train_time:69.326s step_avg:32.79ms
step:2115/3250 train_time:69.914s step_avg:33.06ms
step:2116/3250 train_time:70.492s step_avg:33.31ms
step:2117/3250 train_time:71.079s step_avg:33.58ms
step:2118/3250 train_time:71.656s step_avg:33.83ms
step:2119/3250 train_time:72.241s step_avg:34.09ms
step:2120/3250 train_time:72.819s step_avg:34.35ms
step:2121/3250 train_time:73.403s step_avg:34.61ms
step:2122/3250 train_time:73.985s step_avg:34.87ms
step:2123/3250 train_time:74.569s step_avg:35.12ms
step:2124/3250 train_time:75.151s step_avg:35.38ms
step:2125/3250 train_time:75.733s step_avg:35.64ms
step:2125/3250 val_loss:3.35577 train_time:75.744s step_avg:35.64ms
step:2126/3250 train_time:76.315s step_avg:35.90ms
step:2127/3250 train_time:76.898s step_avg:36.15ms
step:2128/3250 train_time:77.480s step_avg:36.41ms
step:2129/3250 train_time:78.062s step_avg:36.67ms
step:2130/3250 train_time:78.642s step_avg:36.92ms
step:2131/3250 train_time:79.221s step_avg:37.18ms
step:2132/3250 train_time:79.803s step_avg:37.43ms
step:2133/3250 train_time:80.382s step_avg:37.68ms
step:2134/3250 train_time:80.964s step_avg:37.94ms
step:2135/3250 train_time:81.542s step_avg:38.19ms
step:2136/3250 train_time:82.123s step_avg:38.45ms
step:2137/3250 train_time:82.703s step_avg:38.70ms
step:2138/3250 train_time:83.285s step_avg:38.95ms
step:2139/3250 train_time:83.866s step_avg:39.21ms
step:2140/3250 train_time:84.449s step_avg:39.46ms
step:2141/3250 train_time:85.034s step_avg:39.72ms
step:2142/3250 train_time:85.614s step_avg:39.97ms
step:2143/3250 train_time:86.196s step_avg:40.22ms
step:2144/3250 train_time:86.777s step_avg:40.47ms
step:2145/3250 train_time:87.359s step_avg:40.73ms
step:2146/3250 train_time:87.943s step_avg:40.98ms
step:2147/3250 train_time:88.522s step_avg:41.23ms
step:2148/3250 train_time:89.103s step_avg:41.48ms
step:2149/3250 train_time:89.682s step_avg:41.73ms
step:2150/3250 train_time:90.264s step_avg:41.98ms
step:2151/3250 train_time:90.843s step_avg:42.23ms
step:2152/3250 train_time:91.427s step_avg:42.48ms
step:2153/3250 train_time:92.012s step_avg:42.74ms
step:2154/3250 train_time:92.595s step_avg:42.99ms
step:2155/3250 train_time:93.176s step_avg:43.24ms
step:2156/3250 train_time:93.757s step_avg:43.49ms
step:2157/3250 train_time:94.339s step_avg:43.74ms
step:2158/3250 train_time:94.921s step_avg:43.99ms
step:2159/3250 train_time:95.537s step_avg:44.25ms
step:2160/3250 train_time:96.125s step_avg:44.50ms
step:2161/3250 train_time:96.700s step_avg:44.75ms
step:2162/3250 train_time:97.286s step_avg:45.00ms
step:2163/3250 train_time:97.864s step_avg:45.24ms
step:2164/3250 train_time:98.445s step_avg:45.49ms
step:2165/3250 train_time:99.025s step_avg:45.74ms
step:2166/3250 train_time:99.607s step_avg:45.99ms
step:2167/3250 train_time:100.191s step_avg:46.23ms
step:2168/3250 train_time:100.773s step_avg:46.48ms
step:2169/3250 train_time:101.355s step_avg:46.73ms
step:2170/3250 train_time:101.934s step_avg:46.97ms
step:2171/3250 train_time:102.515s step_avg:47.22ms
step:2172/3250 train_time:103.097s step_avg:47.47ms
step:2173/3250 train_time:103.680s step_avg:47.71ms
step:2174/3250 train_time:104.261s step_avg:47.96ms
step:2175/3250 train_time:104.844s step_avg:48.20ms
step:2176/3250 train_time:105.423s step_avg:48.45ms
step:2177/3250 train_time:106.004s step_avg:48.69ms
step:2178/3250 train_time:106.582s step_avg:48.94ms
step:2179/3250 train_time:107.162s step_avg:49.18ms
step:2180/3250 train_time:107.743s step_avg:49.42ms
step:2181/3250 train_time:108.322s step_avg:49.67ms
step:2182/3250 train_time:108.903s step_avg:49.91ms
step:2183/3250 train_time:109.482s step_avg:50.15ms
step:2184/3250 train_time:110.064s step_avg:50.40ms
step:2185/3250 train_time:110.643s step_avg:50.64ms
step:2186/3250 train_time:111.224s step_avg:50.88ms
step:2187/3250 train_time:111.803s step_avg:51.12ms
step:2188/3250 train_time:112.383s step_avg:51.36ms
step:2189/3250 train_time:112.964s step_avg:51.61ms
step:2190/3250 train_time:113.543s step_avg:51.85ms
step:2191/3250 train_time:114.123s step_avg:52.09ms
step:2192/3250 train_time:114.703s step_avg:52.33ms
step:2193/3250 train_time:115.282s step_avg:52.57ms
step:2194/3250 train_time:115.862s step_avg:52.81ms
step:2195/3250 train_time:116.441s step_avg:53.05ms
step:2196/3250 train_time:117.022s step_avg:53.29ms
step:2197/3250 train_time:117.602s step_avg:53.53ms
step:2198/3250 train_time:118.182s step_avg:53.77ms
step:2199/3250 train_time:118.762s step_avg:54.01ms
step:2200/3250 train_time:119.344s step_avg:54.25ms
step:2201/3250 train_time:119.924s step_avg:54.49ms
step:2202/3250 train_time:120.503s step_avg:54.72ms
step:2203/3250 train_time:121.082s step_avg:54.96ms
step:2204/3250 train_time:121.663s step_avg:55.20ms
step:2205/3250 train_time:122.243s step_avg:55.44ms
step:2206/3250 train_time:122.856s step_avg:55.69ms
step:2207/3250 train_time:123.441s step_avg:55.93ms
step:2208/3250 train_time:124.019s step_avg:56.17ms
step:2209/3250 train_time:124.605s step_avg:56.41ms
step:2210/3250 train_time:125.182s step_avg:56.64ms
step:2211/3250 train_time:125.764s step_avg:56.88ms
step:2212/3250 train_time:126.342s step_avg:57.12ms
step:2213/3250 train_time:126.923s step_avg:57.35ms
step:2214/3250 train_time:127.502s step_avg:57.59ms
step:2215/3250 train_time:128.082s step_avg:57.82ms
step:2216/3250 train_time:128.663s step_avg:58.06ms
step:2217/3250 train_time:129.244s step_avg:58.30ms
step:2218/3250 train_time:129.823s step_avg:58.53ms
step:2219/3250 train_time:130.403s step_avg:58.77ms
step:2220/3250 train_time:130.982s step_avg:59.00ms
step:2221/3250 train_time:131.564s step_avg:59.24ms
step:2222/3250 train_time:132.143s step_avg:59.47ms
step:2223/3250 train_time:132.723s step_avg:59.70ms
step:2224/3250 train_time:133.303s step_avg:59.94ms
step:2225/3250 train_time:133.883s step_avg:60.17ms
step:2226/3250 train_time:134.463s step_avg:60.41ms
step:2227/3250 train_time:135.043s step_avg:60.64ms
step:2228/3250 train_time:135.622s step_avg:60.87ms
step:2229/3250 train_time:136.203s step_avg:61.11ms
step:2230/3250 train_time:136.782s step_avg:61.34ms
step:2231/3250 train_time:137.364s step_avg:61.57ms
step:2232/3250 train_time:137.942s step_avg:61.80ms
step:2233/3250 train_time:138.522s step_avg:62.03ms
step:2234/3250 train_time:139.103s step_avg:62.27ms
step:2235/3250 train_time:139.681s step_avg:62.50ms
step:2236/3250 train_time:140.263s step_avg:62.73ms
step:2237/3250 train_time:140.843s step_avg:62.96ms
step:2238/3250 train_time:141.422s step_avg:63.19ms
step:2239/3250 train_time:142.003s step_avg:63.42ms
step:2240/3250 train_time:142.582s step_avg:63.65ms
step:2241/3250 train_time:143.162s step_avg:63.88ms
step:2242/3250 train_time:143.741s step_avg:64.11ms
step:2243/3250 train_time:144.323s step_avg:64.34ms
step:2244/3250 train_time:144.902s step_avg:64.57ms
step:2245/3250 train_time:145.483s step_avg:64.80ms
step:2246/3250 train_time:146.064s step_avg:65.03ms
step:2247/3250 train_time:146.643s step_avg:65.26ms
step:2248/3250 train_time:147.224s step_avg:65.49ms
step:2249/3250 train_time:147.803s step_avg:65.72ms
step:2250/3250 train_time:148.383s step_avg:65.95ms
step:2250/3250 val_loss:3.32653 train_time:148.395s step_avg:581.21ms
step:2251/3250 train_time:149.613s step_avg:66.46ms
step:2252/3250 train_time:150.174s step_avg:66.68ms
step:2253/3250 train_time:150.790s step_avg:66.93ms
step:2254/3250 train_time:151.374s step_avg:67.16ms
step:2255/3250 train_time:151.951s step_avg:67.38ms
step:2256/3250 train_time:152.532s step_avg:67.61ms
step:2257/3250 train_time:153.111s step_avg:67.84ms
step:2258/3250 train_time:153.694s step_avg:68.07ms
step:2259/3250 train_time:154.275s step_avg:68.29ms
step:2260/3250 train_time:154.858s step_avg:68.52ms
step:2261/3250 train_time:155.441s step_avg:68.75ms
step:2262/3250 train_time:156.022s step_avg:68.98ms
step:2263/3250 train_time:156.603s step_avg:69.20ms
step:2264/3250 train_time:157.185s step_avg:69.43ms
step:2265/3250 train_time:157.766s step_avg:69.65ms
step:2266/3250 train_time:158.346s step_avg:69.88ms
step:2267/3250 train_time:158.929s step_avg:70.11ms
step:2268/3250 train_time:159.508s step_avg:70.33ms
step:2269/3250 train_time:160.089s step_avg:70.56ms
step:2270/3250 train_time:160.669s step_avg:70.78ms
step:2271/3250 train_time:161.249s step_avg:71.00ms
step:2272/3250 train_time:161.829s step_avg:71.23ms
step:2273/3250 train_time:162.409s step_avg:71.45ms
step:2274/3250 train_time:162.990s step_avg:71.68ms
step:2275/3250 train_time:163.570s step_avg:71.90ms
step:2276/3250 train_time:164.150s step_avg:72.12ms
step:2277/3250 train_time:164.731s step_avg:72.35ms
step:2278/3250 train_time:165.310s step_avg:72.57ms
step:2279/3250 train_time:165.893s step_avg:72.79ms
step:2280/3250 train_time:166.473s step_avg:73.01ms
step:2281/3250 train_time:167.056s step_avg:73.24ms
step:2282/3250 train_time:167.639s step_avg:73.46ms
step:2283/3250 train_time:168.222s step_avg:73.68ms
step:2284/3250 train_time:168.804s step_avg:73.91ms
step:2285/3250 train_time:169.386s step_avg:74.13ms
step:2286/3250 train_time:169.970s step_avg:74.35ms
step:2287/3250 train_time:170.550s step_avg:74.57ms
step:2288/3250 train_time:171.132s step_avg:74.80ms
step:2289/3250 train_time:171.709s step_avg:75.01ms
step:2290/3250 train_time:172.290s step_avg:75.24ms
step:2291/3250 train_time:172.869s step_avg:75.46ms
step:2292/3250 train_time:173.449s step_avg:75.68ms
step:2293/3250 train_time:174.029s step_avg:75.90ms
step:2294/3250 train_time:174.608s step_avg:76.11ms
step:2295/3250 train_time:175.190s step_avg:76.34ms
step:2296/3250 train_time:175.771s step_avg:76.56ms
step:2297/3250 train_time:176.353s step_avg:76.78ms
step:2298/3250 train_time:176.935s step_avg:77.00ms
step:2299/3250 train_time:177.516s step_avg:77.21ms
step:2300/3250 train_time:178.124s step_avg:77.45ms
step:2301/3250 train_time:178.713s step_avg:77.67ms
step:2302/3250 train_time:179.289s step_avg:77.88ms
step:2303/3250 train_time:179.872s step_avg:78.10ms
step:2304/3250 train_time:180.449s step_avg:78.32ms
step:2305/3250 train_time:181.031s step_avg:78.54ms
step:2306/3250 train_time:181.611s step_avg:78.76ms
step:2307/3250 train_time:182.193s step_avg:78.97ms
step:2308/3250 train_time:182.775s step_avg:79.19ms
step:2309/3250 train_time:183.361s step_avg:79.41ms
step:2310/3250 train_time:183.942s step_avg:79.63ms
step:2311/3250 train_time:184.526s step_avg:79.85ms
step:2312/3250 train_time:185.109s step_avg:80.06ms
step:2313/3250 train_time:185.691s step_avg:80.28ms
step:2314/3250 train_time:186.272s step_avg:80.50ms
step:2315/3250 train_time:186.854s step_avg:80.71ms
step:2316/3250 train_time:187.439s step_avg:80.93ms
step:2317/3250 train_time:188.021s step_avg:81.15ms
step:2318/3250 train_time:188.603s step_avg:81.36ms
step:2319/3250 train_time:189.185s step_avg:81.58ms
step:2320/3250 train_time:189.770s step_avg:81.80ms
step:2321/3250 train_time:190.350s step_avg:82.01ms
step:2322/3250 train_time:190.931s step_avg:82.23ms
step:2323/3250 train_time:191.511s step_avg:82.44ms
step:2324/3250 train_time:192.094s step_avg:82.66ms
step:2325/3250 train_time:192.676s step_avg:82.87ms
step:2326/3250 train_time:193.261s step_avg:83.09ms
step:2327/3250 train_time:193.841s step_avg:83.30ms
step:2328/3250 train_time:194.423s step_avg:83.52ms
step:2329/3250 train_time:195.005s step_avg:83.73ms
step:2330/3250 train_time:195.590s step_avg:83.94ms
step:2331/3250 train_time:196.171s step_avg:84.16ms
step:2332/3250 train_time:196.750s step_avg:84.37ms
step:2333/3250 train_time:197.331s step_avg:84.58ms
step:2334/3250 train_time:197.911s step_avg:84.79ms
step:2335/3250 train_time:198.492s step_avg:85.01ms
step:2336/3250 train_time:199.074s step_avg:85.22ms
step:2337/3250 train_time:199.659s step_avg:85.43ms
step:2338/3250 train_time:200.242s step_avg:85.65ms
step:2339/3250 train_time:200.822s step_avg:85.86ms
step:2340/3250 train_time:201.405s step_avg:86.07ms
step:2341/3250 train_time:201.986s step_avg:86.28ms
step:2342/3250 train_time:202.571s step_avg:86.50ms
step:2343/3250 train_time:203.151s step_avg:86.71ms
step:2344/3250 train_time:203.732s step_avg:86.92ms
step:2345/3250 train_time:204.312s step_avg:87.13ms
step:2346/3250 train_time:204.893s step_avg:87.34ms
step:2347/3250 train_time:205.510s step_avg:87.56ms
step:2348/3250 train_time:206.097s step_avg:87.78ms
step:2349/3250 train_time:206.677s step_avg:87.99ms
step:2350/3250 train_time:207.262s step_avg:88.20ms
step:2351/3250 train_time:207.839s step_avg:88.40ms
step:2352/3250 train_time:208.424s step_avg:88.62ms
step:2353/3250 train_time:209.002s step_avg:88.82ms
step:2354/3250 train_time:209.586s step_avg:89.03ms
step:2355/3250 train_time:210.168s step_avg:89.24ms
step:2356/3250 train_time:210.747s step_avg:89.45ms
step:2357/3250 train_time:211.330s step_avg:89.66ms
step:2358/3250 train_time:211.909s step_avg:89.87ms
step:2359/3250 train_time:212.490s step_avg:90.08ms
step:2360/3250 train_time:213.070s step_avg:90.28ms
step:2361/3250 train_time:213.651s step_avg:90.49ms
step:2362/3250 train_time:214.231s step_avg:90.70ms
step:2363/3250 train_time:214.812s step_avg:90.91ms
step:2364/3250 train_time:215.391s step_avg:91.11ms
step:2365/3250 train_time:215.973s step_avg:91.32ms
step:2366/3250 train_time:216.555s step_avg:91.53ms
step:2367/3250 train_time:217.136s step_avg:91.73ms
step:2368/3250 train_time:217.719s step_avg:91.94ms
step:2369/3250 train_time:218.301s step_avg:92.15ms
step:2370/3250 train_time:218.882s step_avg:92.36ms
step:2371/3250 train_time:219.465s step_avg:92.56ms
step:2372/3250 train_time:220.048s step_avg:92.77ms
step:2373/3250 train_time:220.631s step_avg:92.98ms
step:2374/3250 train_time:221.210s step_avg:93.18ms
step:2375/3250 train_time:221.791s step_avg:93.39ms
step:2375/3250 val_loss:3.30065 train_time:221.803s step_avg:587.26ms
step:2376/3250 train_time:222.374s step_avg:93.59ms
step:2377/3250 train_time:222.958s step_avg:93.80ms
step:2378/3250 train_time:223.540s step_avg:94.00ms
step:2379/3250 train_time:224.123s step_avg:94.21ms
step:2380/3250 train_time:224.704s step_avg:94.41ms
step:2381/3250 train_time:225.287s step_avg:94.62ms
step:2382/3250 train_time:225.869s step_avg:94.82ms
step:2383/3250 train_time:226.451s step_avg:95.03ms
step:2384/3250 train_time:227.031s step_avg:95.23ms
step:2385/3250 train_time:227.612s step_avg:95.43ms
step:2386/3250 train_time:228.193s step_avg:95.64ms
step:2387/3250 train_time:228.773s step_avg:95.84ms
step:2388/3250 train_time:229.352s step_avg:96.04ms
step:2389/3250 train_time:229.933s step_avg:96.25ms
step:2390/3250 train_time:230.515s step_avg:96.45ms
step:2391/3250 train_time:231.096s step_avg:96.65ms
step:2392/3250 train_time:231.682s step_avg:96.86ms
step:2393/3250 train_time:232.262s step_avg:97.06ms
step:2394/3250 train_time:232.874s step_avg:97.27ms
step:2395/3250 train_time:233.458s step_avg:97.48ms
step:2396/3250 train_time:234.041s step_avg:97.68ms
step:2397/3250 train_time:234.624s step_avg:97.88ms
step:2398/3250 train_time:235.205s step_avg:98.08ms
step:2399/3250 train_time:235.790s step_avg:98.29ms
step:2400/3250 train_time:236.370s step_avg:98.49ms
step:2401/3250 train_time:236.951s step_avg:98.69ms
step:2402/3250 train_time:237.531s step_avg:98.89ms
step:2403/3250 train_time:238.113s step_avg:99.09ms
step:2404/3250 train_time:238.691s step_avg:99.29ms
step:2405/3250 train_time:239.271s step_avg:99.49ms
step:2406/3250 train_time:239.851s step_avg:99.69ms
step:2407/3250 train_time:240.432s step_avg:99.89ms
step:2408/3250 train_time:241.014s step_avg:100.09ms
step:2409/3250 train_time:241.591s step_avg:100.29ms
step:2410/3250 train_time:242.172s step_avg:100.49ms
step:2411/3250 train_time:242.752s step_avg:100.69ms
step:2412/3250 train_time:243.331s step_avg:100.88ms
step:2413/3250 train_time:243.912s step_avg:101.08ms
step:2414/3250 train_time:244.491s step_avg:101.28ms
step:2415/3250 train_time:245.072s step_avg:101.48ms
step:2416/3250 train_time:245.652s step_avg:101.68ms
step:2417/3250 train_time:246.231s step_avg:101.87ms
step:2418/3250 train_time:246.812s step_avg:102.07ms
step:2419/3250 train_time:247.392s step_avg:102.27ms
step:2420/3250 train_time:247.971s step_avg:102.47ms
step:2421/3250 train_time:248.552s step_avg:102.67ms
step:2422/3250 train_time:249.131s step_avg:102.86ms
step:2423/3250 train_time:249.712s step_avg:103.06ms
step:2424/3250 train_time:250.292s step_avg:103.26ms
step:2425/3250 train_time:250.872s step_avg:103.45ms
step:2426/3250 train_time:251.453s step_avg:103.65ms
step:2427/3250 train_time:252.031s step_avg:103.84ms
step:2428/3250 train_time:252.613s step_avg:104.04ms
step:2429/3250 train_time:253.194s step_avg:104.24ms
step:2430/3250 train_time:253.778s step_avg:104.44ms
step:2431/3250 train_time:254.362s step_avg:104.63ms
step:2432/3250 train_time:254.945s step_avg:104.83ms
step:2433/3250 train_time:255.525s step_avg:105.02ms
step:2434/3250 train_time:256.109s step_avg:105.22ms
step:2435/3250 train_time:256.689s step_avg:105.42ms
step:2436/3250 train_time:257.271s step_avg:105.61ms
step:2437/3250 train_time:257.852s step_avg:105.81ms
step:2438/3250 train_time:258.432s step_avg:106.00ms
step:2439/3250 train_time:259.013s step_avg:106.20ms
step:2440/3250 train_time:259.593s step_avg:106.39ms
step:2441/3250 train_time:260.226s step_avg:106.61ms
step:2442/3250 train_time:260.813s step_avg:106.80ms
step:2443/3250 train_time:261.389s step_avg:107.00ms
step:2444/3250 train_time:261.974s step_avg:107.19ms
step:2445/3250 train_time:262.551s step_avg:107.38ms
step:2446/3250 train_time:263.132s step_avg:107.58ms
step:2447/3250 train_time:263.710s step_avg:107.77ms
step:2448/3250 train_time:264.292s step_avg:107.96ms
step:2449/3250 train_time:264.871s step_avg:108.15ms
step:2450/3250 train_time:265.451s step_avg:108.35ms
step:2451/3250 train_time:266.031s step_avg:108.54ms
step:2452/3250 train_time:266.612s step_avg:108.73ms
step:2453/3250 train_time:267.192s step_avg:108.92ms
step:2454/3250 train_time:267.772s step_avg:109.12ms
step:2455/3250 train_time:268.352s step_avg:109.31ms
step:2456/3250 train_time:268.932s step_avg:109.50ms
step:2457/3250 train_time:269.512s step_avg:109.69ms
step:2458/3250 train_time:270.091s step_avg:109.88ms
step:2459/3250 train_time:270.672s step_avg:110.07ms
step:2460/3250 train_time:271.251s step_avg:110.26ms
step:2461/3250 train_time:271.831s step_avg:110.46ms
step:2462/3250 train_time:272.413s step_avg:110.65ms
step:2463/3250 train_time:272.992s step_avg:110.84ms
step:2464/3250 train_time:273.575s step_avg:111.03ms
step:2465/3250 train_time:274.157s step_avg:111.22ms
step:2466/3250 train_time:274.742s step_avg:111.41ms
step:2467/3250 train_time:275.323s step_avg:111.60ms
step:2468/3250 train_time:275.902s step_avg:111.79ms
step:2469/3250 train_time:276.485s step_avg:111.98ms
step:2470/3250 train_time:277.065s step_avg:112.17ms
step:2471/3250 train_time:277.648s step_avg:112.36ms
step:2472/3250 train_time:278.231s step_avg:112.55ms
step:2473/3250 train_time:278.810s step_avg:112.74ms
step:2474/3250 train_time:279.392s step_avg:112.93ms
step:2475/3250 train_time:279.972s step_avg:113.12ms
step:2476/3250 train_time:280.552s step_avg:113.31ms
step:2477/3250 train_time:281.130s step_avg:113.50ms
step:2478/3250 train_time:281.712s step_avg:113.69ms
step:2479/3250 train_time:282.291s step_avg:113.87ms
step:2480/3250 train_time:282.873s step_avg:114.06ms
step:2481/3250 train_time:283.451s step_avg:114.25ms
step:2482/3250 train_time:284.032s step_avg:114.44ms
step:2483/3250 train_time:284.611s step_avg:114.62ms
step:2484/3250 train_time:285.193s step_avg:114.81ms
step:2485/3250 train_time:285.773s step_avg:115.00ms
step:2486/3250 train_time:286.353s step_avg:115.19ms
step:2487/3250 train_time:286.932s step_avg:115.37ms
step:2488/3250 train_time:287.551s step_avg:115.58ms
step:2489/3250 train_time:288.135s step_avg:115.76ms
step:2490/3250 train_time:288.717s step_avg:115.95ms
step:2491/3250 train_time:289.301s step_avg:116.14ms
step:2492/3250 train_time:289.882s step_avg:116.33ms
step:2493/3250 train_time:290.465s step_avg:116.51ms
step:2494/3250 train_time:291.045s step_avg:116.70ms
step:2495/3250 train_time:291.629s step_avg:116.89ms
step:2496/3250 train_time:292.210s step_avg:117.07ms
step:2497/3250 train_time:292.793s step_avg:117.26ms
step:2498/3250 train_time:293.372s step_avg:117.44ms
step:2499/3250 train_time:293.955s step_avg:117.63ms
step:2500/3250 train_time:294.534s step_avg:117.81ms
step:2500/3250 val_loss:3.28094 train_time:294.545s step_avg:581.94ms
step:2501/3250 train_time:295.757s step_avg:118.26ms
step:2502/3250 train_time:296.312s step_avg:118.43ms
step:2503/3250 train_time:296.899s step_avg:118.62ms
step:2504/3250 train_time:297.476s step_avg:118.80ms
step:2505/3250 train_time:298.061s step_avg:118.99ms
step:2506/3250 train_time:298.643s step_avg:119.17ms
step:2507/3250 train_time:299.225s step_avg:119.36ms
step:2508/3250 train_time:299.806s step_avg:119.54ms
step:2509/3250 train_time:300.389s step_avg:119.72ms
step:2510/3250 train_time:300.971s step_avg:119.91ms
step:2511/3250 train_time:301.554s step_avg:120.09ms
step:2512/3250 train_time:302.134s step_avg:120.28ms
step:2513/3250 train_time:302.715s step_avg:120.46ms
step:2514/3250 train_time:303.296s step_avg:120.64ms
step:2515/3250 train_time:303.878s step_avg:120.83ms
step:2516/3250 train_time:304.463s step_avg:121.01ms
step:2517/3250 train_time:305.046s step_avg:121.19ms
step:2518/3250 train_time:305.627s step_avg:121.38ms
step:2519/3250 train_time:306.210s step_avg:121.56ms
step:2520/3250 train_time:306.792s step_avg:121.74ms
step:2521/3250 train_time:307.375s step_avg:121.93ms
step:2522/3250 train_time:307.954s step_avg:122.11ms
step:2523/3250 train_time:308.536s step_avg:122.29ms
step:2524/3250 train_time:309.116s step_avg:122.47ms
step:2525/3250 train_time:309.699s step_avg:122.65ms
step:2526/3250 train_time:310.282s step_avg:122.84ms
step:2527/3250 train_time:310.868s step_avg:123.02ms
step:2528/3250 train_time:311.449s step_avg:123.20ms
step:2529/3250 train_time:312.033s step_avg:123.38ms
step:2530/3250 train_time:312.615s step_avg:123.56ms
step:2531/3250 train_time:313.196s step_avg:123.74ms
step:2532/3250 train_time:313.778s step_avg:123.92ms
step:2533/3250 train_time:314.361s step_avg:124.11ms
step:2534/3250 train_time:314.945s step_avg:124.29ms
step:2535/3250 train_time:315.572s step_avg:124.49ms
step:2536/3250 train_time:316.158s step_avg:124.67ms
step:2537/3250 train_time:316.735s step_avg:124.85ms
step:2538/3250 train_time:317.319s step_avg:125.03ms
step:2539/3250 train_time:317.904s step_avg:125.21ms
step:2540/3250 train_time:318.486s step_avg:125.39ms
step:2541/3250 train_time:319.069s step_avg:125.57ms
step:2542/3250 train_time:319.650s step_avg:125.75ms
step:2543/3250 train_time:320.233s step_avg:125.93ms
step:2544/3250 train_time:320.814s step_avg:126.11ms
step:2545/3250 train_time:321.394s step_avg:126.28ms
step:2546/3250 train_time:321.974s step_avg:126.46ms
step:2547/3250 train_time:322.554s step_avg:126.64ms
step:2548/3250 train_time:323.135s step_avg:126.82ms
step:2549/3250 train_time:323.714s step_avg:127.00ms
step:2550/3250 train_time:324.295s step_avg:127.17ms
step:2551/3250 train_time:324.875s step_avg:127.35ms
step:2552/3250 train_time:325.454s step_avg:127.53ms
step:2553/3250 train_time:326.035s step_avg:127.71ms
step:2554/3250 train_time:326.614s step_avg:127.88ms
step:2555/3250 train_time:327.194s step_avg:128.06ms
step:2556/3250 train_time:327.774s step_avg:128.24ms
step:2557/3250 train_time:328.353s step_avg:128.41ms
step:2558/3250 train_time:328.935s step_avg:128.59ms
step:2559/3250 train_time:329.514s step_avg:128.77ms
step:2560/3250 train_time:330.096s step_avg:128.94ms
step:2561/3250 train_time:330.674s step_avg:129.12ms
step:2562/3250 train_time:331.253s step_avg:129.29ms
step:2563/3250 train_time:331.834s step_avg:129.47ms
step:2564/3250 train_time:332.414s step_avg:129.65ms
step:2565/3250 train_time:332.993s step_avg:129.82ms
step:2566/3250 train_time:333.574s step_avg:130.00ms
step:2567/3250 train_time:334.154s step_avg:130.17ms
step:2568/3250 train_time:334.735s step_avg:130.35ms
step:2569/3250 train_time:335.314s step_avg:130.52ms
step:2570/3250 train_time:335.894s step_avg:130.70ms
step:2571/3250 train_time:336.476s step_avg:130.87ms
step:2572/3250 train_time:337.054s step_avg:131.05ms
step:2573/3250 train_time:337.635s step_avg:131.22ms
step:2574/3250 train_time:338.214s step_avg:131.40ms
step:2575/3250 train_time:338.794s step_avg:131.57ms
step:2576/3250 train_time:339.374s step_avg:131.74ms
step:2577/3250 train_time:339.954s step_avg:131.92ms
step:2578/3250 train_time:340.536s step_avg:132.09ms
step:2579/3250 train_time:341.115s step_avg:132.27ms
step:2580/3250 train_time:341.695s step_avg:132.44ms
step:2581/3250 train_time:342.274s step_avg:132.61ms
step:2582/3250 train_time:342.899s step_avg:132.80ms
step:2583/3250 train_time:343.486s step_avg:132.98ms
step:2584/3250 train_time:344.063s step_avg:133.15ms
step:2585/3250 train_time:344.648s step_avg:133.33ms
step:2586/3250 train_time:345.227s step_avg:133.50ms
step:2587/3250 train_time:345.811s step_avg:133.67ms
step:2588/3250 train_time:346.392s step_avg:133.85ms
step:2589/3250 train_time:346.974s step_avg:134.02ms
step:2590/3250 train_time:347.554s step_avg:134.19ms
step:2591/3250 train_time:348.138s step_avg:134.36ms
step:2592/3250 train_time:348.716s step_avg:134.54ms
step:2593/3250 train_time:349.298s step_avg:134.71ms
step:2594/3250 train_time:349.876s step_avg:134.88ms
step:2595/3250 train_time:350.457s step_avg:135.05ms
step:2596/3250 train_time:351.038s step_avg:135.22ms
step:2597/3250 train_time:351.620s step_avg:135.39ms
step:2598/3250 train_time:352.205s step_avg:135.57ms
step:2599/3250 train_time:352.785s step_avg:135.74ms
step:2600/3250 train_time:353.368s step_avg:135.91ms
step:2601/3250 train_time:353.951s step_avg:136.08ms
step:2602/3250 train_time:354.536s step_avg:136.26ms
step:2603/3250 train_time:355.116s step_avg:136.43ms
step:2604/3250 train_time:355.700s step_avg:136.60ms
step:2605/3250 train_time:356.281s step_avg:136.77ms
step:2606/3250 train_time:356.866s step_avg:136.94ms
step:2607/3250 train_time:357.447s step_avg:137.11ms
step:2608/3250 train_time:358.030s step_avg:137.28ms
step:2609/3250 train_time:358.615s step_avg:137.45ms
step:2610/3250 train_time:359.194s step_avg:137.62ms
step:2611/3250 train_time:359.774s step_avg:137.79ms
step:2612/3250 train_time:360.357s step_avg:137.96ms
step:2613/3250 train_time:360.939s step_avg:138.13ms
step:2614/3250 train_time:361.523s step_avg:138.30ms
step:2615/3250 train_time:362.106s step_avg:138.47ms
step:2616/3250 train_time:362.687s step_avg:138.64ms
step:2617/3250 train_time:363.270s step_avg:138.81ms
step:2618/3250 train_time:363.853s step_avg:138.98ms
step:2619/3250 train_time:364.435s step_avg:139.15ms
step:2620/3250 train_time:365.016s step_avg:139.32ms
step:2621/3250 train_time:365.596s step_avg:139.49ms
step:2622/3250 train_time:366.176s step_avg:139.66ms
step:2623/3250 train_time:366.756s step_avg:139.82ms
step:2624/3250 train_time:367.339s step_avg:139.99ms
step:2625/3250 train_time:367.922s step_avg:140.16ms
step:2625/3250 val_loss:3.26195 train_time:367.934s step_avg:587.10ms
step:2626/3250 train_time:368.509s step_avg:140.33ms
step:2627/3250 train_time:369.090s step_avg:140.50ms
step:2628/3250 train_time:369.672s step_avg:140.67ms
step:2629/3250 train_time:370.297s step_avg:140.85ms
step:2630/3250 train_time:370.882s step_avg:141.02ms
step:2631/3250 train_time:371.461s step_avg:141.19ms
step:2632/3250 train_time:372.046s step_avg:141.35ms
step:2633/3250 train_time:372.627s step_avg:141.52ms
step:2634/3250 train_time:373.211s step_avg:141.69ms
step:2635/3250 train_time:373.791s step_avg:141.86ms
step:2636/3250 train_time:374.375s step_avg:142.02ms
step:2637/3250 train_time:374.956s step_avg:142.19ms
step:2638/3250 train_time:375.536s step_avg:142.36ms
step:2639/3250 train_time:376.116s step_avg:142.52ms
step:2640/3250 train_time:376.697s step_avg:142.69ms
step:2641/3250 train_time:377.276s step_avg:142.85ms
step:2642/3250 train_time:377.857s step_avg:143.02ms
step:2643/3250 train_time:378.437s step_avg:143.18ms
step:2644/3250 train_time:379.015s step_avg:143.35ms
step:2645/3250 train_time:379.597s step_avg:143.51ms
step:2646/3250 train_time:380.176s step_avg:143.68ms
step:2647/3250 train_time:380.756s step_avg:143.84ms
step:2648/3250 train_time:381.336s step_avg:144.01ms
step:2649/3250 train_time:381.916s step_avg:144.17ms
step:2650/3250 train_time:382.496s step_avg:144.34ms
step:2651/3250 train_time:383.076s step_avg:144.50ms
step:2652/3250 train_time:383.657s step_avg:144.67ms
step:2653/3250 train_time:384.237s step_avg:144.83ms
step:2654/3250 train_time:384.817s step_avg:145.00ms
step:2655/3250 train_time:385.397s step_avg:145.16ms
step:2656/3250 train_time:385.976s step_avg:145.32ms
step:2657/3250 train_time:386.557s step_avg:145.49ms
step:2658/3250 train_time:387.136s step_avg:145.65ms
step:2659/3250 train_time:387.717s step_avg:145.81ms
step:2660/3250 train_time:388.297s step_avg:145.98ms
step:2661/3250 train_time:388.877s step_avg:146.14ms
step:2662/3250 train_time:389.458s step_avg:146.30ms
step:2663/3250 train_time:390.037s step_avg:146.47ms
step:2664/3250 train_time:390.616s step_avg:146.63ms
step:2665/3250 train_time:391.198s step_avg:146.79ms
step:2666/3250 train_time:391.777s step_avg:146.95ms
step:2667/3250 train_time:392.357s step_avg:147.12ms
step:2668/3250 train_time:392.937s step_avg:147.28ms
step:2669/3250 train_time:393.517s step_avg:147.44ms
step:2670/3250 train_time:394.097s step_avg:147.60ms
step:2671/3250 train_time:394.676s step_avg:147.76ms
step:2672/3250 train_time:395.257s step_avg:147.93ms
step:2673/3250 train_time:395.837s step_avg:148.09ms
step:2674/3250 train_time:396.419s step_avg:148.25ms
step:2675/3250 train_time:397.001s step_avg:148.41ms
step:2676/3250 train_time:397.624s step_avg:148.59ms
step:2677/3250 train_time:398.214s step_avg:148.75ms
step:2678/3250 train_time:398.792s step_avg:148.91ms
step:2679/3250 train_time:399.378s step_avg:149.08ms
step:2680/3250 train_time:399.955s step_avg:149.24ms
step:2681/3250 train_time:400.538s step_avg:149.40ms
step:2682/3250 train_time:401.116s step_avg:149.56ms
step:2683/3250 train_time:401.698s step_avg:149.72ms
step:2684/3250 train_time:402.276s step_avg:149.88ms
step:2685/3250 train_time:402.857s step_avg:150.04ms
step:2686/3250 train_time:403.436s step_avg:150.20ms
step:2687/3250 train_time:404.016s step_avg:150.36ms
step:2688/3250 train_time:404.596s step_avg:150.52ms
step:2689/3250 train_time:405.176s step_avg:150.68ms
step:2690/3250 train_time:405.757s step_avg:150.84ms
step:2691/3250 train_time:406.337s step_avg:151.00ms
step:2692/3250 train_time:406.917s step_avg:151.16ms
step:2693/3250 train_time:407.499s step_avg:151.32ms
step:2694/3250 train_time:408.078s step_avg:151.48ms
step:2695/3250 train_time:408.658s step_avg:151.64ms
step:2696/3250 train_time:409.237s step_avg:151.79ms
step:2697/3250 train_time:409.817s step_avg:151.95ms
step:2698/3250 train_time:410.397s step_avg:152.11ms
step:2699/3250 train_time:410.977s step_avg:152.27ms
step:2700/3250 train_time:411.557s step_avg:152.43ms
step:2701/3250 train_time:412.137s step_avg:152.59ms
step:2702/3250 train_time:412.717s step_avg:152.75ms
step:2703/3250 train_time:413.297s step_avg:152.90ms
step:2704/3250 train_time:413.876s step_avg:153.06ms
step:2705/3250 train_time:414.458s step_avg:153.22ms
step:2706/3250 train_time:415.037s step_avg:153.38ms
step:2707/3250 train_time:415.618s step_avg:153.53ms
step:2708/3250 train_time:416.198s step_avg:153.69ms
step:2709/3250 train_time:416.777s step_avg:153.85ms
step:2710/3250 train_time:417.358s step_avg:154.01ms
step:2711/3250 train_time:417.937s step_avg:154.16ms
step:2712/3250 train_time:418.517s step_avg:154.32ms
step:2713/3250 train_time:419.098s step_avg:154.48ms
step:2714/3250 train_time:419.678s step_avg:154.63ms
step:2715/3250 train_time:420.259s step_avg:154.79ms
step:2716/3250 train_time:420.837s step_avg:154.95ms
step:2717/3250 train_time:421.418s step_avg:155.10ms
step:2718/3250 train_time:421.997s step_avg:155.26ms
step:2719/3250 train_time:422.577s step_avg:155.42ms
step:2720/3250 train_time:423.159s step_avg:155.57ms
step:2721/3250 train_time:423.737s step_avg:155.73ms
step:2722/3250 train_time:424.318s step_avg:155.88ms
step:2723/3250 train_time:424.943s step_avg:156.06ms
step:2724/3250 train_time:425.534s step_avg:156.22ms
step:2725/3250 train_time:426.111s step_avg:156.37ms
step:2726/3250 train_time:426.698s step_avg:156.53ms
step:2727/3250 train_time:427.274s step_avg:156.68ms
step:2728/3250 train_time:427.859s step_avg:156.84ms
step:2729/3250 train_time:428.437s step_avg:156.99ms
step:2730/3250 train_time:429.020s step_avg:157.15ms
step:2731/3250 train_time:429.598s step_avg:157.30ms
step:2732/3250 train_time:430.177s step_avg:157.46ms
step:2733/3250 train_time:430.757s step_avg:157.61ms
step:2734/3250 train_time:431.337s step_avg:157.77ms
step:2735/3250 train_time:431.917s step_avg:157.92ms
step:2736/3250 train_time:432.497s step_avg:158.08ms
step:2737/3250 train_time:433.077s step_avg:158.23ms
step:2738/3250 train_time:433.657s step_avg:158.38ms
step:2739/3250 train_time:434.238s step_avg:158.54ms
step:2740/3250 train_time:434.818s step_avg:158.69ms
step:2741/3250 train_time:435.397s step_avg:158.85ms
step:2742/3250 train_time:435.977s step_avg:159.00ms
step:2743/3250 train_time:436.557s step_avg:159.15ms
step:2744/3250 train_time:437.137s step_avg:159.31ms
step:2745/3250 train_time:437.717s step_avg:159.46ms
step:2746/3250 train_time:438.298s step_avg:159.61ms
step:2747/3250 train_time:438.877s step_avg:159.77ms
step:2748/3250 train_time:439.457s step_avg:159.92ms
step:2749/3250 train_time:440.038s step_avg:160.07ms
step:2750/3250 train_time:440.618s step_avg:160.22ms
step:2750/3250 val_loss:3.24333 train_time:440.629s step_avg:581.57ms
step:2751/3250 train_time:441.845s step_avg:160.61ms
ARM_EXIT=0 req026_b4x_mu0
