W0831 11:39:47.441000 15363 torch/distributed/run.py:852] 
W0831 11:39:47.441000 15363 torch/distributed/run.py:852] *****************************************
W0831 11:39:47.441000 15363 torch/distributed/run.py:852] Setting OMP_NUM_THREADS environment variable for each process to be 1 in default, to avoid your system being overloaded, please further tune the variable for optimal performance in your application as needed. 
W0831 11:39:47.441000 15363 torch/distributed/run.py:852] *****************************************
logs/40cbebad-9ff0-4066-b383-3d106899b99a.txt
resumed training state from step 2000 in eos_shared_state, skipped 2000 batches
step:0/3250 val_loss:3.44367 train_time:0.001s step_avg:nanms
step:2001/3250 train_time:3.251s step_avg:1.62ms
step:2002/3250 train_time:3.392s step_avg:1.69ms
step:2003/3250 train_time:3.544s step_avg:1.77ms
step:2004/3250 train_time:3.696s step_avg:1.84ms
step:2005/3250 train_time:3.849s step_avg:1.92ms
step:2006/3250 train_time:4.001s step_avg:1.99ms
step:2007/3250 train_time:4.153s step_avg:2.07ms
step:2008/3250 train_time:4.307s step_avg:2.14ms
step:2009/3250 train_time:4.461s step_avg:2.22ms
step:2010/3250 train_time:4.613s step_avg:2.30ms
step:2011/3250 train_time:4.766s step_avg:2.37ms
step:2012/3250 train_time:4.918s step_avg:2.44ms
step:2013/3250 train_time:5.072s step_avg:2.52ms
step:2014/3250 train_time:5.225s step_avg:2.59ms
step:2015/3250 train_time:5.377s step_avg:2.67ms
step:2016/3250 train_time:5.530s step_avg:2.74ms
step:2017/3250 train_time:5.684s step_avg:2.82ms
step:2018/3250 train_time:5.837s step_avg:2.89ms
step:2019/3250 train_time:5.991s step_avg:2.97ms
step:2020/3250 train_time:6.144s step_avg:3.04ms
step:2021/3250 train_time:6.297s step_avg:3.12ms
step:2022/3250 train_time:6.450s step_avg:3.19ms
step:2023/3250 train_time:6.604s step_avg:3.26ms
step:2024/3250 train_time:6.756s step_avg:3.34ms
step:2025/3250 train_time:6.909s step_avg:3.41ms
step:2026/3250 train_time:7.065s step_avg:3.49ms
step:2027/3250 train_time:7.216s step_avg:3.56ms
step:2028/3250 train_time:7.369s step_avg:3.63ms
step:2029/3250 train_time:7.523s step_avg:3.71ms
step:2030/3250 train_time:7.675s step_avg:3.78ms
step:2031/3250 train_time:7.828s step_avg:3.85ms
step:2032/3250 train_time:7.983s step_avg:3.93ms
step:2033/3250 train_time:8.136s step_avg:4.00ms
step:2034/3250 train_time:8.289s step_avg:4.08ms
step:2035/3250 train_time:8.443s step_avg:4.15ms
step:2036/3250 train_time:8.596s step_avg:4.22ms
step:2037/3250 train_time:8.749s step_avg:4.30ms
step:2038/3250 train_time:8.903s step_avg:4.37ms
step:2039/3250 train_time:9.056s step_avg:4.44ms
step:2040/3250 train_time:9.210s step_avg:4.51ms
step:2041/3250 train_time:9.365s step_avg:4.59ms
step:2042/3250 train_time:9.518s step_avg:4.66ms
step:2043/3250 train_time:9.671s step_avg:4.73ms
step:2044/3250 train_time:9.824s step_avg:4.81ms
step:2045/3250 train_time:9.977s step_avg:4.88ms
step:2046/3250 train_time:10.131s step_avg:4.95ms
step:2047/3250 train_time:10.285s step_avg:5.02ms
step:2048/3250 train_time:10.438s step_avg:5.10ms
step:2049/3250 train_time:10.591s step_avg:5.17ms
step:2050/3250 train_time:10.745s step_avg:5.24ms
step:2051/3250 train_time:10.898s step_avg:5.31ms
step:2052/3250 train_time:11.051s step_avg:5.39ms
step:2053/3250 train_time:11.206s step_avg:5.46ms
step:2054/3250 train_time:11.361s step_avg:5.53ms
step:2055/3250 train_time:11.514s step_avg:5.60ms
step:2056/3250 train_time:11.667s step_avg:5.67ms
step:2057/3250 train_time:11.820s step_avg:5.75ms
step:2058/3250 train_time:11.973s step_avg:5.82ms
step:2059/3250 train_time:12.125s step_avg:5.89ms
step:2060/3250 train_time:12.279s step_avg:5.96ms
step:2061/3250 train_time:12.435s step_avg:6.03ms
step:2062/3250 train_time:12.590s step_avg:6.11ms
step:2063/3250 train_time:12.744s step_avg:6.18ms
step:2064/3250 train_time:12.897s step_avg:6.25ms
step:2065/3250 train_time:13.050s step_avg:6.32ms
step:2066/3250 train_time:13.205s step_avg:6.39ms
step:2067/3250 train_time:13.358s step_avg:6.46ms
step:2068/3250 train_time:13.512s step_avg:6.53ms
step:2069/3250 train_time:13.665s step_avg:6.60ms
step:2070/3250 train_time:13.818s step_avg:6.68ms
step:2071/3250 train_time:13.971s step_avg:6.75ms
step:2072/3250 train_time:14.124s step_avg:6.82ms
step:2073/3250 train_time:14.277s step_avg:6.89ms
step:2074/3250 train_time:14.432s step_avg:6.96ms
step:2075/3250 train_time:14.587s step_avg:7.03ms
step:2076/3250 train_time:14.741s step_avg:7.10ms
step:2077/3250 train_time:14.894s step_avg:7.17ms
step:2078/3250 train_time:15.047s step_avg:7.24ms
step:2079/3250 train_time:15.200s step_avg:7.31ms
step:2080/3250 train_time:15.355s step_avg:7.38ms
step:2081/3250 train_time:15.508s step_avg:7.45ms
step:2082/3250 train_time:15.662s step_avg:7.52ms
step:2083/3250 train_time:15.815s step_avg:7.59ms
step:2084/3250 train_time:15.969s step_avg:7.66ms
step:2085/3250 train_time:16.123s step_avg:7.73ms
step:2086/3250 train_time:16.276s step_avg:7.80ms
step:2087/3250 train_time:16.430s step_avg:7.87ms
step:2088/3250 train_time:16.584s step_avg:7.94ms
step:2089/3250 train_time:16.737s step_avg:8.01ms
step:2090/3250 train_time:16.890s step_avg:8.08ms
step:2091/3250 train_time:17.075s step_avg:8.17ms
step:2092/3250 train_time:17.227s step_avg:8.23ms
step:2093/3250 train_time:17.381s step_avg:8.30ms
step:2094/3250 train_time:17.534s step_avg:8.37ms
step:2095/3250 train_time:17.688s step_avg:8.44ms
step:2096/3250 train_time:17.841s step_avg:8.51ms
step:2097/3250 train_time:17.995s step_avg:8.58ms
step:2098/3250 train_time:18.148s step_avg:8.65ms
step:2099/3250 train_time:18.302s step_avg:8.72ms
step:2100/3250 train_time:18.454s step_avg:8.79ms
step:2101/3250 train_time:18.607s step_avg:8.86ms
step:2102/3250 train_time:18.760s step_avg:8.92ms
step:2103/3250 train_time:18.913s step_avg:8.99ms
step:2104/3250 train_time:19.066s step_avg:9.06ms
step:2105/3250 train_time:19.219s step_avg:9.13ms
step:2106/3250 train_time:19.373s step_avg:9.20ms
step:2107/3250 train_time:19.526s step_avg:9.27ms
step:2108/3250 train_time:19.679s step_avg:9.34ms
step:2109/3250 train_time:19.834s step_avg:9.40ms
step:2110/3250 train_time:19.987s step_avg:9.47ms
step:2111/3250 train_time:20.140s step_avg:9.54ms
step:2112/3250 train_time:20.292s step_avg:9.61ms
step:2113/3250 train_time:20.445s step_avg:9.68ms
step:2114/3250 train_time:20.598s step_avg:9.74ms
step:2115/3250 train_time:20.754s step_avg:9.81ms
step:2116/3250 train_time:20.908s step_avg:9.88ms
step:2117/3250 train_time:21.061s step_avg:9.95ms
step:2118/3250 train_time:21.215s step_avg:10.02ms
step:2119/3250 train_time:21.368s step_avg:10.08ms
step:2120/3250 train_time:21.521s step_avg:10.15ms
step:2121/3250 train_time:21.674s step_avg:10.22ms
step:2122/3250 train_time:21.827s step_avg:10.29ms
step:2123/3250 train_time:21.980s step_avg:10.35ms
step:2124/3250 train_time:22.135s step_avg:10.42ms
step:2125/3250 train_time:22.288s step_avg:10.49ms
step:2125/3250 val_loss:3.44315 train_time:22.300s step_avg:10.49ms
step:2126/3250 train_time:22.445s step_avg:10.56ms
step:2127/3250 train_time:22.599s step_avg:10.62ms
step:2128/3250 train_time:22.752s step_avg:10.69ms
step:2129/3250 train_time:22.905s step_avg:10.76ms
step:2130/3250 train_time:23.058s step_avg:10.83ms
step:2131/3250 train_time:23.212s step_avg:10.89ms
step:2132/3250 train_time:23.365s step_avg:10.96ms
step:2133/3250 train_time:23.519s step_avg:11.03ms
step:2134/3250 train_time:23.672s step_avg:11.09ms
step:2135/3250 train_time:23.825s step_avg:11.16ms
step:2136/3250 train_time:23.979s step_avg:11.23ms
step:2137/3250 train_time:24.136s step_avg:11.29ms
step:2138/3250 train_time:24.290s step_avg:11.36ms
step:2139/3250 train_time:24.443s step_avg:11.43ms
step:2140/3250 train_time:24.596s step_avg:11.49ms
step:2141/3250 train_time:24.748s step_avg:11.56ms
step:2142/3250 train_time:24.902s step_avg:11.63ms
step:2143/3250 train_time:25.055s step_avg:11.69ms
step:2144/3250 train_time:25.208s step_avg:11.76ms
step:2145/3250 train_time:25.363s step_avg:11.82ms
step:2146/3250 train_time:25.517s step_avg:11.89ms
step:2147/3250 train_time:25.670s step_avg:11.96ms
step:2148/3250 train_time:25.824s step_avg:12.02ms
step:2149/3250 train_time:25.978s step_avg:12.09ms
step:2150/3250 train_time:26.131s step_avg:12.15ms
step:2151/3250 train_time:26.283s step_avg:12.22ms
step:2152/3250 train_time:26.438s step_avg:12.29ms
step:2153/3250 train_time:26.591s step_avg:12.35ms
step:2154/3250 train_time:26.743s step_avg:12.42ms
step:2155/3250 train_time:26.897s step_avg:12.48ms
step:2156/3250 train_time:27.049s step_avg:12.55ms
step:2157/3250 train_time:27.203s step_avg:12.61ms
step:2158/3250 train_time:27.357s step_avg:12.68ms
step:2159/3250 train_time:27.511s step_avg:12.74ms
step:2160/3250 train_time:27.665s step_avg:12.81ms
step:2161/3250 train_time:27.820s step_avg:12.87ms
step:2162/3250 train_time:27.974s step_avg:12.94ms
step:2163/3250 train_time:28.128s step_avg:13.00ms
step:2164/3250 train_time:28.282s step_avg:13.07ms
step:2165/3250 train_time:28.436s step_avg:13.13ms
step:2166/3250 train_time:28.589s step_avg:13.20ms
step:2167/3250 train_time:28.747s step_avg:13.27ms
step:2168/3250 train_time:28.900s step_avg:13.33ms
step:2169/3250 train_time:29.054s step_avg:13.39ms
step:2170/3250 train_time:29.207s step_avg:13.46ms
step:2171/3250 train_time:29.363s step_avg:13.52ms
step:2172/3250 train_time:29.516s step_avg:13.59ms
step:2173/3250 train_time:29.670s step_avg:13.65ms
step:2174/3250 train_time:29.823s step_avg:13.72ms
step:2175/3250 train_time:29.977s step_avg:13.78ms
step:2176/3250 train_time:30.132s step_avg:13.85ms
step:2177/3250 train_time:30.284s step_avg:13.91ms
step:2178/3250 train_time:30.440s step_avg:13.98ms
step:2179/3250 train_time:30.595s step_avg:14.04ms
step:2180/3250 train_time:30.748s step_avg:14.10ms
step:2181/3250 train_time:30.903s step_avg:14.17ms
step:2182/3250 train_time:31.057s step_avg:14.23ms
step:2183/3250 train_time:31.210s step_avg:14.30ms
step:2184/3250 train_time:31.363s step_avg:14.36ms
step:2185/3250 train_time:31.517s step_avg:14.42ms
step:2186/3250 train_time:31.671s step_avg:14.49ms
step:2187/3250 train_time:31.824s step_avg:14.55ms
step:2188/3250 train_time:31.979s step_avg:14.62ms
step:2189/3250 train_time:32.134s step_avg:14.68ms
step:2190/3250 train_time:32.288s step_avg:14.74ms
step:2191/3250 train_time:32.444s step_avg:14.81ms
step:2192/3250 train_time:32.597s step_avg:14.87ms
step:2193/3250 train_time:32.749s step_avg:14.93ms
step:2194/3250 train_time:32.903s step_avg:15.00ms
step:2195/3250 train_time:33.056s step_avg:15.06ms
step:2196/3250 train_time:33.210s step_avg:15.12ms
step:2197/3250 train_time:33.364s step_avg:15.19ms
step:2198/3250 train_time:33.516s step_avg:15.25ms
step:2199/3250 train_time:33.670s step_avg:15.31ms
step:2200/3250 train_time:33.824s step_avg:15.37ms
step:2201/3250 train_time:33.978s step_avg:15.44ms
step:2202/3250 train_time:34.133s step_avg:15.50ms
step:2203/3250 train_time:34.287s step_avg:15.56ms
step:2204/3250 train_time:34.441s step_avg:15.63ms
step:2205/3250 train_time:34.595s step_avg:15.69ms
step:2206/3250 train_time:34.748s step_avg:15.75ms
step:2207/3250 train_time:34.902s step_avg:15.81ms
step:2208/3250 train_time:35.055s step_avg:15.88ms
step:2209/3250 train_time:35.209s step_avg:15.94ms
step:2210/3250 train_time:35.363s step_avg:16.00ms
step:2211/3250 train_time:35.517s step_avg:16.06ms
step:2212/3250 train_time:35.670s step_avg:16.13ms
step:2213/3250 train_time:35.823s step_avg:16.19ms
step:2214/3250 train_time:35.977s step_avg:16.25ms
step:2215/3250 train_time:36.130s step_avg:16.31ms
step:2216/3250 train_time:36.284s step_avg:16.37ms
step:2217/3250 train_time:36.438s step_avg:16.44ms
step:2218/3250 train_time:36.592s step_avg:16.50ms
step:2219/3250 train_time:36.746s step_avg:16.56ms
step:2220/3250 train_time:36.900s step_avg:16.62ms
step:2221/3250 train_time:37.054s step_avg:16.68ms
step:2222/3250 train_time:37.208s step_avg:16.75ms
step:2223/3250 train_time:37.362s step_avg:16.81ms
step:2224/3250 train_time:37.517s step_avg:16.87ms
step:2225/3250 train_time:37.670s step_avg:16.93ms
step:2226/3250 train_time:37.823s step_avg:16.99ms
step:2227/3250 train_time:37.976s step_avg:17.05ms
step:2228/3250 train_time:38.131s step_avg:17.11ms
step:2229/3250 train_time:38.286s step_avg:17.18ms
step:2230/3250 train_time:38.442s step_avg:17.24ms
step:2231/3250 train_time:38.596s step_avg:17.30ms
step:2232/3250 train_time:38.749s step_avg:17.36ms
step:2233/3250 train_time:38.903s step_avg:17.42ms
step:2234/3250 train_time:39.056s step_avg:17.48ms
step:2235/3250 train_time:39.209s step_avg:17.54ms
step:2236/3250 train_time:39.364s step_avg:17.60ms
step:2237/3250 train_time:39.518s step_avg:17.67ms
step:2238/3250 train_time:39.671s step_avg:17.73ms
step:2239/3250 train_time:39.825s step_avg:17.79ms
step:2240/3250 train_time:39.979s step_avg:17.85ms
step:2241/3250 train_time:40.134s step_avg:17.91ms
step:2242/3250 train_time:40.289s step_avg:17.97ms
step:2243/3250 train_time:40.443s step_avg:18.03ms
step:2244/3250 train_time:40.597s step_avg:18.09ms
step:2245/3250 train_time:40.751s step_avg:18.15ms
step:2246/3250 train_time:40.904s step_avg:18.21ms
step:2247/3250 train_time:41.059s step_avg:18.27ms
step:2248/3250 train_time:41.214s step_avg:18.33ms
step:2249/3250 train_time:41.368s step_avg:18.39ms
step:2250/3250 train_time:41.522s step_avg:18.45ms
step:2250/3250 val_loss:3.42483 train_time:41.534s step_avg:153.87ms
step:2251/3250 train_time:42.317s step_avg:18.80ms
step:2252/3250 train_time:42.458s step_avg:18.85ms
step:2253/3250 train_time:42.610s step_avg:18.91ms
step:2254/3250 train_time:42.763s step_avg:18.97ms
step:2255/3250 train_time:42.916s step_avg:19.03ms
step:2256/3250 train_time:43.069s step_avg:19.09ms
step:2257/3250 train_time:43.223s step_avg:19.15ms
step:2258/3250 train_time:43.377s step_avg:19.21ms
step:2259/3250 train_time:43.531s step_avg:19.27ms
step:2260/3250 train_time:43.684s step_avg:19.33ms
step:2261/3250 train_time:43.838s step_avg:19.39ms
step:2262/3250 train_time:43.992s step_avg:19.45ms
step:2263/3250 train_time:44.145s step_avg:19.51ms
step:2264/3250 train_time:44.300s step_avg:19.57ms
step:2265/3250 train_time:44.455s step_avg:19.63ms
step:2266/3250 train_time:44.607s step_avg:19.69ms
step:2267/3250 train_time:44.761s step_avg:19.74ms
step:2268/3250 train_time:44.919s step_avg:19.81ms
step:2269/3250 train_time:45.071s step_avg:19.86ms
step:2270/3250 train_time:45.225s step_avg:19.92ms
step:2271/3250 train_time:45.379s step_avg:19.98ms
step:2272/3250 train_time:45.533s step_avg:20.04ms
step:2273/3250 train_time:45.686s step_avg:20.10ms
step:2274/3250 train_time:45.841s step_avg:20.16ms
step:2275/3250 train_time:45.996s step_avg:20.22ms
step:2276/3250 train_time:46.149s step_avg:20.28ms
step:2277/3250 train_time:46.304s step_avg:20.34ms
step:2278/3250 train_time:46.458s step_avg:20.39ms
step:2279/3250 train_time:46.612s step_avg:20.45ms
step:2280/3250 train_time:46.766s step_avg:20.51ms
step:2281/3250 train_time:46.950s step_avg:20.58ms
step:2282/3250 train_time:47.104s step_avg:20.64ms
step:2283/3250 train_time:47.258s step_avg:20.70ms
step:2284/3250 train_time:47.411s step_avg:20.76ms
step:2285/3250 train_time:47.565s step_avg:20.82ms
step:2286/3250 train_time:47.719s step_avg:20.87ms
step:2287/3250 train_time:47.873s step_avg:20.93ms
step:2288/3250 train_time:48.027s step_avg:20.99ms
step:2289/3250 train_time:48.180s step_avg:21.05ms
step:2290/3250 train_time:48.334s step_avg:21.11ms
step:2291/3250 train_time:48.487s step_avg:21.16ms
step:2292/3250 train_time:48.642s step_avg:21.22ms
step:2293/3250 train_time:48.797s step_avg:21.28ms
step:2294/3250 train_time:48.950s step_avg:21.34ms
step:2295/3250 train_time:49.106s step_avg:21.40ms
step:2296/3250 train_time:49.260s step_avg:21.45ms
step:2297/3250 train_time:49.415s step_avg:21.51ms
step:2298/3250 train_time:49.569s step_avg:21.57ms
step:2299/3250 train_time:49.723s step_avg:21.63ms
step:2300/3250 train_time:49.877s step_avg:21.69ms
step:2301/3250 train_time:50.030s step_avg:21.74ms
step:2302/3250 train_time:50.185s step_avg:21.80ms
step:2303/3250 train_time:50.339s step_avg:21.86ms
step:2304/3250 train_time:50.493s step_avg:21.92ms
step:2305/3250 train_time:50.647s step_avg:21.97ms
step:2306/3250 train_time:50.801s step_avg:22.03ms
step:2307/3250 train_time:50.957s step_avg:22.09ms
step:2308/3250 train_time:51.111s step_avg:22.14ms
step:2309/3250 train_time:51.265s step_avg:22.20ms
step:2310/3250 train_time:51.420s step_avg:22.26ms
step:2311/3250 train_time:51.574s step_avg:22.32ms
step:2312/3250 train_time:51.727s step_avg:22.37ms
step:2313/3250 train_time:51.881s step_avg:22.43ms
step:2314/3250 train_time:52.034s step_avg:22.49ms
step:2315/3250 train_time:52.188s step_avg:22.54ms
step:2316/3250 train_time:52.343s step_avg:22.60ms
step:2317/3250 train_time:52.498s step_avg:22.66ms
step:2318/3250 train_time:52.652s step_avg:22.71ms
step:2319/3250 train_time:52.806s step_avg:22.77ms
step:2320/3250 train_time:52.960s step_avg:22.83ms
step:2321/3250 train_time:53.115s step_avg:22.88ms
step:2322/3250 train_time:53.268s step_avg:22.94ms
step:2323/3250 train_time:53.422s step_avg:23.00ms
step:2324/3250 train_time:53.575s step_avg:23.05ms
step:2325/3250 train_time:53.728s step_avg:23.11ms
step:2326/3250 train_time:53.883s step_avg:23.17ms
step:2327/3250 train_time:54.038s step_avg:23.22ms
step:2328/3250 train_time:54.192s step_avg:23.28ms
step:2329/3250 train_time:54.346s step_avg:23.33ms
step:2330/3250 train_time:54.500s step_avg:23.39ms
step:2331/3250 train_time:54.655s step_avg:23.45ms
step:2332/3250 train_time:54.809s step_avg:23.50ms
step:2333/3250 train_time:54.964s step_avg:23.56ms
step:2334/3250 train_time:55.118s step_avg:23.62ms
step:2335/3250 train_time:55.271s step_avg:23.67ms
step:2336/3250 train_time:55.426s step_avg:23.73ms
step:2337/3250 train_time:55.579s step_avg:23.78ms
step:2338/3250 train_time:55.735s step_avg:23.84ms
step:2339/3250 train_time:55.888s step_avg:23.89ms
step:2340/3250 train_time:56.043s step_avg:23.95ms
step:2341/3250 train_time:56.197s step_avg:24.01ms
step:2342/3250 train_time:56.351s step_avg:24.06ms
step:2343/3250 train_time:56.505s step_avg:24.12ms
step:2344/3250 train_time:56.659s step_avg:24.17ms
step:2345/3250 train_time:56.813s step_avg:24.23ms
step:2346/3250 train_time:56.967s step_avg:24.28ms
step:2347/3250 train_time:57.121s step_avg:24.34ms
step:2348/3250 train_time:57.276s step_avg:24.39ms
step:2349/3250 train_time:57.430s step_avg:24.45ms
step:2350/3250 train_time:57.585s step_avg:24.50ms
step:2351/3250 train_time:57.740s step_avg:24.56ms
step:2352/3250 train_time:57.894s step_avg:24.61ms
step:2353/3250 train_time:58.047s step_avg:24.67ms
step:2354/3250 train_time:58.201s step_avg:24.72ms
step:2355/3250 train_time:58.360s step_avg:24.78ms
step:2356/3250 train_time:58.514s step_avg:24.84ms
step:2357/3250 train_time:58.667s step_avg:24.89ms
step:2358/3250 train_time:58.823s step_avg:24.95ms
step:2359/3250 train_time:58.977s step_avg:25.00ms
step:2360/3250 train_time:59.131s step_avg:25.06ms
step:2361/3250 train_time:59.286s step_avg:25.11ms
step:2362/3250 train_time:59.440s step_avg:25.16ms
step:2363/3250 train_time:59.594s step_avg:25.22ms
step:2364/3250 train_time:59.747s step_avg:25.27ms
step:2365/3250 train_time:59.902s step_avg:25.33ms
step:2366/3250 train_time:60.057s step_avg:25.38ms
step:2367/3250 train_time:60.210s step_avg:25.44ms
step:2368/3250 train_time:60.364s step_avg:25.49ms
step:2369/3250 train_time:60.520s step_avg:25.55ms
step:2370/3250 train_time:60.675s step_avg:25.60ms
step:2371/3250 train_time:60.828s step_avg:25.66ms
step:2372/3250 train_time:60.982s step_avg:25.71ms
step:2373/3250 train_time:61.137s step_avg:25.76ms
step:2374/3250 train_time:61.291s step_avg:25.82ms
step:2375/3250 train_time:61.445s step_avg:25.87ms
step:2375/3250 val_loss:3.40642 train_time:61.457s step_avg:159.38ms
step:2376/3250 train_time:61.600s step_avg:25.93ms
step:2377/3250 train_time:61.753s step_avg:25.98ms
step:2378/3250 train_time:61.907s step_avg:26.03ms
step:2379/3250 train_time:62.061s step_avg:26.09ms
step:2380/3250 train_time:62.217s step_avg:26.14ms
step:2381/3250 train_time:62.371s step_avg:26.20ms
step:2382/3250 train_time:62.526s step_avg:26.25ms
step:2383/3250 train_time:62.680s step_avg:26.30ms
step:2384/3250 train_time:62.833s step_avg:26.36ms
step:2385/3250 train_time:62.987s step_avg:26.41ms
step:2386/3250 train_time:63.142s step_avg:26.46ms
step:2387/3250 train_time:63.297s step_avg:26.52ms
step:2388/3250 train_time:63.453s step_avg:26.57ms
step:2389/3250 train_time:63.607s step_avg:26.62ms
step:2390/3250 train_time:63.762s step_avg:26.68ms
step:2391/3250 train_time:63.917s step_avg:26.73ms
step:2392/3250 train_time:64.071s step_avg:26.79ms
step:2393/3250 train_time:64.225s step_avg:26.84ms
step:2394/3250 train_time:64.381s step_avg:26.89ms
step:2395/3250 train_time:64.535s step_avg:26.95ms
step:2396/3250 train_time:64.689s step_avg:27.00ms
step:2397/3250 train_time:64.843s step_avg:27.05ms
step:2398/3250 train_time:64.999s step_avg:27.11ms
step:2399/3250 train_time:65.154s step_avg:27.16ms
step:2400/3250 train_time:65.308s step_avg:27.21ms
step:2401/3250 train_time:65.462s step_avg:27.26ms
step:2402/3250 train_time:65.616s step_avg:27.32ms
step:2403/3250 train_time:65.769s step_avg:27.37ms
step:2404/3250 train_time:65.924s step_avg:27.42ms
step:2405/3250 train_time:66.080s step_avg:27.48ms
step:2406/3250 train_time:66.234s step_avg:27.53ms
step:2407/3250 train_time:66.387s step_avg:27.58ms
step:2408/3250 train_time:66.542s step_avg:27.63ms
step:2409/3250 train_time:66.697s step_avg:27.69ms
step:2410/3250 train_time:66.851s step_avg:27.74ms
step:2411/3250 train_time:67.006s step_avg:27.79ms
step:2412/3250 train_time:67.160s step_avg:27.84ms
step:2413/3250 train_time:67.314s step_avg:27.90ms
step:2414/3250 train_time:67.467s step_avg:27.95ms
step:2415/3250 train_time:67.624s step_avg:28.00ms
step:2416/3250 train_time:67.778s step_avg:28.05ms
step:2417/3250 train_time:67.933s step_avg:28.11ms
step:2418/3250 train_time:68.088s step_avg:28.16ms
step:2419/3250 train_time:68.241s step_avg:28.21ms
step:2420/3250 train_time:68.396s step_avg:28.26ms
step:2421/3250 train_time:68.549s step_avg:28.31ms
step:2422/3250 train_time:68.703s step_avg:28.37ms
step:2423/3250 train_time:68.859s step_avg:28.42ms
step:2424/3250 train_time:69.014s step_avg:28.47ms
step:2425/3250 train_time:69.168s step_avg:28.52ms
step:2426/3250 train_time:69.322s step_avg:28.57ms
step:2427/3250 train_time:69.478s step_avg:28.63ms
step:2428/3250 train_time:69.631s step_avg:28.68ms
step:2429/3250 train_time:69.787s step_avg:28.73ms
step:2430/3250 train_time:69.941s step_avg:28.78ms
step:2431/3250 train_time:70.095s step_avg:28.83ms
step:2432/3250 train_time:70.249s step_avg:28.89ms
step:2433/3250 train_time:70.403s step_avg:28.94ms
step:2434/3250 train_time:70.559s step_avg:28.99ms
step:2435/3250 train_time:70.713s step_avg:29.04ms
step:2436/3250 train_time:70.867s step_avg:29.09ms
step:2437/3250 train_time:71.021s step_avg:29.14ms
step:2438/3250 train_time:71.177s step_avg:29.19ms
step:2439/3250 train_time:71.331s step_avg:29.25ms
step:2440/3250 train_time:71.485s step_avg:29.30ms
step:2441/3250 train_time:71.640s step_avg:29.35ms
step:2442/3250 train_time:71.793s step_avg:29.40ms
step:2443/3250 train_time:71.947s step_avg:29.45ms
step:2444/3250 train_time:72.103s step_avg:29.50ms
step:2445/3250 train_time:72.258s step_avg:29.55ms
step:2446/3250 train_time:72.411s step_avg:29.60ms
step:2447/3250 train_time:72.566s step_avg:29.66ms
step:2448/3250 train_time:72.720s step_avg:29.71ms
step:2449/3250 train_time:72.875s step_avg:29.76ms
step:2450/3250 train_time:73.029s step_avg:29.81ms
step:2451/3250 train_time:73.182s step_avg:29.86ms
step:2452/3250 train_time:73.338s step_avg:29.91ms
step:2453/3250 train_time:73.491s step_avg:29.96ms
step:2454/3250 train_time:73.646s step_avg:30.01ms
step:2455/3250 train_time:73.800s step_avg:30.06ms
step:2456/3250 train_time:73.956s step_avg:30.11ms
step:2457/3250 train_time:74.109s step_avg:30.16ms
step:2458/3250 train_time:74.262s step_avg:30.21ms
step:2459/3250 train_time:74.417s step_avg:30.26ms
step:2460/3250 train_time:74.571s step_avg:30.31ms
step:2461/3250 train_time:74.725s step_avg:30.36ms
step:2462/3250 train_time:74.879s step_avg:30.41ms
step:2463/3250 train_time:75.035s step_avg:30.46ms
step:2464/3250 train_time:75.188s step_avg:30.51ms
step:2465/3250 train_time:75.342s step_avg:30.56ms
step:2466/3250 train_time:75.496s step_avg:30.61ms
step:2467/3250 train_time:75.650s step_avg:30.66ms
step:2468/3250 train_time:75.804s step_avg:30.71ms
step:2469/3250 train_time:75.958s step_avg:30.76ms
step:2470/3250 train_time:76.113s step_avg:30.81ms
step:2471/3250 train_time:76.296s step_avg:30.88ms
step:2472/3250 train_time:76.449s step_avg:30.93ms
step:2473/3250 train_time:76.603s step_avg:30.98ms
step:2474/3250 train_time:76.757s step_avg:31.03ms
step:2475/3250 train_time:76.910s step_avg:31.07ms
step:2476/3250 train_time:77.064s step_avg:31.12ms
step:2477/3250 train_time:77.219s step_avg:31.17ms
step:2478/3250 train_time:77.374s step_avg:31.22ms
step:2479/3250 train_time:77.529s step_avg:31.27ms
step:2480/3250 train_time:77.684s step_avg:31.32ms
step:2481/3250 train_time:77.839s step_avg:31.37ms
step:2482/3250 train_time:77.992s step_avg:31.42ms
step:2483/3250 train_time:78.145s step_avg:31.47ms
step:2484/3250 train_time:78.299s step_avg:31.52ms
step:2485/3250 train_time:78.454s step_avg:31.57ms
step:2486/3250 train_time:78.607s step_avg:31.62ms
step:2487/3250 train_time:78.761s step_avg:31.67ms
step:2488/3250 train_time:78.914s step_avg:31.72ms
step:2489/3250 train_time:79.067s step_avg:31.77ms
step:2490/3250 train_time:79.222s step_avg:31.82ms
step:2491/3250 train_time:79.377s step_avg:31.87ms
step:2492/3250 train_time:79.530s step_avg:31.91ms
step:2493/3250 train_time:79.685s step_avg:31.96ms
step:2494/3250 train_time:79.839s step_avg:32.01ms
step:2495/3250 train_time:79.993s step_avg:32.06ms
step:2496/3250 train_time:80.146s step_avg:32.11ms
step:2497/3250 train_time:80.299s step_avg:32.16ms
step:2498/3250 train_time:80.453s step_avg:32.21ms
step:2499/3250 train_time:80.607s step_avg:32.26ms
step:2500/3250 train_time:80.760s step_avg:32.30ms
step:2500/3250 val_loss:3.38689 train_time:80.772s step_avg:154.52ms
step:2501/3250 train_time:81.549s step_avg:32.61ms
step:2502/3250 train_time:81.685s step_avg:32.65ms
step:2503/3250 train_time:81.838s step_avg:32.70ms
step:2504/3250 train_time:81.991s step_avg:32.74ms
step:2505/3250 train_time:82.145s step_avg:32.79ms
step:2506/3250 train_time:82.298s step_avg:32.84ms
step:2507/3250 train_time:82.453s step_avg:32.89ms
step:2508/3250 train_time:82.606s step_avg:32.94ms
step:2509/3250 train_time:82.760s step_avg:32.99ms
step:2510/3250 train_time:82.912s step_avg:33.03ms
step:2511/3250 train_time:83.065s step_avg:33.08ms
step:2512/3250 train_time:83.219s step_avg:33.13ms
step:2513/3250 train_time:83.373s step_avg:33.18ms
step:2514/3250 train_time:83.527s step_avg:33.22ms
step:2515/3250 train_time:83.681s step_avg:33.27ms
step:2516/3250 train_time:83.835s step_avg:33.32ms
step:2517/3250 train_time:83.989s step_avg:33.37ms
step:2518/3250 train_time:84.143s step_avg:33.42ms
step:2519/3250 train_time:84.299s step_avg:33.47ms
step:2520/3250 train_time:84.454s step_avg:33.51ms
step:2521/3250 train_time:84.607s step_avg:33.56ms
step:2522/3250 train_time:84.762s step_avg:33.61ms
step:2523/3250 train_time:84.916s step_avg:33.66ms
step:2524/3250 train_time:85.069s step_avg:33.70ms
step:2525/3250 train_time:85.224s step_avg:33.75ms
step:2526/3250 train_time:85.379s step_avg:33.80ms
step:2527/3250 train_time:85.532s step_avg:33.85ms
step:2528/3250 train_time:85.687s step_avg:33.90ms
step:2529/3250 train_time:85.841s step_avg:33.94ms
step:2530/3250 train_time:85.997s step_avg:33.99ms
step:2531/3250 train_time:86.151s step_avg:34.04ms
step:2532/3250 train_time:86.305s step_avg:34.09ms
step:2533/3250 train_time:86.459s step_avg:34.13ms
step:2534/3250 train_time:86.612s step_avg:34.18ms
step:2535/3250 train_time:86.766s step_avg:34.23ms
step:2536/3250 train_time:86.921s step_avg:34.27ms
step:2537/3250 train_time:87.077s step_avg:34.32ms
step:2538/3250 train_time:87.231s step_avg:34.37ms
step:2539/3250 train_time:87.385s step_avg:34.42ms
step:2540/3250 train_time:87.538s step_avg:34.46ms
step:2541/3250 train_time:87.692s step_avg:34.51ms
step:2542/3250 train_time:87.846s step_avg:34.56ms
step:2543/3250 train_time:88.000s step_avg:34.60ms
step:2544/3250 train_time:88.155s step_avg:34.65ms
step:2545/3250 train_time:88.309s step_avg:34.70ms
step:2546/3250 train_time:88.463s step_avg:34.75ms
step:2547/3250 train_time:88.617s step_avg:34.79ms
step:2548/3250 train_time:88.771s step_avg:34.84ms
step:2549/3250 train_time:88.928s step_avg:34.89ms
step:2550/3250 train_time:89.082s step_avg:34.93ms
step:2551/3250 train_time:89.236s step_avg:34.98ms
step:2552/3250 train_time:89.390s step_avg:35.03ms
step:2553/3250 train_time:89.543s step_avg:35.07ms
step:2554/3250 train_time:89.700s step_avg:35.12ms
step:2555/3250 train_time:89.854s step_avg:35.17ms
step:2556/3250 train_time:90.007s step_avg:35.21ms
step:2557/3250 train_time:90.164s step_avg:35.26ms
step:2558/3250 train_time:90.317s step_avg:35.31ms
step:2559/3250 train_time:90.471s step_avg:35.35ms
step:2560/3250 train_time:90.628s step_avg:35.40ms
step:2561/3250 train_time:90.781s step_avg:35.45ms
step:2562/3250 train_time:90.936s step_avg:35.49ms
step:2563/3250 train_time:91.090s step_avg:35.54ms
step:2564/3250 train_time:91.246s step_avg:35.59ms
step:2565/3250 train_time:91.400s step_avg:35.63ms
step:2566/3250 train_time:91.553s step_avg:35.68ms
step:2567/3250 train_time:91.707s step_avg:35.73ms
step:2568/3250 train_time:91.862s step_avg:35.77ms
step:2569/3250 train_time:92.016s step_avg:35.82ms
step:2570/3250 train_time:92.169s step_avg:35.86ms
step:2571/3250 train_time:92.323s step_avg:35.91ms
step:2572/3250 train_time:92.478s step_avg:35.96ms
step:2573/3250 train_time:92.632s step_avg:36.00ms
step:2574/3250 train_time:92.786s step_avg:36.05ms
step:2575/3250 train_time:92.940s step_avg:36.09ms
step:2576/3250 train_time:93.096s step_avg:36.14ms
step:2577/3250 train_time:93.249s step_avg:36.19ms
step:2578/3250 train_time:93.403s step_avg:36.23ms
step:2579/3250 train_time:93.558s step_avg:36.28ms
step:2580/3250 train_time:93.712s step_avg:36.32ms
step:2581/3250 train_time:93.867s step_avg:36.37ms
step:2582/3250 train_time:94.021s step_avg:36.41ms
step:2583/3250 train_time:94.176s step_avg:36.46ms
step:2584/3250 train_time:94.329s step_avg:36.51ms
step:2585/3250 train_time:94.484s step_avg:36.55ms
step:2586/3250 train_time:94.638s step_avg:36.60ms
step:2587/3250 train_time:94.791s step_avg:36.64ms
step:2588/3250 train_time:94.946s step_avg:36.69ms
step:2589/3250 train_time:95.101s step_avg:36.73ms
step:2590/3250 train_time:95.256s step_avg:36.78ms
step:2591/3250 train_time:95.409s step_avg:36.82ms
step:2592/3250 train_time:95.564s step_avg:36.87ms
step:2593/3250 train_time:95.718s step_avg:36.91ms
step:2594/3250 train_time:95.872s step_avg:36.96ms
step:2595/3250 train_time:96.026s step_avg:37.00ms
step:2596/3250 train_time:96.180s step_avg:37.05ms
step:2597/3250 train_time:96.335s step_avg:37.09ms
step:2598/3250 train_time:96.488s step_avg:37.14ms
step:2599/3250 train_time:96.642s step_avg:37.18ms
step:2600/3250 train_time:96.798s step_avg:37.23ms
step:2601/3250 train_time:96.951s step_avg:37.27ms
step:2602/3250 train_time:97.106s step_avg:37.32ms
step:2603/3250 train_time:97.260s step_avg:37.36ms
step:2604/3250 train_time:97.415s step_avg:37.41ms
step:2605/3250 train_time:97.569s step_avg:37.45ms
step:2606/3250 train_time:97.723s step_avg:37.50ms
step:2607/3250 train_time:97.878s step_avg:37.54ms
step:2608/3250 train_time:98.032s step_avg:37.59ms
step:2609/3250 train_time:98.187s step_avg:37.63ms
step:2610/3250 train_time:98.342s step_avg:37.68ms
step:2611/3250 train_time:98.498s step_avg:37.72ms
step:2612/3250 train_time:98.652s step_avg:37.77ms
step:2613/3250 train_time:98.806s step_avg:37.81ms
step:2614/3250 train_time:98.960s step_avg:37.86ms
step:2615/3250 train_time:99.114s step_avg:37.90ms
step:2616/3250 train_time:99.268s step_avg:37.95ms
step:2617/3250 train_time:99.422s step_avg:37.99ms
step:2618/3250 train_time:99.578s step_avg:38.04ms
step:2619/3250 train_time:99.732s step_avg:38.08ms
step:2620/3250 train_time:99.885s step_avg:38.12ms
step:2621/3250 train_time:100.039s step_avg:38.17ms
step:2622/3250 train_time:100.194s step_avg:38.21ms
step:2623/3250 train_time:100.347s step_avg:38.26ms
step:2624/3250 train_time:100.503s step_avg:38.30ms
step:2625/3250 train_time:100.658s step_avg:38.35ms
step:2625/3250 val_loss:3.36542 train_time:100.670s step_avg:159.18ms
step:2626/3250 train_time:100.814s step_avg:38.39ms
step:2627/3250 train_time:100.968s step_avg:38.43ms
step:2628/3250 train_time:101.123s step_avg:38.48ms
step:2629/3250 train_time:101.277s step_avg:38.52ms
step:2630/3250 train_time:101.431s step_avg:38.57ms
step:2631/3250 train_time:101.586s step_avg:38.61ms
step:2632/3250 train_time:101.740s step_avg:38.66ms
step:2633/3250 train_time:101.894s step_avg:38.70ms
step:2634/3250 train_time:102.050s step_avg:38.74ms
step:2635/3250 train_time:102.203s step_avg:38.79ms
step:2636/3250 train_time:102.357s step_avg:38.83ms
step:2637/3250 train_time:102.510s step_avg:38.87ms
step:2638/3250 train_time:102.666s step_avg:38.92ms
step:2639/3250 train_time:102.822s step_avg:38.96ms
step:2640/3250 train_time:102.977s step_avg:39.01ms
step:2641/3250 train_time:103.130s step_avg:39.05ms
step:2642/3250 train_time:103.284s step_avg:39.09ms
step:2643/3250 train_time:103.438s step_avg:39.14ms
step:2644/3250 train_time:103.592s step_avg:39.18ms
step:2645/3250 train_time:103.747s step_avg:39.22ms
step:2646/3250 train_time:103.902s step_avg:39.27ms
step:2647/3250 train_time:104.056s step_avg:39.31ms
step:2648/3250 train_time:104.210s step_avg:39.35ms
step:2649/3250 train_time:104.365s step_avg:39.40ms
step:2650/3250 train_time:104.520s step_avg:39.44ms
step:2651/3250 train_time:104.674s step_avg:39.48ms
step:2652/3250 train_time:104.828s step_avg:39.53ms
step:2653/3250 train_time:104.983s step_avg:39.57ms
step:2654/3250 train_time:105.137s step_avg:39.61ms
step:2655/3250 train_time:105.291s step_avg:39.66ms
step:2656/3250 train_time:105.446s step_avg:39.70ms
step:2657/3250 train_time:105.600s step_avg:39.74ms
step:2658/3250 train_time:105.754s step_avg:39.79ms
step:2659/3250 train_time:105.907s step_avg:39.83ms
step:2660/3250 train_time:106.061s step_avg:39.87ms
step:2661/3250 train_time:106.247s step_avg:39.93ms
step:2662/3250 train_time:106.401s step_avg:39.97ms
step:2663/3250 train_time:106.554s step_avg:40.01ms
step:2664/3250 train_time:106.708s step_avg:40.06ms
step:2665/3250 train_time:106.861s step_avg:40.10ms
step:2666/3250 train_time:107.015s step_avg:40.14ms
step:2667/3250 train_time:107.170s step_avg:40.18ms
step:2668/3250 train_time:107.324s step_avg:40.23ms
step:2669/3250 train_time:107.479s step_avg:40.27ms
step:2670/3250 train_time:107.632s step_avg:40.31ms
step:2671/3250 train_time:107.786s step_avg:40.35ms
step:2672/3250 train_time:107.940s step_avg:40.40ms
step:2673/3250 train_time:108.094s step_avg:40.44ms
step:2674/3250 train_time:108.249s step_avg:40.48ms
step:2675/3250 train_time:108.403s step_avg:40.52ms
step:2676/3250 train_time:108.558s step_avg:40.57ms
step:2677/3250 train_time:108.711s step_avg:40.61ms
step:2678/3250 train_time:108.866s step_avg:40.65ms
step:2679/3250 train_time:109.021s step_avg:40.69ms
step:2680/3250 train_time:109.176s step_avg:40.74ms
step:2681/3250 train_time:109.330s step_avg:40.78ms
step:2682/3250 train_time:109.487s step_avg:40.82ms
step:2683/3250 train_time:109.641s step_avg:40.87ms
step:2684/3250 train_time:109.795s step_avg:40.91ms
step:2685/3250 train_time:109.949s step_avg:40.95ms
step:2686/3250 train_time:110.103s step_avg:40.99ms
step:2687/3250 train_time:110.257s step_avg:41.03ms
step:2688/3250 train_time:110.411s step_avg:41.08ms
step:2689/3250 train_time:110.566s step_avg:41.12ms
step:2690/3250 train_time:110.721s step_avg:41.16ms
step:2691/3250 train_time:110.875s step_avg:41.20ms
step:2692/3250 train_time:111.029s step_avg:41.24ms
step:2693/3250 train_time:111.183s step_avg:41.29ms
step:2694/3250 train_time:111.338s step_avg:41.33ms
step:2695/3250 train_time:111.491s step_avg:41.37ms
step:2696/3250 train_time:111.645s step_avg:41.41ms
step:2697/3250 train_time:111.801s step_avg:41.45ms
step:2698/3250 train_time:111.956s step_avg:41.50ms
step:2699/3250 train_time:112.109s step_avg:41.54ms
step:2700/3250 train_time:112.263s step_avg:41.58ms
step:2701/3250 train_time:112.418s step_avg:41.62ms
step:2702/3250 train_time:112.572s step_avg:41.66ms
step:2703/3250 train_time:112.727s step_avg:41.70ms
step:2704/3250 train_time:112.882s step_avg:41.75ms
step:2705/3250 train_time:113.035s step_avg:41.79ms
step:2706/3250 train_time:113.189s step_avg:41.83ms
step:2707/3250 train_time:113.343s step_avg:41.87ms
step:2708/3250 train_time:113.498s step_avg:41.91ms
step:2709/3250 train_time:113.652s step_avg:41.95ms
step:2710/3250 train_time:113.806s step_avg:41.99ms
step:2711/3250 train_time:113.960s step_avg:42.04ms
step:2712/3250 train_time:114.114s step_avg:42.08ms
step:2713/3250 train_time:114.268s step_avg:42.12ms
step:2714/3250 train_time:114.422s step_avg:42.16ms
step:2715/3250 train_time:114.578s step_avg:42.20ms
step:2716/3250 train_time:114.731s step_avg:42.24ms
step:2717/3250 train_time:114.886s step_avg:42.28ms
step:2718/3250 train_time:115.041s step_avg:42.33ms
step:2719/3250 train_time:115.195s step_avg:42.37ms
step:2720/3250 train_time:115.352s step_avg:42.41ms
step:2721/3250 train_time:115.506s step_avg:42.45ms
step:2722/3250 train_time:115.660s step_avg:42.49ms
step:2723/3250 train_time:115.815s step_avg:42.53ms
step:2724/3250 train_time:115.969s step_avg:42.57ms
step:2725/3250 train_time:116.124s step_avg:42.61ms
step:2726/3250 train_time:116.279s step_avg:42.66ms
step:2727/3250 train_time:116.433s step_avg:42.70ms
step:2728/3250 train_time:116.587s step_avg:42.74ms
step:2729/3250 train_time:116.741s step_avg:42.78ms
step:2730/3250 train_time:116.896s step_avg:42.82ms
step:2731/3250 train_time:117.048s step_avg:42.86ms
step:2732/3250 train_time:117.203s step_avg:42.90ms
step:2733/3250 train_time:117.358s step_avg:42.94ms
step:2734/3250 train_time:117.511s step_avg:42.98ms
step:2735/3250 train_time:117.665s step_avg:43.02ms
step:2736/3250 train_time:117.820s step_avg:43.06ms
step:2737/3250 train_time:117.974s step_avg:43.10ms
step:2738/3250 train_time:118.128s step_avg:43.14ms
step:2739/3250 train_time:118.282s step_avg:43.18ms
step:2740/3250 train_time:118.435s step_avg:43.22ms
step:2741/3250 train_time:118.589s step_avg:43.26ms
step:2742/3250 train_time:118.743s step_avg:43.31ms
step:2743/3250 train_time:118.898s step_avg:43.35ms
step:2744/3250 train_time:119.052s step_avg:43.39ms
step:2745/3250 train_time:119.206s step_avg:43.43ms
step:2746/3250 train_time:119.361s step_avg:43.47ms
step:2747/3250 train_time:119.516s step_avg:43.51ms
step:2748/3250 train_time:119.670s step_avg:43.55ms
step:2749/3250 train_time:119.824s step_avg:43.59ms
step:2750/3250 train_time:119.978s step_avg:43.63ms
step:2750/3250 val_loss:3.34588 train_time:119.989s step_avg:154.56ms
step:2751/3250 train_time:120.762s step_avg:43.90ms
ARM_EXIT=0 req026_b1x_mu95
