W0831 12:00:26.419000 19018 torch/distributed/run.py:852] 
W0831 12:00:26.419000 19018 torch/distributed/run.py:852] *****************************************
W0831 12:00:26.419000 19018 torch/distributed/run.py:852] Setting OMP_NUM_THREADS environment variable for each process to be 1 in default, to avoid your system being overloaded, please further tune the variable for optimal performance in your application as needed. 
W0831 12:00:26.419000 19018 torch/distributed/run.py:852] *****************************************
logs/ace0df18-98c8-4e2f-a529-bd357d476d4d.txt
resumed training state from step 2000 in eos_shared_state, skipped 500 batches
step:0/3250 val_loss:3.44367 train_time:0.001s step_avg:nanms
step:2001/3250 train_time:3.816s step_avg:1.91ms
step:2002/3250 train_time:4.373s step_avg:2.18ms
step:2003/3250 train_time:4.953s step_avg:2.47ms
step:2004/3250 train_time:5.525s step_avg:2.76ms
step:2005/3250 train_time:6.108s step_avg:3.05ms
step:2006/3250 train_time:6.687s step_avg:3.33ms
step:2007/3250 train_time:7.267s step_avg:3.62ms
step:2008/3250 train_time:7.843s step_avg:3.91ms
step:2009/3250 train_time:8.419s step_avg:4.19ms
step:2010/3250 train_time:8.997s step_avg:4.48ms
step:2011/3250 train_time:9.577s step_avg:4.76ms
step:2012/3250 train_time:10.157s step_avg:5.05ms
step:2013/3250 train_time:10.737s step_avg:5.33ms
step:2014/3250 train_time:11.319s step_avg:5.62ms
step:2015/3250 train_time:11.897s step_avg:5.90ms
step:2016/3250 train_time:12.478s step_avg:6.19ms
step:2017/3250 train_time:13.058s step_avg:6.47ms
step:2018/3250 train_time:13.658s step_avg:6.77ms
step:2019/3250 train_time:14.243s step_avg:7.05ms
step:2020/3250 train_time:14.815s step_avg:7.33ms
step:2021/3250 train_time:15.401s step_avg:7.62ms
step:2022/3250 train_time:15.977s step_avg:7.90ms
step:2023/3250 train_time:16.559s step_avg:8.19ms
step:2024/3250 train_time:17.139s step_avg:8.47ms
step:2025/3250 train_time:17.718s step_avg:8.75ms
step:2026/3250 train_time:18.300s step_avg:9.03ms
step:2027/3250 train_time:18.878s step_avg:9.31ms
step:2028/3250 train_time:19.459s step_avg:9.60ms
step:2029/3250 train_time:20.039s step_avg:9.88ms
step:2030/3250 train_time:20.618s step_avg:10.16ms
step:2031/3250 train_time:21.199s step_avg:10.44ms
step:2032/3250 train_time:21.779s step_avg:10.72ms
step:2033/3250 train_time:22.360s step_avg:11.00ms
step:2034/3250 train_time:22.939s step_avg:11.28ms
step:2035/3250 train_time:23.519s step_avg:11.56ms
step:2036/3250 train_time:24.099s step_avg:11.84ms
step:2037/3250 train_time:24.678s step_avg:12.11ms
step:2038/3250 train_time:25.259s step_avg:12.39ms
step:2039/3250 train_time:25.838s step_avg:12.67ms
step:2040/3250 train_time:26.419s step_avg:12.95ms
step:2041/3250 train_time:26.999s step_avg:13.23ms
step:2042/3250 train_time:27.580s step_avg:13.51ms
step:2043/3250 train_time:28.159s step_avg:13.78ms
step:2044/3250 train_time:28.740s step_avg:14.06ms
step:2045/3250 train_time:29.319s step_avg:14.34ms
step:2046/3250 train_time:29.900s step_avg:14.61ms
step:2047/3250 train_time:30.478s step_avg:14.89ms
step:2048/3250 train_time:31.059s step_avg:15.17ms
step:2049/3250 train_time:31.639s step_avg:15.44ms
step:2050/3250 train_time:32.219s step_avg:15.72ms
step:2051/3250 train_time:32.801s step_avg:15.99ms
step:2052/3250 train_time:33.380s step_avg:16.27ms
step:2053/3250 train_time:33.959s step_avg:16.54ms
step:2054/3250 train_time:34.540s step_avg:16.82ms
step:2055/3250 train_time:35.120s step_avg:17.09ms
step:2056/3250 train_time:35.699s step_avg:17.36ms
step:2057/3250 train_time:36.280s step_avg:17.64ms
step:2058/3250 train_time:36.861s step_avg:17.91ms
step:2059/3250 train_time:37.442s step_avg:18.18ms
step:2060/3250 train_time:38.021s step_avg:18.46ms
step:2061/3250 train_time:38.601s step_avg:18.73ms
step:2062/3250 train_time:39.181s step_avg:19.00ms
step:2063/3250 train_time:39.760s step_avg:19.27ms
step:2064/3250 train_time:40.342s step_avg:19.55ms
step:2065/3250 train_time:40.949s step_avg:19.83ms
step:2066/3250 train_time:41.538s step_avg:20.11ms
step:2067/3250 train_time:42.116s step_avg:20.38ms
step:2068/3250 train_time:42.701s step_avg:20.65ms
step:2069/3250 train_time:43.280s step_avg:20.92ms
step:2070/3250 train_time:43.860s step_avg:21.19ms
step:2071/3250 train_time:44.441s step_avg:21.46ms
step:2072/3250 train_time:45.020s step_avg:21.73ms
step:2073/3250 train_time:45.602s step_avg:22.00ms
step:2074/3250 train_time:46.182s step_avg:22.27ms
step:2075/3250 train_time:46.764s step_avg:22.54ms
step:2076/3250 train_time:47.346s step_avg:22.81ms
step:2077/3250 train_time:47.929s step_avg:23.08ms
step:2078/3250 train_time:48.511s step_avg:23.35ms
step:2079/3250 train_time:49.093s step_avg:23.61ms
step:2080/3250 train_time:49.677s step_avg:23.88ms
step:2081/3250 train_time:50.261s step_avg:24.15ms
step:2082/3250 train_time:50.840s step_avg:24.42ms
step:2083/3250 train_time:51.422s step_avg:24.69ms
step:2084/3250 train_time:52.004s step_avg:24.95ms
step:2085/3250 train_time:52.586s step_avg:25.22ms
step:2086/3250 train_time:53.170s step_avg:25.49ms
step:2087/3250 train_time:53.753s step_avg:25.76ms
step:2088/3250 train_time:54.334s step_avg:26.02ms
step:2089/3250 train_time:54.919s step_avg:26.29ms
step:2090/3250 train_time:55.500s step_avg:26.55ms
step:2091/3250 train_time:56.081s step_avg:26.82ms
step:2092/3250 train_time:56.660s step_avg:27.08ms
step:2093/3250 train_time:57.241s step_avg:27.35ms
step:2094/3250 train_time:57.822s step_avg:27.61ms
step:2095/3250 train_time:58.401s step_avg:27.88ms
step:2096/3250 train_time:58.984s step_avg:28.14ms
step:2097/3250 train_time:59.565s step_avg:28.41ms
step:2098/3250 train_time:60.150s step_avg:28.67ms
step:2099/3250 train_time:60.730s step_avg:28.93ms
step:2100/3250 train_time:61.313s step_avg:29.20ms
step:2101/3250 train_time:61.895s step_avg:29.46ms
step:2102/3250 train_time:62.480s step_avg:29.72ms
step:2103/3250 train_time:63.059s step_avg:29.99ms
step:2104/3250 train_time:63.642s step_avg:30.25ms
step:2105/3250 train_time:64.222s step_avg:30.51ms
step:2106/3250 train_time:64.807s step_avg:30.77ms
step:2107/3250 train_time:65.388s step_avg:31.03ms
step:2108/3250 train_time:65.973s step_avg:31.30ms
step:2109/3250 train_time:66.552s step_avg:31.56ms
step:2110/3250 train_time:67.134s step_avg:31.82ms
step:2111/3250 train_time:67.718s step_avg:32.08ms
step:2112/3250 train_time:68.327s step_avg:32.35ms
step:2113/3250 train_time:68.912s step_avg:32.61ms
step:2114/3250 train_time:69.492s step_avg:32.87ms
step:2115/3250 train_time:70.077s step_avg:33.13ms
step:2116/3250 train_time:70.657s step_avg:33.39ms
step:2117/3250 train_time:71.241s step_avg:33.65ms
step:2118/3250 train_time:71.821s step_avg:33.91ms
step:2119/3250 train_time:72.403s step_avg:34.17ms
step:2120/3250 train_time:72.983s step_avg:34.43ms
step:2121/3250 train_time:73.562s step_avg:34.68ms
step:2122/3250 train_time:74.143s step_avg:34.94ms
step:2123/3250 train_time:74.724s step_avg:35.20ms
step:2124/3250 train_time:75.307s step_avg:35.46ms
step:2125/3250 train_time:75.891s step_avg:35.71ms
step:2125/3250 val_loss:3.34714 train_time:75.903s step_avg:35.72ms
step:2126/3250 train_time:76.475s step_avg:35.97ms
step:2127/3250 train_time:77.059s step_avg:36.23ms
step:2128/3250 train_time:77.641s step_avg:36.49ms
step:2129/3250 train_time:78.224s step_avg:36.74ms
step:2130/3250 train_time:78.804s step_avg:37.00ms
step:2131/3250 train_time:79.387s step_avg:37.25ms
step:2132/3250 train_time:79.972s step_avg:37.51ms
step:2133/3250 train_time:80.554s step_avg:37.77ms
step:2134/3250 train_time:81.136s step_avg:38.02ms
step:2135/3250 train_time:81.720s step_avg:38.28ms
step:2136/3250 train_time:82.299s step_avg:38.53ms
step:2137/3250 train_time:82.880s step_avg:38.78ms
step:2138/3250 train_time:83.461s step_avg:39.04ms
step:2139/3250 train_time:84.041s step_avg:39.29ms
step:2140/3250 train_time:84.625s step_avg:39.54ms
step:2141/3250 train_time:85.210s step_avg:39.80ms
step:2142/3250 train_time:85.793s step_avg:40.05ms
step:2143/3250 train_time:86.374s step_avg:40.31ms
step:2144/3250 train_time:86.959s step_avg:40.56ms
step:2145/3250 train_time:87.540s step_avg:40.81ms
step:2146/3250 train_time:88.121s step_avg:41.06ms
step:2147/3250 train_time:88.702s step_avg:41.31ms
step:2148/3250 train_time:89.283s step_avg:41.57ms
step:2149/3250 train_time:89.865s step_avg:41.82ms
step:2150/3250 train_time:90.448s step_avg:42.07ms
step:2151/3250 train_time:91.032s step_avg:42.32ms
step:2152/3250 train_time:91.613s step_avg:42.57ms
step:2153/3250 train_time:92.197s step_avg:42.82ms
step:2154/3250 train_time:92.778s step_avg:43.07ms
step:2155/3250 train_time:93.361s step_avg:43.32ms
step:2156/3250 train_time:93.940s step_avg:43.57ms
step:2157/3250 train_time:94.522s step_avg:43.82ms
step:2158/3250 train_time:95.100s step_avg:44.07ms
step:2159/3250 train_time:95.707s step_avg:44.33ms
step:2160/3250 train_time:96.296s step_avg:44.58ms
step:2161/3250 train_time:96.874s step_avg:44.83ms
step:2162/3250 train_time:97.464s step_avg:45.08ms
step:2163/3250 train_time:98.041s step_avg:45.33ms
step:2164/3250 train_time:98.625s step_avg:45.58ms
step:2165/3250 train_time:99.205s step_avg:45.82ms
step:2166/3250 train_time:99.789s step_avg:46.07ms
step:2167/3250 train_time:100.374s step_avg:46.32ms
step:2168/3250 train_time:100.958s step_avg:46.57ms
step:2169/3250 train_time:101.539s step_avg:46.81ms
step:2170/3250 train_time:102.121s step_avg:47.06ms
step:2171/3250 train_time:102.701s step_avg:47.31ms
step:2172/3250 train_time:103.281s step_avg:47.55ms
step:2173/3250 train_time:103.863s step_avg:47.80ms
step:2174/3250 train_time:104.448s step_avg:48.04ms
step:2175/3250 train_time:105.032s step_avg:48.29ms
step:2176/3250 train_time:105.614s step_avg:48.54ms
step:2177/3250 train_time:106.195s step_avg:48.78ms
step:2178/3250 train_time:106.779s step_avg:49.03ms
step:2179/3250 train_time:107.361s step_avg:49.27ms
step:2180/3250 train_time:107.943s step_avg:49.51ms
step:2181/3250 train_time:108.523s step_avg:49.76ms
step:2182/3250 train_time:109.108s step_avg:50.00ms
step:2183/3250 train_time:109.690s step_avg:50.25ms
step:2184/3250 train_time:110.273s step_avg:50.49ms
step:2185/3250 train_time:110.853s step_avg:50.73ms
step:2186/3250 train_time:111.437s step_avg:50.98ms
step:2187/3250 train_time:112.020s step_avg:51.22ms
step:2188/3250 train_time:112.600s step_avg:51.46ms
step:2189/3250 train_time:113.181s step_avg:51.70ms
step:2190/3250 train_time:113.762s step_avg:51.95ms
step:2191/3250 train_time:114.342s step_avg:52.19ms
step:2192/3250 train_time:114.924s step_avg:52.43ms
step:2193/3250 train_time:115.505s step_avg:52.67ms
step:2194/3250 train_time:116.088s step_avg:52.91ms
step:2195/3250 train_time:116.670s step_avg:53.15ms
step:2196/3250 train_time:117.253s step_avg:53.39ms
step:2197/3250 train_time:117.834s step_avg:53.63ms
step:2198/3250 train_time:118.416s step_avg:53.87ms
step:2199/3250 train_time:118.998s step_avg:54.11ms
step:2200/3250 train_time:119.581s step_avg:54.36ms
step:2201/3250 train_time:120.163s step_avg:54.59ms
step:2202/3250 train_time:120.742s step_avg:54.83ms
step:2203/3250 train_time:121.322s step_avg:55.07ms
step:2204/3250 train_time:121.901s step_avg:55.31ms
step:2205/3250 train_time:122.483s step_avg:55.55ms
step:2206/3250 train_time:123.092s step_avg:55.80ms
step:2207/3250 train_time:123.679s step_avg:56.04ms
step:2208/3250 train_time:124.257s step_avg:56.28ms
step:2209/3250 train_time:124.843s step_avg:56.52ms
step:2210/3250 train_time:125.421s step_avg:56.75ms
step:2211/3250 train_time:126.005s step_avg:56.99ms
step:2212/3250 train_time:126.586s step_avg:57.23ms
step:2213/3250 train_time:127.170s step_avg:57.46ms
step:2214/3250 train_time:127.753s step_avg:57.70ms
step:2215/3250 train_time:128.338s step_avg:57.94ms
step:2216/3250 train_time:128.919s step_avg:58.18ms
step:2217/3250 train_time:129.501s step_avg:58.41ms
step:2218/3250 train_time:130.082s step_avg:58.65ms
step:2219/3250 train_time:130.661s step_avg:58.88ms
step:2220/3250 train_time:131.243s step_avg:59.12ms
step:2221/3250 train_time:131.826s step_avg:59.35ms
step:2222/3250 train_time:132.411s step_avg:59.59ms
step:2223/3250 train_time:132.993s step_avg:59.83ms
step:2224/3250 train_time:133.575s step_avg:60.06ms
step:2225/3250 train_time:134.157s step_avg:60.30ms
step:2226/3250 train_time:134.740s step_avg:60.53ms
step:2227/3250 train_time:135.320s step_avg:60.76ms
step:2228/3250 train_time:135.901s step_avg:61.00ms
step:2229/3250 train_time:136.482s step_avg:61.23ms
step:2230/3250 train_time:137.062s step_avg:61.46ms
step:2231/3250 train_time:137.642s step_avg:61.70ms
step:2232/3250 train_time:138.226s step_avg:61.93ms
step:2233/3250 train_time:138.810s step_avg:62.16ms
step:2234/3250 train_time:139.392s step_avg:62.40ms
step:2235/3250 train_time:139.975s step_avg:62.63ms
step:2236/3250 train_time:140.559s step_avg:62.86ms
step:2237/3250 train_time:141.141s step_avg:63.09ms
step:2238/3250 train_time:141.721s step_avg:63.32ms
step:2239/3250 train_time:142.303s step_avg:63.56ms
step:2240/3250 train_time:142.884s step_avg:63.79ms
step:2241/3250 train_time:143.469s step_avg:64.02ms
step:2242/3250 train_time:144.052s step_avg:64.25ms
step:2243/3250 train_time:144.633s step_avg:64.48ms
step:2244/3250 train_time:145.216s step_avg:64.71ms
step:2245/3250 train_time:145.798s step_avg:64.94ms
step:2246/3250 train_time:146.380s step_avg:65.17ms
step:2247/3250 train_time:146.961s step_avg:65.40ms
step:2248/3250 train_time:147.542s step_avg:65.63ms
step:2249/3250 train_time:148.122s step_avg:65.86ms
step:2250/3250 train_time:148.703s step_avg:66.09ms
step:2250/3250 val_loss:3.31666 train_time:148.715s step_avg:582.50ms
step:2251/3250 train_time:149.962s step_avg:66.62ms
step:2252/3250 train_time:150.520s step_avg:66.84ms
step:2253/3250 train_time:151.127s step_avg:67.08ms
step:2254/3250 train_time:151.710s step_avg:67.31ms
step:2255/3250 train_time:152.291s step_avg:67.53ms
step:2256/3250 train_time:152.875s step_avg:67.76ms
step:2257/3250 train_time:153.456s step_avg:67.99ms
step:2258/3250 train_time:154.037s step_avg:68.22ms
step:2259/3250 train_time:154.620s step_avg:68.45ms
step:2260/3250 train_time:155.202s step_avg:68.67ms
step:2261/3250 train_time:155.784s step_avg:68.90ms
step:2262/3250 train_time:156.363s step_avg:69.13ms
step:2263/3250 train_time:156.944s step_avg:69.35ms
step:2264/3250 train_time:157.523s step_avg:69.58ms
step:2265/3250 train_time:158.103s step_avg:69.80ms
step:2266/3250 train_time:158.684s step_avg:70.03ms
step:2267/3250 train_time:159.265s step_avg:70.25ms
step:2268/3250 train_time:159.848s step_avg:70.48ms
step:2269/3250 train_time:160.430s step_avg:70.71ms
step:2270/3250 train_time:161.015s step_avg:70.93ms
step:2271/3250 train_time:161.597s step_avg:71.16ms
step:2272/3250 train_time:162.181s step_avg:71.38ms
step:2273/3250 train_time:162.763s step_avg:71.61ms
step:2274/3250 train_time:163.344s step_avg:71.83ms
step:2275/3250 train_time:163.924s step_avg:72.05ms
step:2276/3250 train_time:164.505s step_avg:72.28ms
step:2277/3250 train_time:165.087s step_avg:72.50ms
step:2278/3250 train_time:165.670s step_avg:72.73ms
step:2279/3250 train_time:166.255s step_avg:72.95ms
step:2280/3250 train_time:166.835s step_avg:73.17ms
step:2281/3250 train_time:167.418s step_avg:73.40ms
step:2282/3250 train_time:168.001s step_avg:73.62ms
step:2283/3250 train_time:168.585s step_avg:73.84ms
step:2284/3250 train_time:169.164s step_avg:74.06ms
step:2285/3250 train_time:169.748s step_avg:74.29ms
step:2286/3250 train_time:170.330s step_avg:74.51ms
step:2287/3250 train_time:170.916s step_avg:74.73ms
step:2288/3250 train_time:171.497s step_avg:74.96ms
step:2289/3250 train_time:172.081s step_avg:75.18ms
step:2290/3250 train_time:172.662s step_avg:75.40ms
step:2291/3250 train_time:173.244s step_avg:75.62ms
step:2292/3250 train_time:173.824s step_avg:75.84ms
step:2293/3250 train_time:174.404s step_avg:76.06ms
step:2294/3250 train_time:174.985s step_avg:76.28ms
step:2295/3250 train_time:175.566s step_avg:76.50ms
step:2296/3250 train_time:176.149s step_avg:76.72ms
step:2297/3250 train_time:176.732s step_avg:76.94ms
step:2298/3250 train_time:177.316s step_avg:77.16ms
step:2299/3250 train_time:177.897s step_avg:77.38ms
step:2300/3250 train_time:178.500s step_avg:77.61ms
step:2301/3250 train_time:179.088s step_avg:77.83ms
step:2302/3250 train_time:179.665s step_avg:78.05ms
step:2303/3250 train_time:180.249s step_avg:78.27ms
step:2304/3250 train_time:180.832s step_avg:78.49ms
step:2305/3250 train_time:181.416s step_avg:78.71ms
step:2306/3250 train_time:181.997s step_avg:78.92ms
step:2307/3250 train_time:182.581s step_avg:79.14ms
step:2308/3250 train_time:183.162s step_avg:79.36ms
step:2309/3250 train_time:183.743s step_avg:79.58ms
step:2310/3250 train_time:184.323s step_avg:79.79ms
step:2311/3250 train_time:184.903s step_avg:80.01ms
step:2312/3250 train_time:185.484s step_avg:80.23ms
step:2313/3250 train_time:186.064s step_avg:80.44ms
step:2314/3250 train_time:186.647s step_avg:80.66ms
step:2315/3250 train_time:187.231s step_avg:80.88ms
step:2316/3250 train_time:187.813s step_avg:81.09ms
step:2317/3250 train_time:188.393s step_avg:81.31ms
step:2318/3250 train_time:188.975s step_avg:81.53ms
step:2319/3250 train_time:189.555s step_avg:81.74ms
step:2320/3250 train_time:190.139s step_avg:81.96ms
step:2321/3250 train_time:190.720s step_avg:82.17ms
step:2322/3250 train_time:191.304s step_avg:82.39ms
step:2323/3250 train_time:191.882s step_avg:82.60ms
step:2324/3250 train_time:192.464s step_avg:82.82ms
step:2325/3250 train_time:193.044s step_avg:83.03ms
step:2326/3250 train_time:193.623s step_avg:83.24ms
step:2327/3250 train_time:194.204s step_avg:83.46ms
step:2328/3250 train_time:194.785s step_avg:83.67ms
step:2329/3250 train_time:195.366s step_avg:83.88ms
step:2330/3250 train_time:195.948s step_avg:84.10ms
step:2331/3250 train_time:196.531s step_avg:84.31ms
step:2332/3250 train_time:197.116s step_avg:84.53ms
step:2333/3250 train_time:197.697s step_avg:84.74ms
step:2334/3250 train_time:198.281s step_avg:84.95ms
step:2335/3250 train_time:198.862s step_avg:85.17ms
step:2336/3250 train_time:199.443s step_avg:85.38ms
step:2337/3250 train_time:200.023s step_avg:85.59ms
step:2338/3250 train_time:200.603s step_avg:85.80ms
step:2339/3250 train_time:201.184s step_avg:86.01ms
step:2340/3250 train_time:201.763s step_avg:86.22ms
step:2341/3250 train_time:202.343s step_avg:86.43ms
step:2342/3250 train_time:202.923s step_avg:86.65ms
step:2343/3250 train_time:203.503s step_avg:86.86ms
step:2344/3250 train_time:204.085s step_avg:87.07ms
step:2345/3250 train_time:204.664s step_avg:87.28ms
step:2346/3250 train_time:205.245s step_avg:87.49ms
step:2347/3250 train_time:205.851s step_avg:87.71ms
step:2348/3250 train_time:206.442s step_avg:87.92ms
step:2349/3250 train_time:207.019s step_avg:88.13ms
step:2350/3250 train_time:207.604s step_avg:88.34ms
step:2351/3250 train_time:208.181s step_avg:88.55ms
step:2352/3250 train_time:208.764s step_avg:88.76ms
step:2353/3250 train_time:209.343s step_avg:88.97ms
step:2354/3250 train_time:209.926s step_avg:89.18ms
step:2355/3250 train_time:210.506s step_avg:89.39ms
step:2356/3250 train_time:211.089s step_avg:89.60ms
step:2357/3250 train_time:211.673s step_avg:89.81ms
step:2358/3250 train_time:212.254s step_avg:90.01ms
step:2359/3250 train_time:212.837s step_avg:90.22ms
step:2360/3250 train_time:213.417s step_avg:90.43ms
step:2361/3250 train_time:214.002s step_avg:90.64ms
step:2362/3250 train_time:214.584s step_avg:90.85ms
step:2363/3250 train_time:215.165s step_avg:91.06ms
step:2364/3250 train_time:215.746s step_avg:91.26ms
step:2365/3250 train_time:216.327s step_avg:91.47ms
step:2366/3250 train_time:216.908s step_avg:91.68ms
step:2367/3250 train_time:217.491s step_avg:91.88ms
step:2368/3250 train_time:218.076s step_avg:92.09ms
step:2369/3250 train_time:218.657s step_avg:92.30ms
step:2370/3250 train_time:219.240s step_avg:92.51ms
step:2371/3250 train_time:219.824s step_avg:92.71ms
step:2372/3250 train_time:220.404s step_avg:92.92ms
step:2373/3250 train_time:220.985s step_avg:93.12ms
step:2374/3250 train_time:221.566s step_avg:93.33ms
step:2375/3250 train_time:222.151s step_avg:93.54ms
step:2375/3250 val_loss:3.29274 train_time:222.163s step_avg:587.59ms
step:2376/3250 train_time:222.736s step_avg:93.74ms
step:2377/3250 train_time:223.319s step_avg:93.95ms
step:2378/3250 train_time:223.900s step_avg:94.15ms
step:2379/3250 train_time:224.484s step_avg:94.36ms
step:2380/3250 train_time:225.065s step_avg:94.56ms
step:2381/3250 train_time:225.646s step_avg:94.77ms
step:2382/3250 train_time:226.226s step_avg:94.97ms
step:2383/3250 train_time:226.809s step_avg:95.18ms
step:2384/3250 train_time:227.390s step_avg:95.38ms
step:2385/3250 train_time:227.972s step_avg:95.59ms
step:2386/3250 train_time:228.557s step_avg:95.79ms
step:2387/3250 train_time:229.138s step_avg:95.99ms
step:2388/3250 train_time:229.723s step_avg:96.20ms
step:2389/3250 train_time:230.303s step_avg:96.40ms
step:2390/3250 train_time:230.887s step_avg:96.61ms
step:2391/3250 train_time:231.467s step_avg:96.81ms
step:2392/3250 train_time:232.050s step_avg:97.01ms
step:2393/3250 train_time:232.635s step_avg:97.21ms
step:2394/3250 train_time:233.241s step_avg:97.43ms
step:2395/3250 train_time:233.827s step_avg:97.63ms
step:2396/3250 train_time:234.405s step_avg:97.83ms
step:2397/3250 train_time:234.990s step_avg:98.03ms
step:2398/3250 train_time:235.570s step_avg:98.24ms
step:2399/3250 train_time:236.154s step_avg:98.44ms
step:2400/3250 train_time:236.739s step_avg:98.64ms
step:2401/3250 train_time:237.322s step_avg:98.84ms
step:2402/3250 train_time:237.905s step_avg:99.04ms
step:2403/3250 train_time:238.485s step_avg:99.24ms
step:2404/3250 train_time:239.066s step_avg:99.45ms
step:2405/3250 train_time:239.645s step_avg:99.64ms
step:2406/3250 train_time:240.227s step_avg:99.84ms
step:2407/3250 train_time:240.808s step_avg:100.04ms
step:2408/3250 train_time:241.388s step_avg:100.24ms
step:2409/3250 train_time:241.972s step_avg:100.44ms
step:2410/3250 train_time:242.553s step_avg:100.64ms
step:2411/3250 train_time:243.138s step_avg:100.85ms
step:2412/3250 train_time:243.721s step_avg:101.05ms
step:2413/3250 train_time:244.304s step_avg:101.24ms
step:2414/3250 train_time:244.887s step_avg:101.44ms
step:2415/3250 train_time:245.466s step_avg:101.64ms
step:2416/3250 train_time:246.047s step_avg:101.84ms
step:2417/3250 train_time:246.629s step_avg:102.04ms
step:2418/3250 train_time:247.212s step_avg:102.24ms
step:2419/3250 train_time:247.795s step_avg:102.44ms
step:2420/3250 train_time:248.377s step_avg:102.63ms
step:2421/3250 train_time:248.959s step_avg:102.83ms
step:2422/3250 train_time:249.541s step_avg:103.03ms
step:2423/3250 train_time:250.124s step_avg:103.23ms
step:2424/3250 train_time:250.706s step_avg:103.43ms
step:2425/3250 train_time:251.288s step_avg:103.62ms
step:2426/3250 train_time:251.871s step_avg:103.82ms
step:2427/3250 train_time:252.455s step_avg:104.02ms
step:2428/3250 train_time:253.037s step_avg:104.22ms
step:2429/3250 train_time:253.620s step_avg:104.41ms
step:2430/3250 train_time:254.205s step_avg:104.61ms
step:2431/3250 train_time:254.785s step_avg:104.81ms
step:2432/3250 train_time:255.367s step_avg:105.00ms
step:2433/3250 train_time:255.947s step_avg:105.20ms
step:2434/3250 train_time:256.528s step_avg:105.39ms
step:2435/3250 train_time:257.110s step_avg:105.59ms
step:2436/3250 train_time:257.692s step_avg:105.78ms
step:2437/3250 train_time:258.277s step_avg:105.98ms
step:2438/3250 train_time:258.858s step_avg:106.18ms
step:2439/3250 train_time:259.440s step_avg:106.37ms
step:2440/3250 train_time:260.024s step_avg:106.57ms
step:2441/3250 train_time:260.640s step_avg:106.78ms
step:2442/3250 train_time:261.229s step_avg:106.97ms
step:2443/3250 train_time:261.803s step_avg:107.16ms
step:2444/3250 train_time:262.393s step_avg:107.36ms
step:2445/3250 train_time:262.973s step_avg:107.56ms
step:2446/3250 train_time:263.559s step_avg:107.75ms
step:2447/3250 train_time:264.139s step_avg:107.94ms
step:2448/3250 train_time:264.724s step_avg:108.14ms
step:2449/3250 train_time:265.307s step_avg:108.33ms
step:2450/3250 train_time:265.888s step_avg:108.53ms
step:2451/3250 train_time:266.471s step_avg:108.72ms
step:2452/3250 train_time:267.054s step_avg:108.91ms
step:2453/3250 train_time:267.639s step_avg:109.11ms
step:2454/3250 train_time:268.221s step_avg:109.30ms
step:2455/3250 train_time:268.805s step_avg:109.49ms
step:2456/3250 train_time:269.386s step_avg:109.68ms
step:2457/3250 train_time:269.966s step_avg:109.88ms
step:2458/3250 train_time:270.547s step_avg:110.07ms
step:2459/3250 train_time:271.127s step_avg:110.26ms
step:2460/3250 train_time:271.708s step_avg:110.45ms
step:2461/3250 train_time:272.287s step_avg:110.64ms
step:2462/3250 train_time:272.868s step_avg:110.83ms
step:2463/3250 train_time:273.448s step_avg:111.02ms
step:2464/3250 train_time:274.032s step_avg:111.21ms
step:2465/3250 train_time:274.616s step_avg:111.41ms
step:2466/3250 train_time:275.198s step_avg:111.60ms
step:2467/3250 train_time:275.780s step_avg:111.79ms
step:2468/3250 train_time:276.365s step_avg:111.98ms
step:2469/3250 train_time:276.947s step_avg:112.17ms
step:2470/3250 train_time:277.526s step_avg:112.36ms
step:2471/3250 train_time:278.108s step_avg:112.55ms
step:2472/3250 train_time:278.688s step_avg:112.74ms
step:2473/3250 train_time:279.270s step_avg:112.93ms
step:2474/3250 train_time:279.851s step_avg:113.12ms
step:2475/3250 train_time:280.435s step_avg:113.31ms
step:2476/3250 train_time:281.017s step_avg:113.50ms
step:2477/3250 train_time:281.600s step_avg:113.69ms
step:2478/3250 train_time:282.183s step_avg:113.88ms
step:2479/3250 train_time:282.766s step_avg:114.06ms
step:2480/3250 train_time:283.347s step_avg:114.25ms
step:2481/3250 train_time:283.926s step_avg:114.44ms
step:2482/3250 train_time:284.507s step_avg:114.63ms
step:2483/3250 train_time:285.088s step_avg:114.82ms
step:2484/3250 train_time:285.668s step_avg:115.00ms
step:2485/3250 train_time:286.252s step_avg:115.19ms
step:2486/3250 train_time:286.837s step_avg:115.38ms
step:2487/3250 train_time:287.418s step_avg:115.57ms
step:2488/3250 train_time:288.028s step_avg:115.77ms
step:2489/3250 train_time:288.618s step_avg:115.96ms
step:2490/3250 train_time:289.194s step_avg:116.14ms
step:2491/3250 train_time:289.781s step_avg:116.33ms
step:2492/3250 train_time:290.361s step_avg:116.52ms
step:2493/3250 train_time:290.948s step_avg:116.71ms
step:2494/3250 train_time:291.525s step_avg:116.89ms
step:2495/3250 train_time:292.112s step_avg:117.08ms
step:2496/3250 train_time:292.693s step_avg:117.26ms
step:2497/3250 train_time:293.279s step_avg:117.45ms
step:2498/3250 train_time:293.858s step_avg:117.64ms
step:2499/3250 train_time:294.441s step_avg:117.82ms
step:2500/3250 train_time:295.025s step_avg:118.01ms
step:2500/3250 val_loss:3.27414 train_time:295.037s step_avg:582.99ms
step:2501/3250 train_time:296.277s step_avg:118.46ms
step:2502/3250 train_time:296.837s step_avg:118.64ms
step:2503/3250 train_time:297.421s step_avg:118.83ms
step:2504/3250 train_time:297.998s step_avg:119.01ms
step:2505/3250 train_time:298.583s step_avg:119.19ms
step:2506/3250 train_time:299.163s step_avg:119.38ms
step:2507/3250 train_time:299.743s step_avg:119.56ms
step:2508/3250 train_time:300.324s step_avg:119.75ms
step:2509/3250 train_time:300.905s step_avg:119.93ms
step:2510/3250 train_time:301.487s step_avg:120.11ms
step:2511/3250 train_time:302.070s step_avg:120.30ms
step:2512/3250 train_time:302.650s step_avg:120.48ms
step:2513/3250 train_time:303.232s step_avg:120.67ms
step:2514/3250 train_time:303.811s step_avg:120.85ms
step:2515/3250 train_time:304.392s step_avg:121.03ms
step:2516/3250 train_time:304.973s step_avg:121.21ms
step:2517/3250 train_time:305.552s step_avg:121.40ms
step:2518/3250 train_time:306.132s step_avg:121.58ms
step:2519/3250 train_time:306.711s step_avg:121.76ms
step:2520/3250 train_time:307.293s step_avg:121.94ms
step:2521/3250 train_time:307.872s step_avg:122.12ms
step:2522/3250 train_time:308.453s step_avg:122.30ms
step:2523/3250 train_time:309.032s step_avg:122.49ms
step:2524/3250 train_time:309.612s step_avg:122.67ms
step:2525/3250 train_time:310.193s step_avg:122.85ms
step:2526/3250 train_time:310.773s step_avg:123.03ms
step:2527/3250 train_time:311.353s step_avg:123.21ms
step:2528/3250 train_time:311.934s step_avg:123.39ms
step:2529/3250 train_time:312.513s step_avg:123.57ms
step:2530/3250 train_time:313.095s step_avg:123.75ms
step:2531/3250 train_time:313.675s step_avg:123.93ms
step:2532/3250 train_time:314.259s step_avg:124.12ms
step:2533/3250 train_time:314.843s step_avg:124.30ms
step:2534/3250 train_time:315.424s step_avg:124.48ms
step:2535/3250 train_time:316.037s step_avg:124.67ms
step:2536/3250 train_time:316.625s step_avg:124.85ms
step:2537/3250 train_time:317.206s step_avg:125.03ms
step:2538/3250 train_time:317.792s step_avg:125.21ms
step:2539/3250 train_time:318.371s step_avg:125.39ms
step:2540/3250 train_time:318.954s step_avg:125.57ms
step:2541/3250 train_time:319.534s step_avg:125.75ms
step:2542/3250 train_time:320.116s step_avg:125.93ms
step:2543/3250 train_time:320.699s step_avg:126.11ms
step:2544/3250 train_time:321.282s step_avg:126.29ms
step:2545/3250 train_time:321.866s step_avg:126.47ms
step:2546/3250 train_time:322.449s step_avg:126.65ms
step:2547/3250 train_time:323.030s step_avg:126.83ms
step:2548/3250 train_time:323.615s step_avg:127.01ms
step:2549/3250 train_time:324.198s step_avg:127.19ms
step:2550/3250 train_time:324.781s step_avg:127.36ms
step:2551/3250 train_time:325.363s step_avg:127.54ms
step:2552/3250 train_time:325.946s step_avg:127.72ms
step:2553/3250 train_time:326.530s step_avg:127.90ms
step:2554/3250 train_time:327.113s step_avg:128.08ms
step:2555/3250 train_time:327.693s step_avg:128.26ms
step:2556/3250 train_time:328.274s step_avg:128.43ms
step:2557/3250 train_time:328.854s step_avg:128.61ms
step:2558/3250 train_time:329.434s step_avg:128.79ms
step:2559/3250 train_time:330.013s step_avg:128.96ms
step:2560/3250 train_time:330.593s step_avg:129.14ms
step:2561/3250 train_time:331.174s step_avg:129.31ms
step:2562/3250 train_time:331.753s step_avg:129.49ms
step:2563/3250 train_time:332.333s step_avg:129.67ms
step:2564/3250 train_time:332.913s step_avg:129.84ms
step:2565/3250 train_time:333.492s step_avg:130.02ms
step:2566/3250 train_time:334.074s step_avg:130.19ms
step:2567/3250 train_time:334.652s step_avg:130.37ms
step:2568/3250 train_time:335.237s step_avg:130.54ms
step:2569/3250 train_time:335.815s step_avg:130.72ms
step:2570/3250 train_time:336.396s step_avg:130.89ms
step:2571/3250 train_time:336.976s step_avg:131.07ms
step:2572/3250 train_time:337.559s step_avg:131.24ms
step:2573/3250 train_time:338.141s step_avg:131.42ms
step:2574/3250 train_time:338.723s step_avg:131.59ms
step:2575/3250 train_time:339.304s step_avg:131.77ms
step:2576/3250 train_time:339.885s step_avg:131.94ms
step:2577/3250 train_time:340.469s step_avg:132.12ms
step:2578/3250 train_time:341.050s step_avg:132.29ms
step:2579/3250 train_time:341.632s step_avg:132.47ms
step:2580/3250 train_time:342.212s step_avg:132.64ms
step:2581/3250 train_time:342.793s step_avg:132.81ms
step:2582/3250 train_time:343.400s step_avg:133.00ms
step:2583/3250 train_time:343.989s step_avg:133.17ms
step:2584/3250 train_time:344.567s step_avg:133.35ms
step:2585/3250 train_time:345.157s step_avg:133.52ms
step:2586/3250 train_time:345.731s step_avg:133.69ms
step:2587/3250 train_time:346.315s step_avg:133.87ms
step:2588/3250 train_time:346.894s step_avg:134.04ms
step:2589/3250 train_time:347.478s step_avg:134.21ms
step:2590/3250 train_time:348.061s step_avg:134.39ms
step:2591/3250 train_time:348.643s step_avg:134.56ms
step:2592/3250 train_time:349.223s step_avg:134.73ms
step:2593/3250 train_time:349.805s step_avg:134.90ms
step:2594/3250 train_time:350.385s step_avg:135.07ms
step:2595/3250 train_time:350.966s step_avg:135.25ms
step:2596/3250 train_time:351.549s step_avg:135.42ms
step:2597/3250 train_time:352.131s step_avg:135.59ms
step:2598/3250 train_time:352.714s step_avg:135.76ms
step:2599/3250 train_time:353.293s step_avg:135.93ms
step:2600/3250 train_time:353.874s step_avg:136.11ms
step:2601/3250 train_time:354.452s step_avg:136.28ms
step:2602/3250 train_time:355.035s step_avg:136.45ms
step:2603/3250 train_time:355.616s step_avg:136.62ms
step:2604/3250 train_time:356.199s step_avg:136.79ms
step:2605/3250 train_time:356.782s step_avg:136.96ms
step:2606/3250 train_time:357.365s step_avg:137.13ms
step:2607/3250 train_time:357.946s step_avg:137.30ms
step:2608/3250 train_time:358.529s step_avg:137.47ms
step:2609/3250 train_time:359.111s step_avg:137.64ms
step:2610/3250 train_time:359.693s step_avg:137.81ms
step:2611/3250 train_time:360.273s step_avg:137.98ms
step:2612/3250 train_time:360.853s step_avg:138.15ms
step:2613/3250 train_time:361.433s step_avg:138.32ms
step:2614/3250 train_time:362.013s step_avg:138.49ms
step:2615/3250 train_time:362.593s step_avg:138.66ms
step:2616/3250 train_time:363.173s step_avg:138.83ms
step:2617/3250 train_time:363.752s step_avg:139.00ms
step:2618/3250 train_time:364.333s step_avg:139.16ms
step:2619/3250 train_time:364.913s step_avg:139.33ms
step:2620/3250 train_time:365.493s step_avg:139.50ms
step:2621/3250 train_time:366.073s step_avg:139.67ms
step:2622/3250 train_time:366.652s step_avg:139.84ms
step:2623/3250 train_time:367.231s step_avg:140.00ms
step:2624/3250 train_time:367.812s step_avg:140.17ms
step:2625/3250 train_time:368.394s step_avg:140.34ms
step:2625/3250 val_loss:3.25655 train_time:368.406s step_avg:586.95ms
step:2626/3250 train_time:368.977s step_avg:140.51ms
step:2627/3250 train_time:369.559s step_avg:140.68ms
step:2628/3250 train_time:370.138s step_avg:140.84ms
step:2629/3250 train_time:370.748s step_avg:141.02ms
step:2630/3250 train_time:371.332s step_avg:141.19ms
step:2631/3250 train_time:371.913s step_avg:141.36ms
step:2632/3250 train_time:372.497s step_avg:141.53ms
step:2633/3250 train_time:373.078s step_avg:141.69ms
step:2634/3250 train_time:373.662s step_avg:141.86ms
step:2635/3250 train_time:374.242s step_avg:142.03ms
step:2636/3250 train_time:374.828s step_avg:142.20ms
step:2637/3250 train_time:375.411s step_avg:142.36ms
step:2638/3250 train_time:375.992s step_avg:142.53ms
step:2639/3250 train_time:376.577s step_avg:142.70ms
step:2640/3250 train_time:377.158s step_avg:142.86ms
step:2641/3250 train_time:377.740s step_avg:143.03ms
step:2642/3250 train_time:378.320s step_avg:143.19ms
step:2643/3250 train_time:378.903s step_avg:143.36ms
step:2644/3250 train_time:379.486s step_avg:143.53ms
step:2645/3250 train_time:380.069s step_avg:143.69ms
step:2646/3250 train_time:380.651s step_avg:143.86ms
step:2647/3250 train_time:381.232s step_avg:144.02ms
step:2648/3250 train_time:381.816s step_avg:144.19ms
step:2649/3250 train_time:382.398s step_avg:144.36ms
step:2650/3250 train_time:382.978s step_avg:144.52ms
step:2651/3250 train_time:383.559s step_avg:144.68ms
step:2652/3250 train_time:384.140s step_avg:144.85ms
step:2653/3250 train_time:384.720s step_avg:145.01ms
step:2654/3250 train_time:385.303s step_avg:145.18ms
step:2655/3250 train_time:385.889s step_avg:145.34ms
step:2656/3250 train_time:386.471s step_avg:145.51ms
step:2657/3250 train_time:387.053s step_avg:145.67ms
step:2658/3250 train_time:387.636s step_avg:145.84ms
step:2659/3250 train_time:388.218s step_avg:146.00ms
step:2660/3250 train_time:388.800s step_avg:146.17ms
step:2661/3250 train_time:389.380s step_avg:146.33ms
step:2662/3250 train_time:389.962s step_avg:146.49ms
step:2663/3250 train_time:390.541s step_avg:146.65ms
step:2664/3250 train_time:391.125s step_avg:146.82ms
step:2665/3250 train_time:391.709s step_avg:146.98ms
step:2666/3250 train_time:392.293s step_avg:147.15ms
step:2667/3250 train_time:392.876s step_avg:147.31ms
step:2668/3250 train_time:393.457s step_avg:147.47ms
step:2669/3250 train_time:394.039s step_avg:147.64ms
step:2670/3250 train_time:394.619s step_avg:147.80ms
step:2671/3250 train_time:395.199s step_avg:147.96ms
step:2672/3250 train_time:395.779s step_avg:148.12ms
step:2673/3250 train_time:396.359s step_avg:148.28ms
step:2674/3250 train_time:396.941s step_avg:148.44ms
step:2675/3250 train_time:397.521s step_avg:148.61ms
step:2676/3250 train_time:398.130s step_avg:148.78ms
step:2677/3250 train_time:398.718s step_avg:148.94ms
step:2678/3250 train_time:399.295s step_avg:149.10ms
step:2679/3250 train_time:399.882s step_avg:149.27ms
step:2680/3250 train_time:400.459s step_avg:149.43ms
step:2681/3250 train_time:401.040s step_avg:149.59ms
step:2682/3250 train_time:401.623s step_avg:149.75ms
step:2683/3250 train_time:402.205s step_avg:149.91ms
step:2684/3250 train_time:402.790s step_avg:150.07ms
step:2685/3250 train_time:403.371s step_avg:150.23ms
step:2686/3250 train_time:403.952s step_avg:150.39ms
step:2687/3250 train_time:404.534s step_avg:150.55ms
step:2688/3250 train_time:405.118s step_avg:150.71ms
step:2689/3250 train_time:405.698s step_avg:150.87ms
step:2690/3250 train_time:406.279s step_avg:151.03ms
step:2691/3250 train_time:406.860s step_avg:151.19ms
step:2692/3250 train_time:407.439s step_avg:151.35ms
step:2693/3250 train_time:408.022s step_avg:151.51ms
step:2694/3250 train_time:408.604s step_avg:151.67ms
step:2695/3250 train_time:409.187s step_avg:151.83ms
step:2696/3250 train_time:409.769s step_avg:151.99ms
step:2697/3250 train_time:410.351s step_avg:152.15ms
step:2698/3250 train_time:410.932s step_avg:152.31ms
step:2699/3250 train_time:411.515s step_avg:152.47ms
step:2700/3250 train_time:412.098s step_avg:152.63ms
step:2701/3250 train_time:412.678s step_avg:152.79ms
step:2702/3250 train_time:413.259s step_avg:152.95ms
step:2703/3250 train_time:413.839s step_avg:153.10ms
step:2704/3250 train_time:414.419s step_avg:153.26ms
step:2705/3250 train_time:415.001s step_avg:153.42ms
step:2706/3250 train_time:415.585s step_avg:153.58ms
step:2707/3250 train_time:416.169s step_avg:153.74ms
step:2708/3250 train_time:416.751s step_avg:153.90ms
step:2709/3250 train_time:417.333s step_avg:154.05ms
step:2710/3250 train_time:417.916s step_avg:154.21ms
step:2711/3250 train_time:418.498s step_avg:154.37ms
step:2712/3250 train_time:419.079s step_avg:154.53ms
step:2713/3250 train_time:419.660s step_avg:154.68ms
step:2714/3250 train_time:420.241s step_avg:154.84ms
step:2715/3250 train_time:420.826s step_avg:155.00ms
step:2716/3250 train_time:421.411s step_avg:155.16ms
step:2717/3250 train_time:421.992s step_avg:155.32ms
step:2718/3250 train_time:422.575s step_avg:155.47ms
step:2719/3250 train_time:423.157s step_avg:155.63ms
step:2720/3250 train_time:423.740s step_avg:155.79ms
step:2721/3250 train_time:424.319s step_avg:155.94ms
step:2722/3250 train_time:424.901s step_avg:156.10ms
step:2723/3250 train_time:425.506s step_avg:156.26ms
step:2724/3250 train_time:426.097s step_avg:156.42ms
step:2725/3250 train_time:426.674s step_avg:156.58ms
step:2726/3250 train_time:427.261s step_avg:156.74ms
step:2727/3250 train_time:427.839s step_avg:156.89ms
step:2728/3250 train_time:428.423s step_avg:157.05ms
step:2729/3250 train_time:429.005s step_avg:157.20ms
step:2730/3250 train_time:429.589s step_avg:157.36ms
step:2731/3250 train_time:430.172s step_avg:157.51ms
step:2732/3250 train_time:430.752s step_avg:157.67ms
step:2733/3250 train_time:431.336s step_avg:157.82ms
step:2734/3250 train_time:431.916s step_avg:157.98ms
step:2735/3250 train_time:432.500s step_avg:158.14ms
step:2736/3250 train_time:433.079s step_avg:158.29ms
step:2737/3250 train_time:433.660s step_avg:158.44ms
step:2738/3250 train_time:434.239s step_avg:158.60ms
step:2739/3250 train_time:434.820s step_avg:158.75ms
step:2740/3250 train_time:435.400s step_avg:158.91ms
step:2741/3250 train_time:435.979s step_avg:159.06ms
step:2742/3250 train_time:436.561s step_avg:159.21ms
step:2743/3250 train_time:437.141s step_avg:159.37ms
step:2744/3250 train_time:437.725s step_avg:159.52ms
step:2745/3250 train_time:438.310s step_avg:159.68ms
step:2746/3250 train_time:438.891s step_avg:159.83ms
step:2747/3250 train_time:439.473s step_avg:159.98ms
step:2748/3250 train_time:440.055s step_avg:160.14ms
step:2749/3250 train_time:440.638s step_avg:160.29ms
step:2750/3250 train_time:441.219s step_avg:160.44ms
step:2750/3250 val_loss:3.23892 train_time:441.231s step_avg:582.60ms
step:2751/3250 train_time:442.514s step_avg:160.86ms
ARM_EXIT=0 req026_b4x_bimax
