W0831 11:37:18.476000 14461 torch/distributed/run.py:852] 
W0831 11:37:18.476000 14461 torch/distributed/run.py:852] *****************************************
W0831 11:37:18.476000 14461 torch/distributed/run.py:852] Setting OMP_NUM_THREADS environment variable for each process to be 1 in default, to avoid your system being overloaded, please further tune the variable for optimal performance in your application as needed. 
W0831 11:37:18.476000 14461 torch/distributed/run.py:852] *****************************************
logs/70b4eb0d-3c7f-4333-aeb5-c7023a304ba9.txt
resumed training state from step 2000 in eos_shared_state, skipped 2000 batches
step:0/3250 val_loss:3.44367 train_time:0.001s step_avg:nanms
step:2001/3250 train_time:3.258s step_avg:1.63ms
step:2002/3250 train_time:3.395s step_avg:1.70ms
step:2003/3250 train_time:3.547s step_avg:1.77ms
step:2004/3250 train_time:3.698s step_avg:1.85ms
step:2005/3250 train_time:3.851s step_avg:1.92ms
step:2006/3250 train_time:4.003s step_avg:2.00ms
step:2007/3250 train_time:4.155s step_avg:2.07ms
step:2008/3250 train_time:4.307s step_avg:2.15ms
step:2009/3250 train_time:4.459s step_avg:2.22ms
step:2010/3250 train_time:4.611s step_avg:2.29ms
step:2011/3250 train_time:4.763s step_avg:2.37ms
step:2012/3250 train_time:4.916s step_avg:2.44ms
step:2013/3250 train_time:5.067s step_avg:2.52ms
step:2014/3250 train_time:5.219s step_avg:2.59ms
step:2015/3250 train_time:5.372s step_avg:2.67ms
step:2016/3250 train_time:5.525s step_avg:2.74ms
step:2017/3250 train_time:5.677s step_avg:2.81ms
step:2018/3250 train_time:5.830s step_avg:2.89ms
step:2019/3250 train_time:5.982s step_avg:2.96ms
step:2020/3250 train_time:6.134s step_avg:3.04ms
step:2021/3250 train_time:6.285s step_avg:3.11ms
step:2022/3250 train_time:6.438s step_avg:3.18ms
step:2023/3250 train_time:6.590s step_avg:3.26ms
step:2024/3250 train_time:6.744s step_avg:3.33ms
step:2025/3250 train_time:6.895s step_avg:3.40ms
step:2026/3250 train_time:7.048s step_avg:3.48ms
step:2027/3250 train_time:7.199s step_avg:3.55ms
step:2028/3250 train_time:7.354s step_avg:3.63ms
step:2029/3250 train_time:7.507s step_avg:3.70ms
step:2030/3250 train_time:7.658s step_avg:3.77ms
step:2031/3250 train_time:7.811s step_avg:3.85ms
step:2032/3250 train_time:7.962s step_avg:3.92ms
step:2033/3250 train_time:8.114s step_avg:3.99ms
step:2034/3250 train_time:8.266s step_avg:4.06ms
step:2035/3250 train_time:8.418s step_avg:4.14ms
step:2036/3250 train_time:8.571s step_avg:4.21ms
step:2037/3250 train_time:8.724s step_avg:4.28ms
step:2038/3250 train_time:8.875s step_avg:4.35ms
step:2039/3250 train_time:9.030s step_avg:4.43ms
step:2040/3250 train_time:9.182s step_avg:4.50ms
step:2041/3250 train_time:9.334s step_avg:4.57ms
step:2042/3250 train_time:9.487s step_avg:4.65ms
step:2043/3250 train_time:9.638s step_avg:4.72ms
step:2044/3250 train_time:9.791s step_avg:4.79ms
step:2045/3250 train_time:9.945s step_avg:4.86ms
step:2046/3250 train_time:10.097s step_avg:4.93ms
step:2047/3250 train_time:10.251s step_avg:5.01ms
step:2048/3250 train_time:10.404s step_avg:5.08ms
step:2049/3250 train_time:10.556s step_avg:5.15ms
step:2050/3250 train_time:10.710s step_avg:5.22ms
step:2051/3250 train_time:10.862s step_avg:5.30ms
step:2052/3250 train_time:11.014s step_avg:5.37ms
step:2053/3250 train_time:11.166s step_avg:5.44ms
step:2054/3250 train_time:11.318s step_avg:5.51ms
step:2055/3250 train_time:11.471s step_avg:5.58ms
step:2056/3250 train_time:11.624s step_avg:5.65ms
step:2057/3250 train_time:11.776s step_avg:5.72ms
step:2058/3250 train_time:11.930s step_avg:5.80ms
step:2059/3250 train_time:12.083s step_avg:5.87ms
step:2060/3250 train_time:12.236s step_avg:5.94ms
step:2061/3250 train_time:12.389s step_avg:6.01ms
step:2062/3250 train_time:12.541s step_avg:6.08ms
step:2063/3250 train_time:12.694s step_avg:6.15ms
step:2064/3250 train_time:12.847s step_avg:6.22ms
step:2065/3250 train_time:13.000s step_avg:6.30ms
step:2066/3250 train_time:13.153s step_avg:6.37ms
step:2067/3250 train_time:13.305s step_avg:6.44ms
step:2068/3250 train_time:13.457s step_avg:6.51ms
step:2069/3250 train_time:13.611s step_avg:6.58ms
step:2070/3250 train_time:13.763s step_avg:6.65ms
step:2071/3250 train_time:13.916s step_avg:6.72ms
step:2072/3250 train_time:14.069s step_avg:6.79ms
step:2073/3250 train_time:14.222s step_avg:6.86ms
step:2074/3250 train_time:14.374s step_avg:6.93ms
step:2075/3250 train_time:14.527s step_avg:7.00ms
step:2076/3250 train_time:14.680s step_avg:7.07ms
step:2077/3250 train_time:14.834s step_avg:7.14ms
step:2078/3250 train_time:14.986s step_avg:7.21ms
step:2079/3250 train_time:15.138s step_avg:7.28ms
step:2080/3250 train_time:15.291s step_avg:7.35ms
step:2081/3250 train_time:15.444s step_avg:7.42ms
step:2082/3250 train_time:15.596s step_avg:7.49ms
step:2083/3250 train_time:15.752s step_avg:7.56ms
step:2084/3250 train_time:15.906s step_avg:7.63ms
step:2085/3250 train_time:16.058s step_avg:7.70ms
step:2086/3250 train_time:16.212s step_avg:7.77ms
step:2087/3250 train_time:16.364s step_avg:7.84ms
step:2088/3250 train_time:16.516s step_avg:7.91ms
step:2089/3250 train_time:16.669s step_avg:7.98ms
step:2090/3250 train_time:16.824s step_avg:8.05ms
step:2091/3250 train_time:17.005s step_avg:8.13ms
step:2092/3250 train_time:17.158s step_avg:8.20ms
step:2093/3250 train_time:17.311s step_avg:8.27ms
step:2094/3250 train_time:17.463s step_avg:8.34ms
step:2095/3250 train_time:17.615s step_avg:8.41ms
step:2096/3250 train_time:17.767s step_avg:8.48ms
step:2097/3250 train_time:17.919s step_avg:8.55ms
step:2098/3250 train_time:18.074s step_avg:8.62ms
step:2099/3250 train_time:18.227s step_avg:8.68ms
step:2100/3250 train_time:18.380s step_avg:8.75ms
step:2101/3250 train_time:18.534s step_avg:8.82ms
step:2102/3250 train_time:18.687s step_avg:8.89ms
step:2103/3250 train_time:18.839s step_avg:8.96ms
step:2104/3250 train_time:18.994s step_avg:9.03ms
step:2105/3250 train_time:19.146s step_avg:9.10ms
step:2106/3250 train_time:19.298s step_avg:9.16ms
step:2107/3250 train_time:19.452s step_avg:9.23ms
step:2108/3250 train_time:19.605s step_avg:9.30ms
step:2109/3250 train_time:19.757s step_avg:9.37ms
step:2110/3250 train_time:19.911s step_avg:9.44ms
step:2111/3250 train_time:20.064s step_avg:9.50ms
step:2112/3250 train_time:20.216s step_avg:9.57ms
step:2113/3250 train_time:20.369s step_avg:9.64ms
step:2114/3250 train_time:20.521s step_avg:9.71ms
step:2115/3250 train_time:20.675s step_avg:9.78ms
step:2116/3250 train_time:20.828s step_avg:9.84ms
step:2117/3250 train_time:20.982s step_avg:9.91ms
step:2118/3250 train_time:21.134s step_avg:9.98ms
step:2119/3250 train_time:21.287s step_avg:10.05ms
step:2120/3250 train_time:21.440s step_avg:10.11ms
step:2121/3250 train_time:21.594s step_avg:10.18ms
step:2122/3250 train_time:21.747s step_avg:10.25ms
step:2123/3250 train_time:21.899s step_avg:10.32ms
step:2124/3250 train_time:22.054s step_avg:10.38ms
step:2125/3250 train_time:22.207s step_avg:10.45ms
step:2125/3250 val_loss:3.44336 train_time:22.218s step_avg:10.46ms
step:2126/3250 train_time:22.365s step_avg:10.52ms
step:2127/3250 train_time:22.518s step_avg:10.59ms
step:2128/3250 train_time:22.671s step_avg:10.65ms
step:2129/3250 train_time:22.825s step_avg:10.72ms
step:2130/3250 train_time:22.978s step_avg:10.79ms
step:2131/3250 train_time:23.132s step_avg:10.85ms
step:2132/3250 train_time:23.286s step_avg:10.92ms
step:2133/3250 train_time:23.439s step_avg:10.99ms
step:2134/3250 train_time:23.592s step_avg:11.06ms
step:2135/3250 train_time:23.745s step_avg:11.12ms
step:2136/3250 train_time:23.898s step_avg:11.19ms
step:2137/3250 train_time:24.051s step_avg:11.25ms
step:2138/3250 train_time:24.205s step_avg:11.32ms
step:2139/3250 train_time:24.357s step_avg:11.39ms
step:2140/3250 train_time:24.510s step_avg:11.45ms
step:2141/3250 train_time:24.664s step_avg:11.52ms
step:2142/3250 train_time:24.817s step_avg:11.59ms
step:2143/3250 train_time:24.969s step_avg:11.65ms
step:2144/3250 train_time:25.123s step_avg:11.72ms
step:2145/3250 train_time:25.277s step_avg:11.78ms
step:2146/3250 train_time:25.429s step_avg:11.85ms
step:2147/3250 train_time:25.584s step_avg:11.92ms
step:2148/3250 train_time:25.737s step_avg:11.98ms
step:2149/3250 train_time:25.889s step_avg:12.05ms
step:2150/3250 train_time:26.043s step_avg:12.11ms
step:2151/3250 train_time:26.198s step_avg:12.18ms
step:2152/3250 train_time:26.351s step_avg:12.24ms
step:2153/3250 train_time:26.506s step_avg:12.31ms
step:2154/3250 train_time:26.660s step_avg:12.38ms
step:2155/3250 train_time:26.812s step_avg:12.44ms
step:2156/3250 train_time:26.965s step_avg:12.51ms
step:2157/3250 train_time:27.119s step_avg:12.57ms
step:2158/3250 train_time:27.271s step_avg:12.64ms
step:2159/3250 train_time:27.424s step_avg:12.70ms
step:2160/3250 train_time:27.577s step_avg:12.77ms
step:2161/3250 train_time:27.729s step_avg:12.83ms
step:2162/3250 train_time:27.883s step_avg:12.90ms
step:2163/3250 train_time:28.037s step_avg:12.96ms
step:2164/3250 train_time:28.189s step_avg:13.03ms
step:2165/3250 train_time:28.342s step_avg:13.09ms
step:2166/3250 train_time:28.496s step_avg:13.16ms
step:2167/3250 train_time:28.649s step_avg:13.22ms
step:2168/3250 train_time:28.804s step_avg:13.29ms
step:2169/3250 train_time:28.957s step_avg:13.35ms
step:2170/3250 train_time:29.108s step_avg:13.41ms
step:2171/3250 train_time:29.263s step_avg:13.48ms
step:2172/3250 train_time:29.416s step_avg:13.54ms
step:2173/3250 train_time:29.569s step_avg:13.61ms
step:2174/3250 train_time:29.722s step_avg:13.67ms
step:2175/3250 train_time:29.876s step_avg:13.74ms
step:2176/3250 train_time:30.029s step_avg:13.80ms
step:2177/3250 train_time:30.184s step_avg:13.86ms
step:2178/3250 train_time:30.336s step_avg:13.93ms
step:2179/3250 train_time:30.489s step_avg:13.99ms
step:2180/3250 train_time:30.642s step_avg:14.06ms
step:2181/3250 train_time:30.796s step_avg:14.12ms
step:2182/3250 train_time:30.949s step_avg:14.18ms
step:2183/3250 train_time:31.102s step_avg:14.25ms
step:2184/3250 train_time:31.256s step_avg:14.31ms
step:2185/3250 train_time:31.408s step_avg:14.37ms
step:2186/3250 train_time:31.562s step_avg:14.44ms
step:2187/3250 train_time:31.714s step_avg:14.50ms
step:2188/3250 train_time:31.867s step_avg:14.56ms
step:2189/3250 train_time:32.022s step_avg:14.63ms
step:2190/3250 train_time:32.176s step_avg:14.69ms
step:2191/3250 train_time:32.327s step_avg:14.75ms
step:2192/3250 train_time:32.482s step_avg:14.82ms
step:2193/3250 train_time:32.635s step_avg:14.88ms
step:2194/3250 train_time:32.788s step_avg:14.94ms
step:2195/3250 train_time:32.942s step_avg:15.01ms
step:2196/3250 train_time:33.095s step_avg:15.07ms
step:2197/3250 train_time:33.247s step_avg:15.13ms
step:2198/3250 train_time:33.401s step_avg:15.20ms
step:2199/3250 train_time:33.555s step_avg:15.26ms
step:2200/3250 train_time:33.708s step_avg:15.32ms
step:2201/3250 train_time:33.861s step_avg:15.38ms
step:2202/3250 train_time:34.014s step_avg:15.45ms
step:2203/3250 train_time:34.167s step_avg:15.51ms
step:2204/3250 train_time:34.320s step_avg:15.57ms
step:2205/3250 train_time:34.474s step_avg:15.63ms
step:2206/3250 train_time:34.627s step_avg:15.70ms
step:2207/3250 train_time:34.782s step_avg:15.76ms
step:2208/3250 train_time:34.935s step_avg:15.82ms
step:2209/3250 train_time:35.088s step_avg:15.88ms
step:2210/3250 train_time:35.242s step_avg:15.95ms
step:2211/3250 train_time:35.395s step_avg:16.01ms
step:2212/3250 train_time:35.548s step_avg:16.07ms
step:2213/3250 train_time:35.701s step_avg:16.13ms
step:2214/3250 train_time:35.855s step_avg:16.19ms
step:2215/3250 train_time:36.008s step_avg:16.26ms
step:2216/3250 train_time:36.162s step_avg:16.32ms
step:2217/3250 train_time:36.316s step_avg:16.38ms
step:2218/3250 train_time:36.469s step_avg:16.44ms
step:2219/3250 train_time:36.622s step_avg:16.50ms
step:2220/3250 train_time:36.775s step_avg:16.57ms
step:2221/3250 train_time:36.927s step_avg:16.63ms
step:2222/3250 train_time:37.082s step_avg:16.69ms
step:2223/3250 train_time:37.236s step_avg:16.75ms
step:2224/3250 train_time:37.388s step_avg:16.81ms
step:2225/3250 train_time:37.543s step_avg:16.87ms
step:2226/3250 train_time:37.695s step_avg:16.93ms
step:2227/3250 train_time:37.847s step_avg:16.99ms
step:2228/3250 train_time:38.001s step_avg:17.06ms
step:2229/3250 train_time:38.155s step_avg:17.12ms
step:2230/3250 train_time:38.307s step_avg:17.18ms
step:2231/3250 train_time:38.463s step_avg:17.24ms
step:2232/3250 train_time:38.617s step_avg:17.30ms
step:2233/3250 train_time:38.770s step_avg:17.36ms
step:2234/3250 train_time:38.922s step_avg:17.42ms
step:2235/3250 train_time:39.076s step_avg:17.48ms
step:2236/3250 train_time:39.229s step_avg:17.54ms
step:2237/3250 train_time:39.383s step_avg:17.61ms
step:2238/3250 train_time:39.537s step_avg:17.67ms
step:2239/3250 train_time:39.690s step_avg:17.73ms
step:2240/3250 train_time:39.843s step_avg:17.79ms
step:2241/3250 train_time:39.996s step_avg:17.85ms
step:2242/3250 train_time:40.148s step_avg:17.91ms
step:2243/3250 train_time:40.302s step_avg:17.97ms
step:2244/3250 train_time:40.456s step_avg:18.03ms
step:2245/3250 train_time:40.609s step_avg:18.09ms
step:2246/3250 train_time:40.765s step_avg:18.15ms
step:2247/3250 train_time:40.917s step_avg:18.21ms
step:2248/3250 train_time:41.071s step_avg:18.27ms
step:2249/3250 train_time:41.225s step_avg:18.33ms
step:2250/3250 train_time:41.378s step_avg:18.39ms
step:2250/3250 val_loss:3.42467 train_time:41.390s step_avg:153.37ms
step:2251/3250 train_time:42.210s step_avg:18.75ms
step:2252/3250 train_time:42.351s step_avg:18.81ms
step:2253/3250 train_time:42.505s step_avg:18.87ms
step:2254/3250 train_time:42.658s step_avg:18.93ms
step:2255/3250 train_time:42.811s step_avg:18.99ms
step:2256/3250 train_time:42.965s step_avg:19.04ms
step:2257/3250 train_time:43.118s step_avg:19.10ms
step:2258/3250 train_time:43.272s step_avg:19.16ms
step:2259/3250 train_time:43.425s step_avg:19.22ms
step:2260/3250 train_time:43.578s step_avg:19.28ms
step:2261/3250 train_time:43.732s step_avg:19.34ms
step:2262/3250 train_time:43.886s step_avg:19.40ms
step:2263/3250 train_time:44.039s step_avg:19.46ms
step:2264/3250 train_time:44.193s step_avg:19.52ms
step:2265/3250 train_time:44.346s step_avg:19.58ms
step:2266/3250 train_time:44.500s step_avg:19.64ms
step:2267/3250 train_time:44.653s step_avg:19.70ms
step:2268/3250 train_time:44.808s step_avg:19.76ms
step:2269/3250 train_time:44.961s step_avg:19.82ms
step:2270/3250 train_time:45.115s step_avg:19.87ms
step:2271/3250 train_time:45.269s step_avg:19.93ms
step:2272/3250 train_time:45.421s step_avg:19.99ms
step:2273/3250 train_time:45.575s step_avg:20.05ms
step:2274/3250 train_time:45.728s step_avg:20.11ms
step:2275/3250 train_time:45.881s step_avg:20.17ms
step:2276/3250 train_time:46.036s step_avg:20.23ms
step:2277/3250 train_time:46.190s step_avg:20.29ms
step:2278/3250 train_time:46.344s step_avg:20.34ms
step:2279/3250 train_time:46.496s step_avg:20.40ms
step:2280/3250 train_time:46.650s step_avg:20.46ms
step:2281/3250 train_time:46.841s step_avg:20.54ms
step:2282/3250 train_time:46.995s step_avg:20.59ms
step:2283/3250 train_time:47.148s step_avg:20.65ms
step:2284/3250 train_time:47.301s step_avg:20.71ms
step:2285/3250 train_time:47.454s step_avg:20.77ms
step:2286/3250 train_time:47.608s step_avg:20.83ms
step:2287/3250 train_time:47.762s step_avg:20.88ms
step:2288/3250 train_time:47.915s step_avg:20.94ms
step:2289/3250 train_time:48.069s step_avg:21.00ms
step:2290/3250 train_time:48.222s step_avg:21.06ms
step:2291/3250 train_time:48.375s step_avg:21.12ms
step:2292/3250 train_time:48.527s step_avg:21.17ms
step:2293/3250 train_time:48.680s step_avg:21.23ms
step:2294/3250 train_time:48.836s step_avg:21.29ms
step:2295/3250 train_time:48.990s step_avg:21.35ms
step:2296/3250 train_time:49.143s step_avg:21.40ms
step:2297/3250 train_time:49.296s step_avg:21.46ms
step:2298/3250 train_time:49.450s step_avg:21.52ms
step:2299/3250 train_time:49.603s step_avg:21.58ms
step:2300/3250 train_time:49.756s step_avg:21.63ms
step:2301/3250 train_time:49.908s step_avg:21.69ms
step:2302/3250 train_time:50.061s step_avg:21.75ms
step:2303/3250 train_time:50.216s step_avg:21.80ms
step:2304/3250 train_time:50.370s step_avg:21.86ms
step:2305/3250 train_time:50.523s step_avg:21.92ms
step:2306/3250 train_time:50.676s step_avg:21.98ms
step:2307/3250 train_time:50.829s step_avg:22.03ms
step:2308/3250 train_time:50.983s step_avg:22.09ms
step:2309/3250 train_time:51.136s step_avg:22.15ms
step:2310/3250 train_time:51.290s step_avg:22.20ms
step:2311/3250 train_time:51.444s step_avg:22.26ms
step:2312/3250 train_time:51.597s step_avg:22.32ms
step:2313/3250 train_time:51.750s step_avg:22.37ms
step:2314/3250 train_time:51.904s step_avg:22.43ms
step:2315/3250 train_time:52.057s step_avg:22.49ms
step:2316/3250 train_time:52.211s step_avg:22.54ms
step:2317/3250 train_time:52.365s step_avg:22.60ms
step:2318/3250 train_time:52.519s step_avg:22.66ms
step:2319/3250 train_time:52.674s step_avg:22.71ms
step:2320/3250 train_time:52.827s step_avg:22.77ms
step:2321/3250 train_time:52.980s step_avg:22.83ms
step:2322/3250 train_time:53.133s step_avg:22.88ms
step:2323/3250 train_time:53.288s step_avg:22.94ms
step:2324/3250 train_time:53.442s step_avg:23.00ms
step:2325/3250 train_time:53.596s step_avg:23.05ms
step:2326/3250 train_time:53.750s step_avg:23.11ms
step:2327/3250 train_time:53.905s step_avg:23.17ms
step:2328/3250 train_time:54.058s step_avg:23.22ms
step:2329/3250 train_time:54.213s step_avg:23.28ms
step:2330/3250 train_time:54.366s step_avg:23.33ms
step:2331/3250 train_time:54.519s step_avg:23.39ms
step:2332/3250 train_time:54.673s step_avg:23.44ms
step:2333/3250 train_time:54.826s step_avg:23.50ms
step:2334/3250 train_time:54.979s step_avg:23.56ms
step:2335/3250 train_time:55.135s step_avg:23.61ms
step:2336/3250 train_time:55.290s step_avg:23.67ms
step:2337/3250 train_time:55.443s step_avg:23.72ms
step:2338/3250 train_time:55.596s step_avg:23.78ms
step:2339/3250 train_time:55.751s step_avg:23.84ms
step:2340/3250 train_time:55.905s step_avg:23.89ms
step:2341/3250 train_time:56.058s step_avg:23.95ms
step:2342/3250 train_time:56.212s step_avg:24.00ms
step:2343/3250 train_time:56.366s step_avg:24.06ms
step:2344/3250 train_time:56.520s step_avg:24.11ms
step:2345/3250 train_time:56.674s step_avg:24.17ms
step:2346/3250 train_time:56.827s step_avg:24.22ms
step:2347/3250 train_time:56.980s step_avg:24.28ms
step:2348/3250 train_time:57.133s step_avg:24.33ms
step:2349/3250 train_time:57.287s step_avg:24.39ms
step:2350/3250 train_time:57.440s step_avg:24.44ms
step:2351/3250 train_time:57.594s step_avg:24.50ms
step:2352/3250 train_time:57.747s step_avg:24.55ms
step:2353/3250 train_time:57.900s step_avg:24.61ms
step:2354/3250 train_time:58.054s step_avg:24.66ms
step:2355/3250 train_time:58.208s step_avg:24.72ms
step:2356/3250 train_time:58.362s step_avg:24.77ms
step:2357/3250 train_time:58.516s step_avg:24.83ms
step:2358/3250 train_time:58.670s step_avg:24.88ms
step:2359/3250 train_time:58.822s step_avg:24.94ms
step:2360/3250 train_time:58.976s step_avg:24.99ms
step:2361/3250 train_time:59.130s step_avg:25.04ms
step:2362/3250 train_time:59.283s step_avg:25.10ms
step:2363/3250 train_time:59.437s step_avg:25.15ms
step:2364/3250 train_time:59.591s step_avg:25.21ms
step:2365/3250 train_time:59.745s step_avg:25.26ms
step:2366/3250 train_time:59.898s step_avg:25.32ms
step:2367/3250 train_time:60.053s step_avg:25.37ms
step:2368/3250 train_time:60.207s step_avg:25.43ms
step:2369/3250 train_time:60.360s step_avg:25.48ms
step:2370/3250 train_time:60.514s step_avg:25.53ms
step:2371/3250 train_time:60.669s step_avg:25.59ms
step:2372/3250 train_time:60.823s step_avg:25.64ms
step:2373/3250 train_time:60.976s step_avg:25.70ms
step:2374/3250 train_time:61.129s step_avg:25.75ms
step:2375/3250 train_time:61.284s step_avg:25.80ms
step:2375/3250 val_loss:3.40636 train_time:61.295s step_avg:159.25ms
step:2376/3250 train_time:61.442s step_avg:25.86ms
step:2377/3250 train_time:61.595s step_avg:25.91ms
step:2378/3250 train_time:61.748s step_avg:25.97ms
step:2379/3250 train_time:61.902s step_avg:26.02ms
step:2380/3250 train_time:62.054s step_avg:26.07ms
step:2381/3250 train_time:62.207s step_avg:26.13ms
step:2382/3250 train_time:62.363s step_avg:26.18ms
step:2383/3250 train_time:62.516s step_avg:26.23ms
step:2384/3250 train_time:62.670s step_avg:26.29ms
step:2385/3250 train_time:62.823s step_avg:26.34ms
step:2386/3250 train_time:62.977s step_avg:26.39ms
step:2387/3250 train_time:63.131s step_avg:26.45ms
step:2388/3250 train_time:63.284s step_avg:26.50ms
step:2389/3250 train_time:63.439s step_avg:26.55ms
step:2390/3250 train_time:63.591s step_avg:26.61ms
step:2391/3250 train_time:63.744s step_avg:26.66ms
step:2392/3250 train_time:63.899s step_avg:26.71ms
step:2393/3250 train_time:64.053s step_avg:26.77ms
step:2394/3250 train_time:64.207s step_avg:26.82ms
step:2395/3250 train_time:64.362s step_avg:26.87ms
step:2396/3250 train_time:64.515s step_avg:26.93ms
step:2397/3250 train_time:64.668s step_avg:26.98ms
step:2398/3250 train_time:64.822s step_avg:27.03ms
step:2399/3250 train_time:64.975s step_avg:27.08ms
step:2400/3250 train_time:65.130s step_avg:27.14ms
step:2401/3250 train_time:65.284s step_avg:27.19ms
step:2402/3250 train_time:65.439s step_avg:27.24ms
step:2403/3250 train_time:65.594s step_avg:27.30ms
step:2404/3250 train_time:65.746s step_avg:27.35ms
step:2405/3250 train_time:65.902s step_avg:27.40ms
step:2406/3250 train_time:66.056s step_avg:27.45ms
step:2407/3250 train_time:66.209s step_avg:27.51ms
step:2408/3250 train_time:66.363s step_avg:27.56ms
step:2409/3250 train_time:66.517s step_avg:27.61ms
step:2410/3250 train_time:66.670s step_avg:27.66ms
step:2411/3250 train_time:66.824s step_avg:27.72ms
step:2412/3250 train_time:66.979s step_avg:27.77ms
step:2413/3250 train_time:67.132s step_avg:27.82ms
step:2414/3250 train_time:67.286s step_avg:27.87ms
step:2415/3250 train_time:67.441s step_avg:27.93ms
step:2416/3250 train_time:67.595s step_avg:27.98ms
step:2417/3250 train_time:67.748s step_avg:28.03ms
step:2418/3250 train_time:67.901s step_avg:28.08ms
step:2419/3250 train_time:68.054s step_avg:28.13ms
step:2420/3250 train_time:68.208s step_avg:28.19ms
step:2421/3250 train_time:68.363s step_avg:28.24ms
step:2422/3250 train_time:68.515s step_avg:28.29ms
step:2423/3250 train_time:68.670s step_avg:28.34ms
step:2424/3250 train_time:68.823s step_avg:28.39ms
step:2425/3250 train_time:68.976s step_avg:28.44ms
step:2426/3250 train_time:69.129s step_avg:28.50ms
step:2427/3250 train_time:69.284s step_avg:28.55ms
step:2428/3250 train_time:69.439s step_avg:28.60ms
step:2429/3250 train_time:69.595s step_avg:28.65ms
step:2430/3250 train_time:69.748s step_avg:28.70ms
step:2431/3250 train_time:69.904s step_avg:28.76ms
step:2432/3250 train_time:70.058s step_avg:28.81ms
step:2433/3250 train_time:70.213s step_avg:28.86ms
step:2434/3250 train_time:70.367s step_avg:28.91ms
step:2435/3250 train_time:70.521s step_avg:28.96ms
step:2436/3250 train_time:70.675s step_avg:29.01ms
step:2437/3250 train_time:70.829s step_avg:29.06ms
step:2438/3250 train_time:70.983s step_avg:29.12ms
step:2439/3250 train_time:71.137s step_avg:29.17ms
step:2440/3250 train_time:71.290s step_avg:29.22ms
step:2441/3250 train_time:71.445s step_avg:29.27ms
step:2442/3250 train_time:71.600s step_avg:29.32ms
step:2443/3250 train_time:71.753s step_avg:29.37ms
step:2444/3250 train_time:71.907s step_avg:29.42ms
step:2445/3250 train_time:72.061s step_avg:29.47ms
step:2446/3250 train_time:72.216s step_avg:29.52ms
step:2447/3250 train_time:72.369s step_avg:29.57ms
step:2448/3250 train_time:72.523s step_avg:29.63ms
step:2449/3250 train_time:72.676s step_avg:29.68ms
step:2450/3250 train_time:72.830s step_avg:29.73ms
step:2451/3250 train_time:72.985s step_avg:29.78ms
step:2452/3250 train_time:73.139s step_avg:29.83ms
step:2453/3250 train_time:73.293s step_avg:29.88ms
step:2454/3250 train_time:73.446s step_avg:29.93ms
step:2455/3250 train_time:73.601s step_avg:29.98ms
step:2456/3250 train_time:73.755s step_avg:30.03ms
step:2457/3250 train_time:73.908s step_avg:30.08ms
step:2458/3250 train_time:74.066s step_avg:30.13ms
step:2459/3250 train_time:74.220s step_avg:30.18ms
step:2460/3250 train_time:74.374s step_avg:30.23ms
step:2461/3250 train_time:74.527s step_avg:30.28ms
step:2462/3250 train_time:74.682s step_avg:30.33ms
step:2463/3250 train_time:74.835s step_avg:30.38ms
step:2464/3250 train_time:74.989s step_avg:30.43ms
step:2465/3250 train_time:75.143s step_avg:30.48ms
step:2466/3250 train_time:75.296s step_avg:30.53ms
step:2467/3250 train_time:75.450s step_avg:30.58ms
step:2468/3250 train_time:75.604s step_avg:30.63ms
step:2469/3250 train_time:75.758s step_avg:30.68ms
step:2470/3250 train_time:75.913s step_avg:30.73ms
step:2471/3250 train_time:76.096s step_avg:30.80ms
step:2472/3250 train_time:76.248s step_avg:30.84ms
step:2473/3250 train_time:76.402s step_avg:30.89ms
step:2474/3250 train_time:76.556s step_avg:30.94ms
step:2475/3250 train_time:76.709s step_avg:30.99ms
step:2476/3250 train_time:76.863s step_avg:31.04ms
step:2477/3250 train_time:77.018s step_avg:31.09ms
step:2478/3250 train_time:77.172s step_avg:31.14ms
step:2479/3250 train_time:77.325s step_avg:31.19ms
step:2480/3250 train_time:77.480s step_avg:31.24ms
step:2481/3250 train_time:77.634s step_avg:31.29ms
step:2482/3250 train_time:77.788s step_avg:31.34ms
step:2483/3250 train_time:77.942s step_avg:31.39ms
step:2484/3250 train_time:78.096s step_avg:31.44ms
step:2485/3250 train_time:78.249s step_avg:31.49ms
step:2486/3250 train_time:78.403s step_avg:31.54ms
step:2487/3250 train_time:78.557s step_avg:31.59ms
step:2488/3250 train_time:78.711s step_avg:31.64ms
step:2489/3250 train_time:78.864s step_avg:31.69ms
step:2490/3250 train_time:79.018s step_avg:31.73ms
step:2491/3250 train_time:79.172s step_avg:31.78ms
step:2492/3250 train_time:79.326s step_avg:31.83ms
step:2493/3250 train_time:79.480s step_avg:31.88ms
step:2494/3250 train_time:79.635s step_avg:31.93ms
step:2495/3250 train_time:79.788s step_avg:31.98ms
step:2496/3250 train_time:79.942s step_avg:32.03ms
step:2497/3250 train_time:80.096s step_avg:32.08ms
step:2498/3250 train_time:80.250s step_avg:32.13ms
step:2499/3250 train_time:80.403s step_avg:32.17ms
step:2500/3250 train_time:80.557s step_avg:32.22ms
step:2500/3250 val_loss:3.38693 train_time:80.569s step_avg:154.19ms
step:2501/3250 train_time:81.383s step_avg:32.54ms
step:2502/3250 train_time:81.525s step_avg:32.58ms
step:2503/3250 train_time:81.678s step_avg:32.63ms
step:2504/3250 train_time:81.831s step_avg:32.68ms
step:2505/3250 train_time:81.984s step_avg:32.73ms
step:2506/3250 train_time:82.138s step_avg:32.78ms
step:2507/3250 train_time:82.291s step_avg:32.82ms
step:2508/3250 train_time:82.446s step_avg:32.87ms
step:2509/3250 train_time:82.600s step_avg:32.92ms
step:2510/3250 train_time:82.754s step_avg:32.97ms
step:2511/3250 train_time:82.909s step_avg:33.02ms
step:2512/3250 train_time:83.061s step_avg:33.07ms
step:2513/3250 train_time:83.214s step_avg:33.11ms
step:2514/3250 train_time:83.370s step_avg:33.16ms
step:2515/3250 train_time:83.523s step_avg:33.21ms
step:2516/3250 train_time:83.676s step_avg:33.26ms
step:2517/3250 train_time:83.829s step_avg:33.31ms
step:2518/3250 train_time:83.983s step_avg:33.35ms
step:2519/3250 train_time:84.137s step_avg:33.40ms
step:2520/3250 train_time:84.290s step_avg:33.45ms
step:2521/3250 train_time:84.444s step_avg:33.50ms
step:2522/3250 train_time:84.599s step_avg:33.54ms
step:2523/3250 train_time:84.753s step_avg:33.59ms
step:2524/3250 train_time:84.908s step_avg:33.64ms
step:2525/3250 train_time:85.062s step_avg:33.69ms
step:2526/3250 train_time:85.217s step_avg:33.74ms
step:2527/3250 train_time:85.371s step_avg:33.78ms
step:2528/3250 train_time:85.525s step_avg:33.83ms
step:2529/3250 train_time:85.680s step_avg:33.88ms
step:2530/3250 train_time:85.834s step_avg:33.93ms
step:2531/3250 train_time:85.986s step_avg:33.97ms
step:2532/3250 train_time:86.140s step_avg:34.02ms
step:2533/3250 train_time:86.294s step_avg:34.07ms
step:2534/3250 train_time:86.449s step_avg:34.12ms
step:2535/3250 train_time:86.604s step_avg:34.16ms
step:2536/3250 train_time:86.759s step_avg:34.21ms
step:2537/3250 train_time:86.911s step_avg:34.26ms
step:2538/3250 train_time:87.065s step_avg:34.30ms
step:2539/3250 train_time:87.220s step_avg:34.35ms
step:2540/3250 train_time:87.373s step_avg:34.40ms
step:2541/3250 train_time:87.527s step_avg:34.45ms
step:2542/3250 train_time:87.681s step_avg:34.49ms
step:2543/3250 train_time:87.834s step_avg:34.54ms
step:2544/3250 train_time:87.991s step_avg:34.59ms
step:2545/3250 train_time:88.145s step_avg:34.63ms
step:2546/3250 train_time:88.298s step_avg:34.68ms
step:2547/3250 train_time:88.452s step_avg:34.73ms
step:2548/3250 train_time:88.606s step_avg:34.77ms
step:2549/3250 train_time:88.764s step_avg:34.82ms
step:2550/3250 train_time:88.918s step_avg:34.87ms
step:2551/3250 train_time:89.072s step_avg:34.92ms
step:2552/3250 train_time:89.227s step_avg:34.96ms
step:2553/3250 train_time:89.381s step_avg:35.01ms
step:2554/3250 train_time:89.535s step_avg:35.06ms
step:2555/3250 train_time:89.689s step_avg:35.10ms
step:2556/3250 train_time:89.843s step_avg:35.15ms
step:2557/3250 train_time:89.996s step_avg:35.20ms
step:2558/3250 train_time:90.151s step_avg:35.24ms
step:2559/3250 train_time:90.305s step_avg:35.29ms
step:2560/3250 train_time:90.463s step_avg:35.34ms
step:2561/3250 train_time:90.616s step_avg:35.38ms
step:2562/3250 train_time:90.770s step_avg:35.43ms
step:2563/3250 train_time:90.924s step_avg:35.48ms
step:2564/3250 train_time:91.078s step_avg:35.52ms
step:2565/3250 train_time:91.231s step_avg:35.57ms
step:2566/3250 train_time:91.386s step_avg:35.61ms
step:2567/3250 train_time:91.541s step_avg:35.66ms
step:2568/3250 train_time:91.694s step_avg:35.71ms
step:2569/3250 train_time:91.848s step_avg:35.75ms
step:2570/3250 train_time:92.002s step_avg:35.80ms
step:2571/3250 train_time:92.155s step_avg:35.84ms
step:2572/3250 train_time:92.310s step_avg:35.89ms
step:2573/3250 train_time:92.464s step_avg:35.94ms
step:2574/3250 train_time:92.619s step_avg:35.98ms
step:2575/3250 train_time:92.772s step_avg:36.03ms
step:2576/3250 train_time:92.926s step_avg:36.07ms
step:2577/3250 train_time:93.080s step_avg:36.12ms
step:2578/3250 train_time:93.234s step_avg:36.17ms
step:2579/3250 train_time:93.391s step_avg:36.21ms
step:2580/3250 train_time:93.545s step_avg:36.26ms
step:2581/3250 train_time:93.700s step_avg:36.30ms
step:2582/3250 train_time:93.856s step_avg:36.35ms
step:2583/3250 train_time:94.010s step_avg:36.40ms
step:2584/3250 train_time:94.163s step_avg:36.44ms
step:2585/3250 train_time:94.318s step_avg:36.49ms
step:2586/3250 train_time:94.472s step_avg:36.53ms
step:2587/3250 train_time:94.625s step_avg:36.58ms
step:2588/3250 train_time:94.779s step_avg:36.62ms
step:2589/3250 train_time:94.933s step_avg:36.67ms
step:2590/3250 train_time:95.086s step_avg:36.71ms
step:2591/3250 train_time:95.242s step_avg:36.76ms
step:2592/3250 train_time:95.397s step_avg:36.80ms
step:2593/3250 train_time:95.549s step_avg:36.85ms
step:2594/3250 train_time:95.703s step_avg:36.89ms
step:2595/3250 train_time:95.858s step_avg:36.94ms
step:2596/3250 train_time:96.011s step_avg:36.98ms
step:2597/3250 train_time:96.166s step_avg:37.03ms
step:2598/3250 train_time:96.321s step_avg:37.08ms
step:2599/3250 train_time:96.475s step_avg:37.12ms
step:2600/3250 train_time:96.629s step_avg:37.17ms
step:2601/3250 train_time:96.783s step_avg:37.21ms
step:2602/3250 train_time:96.938s step_avg:37.26ms
step:2603/3250 train_time:97.091s step_avg:37.30ms
step:2604/3250 train_time:97.245s step_avg:37.34ms
step:2605/3250 train_time:97.400s step_avg:37.39ms
step:2606/3250 train_time:97.553s step_avg:37.43ms
step:2607/3250 train_time:97.710s step_avg:37.48ms
step:2608/3250 train_time:97.863s step_avg:37.52ms
step:2609/3250 train_time:98.017s step_avg:37.57ms
step:2610/3250 train_time:98.171s step_avg:37.61ms
step:2611/3250 train_time:98.326s step_avg:37.66ms
step:2612/3250 train_time:98.480s step_avg:37.70ms
step:2613/3250 train_time:98.634s step_avg:37.75ms
step:2614/3250 train_time:98.790s step_avg:37.79ms
step:2615/3250 train_time:98.943s step_avg:37.84ms
step:2616/3250 train_time:99.097s step_avg:37.88ms
step:2617/3250 train_time:99.250s step_avg:37.93ms
step:2618/3250 train_time:99.404s step_avg:37.97ms
step:2619/3250 train_time:99.560s step_avg:38.01ms
step:2620/3250 train_time:99.715s step_avg:38.06ms
step:2621/3250 train_time:99.871s step_avg:38.10ms
step:2622/3250 train_time:100.025s step_avg:38.15ms
step:2623/3250 train_time:100.179s step_avg:38.19ms
step:2624/3250 train_time:100.332s step_avg:38.24ms
step:2625/3250 train_time:100.487s step_avg:38.28ms
step:2625/3250 val_loss:3.36548 train_time:100.499s step_avg:159.44ms
step:2626/3250 train_time:100.644s step_avg:38.33ms
step:2627/3250 train_time:100.797s step_avg:38.37ms
step:2628/3250 train_time:100.951s step_avg:38.41ms
step:2629/3250 train_time:101.105s step_avg:38.46ms
step:2630/3250 train_time:101.259s step_avg:38.50ms
step:2631/3250 train_time:101.413s step_avg:38.55ms
step:2632/3250 train_time:101.568s step_avg:38.59ms
step:2633/3250 train_time:101.724s step_avg:38.63ms
step:2634/3250 train_time:101.877s step_avg:38.68ms
step:2635/3250 train_time:102.031s step_avg:38.72ms
step:2636/3250 train_time:102.186s step_avg:38.77ms
step:2637/3250 train_time:102.341s step_avg:38.81ms
step:2638/3250 train_time:102.494s step_avg:38.85ms
step:2639/3250 train_time:102.648s step_avg:38.90ms
step:2640/3250 train_time:102.803s step_avg:38.94ms
step:2641/3250 train_time:102.958s step_avg:38.98ms
step:2642/3250 train_time:103.115s step_avg:39.03ms
step:2643/3250 train_time:103.269s step_avg:39.07ms
step:2644/3250 train_time:103.423s step_avg:39.12ms
step:2645/3250 train_time:103.576s step_avg:39.16ms
step:2646/3250 train_time:103.733s step_avg:39.20ms
step:2647/3250 train_time:103.887s step_avg:39.25ms
step:2648/3250 train_time:104.042s step_avg:39.29ms
step:2649/3250 train_time:104.195s step_avg:39.33ms
step:2650/3250 train_time:104.350s step_avg:39.38ms
step:2651/3250 train_time:104.505s step_avg:39.42ms
step:2652/3250 train_time:104.659s step_avg:39.46ms
step:2653/3250 train_time:104.814s step_avg:39.51ms
step:2654/3250 train_time:104.967s step_avg:39.55ms
step:2655/3250 train_time:105.122s step_avg:39.59ms
step:2656/3250 train_time:105.275s step_avg:39.64ms
step:2657/3250 train_time:105.430s step_avg:39.68ms
step:2658/3250 train_time:105.585s step_avg:39.72ms
step:2659/3250 train_time:105.740s step_avg:39.77ms
step:2660/3250 train_time:105.893s step_avg:39.81ms
step:2661/3250 train_time:106.090s step_avg:39.87ms
step:2662/3250 train_time:106.244s step_avg:39.91ms
step:2663/3250 train_time:106.397s step_avg:39.95ms
step:2664/3250 train_time:106.551s step_avg:40.00ms
step:2665/3250 train_time:106.704s step_avg:40.04ms
step:2666/3250 train_time:106.857s step_avg:40.08ms
step:2667/3250 train_time:107.016s step_avg:40.13ms
step:2668/3250 train_time:107.171s step_avg:40.17ms
step:2669/3250 train_time:107.324s step_avg:40.21ms
step:2670/3250 train_time:107.480s step_avg:40.25ms
step:2671/3250 train_time:107.633s step_avg:40.30ms
step:2672/3250 train_time:107.787s step_avg:40.34ms
step:2673/3250 train_time:107.942s step_avg:40.38ms
step:2674/3250 train_time:108.095s step_avg:40.42ms
step:2675/3250 train_time:108.251s step_avg:40.47ms
step:2676/3250 train_time:108.405s step_avg:40.51ms
step:2677/3250 train_time:108.560s step_avg:40.55ms
step:2678/3250 train_time:108.713s step_avg:40.59ms
step:2679/3250 train_time:108.867s step_avg:40.64ms
step:2680/3250 train_time:109.022s step_avg:40.68ms
step:2681/3250 train_time:109.174s step_avg:40.72ms
step:2682/3250 train_time:109.330s step_avg:40.76ms
step:2683/3250 train_time:109.487s step_avg:40.81ms
step:2684/3250 train_time:109.642s step_avg:40.85ms
step:2685/3250 train_time:109.795s step_avg:40.89ms
step:2686/3250 train_time:109.949s step_avg:40.93ms
step:2687/3250 train_time:110.104s step_avg:40.98ms
step:2688/3250 train_time:110.257s step_avg:41.02ms
step:2689/3250 train_time:110.412s step_avg:41.06ms
step:2690/3250 train_time:110.566s step_avg:41.10ms
step:2691/3250 train_time:110.720s step_avg:41.14ms
step:2692/3250 train_time:110.874s step_avg:41.19ms
step:2693/3250 train_time:111.029s step_avg:41.23ms
step:2694/3250 train_time:111.185s step_avg:41.27ms
step:2695/3250 train_time:111.340s step_avg:41.31ms
step:2696/3250 train_time:111.493s step_avg:41.35ms
step:2697/3250 train_time:111.646s step_avg:41.40ms
step:2698/3250 train_time:111.800s step_avg:41.44ms
step:2699/3250 train_time:111.955s step_avg:41.48ms
step:2700/3250 train_time:112.109s step_avg:41.52ms
step:2701/3250 train_time:112.264s step_avg:41.56ms
step:2702/3250 train_time:112.418s step_avg:41.61ms
step:2703/3250 train_time:112.572s step_avg:41.65ms
step:2704/3250 train_time:112.725s step_avg:41.69ms
step:2705/3250 train_time:112.880s step_avg:41.73ms
step:2706/3250 train_time:113.034s step_avg:41.77ms
step:2707/3250 train_time:113.188s step_avg:41.81ms
step:2708/3250 train_time:113.344s step_avg:41.86ms
step:2709/3250 train_time:113.498s step_avg:41.90ms
step:2710/3250 train_time:113.652s step_avg:41.94ms
step:2711/3250 train_time:113.805s step_avg:41.98ms
step:2712/3250 train_time:113.960s step_avg:42.02ms
step:2713/3250 train_time:114.113s step_avg:42.06ms
step:2714/3250 train_time:114.267s step_avg:42.10ms
step:2715/3250 train_time:114.422s step_avg:42.14ms
step:2716/3250 train_time:114.576s step_avg:42.19ms
step:2717/3250 train_time:114.731s step_avg:42.23ms
step:2718/3250 train_time:114.885s step_avg:42.27ms
step:2719/3250 train_time:115.040s step_avg:42.31ms
step:2720/3250 train_time:115.195s step_avg:42.35ms
step:2721/3250 train_time:115.348s step_avg:42.39ms
step:2722/3250 train_time:115.503s step_avg:42.43ms
step:2723/3250 train_time:115.657s step_avg:42.47ms
step:2724/3250 train_time:115.811s step_avg:42.52ms
step:2725/3250 train_time:115.967s step_avg:42.56ms
step:2726/3250 train_time:116.122s step_avg:42.60ms
step:2727/3250 train_time:116.275s step_avg:42.64ms
step:2728/3250 train_time:116.429s step_avg:42.68ms
step:2729/3250 train_time:116.585s step_avg:42.72ms
step:2730/3250 train_time:116.740s step_avg:42.76ms
step:2731/3250 train_time:116.893s step_avg:42.80ms
step:2732/3250 train_time:117.047s step_avg:42.84ms
step:2733/3250 train_time:117.202s step_avg:42.88ms
step:2734/3250 train_time:117.356s step_avg:42.92ms
step:2735/3250 train_time:117.510s step_avg:42.97ms
step:2736/3250 train_time:117.665s step_avg:43.01ms
step:2737/3250 train_time:117.820s step_avg:43.05ms
step:2738/3250 train_time:117.973s step_avg:43.09ms
step:2739/3250 train_time:118.128s step_avg:43.13ms
step:2740/3250 train_time:118.284s step_avg:43.17ms
step:2741/3250 train_time:118.438s step_avg:43.21ms
step:2742/3250 train_time:118.593s step_avg:43.25ms
step:2743/3250 train_time:118.748s step_avg:43.29ms
step:2744/3250 train_time:118.903s step_avg:43.33ms
step:2745/3250 train_time:119.056s step_avg:43.37ms
step:2746/3250 train_time:119.213s step_avg:43.41ms
step:2747/3250 train_time:119.367s step_avg:43.45ms
step:2748/3250 train_time:119.522s step_avg:43.49ms
step:2749/3250 train_time:119.675s step_avg:43.53ms
step:2750/3250 train_time:119.829s step_avg:43.57ms
step:2750/3250 val_loss:3.34586 train_time:119.841s step_avg:154.74ms
step:2751/3250 train_time:120.703s step_avg:43.88ms
ARM_EXIT=0 req026_b1x_mu0
