W0831 11:42:16.757000 16291 torch/distributed/run.py:852] 
W0831 11:42:16.757000 16291 torch/distributed/run.py:852] *****************************************
W0831 11:42:16.757000 16291 torch/distributed/run.py:852] Setting OMP_NUM_THREADS environment variable for each process to be 1 in default, to avoid your system being overloaded, please further tune the variable for optimal performance in your application as needed. 
W0831 11:42:16.757000 16291 torch/distributed/run.py:852] *****************************************
logs/75cad2f0-e026-4dc3-b006-2317b3b2091c.txt
resumed training state from step 2000 in eos_shared_state, skipped 2000 batches
step:0/3250 val_loss:3.44367 train_time:0.001s step_avg:nanms
step:2001/3250 train_time:3.347s step_avg:1.67ms
step:2002/3250 train_time:3.487s step_avg:1.74ms
step:2003/3250 train_time:3.640s step_avg:1.82ms
step:2004/3250 train_time:3.792s step_avg:1.89ms
step:2005/3250 train_time:3.944s step_avg:1.97ms
step:2006/3250 train_time:4.097s step_avg:2.04ms
step:2007/3250 train_time:4.251s step_avg:2.12ms
step:2008/3250 train_time:4.404s step_avg:2.19ms
step:2009/3250 train_time:4.557s step_avg:2.27ms
step:2010/3250 train_time:4.710s step_avg:2.34ms
step:2011/3250 train_time:4.863s step_avg:2.42ms
step:2012/3250 train_time:5.017s step_avg:2.49ms
step:2013/3250 train_time:5.170s step_avg:2.57ms
step:2014/3250 train_time:5.324s step_avg:2.64ms
step:2015/3250 train_time:5.476s step_avg:2.72ms
step:2016/3250 train_time:5.630s step_avg:2.79ms
step:2017/3250 train_time:5.782s step_avg:2.87ms
step:2018/3250 train_time:5.935s step_avg:2.94ms
step:2019/3250 train_time:6.089s step_avg:3.02ms
step:2020/3250 train_time:6.242s step_avg:3.09ms
step:2021/3250 train_time:6.394s step_avg:3.16ms
step:2022/3250 train_time:6.547s step_avg:3.24ms
step:2023/3250 train_time:6.702s step_avg:3.31ms
step:2024/3250 train_time:6.854s step_avg:3.39ms
step:2025/3250 train_time:7.008s step_avg:3.46ms
step:2026/3250 train_time:7.162s step_avg:3.53ms
step:2027/3250 train_time:7.314s step_avg:3.61ms
step:2028/3250 train_time:7.467s step_avg:3.68ms
step:2029/3250 train_time:7.621s step_avg:3.76ms
step:2030/3250 train_time:7.774s step_avg:3.83ms
step:2031/3250 train_time:7.927s step_avg:3.90ms
step:2032/3250 train_time:8.082s step_avg:3.98ms
step:2033/3250 train_time:8.234s step_avg:4.05ms
step:2034/3250 train_time:8.387s step_avg:4.12ms
step:2035/3250 train_time:8.539s step_avg:4.20ms
step:2036/3250 train_time:8.693s step_avg:4.27ms
step:2037/3250 train_time:8.845s step_avg:4.34ms
step:2038/3250 train_time:8.998s step_avg:4.42ms
step:2039/3250 train_time:9.152s step_avg:4.49ms
step:2040/3250 train_time:9.305s step_avg:4.56ms
step:2041/3250 train_time:9.459s step_avg:4.63ms
step:2042/3250 train_time:9.611s step_avg:4.71ms
step:2043/3250 train_time:9.764s step_avg:4.78ms
step:2044/3250 train_time:9.917s step_avg:4.85ms
step:2045/3250 train_time:10.070s step_avg:4.92ms
step:2046/3250 train_time:10.222s step_avg:5.00ms
step:2047/3250 train_time:10.376s step_avg:5.07ms
step:2048/3250 train_time:10.529s step_avg:5.14ms
step:2049/3250 train_time:10.682s step_avg:5.21ms
step:2050/3250 train_time:10.834s step_avg:5.29ms
step:2051/3250 train_time:10.988s step_avg:5.36ms
step:2052/3250 train_time:11.141s step_avg:5.43ms
step:2053/3250 train_time:11.294s step_avg:5.50ms
step:2054/3250 train_time:11.447s step_avg:5.57ms
step:2055/3250 train_time:11.601s step_avg:5.65ms
step:2056/3250 train_time:11.755s step_avg:5.72ms
step:2057/3250 train_time:11.908s step_avg:5.79ms
step:2058/3250 train_time:12.061s step_avg:5.86ms
step:2059/3250 train_time:12.213s step_avg:5.93ms
step:2060/3250 train_time:12.367s step_avg:6.00ms
step:2061/3250 train_time:12.520s step_avg:6.07ms
step:2062/3250 train_time:12.674s step_avg:6.15ms
step:2063/3250 train_time:12.827s step_avg:6.22ms
step:2064/3250 train_time:12.981s step_avg:6.29ms
step:2065/3250 train_time:13.134s step_avg:6.36ms
step:2066/3250 train_time:13.286s step_avg:6.43ms
step:2067/3250 train_time:13.440s step_avg:6.50ms
step:2068/3250 train_time:13.594s step_avg:6.57ms
step:2069/3250 train_time:13.747s step_avg:6.64ms
step:2070/3250 train_time:13.900s step_avg:6.72ms
step:2071/3250 train_time:14.053s step_avg:6.79ms
step:2072/3250 train_time:14.206s step_avg:6.86ms
step:2073/3250 train_time:14.359s step_avg:6.93ms
step:2074/3250 train_time:14.513s step_avg:7.00ms
step:2075/3250 train_time:14.666s step_avg:7.07ms
step:2076/3250 train_time:14.820s step_avg:7.14ms
step:2077/3250 train_time:14.975s step_avg:7.21ms
step:2078/3250 train_time:15.127s step_avg:7.28ms
step:2079/3250 train_time:15.282s step_avg:7.35ms
step:2080/3250 train_time:15.434s step_avg:7.42ms
step:2081/3250 train_time:15.588s step_avg:7.49ms
step:2082/3250 train_time:15.742s step_avg:7.56ms
step:2083/3250 train_time:15.895s step_avg:7.63ms
step:2084/3250 train_time:16.049s step_avg:7.70ms
step:2085/3250 train_time:16.201s step_avg:7.77ms
step:2086/3250 train_time:16.355s step_avg:7.84ms
step:2087/3250 train_time:16.507s step_avg:7.91ms
step:2088/3250 train_time:16.660s step_avg:7.98ms
step:2089/3250 train_time:16.813s step_avg:8.05ms
step:2090/3250 train_time:16.967s step_avg:8.12ms
step:2091/3250 train_time:17.151s step_avg:8.20ms
step:2092/3250 train_time:17.303s step_avg:8.27ms
step:2093/3250 train_time:17.457s step_avg:8.34ms
step:2094/3250 train_time:17.610s step_avg:8.41ms
step:2095/3250 train_time:17.762s step_avg:8.48ms
step:2096/3250 train_time:17.914s step_avg:8.55ms
step:2097/3250 train_time:18.068s step_avg:8.62ms
step:2098/3250 train_time:18.223s step_avg:8.69ms
step:2099/3250 train_time:18.377s step_avg:8.76ms
step:2100/3250 train_time:18.532s step_avg:8.82ms
step:2101/3250 train_time:18.684s step_avg:8.89ms
step:2102/3250 train_time:18.838s step_avg:8.96ms
step:2103/3250 train_time:18.992s step_avg:9.03ms
step:2104/3250 train_time:19.145s step_avg:9.10ms
step:2105/3250 train_time:19.300s step_avg:9.17ms
step:2106/3250 train_time:19.454s step_avg:9.24ms
step:2107/3250 train_time:19.607s step_avg:9.31ms
step:2108/3250 train_time:19.760s step_avg:9.37ms
step:2109/3250 train_time:19.913s step_avg:9.44ms
step:2110/3250 train_time:20.066s step_avg:9.51ms
step:2111/3250 train_time:20.220s step_avg:9.58ms
step:2112/3250 train_time:20.374s step_avg:9.65ms
step:2113/3250 train_time:20.527s step_avg:9.71ms
step:2114/3250 train_time:20.681s step_avg:9.78ms
step:2115/3250 train_time:20.835s step_avg:9.85ms
step:2116/3250 train_time:20.988s step_avg:9.92ms
step:2117/3250 train_time:21.140s step_avg:9.99ms
step:2118/3250 train_time:21.294s step_avg:10.05ms
step:2119/3250 train_time:21.447s step_avg:10.12ms
step:2120/3250 train_time:21.601s step_avg:10.19ms
step:2121/3250 train_time:21.754s step_avg:10.26ms
step:2122/3250 train_time:21.907s step_avg:10.32ms
step:2123/3250 train_time:22.061s step_avg:10.39ms
step:2124/3250 train_time:22.215s step_avg:10.46ms
step:2125/3250 train_time:22.367s step_avg:10.53ms
step:2125/3250 val_loss:3.42535 train_time:22.379s step_avg:10.53ms
step:2126/3250 train_time:22.526s step_avg:10.60ms
step:2127/3250 train_time:22.679s step_avg:10.66ms
step:2128/3250 train_time:22.832s step_avg:10.73ms
step:2129/3250 train_time:22.986s step_avg:10.80ms
step:2130/3250 train_time:23.139s step_avg:10.86ms
step:2131/3250 train_time:23.292s step_avg:10.93ms
step:2132/3250 train_time:23.446s step_avg:11.00ms
step:2133/3250 train_time:23.601s step_avg:11.06ms
step:2134/3250 train_time:23.755s step_avg:11.13ms
step:2135/3250 train_time:23.909s step_avg:11.20ms
step:2136/3250 train_time:24.063s step_avg:11.27ms
step:2137/3250 train_time:24.216s step_avg:11.33ms
step:2138/3250 train_time:24.369s step_avg:11.40ms
step:2139/3250 train_time:24.523s step_avg:11.46ms
step:2140/3250 train_time:24.676s step_avg:11.53ms
step:2141/3250 train_time:24.830s step_avg:11.60ms
step:2142/3250 train_time:24.985s step_avg:11.66ms
step:2143/3250 train_time:25.138s step_avg:11.73ms
step:2144/3250 train_time:25.292s step_avg:11.80ms
step:2145/3250 train_time:25.448s step_avg:11.86ms
step:2146/3250 train_time:25.602s step_avg:11.93ms
step:2147/3250 train_time:25.756s step_avg:12.00ms
step:2148/3250 train_time:25.910s step_avg:12.06ms
step:2149/3250 train_time:26.063s step_avg:12.13ms
step:2150/3250 train_time:26.217s step_avg:12.19ms
step:2151/3250 train_time:26.371s step_avg:12.26ms
step:2152/3250 train_time:26.525s step_avg:12.33ms
step:2153/3250 train_time:26.679s step_avg:12.39ms
step:2154/3250 train_time:26.833s step_avg:12.46ms
step:2155/3250 train_time:26.987s step_avg:12.52ms
step:2156/3250 train_time:27.141s step_avg:12.59ms
step:2157/3250 train_time:27.294s step_avg:12.65ms
step:2158/3250 train_time:27.448s step_avg:12.72ms
step:2159/3250 train_time:27.602s step_avg:12.78ms
step:2160/3250 train_time:27.755s step_avg:12.85ms
step:2161/3250 train_time:27.908s step_avg:12.91ms
step:2162/3250 train_time:28.061s step_avg:12.98ms
step:2163/3250 train_time:28.214s step_avg:13.04ms
step:2164/3250 train_time:28.368s step_avg:13.11ms
step:2165/3250 train_time:28.523s step_avg:13.17ms
step:2166/3250 train_time:28.677s step_avg:13.24ms
step:2167/3250 train_time:28.831s step_avg:13.30ms
step:2168/3250 train_time:28.988s step_avg:13.37ms
step:2169/3250 train_time:29.141s step_avg:13.44ms
step:2170/3250 train_time:29.295s step_avg:13.50ms
step:2171/3250 train_time:29.449s step_avg:13.56ms
step:2172/3250 train_time:29.602s step_avg:13.63ms
step:2173/3250 train_time:29.755s step_avg:13.69ms
step:2174/3250 train_time:29.909s step_avg:13.76ms
step:2175/3250 train_time:30.062s step_avg:13.82ms
step:2176/3250 train_time:30.218s step_avg:13.89ms
step:2177/3250 train_time:30.370s step_avg:13.95ms
step:2178/3250 train_time:30.524s step_avg:14.01ms
step:2179/3250 train_time:30.677s step_avg:14.08ms
step:2180/3250 train_time:30.830s step_avg:14.14ms
step:2181/3250 train_time:30.984s step_avg:14.21ms
step:2182/3250 train_time:31.140s step_avg:14.27ms
step:2183/3250 train_time:31.293s step_avg:14.34ms
step:2184/3250 train_time:31.447s step_avg:14.40ms
step:2185/3250 train_time:31.602s step_avg:14.46ms
step:2186/3250 train_time:31.755s step_avg:14.53ms
step:2187/3250 train_time:31.908s step_avg:14.59ms
step:2188/3250 train_time:32.062s step_avg:14.65ms
step:2189/3250 train_time:32.217s step_avg:14.72ms
step:2190/3250 train_time:32.370s step_avg:14.78ms
step:2191/3250 train_time:32.525s step_avg:14.84ms
step:2192/3250 train_time:32.680s step_avg:14.91ms
step:2193/3250 train_time:32.832s step_avg:14.97ms
step:2194/3250 train_time:32.987s step_avg:15.03ms
step:2195/3250 train_time:33.140s step_avg:15.10ms
step:2196/3250 train_time:33.295s step_avg:15.16ms
step:2197/3250 train_time:33.449s step_avg:15.22ms
step:2198/3250 train_time:33.603s step_avg:15.29ms
step:2199/3250 train_time:33.756s step_avg:15.35ms
step:2200/3250 train_time:33.910s step_avg:15.41ms
step:2201/3250 train_time:34.065s step_avg:15.48ms
step:2202/3250 train_time:34.219s step_avg:15.54ms
step:2203/3250 train_time:34.372s step_avg:15.60ms
step:2204/3250 train_time:34.527s step_avg:15.67ms
step:2205/3250 train_time:34.682s step_avg:15.73ms
step:2206/3250 train_time:34.835s step_avg:15.79ms
step:2207/3250 train_time:34.989s step_avg:15.85ms
step:2208/3250 train_time:35.142s step_avg:15.92ms
step:2209/3250 train_time:35.297s step_avg:15.98ms
step:2210/3250 train_time:35.450s step_avg:16.04ms
step:2211/3250 train_time:35.604s step_avg:16.10ms
step:2212/3250 train_time:35.758s step_avg:16.17ms
step:2213/3250 train_time:35.911s step_avg:16.23ms
step:2214/3250 train_time:36.065s step_avg:16.29ms
step:2215/3250 train_time:36.221s step_avg:16.35ms
step:2216/3250 train_time:36.375s step_avg:16.41ms
step:2217/3250 train_time:36.529s step_avg:16.48ms
step:2218/3250 train_time:36.683s step_avg:16.54ms
step:2219/3250 train_time:36.836s step_avg:16.60ms
step:2220/3250 train_time:36.989s step_avg:16.66ms
step:2221/3250 train_time:37.142s step_avg:16.72ms
step:2222/3250 train_time:37.297s step_avg:16.79ms
step:2223/3250 train_time:37.450s step_avg:16.85ms
step:2224/3250 train_time:37.604s step_avg:16.91ms
step:2225/3250 train_time:37.758s step_avg:16.97ms
step:2226/3250 train_time:37.912s step_avg:17.03ms
step:2227/3250 train_time:38.066s step_avg:17.09ms
step:2228/3250 train_time:38.222s step_avg:17.16ms
step:2229/3250 train_time:38.379s step_avg:17.22ms
step:2230/3250 train_time:38.531s step_avg:17.28ms
step:2231/3250 train_time:38.685s step_avg:17.34ms
step:2232/3250 train_time:38.839s step_avg:17.40ms
step:2233/3250 train_time:38.993s step_avg:17.46ms
step:2234/3250 train_time:39.148s step_avg:17.52ms
step:2235/3250 train_time:39.302s step_avg:17.58ms
step:2236/3250 train_time:39.457s step_avg:17.65ms
step:2237/3250 train_time:39.611s step_avg:17.71ms
step:2238/3250 train_time:39.765s step_avg:17.77ms
step:2239/3250 train_time:39.919s step_avg:17.83ms
step:2240/3250 train_time:40.073s step_avg:17.89ms
step:2241/3250 train_time:40.228s step_avg:17.95ms
step:2242/3250 train_time:40.382s step_avg:18.01ms
step:2243/3250 train_time:40.538s step_avg:18.07ms
step:2244/3250 train_time:40.690s step_avg:18.13ms
step:2245/3250 train_time:40.845s step_avg:18.19ms
step:2246/3250 train_time:41.000s step_avg:18.25ms
step:2247/3250 train_time:41.153s step_avg:18.31ms
step:2248/3250 train_time:41.308s step_avg:18.38ms
step:2249/3250 train_time:41.461s step_avg:18.44ms
step:2250/3250 train_time:41.615s step_avg:18.50ms
step:2250/3250 val_loss:3.40680 train_time:41.627s step_avg:153.98ms
step:2251/3250 train_time:42.417s step_avg:18.84ms
step:2252/3250 train_time:42.557s step_avg:18.90ms
step:2253/3250 train_time:42.711s step_avg:18.96ms
step:2254/3250 train_time:42.864s step_avg:19.02ms
step:2255/3250 train_time:43.017s step_avg:19.08ms
step:2256/3250 train_time:43.171s step_avg:19.14ms
step:2257/3250 train_time:43.326s step_avg:19.20ms
step:2258/3250 train_time:43.480s step_avg:19.26ms
step:2259/3250 train_time:43.633s step_avg:19.32ms
step:2260/3250 train_time:43.787s step_avg:19.37ms
step:2261/3250 train_time:43.941s step_avg:19.43ms
step:2262/3250 train_time:44.094s step_avg:19.49ms
step:2263/3250 train_time:44.248s step_avg:19.55ms
step:2264/3250 train_time:44.401s step_avg:19.61ms
step:2265/3250 train_time:44.554s step_avg:19.67ms
step:2266/3250 train_time:44.708s step_avg:19.73ms
step:2267/3250 train_time:44.863s step_avg:19.79ms
step:2268/3250 train_time:45.017s step_avg:19.85ms
step:2269/3250 train_time:45.172s step_avg:19.91ms
step:2270/3250 train_time:45.326s step_avg:19.97ms
step:2271/3250 train_time:45.479s step_avg:20.03ms
step:2272/3250 train_time:45.633s step_avg:20.08ms
step:2273/3250 train_time:45.787s step_avg:20.14ms
step:2274/3250 train_time:45.943s step_avg:20.20ms
step:2275/3250 train_time:46.096s step_avg:20.26ms
step:2276/3250 train_time:46.251s step_avg:20.32ms
step:2277/3250 train_time:46.406s step_avg:20.38ms
step:2278/3250 train_time:46.559s step_avg:20.44ms
step:2279/3250 train_time:46.713s step_avg:20.50ms
step:2280/3250 train_time:46.866s step_avg:20.56ms
step:2281/3250 train_time:47.048s step_avg:20.63ms
step:2282/3250 train_time:47.201s step_avg:20.68ms
step:2283/3250 train_time:47.355s step_avg:20.74ms
step:2284/3250 train_time:47.508s step_avg:20.80ms
step:2285/3250 train_time:47.661s step_avg:20.86ms
step:2286/3250 train_time:47.815s step_avg:20.92ms
step:2287/3250 train_time:47.970s step_avg:20.98ms
step:2288/3250 train_time:48.123s step_avg:21.03ms
step:2289/3250 train_time:48.277s step_avg:21.09ms
step:2290/3250 train_time:48.431s step_avg:21.15ms
step:2291/3250 train_time:48.585s step_avg:21.21ms
step:2292/3250 train_time:48.738s step_avg:21.26ms
step:2293/3250 train_time:48.894s step_avg:21.32ms
step:2294/3250 train_time:49.048s step_avg:21.38ms
step:2295/3250 train_time:49.203s step_avg:21.44ms
step:2296/3250 train_time:49.356s step_avg:21.50ms
step:2297/3250 train_time:49.511s step_avg:21.55ms
step:2298/3250 train_time:49.664s step_avg:21.61ms
step:2299/3250 train_time:49.817s step_avg:21.67ms
step:2300/3250 train_time:49.971s step_avg:21.73ms
step:2301/3250 train_time:50.126s step_avg:21.78ms
step:2302/3250 train_time:50.279s step_avg:21.84ms
step:2303/3250 train_time:50.433s step_avg:21.90ms
step:2304/3250 train_time:50.587s step_avg:21.96ms
step:2305/3250 train_time:50.742s step_avg:22.01ms
step:2306/3250 train_time:50.896s step_avg:22.07ms
step:2307/3250 train_time:51.050s step_avg:22.13ms
step:2308/3250 train_time:51.203s step_avg:22.18ms
step:2309/3250 train_time:51.356s step_avg:22.24ms
step:2310/3250 train_time:51.511s step_avg:22.30ms
step:2311/3250 train_time:51.665s step_avg:22.36ms
step:2312/3250 train_time:51.818s step_avg:22.41ms
step:2313/3250 train_time:51.972s step_avg:22.47ms
step:2314/3250 train_time:52.127s step_avg:22.53ms
step:2315/3250 train_time:52.282s step_avg:22.58ms
step:2316/3250 train_time:52.436s step_avg:22.64ms
step:2317/3250 train_time:52.591s step_avg:22.70ms
step:2318/3250 train_time:52.745s step_avg:22.75ms
step:2319/3250 train_time:52.898s step_avg:22.81ms
step:2320/3250 train_time:53.053s step_avg:22.87ms
step:2321/3250 train_time:53.208s step_avg:22.92ms
step:2322/3250 train_time:53.363s step_avg:22.98ms
step:2323/3250 train_time:53.517s step_avg:23.04ms
step:2324/3250 train_time:53.672s step_avg:23.09ms
step:2325/3250 train_time:53.826s step_avg:23.15ms
step:2326/3250 train_time:53.980s step_avg:23.21ms
step:2327/3250 train_time:54.134s step_avg:23.26ms
step:2328/3250 train_time:54.288s step_avg:23.32ms
step:2329/3250 train_time:54.445s step_avg:23.38ms
step:2330/3250 train_time:54.599s step_avg:23.43ms
step:2331/3250 train_time:54.752s step_avg:23.49ms
step:2332/3250 train_time:54.906s step_avg:23.54ms
step:2333/3250 train_time:55.060s step_avg:23.60ms
step:2334/3250 train_time:55.214s step_avg:23.66ms
step:2335/3250 train_time:55.368s step_avg:23.71ms
step:2336/3250 train_time:55.524s step_avg:23.77ms
step:2337/3250 train_time:55.677s step_avg:23.82ms
step:2338/3250 train_time:55.832s step_avg:23.88ms
step:2339/3250 train_time:55.985s step_avg:23.94ms
step:2340/3250 train_time:56.140s step_avg:23.99ms
step:2341/3250 train_time:56.295s step_avg:24.05ms
step:2342/3250 train_time:56.450s step_avg:24.10ms
step:2343/3250 train_time:56.605s step_avg:24.16ms
step:2344/3250 train_time:56.759s step_avg:24.21ms
step:2345/3250 train_time:56.913s step_avg:24.27ms
step:2346/3250 train_time:57.066s step_avg:24.32ms
step:2347/3250 train_time:57.220s step_avg:24.38ms
step:2348/3250 train_time:57.376s step_avg:24.44ms
step:2349/3250 train_time:57.530s step_avg:24.49ms
step:2350/3250 train_time:57.686s step_avg:24.55ms
step:2351/3250 train_time:57.842s step_avg:24.60ms
step:2352/3250 train_time:57.996s step_avg:24.66ms
step:2353/3250 train_time:58.150s step_avg:24.71ms
step:2354/3250 train_time:58.305s step_avg:24.77ms
step:2355/3250 train_time:58.458s step_avg:24.82ms
step:2356/3250 train_time:58.612s step_avg:24.88ms
step:2357/3250 train_time:58.766s step_avg:24.93ms
step:2358/3250 train_time:58.919s step_avg:24.99ms
step:2359/3250 train_time:59.074s step_avg:25.04ms
step:2360/3250 train_time:59.227s step_avg:25.10ms
step:2361/3250 train_time:59.383s step_avg:25.15ms
step:2362/3250 train_time:59.538s step_avg:25.21ms
step:2363/3250 train_time:59.692s step_avg:25.26ms
step:2364/3250 train_time:59.846s step_avg:25.32ms
step:2365/3250 train_time:60.000s step_avg:25.37ms
step:2366/3250 train_time:60.154s step_avg:25.42ms
step:2367/3250 train_time:60.308s step_avg:25.48ms
step:2368/3250 train_time:60.463s step_avg:25.53ms
step:2369/3250 train_time:60.615s step_avg:25.59ms
step:2370/3250 train_time:60.769s step_avg:25.64ms
step:2371/3250 train_time:60.923s step_avg:25.69ms
step:2372/3250 train_time:61.077s step_avg:25.75ms
step:2373/3250 train_time:61.231s step_avg:25.80ms
step:2374/3250 train_time:61.385s step_avg:25.86ms
step:2375/3250 train_time:61.539s step_avg:25.91ms
step:2375/3250 val_loss:3.39005 train_time:61.551s step_avg:159.39ms
step:2376/3250 train_time:61.696s step_avg:25.97ms
step:2377/3250 train_time:61.850s step_avg:26.02ms
step:2378/3250 train_time:62.003s step_avg:26.07ms
step:2379/3250 train_time:62.156s step_avg:26.13ms
step:2380/3250 train_time:62.310s step_avg:26.18ms
step:2381/3250 train_time:62.465s step_avg:26.23ms
step:2382/3250 train_time:62.620s step_avg:26.29ms
step:2383/3250 train_time:62.775s step_avg:26.34ms
step:2384/3250 train_time:62.929s step_avg:26.40ms
step:2385/3250 train_time:63.083s step_avg:26.45ms
step:2386/3250 train_time:63.237s step_avg:26.50ms
step:2387/3250 train_time:63.391s step_avg:26.56ms
step:2388/3250 train_time:63.545s step_avg:26.61ms
step:2389/3250 train_time:63.699s step_avg:26.66ms
step:2390/3250 train_time:63.853s step_avg:26.72ms
step:2391/3250 train_time:64.008s step_avg:26.77ms
step:2392/3250 train_time:64.163s step_avg:26.82ms
step:2393/3250 train_time:64.317s step_avg:26.88ms
step:2394/3250 train_time:64.470s step_avg:26.93ms
step:2395/3250 train_time:64.625s step_avg:26.98ms
step:2396/3250 train_time:64.778s step_avg:27.04ms
step:2397/3250 train_time:64.932s step_avg:27.09ms
step:2398/3250 train_time:65.086s step_avg:27.14ms
step:2399/3250 train_time:65.240s step_avg:27.19ms
step:2400/3250 train_time:65.395s step_avg:27.25ms
step:2401/3250 train_time:65.549s step_avg:27.30ms
step:2402/3250 train_time:65.706s step_avg:27.35ms
step:2403/3250 train_time:65.862s step_avg:27.41ms
step:2404/3250 train_time:66.017s step_avg:27.46ms
step:2405/3250 train_time:66.171s step_avg:27.51ms
step:2406/3250 train_time:66.325s step_avg:27.57ms
step:2407/3250 train_time:66.480s step_avg:27.62ms
step:2408/3250 train_time:66.635s step_avg:27.67ms
step:2409/3250 train_time:66.790s step_avg:27.73ms
step:2410/3250 train_time:66.946s step_avg:27.78ms
step:2411/3250 train_time:67.099s step_avg:27.83ms
step:2412/3250 train_time:67.254s step_avg:27.88ms
step:2413/3250 train_time:67.408s step_avg:27.94ms
step:2414/3250 train_time:67.561s step_avg:27.99ms
step:2415/3250 train_time:67.716s step_avg:28.04ms
step:2416/3250 train_time:67.870s step_avg:28.09ms
step:2417/3250 train_time:68.023s step_avg:28.14ms
step:2418/3250 train_time:68.178s step_avg:28.20ms
step:2419/3250 train_time:68.334s step_avg:28.25ms
step:2420/3250 train_time:68.488s step_avg:28.30ms
step:2421/3250 train_time:68.642s step_avg:28.35ms
step:2422/3250 train_time:68.797s step_avg:28.41ms
step:2423/3250 train_time:68.950s step_avg:28.46ms
step:2424/3250 train_time:69.104s step_avg:28.51ms
step:2425/3250 train_time:69.258s step_avg:28.56ms
step:2426/3250 train_time:69.412s step_avg:28.61ms
step:2427/3250 train_time:69.568s step_avg:28.66ms
step:2428/3250 train_time:69.723s step_avg:28.72ms
step:2429/3250 train_time:69.878s step_avg:28.77ms
step:2430/3250 train_time:70.032s step_avg:28.82ms
step:2431/3250 train_time:70.189s step_avg:28.87ms
step:2432/3250 train_time:70.342s step_avg:28.92ms
step:2433/3250 train_time:70.497s step_avg:28.98ms
step:2434/3250 train_time:70.650s step_avg:29.03ms
step:2435/3250 train_time:70.803s step_avg:29.08ms
step:2436/3250 train_time:70.957s step_avg:29.13ms
step:2437/3250 train_time:71.111s step_avg:29.18ms
step:2438/3250 train_time:71.265s step_avg:29.23ms
step:2439/3250 train_time:71.420s step_avg:29.28ms
step:2440/3250 train_time:71.574s step_avg:29.33ms
step:2441/3250 train_time:71.730s step_avg:29.39ms
step:2442/3250 train_time:71.883s step_avg:29.44ms
step:2443/3250 train_time:72.037s step_avg:29.49ms
step:2444/3250 train_time:72.191s step_avg:29.54ms
step:2445/3250 train_time:72.344s step_avg:29.59ms
step:2446/3250 train_time:72.498s step_avg:29.64ms
step:2447/3250 train_time:72.651s step_avg:29.69ms
step:2448/3250 train_time:72.806s step_avg:29.74ms
step:2449/3250 train_time:72.960s step_avg:29.79ms
step:2450/3250 train_time:73.116s step_avg:29.84ms
step:2451/3250 train_time:73.270s step_avg:29.89ms
step:2452/3250 train_time:73.428s step_avg:29.95ms
step:2453/3250 train_time:73.581s step_avg:30.00ms
step:2454/3250 train_time:73.735s step_avg:30.05ms
step:2455/3250 train_time:73.890s step_avg:30.10ms
step:2456/3250 train_time:74.043s step_avg:30.15ms
step:2457/3250 train_time:74.198s step_avg:30.20ms
step:2458/3250 train_time:74.352s step_avg:30.25ms
step:2459/3250 train_time:74.508s step_avg:30.30ms
step:2460/3250 train_time:74.662s step_avg:30.35ms
step:2461/3250 train_time:74.817s step_avg:30.40ms
step:2462/3250 train_time:74.970s step_avg:30.45ms
step:2463/3250 train_time:75.125s step_avg:30.50ms
step:2464/3250 train_time:75.279s step_avg:30.55ms
step:2465/3250 train_time:75.433s step_avg:30.60ms
step:2466/3250 train_time:75.587s step_avg:30.65ms
step:2467/3250 train_time:75.741s step_avg:30.70ms
step:2468/3250 train_time:75.897s step_avg:30.75ms
step:2469/3250 train_time:76.052s step_avg:30.80ms
step:2470/3250 train_time:76.207s step_avg:30.85ms
step:2471/3250 train_time:76.389s step_avg:30.91ms
step:2472/3250 train_time:76.541s step_avg:30.96ms
step:2473/3250 train_time:76.696s step_avg:31.01ms
step:2474/3250 train_time:76.849s step_avg:31.06ms
step:2475/3250 train_time:77.003s step_avg:31.11ms
step:2476/3250 train_time:77.156s step_avg:31.16ms
step:2477/3250 train_time:77.312s step_avg:31.21ms
step:2478/3250 train_time:77.468s step_avg:31.26ms
step:2479/3250 train_time:77.622s step_avg:31.31ms
step:2480/3250 train_time:77.777s step_avg:31.36ms
step:2481/3250 train_time:77.931s step_avg:31.41ms
step:2482/3250 train_time:78.085s step_avg:31.46ms
step:2483/3250 train_time:78.240s step_avg:31.51ms
step:2484/3250 train_time:78.394s step_avg:31.56ms
step:2485/3250 train_time:78.551s step_avg:31.61ms
step:2486/3250 train_time:78.706s step_avg:31.66ms
step:2487/3250 train_time:78.860s step_avg:31.71ms
step:2488/3250 train_time:79.014s step_avg:31.76ms
step:2489/3250 train_time:79.170s step_avg:31.81ms
step:2490/3250 train_time:79.324s step_avg:31.86ms
step:2491/3250 train_time:79.478s step_avg:31.91ms
step:2492/3250 train_time:79.633s step_avg:31.96ms
step:2493/3250 train_time:79.787s step_avg:32.00ms
step:2494/3250 train_time:79.940s step_avg:32.05ms
step:2495/3250 train_time:80.094s step_avg:32.10ms
step:2496/3250 train_time:80.250s step_avg:32.15ms
step:2497/3250 train_time:80.404s step_avg:32.20ms
step:2498/3250 train_time:80.558s step_avg:32.25ms
step:2499/3250 train_time:80.713s step_avg:32.30ms
step:2500/3250 train_time:80.869s step_avg:32.35ms
step:2500/3250 val_loss:3.37225 train_time:80.881s step_avg:154.64ms
step:2501/3250 train_time:81.711s step_avg:32.67ms
step:2502/3250 train_time:81.852s step_avg:32.71ms
step:2503/3250 train_time:82.005s step_avg:32.76ms
step:2504/3250 train_time:82.160s step_avg:32.81ms
step:2505/3250 train_time:82.313s step_avg:32.86ms
step:2506/3250 train_time:82.466s step_avg:32.91ms
step:2507/3250 train_time:82.619s step_avg:32.96ms
step:2508/3250 train_time:82.772s step_avg:33.00ms
step:2509/3250 train_time:82.926s step_avg:33.05ms
step:2510/3250 train_time:83.080s step_avg:33.10ms
step:2511/3250 train_time:83.234s step_avg:33.15ms
step:2512/3250 train_time:83.388s step_avg:33.20ms
step:2513/3250 train_time:83.542s step_avg:33.24ms
step:2514/3250 train_time:83.696s step_avg:33.29ms
step:2515/3250 train_time:83.851s step_avg:33.34ms
step:2516/3250 train_time:84.004s step_avg:33.39ms
step:2517/3250 train_time:84.158s step_avg:33.44ms
step:2518/3250 train_time:84.313s step_avg:33.48ms
step:2519/3250 train_time:84.467s step_avg:33.53ms
step:2520/3250 train_time:84.621s step_avg:33.58ms
step:2521/3250 train_time:84.774s step_avg:33.63ms
step:2522/3250 train_time:84.928s step_avg:33.67ms
step:2523/3250 train_time:85.081s step_avg:33.72ms
step:2524/3250 train_time:85.237s step_avg:33.77ms
step:2525/3250 train_time:85.392s step_avg:33.82ms
step:2526/3250 train_time:85.545s step_avg:33.87ms
step:2527/3250 train_time:85.698s step_avg:33.91ms
step:2528/3250 train_time:85.852s step_avg:33.96ms
step:2529/3250 train_time:86.006s step_avg:34.01ms
step:2530/3250 train_time:86.160s step_avg:34.06ms
step:2531/3250 train_time:86.314s step_avg:34.10ms
step:2532/3250 train_time:86.470s step_avg:34.15ms
step:2533/3250 train_time:86.625s step_avg:34.20ms
step:2534/3250 train_time:86.779s step_avg:34.25ms
step:2535/3250 train_time:86.932s step_avg:34.29ms
step:2536/3250 train_time:87.087s step_avg:34.34ms
step:2537/3250 train_time:87.241s step_avg:34.39ms
step:2538/3250 train_time:87.396s step_avg:34.43ms
step:2539/3250 train_time:87.551s step_avg:34.48ms
step:2540/3250 train_time:87.704s step_avg:34.53ms
step:2541/3250 train_time:87.858s step_avg:34.58ms
step:2542/3250 train_time:88.012s step_avg:34.62ms
step:2543/3250 train_time:88.167s step_avg:34.67ms
step:2544/3250 train_time:88.321s step_avg:34.72ms
step:2545/3250 train_time:88.474s step_avg:34.76ms
step:2546/3250 train_time:88.629s step_avg:34.81ms
step:2547/3250 train_time:88.784s step_avg:34.86ms
step:2548/3250 train_time:88.938s step_avg:34.91ms
step:2549/3250 train_time:89.093s step_avg:34.95ms
step:2550/3250 train_time:89.248s step_avg:35.00ms
step:2551/3250 train_time:89.401s step_avg:35.05ms
step:2552/3250 train_time:89.556s step_avg:35.09ms
step:2553/3250 train_time:89.710s step_avg:35.14ms
step:2554/3250 train_time:89.863s step_avg:35.19ms
step:2555/3250 train_time:90.017s step_avg:35.23ms
step:2556/3250 train_time:90.173s step_avg:35.28ms
step:2557/3250 train_time:90.328s step_avg:35.33ms
step:2558/3250 train_time:90.482s step_avg:35.37ms
step:2559/3250 train_time:90.636s step_avg:35.42ms
step:2560/3250 train_time:90.791s step_avg:35.47ms
step:2561/3250 train_time:90.946s step_avg:35.51ms
step:2562/3250 train_time:91.100s step_avg:35.56ms
step:2563/3250 train_time:91.253s step_avg:35.60ms
step:2564/3250 train_time:91.406s step_avg:35.65ms
step:2565/3250 train_time:91.559s step_avg:35.70ms
step:2566/3250 train_time:91.714s step_avg:35.74ms
step:2567/3250 train_time:91.866s step_avg:35.79ms
step:2568/3250 train_time:92.021s step_avg:35.83ms
step:2569/3250 train_time:92.176s step_avg:35.88ms
step:2570/3250 train_time:92.330s step_avg:35.93ms
step:2571/3250 train_time:92.484s step_avg:35.97ms
step:2572/3250 train_time:92.638s step_avg:36.02ms
step:2573/3250 train_time:92.792s step_avg:36.06ms
step:2574/3250 train_time:92.945s step_avg:36.11ms
step:2575/3250 train_time:93.100s step_avg:36.16ms
step:2576/3250 train_time:93.255s step_avg:36.20ms
step:2577/3250 train_time:93.410s step_avg:36.25ms
step:2578/3250 train_time:93.565s step_avg:36.29ms
step:2579/3250 train_time:93.720s step_avg:36.34ms
step:2580/3250 train_time:93.873s step_avg:36.39ms
step:2581/3250 train_time:94.028s step_avg:36.43ms
step:2582/3250 train_time:94.182s step_avg:36.48ms
step:2583/3250 train_time:94.336s step_avg:36.52ms
step:2584/3250 train_time:94.495s step_avg:36.57ms
step:2585/3250 train_time:94.650s step_avg:36.62ms
step:2586/3250 train_time:94.803s step_avg:36.66ms
step:2587/3250 train_time:94.956s step_avg:36.71ms
step:2588/3250 train_time:95.110s step_avg:36.75ms
step:2589/3250 train_time:95.264s step_avg:36.80ms
step:2590/3250 train_time:95.419s step_avg:36.84ms
step:2591/3250 train_time:95.574s step_avg:36.89ms
step:2592/3250 train_time:95.727s step_avg:36.93ms
step:2593/3250 train_time:95.880s step_avg:36.98ms
step:2594/3250 train_time:96.034s step_avg:37.02ms
step:2595/3250 train_time:96.188s step_avg:37.07ms
step:2596/3250 train_time:96.343s step_avg:37.11ms
step:2597/3250 train_time:96.497s step_avg:37.16ms
step:2598/3250 train_time:96.653s step_avg:37.20ms
step:2599/3250 train_time:96.807s step_avg:37.25ms
step:2600/3250 train_time:96.960s step_avg:37.29ms
step:2601/3250 train_time:97.114s step_avg:37.34ms
step:2602/3250 train_time:97.267s step_avg:37.38ms
step:2603/3250 train_time:97.421s step_avg:37.43ms
step:2604/3250 train_time:97.575s step_avg:37.47ms
step:2605/3250 train_time:97.729s step_avg:37.52ms
step:2606/3250 train_time:97.883s step_avg:37.56ms
step:2607/3250 train_time:98.038s step_avg:37.61ms
step:2608/3250 train_time:98.192s step_avg:37.65ms
step:2609/3250 train_time:98.345s step_avg:37.69ms
step:2610/3250 train_time:98.499s step_avg:37.74ms
step:2611/3250 train_time:98.654s step_avg:37.78ms
step:2612/3250 train_time:98.807s step_avg:37.83ms
step:2613/3250 train_time:98.960s step_avg:37.87ms
step:2614/3250 train_time:99.115s step_avg:37.92ms
step:2615/3250 train_time:99.270s step_avg:37.96ms
step:2616/3250 train_time:99.422s step_avg:38.01ms
step:2617/3250 train_time:99.576s step_avg:38.05ms
step:2618/3250 train_time:99.732s step_avg:38.09ms
step:2619/3250 train_time:99.886s step_avg:38.14ms
step:2620/3250 train_time:100.040s step_avg:38.18ms
step:2621/3250 train_time:100.194s step_avg:38.23ms
step:2622/3250 train_time:100.348s step_avg:38.27ms
step:2623/3250 train_time:100.501s step_avg:38.32ms
step:2624/3250 train_time:100.656s step_avg:38.36ms
step:2625/3250 train_time:100.810s step_avg:38.40ms
step:2625/3250 val_loss:3.35324 train_time:100.821s step_avg:159.53ms
step:2626/3250 train_time:100.965s step_avg:38.45ms
step:2627/3250 train_time:101.119s step_avg:38.49ms
step:2628/3250 train_time:101.275s step_avg:38.54ms
step:2629/3250 train_time:101.427s step_avg:38.58ms
step:2630/3250 train_time:101.581s step_avg:38.62ms
step:2631/3250 train_time:101.735s step_avg:38.67ms
step:2632/3250 train_time:101.890s step_avg:38.71ms
step:2633/3250 train_time:102.044s step_avg:38.76ms
step:2634/3250 train_time:102.199s step_avg:38.80ms
step:2635/3250 train_time:102.354s step_avg:38.84ms
step:2636/3250 train_time:102.506s step_avg:38.89ms
step:2637/3250 train_time:102.661s step_avg:38.93ms
step:2638/3250 train_time:102.818s step_avg:38.98ms
step:2639/3250 train_time:102.975s step_avg:39.02ms
step:2640/3250 train_time:103.128s step_avg:39.06ms
step:2641/3250 train_time:103.281s step_avg:39.11ms
step:2642/3250 train_time:103.435s step_avg:39.15ms
step:2643/3250 train_time:103.588s step_avg:39.19ms
step:2644/3250 train_time:103.742s step_avg:39.24ms
step:2645/3250 train_time:103.896s step_avg:39.28ms
step:2646/3250 train_time:104.052s step_avg:39.32ms
step:2647/3250 train_time:104.205s step_avg:39.37ms
step:2648/3250 train_time:104.359s step_avg:39.41ms
step:2649/3250 train_time:104.514s step_avg:39.45ms
step:2650/3250 train_time:104.667s step_avg:39.50ms
step:2651/3250 train_time:104.822s step_avg:39.54ms
step:2652/3250 train_time:104.976s step_avg:39.58ms
step:2653/3250 train_time:105.130s step_avg:39.63ms
step:2654/3250 train_time:105.283s step_avg:39.67ms
step:2655/3250 train_time:105.439s step_avg:39.71ms
step:2656/3250 train_time:105.594s step_avg:39.76ms
step:2657/3250 train_time:105.747s step_avg:39.80ms
step:2658/3250 train_time:105.901s step_avg:39.84ms
step:2659/3250 train_time:106.055s step_avg:39.89ms
step:2660/3250 train_time:106.210s step_avg:39.93ms
step:2661/3250 train_time:106.395s step_avg:39.98ms
step:2662/3250 train_time:106.548s step_avg:40.03ms
step:2663/3250 train_time:106.702s step_avg:40.07ms
step:2664/3250 train_time:106.855s step_avg:40.11ms
step:2665/3250 train_time:107.008s step_avg:40.15ms
step:2666/3250 train_time:107.162s step_avg:40.20ms
step:2667/3250 train_time:107.316s step_avg:40.24ms
step:2668/3250 train_time:107.471s step_avg:40.28ms
step:2669/3250 train_time:107.624s step_avg:40.32ms
step:2670/3250 train_time:107.780s step_avg:40.37ms
step:2671/3250 train_time:107.933s step_avg:40.41ms
step:2672/3250 train_time:108.087s step_avg:40.45ms
step:2673/3250 train_time:108.240s step_avg:40.49ms
step:2674/3250 train_time:108.395s step_avg:40.54ms
step:2675/3250 train_time:108.550s step_avg:40.58ms
step:2676/3250 train_time:108.703s step_avg:40.62ms
step:2677/3250 train_time:108.857s step_avg:40.66ms
step:2678/3250 train_time:109.012s step_avg:40.71ms
step:2679/3250 train_time:109.166s step_avg:40.75ms
step:2680/3250 train_time:109.321s step_avg:40.79ms
step:2681/3250 train_time:109.475s step_avg:40.83ms
step:2682/3250 train_time:109.629s step_avg:40.88ms
step:2683/3250 train_time:109.782s step_avg:40.92ms
step:2684/3250 train_time:109.936s step_avg:40.96ms
step:2685/3250 train_time:110.091s step_avg:41.00ms
step:2686/3250 train_time:110.245s step_avg:41.04ms
step:2687/3250 train_time:110.399s step_avg:41.09ms
step:2688/3250 train_time:110.554s step_avg:41.13ms
step:2689/3250 train_time:110.709s step_avg:41.17ms
step:2690/3250 train_time:110.865s step_avg:41.21ms
step:2691/3250 train_time:111.019s step_avg:41.26ms
step:2692/3250 train_time:111.175s step_avg:41.30ms
step:2693/3250 train_time:111.329s step_avg:41.34ms
step:2694/3250 train_time:111.483s step_avg:41.38ms
step:2695/3250 train_time:111.637s step_avg:41.42ms
step:2696/3250 train_time:111.792s step_avg:41.47ms
step:2697/3250 train_time:111.946s step_avg:41.51ms
step:2698/3250 train_time:112.100s step_avg:41.55ms
step:2699/3250 train_time:112.254s step_avg:41.59ms
step:2700/3250 train_time:112.409s step_avg:41.63ms
step:2701/3250 train_time:112.563s step_avg:41.67ms
step:2702/3250 train_time:112.718s step_avg:41.72ms
step:2703/3250 train_time:112.873s step_avg:41.76ms
step:2704/3250 train_time:113.026s step_avg:41.80ms
step:2705/3250 train_time:113.180s step_avg:41.84ms
step:2706/3250 train_time:113.335s step_avg:41.88ms
step:2707/3250 train_time:113.489s step_avg:41.92ms
step:2708/3250 train_time:113.643s step_avg:41.97ms
step:2709/3250 train_time:113.797s step_avg:42.01ms
step:2710/3250 train_time:113.952s step_avg:42.05ms
step:2711/3250 train_time:114.105s step_avg:42.09ms
step:2712/3250 train_time:114.259s step_avg:42.13ms
step:2713/3250 train_time:114.415s step_avg:42.17ms
step:2714/3250 train_time:114.569s step_avg:42.21ms
step:2715/3250 train_time:114.723s step_avg:42.26ms
step:2716/3250 train_time:114.877s step_avg:42.30ms
step:2717/3250 train_time:115.031s step_avg:42.34ms
step:2718/3250 train_time:115.185s step_avg:42.38ms
step:2719/3250 train_time:115.340s step_avg:42.42ms
step:2720/3250 train_time:115.495s step_avg:42.46ms
step:2721/3250 train_time:115.649s step_avg:42.50ms
step:2722/3250 train_time:115.803s step_avg:42.54ms
step:2723/3250 train_time:115.957s step_avg:42.58ms
step:2724/3250 train_time:116.113s step_avg:42.63ms
step:2725/3250 train_time:116.266s step_avg:42.67ms
step:2726/3250 train_time:116.420s step_avg:42.71ms
step:2727/3250 train_time:116.576s step_avg:42.75ms
step:2728/3250 train_time:116.730s step_avg:42.79ms
step:2729/3250 train_time:116.884s step_avg:42.83ms
step:2730/3250 train_time:117.038s step_avg:42.87ms
step:2731/3250 train_time:117.195s step_avg:42.91ms
step:2732/3250 train_time:117.348s step_avg:42.95ms
step:2733/3250 train_time:117.503s step_avg:42.99ms
step:2734/3250 train_time:117.657s step_avg:43.03ms
step:2735/3250 train_time:117.813s step_avg:43.08ms
step:2736/3250 train_time:117.966s step_avg:43.12ms
step:2737/3250 train_time:118.120s step_avg:43.16ms
step:2738/3250 train_time:118.275s step_avg:43.20ms
step:2739/3250 train_time:118.431s step_avg:43.24ms
step:2740/3250 train_time:118.584s step_avg:43.28ms
step:2741/3250 train_time:118.738s step_avg:43.32ms
step:2742/3250 train_time:118.893s step_avg:43.36ms
step:2743/3250 train_time:119.047s step_avg:43.40ms
step:2744/3250 train_time:119.202s step_avg:43.44ms
step:2745/3250 train_time:119.356s step_avg:43.48ms
step:2746/3250 train_time:119.513s step_avg:43.52ms
step:2747/3250 train_time:119.667s step_avg:43.56ms
step:2748/3250 train_time:119.823s step_avg:43.60ms
step:2749/3250 train_time:119.976s step_avg:43.64ms
step:2750/3250 train_time:120.129s step_avg:43.68ms
step:2750/3250 val_loss:3.33557 train_time:120.141s step_avg:154.56ms
step:2751/3250 train_time:120.952s step_avg:43.97ms
ARM_EXIT=0 req026_b1x_bimax
