W0831 11:52:36.126000 18101 torch/distributed/run.py:852] 
W0831 11:52:36.126000 18101 torch/distributed/run.py:852] *****************************************
W0831 11:52:36.126000 18101 torch/distributed/run.py:852] Setting OMP_NUM_THREADS environment variable for each process to be 1 in default, to avoid your system being overloaded, please further tune the variable for optimal performance in your application as needed. 
W0831 11:52:36.126000 18101 torch/distributed/run.py:852] *****************************************
logs/b2c49a2e-7c4d-4ff0-bb46-7355524497e9.txt
resumed training state from step 2000 in eos_shared_state, skipped 500 batches
step:0/3250 val_loss:3.44367 train_time:0.001s step_avg:nanms
step:2001/3250 train_time:3.706s step_avg:1.85ms
step:2002/3250 train_time:4.263s step_avg:2.13ms
step:2003/3250 train_time:4.844s step_avg:2.42ms
step:2004/3250 train_time:5.418s step_avg:2.70ms
step:2005/3250 train_time:6.000s step_avg:2.99ms
step:2006/3250 train_time:6.579s step_avg:3.28ms
step:2007/3250 train_time:7.161s step_avg:3.57ms
step:2008/3250 train_time:7.740s step_avg:3.85ms
step:2009/3250 train_time:8.319s step_avg:4.14ms
step:2010/3250 train_time:8.899s step_avg:4.43ms
step:2011/3250 train_time:9.479s step_avg:4.71ms
step:2012/3250 train_time:10.059s step_avg:5.00ms
step:2013/3250 train_time:10.640s step_avg:5.29ms
step:2014/3250 train_time:11.220s step_avg:5.57ms
step:2015/3250 train_time:11.800s step_avg:5.86ms
step:2016/3250 train_time:12.379s step_avg:6.14ms
step:2017/3250 train_time:12.959s step_avg:6.43ms
step:2018/3250 train_time:13.566s step_avg:6.72ms
step:2019/3250 train_time:14.148s step_avg:7.01ms
step:2020/3250 train_time:14.721s step_avg:7.29ms
step:2021/3250 train_time:15.304s step_avg:7.57ms
step:2022/3250 train_time:15.879s step_avg:7.85ms
step:2023/3250 train_time:16.461s step_avg:8.14ms
step:2024/3250 train_time:17.040s step_avg:8.42ms
step:2025/3250 train_time:17.620s step_avg:8.70ms
step:2026/3250 train_time:18.201s step_avg:8.98ms
step:2027/3250 train_time:18.781s step_avg:9.27ms
step:2028/3250 train_time:19.361s step_avg:9.55ms
step:2029/3250 train_time:19.943s step_avg:9.83ms
step:2030/3250 train_time:20.521s step_avg:10.11ms
step:2031/3250 train_time:21.102s step_avg:10.39ms
step:2032/3250 train_time:21.681s step_avg:10.67ms
step:2033/3250 train_time:22.263s step_avg:10.95ms
step:2034/3250 train_time:22.841s step_avg:11.23ms
step:2035/3250 train_time:23.422s step_avg:11.51ms
step:2036/3250 train_time:24.002s step_avg:11.79ms
step:2037/3250 train_time:24.583s step_avg:12.07ms
step:2038/3250 train_time:25.161s step_avg:12.35ms
step:2039/3250 train_time:25.741s step_avg:12.62ms
step:2040/3250 train_time:26.322s step_avg:12.90ms
step:2041/3250 train_time:26.903s step_avg:13.18ms
step:2042/3250 train_time:27.482s step_avg:13.46ms
step:2043/3250 train_time:28.063s step_avg:13.74ms
step:2044/3250 train_time:28.642s step_avg:14.01ms
step:2045/3250 train_time:29.222s step_avg:14.29ms
step:2046/3250 train_time:29.802s step_avg:14.57ms
step:2047/3250 train_time:30.384s step_avg:14.84ms
step:2048/3250 train_time:30.963s step_avg:15.12ms
step:2049/3250 train_time:31.542s step_avg:15.39ms
step:2050/3250 train_time:32.124s step_avg:15.67ms
step:2051/3250 train_time:32.703s step_avg:15.94ms
step:2052/3250 train_time:33.283s step_avg:16.22ms
step:2053/3250 train_time:33.862s step_avg:16.49ms
step:2054/3250 train_time:34.442s step_avg:16.77ms
step:2055/3250 train_time:35.024s step_avg:17.04ms
step:2056/3250 train_time:35.603s step_avg:17.32ms
step:2057/3250 train_time:36.182s step_avg:17.59ms
step:2058/3250 train_time:36.763s step_avg:17.86ms
step:2059/3250 train_time:37.342s step_avg:18.14ms
step:2060/3250 train_time:37.922s step_avg:18.41ms
step:2061/3250 train_time:38.503s step_avg:18.68ms
step:2062/3250 train_time:39.082s step_avg:18.95ms
step:2063/3250 train_time:39.663s step_avg:19.23ms
step:2064/3250 train_time:40.243s step_avg:19.50ms
step:2065/3250 train_time:40.853s step_avg:19.78ms
step:2066/3250 train_time:41.437s step_avg:20.06ms
step:2067/3250 train_time:42.019s step_avg:20.33ms
step:2068/3250 train_time:42.601s step_avg:20.60ms
step:2069/3250 train_time:43.181s step_avg:20.87ms
step:2070/3250 train_time:43.763s step_avg:21.14ms
step:2071/3250 train_time:44.343s step_avg:21.41ms
step:2072/3250 train_time:44.923s step_avg:21.68ms
step:2073/3250 train_time:45.505s step_avg:21.95ms
step:2074/3250 train_time:46.084s step_avg:22.22ms
step:2075/3250 train_time:46.665s step_avg:22.49ms
step:2076/3250 train_time:47.244s step_avg:22.76ms
step:2077/3250 train_time:47.824s step_avg:23.03ms
step:2078/3250 train_time:48.403s step_avg:23.29ms
step:2079/3250 train_time:48.984s step_avg:23.56ms
step:2080/3250 train_time:49.563s step_avg:23.83ms
step:2081/3250 train_time:50.143s step_avg:24.10ms
step:2082/3250 train_time:50.724s step_avg:24.36ms
step:2083/3250 train_time:51.303s step_avg:24.63ms
step:2084/3250 train_time:51.884s step_avg:24.90ms
step:2085/3250 train_time:52.464s step_avg:25.16ms
step:2086/3250 train_time:53.043s step_avg:25.43ms
step:2087/3250 train_time:53.623s step_avg:25.69ms
step:2088/3250 train_time:54.203s step_avg:25.96ms
step:2089/3250 train_time:54.782s step_avg:26.22ms
step:2090/3250 train_time:55.364s step_avg:26.49ms
step:2091/3250 train_time:55.943s step_avg:26.75ms
step:2092/3250 train_time:56.523s step_avg:27.02ms
step:2093/3250 train_time:57.103s step_avg:27.28ms
step:2094/3250 train_time:57.682s step_avg:27.55ms
step:2095/3250 train_time:58.264s step_avg:27.81ms
step:2096/3250 train_time:58.842s step_avg:28.07ms
step:2097/3250 train_time:59.424s step_avg:28.34ms
step:2098/3250 train_time:60.004s step_avg:28.60ms
step:2099/3250 train_time:60.583s step_avg:28.86ms
step:2100/3250 train_time:61.163s step_avg:29.13ms
step:2101/3250 train_time:61.742s step_avg:29.39ms
step:2102/3250 train_time:62.325s step_avg:29.65ms
step:2103/3250 train_time:62.904s step_avg:29.91ms
step:2104/3250 train_time:63.484s step_avg:30.17ms
step:2105/3250 train_time:64.064s step_avg:30.43ms
step:2106/3250 train_time:64.643s step_avg:30.69ms
step:2107/3250 train_time:65.222s step_avg:30.96ms
step:2108/3250 train_time:65.804s step_avg:31.22ms
step:2109/3250 train_time:66.383s step_avg:31.48ms
step:2110/3250 train_time:66.964s step_avg:31.74ms
step:2111/3250 train_time:67.543s step_avg:32.00ms
step:2112/3250 train_time:68.152s step_avg:32.27ms
step:2113/3250 train_time:68.740s step_avg:32.53ms
step:2114/3250 train_time:69.320s step_avg:32.79ms
step:2115/3250 train_time:69.903s step_avg:33.05ms
step:2116/3250 train_time:70.482s step_avg:33.31ms
step:2117/3250 train_time:71.064s step_avg:33.57ms
step:2118/3250 train_time:71.643s step_avg:33.83ms
step:2119/3250 train_time:72.223s step_avg:34.08ms
step:2120/3250 train_time:72.803s step_avg:34.34ms
step:2121/3250 train_time:73.383s step_avg:34.60ms
step:2122/3250 train_time:73.965s step_avg:34.86ms
step:2123/3250 train_time:74.545s step_avg:35.11ms
step:2124/3250 train_time:75.128s step_avg:35.37ms
step:2125/3250 train_time:75.713s step_avg:35.63ms
step:2125/3250 val_loss:3.35493 train_time:75.724s step_avg:35.63ms
step:2126/3250 train_time:76.298s step_avg:35.89ms
step:2127/3250 train_time:76.880s step_avg:36.14ms
step:2128/3250 train_time:77.463s step_avg:36.40ms
step:2129/3250 train_time:78.044s step_avg:36.66ms
step:2130/3250 train_time:78.626s step_avg:36.91ms
step:2131/3250 train_time:79.205s step_avg:37.17ms
step:2132/3250 train_time:79.785s step_avg:37.42ms
step:2133/3250 train_time:80.365s step_avg:37.68ms
step:2134/3250 train_time:80.946s step_avg:37.93ms
step:2135/3250 train_time:81.525s step_avg:38.18ms
step:2136/3250 train_time:82.104s step_avg:38.44ms
step:2137/3250 train_time:82.685s step_avg:38.69ms
step:2138/3250 train_time:83.265s step_avg:38.95ms
step:2139/3250 train_time:83.846s step_avg:39.20ms
step:2140/3250 train_time:84.424s step_avg:39.45ms
step:2141/3250 train_time:85.006s step_avg:39.70ms
step:2142/3250 train_time:85.587s step_avg:39.96ms
step:2143/3250 train_time:86.168s step_avg:40.21ms
step:2144/3250 train_time:86.753s step_avg:40.46ms
step:2145/3250 train_time:87.337s step_avg:40.72ms
step:2146/3250 train_time:87.919s step_avg:40.97ms
step:2147/3250 train_time:88.502s step_avg:41.22ms
step:2148/3250 train_time:89.084s step_avg:41.47ms
step:2149/3250 train_time:89.664s step_avg:41.72ms
step:2150/3250 train_time:90.245s step_avg:41.97ms
step:2151/3250 train_time:90.824s step_avg:42.22ms
step:2152/3250 train_time:91.405s step_avg:42.47ms
step:2153/3250 train_time:91.984s step_avg:42.72ms
step:2154/3250 train_time:92.565s step_avg:42.97ms
step:2155/3250 train_time:93.145s step_avg:43.22ms
step:2156/3250 train_time:93.725s step_avg:43.47ms
step:2157/3250 train_time:94.305s step_avg:43.72ms
step:2158/3250 train_time:94.887s step_avg:43.97ms
step:2159/3250 train_time:95.492s step_avg:44.23ms
step:2160/3250 train_time:96.083s step_avg:44.48ms
step:2161/3250 train_time:96.662s step_avg:44.73ms
step:2162/3250 train_time:97.247s step_avg:44.98ms
step:2163/3250 train_time:97.827s step_avg:45.23ms
step:2164/3250 train_time:98.413s step_avg:45.48ms
step:2165/3250 train_time:98.995s step_avg:45.73ms
step:2166/3250 train_time:99.578s step_avg:45.97ms
step:2167/3250 train_time:100.160s step_avg:46.22ms
step:2168/3250 train_time:100.741s step_avg:46.47ms
step:2169/3250 train_time:101.326s step_avg:46.72ms
step:2170/3250 train_time:101.905s step_avg:46.96ms
step:2171/3250 train_time:102.489s step_avg:47.21ms
step:2172/3250 train_time:103.070s step_avg:47.45ms
step:2173/3250 train_time:103.655s step_avg:47.70ms
step:2174/3250 train_time:104.238s step_avg:47.95ms
step:2175/3250 train_time:104.819s step_avg:48.19ms
step:2176/3250 train_time:105.403s step_avg:48.44ms
step:2177/3250 train_time:105.984s step_avg:48.68ms
step:2178/3250 train_time:106.564s step_avg:48.93ms
step:2179/3250 train_time:107.145s step_avg:49.17ms
step:2180/3250 train_time:107.725s step_avg:49.41ms
step:2181/3250 train_time:108.306s step_avg:49.66ms
step:2182/3250 train_time:108.885s step_avg:49.90ms
step:2183/3250 train_time:109.465s step_avg:50.14ms
step:2184/3250 train_time:110.046s step_avg:50.39ms
step:2185/3250 train_time:110.625s step_avg:50.63ms
step:2186/3250 train_time:111.205s step_avg:50.87ms
step:2187/3250 train_time:111.786s step_avg:51.11ms
step:2188/3250 train_time:112.364s step_avg:51.35ms
step:2189/3250 train_time:112.946s step_avg:51.60ms
step:2190/3250 train_time:113.526s step_avg:51.84ms
step:2191/3250 train_time:114.105s step_avg:52.08ms
step:2192/3250 train_time:114.685s step_avg:52.32ms
step:2193/3250 train_time:115.265s step_avg:52.56ms
step:2194/3250 train_time:115.845s step_avg:52.80ms
step:2195/3250 train_time:116.424s step_avg:53.04ms
step:2196/3250 train_time:117.005s step_avg:53.28ms
step:2197/3250 train_time:117.584s step_avg:53.52ms
step:2198/3250 train_time:118.166s step_avg:53.76ms
step:2199/3250 train_time:118.745s step_avg:54.00ms
step:2200/3250 train_time:119.325s step_avg:54.24ms
step:2201/3250 train_time:119.904s step_avg:54.48ms
step:2202/3250 train_time:120.486s step_avg:54.72ms
step:2203/3250 train_time:121.065s step_avg:54.95ms
step:2204/3250 train_time:121.646s step_avg:55.19ms
step:2205/3250 train_time:122.226s step_avg:55.43ms
step:2206/3250 train_time:122.838s step_avg:55.68ms
step:2207/3250 train_time:123.426s step_avg:55.92ms
step:2208/3250 train_time:124.003s step_avg:56.16ms
step:2209/3250 train_time:124.589s step_avg:56.40ms
step:2210/3250 train_time:125.170s step_avg:56.64ms
step:2211/3250 train_time:125.756s step_avg:56.88ms
step:2212/3250 train_time:126.339s step_avg:57.12ms
step:2213/3250 train_time:126.921s step_avg:57.35ms
step:2214/3250 train_time:127.503s step_avg:57.59ms
step:2215/3250 train_time:128.085s step_avg:57.83ms
step:2216/3250 train_time:128.666s step_avg:58.06ms
step:2217/3250 train_time:129.245s step_avg:58.30ms
step:2218/3250 train_time:129.827s step_avg:58.53ms
step:2219/3250 train_time:130.405s step_avg:58.77ms
step:2220/3250 train_time:130.987s step_avg:59.00ms
step:2221/3250 train_time:131.570s step_avg:59.24ms
step:2222/3250 train_time:132.156s step_avg:59.48ms
step:2223/3250 train_time:132.740s step_avg:59.71ms
step:2224/3250 train_time:133.321s step_avg:59.95ms
step:2225/3250 train_time:133.904s step_avg:60.18ms
step:2226/3250 train_time:134.484s step_avg:60.42ms
step:2227/3250 train_time:135.065s step_avg:60.65ms
step:2228/3250 train_time:135.645s step_avg:60.88ms
step:2229/3250 train_time:136.225s step_avg:61.12ms
step:2230/3250 train_time:136.805s step_avg:61.35ms
step:2231/3250 train_time:137.387s step_avg:61.58ms
step:2232/3250 train_time:137.968s step_avg:61.81ms
step:2233/3250 train_time:138.553s step_avg:62.05ms
step:2234/3250 train_time:139.138s step_avg:62.28ms
step:2235/3250 train_time:139.720s step_avg:62.51ms
step:2236/3250 train_time:140.301s step_avg:62.75ms
step:2237/3250 train_time:140.884s step_avg:62.98ms
step:2238/3250 train_time:141.465s step_avg:63.21ms
step:2239/3250 train_time:142.047s step_avg:63.44ms
step:2240/3250 train_time:142.629s step_avg:63.67ms
step:2241/3250 train_time:143.213s step_avg:63.91ms
step:2242/3250 train_time:143.799s step_avg:64.14ms
step:2243/3250 train_time:144.380s step_avg:64.37ms
step:2244/3250 train_time:144.963s step_avg:64.60ms
step:2245/3250 train_time:145.544s step_avg:64.83ms
step:2246/3250 train_time:146.126s step_avg:65.06ms
step:2247/3250 train_time:146.705s step_avg:65.29ms
step:2248/3250 train_time:147.289s step_avg:65.52ms
step:2249/3250 train_time:147.868s step_avg:65.75ms
step:2250/3250 train_time:148.453s step_avg:65.98ms
step:2250/3250 val_loss:3.32492 train_time:148.464s step_avg:581.92ms
step:2251/3250 train_time:149.733s step_avg:66.52ms
step:2252/3250 train_time:150.292s step_avg:66.74ms
step:2253/3250 train_time:150.900s step_avg:66.98ms
step:2254/3250 train_time:151.486s step_avg:67.21ms
step:2255/3250 train_time:152.061s step_avg:67.43ms
step:2256/3250 train_time:152.646s step_avg:67.66ms
step:2257/3250 train_time:153.224s step_avg:67.89ms
step:2258/3250 train_time:153.806s step_avg:68.12ms
step:2259/3250 train_time:154.384s step_avg:68.34ms
step:2260/3250 train_time:154.966s step_avg:68.57ms
step:2261/3250 train_time:155.548s step_avg:68.80ms
step:2262/3250 train_time:156.131s step_avg:69.02ms
step:2263/3250 train_time:156.715s step_avg:69.25ms
step:2264/3250 train_time:157.296s step_avg:69.48ms
step:2265/3250 train_time:157.879s step_avg:69.70ms
step:2266/3250 train_time:158.460s step_avg:69.93ms
step:2267/3250 train_time:159.044s step_avg:70.16ms
step:2268/3250 train_time:159.624s step_avg:70.38ms
step:2269/3250 train_time:160.206s step_avg:70.61ms
step:2270/3250 train_time:160.785s step_avg:70.83ms
step:2271/3250 train_time:161.366s step_avg:71.05ms
step:2272/3250 train_time:161.945s step_avg:71.28ms
step:2273/3250 train_time:162.525s step_avg:71.50ms
step:2274/3250 train_time:163.106s step_avg:71.73ms
step:2275/3250 train_time:163.685s step_avg:71.95ms
step:2276/3250 train_time:164.266s step_avg:72.17ms
step:2277/3250 train_time:164.846s step_avg:72.40ms
step:2278/3250 train_time:165.425s step_avg:72.62ms
step:2279/3250 train_time:166.006s step_avg:72.84ms
step:2280/3250 train_time:166.585s step_avg:73.06ms
step:2281/3250 train_time:167.166s step_avg:73.29ms
step:2282/3250 train_time:167.746s step_avg:73.51ms
step:2283/3250 train_time:168.326s step_avg:73.73ms
step:2284/3250 train_time:168.906s step_avg:73.95ms
step:2285/3250 train_time:169.485s step_avg:74.17ms
step:2286/3250 train_time:170.068s step_avg:74.40ms
step:2287/3250 train_time:170.650s step_avg:74.62ms
step:2288/3250 train_time:171.233s step_avg:74.84ms
step:2289/3250 train_time:171.819s step_avg:75.06ms
step:2290/3250 train_time:172.398s step_avg:75.28ms
step:2291/3250 train_time:172.981s step_avg:75.50ms
step:2292/3250 train_time:173.563s step_avg:75.73ms
step:2293/3250 train_time:174.146s step_avg:75.95ms
step:2294/3250 train_time:174.725s step_avg:76.17ms
step:2295/3250 train_time:175.307s step_avg:76.39ms
step:2296/3250 train_time:175.888s step_avg:76.61ms
step:2297/3250 train_time:176.473s step_avg:76.83ms
step:2298/3250 train_time:177.056s step_avg:77.05ms
step:2299/3250 train_time:177.639s step_avg:77.27ms
step:2300/3250 train_time:178.245s step_avg:77.50ms
step:2301/3250 train_time:178.828s step_avg:77.72ms
step:2302/3250 train_time:179.406s step_avg:77.93ms
step:2303/3250 train_time:179.989s step_avg:78.15ms
step:2304/3250 train_time:180.573s step_avg:78.37ms
step:2305/3250 train_time:181.157s step_avg:78.59ms
step:2306/3250 train_time:181.739s step_avg:78.81ms
step:2307/3250 train_time:182.321s step_avg:79.03ms
step:2308/3250 train_time:182.905s step_avg:79.25ms
step:2309/3250 train_time:183.486s step_avg:79.47ms
step:2310/3250 train_time:184.068s step_avg:79.68ms
step:2311/3250 train_time:184.648s step_avg:79.90ms
step:2312/3250 train_time:185.229s step_avg:80.12ms
step:2313/3250 train_time:185.813s step_avg:80.33ms
step:2314/3250 train_time:186.398s step_avg:80.55ms
step:2315/3250 train_time:186.976s step_avg:80.77ms
step:2316/3250 train_time:187.561s step_avg:80.99ms
step:2317/3250 train_time:188.143s step_avg:81.20ms
step:2318/3250 train_time:188.727s step_avg:81.42ms
step:2319/3250 train_time:189.307s step_avg:81.63ms
step:2320/3250 train_time:189.889s step_avg:81.85ms
step:2321/3250 train_time:190.474s step_avg:82.07ms
step:2322/3250 train_time:191.057s step_avg:82.28ms
step:2323/3250 train_time:191.640s step_avg:82.50ms
step:2324/3250 train_time:192.224s step_avg:82.71ms
step:2325/3250 train_time:192.805s step_avg:82.93ms
step:2326/3250 train_time:193.387s step_avg:83.14ms
step:2327/3250 train_time:193.968s step_avg:83.36ms
step:2328/3250 train_time:194.547s step_avg:83.57ms
step:2329/3250 train_time:195.127s step_avg:83.78ms
step:2330/3250 train_time:195.708s step_avg:83.99ms
step:2331/3250 train_time:196.290s step_avg:84.21ms
step:2332/3250 train_time:196.877s step_avg:84.42ms
step:2333/3250 train_time:197.458s step_avg:84.64ms
step:2334/3250 train_time:198.039s step_avg:84.85ms
step:2335/3250 train_time:198.622s step_avg:85.06ms
step:2336/3250 train_time:199.205s step_avg:85.28ms
step:2337/3250 train_time:199.786s step_avg:85.49ms
step:2338/3250 train_time:200.366s step_avg:85.70ms
step:2339/3250 train_time:200.946s step_avg:85.91ms
step:2340/3250 train_time:201.526s step_avg:86.12ms
step:2341/3250 train_time:202.107s step_avg:86.33ms
step:2342/3250 train_time:202.686s step_avg:86.54ms
step:2343/3250 train_time:203.267s step_avg:86.75ms
step:2344/3250 train_time:203.846s step_avg:86.97ms
step:2345/3250 train_time:204.426s step_avg:87.18ms
step:2346/3250 train_time:205.006s step_avg:87.39ms
step:2347/3250 train_time:205.615s step_avg:87.61ms
step:2348/3250 train_time:206.207s step_avg:87.82ms
step:2349/3250 train_time:206.784s step_avg:88.03ms
step:2350/3250 train_time:207.367s step_avg:88.24ms
step:2351/3250 train_time:207.946s step_avg:88.45ms
step:2352/3250 train_time:208.526s step_avg:88.66ms
step:2353/3250 train_time:209.107s step_avg:88.87ms
step:2354/3250 train_time:209.686s step_avg:89.08ms
step:2355/3250 train_time:210.266s step_avg:89.28ms
step:2356/3250 train_time:210.847s step_avg:89.49ms
step:2357/3250 train_time:211.428s step_avg:89.70ms
step:2358/3250 train_time:212.010s step_avg:89.91ms
step:2359/3250 train_time:212.592s step_avg:90.12ms
step:2360/3250 train_time:213.177s step_avg:90.33ms
step:2361/3250 train_time:213.759s step_avg:90.54ms
step:2362/3250 train_time:214.341s step_avg:90.75ms
step:2363/3250 train_time:214.922s step_avg:90.95ms
step:2364/3250 train_time:215.505s step_avg:91.16ms
step:2365/3250 train_time:216.087s step_avg:91.37ms
step:2366/3250 train_time:216.667s step_avg:91.58ms
step:2367/3250 train_time:217.246s step_avg:91.78ms
step:2368/3250 train_time:217.825s step_avg:91.99ms
step:2369/3250 train_time:218.408s step_avg:92.19ms
step:2370/3250 train_time:218.986s step_avg:92.40ms
step:2371/3250 train_time:219.567s step_avg:92.61ms
step:2372/3250 train_time:220.147s step_avg:92.81ms
step:2373/3250 train_time:220.727s step_avg:93.02ms
step:2374/3250 train_time:221.307s step_avg:93.22ms
step:2375/3250 train_time:221.890s step_avg:93.43ms
step:2375/3250 val_loss:3.30090 train_time:221.901s step_avg:587.49ms
step:2376/3250 train_time:222.474s step_avg:93.63ms
step:2377/3250 train_time:223.058s step_avg:93.84ms
step:2378/3250 train_time:223.638s step_avg:94.04ms
step:2379/3250 train_time:224.221s step_avg:94.25ms
step:2380/3250 train_time:224.805s step_avg:94.46ms
step:2381/3250 train_time:225.387s step_avg:94.66ms
step:2382/3250 train_time:225.968s step_avg:94.86ms
step:2383/3250 train_time:226.547s step_avg:95.07ms
step:2384/3250 train_time:227.128s step_avg:95.27ms
step:2385/3250 train_time:227.707s step_avg:95.47ms
step:2386/3250 train_time:228.289s step_avg:95.68ms
step:2387/3250 train_time:228.872s step_avg:95.88ms
step:2388/3250 train_time:229.457s step_avg:96.09ms
step:2389/3250 train_time:230.038s step_avg:96.29ms
step:2390/3250 train_time:230.621s step_avg:96.49ms
step:2391/3250 train_time:231.203s step_avg:96.70ms
step:2392/3250 train_time:231.787s step_avg:96.90ms
step:2393/3250 train_time:232.367s step_avg:97.10ms
step:2394/3250 train_time:232.974s step_avg:97.32ms
step:2395/3250 train_time:233.561s step_avg:97.52ms
step:2396/3250 train_time:234.141s step_avg:97.72ms
step:2397/3250 train_time:234.725s step_avg:97.92ms
step:2398/3250 train_time:235.305s step_avg:98.13ms
step:2399/3250 train_time:235.886s step_avg:98.33ms
step:2400/3250 train_time:236.468s step_avg:98.53ms
step:2401/3250 train_time:237.053s step_avg:98.73ms
step:2402/3250 train_time:237.638s step_avg:98.93ms
step:2403/3250 train_time:238.218s step_avg:99.13ms
step:2404/3250 train_time:238.802s step_avg:99.34ms
step:2405/3250 train_time:239.384s step_avg:99.54ms
step:2406/3250 train_time:239.966s step_avg:99.74ms
step:2407/3250 train_time:240.547s step_avg:99.94ms
step:2408/3250 train_time:241.128s step_avg:100.14ms
step:2409/3250 train_time:241.708s step_avg:100.34ms
step:2410/3250 train_time:242.291s step_avg:100.54ms
step:2411/3250 train_time:242.874s step_avg:100.74ms
step:2412/3250 train_time:243.457s step_avg:100.94ms
step:2413/3250 train_time:244.040s step_avg:101.14ms
step:2414/3250 train_time:244.624s step_avg:101.34ms
step:2415/3250 train_time:245.206s step_avg:101.53ms
step:2416/3250 train_time:245.786s step_avg:101.73ms
step:2417/3250 train_time:246.367s step_avg:101.93ms
step:2418/3250 train_time:246.945s step_avg:102.13ms
step:2419/3250 train_time:247.527s step_avg:102.33ms
step:2420/3250 train_time:248.108s step_avg:102.52ms
step:2421/3250 train_time:248.690s step_avg:102.72ms
step:2422/3250 train_time:249.271s step_avg:102.92ms
step:2423/3250 train_time:249.851s step_avg:103.12ms
step:2424/3250 train_time:250.435s step_avg:103.31ms
step:2425/3250 train_time:251.019s step_avg:103.51ms
step:2426/3250 train_time:251.600s step_avg:103.71ms
step:2427/3250 train_time:252.182s step_avg:103.91ms
step:2428/3250 train_time:252.767s step_avg:104.11ms
step:2429/3250 train_time:253.347s step_avg:104.30ms
step:2430/3250 train_time:253.929s step_avg:104.50ms
step:2431/3250 train_time:254.509s step_avg:104.69ms
step:2432/3250 train_time:255.091s step_avg:104.89ms
step:2433/3250 train_time:255.675s step_avg:105.09ms
step:2434/3250 train_time:256.258s step_avg:105.28ms
step:2435/3250 train_time:256.840s step_avg:105.48ms
step:2436/3250 train_time:257.422s step_avg:105.67ms
step:2437/3250 train_time:258.007s step_avg:105.87ms
step:2438/3250 train_time:258.586s step_avg:106.06ms
step:2439/3250 train_time:259.167s step_avg:106.26ms
step:2440/3250 train_time:259.747s step_avg:106.45ms
step:2441/3250 train_time:260.375s step_avg:106.67ms
step:2442/3250 train_time:260.967s step_avg:106.87ms
step:2443/3250 train_time:261.542s step_avg:107.06ms
step:2444/3250 train_time:262.130s step_avg:107.25ms
step:2445/3250 train_time:262.705s step_avg:107.45ms
step:2446/3250 train_time:263.288s step_avg:107.64ms
step:2447/3250 train_time:263.868s step_avg:107.83ms
step:2448/3250 train_time:264.448s step_avg:108.03ms
step:2449/3250 train_time:265.029s step_avg:108.22ms
step:2450/3250 train_time:265.609s step_avg:108.41ms
step:2451/3250 train_time:266.192s step_avg:108.61ms
step:2452/3250 train_time:266.776s step_avg:108.80ms
step:2453/3250 train_time:267.360s step_avg:108.99ms
step:2454/3250 train_time:267.943s step_avg:109.19ms
step:2455/3250 train_time:268.525s step_avg:109.38ms
step:2456/3250 train_time:269.105s step_avg:109.57ms
step:2457/3250 train_time:269.687s step_avg:109.76ms
step:2458/3250 train_time:270.266s step_avg:109.95ms
step:2459/3250 train_time:270.847s step_avg:110.15ms
step:2460/3250 train_time:271.428s step_avg:110.34ms
step:2461/3250 train_time:272.008s step_avg:110.53ms
step:2462/3250 train_time:272.590s step_avg:110.72ms
step:2463/3250 train_time:273.173s step_avg:110.91ms
step:2464/3250 train_time:273.758s step_avg:111.10ms
step:2465/3250 train_time:274.337s step_avg:111.29ms
step:2466/3250 train_time:274.921s step_avg:111.48ms
step:2467/3250 train_time:275.502s step_avg:111.67ms
step:2468/3250 train_time:276.087s step_avg:111.87ms
step:2469/3250 train_time:276.666s step_avg:112.06ms
step:2470/3250 train_time:277.248s step_avg:112.25ms
step:2471/3250 train_time:277.827s step_avg:112.44ms
step:2472/3250 train_time:278.408s step_avg:112.62ms
step:2473/3250 train_time:278.987s step_avg:112.81ms
step:2474/3250 train_time:279.570s step_avg:113.00ms
step:2475/3250 train_time:280.151s step_avg:113.19ms
step:2476/3250 train_time:280.736s step_avg:113.38ms
step:2477/3250 train_time:281.318s step_avg:113.57ms
step:2478/3250 train_time:281.899s step_avg:113.76ms
step:2479/3250 train_time:282.479s step_avg:113.95ms
step:2480/3250 train_time:283.062s step_avg:114.14ms
step:2481/3250 train_time:283.644s step_avg:114.33ms
step:2482/3250 train_time:284.228s step_avg:114.52ms
step:2483/3250 train_time:284.808s step_avg:114.70ms
step:2484/3250 train_time:285.390s step_avg:114.89ms
step:2485/3250 train_time:285.972s step_avg:115.08ms
step:2486/3250 train_time:286.556s step_avg:115.27ms
step:2487/3250 train_time:287.138s step_avg:115.46ms
step:2488/3250 train_time:287.752s step_avg:115.66ms
step:2489/3250 train_time:288.339s step_avg:115.85ms
step:2490/3250 train_time:288.916s step_avg:116.03ms
step:2491/3250 train_time:289.502s step_avg:116.22ms
step:2492/3250 train_time:290.083s step_avg:116.41ms
step:2493/3250 train_time:290.667s step_avg:116.59ms
step:2494/3250 train_time:291.247s step_avg:116.78ms
step:2495/3250 train_time:291.828s step_avg:116.96ms
step:2496/3250 train_time:292.409s step_avg:117.15ms
step:2497/3250 train_time:292.990s step_avg:117.34ms
step:2498/3250 train_time:293.575s step_avg:117.52ms
step:2499/3250 train_time:294.159s step_avg:117.71ms
step:2500/3250 train_time:294.740s step_avg:117.90ms
step:2500/3250 val_loss:3.28073 train_time:294.752s step_avg:582.80ms
step:2501/3250 train_time:296.018s step_avg:118.36ms
step:2502/3250 train_time:296.583s step_avg:118.54ms
step:2503/3250 train_time:297.169s step_avg:118.73ms
step:2504/3250 train_time:297.747s step_avg:118.91ms
step:2505/3250 train_time:298.331s step_avg:119.09ms
step:2506/3250 train_time:298.908s step_avg:119.28ms
step:2507/3250 train_time:299.490s step_avg:119.46ms
step:2508/3250 train_time:300.069s step_avg:119.64ms
step:2509/3250 train_time:300.651s step_avg:119.83ms
step:2510/3250 train_time:301.230s step_avg:120.01ms
step:2511/3250 train_time:301.809s step_avg:120.19ms
step:2512/3250 train_time:302.390s step_avg:120.38ms
step:2513/3250 train_time:302.970s step_avg:120.56ms
step:2514/3250 train_time:303.553s step_avg:120.74ms
step:2515/3250 train_time:304.135s step_avg:120.93ms
step:2516/3250 train_time:304.721s step_avg:121.11ms
step:2517/3250 train_time:305.303s step_avg:121.30ms
step:2518/3250 train_time:305.886s step_avg:121.48ms
step:2519/3250 train_time:306.469s step_avg:121.66ms
step:2520/3250 train_time:307.051s step_avg:121.85ms
step:2521/3250 train_time:307.631s step_avg:122.03ms
step:2522/3250 train_time:308.215s step_avg:122.21ms
step:2523/3250 train_time:308.799s step_avg:122.39ms
step:2524/3250 train_time:309.381s step_avg:122.58ms
step:2525/3250 train_time:309.963s step_avg:122.76ms
step:2526/3250 train_time:310.544s step_avg:122.94ms
step:2527/3250 train_time:311.129s step_avg:123.12ms
step:2528/3250 train_time:311.708s step_avg:123.30ms
step:2529/3250 train_time:312.290s step_avg:123.48ms
step:2530/3250 train_time:312.870s step_avg:123.66ms
step:2531/3250 train_time:313.451s step_avg:123.84ms
step:2532/3250 train_time:314.030s step_avg:124.02ms
step:2533/3250 train_time:314.612s step_avg:124.21ms
step:2534/3250 train_time:315.191s step_avg:124.38ms
step:2535/3250 train_time:315.808s step_avg:124.58ms
step:2536/3250 train_time:316.394s step_avg:124.76ms
step:2537/3250 train_time:316.973s step_avg:124.94ms
step:2538/3250 train_time:317.558s step_avg:125.12ms
step:2539/3250 train_time:318.141s step_avg:125.30ms
step:2540/3250 train_time:318.721s step_avg:125.48ms
step:2541/3250 train_time:319.305s step_avg:125.66ms
step:2542/3250 train_time:319.886s step_avg:125.84ms
step:2543/3250 train_time:320.469s step_avg:126.02ms
step:2544/3250 train_time:321.049s step_avg:126.20ms
step:2545/3250 train_time:321.631s step_avg:126.38ms
step:2546/3250 train_time:322.209s step_avg:126.55ms
step:2547/3250 train_time:322.793s step_avg:126.73ms
step:2548/3250 train_time:323.370s step_avg:126.91ms
step:2549/3250 train_time:323.951s step_avg:127.09ms
step:2550/3250 train_time:324.531s step_avg:127.27ms
step:2551/3250 train_time:325.113s step_avg:127.45ms
step:2552/3250 train_time:325.694s step_avg:127.62ms
step:2553/3250 train_time:326.278s step_avg:127.80ms
step:2554/3250 train_time:326.862s step_avg:127.98ms
step:2555/3250 train_time:327.443s step_avg:128.16ms
step:2556/3250 train_time:328.024s step_avg:128.34ms
step:2557/3250 train_time:328.607s step_avg:128.51ms
step:2558/3250 train_time:329.191s step_avg:128.69ms
step:2559/3250 train_time:329.771s step_avg:128.87ms
step:2560/3250 train_time:330.353s step_avg:129.04ms
step:2561/3250 train_time:330.933s step_avg:129.22ms
step:2562/3250 train_time:331.516s step_avg:129.40ms
step:2563/3250 train_time:332.101s step_avg:129.57ms
step:2564/3250 train_time:332.683s step_avg:129.75ms
step:2565/3250 train_time:333.265s step_avg:129.93ms
step:2566/3250 train_time:333.849s step_avg:130.10ms
step:2567/3250 train_time:334.430s step_avg:130.28ms
step:2568/3250 train_time:335.009s step_avg:130.46ms
step:2569/3250 train_time:335.591s step_avg:130.63ms
step:2570/3250 train_time:336.170s step_avg:130.81ms
step:2571/3250 train_time:336.752s step_avg:130.98ms
step:2572/3250 train_time:337.330s step_avg:131.15ms
step:2573/3250 train_time:337.912s step_avg:131.33ms
step:2574/3250 train_time:338.491s step_avg:131.50ms
step:2575/3250 train_time:339.071s step_avg:131.68ms
step:2576/3250 train_time:339.651s step_avg:131.85ms
step:2577/3250 train_time:340.231s step_avg:132.03ms
step:2578/3250 train_time:340.812s step_avg:132.20ms
step:2579/3250 train_time:341.392s step_avg:132.37ms
step:2580/3250 train_time:341.972s step_avg:132.55ms
step:2581/3250 train_time:342.552s step_avg:132.72ms
step:2582/3250 train_time:343.165s step_avg:132.91ms
step:2583/3250 train_time:343.756s step_avg:133.08ms
step:2584/3250 train_time:344.336s step_avg:133.26ms
step:2585/3250 train_time:344.923s step_avg:133.43ms
step:2586/3250 train_time:345.501s step_avg:133.60ms
step:2587/3250 train_time:346.086s step_avg:133.78ms
step:2588/3250 train_time:346.669s step_avg:133.95ms
step:2589/3250 train_time:347.251s step_avg:134.13ms
step:2590/3250 train_time:347.830s step_avg:134.30ms
step:2591/3250 train_time:348.411s step_avg:134.47ms
step:2592/3250 train_time:348.991s step_avg:134.64ms
step:2593/3250 train_time:349.573s step_avg:134.81ms
step:2594/3250 train_time:350.156s step_avg:134.99ms
step:2595/3250 train_time:350.740s step_avg:135.16ms
step:2596/3250 train_time:351.322s step_avg:135.33ms
step:2597/3250 train_time:351.905s step_avg:135.50ms
step:2598/3250 train_time:352.486s step_avg:135.68ms
step:2599/3250 train_time:353.069s step_avg:135.85ms
step:2600/3250 train_time:353.650s step_avg:136.02ms
step:2601/3250 train_time:354.232s step_avg:136.19ms
step:2602/3250 train_time:354.812s step_avg:136.36ms
step:2603/3250 train_time:355.394s step_avg:136.53ms
step:2604/3250 train_time:355.977s step_avg:136.70ms
step:2605/3250 train_time:356.561s step_avg:136.88ms
step:2606/3250 train_time:357.143s step_avg:137.05ms
step:2607/3250 train_time:357.722s step_avg:137.22ms
step:2608/3250 train_time:358.304s step_avg:137.39ms
step:2609/3250 train_time:358.887s step_avg:137.56ms
step:2610/3250 train_time:359.469s step_avg:137.73ms
step:2611/3250 train_time:360.051s step_avg:137.90ms
step:2612/3250 train_time:360.629s step_avg:138.07ms
step:2613/3250 train_time:361.212s step_avg:138.24ms
step:2614/3250 train_time:361.792s step_avg:138.41ms
step:2615/3250 train_time:362.372s step_avg:138.57ms
step:2616/3250 train_time:362.952s step_avg:138.74ms
step:2617/3250 train_time:363.534s step_avg:138.91ms
step:2618/3250 train_time:364.117s step_avg:139.08ms
step:2619/3250 train_time:364.700s step_avg:139.25ms
step:2620/3250 train_time:365.282s step_avg:139.42ms
step:2621/3250 train_time:365.865s step_avg:139.59ms
step:2622/3250 train_time:366.447s step_avg:139.76ms
step:2623/3250 train_time:367.029s step_avg:139.93ms
step:2624/3250 train_time:367.610s step_avg:140.10ms
step:2625/3250 train_time:368.190s step_avg:140.26ms
step:2625/3250 val_loss:3.26176 train_time:368.202s step_avg:587.60ms
step:2626/3250 train_time:368.774s step_avg:140.43ms
step:2627/3250 train_time:369.356s step_avg:140.60ms
step:2628/3250 train_time:369.936s step_avg:140.77ms
step:2629/3250 train_time:370.554s step_avg:140.95ms
step:2630/3250 train_time:371.140s step_avg:141.12ms
step:2631/3250 train_time:371.716s step_avg:141.28ms
step:2632/3250 train_time:372.304s step_avg:141.45ms
step:2633/3250 train_time:372.888s step_avg:141.62ms
step:2634/3250 train_time:373.468s step_avg:141.79ms
step:2635/3250 train_time:374.051s step_avg:141.95ms
step:2636/3250 train_time:374.632s step_avg:142.12ms
step:2637/3250 train_time:375.216s step_avg:142.29ms
step:2638/3250 train_time:375.795s step_avg:142.45ms
step:2639/3250 train_time:376.376s step_avg:142.62ms
step:2640/3250 train_time:376.957s step_avg:142.79ms
step:2641/3250 train_time:377.540s step_avg:142.95ms
step:2642/3250 train_time:378.123s step_avg:143.12ms
step:2643/3250 train_time:378.708s step_avg:143.29ms
step:2644/3250 train_time:379.289s step_avg:143.45ms
step:2645/3250 train_time:379.873s step_avg:143.62ms
step:2646/3250 train_time:380.455s step_avg:143.78ms
step:2647/3250 train_time:381.034s step_avg:143.95ms
step:2648/3250 train_time:381.616s step_avg:144.11ms
step:2649/3250 train_time:382.195s step_avg:144.28ms
step:2650/3250 train_time:382.776s step_avg:144.44ms
step:2651/3250 train_time:383.358s step_avg:144.61ms
step:2652/3250 train_time:383.939s step_avg:144.77ms
step:2653/3250 train_time:384.523s step_avg:144.94ms
step:2654/3250 train_time:385.107s step_avg:145.10ms
step:2655/3250 train_time:385.689s step_avg:145.27ms
step:2656/3250 train_time:386.273s step_avg:145.43ms
step:2657/3250 train_time:386.856s step_avg:145.60ms
step:2658/3250 train_time:387.436s step_avg:145.76ms
step:2659/3250 train_time:388.017s step_avg:145.93ms
step:2660/3250 train_time:388.598s step_avg:146.09ms
step:2661/3250 train_time:389.181s step_avg:146.25ms
step:2662/3250 train_time:389.766s step_avg:146.42ms
step:2663/3250 train_time:390.347s step_avg:146.58ms
step:2664/3250 train_time:390.929s step_avg:146.75ms
step:2665/3250 train_time:391.513s step_avg:146.91ms
step:2666/3250 train_time:392.095s step_avg:147.07ms
step:2667/3250 train_time:392.678s step_avg:147.24ms
step:2668/3250 train_time:393.258s step_avg:147.40ms
step:2669/3250 train_time:393.844s step_avg:147.56ms
step:2670/3250 train_time:394.428s step_avg:147.73ms
step:2671/3250 train_time:395.010s step_avg:147.89ms
step:2672/3250 train_time:395.594s step_avg:148.05ms
step:2673/3250 train_time:396.173s step_avg:148.21ms
step:2674/3250 train_time:396.756s step_avg:148.38ms
step:2675/3250 train_time:397.338s step_avg:148.54ms
step:2676/3250 train_time:397.952s step_avg:148.71ms
step:2677/3250 train_time:398.540s step_avg:148.88ms
step:2678/3250 train_time:399.119s step_avg:149.04ms
step:2679/3250 train_time:399.704s step_avg:149.20ms
step:2680/3250 train_time:400.286s step_avg:149.36ms
step:2681/3250 train_time:400.868s step_avg:149.52ms
step:2682/3250 train_time:401.451s step_avg:149.68ms
step:2683/3250 train_time:402.031s step_avg:149.84ms
step:2684/3250 train_time:402.616s step_avg:150.01ms
step:2685/3250 train_time:403.194s step_avg:150.17ms
step:2686/3250 train_time:403.777s step_avg:150.33ms
step:2687/3250 train_time:404.355s step_avg:150.49ms
step:2688/3250 train_time:404.938s step_avg:150.65ms
step:2689/3250 train_time:405.518s step_avg:150.81ms
step:2690/3250 train_time:406.101s step_avg:150.97ms
step:2691/3250 train_time:406.684s step_avg:151.13ms
step:2692/3250 train_time:407.269s step_avg:151.29ms
step:2693/3250 train_time:407.848s step_avg:151.45ms
step:2694/3250 train_time:408.433s step_avg:151.61ms
step:2695/3250 train_time:409.014s step_avg:151.77ms
step:2696/3250 train_time:409.595s step_avg:151.93ms
step:2697/3250 train_time:410.177s step_avg:152.09ms
step:2698/3250 train_time:410.758s step_avg:152.25ms
step:2699/3250 train_time:411.341s step_avg:152.41ms
step:2700/3250 train_time:411.923s step_avg:152.56ms
step:2701/3250 train_time:412.508s step_avg:152.72ms
step:2702/3250 train_time:413.087s step_avg:152.88ms
step:2703/3250 train_time:413.672s step_avg:153.04ms
step:2704/3250 train_time:414.253s step_avg:153.20ms
step:2705/3250 train_time:414.836s step_avg:153.36ms
step:2706/3250 train_time:415.417s step_avg:153.52ms
step:2707/3250 train_time:415.999s step_avg:153.68ms
step:2708/3250 train_time:416.582s step_avg:153.83ms
step:2709/3250 train_time:417.166s step_avg:153.99ms
step:2710/3250 train_time:417.748s step_avg:154.15ms
step:2711/3250 train_time:418.329s step_avg:154.31ms
step:2712/3250 train_time:418.912s step_avg:154.47ms
step:2713/3250 train_time:419.494s step_avg:154.62ms
step:2714/3250 train_time:420.075s step_avg:154.78ms
step:2715/3250 train_time:420.655s step_avg:154.94ms
step:2716/3250 train_time:421.236s step_avg:155.09ms
step:2717/3250 train_time:421.815s step_avg:155.25ms
step:2718/3250 train_time:422.396s step_avg:155.41ms
step:2719/3250 train_time:422.977s step_avg:155.56ms
step:2720/3250 train_time:423.559s step_avg:155.72ms
step:2721/3250 train_time:424.143s step_avg:155.88ms
step:2722/3250 train_time:424.726s step_avg:156.03ms
step:2723/3250 train_time:425.343s step_avg:156.20ms
step:2724/3250 train_time:425.936s step_avg:156.36ms
step:2725/3250 train_time:426.511s step_avg:156.52ms
step:2726/3250 train_time:427.095s step_avg:156.67ms
step:2727/3250 train_time:427.670s step_avg:156.83ms
step:2728/3250 train_time:428.255s step_avg:156.99ms
step:2729/3250 train_time:428.833s step_avg:157.14ms
step:2730/3250 train_time:429.416s step_avg:157.30ms
step:2731/3250 train_time:429.994s step_avg:157.45ms
step:2732/3250 train_time:430.575s step_avg:157.60ms
step:2733/3250 train_time:431.155s step_avg:157.76ms
step:2734/3250 train_time:431.734s step_avg:157.91ms
step:2735/3250 train_time:432.315s step_avg:158.07ms
step:2736/3250 train_time:432.896s step_avg:158.22ms
step:2737/3250 train_time:433.477s step_avg:158.38ms
step:2738/3250 train_time:434.058s step_avg:158.53ms
step:2739/3250 train_time:434.642s step_avg:158.69ms
step:2740/3250 train_time:435.226s step_avg:158.84ms
step:2741/3250 train_time:435.811s step_avg:159.00ms
step:2742/3250 train_time:436.394s step_avg:159.15ms
step:2743/3250 train_time:436.974s step_avg:159.31ms
step:2744/3250 train_time:437.556s step_avg:159.46ms
step:2745/3250 train_time:438.134s step_avg:159.61ms
step:2746/3250 train_time:438.715s step_avg:159.77ms
step:2747/3250 train_time:439.292s step_avg:159.92ms
step:2748/3250 train_time:439.875s step_avg:160.07ms
step:2749/3250 train_time:440.454s step_avg:160.22ms
step:2750/3250 train_time:441.036s step_avg:160.38ms
step:2750/3250 val_loss:3.24326 train_time:441.048s step_avg:582.77ms
step:2751/3250 train_time:442.319s step_avg:160.78ms
ARM_EXIT=0 req026_b4x_mu95
