=== req023_f1500_a2 ===
W0831 00:47:42.687000 11449 torch/distributed/run.py:852] 
W0831 00:47:42.687000 11449 torch/distributed/run.py:852] *****************************************
W0831 00:47:42.687000 11449 torch/distributed/run.py:852] Setting OMP_NUM_THREADS environment variable for each process to be 1 in default, to avoid your system being overloaded, please further tune the variable for optimal performance in your application as needed. 
W0831 00:47:42.687000 11449 torch/distributed/run.py:852] *****************************************
logs/c3e87909-7f20-4006-b826-1d301e4072be.txt
resumed training state from step 1500 in eos_shared_state, skipped 1500 batches
step:0/3250 val_loss:3.52271 train_time:0.001s step_avg:nanms
learning_rates step:1500 [{'pattern': '^embed\\.weight$', 'lr': [0.7]}, {'pattern': '^proj\\.weight$', 'lr': [0.004]}, {'pattern': '^blocks\\..*\\.weight$', 'lr': [0.025], 'per_matrix': [{'sorted_index': 0, 'name': 'blocks.0.mlp.fc.weight', 'multiplier': 0.6, 'effective_lr': 0.015}, {'sorted_index': 1, 'name': 'blocks.1.mlp.fc.weight', 'multiplier': 1.7, 'effective_lr': 0.0425}, {'sorted_index': 2, 'name': 'blocks.2.mlp.fc.weight', 'multiplier': 1.7, 'effective_lr': 0.0425}, {'sorted_index': 3, 'name': 'blocks.3.mlp.fc.weight', 'multiplier': 1.7, 'effective_lr': 0.0425}, {'sorted_index': 4, 'name': 'blocks.4.mlp.fc.weight', 'multiplier': 0.6, 'effective_lr': 0.015}, {'sorted_index': 5, 'name': 'blocks.5.mlp.fc.weight', 'multiplier': 1.0, 'effective_lr': 0.025}, {'sorted_index': 6, 'name': 'blocks.6.mlp.fc.weight', 'multiplier': 0.6, 'effective_lr': 0.015}, {'sorted_index': 7, 'name': 'blocks.7.mlp.fc.weight', 'multiplier': 0.6, 'effective_lr': 0.015}, {'sorted_index': 8, 'name': 'blocks.8.mlp.fc.weight', 'multiplier': 1.0, 'effective_lr': 0.025}, {'sorted_index': 9, 'name': 'blocks.9.mlp.fc.weight', 'multiplier': 1.0, 'effective_lr': 0.025}, {'sorted_index': 10, 'name': 'blocks.10.mlp.fc.weight', 'multiplier': 1.7, 'effective_lr': 0.0425}, {'sorted_index': 11, 'name': 'blocks.11.mlp.fc.weight', 'multiplier': 1.0, 'effective_lr': 0.025}, {'sorted_index': 12, 'name': 'blocks.0.mlp.proj.weight', 'multiplier': 1.0, 'effective_lr': 0.025}, {'sorted_index': 13, 'name': 'blocks.1.mlp.proj.weight', 'multiplier': 1.0, 'effective_lr': 0.025}, {'sorted_index': 14, 'name': 'blocks.2.mlp.proj.weight', 'multiplier': 0.6, 'effective_lr': 0.015}, {'sorted_index': 15, 'name': 'blocks.3.mlp.proj.weight', 'multiplier': 0.6, 'effective_lr': 0.015}, {'sorted_index': 16, 'name': 'blocks.4.mlp.proj.weight', 'multiplier': 1.0, 'effective_lr': 0.025}, {'sorted_index': 17, 'name': 'blocks.5.mlp.proj.weight', 'multiplier': 1.7, 'effective_lr': 0.0425}, {'sorted_index': 18, 'name': 'blocks.6.mlp.proj.weight', 'multiplier': 1.7, 'effective_lr': 0.0425}, {'sorted_index': 19, 'name': 'blocks.7.mlp.proj.weight', 'multiplier': 1.0, 'effective_lr': 0.025}, {'sorted_index': 20, 'name': 'blocks.8.mlp.proj.weight', 'multiplier': 0.6, 'effective_lr': 0.015}, {'sorted_index': 21, 'name': 'blocks.9.mlp.proj.weight', 'multiplier': 1.7, 'effective_lr': 0.0425}, {'sorted_index': 22, 'name': 'blocks.10.mlp.proj.weight', 'multiplier': 1.7, 'effective_lr': 0.0425}, {'sorted_index': 23, 'name': 'blocks.11.mlp.proj.weight', 'multiplier': 0.6, 'effective_lr': 0.015}, {'sorted_index': 24, 'name': 'blocks.0.attn.q.weight', 'multiplier': 0.6, 'effective_lr': 0.015}, {'sorted_index': 25, 'name': 'blocks.0.attn.k.weight', 'multiplier': 0.6, 'effective_lr': 0.015}, {'sorted_index': 26, 'name': 'blocks.0.attn.v.weight', 'multiplier': 0.6, 'effective_lr': 0.015}, {'sorted_index': 27, 'name': 'blocks.0.attn.proj.weight', 'multiplier': 1.7, 'effective_lr': 0.0425}, {'sorted_index': 28, 'name': 'blocks.1.attn.q.weight', 'multiplier': 1.0, 'effective_lr': 0.025}, {'sorted_index': 29, 'name': 'blocks.1.attn.k.weight', 'multiplier': 1.0, 'effective_lr': 0.025}, {'sorted_index': 30, 'name': 'blocks.1.attn.v.weight', 'multiplier': 0.6, 'effective_lr': 0.015}, {'sorted_index': 31, 'name': 'blocks.1.attn.proj.weight', 'multiplier': 1.0, 'effective_lr': 0.025}, {'sorted_index': 32, 'name': 'blocks.2.attn.q.weight', 'multiplier': 0.6, 'effective_lr': 0.015}, {'sorted_index': 33, 'name': 'blocks.2.attn.k.weight', 'multiplier': 1.7, 'effective_lr': 0.0425}, {'sorted_index': 34, 'name': 'blocks.2.attn.v.weight', 'multiplier': 1.0, 'effective_lr': 0.025}, {'sorted_index': 35, 'name': 'blocks.2.attn.proj.weight', 'multiplier': 1.0, 'effective_lr': 0.025}, {'sorted_index': 36, 'name': 'blocks.3.attn.q.weight', 'multiplier': 1.7, 'effective_lr': 0.0425}, {'sorted_index': 37, 'name': 'blocks.3.attn.k.weight', 'multiplier': 1.7, 'effective_lr': 0.0425}, {'sorted_index': 38, 'name': 'blocks.3.attn.v.weight', 'multiplier': 1.7, 'effective_lr': 0.0425}, {'sorted_index': 39, 'name': 'blocks.3.attn.proj.weight', 'multiplier': 0.6, 'effective_lr': 0.015}, {'sorted_index': 40, 'name': 'blocks.4.attn.q.weight', 'multiplier': 1.7, 'effective_lr': 0.0425}, {'sorted_index': 41, 'name': 'blocks.4.attn.k.weight', 'multiplier': 0.6, 'effective_lr': 0.015}, {'sorted_index': 42, 'name': 'blocks.4.attn.v.weight', 'multiplier': 1.7, 'effective_lr': 0.0425}, {'sorted_index': 43, 'name': 'blocks.4.attn.proj.weight', 'multiplier': 1.0, 'effective_lr': 0.025}, {'sorted_index': 44, 'name': 'blocks.5.attn.q.weight', 'multiplier': 1.0, 'effective_lr': 0.025}, {'sorted_index': 45, 'name': 'blocks.5.attn.k.weight', 'multiplier': 1.7, 'effective_lr': 0.0425}, {'sorted_index': 46, 'name': 'blocks.5.attn.v.weight', 'multiplier': 1.0, 'effective_lr': 0.025}, {'sorted_index': 47, 'name': 'blocks.5.attn.proj.weight', 'multiplier': 1.7, 'effective_lr': 0.0425}, {'sorted_index': 48, 'name': 'blocks.6.attn.q.weight', 'multiplier': 0.6, 'effective_lr': 0.015}, {'sorted_index': 49, 'name': 'blocks.6.attn.k.weight', 'multiplier': 1.0, 'effective_lr': 0.025}, {'sorted_index': 50, 'name': 'blocks.6.attn.v.weight', 'multiplier': 1.7, 'effective_lr': 0.0425}, {'sorted_index': 51, 'name': 'blocks.6.attn.proj.weight', 'multiplier': 1.7, 'effective_lr': 0.0425}, {'sorted_index': 52, 'name': 'blocks.7.attn.q.weight', 'multiplier': 0.6, 'effective_lr': 0.015}, {'sorted_index': 53, 'name': 'blocks.7.attn.k.weight', 'multiplier': 1.7, 'effective_lr': 0.0425}, {'sorted_index': 54, 'name': 'blocks.7.attn.v.weight', 'multiplier': 0.6, 'effective_lr': 0.015}, {'sorted_index': 55, 'name': 'blocks.7.attn.proj.weight', 'multiplier': 1.0, 'effective_lr': 0.025}, {'sorted_index': 56, 'name': 'blocks.8.attn.q.weight', 'multiplier': 1.7, 'effective_lr': 0.0425}, {'sorted_index': 57, 'name': 'blocks.8.attn.k.weight', 'multiplier': 1.0, 'effective_lr': 0.025}, {'sorted_index': 58, 'name': 'blocks.8.attn.v.weight', 'multiplier': 1.0, 'effective_lr': 0.025}, {'sorted_index': 59, 'name': 'blocks.8.attn.proj.weight', 'multiplier': 0.6, 'effective_lr': 0.015}, {'sorted_index': 60, 'name': 'blocks.9.attn.q.weight', 'multiplier': 1.0, 'effective_lr': 0.025}, {'sorted_index': 61, 'name': 'blocks.9.attn.k.weight', 'multiplier': 0.6, 'effective_lr': 0.015}, {'sorted_index': 62, 'name': 'blocks.9.attn.v.weight', 'multiplier': 1.7, 'effective_lr': 0.0425}, {'sorted_index': 63, 'name': 'blocks.9.attn.proj.weight', 'multiplier': 0.6, 'effective_lr': 0.015}, {'sorted_index': 64, 'name': 'blocks.10.attn.q.weight', 'multiplier': 1.0, 'effective_lr': 0.025}, {'sorted_index': 65, 'name': 'blocks.10.attn.k.weight', 'multiplier': 0.6, 'effective_lr': 0.015}, {'sorted_index': 66, 'name': 'blocks.10.attn.v.weight', 'multiplier': 1.0, 'effective_lr': 0.025}, {'sorted_index': 67, 'name': 'blocks.10.attn.proj.weight', 'multiplier': 1.7, 'effective_lr': 0.0425}, {'sorted_index': 68, 'name': 'blocks.11.attn.q.weight', 'multiplier': 1.7, 'effective_lr': 0.0425}, {'sorted_index': 69, 'name': 'blocks.11.attn.k.weight', 'multiplier': 1.0, 'effective_lr': 0.025}, {'sorted_index': 70, 'name': 'blocks.11.attn.v.weight', 'multiplier': 0.6, 'effective_lr': 0.015}, {'sorted_index': 71, 'name': 'blocks.11.attn.proj.weight', 'multiplier': 0.6, 'effective_lr': 0.015}]}, {'pattern': '.*', 'lr': [0.015]}]
step:1501/3250 train_time:4.311s step_avg:2.87ms
learning_rates step:1501 [{'pattern': '^embed\\.weight$', 'lr': [0.7]}, {'pattern': '^proj\\.weight$', 'lr': [0.004]}, {'pattern': '^blocks\\..*\\.weight$', 'lr': [0.025], 'per_matrix': [{'sorted_index': 0, 'name': 'blocks.0.mlp.fc.weight', 'multiplier': 0.6, 'effective_lr': 0.015}, {'sorted_index': 1, 'name': 'blocks.1.mlp.fc.weight', 'multiplier': 1.7, 'effective_lr': 0.0425}, {'sorted_index': 2, 'name': 'blocks.2.mlp.fc.weight', 'multiplier': 1.7, 'effective_lr': 0.0425}, {'sorted_index': 3, 'name': 'blocks.3.mlp.fc.weight', 'multiplier': 1.7, 'effective_lr': 0.0425}, {'sorted_index': 4, 'name': 'blocks.4.mlp.fc.weight', 'multiplier': 0.6, 'effective_lr': 0.015}, {'sorted_index': 5, 'name': 'blocks.5.mlp.fc.weight', 'multiplier': 1.0, 'effective_lr': 0.025}, {'sorted_index': 6, 'name': 'blocks.6.mlp.fc.weight', 'multiplier': 0.6, 'effective_lr': 0.015}, {'sorted_index': 7, 'name': 'blocks.7.mlp.fc.weight', 'multiplier': 0.6, 'effective_lr': 0.015}, {'sorted_index': 8, 'name': 'blocks.8.mlp.fc.weight', 'multiplier': 1.0, 'effective_lr': 0.025}, {'sorted_index': 9, 'name': 'blocks.9.mlp.fc.weight', 'multiplier': 1.0, 'effective_lr': 0.025}, {'sorted_index': 10, 'name': 'blocks.10.mlp.fc.weight', 'multiplier': 1.7, 'effective_lr': 0.0425}, {'sorted_index': 11, 'name': 'blocks.11.mlp.fc.weight', 'multiplier': 1.0, 'effective_lr': 0.025}, {'sorted_index': 12, 'name': 'blocks.0.mlp.proj.weight', 'multiplier': 1.0, 'effective_lr': 0.025}, {'sorted_index': 13, 'name': 'blocks.1.mlp.proj.weight', 'multiplier': 1.0, 'effective_lr': 0.025}, {'sorted_index': 14, 'name': 'blocks.2.mlp.proj.weight', 'multiplier': 0.6, 'effective_lr': 0.015}, {'sorted_index': 15, 'name': 'blocks.3.mlp.proj.weight', 'multiplier': 0.6, 'effective_lr': 0.015}, {'sorted_index': 16, 'name': 'blocks.4.mlp.proj.weight', 'multiplier': 1.0, 'effective_lr': 0.025}, {'sorted_index': 17, 'name': 'blocks.5.mlp.proj.weight', 'multiplier': 1.7, 'effective_lr': 0.0425}, {'sorted_index': 18, 'name': 'blocks.6.mlp.proj.weight', 'multiplier': 1.7, 'effective_lr': 0.0425}, {'sorted_index': 19, 'name': 'blocks.7.mlp.proj.weight', 'multiplier': 1.0, 'effective_lr': 0.025}, {'sorted_index': 20, 'name': 'blocks.8.mlp.proj.weight', 'multiplier': 0.6, 'effective_lr': 0.015}, {'sorted_index': 21, 'name': 'blocks.9.mlp.proj.weight', 'multiplier': 1.7, 'effective_lr': 0.0425}, {'sorted_index': 22, 'name': 'blocks.10.mlp.proj.weight', 'multiplier': 1.7, 'effective_lr': 0.0425}, {'sorted_index': 23, 'name': 'blocks.11.mlp.proj.weight', 'multiplier': 0.6, 'effective_lr': 0.015}, {'sorted_index': 24, 'name': 'blocks.0.attn.q.weight', 'multiplier': 0.6, 'effective_lr': 0.015}, {'sorted_index': 25, 'name': 'blocks.0.attn.k.weight', 'multiplier': 0.6, 'effective_lr': 0.015}, {'sorted_index': 26, 'name': 'blocks.0.attn.v.weight', 'multiplier': 0.6, 'effective_lr': 0.015}, {'sorted_index': 27, 'name': 'blocks.0.attn.proj.weight', 'multiplier': 1.7, 'effective_lr': 0.0425}, {'sorted_index': 28, 'name': 'blocks.1.attn.q.weight', 'multiplier': 1.0, 'effective_lr': 0.025}, {'sorted_index': 29, 'name': 'blocks.1.attn.k.weight', 'multiplier': 1.0, 'effective_lr': 0.025}, {'sorted_index': 30, 'name': 'blocks.1.attn.v.weight', 'multiplier': 0.6, 'effective_lr': 0.015}, {'sorted_index': 31, 'name': 'blocks.1.attn.proj.weight', 'multiplier': 1.0, 'effective_lr': 0.025}, {'sorted_index': 32, 'name': 'blocks.2.attn.q.weight', 'multiplier': 0.6, 'effective_lr': 0.015}, {'sorted_index': 33, 'name': 'blocks.2.attn.k.weight', 'multiplier': 1.7, 'effective_lr': 0.0425}, {'sorted_index': 34, 'name': 'blocks.2.attn.v.weight', 'multiplier': 1.0, 'effective_lr': 0.025}, {'sorted_index': 35, 'name': 'blocks.2.attn.proj.weight', 'multiplier': 1.0, 'effective_lr': 0.025}, {'sorted_index': 36, 'name': 'blocks.3.attn.q.weight', 'multiplier': 1.7, 'effective_lr': 0.0425}, {'sorted_index': 37, 'name': 'blocks.3.attn.k.weight', 'multiplier': 1.7, 'effective_lr': 0.0425}, {'sorted_index': 38, 'name': 'blocks.3.attn.v.weight', 'multiplier': 1.7, 'effective_lr': 0.0425}, {'sorted_index': 39, 'name': 'blocks.3.attn.proj.weight', 'multiplier': 0.6, 'effective_lr': 0.015}, {'sorted_index': 40, 'name': 'blocks.4.attn.q.weight', 'multiplier': 1.7, 'effective_lr': 0.0425}, {'sorted_index': 41, 'name': 'blocks.4.attn.k.weight', 'multiplier': 0.6, 'effective_lr': 0.015}, {'sorted_index': 42, 'name': 'blocks.4.attn.v.weight', 'multiplier': 1.7, 'effective_lr': 0.0425}, {'sorted_index': 43, 'name': 'blocks.4.attn.proj.weight', 'multiplier': 1.0, 'effective_lr': 0.025}, {'sorted_index': 44, 'name': 'blocks.5.attn.q.weight', 'multiplier': 1.0, 'effective_lr': 0.025}, {'sorted_index': 45, 'name': 'blocks.5.attn.k.weight', 'multiplier': 1.7, 'effective_lr': 0.0425}, {'sorted_index': 46, 'name': 'blocks.5.attn.v.weight', 'multiplier': 1.0, 'effective_lr': 0.025}, {'sorted_index': 47, 'name': 'blocks.5.attn.proj.weight', 'multiplier': 1.7, 'effective_lr': 0.0425}, {'sorted_index': 48, 'name': 'blocks.6.attn.q.weight', 'multiplier': 0.6, 'effective_lr': 0.015}, {'sorted_index': 49, 'name': 'blocks.6.attn.k.weight', 'multiplier': 1.0, 'effective_lr': 0.025}, {'sorted_index': 50, 'name': 'blocks.6.attn.v.weight', 'multiplier': 1.7, 'effective_lr': 0.0425}, {'sorted_index': 51, 'name': 'blocks.6.attn.proj.weight', 'multiplier': 1.7, 'effective_lr': 0.0425}, {'sorted_index': 52, 'name': 'blocks.7.attn.q.weight', 'multiplier': 0.6, 'effective_lr': 0.015}, {'sorted_index': 53, 'name': 'blocks.7.attn.k.weight', 'multiplier': 1.7, 'effective_lr': 0.0425}, {'sorted_index': 54, 'name': 'blocks.7.attn.v.weight', 'multiplier': 0.6, 'effective_lr': 0.015}, {'sorted_index': 55, 'name': 'blocks.7.attn.proj.weight', 'multiplier': 1.0, 'effective_lr': 0.025}, {'sorted_index': 56, 'name': 'blocks.8.attn.q.weight', 'multiplier': 1.7, 'effective_lr': 0.0425}, {'sorted_index': 57, 'name': 'blocks.8.attn.k.weight', 'multiplier': 1.0, 'effective_lr': 0.025}, {'sorted_index': 58, 'name': 'blocks.8.attn.v.weight', 'multiplier': 1.0, 'effective_lr': 0.025}, {'sorted_index': 59, 'name': 'blocks.8.attn.proj.weight', 'multiplier': 0.6, 'effective_lr': 0.015}, {'sorted_index': 60, 'name': 'blocks.9.attn.q.weight', 'multiplier': 1.0, 'effective_lr': 0.025}, {'sorted_index': 61, 'name': 'blocks.9.attn.k.weight', 'multiplier': 0.6, 'effective_lr': 0.015}, {'sorted_index': 62, 'name': 'blocks.9.attn.v.weight', 'multiplier': 1.7, 'effective_lr': 0.0425}, {'sorted_index': 63, 'name': 'blocks.9.attn.proj.weight', 'multiplier': 0.6, 'effective_lr': 0.015}, {'sorted_index': 64, 'name': 'blocks.10.attn.q.weight', 'multiplier': 1.0, 'effective_lr': 0.025}, {'sorted_index': 65, 'name': 'blocks.10.attn.k.weight', 'multiplier': 0.6, 'effective_lr': 0.015}, {'sorted_index': 66, 'name': 'blocks.10.attn.v.weight', 'multiplier': 1.0, 'effective_lr': 0.025}, {'sorted_index': 67, 'name': 'blocks.10.attn.proj.weight', 'multiplier': 1.7, 'effective_lr': 0.0425}, {'sorted_index': 68, 'name': 'blocks.11.attn.q.weight', 'multiplier': 1.7, 'effective_lr': 0.0425}, {'sorted_index': 69, 'name': 'blocks.11.attn.k.weight', 'multiplier': 1.0, 'effective_lr': 0.025}, {'sorted_index': 70, 'name': 'blocks.11.attn.v.weight', 'multiplier': 0.6, 'effective_lr': 0.015}, {'sorted_index': 71, 'name': 'blocks.11.attn.proj.weight', 'multiplier': 0.6, 'effective_lr': 0.015}]}, {'pattern': '.*', 'lr': [0.015]}]
step:1502/3250 train_time:4.450s step_avg:2.96ms
step:1503/3250 train_time:4.603s step_avg:3.06ms
step:1504/3250 train_time:4.756s step_avg:3.16ms
step:1505/3250 train_time:4.909s step_avg:3.26ms
step:1506/3250 train_time:5.064s step_avg:3.36ms
step:1507/3250 train_time:5.217s step_avg:3.46ms
step:1508/3250 train_time:5.371s step_avg:3.56ms
step:1509/3250 train_time:5.525s step_avg:3.66ms
step:1510/3250 train_time:5.679s step_avg:3.76ms
step:1511/3250 train_time:5.832s step_avg:3.86ms
step:1512/3250 train_time:5.987s step_avg:3.96ms
step:1513/3250 train_time:6.142s step_avg:4.06ms
step:1514/3250 train_time:6.295s step_avg:4.16ms
step:1515/3250 train_time:6.448s step_avg:4.26ms
step:1516/3250 train_time:6.603s step_avg:4.36ms
step:1517/3250 train_time:6.757s step_avg:4.45ms
step:1518/3250 train_time:6.910s step_avg:4.55ms
step:1519/3250 train_time:7.066s step_avg:4.65ms
step:1520/3250 train_time:7.219s step_avg:4.75ms
step:1521/3250 train_time:7.404s step_avg:4.87ms
step:1522/3250 train_time:7.556s step_avg:4.96ms
step:1523/3250 train_time:7.710s step_avg:5.06ms
step:1524/3250 train_time:7.865s step_avg:5.16ms
step:1525/3250 train_time:8.019s step_avg:5.26ms
step:1526/3250 train_time:8.172s step_avg:5.36ms
step:1527/3250 train_time:8.326s step_avg:5.45ms
step:1528/3250 train_time:8.481s step_avg:5.55ms
step:1529/3250 train_time:8.634s step_avg:5.65ms
step:1530/3250 train_time:8.788s step_avg:5.74ms
step:1531/3250 train_time:8.944s step_avg:5.84ms
step:1532/3250 train_time:9.097s step_avg:5.94ms
step:1533/3250 train_time:9.249s step_avg:6.03ms
step:1534/3250 train_time:9.404s step_avg:6.13ms
step:1535/3250 train_time:9.558s step_avg:6.23ms
step:1536/3250 train_time:9.711s step_avg:6.32ms
step:1537/3250 train_time:9.867s step_avg:6.42ms
step:1538/3250 train_time:10.018s step_avg:6.51ms
step:1539/3250 train_time:10.172s step_avg:6.61ms
step:1540/3250 train_time:10.327s step_avg:6.71ms
step:1541/3250 train_time:10.482s step_avg:6.80ms
step:1542/3250 train_time:10.635s step_avg:6.90ms
step:1543/3250 train_time:10.789s step_avg:6.99ms
step:1544/3250 train_time:10.945s step_avg:7.09ms
step:1545/3250 train_time:11.098s step_avg:7.18ms
step:1546/3250 train_time:11.253s step_avg:7.28ms
step:1547/3250 train_time:11.407s step_avg:7.37ms
step:1548/3250 train_time:11.563s step_avg:7.47ms
step:1549/3250 train_time:11.716s step_avg:7.56ms
step:1550/3250 train_time:11.871s step_avg:7.66ms
step:1551/3250 train_time:12.025s step_avg:7.75ms
step:1552/3250 train_time:12.180s step_avg:7.85ms
step:1553/3250 train_time:12.333s step_avg:7.94ms
step:1554/3250 train_time:12.488s step_avg:8.04ms
step:1555/3250 train_time:12.642s step_avg:8.13ms
step:1556/3250 train_time:12.795s step_avg:8.22ms
step:1557/3250 train_time:12.950s step_avg:8.32ms
step:1558/3250 train_time:13.104s step_avg:8.41ms
step:1559/3250 train_time:13.258s step_avg:8.50ms
step:1560/3250 train_time:13.412s step_avg:8.60ms
step:1561/3250 train_time:13.567s step_avg:8.69ms
step:1562/3250 train_time:13.722s step_avg:8.78ms
step:1563/3250 train_time:13.876s step_avg:8.88ms
step:1564/3250 train_time:14.030s step_avg:8.97ms
step:1565/3250 train_time:14.186s step_avg:9.06ms
step:1566/3250 train_time:14.340s step_avg:9.16ms
step:1567/3250 train_time:14.493s step_avg:9.25ms
step:1568/3250 train_time:14.647s step_avg:9.34ms
step:1569/3250 train_time:14.800s step_avg:9.43ms
step:1570/3250 train_time:14.953s step_avg:9.52ms
step:1571/3250 train_time:15.106s step_avg:9.62ms
step:1572/3250 train_time:15.259s step_avg:9.71ms
step:1573/3250 train_time:15.412s step_avg:9.80ms
step:1574/3250 train_time:15.567s step_avg:9.89ms
step:1575/3250 train_time:15.720s step_avg:9.98ms
step:1576/3250 train_time:15.873s step_avg:10.07ms
step:1577/3250 train_time:16.026s step_avg:10.16ms
step:1578/3250 train_time:16.180s step_avg:10.25ms
step:1579/3250 train_time:16.333s step_avg:10.34ms
step:1580/3250 train_time:16.487s step_avg:10.43ms
step:1581/3250 train_time:16.640s step_avg:10.52ms
step:1582/3250 train_time:16.792s step_avg:10.61ms
step:1583/3250 train_time:16.946s step_avg:10.71ms
step:1584/3250 train_time:17.100s step_avg:10.80ms
step:1585/3250 train_time:17.252s step_avg:10.88ms
step:1586/3250 train_time:17.406s step_avg:10.97ms
step:1587/3250 train_time:17.560s step_avg:11.07ms
step:1588/3250 train_time:17.714s step_avg:11.15ms
step:1589/3250 train_time:17.868s step_avg:11.24ms
step:1590/3250 train_time:18.022s step_avg:11.33ms
step:1591/3250 train_time:18.175s step_avg:11.42ms
step:1592/3250 train_time:18.328s step_avg:11.51ms
step:1593/3250 train_time:18.483s step_avg:11.60ms
step:1594/3250 train_time:18.636s step_avg:11.69ms
step:1595/3250 train_time:18.790s step_avg:11.78ms
step:1596/3250 train_time:18.945s step_avg:11.87ms
step:1597/3250 train_time:19.097s step_avg:11.96ms
step:1598/3250 train_time:19.251s step_avg:12.05ms
step:1599/3250 train_time:19.406s step_avg:12.14ms
step:1600/3250 train_time:19.560s step_avg:12.23ms
step:1601/3250 train_time:19.713s step_avg:12.31ms
step:1602/3250 train_time:19.868s step_avg:12.40ms
step:1603/3250 train_time:20.022s step_avg:12.49ms
step:1604/3250 train_time:20.175s step_avg:12.58ms
step:1605/3250 train_time:20.328s step_avg:12.67ms
step:1606/3250 train_time:20.483s step_avg:12.75ms
step:1607/3250 train_time:20.637s step_avg:12.84ms
step:1608/3250 train_time:20.790s step_avg:12.93ms
step:1609/3250 train_time:20.944s step_avg:13.02ms
step:1610/3250 train_time:21.097s step_avg:13.10ms
step:1611/3250 train_time:21.251s step_avg:13.19ms
step:1612/3250 train_time:21.405s step_avg:13.28ms
step:1613/3250 train_time:21.559s step_avg:13.37ms
step:1614/3250 train_time:21.712s step_avg:13.45ms
step:1615/3250 train_time:21.867s step_avg:13.54ms
step:1616/3250 train_time:22.022s step_avg:13.63ms
step:1617/3250 train_time:22.175s step_avg:13.71ms
step:1618/3250 train_time:22.328s step_avg:13.80ms
step:1619/3250 train_time:22.480s step_avg:13.89ms
step:1620/3250 train_time:22.633s step_avg:13.97ms
step:1621/3250 train_time:22.787s step_avg:14.06ms
step:1622/3250 train_time:22.942s step_avg:14.14ms
step:1623/3250 train_time:23.095s step_avg:14.23ms
step:1624/3250 train_time:23.248s step_avg:14.32ms
step:1625/3250 train_time:23.402s step_avg:14.40ms
step:1625/3250 val_loss:3.56824 train_time:23.414s step_avg:14.41ms
step:1626/3250 train_time:24.191s step_avg:14.88ms
step:1627/3250 train_time:24.330s step_avg:14.95ms
step:1628/3250 train_time:24.483s step_avg:15.04ms
step:1629/3250 train_time:24.637s step_avg:15.12ms
step:1630/3250 train_time:24.789s step_avg:15.21ms
step:1631/3250 train_time:24.942s step_avg:15.29ms
step:1632/3250 train_time:25.097s step_avg:15.38ms
step:1633/3250 train_time:25.250s step_avg:15.46ms
step:1634/3250 train_time:25.404s step_avg:15.55ms
step:1635/3250 train_time:25.559s step_avg:15.63ms
step:1636/3250 train_time:25.714s step_avg:15.72ms
step:1637/3250 train_time:25.867s step_avg:15.80ms
step:1638/3250 train_time:26.021s step_avg:15.89ms
step:1639/3250 train_time:26.176s step_avg:15.97ms
step:1640/3250 train_time:26.329s step_avg:16.05ms
step:1641/3250 train_time:26.482s step_avg:16.14ms
step:1642/3250 train_time:26.636s step_avg:16.22ms
step:1643/3250 train_time:26.790s step_avg:16.31ms
step:1644/3250 train_time:26.943s step_avg:16.39ms
step:1645/3250 train_time:27.098s step_avg:16.47ms
step:1646/3250 train_time:27.251s step_avg:16.56ms
step:1647/3250 train_time:27.405s step_avg:16.64ms
step:1648/3250 train_time:27.558s step_avg:16.72ms
step:1649/3250 train_time:27.714s step_avg:16.81ms
step:1650/3250 train_time:27.868s step_avg:16.89ms
step:1651/3250 train_time:28.022s step_avg:16.97ms
step:1652/3250 train_time:28.177s step_avg:17.06ms
step:1653/3250 train_time:28.331s step_avg:17.14ms
step:1654/3250 train_time:28.485s step_avg:17.22ms
step:1655/3250 train_time:28.639s step_avg:17.30ms
step:1656/3250 train_time:28.794s step_avg:17.39ms
step:1657/3250 train_time:28.949s step_avg:17.47ms
step:1658/3250 train_time:29.103s step_avg:17.55ms
step:1659/3250 train_time:29.258s step_avg:17.64ms
step:1660/3250 train_time:29.412s step_avg:17.72ms
step:1661/3250 train_time:29.566s step_avg:17.80ms
step:1662/3250 train_time:29.720s step_avg:17.88ms
step:1663/3250 train_time:29.876s step_avg:17.97ms
step:1664/3250 train_time:30.029s step_avg:18.05ms
step:1665/3250 train_time:30.183s step_avg:18.13ms
step:1666/3250 train_time:30.338s step_avg:18.21ms
step:1667/3250 train_time:30.494s step_avg:18.29ms
step:1668/3250 train_time:30.648s step_avg:18.37ms
step:1669/3250 train_time:30.802s step_avg:18.46ms
step:1670/3250 train_time:30.955s step_avg:18.54ms
step:1671/3250 train_time:31.110s step_avg:18.62ms
step:1672/3250 train_time:31.264s step_avg:18.70ms
step:1673/3250 train_time:31.419s step_avg:18.78ms
step:1674/3250 train_time:31.574s step_avg:18.86ms
step:1675/3250 train_time:31.726s step_avg:18.94ms
step:1676/3250 train_time:31.881s step_avg:19.02ms
step:1677/3250 train_time:32.035s step_avg:19.10ms
step:1678/3250 train_time:32.191s step_avg:19.18ms
step:1679/3250 train_time:32.344s step_avg:19.26ms
step:1680/3250 train_time:32.499s step_avg:19.34ms
step:1681/3250 train_time:32.654s step_avg:19.43ms
step:1682/3250 train_time:32.808s step_avg:19.51ms
step:1683/3250 train_time:32.961s step_avg:19.58ms
step:1684/3250 train_time:33.117s step_avg:19.67ms
step:1685/3250 train_time:33.271s step_avg:19.75ms
step:1686/3250 train_time:33.423s step_avg:19.82ms
step:1687/3250 train_time:33.578s step_avg:19.90ms
step:1688/3250 train_time:33.733s step_avg:19.98ms
step:1689/3250 train_time:33.886s step_avg:20.06ms
step:1690/3250 train_time:34.040s step_avg:20.14ms
step:1691/3250 train_time:34.196s step_avg:20.22ms
step:1692/3250 train_time:34.350s step_avg:20.30ms
step:1693/3250 train_time:34.505s step_avg:20.38ms
step:1694/3250 train_time:34.659s step_avg:20.46ms
step:1695/3250 train_time:34.816s step_avg:20.54ms
step:1696/3250 train_time:34.971s step_avg:20.62ms
step:1697/3250 train_time:35.124s step_avg:20.70ms
step:1698/3250 train_time:35.279s step_avg:20.78ms
step:1699/3250 train_time:35.432s step_avg:20.85ms
step:1700/3250 train_time:35.586s step_avg:20.93ms
step:1701/3250 train_time:35.740s step_avg:21.01ms
step:1702/3250 train_time:35.896s step_avg:21.09ms
step:1703/3250 train_time:36.050s step_avg:21.17ms
step:1704/3250 train_time:36.204s step_avg:21.25ms
step:1705/3250 train_time:36.358s step_avg:21.32ms
step:1706/3250 train_time:36.515s step_avg:21.40ms
step:1707/3250 train_time:36.669s step_avg:21.48ms
step:1708/3250 train_time:36.823s step_avg:21.56ms
step:1709/3250 train_time:36.979s step_avg:21.64ms
step:1710/3250 train_time:37.133s step_avg:21.72ms
step:1711/3250 train_time:37.322s step_avg:21.81ms
step:1712/3250 train_time:37.477s step_avg:21.89ms
step:1713/3250 train_time:37.630s step_avg:21.97ms
step:1714/3250 train_time:37.783s step_avg:22.04ms
step:1715/3250 train_time:37.938s step_avg:22.12ms
step:1716/3250 train_time:38.093s step_avg:22.20ms
step:1717/3250 train_time:38.247s step_avg:22.28ms
step:1718/3250 train_time:38.401s step_avg:22.35ms
step:1719/3250 train_time:38.556s step_avg:22.43ms
step:1720/3250 train_time:38.710s step_avg:22.51ms
step:1721/3250 train_time:38.863s step_avg:22.58ms
step:1722/3250 train_time:39.018s step_avg:22.66ms
step:1723/3250 train_time:39.172s step_avg:22.74ms
step:1724/3250 train_time:39.325s step_avg:22.81ms
step:1725/3250 train_time:39.479s step_avg:22.89ms
step:1726/3250 train_time:39.633s step_avg:22.96ms
step:1727/3250 train_time:39.786s step_avg:23.04ms
step:1728/3250 train_time:39.940s step_avg:23.11ms
step:1729/3250 train_time:40.095s step_avg:23.19ms
step:1730/3250 train_time:40.250s step_avg:23.27ms
step:1731/3250 train_time:40.403s step_avg:23.34ms
step:1732/3250 train_time:40.557s step_avg:23.42ms
step:1733/3250 train_time:40.712s step_avg:23.49ms
step:1734/3250 train_time:40.865s step_avg:23.57ms
step:1735/3250 train_time:41.019s step_avg:23.64ms
step:1736/3250 train_time:41.173s step_avg:23.72ms
step:1737/3250 train_time:41.326s step_avg:23.79ms
step:1738/3250 train_time:41.480s step_avg:23.87ms
step:1739/3250 train_time:41.633s step_avg:23.94ms
step:1740/3250 train_time:41.788s step_avg:24.02ms
step:1741/3250 train_time:41.942s step_avg:24.09ms
step:1742/3250 train_time:42.097s step_avg:24.17ms
step:1743/3250 train_time:42.251s step_avg:24.24ms
step:1744/3250 train_time:42.405s step_avg:24.31ms
step:1745/3250 train_time:42.558s step_avg:24.39ms
step:1746/3250 train_time:42.713s step_avg:24.46ms
step:1747/3250 train_time:42.867s step_avg:24.54ms
step:1748/3250 train_time:43.021s step_avg:24.61ms
step:1749/3250 train_time:43.176s step_avg:24.69ms
step:1750/3250 train_time:43.329s step_avg:24.76ms
step:1750/3250 val_loss:3.55632 train_time:43.341s step_avg:159.41ms
step:1751/3250 train_time:44.120s step_avg:25.20ms
step:1752/3250 train_time:44.260s step_avg:25.26ms
step:1753/3250 train_time:44.414s step_avg:25.34ms
step:1754/3250 train_time:44.566s step_avg:25.41ms
step:1755/3250 train_time:44.721s step_avg:25.48ms
step:1756/3250 train_time:44.875s step_avg:25.55ms
step:1757/3250 train_time:45.029s step_avg:25.63ms
step:1758/3250 train_time:45.183s step_avg:25.70ms
step:1759/3250 train_time:45.337s step_avg:25.77ms
step:1760/3250 train_time:45.490s step_avg:25.85ms
step:1761/3250 train_time:45.644s step_avg:25.92ms
step:1762/3250 train_time:45.799s step_avg:25.99ms
step:1763/3250 train_time:45.951s step_avg:26.06ms
step:1764/3250 train_time:46.106s step_avg:26.14ms
step:1765/3250 train_time:46.260s step_avg:26.21ms
step:1766/3250 train_time:46.414s step_avg:26.28ms
step:1767/3250 train_time:46.567s step_avg:26.35ms
step:1768/3250 train_time:46.723s step_avg:26.43ms
step:1769/3250 train_time:46.877s step_avg:26.50ms
step:1770/3250 train_time:47.031s step_avg:26.57ms
step:1771/3250 train_time:47.185s step_avg:26.64ms
step:1772/3250 train_time:47.340s step_avg:26.72ms
step:1773/3250 train_time:47.492s step_avg:26.79ms
step:1774/3250 train_time:47.646s step_avg:26.86ms
step:1775/3250 train_time:47.801s step_avg:26.93ms
step:1776/3250 train_time:47.954s step_avg:27.00ms
step:1777/3250 train_time:48.108s step_avg:27.07ms
step:1778/3250 train_time:48.262s step_avg:27.14ms
step:1779/3250 train_time:48.417s step_avg:27.22ms
step:1780/3250 train_time:48.570s step_avg:27.29ms
step:1781/3250 train_time:48.725s step_avg:27.36ms
step:1782/3250 train_time:48.881s step_avg:27.43ms
step:1783/3250 train_time:49.034s step_avg:27.50ms
step:1784/3250 train_time:49.187s step_avg:27.57ms
step:1785/3250 train_time:49.343s step_avg:27.64ms
step:1786/3250 train_time:49.497s step_avg:27.71ms
step:1787/3250 train_time:49.650s step_avg:27.78ms
step:1788/3250 train_time:49.805s step_avg:27.85ms
step:1789/3250 train_time:49.959s step_avg:27.93ms
step:1790/3250 train_time:50.112s step_avg:28.00ms
step:1791/3250 train_time:50.266s step_avg:28.07ms
step:1792/3250 train_time:50.420s step_avg:28.14ms
step:1793/3250 train_time:50.573s step_avg:28.21ms
step:1794/3250 train_time:50.728s step_avg:28.28ms
step:1795/3250 train_time:50.883s step_avg:28.35ms
step:1796/3250 train_time:51.037s step_avg:28.42ms
step:1797/3250 train_time:51.189s step_avg:28.49ms
step:1798/3250 train_time:51.344s step_avg:28.56ms
step:1799/3250 train_time:51.498s step_avg:28.63ms
step:1800/3250 train_time:51.651s step_avg:28.70ms
step:1801/3250 train_time:51.805s step_avg:28.76ms
step:1802/3250 train_time:51.959s step_avg:28.83ms
step:1803/3250 train_time:52.112s step_avg:28.90ms
step:1804/3250 train_time:52.267s step_avg:28.97ms
step:1805/3250 train_time:52.422s step_avg:29.04ms
step:1806/3250 train_time:52.576s step_avg:29.11ms
step:1807/3250 train_time:52.729s step_avg:29.18ms
step:1808/3250 train_time:52.883s step_avg:29.25ms
step:1809/3250 train_time:53.039s step_avg:29.32ms
step:1810/3250 train_time:53.192s step_avg:29.39ms
step:1811/3250 train_time:53.346s step_avg:29.46ms
step:1812/3250 train_time:53.501s step_avg:29.53ms
step:1813/3250 train_time:53.654s step_avg:29.59ms
step:1814/3250 train_time:53.808s step_avg:29.66ms
step:1815/3250 train_time:53.962s step_avg:29.73ms
step:1816/3250 train_time:54.116s step_avg:29.80ms
step:1817/3250 train_time:54.269s step_avg:29.87ms
step:1818/3250 train_time:54.425s step_avg:29.94ms
step:1819/3250 train_time:54.580s step_avg:30.01ms
step:1820/3250 train_time:54.734s step_avg:30.07ms
step:1821/3250 train_time:54.887s step_avg:30.14ms
step:1822/3250 train_time:55.043s step_avg:30.21ms
step:1823/3250 train_time:55.197s step_avg:30.28ms
step:1824/3250 train_time:55.350s step_avg:30.35ms
step:1825/3250 train_time:55.504s step_avg:30.41ms
step:1826/3250 train_time:55.657s step_avg:30.48ms
step:1827/3250 train_time:55.810s step_avg:30.55ms
step:1828/3250 train_time:55.965s step_avg:30.62ms
step:1829/3250 train_time:56.119s step_avg:30.68ms
step:1830/3250 train_time:56.273s step_avg:30.75ms
step:1831/3250 train_time:56.427s step_avg:30.82ms
step:1832/3250 train_time:56.582s step_avg:30.89ms
step:1833/3250 train_time:56.737s step_avg:30.95ms
step:1834/3250 train_time:56.890s step_avg:31.02ms
step:1835/3250 train_time:57.044s step_avg:31.09ms
step:1836/3250 train_time:57.198s step_avg:31.15ms
step:1837/3250 train_time:57.350s step_avg:31.22ms
step:1838/3250 train_time:57.505s step_avg:31.29ms
step:1839/3250 train_time:57.658s step_avg:31.35ms
step:1840/3250 train_time:57.811s step_avg:31.42ms
step:1841/3250 train_time:57.966s step_avg:31.49ms
step:1842/3250 train_time:58.121s step_avg:31.55ms
step:1843/3250 train_time:58.275s step_avg:31.62ms
step:1844/3250 train_time:58.429s step_avg:31.69ms
step:1845/3250 train_time:58.582s step_avg:31.75ms
step:1846/3250 train_time:58.737s step_avg:31.82ms
step:1847/3250 train_time:58.890s step_avg:31.88ms
step:1848/3250 train_time:59.045s step_avg:31.95ms
step:1849/3250 train_time:59.200s step_avg:32.02ms
step:1850/3250 train_time:59.353s step_avg:32.08ms
step:1851/3250 train_time:59.507s step_avg:32.15ms
step:1852/3250 train_time:59.661s step_avg:32.21ms
step:1853/3250 train_time:59.815s step_avg:32.28ms
step:1854/3250 train_time:59.969s step_avg:32.35ms
step:1855/3250 train_time:60.125s step_avg:32.41ms
step:1856/3250 train_time:60.279s step_avg:32.48ms
step:1857/3250 train_time:60.433s step_avg:32.54ms
step:1858/3250 train_time:60.586s step_avg:32.61ms
step:1859/3250 train_time:60.743s step_avg:32.67ms
step:1860/3250 train_time:60.897s step_avg:32.74ms
step:1861/3250 train_time:61.049s step_avg:32.80ms
step:1862/3250 train_time:61.203s step_avg:32.87ms
step:1863/3250 train_time:61.357s step_avg:32.93ms
step:1864/3250 train_time:61.510s step_avg:33.00ms
step:1865/3250 train_time:61.664s step_avg:33.06ms
step:1866/3250 train_time:61.819s step_avg:33.13ms
step:1867/3250 train_time:61.973s step_avg:33.19ms
step:1868/3250 train_time:62.127s step_avg:33.26ms
step:1869/3250 train_time:62.282s step_avg:33.32ms
step:1870/3250 train_time:62.437s step_avg:33.39ms
step:1871/3250 train_time:62.590s step_avg:33.45ms
step:1872/3250 train_time:62.745s step_avg:33.52ms
step:1873/3250 train_time:62.899s step_avg:33.58ms
step:1874/3250 train_time:63.052s step_avg:33.65ms
step:1875/3250 train_time:63.206s step_avg:33.71ms
step:1875/3250 val_loss:3.54516 train_time:63.218s step_avg:159.02ms
step:1876/3250 train_time:63.983s step_avg:34.11ms
step:1877/3250 train_time:64.124s step_avg:34.16ms
step:1878/3250 train_time:64.278s step_avg:34.23ms
step:1879/3250 train_time:64.433s step_avg:34.29ms
step:1880/3250 train_time:64.586s step_avg:34.35ms
step:1881/3250 train_time:64.740s step_avg:34.42ms
step:1882/3250 train_time:64.893s step_avg:34.48ms
step:1883/3250 train_time:65.049s step_avg:34.55ms
step:1884/3250 train_time:65.200s step_avg:34.61ms
step:1885/3250 train_time:65.354s step_avg:34.67ms
step:1886/3250 train_time:65.510s step_avg:34.73ms
step:1887/3250 train_time:65.664s step_avg:34.80ms
step:1888/3250 train_time:65.817s step_avg:34.86ms
step:1889/3250 train_time:65.970s step_avg:34.92ms
step:1890/3250 train_time:66.124s step_avg:34.99ms
step:1891/3250 train_time:66.277s step_avg:35.05ms
step:1892/3250 train_time:66.432s step_avg:35.11ms
step:1893/3250 train_time:66.585s step_avg:35.17ms
step:1894/3250 train_time:66.738s step_avg:35.24ms
step:1895/3250 train_time:66.892s step_avg:35.30ms
step:1896/3250 train_time:67.048s step_avg:35.36ms
step:1897/3250 train_time:67.200s step_avg:35.42ms
step:1898/3250 train_time:67.354s step_avg:35.49ms
step:1899/3250 train_time:67.507s step_avg:35.55ms
step:1900/3250 train_time:67.661s step_avg:35.61ms
step:1901/3250 train_time:67.848s step_avg:35.69ms
step:1902/3250 train_time:68.000s step_avg:35.75ms
step:1903/3250 train_time:68.154s step_avg:35.81ms
step:1904/3250 train_time:68.309s step_avg:35.88ms
step:1905/3250 train_time:68.464s step_avg:35.94ms
step:1906/3250 train_time:68.617s step_avg:36.00ms
step:1907/3250 train_time:68.771s step_avg:36.06ms
step:1908/3250 train_time:68.926s step_avg:36.12ms
step:1909/3250 train_time:69.078s step_avg:36.19ms
step:1910/3250 train_time:69.233s step_avg:36.25ms
step:1911/3250 train_time:69.387s step_avg:36.31ms
step:1912/3250 train_time:69.539s step_avg:36.37ms
step:1913/3250 train_time:69.693s step_avg:36.43ms
step:1914/3250 train_time:69.849s step_avg:36.49ms
step:1915/3250 train_time:70.003s step_avg:36.56ms
step:1916/3250 train_time:70.157s step_avg:36.62ms
step:1917/3250 train_time:70.310s step_avg:36.68ms
step:1918/3250 train_time:70.464s step_avg:36.74ms
step:1919/3250 train_time:70.617s step_avg:36.80ms
step:1920/3250 train_time:70.772s step_avg:36.86ms
step:1921/3250 train_time:70.927s step_avg:36.92ms
step:1922/3250 train_time:71.079s step_avg:36.98ms
step:1923/3250 train_time:71.233s step_avg:37.04ms
step:1924/3250 train_time:71.388s step_avg:37.10ms
step:1925/3250 train_time:71.542s step_avg:37.16ms
step:1926/3250 train_time:71.696s step_avg:37.23ms
step:1927/3250 train_time:71.851s step_avg:37.29ms
step:1928/3250 train_time:72.004s step_avg:37.35ms
step:1929/3250 train_time:72.158s step_avg:37.41ms
step:1930/3250 train_time:72.312s step_avg:37.47ms
step:1931/3250 train_time:72.467s step_avg:37.53ms
step:1932/3250 train_time:72.620s step_avg:37.59ms
step:1933/3250 train_time:72.774s step_avg:37.65ms
step:1934/3250 train_time:72.929s step_avg:37.71ms
step:1935/3250 train_time:73.082s step_avg:37.77ms
step:1936/3250 train_time:73.236s step_avg:37.83ms
step:1937/3250 train_time:73.390s step_avg:37.89ms
step:1938/3250 train_time:73.544s step_avg:37.95ms
step:1939/3250 train_time:73.697s step_avg:38.01ms
step:1940/3250 train_time:73.852s step_avg:38.07ms
step:1941/3250 train_time:74.006s step_avg:38.13ms
step:1942/3250 train_time:74.160s step_avg:38.19ms
step:1943/3250 train_time:74.313s step_avg:38.25ms
step:1944/3250 train_time:74.468s step_avg:38.31ms
step:1945/3250 train_time:74.621s step_avg:38.37ms
step:1946/3250 train_time:74.775s step_avg:38.42ms
step:1947/3250 train_time:74.931s step_avg:38.49ms
step:1948/3250 train_time:75.083s step_avg:38.54ms
step:1949/3250 train_time:75.237s step_avg:38.60ms
step:1950/3250 train_time:75.391s step_avg:38.66ms
step:1951/3250 train_time:75.545s step_avg:38.72ms
step:1952/3250 train_time:75.697s step_avg:38.78ms
step:1953/3250 train_time:75.853s step_avg:38.84ms
step:1954/3250 train_time:76.007s step_avg:38.90ms
step:1955/3250 train_time:76.161s step_avg:38.96ms
step:1956/3250 train_time:76.314s step_avg:39.02ms
step:1957/3250 train_time:76.469s step_avg:39.07ms
step:1958/3250 train_time:76.623s step_avg:39.13ms
step:1959/3250 train_time:76.777s step_avg:39.19ms
step:1960/3250 train_time:76.932s step_avg:39.25ms
step:1961/3250 train_time:77.086s step_avg:39.31ms
step:1962/3250 train_time:77.239s step_avg:39.37ms
step:1963/3250 train_time:77.393s step_avg:39.43ms
step:1964/3250 train_time:77.548s step_avg:39.48ms
step:1965/3250 train_time:77.702s step_avg:39.54ms
step:1966/3250 train_time:77.856s step_avg:39.60ms
step:1967/3250 train_time:78.011s step_avg:39.66ms
step:1968/3250 train_time:78.165s step_avg:39.72ms
step:1969/3250 train_time:78.318s step_avg:39.78ms
step:1970/3250 train_time:78.473s step_avg:39.83ms
step:1971/3250 train_time:78.628s step_avg:39.89ms
step:1972/3250 train_time:78.781s step_avg:39.95ms
step:1973/3250 train_time:78.935s step_avg:40.01ms
step:1974/3250 train_time:79.089s step_avg:40.07ms
step:1975/3250 train_time:79.244s step_avg:40.12ms
step:1976/3250 train_time:79.397s step_avg:40.18ms
step:1977/3250 train_time:79.551s step_avg:40.24ms
step:1978/3250 train_time:79.706s step_avg:40.30ms
step:1979/3250 train_time:79.860s step_avg:40.35ms
step:1980/3250 train_time:80.013s step_avg:40.41ms
step:1981/3250 train_time:80.168s step_avg:40.47ms
step:1982/3250 train_time:80.320s step_avg:40.52ms
step:1983/3250 train_time:80.474s step_avg:40.58ms
step:1984/3250 train_time:80.628s step_avg:40.64ms
step:1985/3250 train_time:80.782s step_avg:40.70ms
step:1986/3250 train_time:80.935s step_avg:40.75ms
step:1987/3250 train_time:81.090s step_avg:40.81ms
step:1988/3250 train_time:81.245s step_avg:40.87ms
step:1989/3250 train_time:81.396s step_avg:40.92ms
step:1990/3250 train_time:81.552s step_avg:40.98ms
step:1991/3250 train_time:81.705s step_avg:41.04ms
step:1992/3250 train_time:81.858s step_avg:41.09ms
step:1993/3250 train_time:82.012s step_avg:41.15ms
step:1994/3250 train_time:82.167s step_avg:41.21ms
step:1995/3250 train_time:82.321s step_avg:41.26ms
step:1996/3250 train_time:82.474s step_avg:41.32ms
step:1997/3250 train_time:82.629s step_avg:41.38ms
step:1998/3250 train_time:82.782s step_avg:41.43ms
step:1999/3250 train_time:82.936s step_avg:41.49ms
step:2000/3250 train_time:83.091s step_avg:41.55ms
step:2000/3250 val_loss:3.53275 train_time:83.103s step_avg:159.08ms
step:2001/3250 train_time:83.928s step_avg:41.94ms
step:2002/3250 train_time:84.067s step_avg:41.99ms
step:2003/3250 train_time:84.220s step_avg:42.05ms
step:2004/3250 train_time:84.374s step_avg:42.10ms
step:2005/3250 train_time:84.528s step_avg:42.16ms
step:2006/3250 train_time:84.683s step_avg:42.21ms
step:2007/3250 train_time:84.837s step_avg:42.27ms
step:2008/3250 train_time:84.991s step_avg:42.33ms
step:2009/3250 train_time:85.144s step_avg:42.38ms
step:2010/3250 train_time:85.298s step_avg:42.44ms
step:2011/3250 train_time:85.451s step_avg:42.49ms
step:2012/3250 train_time:85.605s step_avg:42.55ms
step:2013/3250 train_time:85.760s step_avg:42.60ms
step:2014/3250 train_time:85.912s step_avg:42.66ms
step:2015/3250 train_time:86.066s step_avg:42.71ms
step:2016/3250 train_time:86.220s step_avg:42.77ms
step:2017/3250 train_time:86.374s step_avg:42.82ms
step:2018/3250 train_time:86.528s step_avg:42.88ms
step:2019/3250 train_time:86.684s step_avg:42.93ms
step:2020/3250 train_time:86.835s step_avg:42.99ms
step:2021/3250 train_time:86.990s step_avg:43.04ms
step:2022/3250 train_time:87.144s step_avg:43.10ms
step:2023/3250 train_time:87.300s step_avg:43.15ms
step:2024/3250 train_time:87.453s step_avg:43.21ms
step:2025/3250 train_time:87.607s step_avg:43.26ms
step:2026/3250 train_time:87.762s step_avg:43.32ms
step:2027/3250 train_time:87.915s step_avg:43.37ms
step:2028/3250 train_time:88.070s step_avg:43.43ms
step:2029/3250 train_time:88.224s step_avg:43.48ms
step:2030/3250 train_time:88.377s step_avg:43.54ms
step:2031/3250 train_time:88.531s step_avg:43.59ms
step:2032/3250 train_time:88.686s step_avg:43.64ms
step:2033/3250 train_time:88.841s step_avg:43.70ms
step:2034/3250 train_time:88.996s step_avg:43.75ms
step:2035/3250 train_time:89.148s step_avg:43.81ms
step:2036/3250 train_time:89.303s step_avg:43.86ms
step:2037/3250 train_time:89.458s step_avg:43.92ms
step:2038/3250 train_time:89.611s step_avg:43.97ms
step:2039/3250 train_time:89.766s step_avg:44.02ms
step:2040/3250 train_time:89.921s step_avg:44.08ms
step:2041/3250 train_time:90.076s step_avg:44.13ms
step:2042/3250 train_time:90.230s step_avg:44.19ms
step:2043/3250 train_time:90.385s step_avg:44.24ms
step:2044/3250 train_time:90.540s step_avg:44.30ms
step:2045/3250 train_time:90.691s step_avg:44.35ms
step:2046/3250 train_time:90.844s step_avg:44.40ms
step:2047/3250 train_time:91.002s step_avg:44.46ms
step:2048/3250 train_time:91.156s step_avg:44.51ms
step:2049/3250 train_time:91.310s step_avg:44.56ms
step:2050/3250 train_time:91.464s step_avg:44.62ms
step:2051/3250 train_time:91.619s step_avg:44.67ms
step:2052/3250 train_time:91.773s step_avg:44.72ms
step:2053/3250 train_time:91.927s step_avg:44.78ms
step:2054/3250 train_time:92.083s step_avg:44.83ms
step:2055/3250 train_time:92.238s step_avg:44.88ms
step:2056/3250 train_time:92.391s step_avg:44.94ms
step:2057/3250 train_time:92.544s step_avg:44.99ms
step:2058/3250 train_time:92.700s step_avg:45.04ms
step:2059/3250 train_time:92.853s step_avg:45.10ms
step:2060/3250 train_time:93.007s step_avg:45.15ms
step:2061/3250 train_time:93.163s step_avg:45.20ms
step:2062/3250 train_time:93.318s step_avg:45.26ms
step:2063/3250 train_time:93.472s step_avg:45.31ms
step:2064/3250 train_time:93.626s step_avg:45.36ms
step:2065/3250 train_time:93.782s step_avg:45.42ms
step:2066/3250 train_time:93.936s step_avg:45.47ms
step:2067/3250 train_time:94.090s step_avg:45.52ms
step:2068/3250 train_time:94.244s step_avg:45.57ms
step:2069/3250 train_time:94.398s step_avg:45.63ms
step:2070/3250 train_time:94.554s step_avg:45.68ms
step:2071/3250 train_time:94.708s step_avg:45.73ms
step:2072/3250 train_time:94.863s step_avg:45.78ms
step:2073/3250 train_time:95.017s step_avg:45.84ms
step:2074/3250 train_time:95.170s step_avg:45.89ms
step:2075/3250 train_time:95.324s step_avg:45.94ms
step:2076/3250 train_time:95.480s step_avg:45.99ms
step:2077/3250 train_time:95.633s step_avg:46.04ms
step:2078/3250 train_time:95.788s step_avg:46.10ms
step:2079/3250 train_time:95.941s step_avg:46.15ms
step:2080/3250 train_time:96.096s step_avg:46.20ms
step:2081/3250 train_time:96.248s step_avg:46.25ms
step:2082/3250 train_time:96.403s step_avg:46.30ms
step:2083/3250 train_time:96.559s step_avg:46.36ms
step:2084/3250 train_time:96.711s step_avg:46.41ms
step:2085/3250 train_time:96.865s step_avg:46.46ms
step:2086/3250 train_time:97.019s step_avg:46.51ms
step:2087/3250 train_time:97.173s step_avg:46.56ms
step:2088/3250 train_time:97.327s step_avg:46.61ms
step:2089/3250 train_time:97.481s step_avg:46.66ms
step:2090/3250 train_time:97.636s step_avg:46.72ms
step:2091/3250 train_time:97.823s step_avg:46.78ms
step:2092/3250 train_time:97.978s step_avg:46.83ms
step:2093/3250 train_time:98.131s step_avg:46.89ms
step:2094/3250 train_time:98.286s step_avg:46.94ms
step:2095/3250 train_time:98.441s step_avg:46.99ms
step:2096/3250 train_time:98.593s step_avg:47.04ms
step:2097/3250 train_time:98.746s step_avg:47.09ms
step:2098/3250 train_time:98.902s step_avg:47.14ms
step:2099/3250 train_time:99.057s step_avg:47.19ms
step:2100/3250 train_time:99.210s step_avg:47.24ms
step:2101/3250 train_time:99.364s step_avg:47.29ms
step:2102/3250 train_time:99.518s step_avg:47.34ms
step:2103/3250 train_time:99.671s step_avg:47.39ms
step:2104/3250 train_time:99.825s step_avg:47.45ms
step:2105/3250 train_time:99.981s step_avg:47.50ms
step:2106/3250 train_time:100.133s step_avg:47.55ms
step:2107/3250 train_time:100.288s step_avg:47.60ms
step:2108/3250 train_time:100.442s step_avg:47.65ms
step:2109/3250 train_time:100.597s step_avg:47.70ms
step:2110/3250 train_time:100.750s step_avg:47.75ms
step:2111/3250 train_time:100.905s step_avg:47.80ms
step:2112/3250 train_time:101.060s step_avg:47.85ms
step:2113/3250 train_time:101.213s step_avg:47.90ms
step:2114/3250 train_time:101.368s step_avg:47.95ms
step:2115/3250 train_time:101.522s step_avg:48.00ms
step:2116/3250 train_time:101.674s step_avg:48.05ms
step:2117/3250 train_time:101.827s step_avg:48.10ms
step:2118/3250 train_time:101.982s step_avg:48.15ms
step:2119/3250 train_time:102.137s step_avg:48.20ms
step:2120/3250 train_time:102.290s step_avg:48.25ms
step:2121/3250 train_time:102.444s step_avg:48.30ms
step:2122/3250 train_time:102.599s step_avg:48.35ms
step:2123/3250 train_time:102.752s step_avg:48.40ms
step:2124/3250 train_time:102.906s step_avg:48.45ms
step:2125/3250 train_time:103.061s step_avg:48.50ms
step:2125/3250 val_loss:3.52398 train_time:103.073s step_avg:159.76ms
step:2126/3250 train_time:103.807s step_avg:48.83ms
step:2127/3250 train_time:103.946s step_avg:48.87ms
step:2128/3250 train_time:104.099s step_avg:48.92ms
step:2129/3250 train_time:104.253s step_avg:48.97ms
step:2130/3250 train_time:104.409s step_avg:49.02ms
step:2131/3250 train_time:104.562s step_avg:49.07ms
step:2132/3250 train_time:104.716s step_avg:49.12ms
step:2133/3250 train_time:104.871s step_avg:49.17ms
step:2134/3250 train_time:105.025s step_avg:49.22ms
step:2135/3250 train_time:105.179s step_avg:49.26ms
step:2136/3250 train_time:105.333s step_avg:49.31ms
step:2137/3250 train_time:105.488s step_avg:49.36ms
step:2138/3250 train_time:105.641s step_avg:49.41ms
step:2139/3250 train_time:105.796s step_avg:49.46ms
step:2140/3250 train_time:105.950s step_avg:49.51ms
step:2141/3250 train_time:106.103s step_avg:49.56ms
step:2142/3250 train_time:106.256s step_avg:49.61ms
step:2143/3250 train_time:106.413s step_avg:49.66ms
step:2144/3250 train_time:106.567s step_avg:49.70ms
step:2145/3250 train_time:106.721s step_avg:49.75ms
step:2146/3250 train_time:106.874s step_avg:49.80ms
step:2147/3250 train_time:107.028s step_avg:49.85ms
step:2148/3250 train_time:107.181s step_avg:49.90ms
step:2149/3250 train_time:107.335s step_avg:49.95ms
step:2150/3250 train_time:107.490s step_avg:50.00ms
step:2151/3250 train_time:107.641s step_avg:50.04ms
step:2152/3250 train_time:107.796s step_avg:50.09ms
step:2153/3250 train_time:107.951s step_avg:50.14ms
step:2154/3250 train_time:108.104s step_avg:50.19ms
step:2155/3250 train_time:108.259s step_avg:50.24ms
step:2156/3250 train_time:108.412s step_avg:50.28ms
step:2157/3250 train_time:108.566s step_avg:50.33ms
step:2158/3250 train_time:108.719s step_avg:50.38ms
step:2159/3250 train_time:108.874s step_avg:50.43ms
step:2160/3250 train_time:109.029s step_avg:50.48ms
step:2161/3250 train_time:109.181s step_avg:50.52ms
step:2162/3250 train_time:109.337s step_avg:50.57ms
step:2163/3250 train_time:109.493s step_avg:50.62ms
step:2164/3250 train_time:109.647s step_avg:50.67ms
step:2165/3250 train_time:109.800s step_avg:50.72ms
step:2166/3250 train_time:109.954s step_avg:50.76ms
step:2167/3250 train_time:110.109s step_avg:50.81ms
step:2168/3250 train_time:110.262s step_avg:50.86ms
step:2169/3250 train_time:110.417s step_avg:50.91ms
step:2170/3250 train_time:110.572s step_avg:50.95ms
step:2171/3250 train_time:110.724s step_avg:51.00ms
step:2172/3250 train_time:110.877s step_avg:51.05ms
step:2173/3250 train_time:111.035s step_avg:51.10ms
step:2174/3250 train_time:111.190s step_avg:51.15ms
step:2175/3250 train_time:111.343s step_avg:51.19ms
step:2176/3250 train_time:111.497s step_avg:51.24ms
step:2177/3250 train_time:111.651s step_avg:51.29ms
step:2178/3250 train_time:111.805s step_avg:51.33ms
step:2179/3250 train_time:111.959s step_avg:51.38ms
step:2180/3250 train_time:112.115s step_avg:51.43ms
step:2181/3250 train_time:112.269s step_avg:51.48ms
step:2182/3250 train_time:112.423s step_avg:51.52ms
step:2183/3250 train_time:112.575s step_avg:51.57ms
step:2184/3250 train_time:112.731s step_avg:51.62ms
step:2185/3250 train_time:112.884s step_avg:51.66ms
step:2186/3250 train_time:113.037s step_avg:51.71ms
step:2187/3250 train_time:113.192s step_avg:51.76ms
step:2188/3250 train_time:113.345s step_avg:51.80ms
step:2189/3250 train_time:113.499s step_avg:51.85ms
step:2190/3250 train_time:113.655s step_avg:51.90ms
step:2191/3250 train_time:113.807s step_avg:51.94ms
step:2192/3250 train_time:113.961s step_avg:51.99ms
step:2193/3250 train_time:114.115s step_avg:52.04ms
step:2194/3250 train_time:114.270s step_avg:52.08ms
step:2195/3250 train_time:114.423s step_avg:52.13ms
step:2196/3250 train_time:114.577s step_avg:52.18ms
step:2197/3250 train_time:114.733s step_avg:52.22ms
step:2198/3250 train_time:114.887s step_avg:52.27ms
step:2199/3250 train_time:115.040s step_avg:52.31ms
step:2200/3250 train_time:115.195s step_avg:52.36ms
step:2201/3250 train_time:115.348s step_avg:52.41ms
step:2202/3250 train_time:115.501s step_avg:52.45ms
step:2203/3250 train_time:115.655s step_avg:52.50ms
step:2204/3250 train_time:115.811s step_avg:52.55ms
step:2205/3250 train_time:115.963s step_avg:52.59ms
step:2206/3250 train_time:116.118s step_avg:52.64ms
step:2207/3250 train_time:116.273s step_avg:52.68ms
step:2208/3250 train_time:116.428s step_avg:52.73ms
step:2209/3250 train_time:116.581s step_avg:52.78ms
step:2210/3250 train_time:116.736s step_avg:52.82ms
step:2211/3250 train_time:116.891s step_avg:52.87ms
step:2212/3250 train_time:117.044s step_avg:52.91ms
step:2213/3250 train_time:117.198s step_avg:52.96ms
step:2214/3250 train_time:117.351s step_avg:53.00ms
step:2215/3250 train_time:117.504s step_avg:53.05ms
step:2216/3250 train_time:117.658s step_avg:53.09ms
step:2217/3250 train_time:117.814s step_avg:53.14ms
step:2218/3250 train_time:117.969s step_avg:53.19ms
step:2219/3250 train_time:118.122s step_avg:53.23ms
step:2220/3250 train_time:118.276s step_avg:53.28ms
step:2221/3250 train_time:118.431s step_avg:53.32ms
step:2222/3250 train_time:118.584s step_avg:53.37ms
step:2223/3250 train_time:118.738s step_avg:53.41ms
step:2224/3250 train_time:118.893s step_avg:53.46ms
step:2225/3250 train_time:119.046s step_avg:53.50ms
step:2226/3250 train_time:119.200s step_avg:53.55ms
step:2227/3250 train_time:119.354s step_avg:53.59ms
step:2228/3250 train_time:119.510s step_avg:53.64ms
step:2229/3250 train_time:119.663s step_avg:53.68ms
step:2230/3250 train_time:119.818s step_avg:53.73ms
step:2231/3250 train_time:119.972s step_avg:53.77ms
step:2232/3250 train_time:120.126s step_avg:53.82ms
step:2233/3250 train_time:120.279s step_avg:53.86ms
step:2234/3250 train_time:120.434s step_avg:53.91ms
step:2235/3250 train_time:120.590s step_avg:53.96ms
step:2236/3250 train_time:120.742s step_avg:54.00ms
step:2237/3250 train_time:120.896s step_avg:54.04ms
step:2238/3250 train_time:121.051s step_avg:54.09ms
step:2239/3250 train_time:121.206s step_avg:54.13ms
step:2240/3250 train_time:121.359s step_avg:54.18ms
step:2241/3250 train_time:121.514s step_avg:54.22ms
step:2242/3250 train_time:121.668s step_avg:54.27ms
step:2243/3250 train_time:121.822s step_avg:54.31ms
step:2244/3250 train_time:121.976s step_avg:54.36ms
step:2245/3250 train_time:122.132s step_avg:54.40ms
step:2246/3250 train_time:122.285s step_avg:54.45ms
step:2247/3250 train_time:122.438s step_avg:54.49ms
step:2248/3250 train_time:122.593s step_avg:54.53ms
step:2249/3250 train_time:122.746s step_avg:54.58ms
step:2250/3250 train_time:122.899s step_avg:54.62ms
step:2250/3250 val_loss:3.52089 train_time:122.911s step_avg:158.71ms
step:2251/3250 train_time:123.649s step_avg:54.93ms
step:2252/3250 train_time:123.788s step_avg:54.97ms
step:2253/3250 train_time:123.944s step_avg:55.01ms
step:2254/3250 train_time:124.097s step_avg:55.06ms
step:2255/3250 train_time:124.251s step_avg:55.10ms
step:2256/3250 train_time:124.406s step_avg:55.14ms
step:2257/3250 train_time:124.560s step_avg:55.19ms
step:2258/3250 train_time:124.713s step_avg:55.23ms
step:2259/3250 train_time:124.868s step_avg:55.28ms
step:2260/3250 train_time:125.023s step_avg:55.32ms
step:2261/3250 train_time:125.175s step_avg:55.36ms
step:2262/3250 train_time:125.329s step_avg:55.41ms
step:2263/3250 train_time:125.483s step_avg:55.45ms
step:2264/3250 train_time:125.637s step_avg:55.49ms
step:2265/3250 train_time:125.791s step_avg:55.54ms
step:2266/3250 train_time:125.946s step_avg:55.58ms
step:2267/3250 train_time:126.100s step_avg:55.62ms
step:2268/3250 train_time:126.254s step_avg:55.67ms
step:2269/3250 train_time:126.407s step_avg:55.71ms
step:2270/3250 train_time:126.562s step_avg:55.75ms
step:2271/3250 train_time:126.715s step_avg:55.80ms
step:2272/3250 train_time:126.868s step_avg:55.84ms
step:2273/3250 train_time:127.023s step_avg:55.88ms
step:2274/3250 train_time:127.175s step_avg:55.93ms
step:2275/3250 train_time:127.329s step_avg:55.97ms
step:2276/3250 train_time:127.483s step_avg:56.01ms
step:2277/3250 train_time:127.636s step_avg:56.05ms
step:2278/3250 train_time:127.790s step_avg:56.10ms
step:2279/3250 train_time:127.945s step_avg:56.14ms
step:2280/3250 train_time:128.099s step_avg:56.18ms
step:2281/3250 train_time:128.282s step_avg:56.24ms
step:2282/3250 train_time:128.434s step_avg:56.28ms
step:2283/3250 train_time:128.588s step_avg:56.32ms
step:2284/3250 train_time:128.743s step_avg:56.37ms
step:2285/3250 train_time:128.897s step_avg:56.41ms
step:2286/3250 train_time:129.052s step_avg:56.45ms
step:2287/3250 train_time:129.206s step_avg:56.50ms
step:2288/3250 train_time:129.360s step_avg:56.54ms
step:2289/3250 train_time:129.513s step_avg:56.58ms
step:2290/3250 train_time:129.668s step_avg:56.62ms
step:2291/3250 train_time:129.822s step_avg:56.67ms
step:2292/3250 train_time:129.975s step_avg:56.71ms
step:2293/3250 train_time:130.129s step_avg:56.75ms
step:2294/3250 train_time:130.283s step_avg:56.79ms
step:2295/3250 train_time:130.436s step_avg:56.84ms
step:2296/3250 train_time:130.590s step_avg:56.88ms
step:2297/3250 train_time:130.746s step_avg:56.92ms
step:2298/3250 train_time:130.900s step_avg:56.96ms
step:2299/3250 train_time:131.054s step_avg:57.00ms
step:2300/3250 train_time:131.208s step_avg:57.05ms
step:2301/3250 train_time:131.363s step_avg:57.09ms
step:2302/3250 train_time:131.517s step_avg:57.13ms
step:2303/3250 train_time:131.670s step_avg:57.17ms
step:2304/3250 train_time:131.825s step_avg:57.22ms
step:2305/3250 train_time:131.979s step_avg:57.26ms
step:2306/3250 train_time:132.133s step_avg:57.30ms
step:2307/3250 train_time:132.287s step_avg:57.34ms
step:2308/3250 train_time:132.440s step_avg:57.38ms
step:2309/3250 train_time:132.593s step_avg:57.42ms
step:2310/3250 train_time:132.749s step_avg:57.47ms
step:2311/3250 train_time:132.903s step_avg:57.51ms
step:2312/3250 train_time:133.055s step_avg:57.55ms
step:2313/3250 train_time:133.208s step_avg:57.59ms
step:2314/3250 train_time:133.364s step_avg:57.63ms
step:2315/3250 train_time:133.517s step_avg:57.67ms
step:2316/3250 train_time:133.671s step_avg:57.72ms
step:2317/3250 train_time:133.826s step_avg:57.76ms
step:2318/3250 train_time:133.979s step_avg:57.80ms
step:2319/3250 train_time:134.133s step_avg:57.84ms
step:2320/3250 train_time:134.287s step_avg:57.88ms
step:2321/3250 train_time:134.442s step_avg:57.92ms
step:2322/3250 train_time:134.595s step_avg:57.97ms
step:2323/3250 train_time:134.749s step_avg:58.01ms
step:2324/3250 train_time:134.903s step_avg:58.05ms
step:2325/3250 train_time:135.057s step_avg:58.09ms
step:2326/3250 train_time:135.210s step_avg:58.13ms
step:2327/3250 train_time:135.366s step_avg:58.17ms
step:2328/3250 train_time:135.517s step_avg:58.21ms
step:2329/3250 train_time:135.671s step_avg:58.25ms
step:2330/3250 train_time:135.827s step_avg:58.29ms
step:2331/3250 train_time:135.980s step_avg:58.34ms
step:2332/3250 train_time:136.133s step_avg:58.38ms
step:2333/3250 train_time:136.287s step_avg:58.42ms
step:2334/3250 train_time:136.442s step_avg:58.46ms
step:2335/3250 train_time:136.595s step_avg:58.50ms
step:2336/3250 train_time:136.749s step_avg:58.54ms
step:2337/3250 train_time:136.904s step_avg:58.58ms
step:2338/3250 train_time:137.056s step_avg:58.62ms
step:2339/3250 train_time:137.208s step_avg:58.66ms
step:2340/3250 train_time:137.365s step_avg:58.70ms
step:2341/3250 train_time:137.519s step_avg:58.74ms
step:2342/3250 train_time:137.673s step_avg:58.78ms
step:2343/3250 train_time:137.827s step_avg:58.82ms
step:2344/3250 train_time:137.981s step_avg:58.87ms
step:2345/3250 train_time:138.134s step_avg:58.91ms
step:2346/3250 train_time:138.288s step_avg:58.95ms
step:2347/3250 train_time:138.444s step_avg:58.99ms
step:2348/3250 train_time:138.597s step_avg:59.03ms
step:2349/3250 train_time:138.752s step_avg:59.07ms
step:2350/3250 train_time:138.908s step_avg:59.11ms
step:2351/3250 train_time:139.062s step_avg:59.15ms
EXIT=0 rid=req023_f1500_a2
