=== eos_f2000_s100 : resume eos_shared_state@2000 ===
W0830 15:10:23.769000 21518 torch/distributed/run.py:852] 
W0830 15:10:23.769000 21518 torch/distributed/run.py:852] *****************************************
W0830 15:10:23.769000 21518 torch/distributed/run.py:852] Setting OMP_NUM_THREADS environment variable for each process to be 1 in default, to avoid your system being overloaded, please further tune the variable for optimal performance in your application as needed. 
W0830 15:10:23.769000 21518 torch/distributed/run.py:852] *****************************************
logs/aa8c00a5-b0b5-4ae7-b91a-f8ec2f973824.txt
resumed training state from step 2000 in eos_shared_state, skipped 2000 batches
step:0/3250 val_loss:3.44321 train_time:0.001s step_avg:nanms
learning_rates step:2000 [{'pattern': '^embed\\.weight$', 'lr': [0.7]}, {'pattern': '^proj\\.weight$', 'lr': [0.004]}, {'pattern': '^blocks\\..*\\.weight$', 'lr': [0.025]}, {'pattern': '.*', 'lr': [0.015]}]
step:2001/3250 train_time:3.071s step_avg:1.53ms
learning_rates step:2001 [{'pattern': '^embed\\.weight$', 'lr': [0.7]}, {'pattern': '^proj\\.weight$', 'lr': [0.004]}, {'pattern': '^blocks\\..*\\.weight$', 'lr': [0.025]}, {'pattern': '.*', 'lr': [0.015]}]
step:2002/3250 train_time:3.209s step_avg:1.60ms
step:2003/3250 train_time:3.362s step_avg:1.68ms
step:2004/3250 train_time:3.514s step_avg:1.75ms
step:2005/3250 train_time:3.668s step_avg:1.83ms
step:2006/3250 train_time:3.821s step_avg:1.90ms
step:2007/3250 train_time:3.974s step_avg:1.98ms
step:2008/3250 train_time:4.128s step_avg:2.06ms
step:2009/3250 train_time:4.282s step_avg:2.13ms
step:2010/3250 train_time:4.435s step_avg:2.21ms
step:2011/3250 train_time:4.589s step_avg:2.28ms
step:2012/3250 train_time:4.743s step_avg:2.36ms
step:2013/3250 train_time:4.896s step_avg:2.43ms
step:2014/3250 train_time:5.050s step_avg:2.51ms
step:2015/3250 train_time:5.203s step_avg:2.58ms
step:2016/3250 train_time:5.357s step_avg:2.66ms
step:2017/3250 train_time:5.510s step_avg:2.73ms
step:2018/3250 train_time:5.664s step_avg:2.81ms
step:2019/3250 train_time:5.818s step_avg:2.88ms
step:2020/3250 train_time:5.971s step_avg:2.96ms
step:2021/3250 train_time:6.124s step_avg:3.03ms
step:2022/3250 train_time:6.279s step_avg:3.11ms
step:2023/3250 train_time:6.431s step_avg:3.18ms
step:2024/3250 train_time:6.585s step_avg:3.25ms
step:2025/3250 train_time:6.740s step_avg:3.33ms
step:2026/3250 train_time:6.892s step_avg:3.40ms
step:2027/3250 train_time:7.045s step_avg:3.48ms
step:2028/3250 train_time:7.199s step_avg:3.55ms
step:2029/3250 train_time:7.353s step_avg:3.62ms
step:2030/3250 train_time:7.507s step_avg:3.70ms
step:2031/3250 train_time:7.662s step_avg:3.77ms
step:2032/3250 train_time:7.814s step_avg:3.85ms
step:2033/3250 train_time:7.968s step_avg:3.92ms
step:2034/3250 train_time:8.122s step_avg:3.99ms
step:2035/3250 train_time:8.277s step_avg:4.07ms
step:2036/3250 train_time:8.431s step_avg:4.14ms
step:2037/3250 train_time:8.584s step_avg:4.21ms
step:2038/3250 train_time:8.738s step_avg:4.29ms
step:2039/3250 train_time:8.891s step_avg:4.36ms
step:2040/3250 train_time:9.045s step_avg:4.43ms
step:2041/3250 train_time:9.198s step_avg:4.51ms
step:2042/3250 train_time:9.351s step_avg:4.58ms
step:2043/3250 train_time:9.504s step_avg:4.65ms
step:2044/3250 train_time:9.659s step_avg:4.73ms
step:2045/3250 train_time:9.812s step_avg:4.80ms
step:2046/3250 train_time:9.966s step_avg:4.87ms
step:2047/3250 train_time:10.120s step_avg:4.94ms
step:2048/3250 train_time:10.273s step_avg:5.02ms
step:2049/3250 train_time:10.427s step_avg:5.09ms
step:2050/3250 train_time:10.583s step_avg:5.16ms
step:2051/3250 train_time:10.737s step_avg:5.24ms
step:2052/3250 train_time:10.891s step_avg:5.31ms
step:2053/3250 train_time:11.045s step_avg:5.38ms
step:2054/3250 train_time:11.199s step_avg:5.45ms
step:2055/3250 train_time:11.352s step_avg:5.52ms
step:2056/3250 train_time:11.506s step_avg:5.60ms
step:2057/3250 train_time:11.662s step_avg:5.67ms
step:2058/3250 train_time:11.815s step_avg:5.74ms
step:2059/3250 train_time:11.970s step_avg:5.81ms
step:2060/3250 train_time:12.124s step_avg:5.89ms
step:2061/3250 train_time:12.277s step_avg:5.96ms
step:2062/3250 train_time:12.431s step_avg:6.03ms
step:2063/3250 train_time:12.585s step_avg:6.10ms
step:2064/3250 train_time:12.739s step_avg:6.17ms
step:2065/3250 train_time:12.892s step_avg:6.24ms
step:2066/3250 train_time:13.046s step_avg:6.31ms
step:2067/3250 train_time:13.199s step_avg:6.39ms
step:2068/3250 train_time:13.354s step_avg:6.46ms
step:2069/3250 train_time:13.507s step_avg:6.53ms
step:2070/3250 train_time:13.662s step_avg:6.60ms
step:2071/3250 train_time:13.817s step_avg:6.67ms
step:2072/3250 train_time:13.970s step_avg:6.74ms
step:2073/3250 train_time:14.125s step_avg:6.81ms
step:2074/3250 train_time:14.278s step_avg:6.88ms
step:2075/3250 train_time:14.432s step_avg:6.96ms
step:2076/3250 train_time:14.586s step_avg:7.03ms
step:2077/3250 train_time:14.741s step_avg:7.10ms
step:2078/3250 train_time:14.895s step_avg:7.17ms
step:2079/3250 train_time:15.050s step_avg:7.24ms
step:2080/3250 train_time:15.202s step_avg:7.31ms
step:2081/3250 train_time:15.356s step_avg:7.38ms
step:2082/3250 train_time:15.511s step_avg:7.45ms
step:2083/3250 train_time:15.665s step_avg:7.52ms
step:2084/3250 train_time:15.819s step_avg:7.59ms
step:2085/3250 train_time:15.972s step_avg:7.66ms
step:2086/3250 train_time:16.125s step_avg:7.73ms
step:2087/3250 train_time:16.279s step_avg:7.80ms
step:2088/3250 train_time:16.432s step_avg:7.87ms
step:2089/3250 train_time:16.586s step_avg:7.94ms
step:2090/3250 train_time:16.741s step_avg:8.01ms
step:2091/3250 train_time:16.934s step_avg:8.10ms
step:2092/3250 train_time:17.088s step_avg:8.17ms
step:2093/3250 train_time:17.242s step_avg:8.24ms
step:2094/3250 train_time:17.394s step_avg:8.31ms
step:2095/3250 train_time:17.549s step_avg:8.38ms
step:2096/3250 train_time:17.703s step_avg:8.45ms
step:2097/3250 train_time:17.856s step_avg:8.52ms
step:2098/3250 train_time:18.011s step_avg:8.58ms
step:2099/3250 train_time:18.164s step_avg:8.65ms
step:2100/3250 train_time:18.318s step_avg:8.72ms
step:2101/3250 train_time:18.471s step_avg:8.79ms
step:2102/3250 train_time:18.625s step_avg:8.86ms
step:2103/3250 train_time:18.779s step_avg:8.93ms
step:2104/3250 train_time:18.932s step_avg:9.00ms
step:2105/3250 train_time:19.086s step_avg:9.07ms
step:2106/3250 train_time:19.241s step_avg:9.14ms
step:2107/3250 train_time:19.393s step_avg:9.20ms
step:2108/3250 train_time:19.547s step_avg:9.27ms
step:2109/3250 train_time:19.700s step_avg:9.34ms
step:2110/3250 train_time:19.853s step_avg:9.41ms
step:2111/3250 train_time:20.008s step_avg:9.48ms
step:2112/3250 train_time:20.163s step_avg:9.55ms
step:2113/3250 train_time:20.316s step_avg:9.61ms
step:2114/3250 train_time:20.470s step_avg:9.68ms
step:2115/3250 train_time:20.624s step_avg:9.75ms
step:2116/3250 train_time:20.778s step_avg:9.82ms
step:2117/3250 train_time:20.931s step_avg:9.89ms
step:2118/3250 train_time:21.085s step_avg:9.96ms
step:2119/3250 train_time:21.239s step_avg:10.02ms
step:2120/3250 train_time:21.392s step_avg:10.09ms
step:2121/3250 train_time:21.547s step_avg:10.16ms
step:2122/3250 train_time:21.700s step_avg:10.23ms
step:2123/3250 train_time:21.853s step_avg:10.29ms
step:2124/3250 train_time:22.008s step_avg:10.36ms
step:2125/3250 train_time:22.162s step_avg:10.43ms
step:2125/3250 val_loss:3.54172 train_time:22.174s step_avg:10.43ms
step:2126/3250 train_time:22.982s step_avg:10.81ms
step:2127/3250 train_time:23.123s step_avg:10.87ms
step:2128/3250 train_time:23.278s step_avg:10.94ms
step:2129/3250 train_time:23.431s step_avg:11.01ms
step:2130/3250 train_time:23.584s step_avg:11.07ms
step:2131/3250 train_time:23.736s step_avg:11.14ms
step:2132/3250 train_time:23.891s step_avg:11.21ms
step:2133/3250 train_time:24.045s step_avg:11.27ms
step:2134/3250 train_time:24.201s step_avg:11.34ms
step:2135/3250 train_time:24.355s step_avg:11.41ms
step:2136/3250 train_time:24.509s step_avg:11.47ms
step:2137/3250 train_time:24.662s step_avg:11.54ms
step:2138/3250 train_time:24.815s step_avg:11.61ms
step:2139/3250 train_time:24.969s step_avg:11.67ms
step:2140/3250 train_time:25.122s step_avg:11.74ms
step:2141/3250 train_time:25.275s step_avg:11.81ms
step:2142/3250 train_time:25.429s step_avg:11.87ms
step:2143/3250 train_time:25.583s step_avg:11.94ms
step:2144/3250 train_time:25.736s step_avg:12.00ms
step:2145/3250 train_time:25.891s step_avg:12.07ms
step:2146/3250 train_time:26.045s step_avg:12.14ms
step:2147/3250 train_time:26.200s step_avg:12.20ms
step:2148/3250 train_time:26.353s step_avg:12.27ms
step:2149/3250 train_time:26.506s step_avg:12.33ms
step:2150/3250 train_time:26.661s step_avg:12.40ms
step:2151/3250 train_time:26.815s step_avg:12.47ms
step:2152/3250 train_time:26.970s step_avg:12.53ms
step:2153/3250 train_time:27.123s step_avg:12.60ms
step:2154/3250 train_time:27.277s step_avg:12.66ms
step:2155/3250 train_time:27.430s step_avg:12.73ms
step:2156/3250 train_time:27.583s step_avg:12.79ms
step:2157/3250 train_time:27.739s step_avg:12.86ms
step:2158/3250 train_time:27.893s step_avg:12.93ms
step:2159/3250 train_time:28.047s step_avg:12.99ms
step:2160/3250 train_time:28.202s step_avg:13.06ms
step:2161/3250 train_time:28.356s step_avg:13.12ms
step:2162/3250 train_time:28.510s step_avg:13.19ms
step:2163/3250 train_time:28.664s step_avg:13.25ms
step:2164/3250 train_time:28.818s step_avg:13.32ms
step:2165/3250 train_time:28.973s step_avg:13.38ms
step:2166/3250 train_time:29.126s step_avg:13.45ms
step:2167/3250 train_time:29.281s step_avg:13.51ms
step:2168/3250 train_time:29.435s step_avg:13.58ms
step:2169/3250 train_time:29.588s step_avg:13.64ms
step:2170/3250 train_time:29.742s step_avg:13.71ms
step:2171/3250 train_time:29.896s step_avg:13.77ms
step:2172/3250 train_time:30.049s step_avg:13.83ms
step:2173/3250 train_time:30.203s step_avg:13.90ms
step:2174/3250 train_time:30.355s step_avg:13.96ms
step:2175/3250 train_time:30.510s step_avg:14.03ms
step:2176/3250 train_time:30.665s step_avg:14.09ms
step:2177/3250 train_time:30.819s step_avg:14.16ms
step:2178/3250 train_time:30.974s step_avg:14.22ms
step:2179/3250 train_time:31.127s step_avg:14.28ms
step:2180/3250 train_time:31.281s step_avg:14.35ms
step:2181/3250 train_time:31.434s step_avg:14.41ms
step:2182/3250 train_time:31.589s step_avg:14.48ms
step:2183/3250 train_time:31.743s step_avg:14.54ms
step:2184/3250 train_time:31.897s step_avg:14.61ms
step:2185/3250 train_time:32.052s step_avg:14.67ms
step:2186/3250 train_time:32.205s step_avg:14.73ms
step:2187/3250 train_time:32.362s step_avg:14.80ms
step:2188/3250 train_time:32.516s step_avg:14.86ms
step:2189/3250 train_time:32.670s step_avg:14.92ms
step:2190/3250 train_time:32.824s step_avg:14.99ms
step:2191/3250 train_time:32.978s step_avg:15.05ms
step:2192/3250 train_time:33.132s step_avg:15.11ms
step:2193/3250 train_time:33.285s step_avg:15.18ms
step:2194/3250 train_time:33.438s step_avg:15.24ms
step:2195/3250 train_time:33.594s step_avg:15.30ms
step:2196/3250 train_time:33.748s step_avg:15.37ms
step:2197/3250 train_time:33.903s step_avg:15.43ms
step:2198/3250 train_time:34.058s step_avg:15.49ms
step:2199/3250 train_time:34.213s step_avg:15.56ms
step:2200/3250 train_time:34.366s step_avg:15.62ms
step:2201/3250 train_time:34.521s step_avg:15.68ms
step:2202/3250 train_time:34.675s step_avg:15.75ms
step:2203/3250 train_time:34.828s step_avg:15.81ms
step:2204/3250 train_time:34.982s step_avg:15.87ms
step:2205/3250 train_time:35.138s step_avg:15.94ms
step:2206/3250 train_time:35.294s step_avg:16.00ms
step:2207/3250 train_time:35.448s step_avg:16.06ms
step:2208/3250 train_time:35.603s step_avg:16.12ms
step:2209/3250 train_time:35.756s step_avg:16.19ms
step:2210/3250 train_time:35.911s step_avg:16.25ms
step:2211/3250 train_time:36.064s step_avg:16.31ms
step:2212/3250 train_time:36.219s step_avg:16.37ms
step:2213/3250 train_time:36.374s step_avg:16.44ms
step:2214/3250 train_time:36.526s step_avg:16.50ms
step:2215/3250 train_time:36.682s step_avg:16.56ms
step:2216/3250 train_time:36.835s step_avg:16.62ms
step:2217/3250 train_time:36.989s step_avg:16.68ms
step:2218/3250 train_time:37.143s step_avg:16.75ms
step:2219/3250 train_time:37.296s step_avg:16.81ms
step:2220/3250 train_time:37.450s step_avg:16.87ms
step:2221/3250 train_time:37.604s step_avg:16.93ms
step:2222/3250 train_time:37.759s step_avg:16.99ms
step:2223/3250 train_time:37.914s step_avg:17.06ms
step:2224/3250 train_time:38.068s step_avg:17.12ms
step:2225/3250 train_time:38.222s step_avg:17.18ms
step:2226/3250 train_time:38.376s step_avg:17.24ms
step:2227/3250 train_time:38.530s step_avg:17.30ms
step:2228/3250 train_time:38.684s step_avg:17.36ms
step:2229/3250 train_time:38.840s step_avg:17.42ms
step:2230/3250 train_time:38.994s step_avg:17.49ms
step:2231/3250 train_time:39.148s step_avg:17.55ms
step:2232/3250 train_time:39.302s step_avg:17.61ms
step:2233/3250 train_time:39.456s step_avg:17.67ms
step:2234/3250 train_time:39.610s step_avg:17.73ms
step:2235/3250 train_time:39.764s step_avg:17.79ms
step:2236/3250 train_time:39.917s step_avg:17.85ms
step:2237/3250 train_time:40.072s step_avg:17.91ms
step:2238/3250 train_time:40.226s step_avg:17.97ms
step:2239/3250 train_time:40.380s step_avg:18.03ms
step:2240/3250 train_time:40.535s step_avg:18.10ms
step:2241/3250 train_time:40.690s step_avg:18.16ms
step:2242/3250 train_time:40.843s step_avg:18.22ms
step:2243/3250 train_time:40.996s step_avg:18.28ms
step:2244/3250 train_time:41.150s step_avg:18.34ms
step:2245/3250 train_time:41.303s step_avg:18.40ms
step:2246/3250 train_time:41.457s step_avg:18.46ms
step:2247/3250 train_time:41.612s step_avg:18.52ms
step:2248/3250 train_time:41.766s step_avg:18.58ms
step:2249/3250 train_time:41.919s step_avg:18.64ms
step:2250/3250 train_time:42.075s step_avg:18.70ms
step:2250/3250 val_loss:3.54037 train_time:42.087s step_avg:159.30ms
step:2251/3250 train_time:42.940s step_avg:19.08ms
step:2252/3250 train_time:43.082s step_avg:19.13ms
step:2253/3250 train_time:43.235s step_avg:19.19ms
step:2254/3250 train_time:43.387s step_avg:19.25ms
step:2255/3250 train_time:43.541s step_avg:19.31ms
step:2256/3250 train_time:43.694s step_avg:19.37ms
step:2257/3250 train_time:43.849s step_avg:19.43ms
step:2258/3250 train_time:44.003s step_avg:19.49ms
step:2259/3250 train_time:44.156s step_avg:19.55ms
step:2260/3250 train_time:44.310s step_avg:19.61ms
step:2261/3250 train_time:44.464s step_avg:19.67ms
step:2262/3250 train_time:44.618s step_avg:19.73ms
step:2263/3250 train_time:44.773s step_avg:19.78ms
step:2264/3250 train_time:44.927s step_avg:19.84ms
step:2265/3250 train_time:45.081s step_avg:19.90ms
step:2266/3250 train_time:45.235s step_avg:19.96ms
step:2267/3250 train_time:45.388s step_avg:20.02ms
step:2268/3250 train_time:45.543s step_avg:20.08ms
step:2269/3250 train_time:45.696s step_avg:20.14ms
step:2270/3250 train_time:45.849s step_avg:20.20ms
step:2271/3250 train_time:46.005s step_avg:20.26ms
step:2272/3250 train_time:46.158s step_avg:20.32ms
step:2273/3250 train_time:46.313s step_avg:20.38ms
step:2274/3250 train_time:46.467s step_avg:20.43ms
step:2275/3250 train_time:46.622s step_avg:20.49ms
step:2276/3250 train_time:46.775s step_avg:20.55ms
step:2277/3250 train_time:46.930s step_avg:20.61ms
step:2278/3250 train_time:47.083s step_avg:20.67ms
step:2279/3250 train_time:47.236s step_avg:20.73ms
step:2280/3250 train_time:47.392s step_avg:20.79ms
step:2281/3250 train_time:47.584s step_avg:20.86ms
step:2282/3250 train_time:47.737s step_avg:20.92ms
step:2283/3250 train_time:47.891s step_avg:20.98ms
step:2284/3250 train_time:48.046s step_avg:21.04ms
step:2285/3250 train_time:48.199s step_avg:21.09ms
step:2286/3250 train_time:48.354s step_avg:21.15ms
step:2287/3250 train_time:48.507s step_avg:21.21ms
step:2288/3250 train_time:48.661s step_avg:21.27ms
step:2289/3250 train_time:48.815s step_avg:21.33ms
step:2290/3250 train_time:48.969s step_avg:21.38ms
step:2291/3250 train_time:49.124s step_avg:21.44ms
step:2292/3250 train_time:49.278s step_avg:21.50ms
step:2293/3250 train_time:49.432s step_avg:21.56ms
step:2294/3250 train_time:49.586s step_avg:21.62ms
step:2295/3250 train_time:49.739s step_avg:21.67ms
step:2296/3250 train_time:49.894s step_avg:21.73ms
step:2297/3250 train_time:50.047s step_avg:21.79ms
step:2298/3250 train_time:50.201s step_avg:21.85ms
step:2299/3250 train_time:50.354s step_avg:21.90ms
step:2300/3250 train_time:50.508s step_avg:21.96ms
step:2301/3250 train_time:50.661s step_avg:22.02ms
step:2302/3250 train_time:50.815s step_avg:22.07ms
step:2303/3250 train_time:50.969s step_avg:22.13ms
step:2304/3250 train_time:51.124s step_avg:22.19ms
step:2305/3250 train_time:51.278s step_avg:22.25ms
step:2306/3250 train_time:51.432s step_avg:22.30ms
step:2307/3250 train_time:51.586s step_avg:22.36ms
step:2308/3250 train_time:51.741s step_avg:22.42ms
step:2309/3250 train_time:51.894s step_avg:22.47ms
step:2310/3250 train_time:52.048s step_avg:22.53ms
step:2311/3250 train_time:52.203s step_avg:22.59ms
step:2312/3250 train_time:52.356s step_avg:22.65ms
step:2313/3250 train_time:52.511s step_avg:22.70ms
step:2314/3250 train_time:52.665s step_avg:22.76ms
step:2315/3250 train_time:52.819s step_avg:22.82ms
step:2316/3250 train_time:52.973s step_avg:22.87ms
step:2317/3250 train_time:53.126s step_avg:22.93ms
step:2318/3250 train_time:53.280s step_avg:22.99ms
step:2319/3250 train_time:53.433s step_avg:23.04ms
step:2320/3250 train_time:53.587s step_avg:23.10ms
step:2321/3250 train_time:53.741s step_avg:23.15ms
step:2322/3250 train_time:53.895s step_avg:23.21ms
step:2323/3250 train_time:54.049s step_avg:23.27ms
step:2324/3250 train_time:54.203s step_avg:23.32ms
step:2325/3250 train_time:54.356s step_avg:23.38ms
step:2326/3250 train_time:54.509s step_avg:23.43ms
step:2327/3250 train_time:54.663s step_avg:23.49ms
step:2328/3250 train_time:54.817s step_avg:23.55ms
step:2329/3250 train_time:54.970s step_avg:23.60ms
step:2330/3250 train_time:55.126s step_avg:23.66ms
step:2331/3250 train_time:55.281s step_avg:23.72ms
step:2332/3250 train_time:55.434s step_avg:23.77ms
step:2333/3250 train_time:55.589s step_avg:23.83ms
step:2334/3250 train_time:55.744s step_avg:23.88ms
step:2335/3250 train_time:55.898s step_avg:23.94ms
step:2336/3250 train_time:56.052s step_avg:23.99ms
step:2337/3250 train_time:56.206s step_avg:24.05ms
step:2338/3250 train_time:56.359s step_avg:24.11ms
step:2339/3250 train_time:56.514s step_avg:24.16ms
step:2340/3250 train_time:56.668s step_avg:24.22ms
step:2341/3250 train_time:56.823s step_avg:24.27ms
step:2342/3250 train_time:56.976s step_avg:24.33ms
step:2343/3250 train_time:57.131s step_avg:24.38ms
step:2344/3250 train_time:57.285s step_avg:24.44ms
step:2345/3250 train_time:57.438s step_avg:24.49ms
step:2346/3250 train_time:57.593s step_avg:24.55ms
step:2347/3250 train_time:57.747s step_avg:24.60ms
step:2348/3250 train_time:57.901s step_avg:24.66ms
step:2349/3250 train_time:58.054s step_avg:24.71ms
step:2350/3250 train_time:58.209s step_avg:24.77ms
step:2351/3250 train_time:58.363s step_avg:24.82ms
step:2352/3250 train_time:58.516s step_avg:24.88ms
step:2353/3250 train_time:58.671s step_avg:24.93ms
step:2354/3250 train_time:58.825s step_avg:24.99ms
step:2355/3250 train_time:58.979s step_avg:25.04ms
step:2356/3250 train_time:59.133s step_avg:25.10ms
step:2357/3250 train_time:59.286s step_avg:25.15ms
step:2358/3250 train_time:59.441s step_avg:25.21ms
step:2359/3250 train_time:59.594s step_avg:25.26ms
step:2360/3250 train_time:59.748s step_avg:25.32ms
step:2361/3250 train_time:59.902s step_avg:25.37ms
step:2362/3250 train_time:60.055s step_avg:25.43ms
step:2363/3250 train_time:60.209s step_avg:25.48ms
step:2364/3250 train_time:60.362s step_avg:25.53ms
step:2365/3250 train_time:60.515s step_avg:25.59ms
step:2366/3250 train_time:60.670s step_avg:25.64ms
step:2367/3250 train_time:60.826s step_avg:25.70ms
step:2368/3250 train_time:60.979s step_avg:25.75ms
step:2369/3250 train_time:61.134s step_avg:25.81ms
step:2370/3250 train_time:61.288s step_avg:25.86ms
step:2371/3250 train_time:61.443s step_avg:25.91ms
step:2372/3250 train_time:61.596s step_avg:25.97ms
step:2373/3250 train_time:61.750s step_avg:26.02ms
step:2374/3250 train_time:61.906s step_avg:26.08ms
step:2375/3250 train_time:62.059s step_avg:26.13ms
step:2375/3250 val_loss:3.53174 train_time:62.071s step_avg:159.88ms
step:2376/3250 train_time:62.936s step_avg:26.49ms
step:2377/3250 train_time:63.075s step_avg:26.54ms
step:2378/3250 train_time:63.229s step_avg:26.59ms
step:2379/3250 train_time:63.383s step_avg:26.64ms
step:2380/3250 train_time:63.536s step_avg:26.70ms
step:2381/3250 train_time:63.688s step_avg:26.75ms
step:2382/3250 train_time:63.843s step_avg:26.80ms
step:2383/3250 train_time:63.996s step_avg:26.86ms
step:2384/3250 train_time:64.150s step_avg:26.91ms
step:2385/3250 train_time:64.305s step_avg:26.96ms
step:2386/3250 train_time:64.459s step_avg:27.02ms
step:2387/3250 train_time:64.614s step_avg:27.07ms
step:2388/3250 train_time:64.767s step_avg:27.12ms
step:2389/3250 train_time:64.921s step_avg:27.17ms
step:2390/3250 train_time:65.076s step_avg:27.23ms
step:2391/3250 train_time:65.229s step_avg:27.28ms
step:2392/3250 train_time:65.382s step_avg:27.33ms
step:2393/3250 train_time:65.536s step_avg:27.39ms
step:2394/3250 train_time:65.690s step_avg:27.44ms
step:2395/3250 train_time:65.845s step_avg:27.49ms
step:2396/3250 train_time:65.999s step_avg:27.55ms
step:2397/3250 train_time:66.154s step_avg:27.60ms
step:2398/3250 train_time:66.306s step_avg:27.65ms
step:2399/3250 train_time:66.460s step_avg:27.70ms
step:2400/3250 train_time:66.615s step_avg:27.76ms
step:2401/3250 train_time:66.768s step_avg:27.81ms
step:2402/3250 train_time:66.923s step_avg:27.86ms
step:2403/3250 train_time:67.077s step_avg:27.91ms
step:2404/3250 train_time:67.231s step_avg:27.97ms
step:2405/3250 train_time:67.385s step_avg:28.02ms
step:2406/3250 train_time:67.539s step_avg:28.07ms
step:2407/3250 train_time:67.693s step_avg:28.12ms
step:2408/3250 train_time:67.847s step_avg:28.18ms
step:2409/3250 train_time:68.001s step_avg:28.23ms
step:2410/3250 train_time:68.153s step_avg:28.28ms
step:2411/3250 train_time:68.306s step_avg:28.33ms
step:2412/3250 train_time:68.460s step_avg:28.38ms
step:2413/3250 train_time:68.614s step_avg:28.44ms
step:2414/3250 train_time:68.768s step_avg:28.49ms
step:2415/3250 train_time:68.923s step_avg:28.54ms
step:2416/3250 train_time:69.077s step_avg:28.59ms
step:2417/3250 train_time:69.230s step_avg:28.64ms
step:2418/3250 train_time:69.385s step_avg:28.70ms
step:2419/3250 train_time:69.539s step_avg:28.75ms
step:2420/3250 train_time:69.691s step_avg:28.80ms
step:2421/3250 train_time:69.845s step_avg:28.85ms
step:2422/3250 train_time:69.999s step_avg:28.90ms
step:2423/3250 train_time:70.154s step_avg:28.95ms
step:2424/3250 train_time:70.307s step_avg:29.00ms
step:2425/3250 train_time:70.463s step_avg:29.06ms
step:2426/3250 train_time:70.617s step_avg:29.11ms
step:2427/3250 train_time:70.772s step_avg:29.16ms
step:2428/3250 train_time:70.925s step_avg:29.21ms
step:2429/3250 train_time:71.079s step_avg:29.26ms
step:2430/3250 train_time:71.232s step_avg:29.31ms
step:2431/3250 train_time:71.386s step_avg:29.36ms
step:2432/3250 train_time:71.540s step_avg:29.42ms
step:2433/3250 train_time:71.694s step_avg:29.47ms
step:2434/3250 train_time:71.848s step_avg:29.52ms
step:2435/3250 train_time:72.003s step_avg:29.57ms
step:2436/3250 train_time:72.157s step_avg:29.62ms
step:2437/3250 train_time:72.310s step_avg:29.67ms
step:2438/3250 train_time:72.464s step_avg:29.72ms
step:2439/3250 train_time:72.618s step_avg:29.77ms
step:2440/3250 train_time:72.773s step_avg:29.82ms
step:2441/3250 train_time:72.926s step_avg:29.88ms
step:2442/3250 train_time:73.081s step_avg:29.93ms
step:2443/3250 train_time:73.236s step_avg:29.98ms
step:2444/3250 train_time:73.389s step_avg:30.03ms
step:2445/3250 train_time:73.545s step_avg:30.08ms
step:2446/3250 train_time:73.700s step_avg:30.13ms
step:2447/3250 train_time:73.856s step_avg:30.18ms
step:2448/3250 train_time:74.009s step_avg:30.23ms
step:2449/3250 train_time:74.163s step_avg:30.28ms
step:2450/3250 train_time:74.317s step_avg:30.33ms
step:2451/3250 train_time:74.470s step_avg:30.38ms
step:2452/3250 train_time:74.625s step_avg:30.43ms
step:2453/3250 train_time:74.778s step_avg:30.48ms
step:2454/3250 train_time:74.931s step_avg:30.53ms
step:2455/3250 train_time:75.086s step_avg:30.58ms
step:2456/3250 train_time:75.240s step_avg:30.64ms
step:2457/3250 train_time:75.394s step_avg:30.69ms
step:2458/3250 train_time:75.548s step_avg:30.74ms
step:2459/3250 train_time:75.703s step_avg:30.79ms
step:2460/3250 train_time:75.858s step_avg:30.84ms
step:2461/3250 train_time:76.010s step_avg:30.89ms
step:2462/3250 train_time:76.165s step_avg:30.94ms
step:2463/3250 train_time:76.320s step_avg:30.99ms
step:2464/3250 train_time:76.472s step_avg:31.04ms
step:2465/3250 train_time:76.626s step_avg:31.09ms
step:2466/3250 train_time:76.781s step_avg:31.14ms
step:2467/3250 train_time:76.936s step_avg:31.19ms
step:2468/3250 train_time:77.088s step_avg:31.24ms
step:2469/3250 train_time:77.243s step_avg:31.29ms
step:2470/3250 train_time:77.397s step_avg:31.33ms
step:2471/3250 train_time:77.588s step_avg:31.40ms
step:2472/3250 train_time:77.742s step_avg:31.45ms
step:2473/3250 train_time:77.896s step_avg:31.50ms
step:2474/3250 train_time:78.049s step_avg:31.55ms
step:2475/3250 train_time:78.203s step_avg:31.60ms
step:2476/3250 train_time:78.358s step_avg:31.65ms
step:2477/3250 train_time:78.511s step_avg:31.70ms
step:2478/3250 train_time:78.666s step_avg:31.75ms
step:2479/3250 train_time:78.819s step_avg:31.79ms
step:2480/3250 train_time:78.974s step_avg:31.84ms
step:2481/3250 train_time:79.128s step_avg:31.89ms
step:2482/3250 train_time:79.283s step_avg:31.94ms
step:2483/3250 train_time:79.437s step_avg:31.99ms
step:2484/3250 train_time:79.591s step_avg:32.04ms
step:2485/3250 train_time:79.746s step_avg:32.09ms
step:2486/3250 train_time:79.899s step_avg:32.14ms
step:2487/3250 train_time:80.054s step_avg:32.19ms
step:2488/3250 train_time:80.207s step_avg:32.24ms
step:2489/3250 train_time:80.363s step_avg:32.29ms
step:2490/3250 train_time:80.516s step_avg:32.34ms
step:2491/3250 train_time:80.670s step_avg:32.38ms
step:2492/3250 train_time:80.824s step_avg:32.43ms
step:2493/3250 train_time:80.978s step_avg:32.48ms
step:2494/3250 train_time:81.132s step_avg:32.53ms
step:2495/3250 train_time:81.286s step_avg:32.58ms
step:2496/3250 train_time:81.441s step_avg:32.63ms
step:2497/3250 train_time:81.595s step_avg:32.68ms
step:2498/3250 train_time:81.750s step_avg:32.73ms
step:2499/3250 train_time:81.904s step_avg:32.77ms
step:2500/3250 train_time:82.059s step_avg:32.82ms
step:2500/3250 val_loss:3.52131 train_time:82.071s step_avg:160.00ms
step:2501/3250 train_time:82.858s step_avg:33.13ms
step:2502/3250 train_time:82.998s step_avg:33.17ms
step:2503/3250 train_time:83.152s step_avg:33.22ms
step:2504/3250 train_time:83.306s step_avg:33.27ms
step:2505/3250 train_time:83.459s step_avg:33.32ms
step:2506/3250 train_time:83.613s step_avg:33.37ms
step:2507/3250 train_time:83.767s step_avg:33.41ms
step:2508/3250 train_time:83.920s step_avg:33.46ms
step:2509/3250 train_time:84.075s step_avg:33.51ms
step:2510/3250 train_time:84.228s step_avg:33.56ms
step:2511/3250 train_time:84.382s step_avg:33.60ms
step:2512/3250 train_time:84.536s step_avg:33.65ms
step:2513/3250 train_time:84.689s step_avg:33.70ms
step:2514/3250 train_time:84.843s step_avg:33.75ms
step:2515/3250 train_time:84.997s step_avg:33.80ms
step:2516/3250 train_time:85.151s step_avg:33.84ms
step:2517/3250 train_time:85.305s step_avg:33.89ms
step:2518/3250 train_time:85.459s step_avg:33.94ms
step:2519/3250 train_time:85.614s step_avg:33.99ms
step:2520/3250 train_time:85.768s step_avg:34.03ms
step:2521/3250 train_time:85.921s step_avg:34.08ms
step:2522/3250 train_time:86.075s step_avg:34.13ms
step:2523/3250 train_time:86.229s step_avg:34.18ms
step:2524/3250 train_time:86.384s step_avg:34.23ms
step:2525/3250 train_time:86.538s step_avg:34.27ms
step:2526/3250 train_time:86.693s step_avg:34.32ms
step:2527/3250 train_time:86.847s step_avg:34.37ms
step:2528/3250 train_time:87.001s step_avg:34.41ms
step:2529/3250 train_time:87.154s step_avg:34.46ms
step:2530/3250 train_time:87.308s step_avg:34.51ms
step:2531/3250 train_time:87.462s step_avg:34.56ms
step:2532/3250 train_time:87.616s step_avg:34.60ms
step:2533/3250 train_time:87.771s step_avg:34.65ms
step:2534/3250 train_time:87.925s step_avg:34.70ms
step:2535/3250 train_time:88.079s step_avg:34.75ms
step:2536/3250 train_time:88.233s step_avg:34.79ms
step:2537/3250 train_time:88.387s step_avg:34.84ms
step:2538/3250 train_time:88.541s step_avg:34.89ms
step:2539/3250 train_time:88.695s step_avg:34.93ms
step:2540/3250 train_time:88.849s step_avg:34.98ms
step:2541/3250 train_time:89.004s step_avg:35.03ms
step:2542/3250 train_time:89.158s step_avg:35.07ms
step:2543/3250 train_time:89.312s step_avg:35.12ms
step:2544/3250 train_time:89.468s step_avg:35.17ms
step:2545/3250 train_time:89.620s step_avg:35.21ms
step:2546/3250 train_time:89.774s step_avg:35.26ms
step:2547/3250 train_time:89.928s step_avg:35.31ms
step:2548/3250 train_time:90.083s step_avg:35.35ms
step:2549/3250 train_time:90.236s step_avg:35.40ms
step:2550/3250 train_time:90.390s step_avg:35.45ms
step:2551/3250 train_time:90.544s step_avg:35.49ms
step:2552/3250 train_time:90.699s step_avg:35.54ms
step:2553/3250 train_time:90.854s step_avg:35.59ms
step:2554/3250 train_time:91.008s step_avg:35.63ms
step:2555/3250 train_time:91.163s step_avg:35.68ms
step:2556/3250 train_time:91.316s step_avg:35.73ms
step:2557/3250 train_time:91.469s step_avg:35.77ms
step:2558/3250 train_time:91.623s step_avg:35.82ms
step:2559/3250 train_time:91.777s step_avg:35.86ms
step:2560/3250 train_time:91.932s step_avg:35.91ms
step:2561/3250 train_time:92.087s step_avg:35.96ms
step:2562/3250 train_time:92.240s step_avg:36.00ms
step:2563/3250 train_time:92.395s step_avg:36.05ms
step:2564/3250 train_time:92.548s step_avg:36.10ms
step:2565/3250 train_time:92.701s step_avg:36.14ms
step:2566/3250 train_time:92.856s step_avg:36.19ms
step:2567/3250 train_time:93.010s step_avg:36.23ms
step:2568/3250 train_time:93.166s step_avg:36.28ms
step:2569/3250 train_time:93.320s step_avg:36.33ms
step:2570/3250 train_time:93.474s step_avg:36.37ms
step:2571/3250 train_time:93.628s step_avg:36.42ms
step:2572/3250 train_time:93.783s step_avg:36.46ms
step:2573/3250 train_time:93.936s step_avg:36.51ms
step:2574/3250 train_time:94.090s step_avg:36.55ms
step:2575/3250 train_time:94.244s step_avg:36.60ms
step:2576/3250 train_time:94.399s step_avg:36.65ms
step:2577/3250 train_time:94.554s step_avg:36.69ms
step:2578/3250 train_time:94.707s step_avg:36.74ms
step:2579/3250 train_time:94.861s step_avg:36.78ms
step:2580/3250 train_time:95.014s step_avg:36.83ms
step:2581/3250 train_time:95.168s step_avg:36.87ms
step:2582/3250 train_time:95.322s step_avg:36.92ms
step:2583/3250 train_time:95.476s step_avg:36.96ms
step:2584/3250 train_time:95.630s step_avg:37.01ms
step:2585/3250 train_time:95.785s step_avg:37.05ms
step:2586/3250 train_time:95.939s step_avg:37.10ms
step:2587/3250 train_time:96.094s step_avg:37.14ms
step:2588/3250 train_time:96.248s step_avg:37.19ms
step:2589/3250 train_time:96.404s step_avg:37.24ms
step:2590/3250 train_time:96.557s step_avg:37.28ms
step:2591/3250 train_time:96.712s step_avg:37.33ms
step:2592/3250 train_time:96.866s step_avg:37.37ms
step:2593/3250 train_time:97.020s step_avg:37.42ms
step:2594/3250 train_time:97.175s step_avg:37.46ms
step:2595/3250 train_time:97.328s step_avg:37.51ms
step:2596/3250 train_time:97.483s step_avg:37.55ms
step:2597/3250 train_time:97.637s step_avg:37.60ms
step:2598/3250 train_time:97.791s step_avg:37.64ms
step:2599/3250 train_time:97.946s step_avg:37.69ms
step:2600/3250 train_time:98.100s step_avg:37.73ms
step:2601/3250 train_time:98.254s step_avg:37.78ms
step:2602/3250 train_time:98.408s step_avg:37.82ms
step:2603/3250 train_time:98.563s step_avg:37.87ms
step:2604/3250 train_time:98.715s step_avg:37.91ms
step:2605/3250 train_time:98.870s step_avg:37.95ms
step:2606/3250 train_time:99.024s step_avg:38.00ms
step:2607/3250 train_time:99.177s step_avg:38.04ms
step:2608/3250 train_time:99.330s step_avg:38.09ms
step:2609/3250 train_time:99.486s step_avg:38.13ms
step:2610/3250 train_time:99.640s step_avg:38.18ms
step:2611/3250 train_time:99.794s step_avg:38.22ms
step:2612/3250 train_time:99.947s step_avg:38.26ms
step:2613/3250 train_time:100.101s step_avg:38.31ms
step:2614/3250 train_time:100.255s step_avg:38.35ms
step:2615/3250 train_time:100.409s step_avg:38.40ms
step:2616/3250 train_time:100.564s step_avg:38.44ms
step:2617/3250 train_time:100.717s step_avg:38.49ms
step:2618/3250 train_time:100.873s step_avg:38.53ms
step:2619/3250 train_time:101.026s step_avg:38.57ms
step:2620/3250 train_time:101.181s step_avg:38.62ms
step:2621/3250 train_time:101.335s step_avg:38.66ms
step:2622/3250 train_time:101.488s step_avg:38.71ms
step:2623/3250 train_time:101.642s step_avg:38.75ms
step:2624/3250 train_time:101.795s step_avg:38.79ms
step:2625/3250 train_time:101.950s step_avg:38.84ms
step:2625/3250 val_loss:3.51647 train_time:101.962s step_avg:159.13ms
step:2626/3250 train_time:102.825s step_avg:39.16ms
step:2627/3250 train_time:102.967s step_avg:39.20ms
step:2628/3250 train_time:103.120s step_avg:39.24ms
step:2629/3250 train_time:103.274s step_avg:39.28ms
step:2630/3250 train_time:103.427s step_avg:39.33ms
step:2631/3250 train_time:103.581s step_avg:39.37ms
step:2632/3250 train_time:103.736s step_avg:39.41ms
step:2633/3250 train_time:103.891s step_avg:39.46ms
step:2634/3250 train_time:104.044s step_avg:39.50ms
step:2635/3250 train_time:104.198s step_avg:39.54ms
step:2636/3250 train_time:104.352s step_avg:39.59ms
step:2637/3250 train_time:104.505s step_avg:39.63ms
step:2638/3250 train_time:104.658s step_avg:39.67ms
step:2639/3250 train_time:104.812s step_avg:39.72ms
step:2640/3250 train_time:104.965s step_avg:39.76ms
step:2641/3250 train_time:105.119s step_avg:39.80ms
step:2642/3250 train_time:105.274s step_avg:39.85ms
step:2643/3250 train_time:105.427s step_avg:39.89ms
step:2644/3250 train_time:105.581s step_avg:39.93ms
step:2645/3250 train_time:105.736s step_avg:39.98ms
step:2646/3250 train_time:105.891s step_avg:40.02ms
step:2647/3250 train_time:106.044s step_avg:40.06ms
step:2648/3250 train_time:106.198s step_avg:40.11ms
step:2649/3250 train_time:106.353s step_avg:40.15ms
step:2650/3250 train_time:106.506s step_avg:40.19ms
step:2651/3250 train_time:106.661s step_avg:40.23ms
step:2652/3250 train_time:106.815s step_avg:40.28ms
step:2653/3250 train_time:106.969s step_avg:40.32ms
step:2654/3250 train_time:107.123s step_avg:40.36ms
step:2655/3250 train_time:107.276s step_avg:40.41ms
step:2656/3250 train_time:107.430s step_avg:40.45ms
step:2657/3250 train_time:107.584s step_avg:40.49ms
step:2658/3250 train_time:107.737s step_avg:40.53ms
step:2659/3250 train_time:107.892s step_avg:40.58ms
step:2660/3250 train_time:108.045s step_avg:40.62ms
step:2661/3250 train_time:108.238s step_avg:40.68ms
step:2662/3250 train_time:108.392s step_avg:40.72ms
step:2663/3250 train_time:108.545s step_avg:40.76ms
step:2664/3250 train_time:108.698s step_avg:40.80ms
step:2665/3250 train_time:108.852s step_avg:40.85ms
step:2666/3250 train_time:109.006s step_avg:40.89ms
step:2667/3250 train_time:109.159s step_avg:40.93ms
step:2668/3250 train_time:109.314s step_avg:40.97ms
step:2669/3250 train_time:109.467s step_avg:41.01ms
step:2670/3250 train_time:109.621s step_avg:41.06ms
step:2671/3250 train_time:109.774s step_avg:41.10ms
step:2672/3250 train_time:109.927s step_avg:41.14ms
step:2673/3250 train_time:110.082s step_avg:41.18ms
step:2674/3250 train_time:110.236s step_avg:41.23ms
step:2675/3250 train_time:110.391s step_avg:41.27ms
step:2676/3250 train_time:110.544s step_avg:41.31ms
step:2677/3250 train_time:110.697s step_avg:41.35ms
step:2678/3250 train_time:110.851s step_avg:41.39ms
step:2679/3250 train_time:111.005s step_avg:41.44ms
step:2680/3250 train_time:111.158s step_avg:41.48ms
step:2681/3250 train_time:111.314s step_avg:41.52ms
step:2682/3250 train_time:111.467s step_avg:41.56ms
step:2683/3250 train_time:111.621s step_avg:41.60ms
step:2684/3250 train_time:111.775s step_avg:41.64ms
step:2685/3250 train_time:111.929s step_avg:41.69ms
step:2686/3250 train_time:112.083s step_avg:41.73ms
step:2687/3250 train_time:112.236s step_avg:41.77ms
step:2688/3250 train_time:112.391s step_avg:41.81ms
step:2689/3250 train_time:112.544s step_avg:41.85ms
step:2690/3250 train_time:112.698s step_avg:41.90ms
step:2691/3250 train_time:112.853s step_avg:41.94ms
step:2692/3250 train_time:113.008s step_avg:41.98ms
step:2693/3250 train_time:113.163s step_avg:42.02ms
step:2694/3250 train_time:113.316s step_avg:42.06ms
step:2695/3250 train_time:113.471s step_avg:42.10ms
step:2696/3250 train_time:113.624s step_avg:42.15ms
step:2697/3250 train_time:113.778s step_avg:42.19ms
step:2698/3250 train_time:113.933s step_avg:42.23ms
step:2699/3250 train_time:114.086s step_avg:42.27ms
step:2700/3250 train_time:114.241s step_avg:42.31ms
step:2701/3250 train_time:114.396s step_avg:42.35ms
step:2702/3250 train_time:114.548s step_avg:42.39ms
step:2703/3250 train_time:114.702s step_avg:42.44ms
step:2704/3250 train_time:114.856s step_avg:42.48ms
step:2705/3250 train_time:115.010s step_avg:42.52ms
step:2706/3250 train_time:115.163s step_avg:42.56ms
step:2707/3250 train_time:115.317s step_avg:42.60ms
step:2708/3250 train_time:115.471s step_avg:42.64ms
step:2709/3250 train_time:115.625s step_avg:42.68ms
step:2710/3250 train_time:115.779s step_avg:42.72ms
step:2711/3250 train_time:115.934s step_avg:42.76ms
step:2712/3250 train_time:116.088s step_avg:42.81ms
step:2713/3250 train_time:116.242s step_avg:42.85ms
step:2714/3250 train_time:116.396s step_avg:42.89ms
step:2715/3250 train_time:116.550s step_avg:42.93ms
step:2716/3250 train_time:116.704s step_avg:42.97ms
step:2717/3250 train_time:116.858s step_avg:43.01ms
step:2718/3250 train_time:117.013s step_avg:43.05ms
step:2719/3250 train_time:117.167s step_avg:43.09ms
step:2720/3250 train_time:117.321s step_avg:43.13ms
step:2721/3250 train_time:117.474s step_avg:43.17ms
step:2722/3250 train_time:117.628s step_avg:43.21ms
step:2723/3250 train_time:117.784s step_avg:43.26ms
step:2724/3250 train_time:117.938s step_avg:43.30ms
step:2725/3250 train_time:118.093s step_avg:43.34ms
step:2726/3250 train_time:118.245s step_avg:43.38ms
step:2727/3250 train_time:118.399s step_avg:43.42ms
step:2728/3250 train_time:118.553s step_avg:43.46ms
step:2729/3250 train_time:118.706s step_avg:43.50ms
step:2730/3250 train_time:118.861s step_avg:43.54ms
step:2731/3250 train_time:119.016s step_avg:43.58ms
step:2732/3250 train_time:119.170s step_avg:43.62ms
step:2733/3250 train_time:119.323s step_avg:43.66ms
step:2734/3250 train_time:119.477s step_avg:43.70ms
step:2735/3250 train_time:119.632s step_avg:43.74ms
step:2736/3250 train_time:119.785s step_avg:43.78ms
step:2737/3250 train_time:119.938s step_avg:43.82ms
step:2738/3250 train_time:120.094s step_avg:43.86ms
step:2739/3250 train_time:120.246s step_avg:43.90ms
step:2740/3250 train_time:120.401s step_avg:43.94ms
step:2741/3250 train_time:120.555s step_avg:43.98ms
step:2742/3250 train_time:120.710s step_avg:44.02ms
step:2743/3250 train_time:120.864s step_avg:44.06ms
step:2744/3250 train_time:121.017s step_avg:44.10ms
step:2745/3250 train_time:121.172s step_avg:44.14ms
step:2746/3250 train_time:121.325s step_avg:44.18ms
step:2747/3250 train_time:121.478s step_avg:44.22ms
step:2748/3250 train_time:121.634s step_avg:44.26ms
step:2749/3250 train_time:121.788s step_avg:44.30ms
step:2750/3250 train_time:121.942s step_avg:44.34ms
step:2750/3250 val_loss:3.51338 train_time:121.954s step_avg:159.94ms
step:2751/3250 train_time:122.729s step_avg:44.61ms
step:2752/3250 train_time:122.872s step_avg:44.65ms
step:2753/3250 train_time:123.025s step_avg:44.69ms
step:2754/3250 train_time:123.178s step_avg:44.73ms
step:2755/3250 train_time:123.333s step_avg:44.77ms
step:2756/3250 train_time:123.486s step_avg:44.81ms
step:2757/3250 train_time:123.640s step_avg:44.85ms
step:2758/3250 train_time:123.793s step_avg:44.89ms
step:2759/3250 train_time:123.947s step_avg:44.92ms
step:2760/3250 train_time:124.100s step_avg:44.96ms
step:2761/3250 train_time:124.254s step_avg:45.00ms
step:2762/3250 train_time:124.408s step_avg:45.04ms
step:2763/3250 train_time:124.563s step_avg:45.08ms
step:2764/3250 train_time:124.716s step_avg:45.12ms
step:2765/3250 train_time:124.870s step_avg:45.16ms
step:2766/3250 train_time:125.025s step_avg:45.20ms
step:2767/3250 train_time:125.178s step_avg:45.24ms
step:2768/3250 train_time:125.332s step_avg:45.28ms
step:2769/3250 train_time:125.484s step_avg:45.32ms
step:2770/3250 train_time:125.638s step_avg:45.36ms
step:2771/3250 train_time:125.793s step_avg:45.40ms
step:2772/3250 train_time:125.947s step_avg:45.44ms
step:2773/3250 train_time:126.101s step_avg:45.47ms
step:2774/3250 train_time:126.256s step_avg:45.51ms
step:2775/3250 train_time:126.410s step_avg:45.55ms
step:2776/3250 train_time:126.565s step_avg:45.59ms
step:2777/3250 train_time:126.718s step_avg:45.63ms
step:2778/3250 train_time:126.873s step_avg:45.67ms
step:2779/3250 train_time:127.027s step_avg:45.71ms
step:2780/3250 train_time:127.181s step_avg:45.75ms
step:2781/3250 train_time:127.334s step_avg:45.79ms
step:2782/3250 train_time:127.487s step_avg:45.83ms
step:2783/3250 train_time:127.642s step_avg:45.87ms
step:2784/3250 train_time:127.795s step_avg:45.90ms
step:2785/3250 train_time:127.949s step_avg:45.94ms
step:2786/3250 train_time:128.103s step_avg:45.98ms
step:2787/3250 train_time:128.258s step_avg:46.02ms
step:2788/3250 train_time:128.412s step_avg:46.06ms
step:2789/3250 train_time:128.567s step_avg:46.10ms
step:2790/3250 train_time:128.721s step_avg:46.14ms
step:2791/3250 train_time:128.874s step_avg:46.17ms
step:2792/3250 train_time:129.028s step_avg:46.21ms
step:2793/3250 train_time:129.183s step_avg:46.25ms
step:2794/3250 train_time:129.337s step_avg:46.29ms
step:2795/3250 train_time:129.492s step_avg:46.33ms
step:2796/3250 train_time:129.647s step_avg:46.37ms
step:2797/3250 train_time:129.801s step_avg:46.41ms
step:2798/3250 train_time:129.955s step_avg:46.45ms
step:2799/3250 train_time:130.109s step_avg:46.48ms
step:2800/3250 train_time:130.264s step_avg:46.52ms
step:2801/3250 train_time:130.418s step_avg:46.56ms
step:2802/3250 train_time:130.572s step_avg:46.60ms
step:2803/3250 train_time:130.726s step_avg:46.64ms
step:2804/3250 train_time:130.878s step_avg:46.68ms
step:2805/3250 train_time:131.033s step_avg:46.71ms
step:2806/3250 train_time:131.189s step_avg:46.75ms
step:2807/3250 train_time:131.344s step_avg:46.79ms
step:2808/3250 train_time:131.498s step_avg:46.83ms
step:2809/3250 train_time:131.651s step_avg:46.87ms
step:2810/3250 train_time:131.805s step_avg:46.91ms
step:2811/3250 train_time:131.959s step_avg:46.94ms
step:2812/3250 train_time:132.114s step_avg:46.98ms
step:2813/3250 train_time:132.267s step_avg:47.02ms
step:2814/3250 train_time:132.421s step_avg:47.06ms
step:2815/3250 train_time:132.574s step_avg:47.10ms
step:2816/3250 train_time:132.728s step_avg:47.13ms
step:2817/3250 train_time:132.883s step_avg:47.17ms
step:2818/3250 train_time:133.037s step_avg:47.21ms
step:2819/3250 train_time:133.192s step_avg:47.25ms
step:2820/3250 train_time:133.346s step_avg:47.29ms
step:2821/3250 train_time:133.500s step_avg:47.32ms
step:2822/3250 train_time:133.653s step_avg:47.36ms
step:2823/3250 train_time:133.805s step_avg:47.40ms
step:2824/3250 train_time:133.960s step_avg:47.44ms
step:2825/3250 train_time:134.114s step_avg:47.47ms
step:2826/3250 train_time:134.268s step_avg:47.51ms
step:2827/3250 train_time:134.423s step_avg:47.55ms
step:2828/3250 train_time:134.575s step_avg:47.59ms
step:2829/3250 train_time:134.729s step_avg:47.62ms
step:2830/3250 train_time:134.884s step_avg:47.66ms
step:2831/3250 train_time:135.038s step_avg:47.70ms
step:2832/3250 train_time:135.192s step_avg:47.74ms
step:2833/3250 train_time:135.347s step_avg:47.78ms
step:2834/3250 train_time:135.501s step_avg:47.81ms
step:2835/3250 train_time:135.654s step_avg:47.85ms
step:2836/3250 train_time:135.809s step_avg:47.89ms
step:2837/3250 train_time:135.965s step_avg:47.93ms
step:2838/3250 train_time:136.119s step_avg:47.96ms
step:2839/3250 train_time:136.273s step_avg:48.00ms
step:2840/3250 train_time:136.427s step_avg:48.04ms
step:2841/3250 train_time:136.581s step_avg:48.08ms
step:2842/3250 train_time:136.735s step_avg:48.11ms
step:2843/3250 train_time:136.888s step_avg:48.15ms
step:2844/3250 train_time:137.044s step_avg:48.19ms
step:2845/3250 train_time:137.197s step_avg:48.22ms
step:2846/3250 train_time:137.351s step_avg:48.26ms
step:2847/3250 train_time:137.505s step_avg:48.30ms
step:2848/3250 train_time:137.660s step_avg:48.34ms
step:2849/3250 train_time:137.814s step_avg:48.37ms
step:2850/3250 train_time:137.968s step_avg:48.41ms
step:2851/3250 train_time:138.169s step_avg:48.46ms
step:2852/3250 train_time:138.323s step_avg:48.50ms
step:2853/3250 train_time:138.475s step_avg:48.54ms
step:2854/3250 train_time:138.629s step_avg:48.57ms
step:2855/3250 train_time:138.783s step_avg:48.61ms
step:2856/3250 train_time:138.936s step_avg:48.65ms
step:2857/3250 train_time:139.089s step_avg:48.68ms
step:2858/3250 train_time:139.245s step_avg:48.72ms
step:2859/3250 train_time:139.399s step_avg:48.76ms
step:2860/3250 train_time:139.553s step_avg:48.79ms
step:2861/3250 train_time:139.708s step_avg:48.83ms
step:2862/3250 train_time:139.862s step_avg:48.87ms
step:2863/3250 train_time:140.016s step_avg:48.91ms
step:2864/3250 train_time:140.170s step_avg:48.94ms
step:2865/3250 train_time:140.325s step_avg:48.98ms
step:2866/3250 train_time:140.479s step_avg:49.02ms
step:2867/3250 train_time:140.633s step_avg:49.05ms
step:2868/3250 train_time:140.787s step_avg:49.09ms
step:2869/3250 train_time:140.942s step_avg:49.13ms
step:2870/3250 train_time:141.095s step_avg:49.16ms
step:2871/3250 train_time:141.249s step_avg:49.20ms
step:2872/3250 train_time:141.404s step_avg:49.24ms
step:2873/3250 train_time:141.559s step_avg:49.27ms
step:2874/3250 train_time:141.714s step_avg:49.31ms
step:2875/3250 train_time:141.867s step_avg:49.35ms
step:2875/3250 val_loss:3.50891 train_time:141.879s step_avg:159.40ms
step:2876/3250 train_time:142.663s step_avg:49.60ms
step:2877/3250 train_time:142.804s step_avg:49.64ms
step:2878/3250 train_time:142.957s step_avg:49.67ms
step:2879/3250 train_time:143.110s step_avg:49.71ms
step:2880/3250 train_time:143.263s step_avg:49.74ms
step:2881/3250 train_time:143.416s step_avg:49.78ms
step:2882/3250 train_time:143.570s step_avg:49.82ms
step:2883/3250 train_time:143.724s step_avg:49.85ms
step:2884/3250 train_time:143.879s step_avg:49.89ms
step:2885/3250 train_time:144.033s step_avg:49.92ms
step:2886/3250 train_time:144.186s step_avg:49.96ms
step:2887/3250 train_time:144.342s step_avg:50.00ms
step:2888/3250 train_time:144.496s step_avg:50.03ms
step:2889/3250 train_time:144.650s step_avg:50.07ms
step:2890/3250 train_time:144.804s step_avg:50.11ms
step:2891/3250 train_time:144.959s step_avg:50.14ms
step:2892/3250 train_time:145.113s step_avg:50.18ms
step:2893/3250 train_time:145.267s step_avg:50.21ms
step:2894/3250 train_time:145.422s step_avg:50.25ms
step:2895/3250 train_time:145.576s step_avg:50.29ms
step:2896/3250 train_time:145.728s step_avg:50.32ms
step:2897/3250 train_time:145.882s step_avg:50.36ms
step:2898/3250 train_time:146.036s step_avg:50.39ms
step:2899/3250 train_time:146.191s step_avg:50.43ms
step:2900/3250 train_time:146.345s step_avg:50.46ms
step:2901/3250 train_time:146.500s step_avg:50.50ms
step:2902/3250 train_time:146.654s step_avg:50.54ms
step:2903/3250 train_time:146.807s step_avg:50.57ms
step:2904/3250 train_time:146.963s step_avg:50.61ms
step:2905/3250 train_time:147.116s step_avg:50.64ms
step:2906/3250 train_time:147.271s step_avg:50.68ms
step:2907/3250 train_time:147.424s step_avg:50.71ms
step:2908/3250 train_time:147.578s step_avg:50.75ms
step:2909/3250 train_time:147.733s step_avg:50.78ms
step:2910/3250 train_time:147.886s step_avg:50.82ms
step:2911/3250 train_time:148.041s step_avg:50.86ms
step:2912/3250 train_time:148.195s step_avg:50.89ms
step:2913/3250 train_time:148.349s step_avg:50.93ms
step:2914/3250 train_time:148.504s step_avg:50.96ms
step:2915/3250 train_time:148.657s step_avg:51.00ms
step:2916/3250 train_time:148.811s step_avg:51.03ms
step:2917/3250 train_time:148.965s step_avg:51.07ms
step:2918/3250 train_time:149.120s step_avg:51.10ms
step:2919/3250 train_time:149.275s step_avg:51.14ms
step:2920/3250 train_time:149.428s step_avg:51.17ms
step:2921/3250 train_time:149.582s step_avg:51.21ms
step:2922/3250 train_time:149.737s step_avg:51.24ms
step:2923/3250 train_time:149.891s step_avg:51.28ms
step:2924/3250 train_time:150.044s step_avg:51.31ms
step:2925/3250 train_time:150.198s step_avg:51.35ms
step:2926/3250 train_time:150.353s step_avg:51.39ms
step:2927/3250 train_time:150.507s step_avg:51.42ms
step:2928/3250 train_time:150.661s step_avg:51.46ms
step:2929/3250 train_time:150.815s step_avg:51.49ms
step:2930/3250 train_time:150.969s step_avg:51.53ms
step:2931/3250 train_time:151.123s step_avg:51.56ms
step:2932/3250 train_time:151.277s step_avg:51.60ms
step:2933/3250 train_time:151.432s step_avg:51.63ms
step:2934/3250 train_time:151.585s step_avg:51.66ms
step:2935/3250 train_time:151.739s step_avg:51.70ms
step:2936/3250 train_time:151.893s step_avg:51.73ms
step:2937/3250 train_time:152.047s step_avg:51.77ms
step:2938/3250 train_time:152.202s step_avg:51.80ms
step:2939/3250 train_time:152.356s step_avg:51.84ms
step:2940/3250 train_time:152.509s step_avg:51.87ms
step:2941/3250 train_time:152.664s step_avg:51.91ms
step:2942/3250 train_time:152.818s step_avg:51.94ms
step:2943/3250 train_time:152.973s step_avg:51.98ms
step:2944/3250 train_time:153.128s step_avg:52.01ms
step:2945/3250 train_time:153.282s step_avg:52.05ms
step:2946/3250 train_time:153.437s step_avg:52.08ms
step:2947/3250 train_time:153.591s step_avg:52.12ms
step:2948/3250 train_time:153.744s step_avg:52.15ms
step:2949/3250 train_time:153.898s step_avg:52.19ms
step:2950/3250 train_time:154.053s step_avg:52.22ms
step:2951/3250 train_time:154.206s step_avg:52.26ms
step:2952/3250 train_time:154.362s step_avg:52.29ms
step:2953/3250 train_time:154.515s step_avg:52.32ms
step:2954/3250 train_time:154.669s step_avg:52.36ms
step:2955/3250 train_time:154.823s step_avg:52.39ms
step:2956/3250 train_time:154.976s step_avg:52.43ms
step:2957/3250 train_time:155.131s step_avg:52.46ms
step:2958/3250 train_time:155.285s step_avg:52.50ms
step:2959/3250 train_time:155.441s step_avg:52.53ms
step:2960/3250 train_time:155.596s step_avg:52.57ms
step:2961/3250 train_time:155.750s step_avg:52.60ms
step:2962/3250 train_time:155.903s step_avg:52.63ms
step:2963/3250 train_time:156.057s step_avg:52.67ms
step:2964/3250 train_time:156.211s step_avg:52.70ms
step:2965/3250 train_time:156.364s step_avg:52.74ms
step:2966/3250 train_time:156.519s step_avg:52.77ms
step:2967/3250 train_time:156.675s step_avg:52.81ms
step:2968/3250 train_time:156.830s step_avg:52.84ms
step:2969/3250 train_time:156.983s step_avg:52.87ms
step:2970/3250 train_time:157.137s step_avg:52.91ms
step:2971/3250 train_time:157.292s step_avg:52.94ms
step:2972/3250 train_time:157.445s step_avg:52.98ms
step:2973/3250 train_time:157.599s step_avg:53.01ms
step:2974/3250 train_time:157.754s step_avg:53.04ms
step:2975/3250 train_time:157.907s step_avg:53.08ms
step:2976/3250 train_time:158.064s step_avg:53.11ms
step:2977/3250 train_time:158.218s step_avg:53.15ms
step:2978/3250 train_time:158.373s step_avg:53.18ms
step:2979/3250 train_time:158.527s step_avg:53.21ms
step:2980/3250 train_time:158.682s step_avg:53.25ms
step:2981/3250 train_time:158.834s step_avg:53.28ms
step:2982/3250 train_time:158.989s step_avg:53.32ms
step:2983/3250 train_time:159.143s step_avg:53.35ms
step:2984/3250 train_time:159.297s step_avg:53.38ms
step:2985/3250 train_time:159.452s step_avg:53.42ms
step:2986/3250 train_time:159.604s step_avg:53.45ms
step:2987/3250 train_time:159.759s step_avg:53.48ms
step:2988/3250 train_time:159.913s step_avg:53.52ms
step:2989/3250 train_time:160.068s step_avg:53.55ms
step:2990/3250 train_time:160.223s step_avg:53.59ms
step:2991/3250 train_time:160.377s step_avg:53.62ms
step:2992/3250 train_time:160.531s step_avg:53.65ms
step:2993/3250 train_time:160.685s step_avg:53.69ms
step:2994/3250 train_time:160.839s step_avg:53.72ms
step:2995/3250 train_time:160.994s step_avg:53.75ms
step:2996/3250 train_time:161.148s step_avg:53.79ms
step:2997/3250 train_time:161.303s step_avg:53.82ms
step:2998/3250 train_time:161.457s step_avg:53.85ms
step:2999/3250 train_time:161.611s step_avg:53.89ms
step:3000/3250 train_time:161.764s step_avg:53.92ms
step:3000/3250 val_loss:3.50037 train_time:161.776s step_avg:159.18ms
step:3001/3250 train_time:162.561s step_avg:54.17ms
step:3002/3250 train_time:162.701s step_avg:54.20ms
step:3003/3250 train_time:162.854s step_avg:54.23ms
step:3004/3250 train_time:163.007s step_avg:54.26ms
step:3005/3250 train_time:163.161s step_avg:54.30ms
step:3006/3250 train_time:163.313s step_avg:54.33ms
step:3007/3250 train_time:163.467s step_avg:54.36ms
step:3008/3250 train_time:163.622s step_avg:54.40ms
step:3009/3250 train_time:163.775s step_avg:54.43ms
step:3010/3250 train_time:163.928s step_avg:54.46ms
step:3011/3250 train_time:164.083s step_avg:54.49ms
step:3012/3250 train_time:164.235s step_avg:54.53ms
step:3013/3250 train_time:164.389s step_avg:54.56ms
step:3014/3250 train_time:164.543s step_avg:54.59ms
step:3015/3250 train_time:164.697s step_avg:54.63ms
step:3016/3250 train_time:164.852s step_avg:54.66ms
step:3017/3250 train_time:165.006s step_avg:54.69ms
step:3018/3250 train_time:165.160s step_avg:54.72ms
step:3019/3250 train_time:165.314s step_avg:54.76ms
step:3020/3250 train_time:165.467s step_avg:54.79ms
step:3021/3250 train_time:165.622s step_avg:54.82ms
step:3022/3250 train_time:165.775s step_avg:54.86ms
step:3023/3250 train_time:165.928s step_avg:54.89ms
step:3024/3250 train_time:166.083s step_avg:54.92ms
step:3025/3250 train_time:166.236s step_avg:54.95ms
step:3026/3250 train_time:166.391s step_avg:54.99ms
step:3027/3250 train_time:166.545s step_avg:55.02ms
step:3028/3250 train_time:166.700s step_avg:55.05ms
step:3029/3250 train_time:166.854s step_avg:55.09ms
step:3030/3250 train_time:167.007s step_avg:55.12ms
step:3031/3250 train_time:167.161s step_avg:55.15ms
step:3032/3250 train_time:167.314s step_avg:55.18ms
step:3033/3250 train_time:167.470s step_avg:55.22ms
step:3034/3250 train_time:167.625s step_avg:55.25ms
step:3035/3250 train_time:167.779s step_avg:55.28ms
step:3036/3250 train_time:167.934s step_avg:55.31ms
step:3037/3250 train_time:168.089s step_avg:55.35ms
step:3038/3250 train_time:168.242s step_avg:55.38ms
step:3039/3250 train_time:168.396s step_avg:55.41ms
step:3040/3250 train_time:168.550s step_avg:55.44ms
step:3041/3250 train_time:168.747s step_avg:55.49ms
step:3042/3250 train_time:168.901s step_avg:55.52ms
step:3043/3250 train_time:169.053s step_avg:55.55ms
step:3044/3250 train_time:169.207s step_avg:55.59ms
step:3045/3250 train_time:169.361s step_avg:55.62ms
step:3046/3250 train_time:169.515s step_avg:55.65ms
step:3047/3250 train_time:169.670s step_avg:55.68ms
step:3048/3250 train_time:169.825s step_avg:55.72ms
step:3049/3250 train_time:169.980s step_avg:55.75ms
step:3050/3250 train_time:170.133s step_avg:55.78ms
step:3051/3250 train_time:170.287s step_avg:55.81ms
step:3052/3250 train_time:170.441s step_avg:55.85ms
step:3053/3250 train_time:170.594s step_avg:55.88ms
step:3054/3250 train_time:170.750s step_avg:55.91ms
step:3055/3250 train_time:170.905s step_avg:55.94ms
step:3056/3250 train_time:171.059s step_avg:55.97ms
step:3057/3250 train_time:171.213s step_avg:56.01ms
step:3058/3250 train_time:171.367s step_avg:56.04ms
step:3059/3250 train_time:171.522s step_avg:56.07ms
step:3060/3250 train_time:171.676s step_avg:56.10ms
step:3061/3250 train_time:171.832s step_avg:56.14ms
step:3062/3250 train_time:171.985s step_avg:56.17ms
step:3063/3250 train_time:172.139s step_avg:56.20ms
step:3064/3250 train_time:172.293s step_avg:56.23ms
step:3065/3250 train_time:172.446s step_avg:56.26ms
step:3066/3250 train_time:172.602s step_avg:56.30ms
step:3067/3250 train_time:172.755s step_avg:56.33ms
step:3068/3250 train_time:172.910s step_avg:56.36ms
step:3069/3250 train_time:173.063s step_avg:56.39ms
step:3070/3250 train_time:173.218s step_avg:56.42ms
step:3071/3250 train_time:173.372s step_avg:56.45ms
step:3072/3250 train_time:173.526s step_avg:56.49ms
step:3073/3250 train_time:173.681s step_avg:56.52ms
step:3074/3250 train_time:173.834s step_avg:56.55ms
step:3075/3250 train_time:173.989s step_avg:56.58ms
step:3076/3250 train_time:174.144s step_avg:56.61ms
step:3077/3250 train_time:174.297s step_avg:56.65ms
step:3078/3250 train_time:174.452s step_avg:56.68ms
step:3079/3250 train_time:174.605s step_avg:56.71ms
step:3080/3250 train_time:174.759s step_avg:56.74ms
step:3081/3250 train_time:174.913s step_avg:56.77ms
step:3082/3250 train_time:175.067s step_avg:56.80ms
step:3083/3250 train_time:175.223s step_avg:56.84ms
step:3084/3250 train_time:175.376s step_avg:56.87ms
step:3085/3250 train_time:175.531s step_avg:56.90ms
step:3086/3250 train_time:175.685s step_avg:56.93ms
step:3087/3250 train_time:175.840s step_avg:56.96ms
step:3088/3250 train_time:175.993s step_avg:56.99ms
step:3089/3250 train_time:176.147s step_avg:57.02ms
step:3090/3250 train_time:176.303s step_avg:57.06ms
step:3091/3250 train_time:176.457s step_avg:57.09ms
step:3092/3250 train_time:176.611s step_avg:57.12ms
step:3093/3250 train_time:176.764s step_avg:57.15ms
step:3094/3250 train_time:176.919s step_avg:57.18ms
step:3095/3250 train_time:177.074s step_avg:57.21ms
step:3096/3250 train_time:177.228s step_avg:57.24ms
step:3097/3250 train_time:177.384s step_avg:57.28ms
step:3098/3250 train_time:177.536s step_avg:57.31ms
step:3099/3250 train_time:177.691s step_avg:57.34ms
step:3100/3250 train_time:177.844s step_avg:57.37ms
step:3101/3250 train_time:177.998s step_avg:57.40ms
step:3102/3250 train_time:178.152s step_avg:57.43ms
step:3103/3250 train_time:178.306s step_avg:57.46ms
step:3104/3250 train_time:178.461s step_avg:57.49ms
step:3105/3250 train_time:178.614s step_avg:57.52ms
step:3106/3250 train_time:178.768s step_avg:57.56ms
step:3107/3250 train_time:178.923s step_avg:57.59ms
step:3108/3250 train_time:179.076s step_avg:57.62ms
step:3109/3250 train_time:179.232s step_avg:57.65ms
step:3110/3250 train_time:179.386s step_avg:57.68ms
step:3111/3250 train_time:179.540s step_avg:57.71ms
step:3112/3250 train_time:179.694s step_avg:57.74ms
step:3113/3250 train_time:179.847s step_avg:57.77ms
step:3114/3250 train_time:180.002s step_avg:57.80ms
step:3115/3250 train_time:180.156s step_avg:57.83ms
step:3116/3250 train_time:180.310s step_avg:57.87ms
step:3117/3250 train_time:180.464s step_avg:57.90ms
step:3118/3250 train_time:180.616s step_avg:57.93ms
step:3119/3250 train_time:180.771s step_avg:57.96ms
step:3120/3250 train_time:180.925s step_avg:57.99ms
step:3121/3250 train_time:181.080s step_avg:58.02ms
step:3122/3250 train_time:181.234s step_avg:58.05ms
step:3123/3250 train_time:181.388s step_avg:58.08ms
step:3124/3250 train_time:181.541s step_avg:58.11ms
step:3125/3250 train_time:181.694s step_avg:58.14ms
step:3125/3250 val_loss:3.49729 train_time:181.706s step_avg:159.44ms
step:3126/3250 train_time:182.475s step_avg:58.37ms
step:3127/3250 train_time:182.614s step_avg:58.40ms
step:3128/3250 train_time:182.766s step_avg:58.43ms
step:3129/3250 train_time:182.920s step_avg:58.46ms
step:3130/3250 train_time:183.074s step_avg:58.49ms
step:3131/3250 train_time:183.228s step_avg:58.52ms
step:3132/3250 train_time:183.383s step_avg:58.55ms
step:3133/3250 train_time:183.537s step_avg:58.58ms
step:3134/3250 train_time:183.691s step_avg:58.61ms
step:3135/3250 train_time:183.844s step_avg:58.64ms
step:3136/3250 train_time:183.998s step_avg:58.67ms
step:3137/3250 train_time:184.153s step_avg:58.70ms
step:3138/3250 train_time:184.307s step_avg:58.73ms
step:3139/3250 train_time:184.462s step_avg:58.76ms
step:3140/3250 train_time:184.615s step_avg:58.79ms
step:3141/3250 train_time:184.768s step_avg:58.82ms
step:3142/3250 train_time:184.924s step_avg:58.86ms
step:3143/3250 train_time:185.077s step_avg:58.89ms
step:3144/3250 train_time:185.232s step_avg:58.92ms
step:3145/3250 train_time:185.385s step_avg:58.95ms
step:3146/3250 train_time:185.539s step_avg:58.98ms
step:3147/3250 train_time:185.693s step_avg:59.01ms
step:3148/3250 train_time:185.848s step_avg:59.04ms
step:3149/3250 train_time:186.003s step_avg:59.07ms
step:3150/3250 train_time:186.157s step_avg:59.10ms
step:3151/3250 train_time:186.313s step_avg:59.13ms
step:3152/3250 train_time:186.466s step_avg:59.16ms
step:3153/3250 train_time:186.620s step_avg:59.19ms
step:3154/3250 train_time:186.774s step_avg:59.22ms
step:3155/3250 train_time:186.928s step_avg:59.25ms
step:3156/3250 train_time:187.083s step_avg:59.28ms
step:3157/3250 train_time:187.237s step_avg:59.31ms
step:3158/3250 train_time:187.390s step_avg:59.34ms
step:3159/3250 train_time:187.544s step_avg:59.37ms
step:3160/3250 train_time:187.698s step_avg:59.40ms
step:3161/3250 train_time:187.853s step_avg:59.43ms
step:3162/3250 train_time:188.007s step_avg:59.46ms
step:3163/3250 train_time:188.161s step_avg:59.49ms
step:3164/3250 train_time:188.314s step_avg:59.52ms
step:3165/3250 train_time:188.467s step_avg:59.55ms
step:3166/3250 train_time:188.622s step_avg:59.58ms
step:3167/3250 train_time:188.775s step_avg:59.61ms
step:3168/3250 train_time:188.929s step_avg:59.64ms
step:3169/3250 train_time:189.084s step_avg:59.67ms
step:3170/3250 train_time:189.238s step_avg:59.70ms
step:3171/3250 train_time:189.392s step_avg:59.73ms
step:3172/3250 train_time:189.546s step_avg:59.76ms
step:3173/3250 train_time:189.700s step_avg:59.79ms
step:3174/3250 train_time:189.854s step_avg:59.82ms
step:3175/3250 train_time:190.007s step_avg:59.84ms
step:3176/3250 train_time:190.162s step_avg:59.87ms
step:3177/3250 train_time:190.317s step_avg:59.90ms
step:3178/3250 train_time:190.471s step_avg:59.93ms
step:3179/3250 train_time:190.625s step_avg:59.96ms
step:3180/3250 train_time:190.778s step_avg:59.99ms
step:3181/3250 train_time:190.933s step_avg:60.02ms
step:3182/3250 train_time:191.087s step_avg:60.05ms
step:3183/3250 train_time:191.241s step_avg:60.08ms
step:3184/3250 train_time:191.395s step_avg:60.11ms
step:3185/3250 train_time:191.548s step_avg:60.14ms
step:3186/3250 train_time:191.703s step_avg:60.17ms
step:3187/3250 train_time:191.857s step_avg:60.20ms
step:3188/3250 train_time:192.012s step_avg:60.23ms
step:3189/3250 train_time:192.165s step_avg:60.26ms
step:3190/3250 train_time:192.320s step_avg:60.29ms
step:3191/3250 train_time:192.474s step_avg:60.32ms
step:3192/3250 train_time:192.628s step_avg:60.35ms
step:3193/3250 train_time:192.782s step_avg:60.38ms
step:3194/3250 train_time:192.936s step_avg:60.41ms
step:3195/3250 train_time:193.089s step_avg:60.43ms
step:3196/3250 train_time:193.243s step_avg:60.46ms
step:3197/3250 train_time:193.398s step_avg:60.49ms
step:3198/3250 train_time:193.552s step_avg:60.52ms
step:3199/3250 train_time:193.705s step_avg:60.55ms
step:3200/3250 train_time:193.860s step_avg:60.58ms
step:3201/3250 train_time:194.016s step_avg:60.61ms
step:3202/3250 train_time:194.169s step_avg:60.64ms
step:3203/3250 train_time:194.324s step_avg:60.67ms
step:3204/3250 train_time:194.478s step_avg:60.70ms
step:3205/3250 train_time:194.631s step_avg:60.73ms
step:3206/3250 train_time:194.785s step_avg:60.76ms
step:3207/3250 train_time:194.938s step_avg:60.79ms
step:3208/3250 train_time:195.093s step_avg:60.81ms
step:3209/3250 train_time:195.248s step_avg:60.84ms
step:3210/3250 train_time:195.403s step_avg:60.87ms
step:3211/3250 train_time:195.557s step_avg:60.90ms
step:3212/3250 train_time:195.713s step_avg:60.93ms
step:3213/3250 train_time:195.866s step_avg:60.96ms
step:3214/3250 train_time:196.020s step_avg:60.99ms
step:3215/3250 train_time:196.172s step_avg:61.02ms
step:3216/3250 train_time:196.325s step_avg:61.05ms
step:3217/3250 train_time:196.480s step_avg:61.08ms
step:3218/3250 train_time:196.635s step_avg:61.10ms
step:3219/3250 train_time:196.789s step_avg:61.13ms
step:3220/3250 train_time:196.944s step_avg:61.16ms
step:3221/3250 train_time:197.098s step_avg:61.19ms
step:3222/3250 train_time:197.254s step_avg:61.22ms
step:3223/3250 train_time:197.408s step_avg:61.25ms
step:3224/3250 train_time:197.562s step_avg:61.28ms
step:3225/3250 train_time:197.715s step_avg:61.31ms
step:3226/3250 train_time:197.868s step_avg:61.34ms
step:3227/3250 train_time:198.024s step_avg:61.36ms
step:3228/3250 train_time:198.179s step_avg:61.39ms
step:3229/3250 train_time:198.332s step_avg:61.42ms
step:3230/3250 train_time:198.486s step_avg:61.45ms
step:3231/3250 train_time:198.684s step_avg:61.49ms
step:3232/3250 train_time:198.837s step_avg:61.52ms
step:3233/3250 train_time:198.991s step_avg:61.55ms
step:3234/3250 train_time:199.144s step_avg:61.58ms
step:3235/3250 train_time:199.298s step_avg:61.61ms
step:3236/3250 train_time:199.451s step_avg:61.64ms
step:3237/3250 train_time:199.606s step_avg:61.66ms
step:3238/3250 train_time:199.761s step_avg:61.69ms
step:3239/3250 train_time:199.916s step_avg:61.72ms
step:3240/3250 train_time:200.069s step_avg:61.75ms
step:3241/3250 train_time:200.224s step_avg:61.78ms
step:3242/3250 train_time:200.377s step_avg:61.81ms
step:3243/3250 train_time:200.532s step_avg:61.84ms
step:3244/3250 train_time:200.686s step_avg:61.86ms
step:3245/3250 train_time:200.840s step_avg:61.89ms
step:3246/3250 train_time:200.994s step_avg:61.92ms
step:3247/3250 train_time:201.149s step_avg:61.95ms
step:3248/3250 train_time:201.303s step_avg:61.98ms
step:3249/3250 train_time:201.457s step_avg:62.01ms
step:3250/3250 train_time:202.292s step_avg:62.24ms
step:3250/3250 val_loss:3.48955 train_time:202.292s step_avg:164.68ms
EXIT=0 rid=eos_f2000_s100
