W0830 22:11:28.007000 12417 torch/distributed/run.py:852] 
W0830 22:11:28.007000 12417 torch/distributed/run.py:852] *****************************************
W0830 22:11:28.007000 12417 torch/distributed/run.py:852] Setting OMP_NUM_THREADS environment variable for each process to be 1 in default, to avoid your system being overloaded, please further tune the variable for optimal performance in your application as needed. 
W0830 22:11:28.007000 12417 torch/distributed/run.py:852] *****************************************
logs/eda72b1e-0c19-46e2-a9b7-b0c483fc862d.txt
resumed training state from step 1500 in eos_shared_state, skipped 1500 batches
step:0/3250 val_loss:3.51931 train_time:0.001s step_avg:nanms
learning_rates step:1500 [{'pattern': '^embed\\.weight$', 'lr': [1.015]}, {'pattern': '^proj\\.weight$', 'lr': [0.0058]}, {'pattern': '^blocks\\..*\\.weight$', 'lr': [0.03625]}, {'pattern': '.*', 'lr': [0.02175]}]
step:1501/3250 train_time:3.298s step_avg:2.20ms
learning_rates step:1501 [{'pattern': '^embed\\.weight$', 'lr': [1.015]}, {'pattern': '^proj\\.weight$', 'lr': [0.0058]}, {'pattern': '^blocks\\..*\\.weight$', 'lr': [0.03625]}, {'pattern': '.*', 'lr': [0.02175]}]
step:1502/3250 train_time:3.438s step_avg:2.29ms
step:1503/3250 train_time:3.590s step_avg:2.39ms
step:1504/3250 train_time:3.743s step_avg:2.49ms
step:1505/3250 train_time:3.898s step_avg:2.59ms
step:1506/3250 train_time:4.051s step_avg:2.69ms
step:1507/3250 train_time:4.205s step_avg:2.79ms
step:1508/3250 train_time:4.358s step_avg:2.89ms
step:1509/3250 train_time:4.511s step_avg:2.99ms
step:1510/3250 train_time:4.665s step_avg:3.09ms
step:1511/3250 train_time:4.818s step_avg:3.19ms
step:1512/3250 train_time:4.972s step_avg:3.29ms
step:1513/3250 train_time:5.125s step_avg:3.39ms
step:1514/3250 train_time:5.279s step_avg:3.49ms
step:1515/3250 train_time:5.433s step_avg:3.59ms
step:1516/3250 train_time:5.586s step_avg:3.68ms
step:1517/3250 train_time:5.739s step_avg:3.78ms
step:1518/3250 train_time:5.893s step_avg:3.88ms
step:1519/3250 train_time:6.046s step_avg:3.98ms
step:1520/3250 train_time:6.199s step_avg:4.08ms
step:1521/3250 train_time:6.386s step_avg:4.20ms
step:1522/3250 train_time:6.539s step_avg:4.30ms
step:1523/3250 train_time:6.692s step_avg:4.39ms
step:1524/3250 train_time:6.845s step_avg:4.49ms
step:1525/3250 train_time:6.999s step_avg:4.59ms
step:1526/3250 train_time:7.152s step_avg:4.69ms
step:1527/3250 train_time:7.305s step_avg:4.78ms
step:1528/3250 train_time:7.457s step_avg:4.88ms
step:1529/3250 train_time:7.611s step_avg:4.98ms
step:1530/3250 train_time:7.765s step_avg:5.08ms
step:1531/3250 train_time:7.917s step_avg:5.17ms
step:1532/3250 train_time:8.071s step_avg:5.27ms
step:1533/3250 train_time:8.225s step_avg:5.37ms
step:1534/3250 train_time:8.379s step_avg:5.46ms
step:1535/3250 train_time:8.534s step_avg:5.56ms
step:1536/3250 train_time:8.687s step_avg:5.66ms
step:1537/3250 train_time:8.840s step_avg:5.75ms
step:1538/3250 train_time:8.996s step_avg:5.85ms
step:1539/3250 train_time:9.152s step_avg:5.95ms
step:1540/3250 train_time:9.305s step_avg:6.04ms
step:1541/3250 train_time:9.458s step_avg:6.14ms
step:1542/3250 train_time:9.610s step_avg:6.23ms
step:1543/3250 train_time:9.764s step_avg:6.33ms
step:1544/3250 train_time:9.917s step_avg:6.42ms
step:1545/3250 train_time:10.070s step_avg:6.52ms
step:1546/3250 train_time:10.224s step_avg:6.61ms
step:1547/3250 train_time:10.377s step_avg:6.71ms
step:1548/3250 train_time:10.530s step_avg:6.80ms
step:1549/3250 train_time:10.684s step_avg:6.90ms
step:1550/3250 train_time:10.838s step_avg:6.99ms
step:1551/3250 train_time:10.993s step_avg:7.09ms
step:1552/3250 train_time:11.145s step_avg:7.18ms
step:1553/3250 train_time:11.298s step_avg:7.28ms
step:1554/3250 train_time:11.452s step_avg:7.37ms
step:1555/3250 train_time:11.605s step_avg:7.46ms
step:1556/3250 train_time:11.758s step_avg:7.56ms
step:1557/3250 train_time:11.911s step_avg:7.65ms
step:1558/3250 train_time:12.065s step_avg:7.74ms
step:1559/3250 train_time:12.218s step_avg:7.84ms
step:1560/3250 train_time:12.371s step_avg:7.93ms
step:1561/3250 train_time:12.524s step_avg:8.02ms
step:1562/3250 train_time:12.678s step_avg:8.12ms
step:1563/3250 train_time:12.832s step_avg:8.21ms
step:1564/3250 train_time:12.985s step_avg:8.30ms
step:1565/3250 train_time:13.139s step_avg:8.40ms
step:1566/3250 train_time:13.291s step_avg:8.49ms
step:1567/3250 train_time:13.444s step_avg:8.58ms
step:1568/3250 train_time:13.597s step_avg:8.67ms
step:1569/3250 train_time:13.750s step_avg:8.76ms
step:1570/3250 train_time:13.903s step_avg:8.86ms
step:1571/3250 train_time:14.058s step_avg:8.95ms
step:1572/3250 train_time:14.211s step_avg:9.04ms
step:1573/3250 train_time:14.365s step_avg:9.13ms
step:1574/3250 train_time:14.518s step_avg:9.22ms
step:1575/3250 train_time:14.672s step_avg:9.32ms
step:1576/3250 train_time:14.825s step_avg:9.41ms
step:1577/3250 train_time:14.979s step_avg:9.50ms
step:1578/3250 train_time:15.132s step_avg:9.59ms
step:1579/3250 train_time:15.286s step_avg:9.68ms
step:1580/3250 train_time:15.439s step_avg:9.77ms
step:1581/3250 train_time:15.593s step_avg:9.86ms
step:1582/3250 train_time:15.746s step_avg:9.95ms
step:1583/3250 train_time:15.900s step_avg:10.04ms
step:1584/3250 train_time:16.054s step_avg:10.14ms
step:1585/3250 train_time:16.207s step_avg:10.23ms
step:1586/3250 train_time:16.361s step_avg:10.32ms
step:1587/3250 train_time:16.514s step_avg:10.41ms
step:1588/3250 train_time:16.667s step_avg:10.50ms
step:1589/3250 train_time:16.821s step_avg:10.59ms
step:1590/3250 train_time:16.975s step_avg:10.68ms
step:1591/3250 train_time:17.128s step_avg:10.77ms
step:1592/3250 train_time:17.282s step_avg:10.86ms
step:1593/3250 train_time:17.436s step_avg:10.95ms
step:1594/3250 train_time:17.591s step_avg:11.04ms
step:1595/3250 train_time:17.745s step_avg:11.13ms
step:1596/3250 train_time:17.899s step_avg:11.21ms
step:1597/3250 train_time:18.053s step_avg:11.30ms
step:1598/3250 train_time:18.206s step_avg:11.39ms
step:1599/3250 train_time:18.359s step_avg:11.48ms
step:1600/3250 train_time:18.513s step_avg:11.57ms
step:1601/3250 train_time:18.666s step_avg:11.66ms
step:1602/3250 train_time:18.820s step_avg:11.75ms
step:1603/3250 train_time:18.975s step_avg:11.84ms
step:1604/3250 train_time:19.127s step_avg:11.92ms
step:1605/3250 train_time:19.280s step_avg:12.01ms
step:1606/3250 train_time:19.434s step_avg:12.10ms
step:1607/3250 train_time:19.587s step_avg:12.19ms
step:1608/3250 train_time:19.740s step_avg:12.28ms
step:1609/3250 train_time:19.895s step_avg:12.36ms
step:1610/3250 train_time:20.048s step_avg:12.45ms
step:1611/3250 train_time:20.201s step_avg:12.54ms
step:1612/3250 train_time:20.355s step_avg:12.63ms
step:1613/3250 train_time:20.508s step_avg:12.71ms
step:1614/3250 train_time:20.662s step_avg:12.80ms
step:1615/3250 train_time:20.815s step_avg:12.89ms
step:1616/3250 train_time:20.969s step_avg:12.98ms
step:1617/3250 train_time:21.123s step_avg:13.06ms
step:1618/3250 train_time:21.277s step_avg:13.15ms
step:1619/3250 train_time:21.430s step_avg:13.24ms
step:1620/3250 train_time:21.583s step_avg:13.32ms
step:1621/3250 train_time:21.737s step_avg:13.41ms
step:1622/3250 train_time:21.890s step_avg:13.50ms
step:1623/3250 train_time:22.043s step_avg:13.58ms
step:1624/3250 train_time:22.197s step_avg:13.67ms
step:1625/3250 train_time:22.352s step_avg:13.75ms
step:1625/3250 val_loss:3.65496 train_time:22.364s step_avg:13.76ms
step:1626/3250 train_time:23.155s step_avg:14.24ms
step:1627/3250 train_time:23.294s step_avg:14.32ms
step:1628/3250 train_time:23.448s step_avg:14.40ms
step:1629/3250 train_time:23.601s step_avg:14.49ms
step:1630/3250 train_time:23.752s step_avg:14.57ms
step:1631/3250 train_time:23.906s step_avg:14.66ms
step:1632/3250 train_time:24.059s step_avg:14.74ms
step:1633/3250 train_time:24.214s step_avg:14.83ms
step:1634/3250 train_time:24.367s step_avg:14.91ms
step:1635/3250 train_time:24.521s step_avg:15.00ms
step:1636/3250 train_time:24.675s step_avg:15.08ms
step:1637/3250 train_time:24.831s step_avg:15.17ms
step:1638/3250 train_time:24.985s step_avg:15.25ms
step:1639/3250 train_time:25.137s step_avg:15.34ms
step:1640/3250 train_time:25.291s step_avg:15.42ms
step:1641/3250 train_time:25.445s step_avg:15.51ms
step:1642/3250 train_time:25.599s step_avg:15.59ms
step:1643/3250 train_time:25.752s step_avg:15.67ms
step:1644/3250 train_time:25.905s step_avg:15.76ms
step:1645/3250 train_time:26.059s step_avg:15.84ms
step:1646/3250 train_time:26.213s step_avg:15.93ms
step:1647/3250 train_time:26.366s step_avg:16.01ms
step:1648/3250 train_time:26.520s step_avg:16.09ms
step:1649/3250 train_time:26.674s step_avg:16.18ms
step:1650/3250 train_time:26.828s step_avg:16.26ms
step:1651/3250 train_time:26.982s step_avg:16.34ms
step:1652/3250 train_time:27.137s step_avg:16.43ms
step:1653/3250 train_time:27.291s step_avg:16.51ms
step:1654/3250 train_time:27.444s step_avg:16.59ms
step:1655/3250 train_time:27.597s step_avg:16.68ms
step:1656/3250 train_time:27.750s step_avg:16.76ms
step:1657/3250 train_time:27.905s step_avg:16.84ms
step:1658/3250 train_time:28.057s step_avg:16.92ms
step:1659/3250 train_time:28.211s step_avg:17.00ms
step:1660/3250 train_time:28.367s step_avg:17.09ms
step:1661/3250 train_time:28.522s step_avg:17.17ms
step:1662/3250 train_time:28.675s step_avg:17.25ms
step:1663/3250 train_time:28.829s step_avg:17.34ms
step:1664/3250 train_time:28.982s step_avg:17.42ms
step:1665/3250 train_time:29.136s step_avg:17.50ms
step:1666/3250 train_time:29.290s step_avg:17.58ms
step:1667/3250 train_time:29.445s step_avg:17.66ms
step:1668/3250 train_time:29.598s step_avg:17.74ms
step:1669/3250 train_time:29.752s step_avg:17.83ms
step:1670/3250 train_time:29.907s step_avg:17.91ms
step:1671/3250 train_time:30.061s step_avg:17.99ms
step:1672/3250 train_time:30.214s step_avg:18.07ms
step:1673/3250 train_time:30.367s step_avg:18.15ms
step:1674/3250 train_time:30.521s step_avg:18.23ms
step:1675/3250 train_time:30.675s step_avg:18.31ms
step:1676/3250 train_time:30.828s step_avg:18.39ms
step:1677/3250 train_time:30.982s step_avg:18.47ms
step:1678/3250 train_time:31.136s step_avg:18.56ms
step:1679/3250 train_time:31.290s step_avg:18.64ms
step:1680/3250 train_time:31.444s step_avg:18.72ms
step:1681/3250 train_time:31.598s step_avg:18.80ms
step:1682/3250 train_time:31.751s step_avg:18.88ms
step:1683/3250 train_time:31.907s step_avg:18.96ms
step:1684/3250 train_time:32.061s step_avg:19.04ms
step:1685/3250 train_time:32.216s step_avg:19.12ms
step:1686/3250 train_time:32.369s step_avg:19.20ms
step:1687/3250 train_time:32.524s step_avg:19.28ms
step:1688/3250 train_time:32.677s step_avg:19.36ms
step:1689/3250 train_time:32.831s step_avg:19.44ms
step:1690/3250 train_time:32.988s step_avg:19.52ms
step:1691/3250 train_time:33.141s step_avg:19.60ms
step:1692/3250 train_time:33.298s step_avg:19.68ms
step:1693/3250 train_time:33.451s step_avg:19.76ms
step:1694/3250 train_time:33.606s step_avg:19.84ms
step:1695/3250 train_time:33.759s step_avg:19.92ms
step:1696/3250 train_time:33.913s step_avg:20.00ms
step:1697/3250 train_time:34.067s step_avg:20.07ms
step:1698/3250 train_time:34.220s step_avg:20.15ms
step:1699/3250 train_time:34.375s step_avg:20.23ms
step:1700/3250 train_time:34.528s step_avg:20.31ms
step:1701/3250 train_time:34.682s step_avg:20.39ms
step:1702/3250 train_time:34.836s step_avg:20.47ms
step:1703/3250 train_time:34.989s step_avg:20.55ms
step:1704/3250 train_time:35.143s step_avg:20.62ms
step:1705/3250 train_time:35.297s step_avg:20.70ms
step:1706/3250 train_time:35.451s step_avg:20.78ms
step:1707/3250 train_time:35.606s step_avg:20.86ms
step:1708/3250 train_time:35.758s step_avg:20.94ms
step:1709/3250 train_time:35.915s step_avg:21.02ms
step:1710/3250 train_time:36.068s step_avg:21.09ms
step:1711/3250 train_time:36.254s step_avg:21.19ms
step:1712/3250 train_time:36.408s step_avg:21.27ms
step:1713/3250 train_time:36.561s step_avg:21.34ms
step:1714/3250 train_time:36.716s step_avg:21.42ms
step:1715/3250 train_time:36.869s step_avg:21.50ms
step:1716/3250 train_time:37.023s step_avg:21.58ms
step:1717/3250 train_time:37.178s step_avg:21.65ms
step:1718/3250 train_time:37.332s step_avg:21.73ms
step:1719/3250 train_time:37.487s step_avg:21.81ms
step:1720/3250 train_time:37.641s step_avg:21.88ms
step:1721/3250 train_time:37.795s step_avg:21.96ms
step:1722/3250 train_time:37.949s step_avg:22.04ms
step:1723/3250 train_time:38.104s step_avg:22.12ms
step:1724/3250 train_time:38.257s step_avg:22.19ms
step:1725/3250 train_time:38.412s step_avg:22.27ms
step:1726/3250 train_time:38.568s step_avg:22.35ms
step:1727/3250 train_time:38.722s step_avg:22.42ms
step:1728/3250 train_time:38.875s step_avg:22.50ms
step:1729/3250 train_time:39.030s step_avg:22.57ms
step:1730/3250 train_time:39.185s step_avg:22.65ms
step:1731/3250 train_time:39.338s step_avg:22.73ms
step:1732/3250 train_time:39.493s step_avg:22.80ms
step:1733/3250 train_time:39.648s step_avg:22.88ms
step:1734/3250 train_time:39.802s step_avg:22.95ms
step:1735/3250 train_time:39.955s step_avg:23.03ms
step:1736/3250 train_time:40.109s step_avg:23.10ms
step:1737/3250 train_time:40.264s step_avg:23.18ms
step:1738/3250 train_time:40.418s step_avg:23.26ms
step:1739/3250 train_time:40.572s step_avg:23.33ms
step:1740/3250 train_time:40.728s step_avg:23.41ms
step:1741/3250 train_time:40.883s step_avg:23.48ms
step:1742/3250 train_time:41.036s step_avg:23.56ms
step:1743/3250 train_time:41.190s step_avg:23.63ms
step:1744/3250 train_time:41.343s step_avg:23.71ms
step:1745/3250 train_time:41.497s step_avg:23.78ms
step:1746/3250 train_time:41.650s step_avg:23.85ms
step:1747/3250 train_time:41.806s step_avg:23.93ms
step:1748/3250 train_time:41.960s step_avg:24.00ms
step:1749/3250 train_time:42.114s step_avg:24.08ms
step:1750/3250 train_time:42.268s step_avg:24.15ms
step:1750/3250 val_loss:3.63579 train_time:42.280s step_avg:159.33ms
step:1751/3250 train_time:43.030s step_avg:24.57ms
step:1752/3250 train_time:43.170s step_avg:24.64ms
step:1753/3250 train_time:43.325s step_avg:24.71ms
step:1754/3250 train_time:43.478s step_avg:24.79ms
step:1755/3250 train_time:43.632s step_avg:24.86ms
step:1756/3250 train_time:43.784s step_avg:24.93ms
step:1757/3250 train_time:43.938s step_avg:25.01ms
step:1758/3250 train_time:44.093s step_avg:25.08ms
step:1759/3250 train_time:44.246s step_avg:25.15ms
step:1760/3250 train_time:44.400s step_avg:25.23ms
step:1761/3250 train_time:44.555s step_avg:25.30ms
step:1762/3250 train_time:44.709s step_avg:25.37ms
step:1763/3250 train_time:44.863s step_avg:25.45ms
step:1764/3250 train_time:45.016s step_avg:25.52ms
step:1765/3250 train_time:45.170s step_avg:25.59ms
step:1766/3250 train_time:45.324s step_avg:25.66ms
step:1767/3250 train_time:45.480s step_avg:25.74ms
step:1768/3250 train_time:45.634s step_avg:25.81ms
step:1769/3250 train_time:45.787s step_avg:25.88ms
step:1770/3250 train_time:45.942s step_avg:25.96ms
step:1771/3250 train_time:46.097s step_avg:26.03ms
step:1772/3250 train_time:46.252s step_avg:26.10ms
step:1773/3250 train_time:46.406s step_avg:26.17ms
step:1774/3250 train_time:46.560s step_avg:26.25ms
step:1775/3250 train_time:46.714s step_avg:26.32ms
step:1776/3250 train_time:46.867s step_avg:26.39ms
step:1777/3250 train_time:47.023s step_avg:26.46ms
step:1778/3250 train_time:47.177s step_avg:26.53ms
step:1779/3250 train_time:47.331s step_avg:26.61ms
step:1780/3250 train_time:47.484s step_avg:26.68ms
step:1781/3250 train_time:47.638s step_avg:26.75ms
step:1782/3250 train_time:47.792s step_avg:26.82ms
step:1783/3250 train_time:47.947s step_avg:26.89ms
step:1784/3250 train_time:48.102s step_avg:26.96ms
step:1785/3250 train_time:48.256s step_avg:27.03ms
step:1786/3250 train_time:48.412s step_avg:27.11ms
step:1787/3250 train_time:48.565s step_avg:27.18ms
step:1788/3250 train_time:48.720s step_avg:27.25ms
step:1789/3250 train_time:48.873s step_avg:27.32ms
step:1790/3250 train_time:49.027s step_avg:27.39ms
step:1791/3250 train_time:49.182s step_avg:27.46ms
step:1792/3250 train_time:49.336s step_avg:27.53ms
step:1793/3250 train_time:49.491s step_avg:27.60ms
step:1794/3250 train_time:49.645s step_avg:27.67ms
step:1795/3250 train_time:49.799s step_avg:27.74ms
step:1796/3250 train_time:49.956s step_avg:27.82ms
step:1797/3250 train_time:50.111s step_avg:27.89ms
step:1798/3250 train_time:50.264s step_avg:27.96ms
step:1799/3250 train_time:50.418s step_avg:28.03ms
step:1800/3250 train_time:50.571s step_avg:28.10ms
step:1801/3250 train_time:50.725s step_avg:28.16ms
step:1802/3250 train_time:50.879s step_avg:28.23ms
step:1803/3250 train_time:51.034s step_avg:28.31ms
step:1804/3250 train_time:51.190s step_avg:28.38ms
step:1805/3250 train_time:51.345s step_avg:28.45ms
step:1806/3250 train_time:51.499s step_avg:28.52ms
step:1807/3250 train_time:51.655s step_avg:28.59ms
step:1808/3250 train_time:51.810s step_avg:28.66ms
step:1809/3250 train_time:51.964s step_avg:28.73ms
step:1810/3250 train_time:52.120s step_avg:28.80ms
step:1811/3250 train_time:52.276s step_avg:28.87ms
step:1812/3250 train_time:52.429s step_avg:28.93ms
step:1813/3250 train_time:52.584s step_avg:29.00ms
step:1814/3250 train_time:52.739s step_avg:29.07ms
step:1815/3250 train_time:52.893s step_avg:29.14ms
step:1816/3250 train_time:53.046s step_avg:29.21ms
step:1817/3250 train_time:53.201s step_avg:29.28ms
step:1818/3250 train_time:53.355s step_avg:29.35ms
step:1819/3250 train_time:53.509s step_avg:29.42ms
step:1820/3250 train_time:53.663s step_avg:29.49ms
step:1821/3250 train_time:53.817s step_avg:29.55ms
step:1822/3250 train_time:53.973s step_avg:29.62ms
step:1823/3250 train_time:54.127s step_avg:29.69ms
step:1824/3250 train_time:54.280s step_avg:29.76ms
step:1825/3250 train_time:54.435s step_avg:29.83ms
step:1826/3250 train_time:54.588s step_avg:29.89ms
step:1827/3250 train_time:54.743s step_avg:29.96ms
step:1828/3250 train_time:54.898s step_avg:30.03ms
step:1829/3250 train_time:55.054s step_avg:30.10ms
step:1830/3250 train_time:55.207s step_avg:30.17ms
step:1831/3250 train_time:55.361s step_avg:30.24ms
step:1832/3250 train_time:55.515s step_avg:30.30ms
step:1833/3250 train_time:55.669s step_avg:30.37ms
step:1834/3250 train_time:55.823s step_avg:30.44ms
step:1835/3250 train_time:55.976s step_avg:30.50ms
step:1836/3250 train_time:56.131s step_avg:30.57ms
step:1837/3250 train_time:56.284s step_avg:30.64ms
step:1838/3250 train_time:56.438s step_avg:30.71ms
step:1839/3250 train_time:56.593s step_avg:30.77ms
step:1840/3250 train_time:56.748s step_avg:30.84ms
step:1841/3250 train_time:56.904s step_avg:30.91ms
step:1842/3250 train_time:57.058s step_avg:30.98ms
step:1843/3250 train_time:57.214s step_avg:31.04ms
step:1844/3250 train_time:57.367s step_avg:31.11ms
step:1845/3250 train_time:57.522s step_avg:31.18ms
step:1846/3250 train_time:57.677s step_avg:31.24ms
step:1847/3250 train_time:57.832s step_avg:31.31ms
step:1848/3250 train_time:57.985s step_avg:31.38ms
step:1849/3250 train_time:58.138s step_avg:31.44ms
step:1850/3250 train_time:58.293s step_avg:31.51ms
step:1851/3250 train_time:58.447s step_avg:31.58ms
step:1852/3250 train_time:58.602s step_avg:31.64ms
step:1853/3250 train_time:58.757s step_avg:31.71ms
step:1854/3250 train_time:58.913s step_avg:31.78ms
step:1855/3250 train_time:59.066s step_avg:31.84ms
step:1856/3250 train_time:59.221s step_avg:31.91ms
step:1857/3250 train_time:59.375s step_avg:31.97ms
step:1858/3250 train_time:59.530s step_avg:32.04ms
step:1859/3250 train_time:59.683s step_avg:32.11ms
step:1860/3250 train_time:59.839s step_avg:32.17ms
step:1861/3250 train_time:59.994s step_avg:32.24ms
step:1862/3250 train_time:60.150s step_avg:32.30ms
step:1863/3250 train_time:60.303s step_avg:32.37ms
step:1864/3250 train_time:60.459s step_avg:32.43ms
step:1865/3250 train_time:60.615s step_avg:32.50ms
step:1866/3250 train_time:60.768s step_avg:32.57ms
step:1867/3250 train_time:60.922s step_avg:32.63ms
step:1868/3250 train_time:61.076s step_avg:32.70ms
step:1869/3250 train_time:61.230s step_avg:32.76ms
step:1870/3250 train_time:61.384s step_avg:32.83ms
step:1871/3250 train_time:61.538s step_avg:32.89ms
step:1872/3250 train_time:61.693s step_avg:32.96ms
step:1873/3250 train_time:61.847s step_avg:33.02ms
step:1874/3250 train_time:62.002s step_avg:33.09ms
step:1875/3250 train_time:62.156s step_avg:33.15ms
step:1875/3250 val_loss:3.61152 train_time:62.168s step_avg:159.10ms
step:1876/3250 train_time:62.941s step_avg:33.55ms
step:1877/3250 train_time:63.080s step_avg:33.61ms
step:1878/3250 train_time:63.234s step_avg:33.67ms
step:1879/3250 train_time:63.388s step_avg:33.73ms
step:1880/3250 train_time:63.542s step_avg:33.80ms
step:1881/3250 train_time:63.694s step_avg:33.86ms
step:1882/3250 train_time:63.849s step_avg:33.93ms
step:1883/3250 train_time:64.003s step_avg:33.99ms
step:1884/3250 train_time:64.157s step_avg:34.05ms
step:1885/3250 train_time:64.311s step_avg:34.12ms
step:1886/3250 train_time:64.465s step_avg:34.18ms
step:1887/3250 train_time:64.618s step_avg:34.24ms
step:1888/3250 train_time:64.772s step_avg:34.31ms
step:1889/3250 train_time:64.926s step_avg:34.37ms
step:1890/3250 train_time:65.081s step_avg:34.43ms
step:1891/3250 train_time:65.235s step_avg:34.50ms
step:1892/3250 train_time:65.388s step_avg:34.56ms
step:1893/3250 train_time:65.542s step_avg:34.62ms
step:1894/3250 train_time:65.695s step_avg:34.69ms
step:1895/3250 train_time:65.851s step_avg:34.75ms
step:1896/3250 train_time:66.005s step_avg:34.81ms
step:1897/3250 train_time:66.160s step_avg:34.88ms
step:1898/3250 train_time:66.313s step_avg:34.94ms
step:1899/3250 train_time:66.467s step_avg:35.00ms
step:1900/3250 train_time:66.622s step_avg:35.06ms
step:1901/3250 train_time:66.807s step_avg:35.14ms
step:1902/3250 train_time:66.962s step_avg:35.21ms
step:1903/3250 train_time:67.114s step_avg:35.27ms
step:1904/3250 train_time:67.269s step_avg:35.33ms
step:1905/3250 train_time:67.423s step_avg:35.39ms
step:1906/3250 train_time:67.578s step_avg:35.46ms
step:1907/3250 train_time:67.731s step_avg:35.52ms
step:1908/3250 train_time:67.885s step_avg:35.58ms
step:1909/3250 train_time:68.041s step_avg:35.64ms
step:1910/3250 train_time:68.195s step_avg:35.70ms
step:1911/3250 train_time:68.349s step_avg:35.77ms
step:1912/3250 train_time:68.503s step_avg:35.83ms
step:1913/3250 train_time:68.657s step_avg:35.89ms
step:1914/3250 train_time:68.811s step_avg:35.95ms
step:1915/3250 train_time:68.965s step_avg:36.01ms
step:1916/3250 train_time:69.119s step_avg:36.07ms
step:1917/3250 train_time:69.273s step_avg:36.14ms
step:1918/3250 train_time:69.429s step_avg:36.20ms
step:1919/3250 train_time:69.584s step_avg:36.26ms
step:1920/3250 train_time:69.738s step_avg:36.32ms
step:1921/3250 train_time:69.892s step_avg:36.38ms
step:1922/3250 train_time:70.047s step_avg:36.44ms
step:1923/3250 train_time:70.201s step_avg:36.51ms
step:1924/3250 train_time:70.356s step_avg:36.57ms
step:1925/3250 train_time:70.510s step_avg:36.63ms
step:1926/3250 train_time:70.665s step_avg:36.69ms
step:1927/3250 train_time:70.818s step_avg:36.75ms
step:1928/3250 train_time:70.973s step_avg:36.81ms
step:1929/3250 train_time:71.128s step_avg:36.87ms
step:1930/3250 train_time:71.284s step_avg:36.93ms
step:1931/3250 train_time:71.439s step_avg:37.00ms
step:1932/3250 train_time:71.592s step_avg:37.06ms
step:1933/3250 train_time:71.746s step_avg:37.12ms
step:1934/3250 train_time:71.900s step_avg:37.18ms
step:1935/3250 train_time:72.055s step_avg:37.24ms
step:1936/3250 train_time:72.208s step_avg:37.30ms
step:1937/3250 train_time:72.364s step_avg:37.36ms
step:1938/3250 train_time:72.517s step_avg:37.42ms
step:1939/3250 train_time:72.671s step_avg:37.48ms
step:1940/3250 train_time:72.825s step_avg:37.54ms
step:1941/3250 train_time:72.979s step_avg:37.60ms
step:1942/3250 train_time:73.133s step_avg:37.66ms
step:1943/3250 train_time:73.287s step_avg:37.72ms
step:1944/3250 train_time:73.442s step_avg:37.78ms
step:1945/3250 train_time:73.596s step_avg:37.84ms
step:1946/3250 train_time:73.752s step_avg:37.90ms
step:1947/3250 train_time:73.906s step_avg:37.96ms
step:1948/3250 train_time:74.062s step_avg:38.02ms
step:1949/3250 train_time:74.215s step_avg:38.08ms
step:1950/3250 train_time:74.369s step_avg:38.14ms
step:1951/3250 train_time:74.526s step_avg:38.20ms
step:1952/3250 train_time:74.682s step_avg:38.26ms
step:1953/3250 train_time:74.835s step_avg:38.32ms
step:1954/3250 train_time:74.989s step_avg:38.38ms
step:1955/3250 train_time:75.145s step_avg:38.44ms
step:1956/3250 train_time:75.298s step_avg:38.50ms
step:1957/3250 train_time:75.452s step_avg:38.55ms
step:1958/3250 train_time:75.607s step_avg:38.61ms
step:1959/3250 train_time:75.763s step_avg:38.67ms
step:1960/3250 train_time:75.916s step_avg:38.73ms
step:1961/3250 train_time:76.072s step_avg:38.79ms
step:1962/3250 train_time:76.226s step_avg:38.85ms
step:1963/3250 train_time:76.381s step_avg:38.91ms
step:1964/3250 train_time:76.534s step_avg:38.97ms
step:1965/3250 train_time:76.688s step_avg:39.03ms
step:1966/3250 train_time:76.844s step_avg:39.09ms
step:1967/3250 train_time:76.998s step_avg:39.15ms
step:1968/3250 train_time:77.153s step_avg:39.20ms
step:1969/3250 train_time:77.307s step_avg:39.26ms
step:1970/3250 train_time:77.463s step_avg:39.32ms
step:1971/3250 train_time:77.617s step_avg:39.38ms
step:1972/3250 train_time:77.771s step_avg:39.44ms
step:1973/3250 train_time:77.925s step_avg:39.50ms
step:1974/3250 train_time:78.081s step_avg:39.55ms
step:1975/3250 train_time:78.235s step_avg:39.61ms
step:1976/3250 train_time:78.388s step_avg:39.67ms
step:1977/3250 train_time:78.545s step_avg:39.73ms
step:1978/3250 train_time:78.697s step_avg:39.79ms
step:1979/3250 train_time:78.852s step_avg:39.84ms
step:1980/3250 train_time:79.006s step_avg:39.90ms
step:1981/3250 train_time:79.161s step_avg:39.96ms
step:1982/3250 train_time:79.314s step_avg:40.02ms
step:1983/3250 train_time:79.470s step_avg:40.08ms
step:1984/3250 train_time:79.626s step_avg:40.13ms
step:1985/3250 train_time:79.781s step_avg:40.19ms
step:1986/3250 train_time:79.935s step_avg:40.25ms
step:1987/3250 train_time:80.089s step_avg:40.31ms
step:1988/3250 train_time:80.244s step_avg:40.36ms
step:1989/3250 train_time:80.396s step_avg:40.42ms
step:1990/3250 train_time:80.552s step_avg:40.48ms
step:1991/3250 train_time:80.706s step_avg:40.54ms
step:1992/3250 train_time:80.862s step_avg:40.59ms
step:1993/3250 train_time:81.017s step_avg:40.65ms
step:1994/3250 train_time:81.172s step_avg:40.71ms
step:1995/3250 train_time:81.326s step_avg:40.76ms
step:1996/3250 train_time:81.482s step_avg:40.82ms
step:1997/3250 train_time:81.635s step_avg:40.88ms
step:1998/3250 train_time:81.789s step_avg:40.94ms
step:1999/3250 train_time:81.945s step_avg:40.99ms
step:2000/3250 train_time:82.098s step_avg:41.05ms
step:2000/3250 val_loss:3.59391 train_time:82.110s step_avg:159.54ms
step:2001/3250 train_time:82.913s step_avg:41.44ms
step:2002/3250 train_time:83.054s step_avg:41.49ms
step:2003/3250 train_time:83.207s step_avg:41.54ms
step:2004/3250 train_time:83.360s step_avg:41.60ms
step:2005/3250 train_time:83.514s step_avg:41.65ms
step:2006/3250 train_time:83.666s step_avg:41.71ms
step:2007/3250 train_time:83.820s step_avg:41.76ms
step:2008/3250 train_time:83.975s step_avg:41.82ms
step:2009/3250 train_time:84.129s step_avg:41.88ms
step:2010/3250 train_time:84.284s step_avg:41.93ms
step:2011/3250 train_time:84.437s step_avg:41.99ms
step:2012/3250 train_time:84.591s step_avg:42.04ms
step:2013/3250 train_time:84.744s step_avg:42.10ms
step:2014/3250 train_time:84.898s step_avg:42.15ms
step:2015/3250 train_time:85.052s step_avg:42.21ms
step:2016/3250 train_time:85.207s step_avg:42.27ms
step:2017/3250 train_time:85.361s step_avg:42.32ms
step:2018/3250 train_time:85.516s step_avg:42.38ms
step:2019/3250 train_time:85.672s step_avg:42.43ms
step:2020/3250 train_time:85.825s step_avg:42.49ms
step:2021/3250 train_time:85.981s step_avg:42.54ms
step:2022/3250 train_time:86.135s step_avg:42.60ms
step:2023/3250 train_time:86.290s step_avg:42.65ms
step:2024/3250 train_time:86.443s step_avg:42.71ms
step:2025/3250 train_time:86.598s step_avg:42.76ms
step:2026/3250 train_time:86.753s step_avg:42.82ms
step:2027/3250 train_time:86.907s step_avg:42.87ms
step:2028/3250 train_time:87.061s step_avg:42.93ms
step:2029/3250 train_time:87.215s step_avg:42.98ms
step:2030/3250 train_time:87.370s step_avg:43.04ms
step:2031/3250 train_time:87.523s step_avg:43.09ms
step:2032/3250 train_time:87.678s step_avg:43.15ms
step:2033/3250 train_time:87.832s step_avg:43.20ms
step:2034/3250 train_time:87.986s step_avg:43.26ms
step:2035/3250 train_time:88.140s step_avg:43.31ms
step:2036/3250 train_time:88.295s step_avg:43.37ms
step:2037/3250 train_time:88.450s step_avg:43.42ms
step:2038/3250 train_time:88.604s step_avg:43.48ms
step:2039/3250 train_time:88.759s step_avg:43.53ms
step:2040/3250 train_time:88.913s step_avg:43.58ms
step:2041/3250 train_time:89.069s step_avg:43.64ms
step:2042/3250 train_time:89.223s step_avg:43.69ms
step:2043/3250 train_time:89.377s step_avg:43.75ms
step:2044/3250 train_time:89.532s step_avg:43.80ms
step:2045/3250 train_time:89.685s step_avg:43.86ms
step:2046/3250 train_time:89.839s step_avg:43.91ms
step:2047/3250 train_time:89.994s step_avg:43.96ms
step:2048/3250 train_time:90.149s step_avg:44.02ms
step:2049/3250 train_time:90.303s step_avg:44.07ms
step:2050/3250 train_time:90.458s step_avg:44.13ms
step:2051/3250 train_time:90.613s step_avg:44.18ms
step:2052/3250 train_time:90.767s step_avg:44.23ms
step:2053/3250 train_time:90.920s step_avg:44.29ms
step:2054/3250 train_time:91.075s step_avg:44.34ms
step:2055/3250 train_time:91.229s step_avg:44.39ms
step:2056/3250 train_time:91.383s step_avg:44.45ms
step:2057/3250 train_time:91.537s step_avg:44.50ms
step:2058/3250 train_time:91.693s step_avg:44.55ms
step:2059/3250 train_time:91.847s step_avg:44.61ms
step:2060/3250 train_time:92.002s step_avg:44.66ms
step:2061/3250 train_time:92.157s step_avg:44.71ms
step:2062/3250 train_time:92.313s step_avg:44.77ms
step:2063/3250 train_time:92.469s step_avg:44.82ms
step:2064/3250 train_time:92.622s step_avg:44.87ms
step:2065/3250 train_time:92.775s step_avg:44.93ms
step:2066/3250 train_time:92.929s step_avg:44.98ms
step:2067/3250 train_time:93.083s step_avg:45.03ms
step:2068/3250 train_time:93.236s step_avg:45.09ms
step:2069/3250 train_time:93.392s step_avg:45.14ms
step:2070/3250 train_time:93.547s step_avg:45.19ms
step:2071/3250 train_time:93.701s step_avg:45.24ms
step:2072/3250 train_time:93.855s step_avg:45.30ms
step:2073/3250 train_time:94.011s step_avg:45.35ms
step:2074/3250 train_time:94.165s step_avg:45.40ms
step:2075/3250 train_time:94.319s step_avg:45.45ms
step:2076/3250 train_time:94.473s step_avg:45.51ms
step:2077/3250 train_time:94.627s step_avg:45.56ms
step:2078/3250 train_time:94.781s step_avg:45.61ms
step:2079/3250 train_time:94.936s step_avg:45.66ms
step:2080/3250 train_time:95.092s step_avg:45.72ms
step:2081/3250 train_time:95.246s step_avg:45.77ms
step:2082/3250 train_time:95.399s step_avg:45.82ms
step:2083/3250 train_time:95.554s step_avg:45.87ms
step:2084/3250 train_time:95.708s step_avg:45.93ms
step:2085/3250 train_time:95.862s step_avg:45.98ms
step:2086/3250 train_time:96.016s step_avg:46.03ms
step:2087/3250 train_time:96.171s step_avg:46.08ms
step:2088/3250 train_time:96.325s step_avg:46.13ms
step:2089/3250 train_time:96.480s step_avg:46.18ms
step:2090/3250 train_time:96.634s step_avg:46.24ms
step:2091/3250 train_time:96.819s step_avg:46.30ms
step:2092/3250 train_time:96.973s step_avg:46.35ms
step:2093/3250 train_time:97.126s step_avg:46.40ms
step:2094/3250 train_time:97.280s step_avg:46.46ms
step:2095/3250 train_time:97.435s step_avg:46.51ms
step:2096/3250 train_time:97.592s step_avg:46.56ms
step:2097/3250 train_time:97.746s step_avg:46.61ms
step:2098/3250 train_time:97.901s step_avg:46.66ms
step:2099/3250 train_time:98.055s step_avg:46.72ms
step:2100/3250 train_time:98.212s step_avg:46.77ms
step:2101/3250 train_time:98.367s step_avg:46.82ms
step:2102/3250 train_time:98.520s step_avg:46.87ms
step:2103/3250 train_time:98.675s step_avg:46.92ms
step:2104/3250 train_time:98.830s step_avg:46.97ms
step:2105/3250 train_time:98.984s step_avg:47.02ms
step:2106/3250 train_time:99.138s step_avg:47.07ms
step:2107/3250 train_time:99.293s step_avg:47.13ms
step:2108/3250 train_time:99.447s step_avg:47.18ms
step:2109/3250 train_time:99.602s step_avg:47.23ms
step:2110/3250 train_time:99.756s step_avg:47.28ms
step:2111/3250 train_time:99.910s step_avg:47.33ms
step:2112/3250 train_time:100.064s step_avg:47.38ms
step:2113/3250 train_time:100.218s step_avg:47.43ms
step:2114/3250 train_time:100.373s step_avg:47.48ms
step:2115/3250 train_time:100.528s step_avg:47.53ms
step:2116/3250 train_time:100.682s step_avg:47.58ms
step:2117/3250 train_time:100.836s step_avg:47.63ms
step:2118/3250 train_time:100.992s step_avg:47.68ms
step:2119/3250 train_time:101.147s step_avg:47.73ms
step:2120/3250 train_time:101.301s step_avg:47.78ms
step:2121/3250 train_time:101.456s step_avg:47.83ms
step:2122/3250 train_time:101.613s step_avg:47.89ms
step:2123/3250 train_time:101.767s step_avg:47.94ms
step:2124/3250 train_time:101.921s step_avg:47.99ms
step:2125/3250 train_time:102.075s step_avg:48.04ms
step:2125/3250 val_loss:3.58421 train_time:102.087s step_avg:159.82ms
step:2126/3250 train_time:102.835s step_avg:48.37ms
step:2127/3250 train_time:102.974s step_avg:48.41ms
step:2128/3250 train_time:103.128s step_avg:48.46ms
step:2129/3250 train_time:103.284s step_avg:48.51ms
step:2130/3250 train_time:103.438s step_avg:48.56ms
step:2131/3250 train_time:103.590s step_avg:48.61ms
step:2132/3250 train_time:103.744s step_avg:48.66ms
step:2133/3250 train_time:103.899s step_avg:48.71ms
step:2134/3250 train_time:104.051s step_avg:48.76ms
step:2135/3250 train_time:104.205s step_avg:48.81ms
step:2136/3250 train_time:104.359s step_avg:48.86ms
step:2137/3250 train_time:104.513s step_avg:48.91ms
step:2138/3250 train_time:104.667s step_avg:48.96ms
step:2139/3250 train_time:104.822s step_avg:49.01ms
step:2140/3250 train_time:104.977s step_avg:49.05ms
step:2141/3250 train_time:105.131s step_avg:49.10ms
step:2142/3250 train_time:105.285s step_avg:49.15ms
step:2143/3250 train_time:105.439s step_avg:49.20ms
step:2144/3250 train_time:105.593s step_avg:49.25ms
step:2145/3250 train_time:105.746s step_avg:49.30ms
step:2146/3250 train_time:105.901s step_avg:49.35ms
step:2147/3250 train_time:106.055s step_avg:49.40ms
step:2148/3250 train_time:106.208s step_avg:49.45ms
step:2149/3250 train_time:106.363s step_avg:49.49ms
step:2150/3250 train_time:106.517s step_avg:49.54ms
step:2151/3250 train_time:106.670s step_avg:49.59ms
step:2152/3250 train_time:106.826s step_avg:49.64ms
step:2153/3250 train_time:106.980s step_avg:49.69ms
step:2154/3250 train_time:107.133s step_avg:49.74ms
step:2155/3250 train_time:107.287s step_avg:49.79ms
step:2156/3250 train_time:107.443s step_avg:49.83ms
step:2157/3250 train_time:107.601s step_avg:49.88ms
step:2158/3250 train_time:107.753s step_avg:49.93ms
step:2159/3250 train_time:107.908s step_avg:49.98ms
step:2160/3250 train_time:108.062s step_avg:50.03ms
step:2161/3250 train_time:108.218s step_avg:50.08ms
step:2162/3250 train_time:108.371s step_avg:50.13ms
step:2163/3250 train_time:108.525s step_avg:50.17ms
step:2164/3250 train_time:108.679s step_avg:50.22ms
step:2165/3250 train_time:108.836s step_avg:50.27ms
step:2166/3250 train_time:108.990s step_avg:50.32ms
step:2167/3250 train_time:109.144s step_avg:50.37ms
step:2168/3250 train_time:109.299s step_avg:50.41ms
step:2169/3250 train_time:109.453s step_avg:50.46ms
step:2170/3250 train_time:109.607s step_avg:50.51ms
step:2171/3250 train_time:109.762s step_avg:50.56ms
step:2172/3250 train_time:109.918s step_avg:50.61ms
step:2173/3250 train_time:110.070s step_avg:50.65ms
step:2174/3250 train_time:110.224s step_avg:50.70ms
step:2175/3250 train_time:110.382s step_avg:50.75ms
step:2176/3250 train_time:110.538s step_avg:50.80ms
step:2177/3250 train_time:110.692s step_avg:50.85ms
step:2178/3250 train_time:110.845s step_avg:50.89ms
step:2179/3250 train_time:111.000s step_avg:50.94ms
step:2180/3250 train_time:111.154s step_avg:50.99ms
step:2181/3250 train_time:111.307s step_avg:51.04ms
step:2182/3250 train_time:111.463s step_avg:51.08ms
step:2183/3250 train_time:111.619s step_avg:51.13ms
step:2184/3250 train_time:111.775s step_avg:51.18ms
step:2185/3250 train_time:111.928s step_avg:51.23ms
step:2186/3250 train_time:112.083s step_avg:51.27ms
step:2187/3250 train_time:112.237s step_avg:51.32ms
step:2188/3250 train_time:112.390s step_avg:51.37ms
step:2189/3250 train_time:112.544s step_avg:51.41ms
step:2190/3250 train_time:112.700s step_avg:51.46ms
step:2191/3250 train_time:112.854s step_avg:51.51ms
step:2192/3250 train_time:113.007s step_avg:51.55ms
step:2193/3250 train_time:113.162s step_avg:51.60ms
step:2194/3250 train_time:113.317s step_avg:51.65ms
step:2195/3250 train_time:113.469s step_avg:51.69ms
step:2196/3250 train_time:113.624s step_avg:51.74ms
step:2197/3250 train_time:113.778s step_avg:51.79ms
step:2198/3250 train_time:113.932s step_avg:51.83ms
step:2199/3250 train_time:114.086s step_avg:51.88ms
step:2200/3250 train_time:114.242s step_avg:51.93ms
step:2201/3250 train_time:114.397s step_avg:51.98ms
step:2202/3250 train_time:114.550s step_avg:52.02ms
step:2203/3250 train_time:114.704s step_avg:52.07ms
step:2204/3250 train_time:114.860s step_avg:52.11ms
step:2205/3250 train_time:115.014s step_avg:52.16ms
step:2206/3250 train_time:115.170s step_avg:52.21ms
step:2207/3250 train_time:115.324s step_avg:52.25ms
step:2208/3250 train_time:115.479s step_avg:52.30ms
step:2209/3250 train_time:115.632s step_avg:52.35ms
step:2210/3250 train_time:115.786s step_avg:52.39ms
step:2211/3250 train_time:115.942s step_avg:52.44ms
step:2212/3250 train_time:116.098s step_avg:52.49ms
step:2213/3250 train_time:116.251s step_avg:52.53ms
step:2214/3250 train_time:116.405s step_avg:52.58ms
step:2215/3250 train_time:116.560s step_avg:52.62ms
step:2216/3250 train_time:116.714s step_avg:52.67ms
step:2217/3250 train_time:116.867s step_avg:52.71ms
step:2218/3250 train_time:117.022s step_avg:52.76ms
step:2219/3250 train_time:117.177s step_avg:52.81ms
step:2220/3250 train_time:117.332s step_avg:52.85ms
step:2221/3250 train_time:117.486s step_avg:52.90ms
step:2222/3250 train_time:117.640s step_avg:52.94ms
step:2223/3250 train_time:117.794s step_avg:52.99ms
step:2224/3250 train_time:117.947s step_avg:53.03ms
step:2225/3250 train_time:118.101s step_avg:53.08ms
step:2226/3250 train_time:118.256s step_avg:53.12ms
step:2227/3250 train_time:118.410s step_avg:53.17ms
step:2228/3250 train_time:118.564s step_avg:53.22ms
step:2229/3250 train_time:118.720s step_avg:53.26ms
step:2230/3250 train_time:118.874s step_avg:53.31ms
step:2231/3250 train_time:119.028s step_avg:53.35ms
step:2232/3250 train_time:119.182s step_avg:53.40ms
step:2233/3250 train_time:119.337s step_avg:53.44ms
step:2234/3250 train_time:119.491s step_avg:53.49ms
step:2235/3250 train_time:119.644s step_avg:53.53ms
step:2236/3250 train_time:119.799s step_avg:53.58ms
step:2237/3250 train_time:119.953s step_avg:53.62ms
step:2238/3250 train_time:120.106s step_avg:53.67ms
step:2239/3250 train_time:120.260s step_avg:53.71ms
step:2240/3250 train_time:120.416s step_avg:53.76ms
step:2241/3250 train_time:120.568s step_avg:53.80ms
step:2242/3250 train_time:120.722s step_avg:53.85ms
step:2243/3250 train_time:120.877s step_avg:53.89ms
step:2244/3250 train_time:121.029s step_avg:53.93ms
step:2245/3250 train_time:121.184s step_avg:53.98ms
step:2246/3250 train_time:121.339s step_avg:54.02ms
step:2247/3250 train_time:121.492s step_avg:54.07ms
step:2248/3250 train_time:121.645s step_avg:54.11ms
step:2249/3250 train_time:121.800s step_avg:54.16ms
step:2250/3250 train_time:121.953s step_avg:54.20ms
step:2250/3250 val_loss:3.57426 train_time:121.965s step_avg:159.02ms
step:2251/3250 train_time:122.736s step_avg:54.52ms
step:2252/3250 train_time:122.874s step_avg:54.56ms
step:2253/3250 train_time:123.029s step_avg:54.61ms
step:2254/3250 train_time:123.182s step_avg:54.65ms
step:2255/3250 train_time:123.335s step_avg:54.69ms
step:2256/3250 train_time:123.488s step_avg:54.74ms
step:2257/3250 train_time:123.641s step_avg:54.78ms
step:2258/3250 train_time:123.796s step_avg:54.83ms
step:2259/3250 train_time:123.952s step_avg:54.87ms
step:2260/3250 train_time:124.106s step_avg:54.91ms
step:2261/3250 train_time:124.260s step_avg:54.96ms
step:2262/3250 train_time:124.414s step_avg:55.00ms
step:2263/3250 train_time:124.568s step_avg:55.05ms
step:2264/3250 train_time:124.721s step_avg:55.09ms
step:2265/3250 train_time:124.874s step_avg:55.13ms
step:2266/3250 train_time:125.030s step_avg:55.18ms
step:2267/3250 train_time:125.184s step_avg:55.22ms
step:2268/3250 train_time:125.339s step_avg:55.26ms
step:2269/3250 train_time:125.493s step_avg:55.31ms
step:2270/3250 train_time:125.647s step_avg:55.35ms
step:2271/3250 train_time:125.800s step_avg:55.39ms
step:2272/3250 train_time:125.954s step_avg:55.44ms
step:2273/3250 train_time:126.108s step_avg:55.48ms
step:2274/3250 train_time:126.262s step_avg:55.52ms
step:2275/3250 train_time:126.415s step_avg:55.57ms
step:2276/3250 train_time:126.573s step_avg:55.61ms
step:2277/3250 train_time:126.727s step_avg:55.66ms
step:2278/3250 train_time:126.880s step_avg:55.70ms
step:2279/3250 train_time:127.035s step_avg:55.74ms
step:2280/3250 train_time:127.188s step_avg:55.78ms
step:2281/3250 train_time:127.375s step_avg:55.84ms
step:2282/3250 train_time:127.530s step_avg:55.88ms
step:2283/3250 train_time:127.682s step_avg:55.93ms
step:2284/3250 train_time:127.836s step_avg:55.97ms
step:2285/3250 train_time:127.990s step_avg:56.01ms
step:2286/3250 train_time:128.145s step_avg:56.06ms
step:2287/3250 train_time:128.299s step_avg:56.10ms
step:2288/3250 train_time:128.453s step_avg:56.14ms
step:2289/3250 train_time:128.607s step_avg:56.18ms
step:2290/3250 train_time:128.760s step_avg:56.23ms
step:2291/3250 train_time:128.914s step_avg:56.27ms
step:2292/3250 train_time:129.069s step_avg:56.31ms
step:2293/3250 train_time:129.225s step_avg:56.36ms
step:2294/3250 train_time:129.378s step_avg:56.40ms
step:2295/3250 train_time:129.532s step_avg:56.44ms
step:2296/3250 train_time:129.686s step_avg:56.48ms
step:2297/3250 train_time:129.840s step_avg:56.53ms
step:2298/3250 train_time:129.993s step_avg:56.57ms
step:2299/3250 train_time:130.149s step_avg:56.61ms
step:2300/3250 train_time:130.304s step_avg:56.65ms
step:2301/3250 train_time:130.458s step_avg:56.70ms
step:2302/3250 train_time:130.612s step_avg:56.74ms
step:2303/3250 train_time:130.767s step_avg:56.78ms
step:2304/3250 train_time:130.921s step_avg:56.82ms
step:2305/3250 train_time:131.075s step_avg:56.87ms
step:2306/3250 train_time:131.230s step_avg:56.91ms
step:2307/3250 train_time:131.382s step_avg:56.95ms
step:2308/3250 train_time:131.538s step_avg:56.99ms
step:2309/3250 train_time:131.692s step_avg:57.03ms
step:2310/3250 train_time:131.845s step_avg:57.08ms
step:2311/3250 train_time:131.999s step_avg:57.12ms
step:2312/3250 train_time:132.153s step_avg:57.16ms
step:2313/3250 train_time:132.308s step_avg:57.20ms
step:2314/3250 train_time:132.461s step_avg:57.24ms
step:2315/3250 train_time:132.615s step_avg:57.29ms
step:2316/3250 train_time:132.770s step_avg:57.33ms
step:2317/3250 train_time:132.924s step_avg:57.37ms
step:2318/3250 train_time:133.077s step_avg:57.41ms
step:2319/3250 train_time:133.231s step_avg:57.45ms
step:2320/3250 train_time:133.385s step_avg:57.49ms
step:2321/3250 train_time:133.540s step_avg:57.54ms
step:2322/3250 train_time:133.693s step_avg:57.58ms
step:2323/3250 train_time:133.848s step_avg:57.62ms
step:2324/3250 train_time:134.001s step_avg:57.66ms
step:2325/3250 train_time:134.155s step_avg:57.70ms
step:2326/3250 train_time:134.309s step_avg:57.74ms
step:2327/3250 train_time:134.463s step_avg:57.78ms
step:2328/3250 train_time:134.618s step_avg:57.83ms
step:2329/3250 train_time:134.772s step_avg:57.87ms
step:2330/3250 train_time:134.924s step_avg:57.91ms
step:2331/3250 train_time:135.078s step_avg:57.95ms
step:2332/3250 train_time:135.233s step_avg:57.99ms
step:2333/3250 train_time:135.387s step_avg:58.03ms
step:2334/3250 train_time:135.541s step_avg:58.07ms
step:2335/3250 train_time:135.695s step_avg:58.11ms
step:2336/3250 train_time:135.850s step_avg:58.16ms
step:2337/3250 train_time:136.003s step_avg:58.20ms
step:2338/3250 train_time:136.157s step_avg:58.24ms
step:2339/3250 train_time:136.311s step_avg:58.28ms
step:2340/3250 train_time:136.464s step_avg:58.32ms
step:2341/3250 train_time:136.618s step_avg:58.36ms
step:2342/3250 train_time:136.772s step_avg:58.40ms
step:2343/3250 train_time:136.928s step_avg:58.44ms
step:2344/3250 train_time:137.081s step_avg:58.48ms
step:2345/3250 train_time:137.237s step_avg:58.52ms
step:2346/3250 train_time:137.391s step_avg:58.56ms
step:2347/3250 train_time:137.545s step_avg:58.60ms
step:2348/3250 train_time:137.698s step_avg:58.64ms
step:2349/3250 train_time:137.851s step_avg:58.69ms
step:2350/3250 train_time:138.005s step_avg:58.73ms
step:2351/3250 train_time:138.160s step_avg:58.77ms
step:2352/3250 train_time:138.313s step_avg:58.81ms
step:2353/3250 train_time:138.469s step_avg:58.85ms
step:2354/3250 train_time:138.624s step_avg:58.89ms
step:2355/3250 train_time:138.778s step_avg:58.93ms
step:2356/3250 train_time:138.932s step_avg:58.97ms
step:2357/3250 train_time:139.086s step_avg:59.01ms
step:2358/3250 train_time:139.240s step_avg:59.05ms
step:2359/3250 train_time:139.393s step_avg:59.09ms
step:2360/3250 train_time:139.547s step_avg:59.13ms
step:2361/3250 train_time:139.702s step_avg:59.17ms
step:2362/3250 train_time:139.855s step_avg:59.21ms
step:2363/3250 train_time:140.012s step_avg:59.25ms
step:2364/3250 train_time:140.167s step_avg:59.29ms
step:2365/3250 train_time:140.320s step_avg:59.33ms
step:2366/3250 train_time:140.475s step_avg:59.37ms
step:2367/3250 train_time:140.632s step_avg:59.41ms
step:2368/3250 train_time:140.787s step_avg:59.45ms
step:2369/3250 train_time:140.941s step_avg:59.49ms
step:2370/3250 train_time:141.095s step_avg:59.53ms
step:2371/3250 train_time:141.250s step_avg:59.57ms
step:2372/3250 train_time:141.403s step_avg:59.61ms
step:2373/3250 train_time:141.558s step_avg:59.65ms
step:2374/3250 train_time:141.712s step_avg:59.69ms
step:2375/3250 train_time:141.867s step_avg:59.73ms
step:2375/3250 val_loss:3.56842 train_time:141.879s step_avg:159.31ms
step:2376/3250 train_time:142.613s step_avg:60.02ms
step:2377/3250 train_time:142.752s step_avg:60.06ms
step:2378/3250 train_time:142.905s step_avg:60.09ms
step:2379/3250 train_time:143.059s step_avg:60.13ms
step:2380/3250 train_time:143.212s step_avg:60.17ms
step:2381/3250 train_time:143.364s step_avg:60.21ms
step:2382/3250 train_time:143.518s step_avg:60.25ms
step:2383/3250 train_time:143.672s step_avg:60.29ms
step:2384/3250 train_time:143.827s step_avg:60.33ms
step:2385/3250 train_time:143.981s step_avg:60.37ms
step:2386/3250 train_time:144.135s step_avg:60.41ms
step:2387/3250 train_time:144.289s step_avg:60.45ms
step:2388/3250 train_time:144.443s step_avg:60.49ms
step:2389/3250 train_time:144.598s step_avg:60.53ms
step:2390/3250 train_time:144.752s step_avg:60.57ms
step:2391/3250 train_time:144.906s step_avg:60.60ms
step:2392/3250 train_time:145.061s step_avg:60.64ms
step:2393/3250 train_time:145.215s step_avg:60.68ms
step:2394/3250 train_time:145.369s step_avg:60.72ms
step:2395/3250 train_time:145.523s step_avg:60.76ms
step:2396/3250 train_time:145.678s step_avg:60.80ms
step:2397/3250 train_time:145.832s step_avg:60.84ms
step:2398/3250 train_time:145.987s step_avg:60.88ms
step:2399/3250 train_time:146.141s step_avg:60.92ms
step:2400/3250 train_time:146.296s step_avg:60.96ms
step:2401/3250 train_time:146.451s step_avg:61.00ms
step:2402/3250 train_time:146.605s step_avg:61.03ms
step:2403/3250 train_time:146.761s step_avg:61.07ms
step:2404/3250 train_time:146.916s step_avg:61.11ms
step:2405/3250 train_time:147.071s step_avg:61.15ms
step:2406/3250 train_time:147.224s step_avg:61.19ms
step:2407/3250 train_time:147.380s step_avg:61.23ms
step:2408/3250 train_time:147.534s step_avg:61.27ms
step:2409/3250 train_time:147.688s step_avg:61.31ms
step:2410/3250 train_time:147.842s step_avg:61.35ms
step:2411/3250 train_time:147.999s step_avg:61.38ms
step:2412/3250 train_time:148.152s step_avg:61.42ms
step:2413/3250 train_time:148.306s step_avg:61.46ms
step:2414/3250 train_time:148.461s step_avg:61.50ms
step:2415/3250 train_time:148.614s step_avg:61.54ms
step:2416/3250 train_time:148.768s step_avg:61.58ms
step:2417/3250 train_time:148.922s step_avg:61.61ms
step:2418/3250 train_time:149.077s step_avg:61.65ms
step:2419/3250 train_time:149.230s step_avg:61.69ms
step:2420/3250 train_time:149.384s step_avg:61.73ms
step:2421/3250 train_time:149.539s step_avg:61.77ms
step:2422/3250 train_time:149.693s step_avg:61.81ms
step:2423/3250 train_time:149.847s step_avg:61.84ms
step:2424/3250 train_time:150.001s step_avg:61.88ms
step:2425/3250 train_time:150.158s step_avg:61.92ms
step:2426/3250 train_time:150.310s step_avg:61.96ms
step:2427/3250 train_time:150.465s step_avg:62.00ms
step:2428/3250 train_time:150.620s step_avg:62.03ms
step:2429/3250 train_time:150.774s step_avg:62.07ms
step:2430/3250 train_time:150.928s step_avg:62.11ms
step:2431/3250 train_time:151.083s step_avg:62.15ms
step:2432/3250 train_time:151.238s step_avg:62.19ms
step:2433/3250 train_time:151.393s step_avg:62.22ms
step:2434/3250 train_time:151.548s step_avg:62.26ms
step:2435/3250 train_time:151.702s step_avg:62.30ms
step:2436/3250 train_time:151.857s step_avg:62.34ms
step:2437/3250 train_time:152.010s step_avg:62.38ms
step:2438/3250 train_time:152.165s step_avg:62.41ms
step:2439/3250 train_time:152.319s step_avg:62.45ms
step:2440/3250 train_time:152.474s step_avg:62.49ms
step:2441/3250 train_time:152.628s step_avg:62.53ms
step:2442/3250 train_time:152.782s step_avg:62.56ms
step:2443/3250 train_time:152.936s step_avg:62.60ms
step:2444/3250 train_time:153.090s step_avg:62.64ms
step:2445/3250 train_time:153.245s step_avg:62.68ms
step:2446/3250 train_time:153.400s step_avg:62.71ms
step:2447/3250 train_time:153.553s step_avg:62.75ms
step:2448/3250 train_time:153.707s step_avg:62.79ms
step:2449/3250 train_time:153.861s step_avg:62.83ms
step:2450/3250 train_time:154.015s step_avg:62.86ms
step:2451/3250 train_time:154.169s step_avg:62.90ms
step:2452/3250 train_time:154.323s step_avg:62.94ms
step:2453/3250 train_time:154.478s step_avg:62.98ms
step:2454/3250 train_time:154.632s step_avg:63.01ms
step:2455/3250 train_time:154.786s step_avg:63.05ms
step:2456/3250 train_time:154.941s step_avg:63.09ms
step:2457/3250 train_time:155.094s step_avg:63.12ms
step:2458/3250 train_time:155.248s step_avg:63.16ms
step:2459/3250 train_time:155.402s step_avg:63.20ms
step:2460/3250 train_time:155.557s step_avg:63.23ms
step:2461/3250 train_time:155.710s step_avg:63.27ms
step:2462/3250 train_time:155.864s step_avg:63.31ms
step:2463/3250 train_time:156.018s step_avg:63.34ms
step:2464/3250 train_time:156.172s step_avg:63.38ms
step:2465/3250 train_time:156.327s step_avg:63.42ms
step:2466/3250 train_time:156.481s step_avg:63.46ms
step:2467/3250 train_time:156.635s step_avg:63.49ms
step:2468/3250 train_time:156.789s step_avg:63.53ms
step:2469/3250 train_time:156.943s step_avg:63.57ms
step:2470/3250 train_time:157.100s step_avg:63.60ms
step:2471/3250 train_time:157.290s step_avg:63.65ms
step:2472/3250 train_time:157.444s step_avg:63.69ms
step:2473/3250 train_time:157.598s step_avg:63.73ms
step:2474/3250 train_time:157.751s step_avg:63.76ms
step:2475/3250 train_time:157.904s step_avg:63.80ms
step:2476/3250 train_time:158.060s step_avg:63.84ms
step:2477/3250 train_time:158.215s step_avg:63.87ms
step:2478/3250 train_time:158.369s step_avg:63.91ms
step:2479/3250 train_time:158.522s step_avg:63.95ms
step:2480/3250 train_time:158.678s step_avg:63.98ms
step:2481/3250 train_time:158.830s step_avg:64.02ms
step:2482/3250 train_time:158.985s step_avg:64.06ms
step:2483/3250 train_time:159.138s step_avg:64.09ms
step:2484/3250 train_time:159.293s step_avg:64.13ms
step:2485/3250 train_time:159.447s step_avg:64.16ms
step:2486/3250 train_time:159.601s step_avg:64.20ms
step:2487/3250 train_time:159.756s step_avg:64.24ms
step:2488/3250 train_time:159.909s step_avg:64.27ms
step:2489/3250 train_time:160.064s step_avg:64.31ms
step:2490/3250 train_time:160.217s step_avg:64.34ms
step:2491/3250 train_time:160.371s step_avg:64.38ms
step:2492/3250 train_time:160.524s step_avg:64.42ms
step:2493/3250 train_time:160.679s step_avg:64.45ms
step:2494/3250 train_time:160.833s step_avg:64.49ms
step:2495/3250 train_time:160.987s step_avg:64.52ms
step:2496/3250 train_time:161.141s step_avg:64.56ms
step:2497/3250 train_time:161.295s step_avg:64.60ms
step:2498/3250 train_time:161.449s step_avg:64.63ms
step:2499/3250 train_time:161.603s step_avg:64.67ms
step:2500/3250 train_time:161.757s step_avg:64.70ms
step:2500/3250 val_loss:3.56049 train_time:161.769s step_avg:159.12ms
step:2501/3250 train_time:162.524s step_avg:64.98ms
step:2502/3250 train_time:162.664s step_avg:65.01ms
step:2503/3250 train_time:162.817s step_avg:65.05ms
step:2504/3250 train_time:162.971s step_avg:65.08ms
step:2505/3250 train_time:163.126s step_avg:65.12ms
step:2506/3250 train_time:163.279s step_avg:65.16ms
step:2507/3250 train_time:163.433s step_avg:65.19ms
step:2508/3250 train_time:163.588s step_avg:65.23ms
step:2509/3250 train_time:163.740s step_avg:65.26ms
step:2510/3250 train_time:163.895s step_avg:65.30ms
step:2511/3250 train_time:164.049s step_avg:65.33ms
step:2512/3250 train_time:164.204s step_avg:65.37ms
step:2513/3250 train_time:164.357s step_avg:65.40ms
step:2514/3250 train_time:164.511s step_avg:65.44ms
step:2515/3250 train_time:164.667s step_avg:65.47ms
step:2516/3250 train_time:164.822s step_avg:65.51ms
step:2517/3250 train_time:164.976s step_avg:65.54ms
step:2518/3250 train_time:165.130s step_avg:65.58ms
step:2519/3250 train_time:165.286s step_avg:65.62ms
step:2520/3250 train_time:165.439s step_avg:65.65ms
step:2521/3250 train_time:165.593s step_avg:65.69ms
step:2522/3250 train_time:165.747s step_avg:65.72ms
step:2523/3250 train_time:165.901s step_avg:65.76ms
step:2524/3250 train_time:166.055s step_avg:65.79ms
step:2525/3250 train_time:166.210s step_avg:65.83ms
step:2526/3250 train_time:166.365s step_avg:65.86ms
step:2527/3250 train_time:166.519s step_avg:65.90ms
step:2528/3250 train_time:166.673s step_avg:65.93ms
step:2529/3250 train_time:166.828s step_avg:65.97ms
step:2530/3250 train_time:166.982s step_avg:66.00ms
step:2531/3250 train_time:167.135s step_avg:66.04ms
step:2532/3250 train_time:167.290s step_avg:66.07ms
step:2533/3250 train_time:167.444s step_avg:66.10ms
step:2534/3250 train_time:167.597s step_avg:66.14ms
step:2535/3250 train_time:167.751s step_avg:66.17ms
step:2536/3250 train_time:167.907s step_avg:66.21ms
step:2537/3250 train_time:168.059s step_avg:66.24ms
step:2538/3250 train_time:168.214s step_avg:66.28ms
step:2539/3250 train_time:168.369s step_avg:66.31ms
step:2540/3250 train_time:168.524s step_avg:66.35ms
step:2541/3250 train_time:168.678s step_avg:66.38ms
step:2542/3250 train_time:168.833s step_avg:66.42ms
step:2543/3250 train_time:168.988s step_avg:66.45ms
step:2544/3250 train_time:169.141s step_avg:66.49ms
step:2545/3250 train_time:169.295s step_avg:66.52ms
step:2546/3250 train_time:169.449s step_avg:66.55ms
step:2547/3250 train_time:169.602s step_avg:66.59ms
step:2548/3250 train_time:169.756s step_avg:66.62ms
step:2549/3250 train_time:169.912s step_avg:66.66ms
step:2550/3250 train_time:170.067s step_avg:66.69ms
step:2551/3250 train_time:170.222s step_avg:66.73ms
step:2552/3250 train_time:170.377s step_avg:66.76ms
step:2553/3250 train_time:170.530s step_avg:66.80ms
step:2554/3250 train_time:170.686s step_avg:66.83ms
step:2555/3250 train_time:170.839s step_avg:66.86ms
step:2556/3250 train_time:170.994s step_avg:66.90ms
step:2557/3250 train_time:171.148s step_avg:66.93ms
step:2558/3250 train_time:171.303s step_avg:66.97ms
step:2559/3250 train_time:171.456s step_avg:67.00ms
step:2560/3250 train_time:171.611s step_avg:67.04ms
step:2561/3250 train_time:171.765s step_avg:67.07ms
step:2562/3250 train_time:171.920s step_avg:67.10ms
step:2563/3250 train_time:172.074s step_avg:67.14ms
step:2564/3250 train_time:172.230s step_avg:67.17ms
step:2565/3250 train_time:172.386s step_avg:67.21ms
step:2566/3250 train_time:172.539s step_avg:67.24ms
step:2567/3250 train_time:172.693s step_avg:67.27ms
step:2568/3250 train_time:172.846s step_avg:67.31ms
step:2569/3250 train_time:173.000s step_avg:67.34ms
step:2570/3250 train_time:173.155s step_avg:67.38ms
step:2571/3250 train_time:173.310s step_avg:67.41ms
step:2572/3250 train_time:173.467s step_avg:67.44ms
step:2573/3250 train_time:173.621s step_avg:67.48ms
step:2574/3250 train_time:173.775s step_avg:67.51ms
step:2575/3250 train_time:173.929s step_avg:67.55ms
step:2576/3250 train_time:174.084s step_avg:67.58ms
step:2577/3250 train_time:174.237s step_avg:67.61ms
step:2578/3250 train_time:174.392s step_avg:67.65ms
step:2579/3250 train_time:174.547s step_avg:67.68ms
step:2580/3250 train_time:174.701s step_avg:67.71ms
step:2581/3250 train_time:174.855s step_avg:67.75ms
step:2582/3250 train_time:175.010s step_avg:67.78ms
step:2583/3250 train_time:175.164s step_avg:67.81ms
step:2584/3250 train_time:175.318s step_avg:67.85ms
step:2585/3250 train_time:175.472s step_avg:67.88ms
step:2586/3250 train_time:175.625s step_avg:67.91ms
step:2587/3250 train_time:175.779s step_avg:67.95ms
step:2588/3250 train_time:175.933s step_avg:67.98ms
step:2589/3250 train_time:176.088s step_avg:68.01ms
step:2590/3250 train_time:176.241s step_avg:68.05ms
step:2591/3250 train_time:176.396s step_avg:68.08ms
step:2592/3250 train_time:176.550s step_avg:68.11ms
step:2593/3250 train_time:176.707s step_avg:68.15ms
step:2594/3250 train_time:176.860s step_avg:68.18ms
step:2595/3250 train_time:177.015s step_avg:68.21ms
step:2596/3250 train_time:177.169s step_avg:68.25ms
step:2597/3250 train_time:177.322s step_avg:68.28ms
step:2598/3250 train_time:177.476s step_avg:68.31ms
step:2599/3250 train_time:177.631s step_avg:68.35ms
step:2600/3250 train_time:177.787s step_avg:68.38ms
step:2601/3250 train_time:177.940s step_avg:68.41ms
step:2602/3250 train_time:178.095s step_avg:68.45ms
step:2603/3250 train_time:178.249s step_avg:68.48ms
step:2604/3250 train_time:178.403s step_avg:68.51ms
step:2605/3250 train_time:178.556s step_avg:68.54ms
step:2606/3250 train_time:178.710s step_avg:68.58ms
step:2607/3250 train_time:178.865s step_avg:68.61ms
step:2608/3250 train_time:179.022s step_avg:68.64ms
step:2609/3250 train_time:179.176s step_avg:68.68ms
step:2610/3250 train_time:179.330s step_avg:68.71ms
step:2611/3250 train_time:179.485s step_avg:68.74ms
step:2612/3250 train_time:179.638s step_avg:68.77ms
step:2613/3250 train_time:179.792s step_avg:68.81ms
step:2614/3250 train_time:179.946s step_avg:68.84ms
step:2615/3250 train_time:180.100s step_avg:68.87ms
step:2616/3250 train_time:180.255s step_avg:68.90ms
step:2617/3250 train_time:180.410s step_avg:68.94ms
step:2618/3250 train_time:180.565s step_avg:68.97ms
step:2619/3250 train_time:180.721s step_avg:69.00ms
step:2620/3250 train_time:180.875s step_avg:69.04ms
step:2621/3250 train_time:181.029s step_avg:69.07ms
step:2622/3250 train_time:181.184s step_avg:69.10ms
step:2623/3250 train_time:181.337s step_avg:69.13ms
step:2624/3250 train_time:181.491s step_avg:69.17ms
step:2625/3250 train_time:181.645s step_avg:69.20ms
step:2625/3250 val_loss:3.55498 train_time:181.657s step_avg:159.10ms
step:2626/3250 train_time:182.401s step_avg:69.46ms
step:2627/3250 train_time:182.541s step_avg:69.49ms
step:2628/3250 train_time:182.695s step_avg:69.52ms
step:2629/3250 train_time:182.848s step_avg:69.55ms
step:2630/3250 train_time:183.002s step_avg:69.58ms
step:2631/3250 train_time:183.156s step_avg:69.61ms
step:2632/3250 train_time:183.310s step_avg:69.65ms
step:2633/3250 train_time:183.464s step_avg:69.68ms
step:2634/3250 train_time:183.617s step_avg:69.71ms
step:2635/3250 train_time:183.770s step_avg:69.74ms
step:2636/3250 train_time:183.925s step_avg:69.77ms
step:2637/3250 train_time:184.079s step_avg:69.81ms
step:2638/3250 train_time:184.233s step_avg:69.84ms
step:2639/3250 train_time:184.386s step_avg:69.87ms
step:2640/3250 train_time:184.540s step_avg:69.90ms
step:2641/3250 train_time:184.695s step_avg:69.93ms
step:2642/3250 train_time:184.850s step_avg:69.97ms
step:2643/3250 train_time:185.004s step_avg:70.00ms
step:2644/3250 train_time:185.158s step_avg:70.03ms
step:2645/3250 train_time:185.311s step_avg:70.06ms
step:2646/3250 train_time:185.465s step_avg:70.09ms
step:2647/3250 train_time:185.620s step_avg:70.12ms
step:2648/3250 train_time:185.774s step_avg:70.16ms
step:2649/3250 train_time:185.928s step_avg:70.19ms
step:2650/3250 train_time:186.082s step_avg:70.22ms
step:2651/3250 train_time:186.238s step_avg:70.25ms
step:2652/3250 train_time:186.392s step_avg:70.28ms
step:2653/3250 train_time:186.546s step_avg:70.31ms
step:2654/3250 train_time:186.700s step_avg:70.35ms
step:2655/3250 train_time:186.855s step_avg:70.38ms
step:2656/3250 train_time:187.010s step_avg:70.41ms
step:2657/3250 train_time:187.163s step_avg:70.44ms
step:2658/3250 train_time:187.319s step_avg:70.47ms
step:2659/3250 train_time:187.473s step_avg:70.51ms
step:2660/3250 train_time:187.627s step_avg:70.54ms
step:2661/3250 train_time:187.816s step_avg:70.58ms
step:2662/3250 train_time:187.969s step_avg:70.61ms
step:2663/3250 train_time:188.124s step_avg:70.64ms
step:2664/3250 train_time:188.278s step_avg:70.67ms
step:2665/3250 train_time:188.432s step_avg:70.71ms
step:2666/3250 train_time:188.585s step_avg:70.74ms
step:2667/3250 train_time:188.742s step_avg:70.77ms
step:2668/3250 train_time:188.897s step_avg:70.80ms
step:2669/3250 train_time:189.052s step_avg:70.83ms
step:2670/3250 train_time:189.207s step_avg:70.86ms
step:2671/3250 train_time:189.360s step_avg:70.89ms
step:2672/3250 train_time:189.515s step_avg:70.93ms
step:2673/3250 train_time:189.669s step_avg:70.96ms
step:2674/3250 train_time:189.824s step_avg:70.99ms
step:2675/3250 train_time:189.979s step_avg:71.02ms
step:2676/3250 train_time:190.136s step_avg:71.05ms
step:2677/3250 train_time:190.290s step_avg:71.08ms
step:2678/3250 train_time:190.445s step_avg:71.11ms
step:2679/3250 train_time:190.600s step_avg:71.15ms
step:2680/3250 train_time:190.754s step_avg:71.18ms
step:2681/3250 train_time:190.908s step_avg:71.21ms
step:2682/3250 train_time:191.062s step_avg:71.24ms
step:2683/3250 train_time:191.218s step_avg:71.27ms
step:2684/3250 train_time:191.372s step_avg:71.30ms
step:2685/3250 train_time:191.527s step_avg:71.33ms
step:2686/3250 train_time:191.680s step_avg:71.36ms
step:2687/3250 train_time:191.836s step_avg:71.39ms
step:2688/3250 train_time:191.990s step_avg:71.42ms
step:2689/3250 train_time:192.145s step_avg:71.46ms
step:2690/3250 train_time:192.300s step_avg:71.49ms
step:2691/3250 train_time:192.455s step_avg:71.52ms
step:2692/3250 train_time:192.608s step_avg:71.55ms
step:2693/3250 train_time:192.761s step_avg:71.58ms
step:2694/3250 train_time:192.916s step_avg:71.61ms
step:2695/3250 train_time:193.070s step_avg:71.64ms
step:2696/3250 train_time:193.225s step_avg:71.67ms
step:2697/3250 train_time:193.380s step_avg:71.70ms
step:2698/3250 train_time:193.536s step_avg:71.73ms
step:2699/3250 train_time:193.688s step_avg:71.76ms
step:2700/3250 train_time:193.844s step_avg:71.79ms
step:2701/3250 train_time:193.998s step_avg:71.82ms
step:2702/3250 train_time:194.152s step_avg:71.85ms
step:2703/3250 train_time:194.306s step_avg:71.89ms
step:2704/3250 train_time:194.460s step_avg:71.92ms
step:2705/3250 train_time:194.616s step_avg:71.95ms
step:2706/3250 train_time:194.770s step_avg:71.98ms
step:2707/3250 train_time:194.925s step_avg:72.01ms
step:2708/3250 train_time:195.080s step_avg:72.04ms
step:2709/3250 train_time:195.236s step_avg:72.07ms
step:2710/3250 train_time:195.388s step_avg:72.10ms
step:2711/3250 train_time:195.542s step_avg:72.13ms
step:2712/3250 train_time:195.698s step_avg:72.16ms
step:2713/3250 train_time:195.853s step_avg:72.19ms
step:2714/3250 train_time:196.007s step_avg:72.22ms
step:2715/3250 train_time:196.161s step_avg:72.25ms
step:2716/3250 train_time:196.316s step_avg:72.28ms
step:2717/3250 train_time:196.468s step_avg:72.31ms
step:2718/3250 train_time:196.622s step_avg:72.34ms
step:2719/3250 train_time:196.776s step_avg:72.37ms
step:2720/3250 train_time:196.931s step_avg:72.40ms
step:2721/3250 train_time:197.085s step_avg:72.43ms
step:2722/3250 train_time:197.243s step_avg:72.46ms
step:2723/3250 train_time:197.397s step_avg:72.49ms
step:2724/3250 train_time:197.550s step_avg:72.52ms
step:2725/3250 train_time:197.704s step_avg:72.55ms
step:2726/3250 train_time:197.858s step_avg:72.58ms
step:2727/3250 train_time:198.013s step_avg:72.61ms
step:2728/3250 train_time:198.166s step_avg:72.64ms
step:2729/3250 train_time:198.320s step_avg:72.67ms
step:2730/3250 train_time:198.474s step_avg:72.70ms
step:2731/3250 train_time:198.628s step_avg:72.73ms
step:2732/3250 train_time:198.782s step_avg:72.76ms
step:2733/3250 train_time:198.937s step_avg:72.79ms
step:2734/3250 train_time:199.092s step_avg:72.82ms
step:2735/3250 train_time:199.246s step_avg:72.85ms
step:2736/3250 train_time:199.400s step_avg:72.88ms
step:2737/3250 train_time:199.555s step_avg:72.91ms
step:2738/3250 train_time:199.709s step_avg:72.94ms
step:2739/3250 train_time:199.862s step_avg:72.97ms
step:2740/3250 train_time:200.017s step_avg:73.00ms
step:2741/3250 train_time:200.172s step_avg:73.03ms
step:2742/3250 train_time:200.326s step_avg:73.06ms
step:2743/3250 train_time:200.480s step_avg:73.09ms
step:2744/3250 train_time:200.636s step_avg:73.12ms
step:2745/3250 train_time:200.789s step_avg:73.15ms
step:2746/3250 train_time:200.943s step_avg:73.18ms
step:2747/3250 train_time:201.100s step_avg:73.21ms
step:2748/3250 train_time:201.255s step_avg:73.24ms
step:2749/3250 train_time:201.408s step_avg:73.27ms
step:2750/3250 train_time:201.561s step_avg:73.30ms
step:2750/3250 val_loss:3.55362 train_time:201.573s step_avg:159.33ms
step:2751/3250 train_time:202.325s step_avg:73.55ms
EXIT=0 rid=eos_f1500_s145
