==== 2026-08-23 20:53:18 SOAP_s0 nproc=8 seed=0  ====
W0823 20:53:19.292000 6774 torch/distributed/run.py:774] 
W0823 20:53:19.292000 6774 torch/distributed/run.py:774] *****************************************
W0823 20:53:19.292000 6774 torch/distributed/run.py:774] Setting OMP_NUM_THREADS environment variable for each process to be 1 in default, to avoid your system being overloaded, please further tune the variable for optimal performance in your application as needed. 
W0823 20:53:19.292000 6774 torch/distributed/run.py:774] *****************************************
logs/8301f20a-562e-47d5-9dfb-7e52b95aed50.txt
step:125/2900 val_loss:4.44588 val_ema_loss:4.44588 train_time:71.337s step_avg:570.69ms
step:250/2900 val_loss:4.09053 val_ema_loss:4.09053 train_time:110.541s step_avg:442.16ms
step:375/2900 val_loss:3.94820 val_ema_loss:3.94820 train_time:147.991s step_avg:394.64ms
step:500/2900 val_loss:3.82593 val_ema_loss:3.82593 train_time:186.954s step_avg:373.91ms
step:625/2900 val_loss:3.75135 val_ema_loss:3.75135 train_time:225.937s step_avg:361.50ms
step:750/2900 val_loss:3.70568 val_ema_loss:3.70568 train_time:263.420s step_avg:351.23ms
step:875/2900 val_loss:3.66748 val_ema_loss:3.66748 train_time:302.363s step_avg:345.56ms
step:1000/2900 val_loss:3.62648 val_ema_loss:3.62648 train_time:341.282s step_avg:341.28ms
step:1125/2900 val_loss:3.59866 val_ema_loss:3.59866 train_time:379.515s step_avg:337.35ms
step:1250/2900 val_loss:3.56649 val_ema_loss:3.56649 train_time:418.858s step_avg:335.09ms
step:1375/2900 val_loss:3.54172 val_ema_loss:3.54172 train_time:458.274s step_avg:333.29ms
step:1500/2900 val_loss:3.51315 val_ema_loss:3.51315 train_time:496.264s step_avg:330.84ms
step:1625/2900 val_loss:3.48516 val_ema_loss:3.48516 train_time:535.641s step_avg:329.63ms
step:1750/2900 val_loss:3.45460 val_ema_loss:3.45460 train_time:574.933s step_avg:328.53ms
step:1875/2900 val_loss:3.42561 val_ema_loss:3.42561 train_time:612.977s step_avg:326.92ms
step:2000/2900 val_loss:3.39331 val_ema_loss:3.39331 train_time:652.325s step_avg:326.16ms
step:2125/2900 val_loss:3.36658 val_ema_loss:3.36658 train_time:691.548s step_avg:325.43ms
step:2250/2900 val_loss:3.34338 val_ema_loss:3.34338 train_time:729.309s step_avg:324.14ms
step:2375/2900 val_loss:3.32342 val_ema_loss:3.32342 train_time:768.629s step_avg:323.63ms
step:2500/2900 val_loss:3.30466 val_ema_loss:3.29537 train_time:807.998s step_avg:323.20ms
step:2620/2900 val_loss:3.28960 val_ema_loss:3.28275 train_time:844.472s step_avg:322.32ms
step:2625/2900 val_loss:3.28891 val_ema_loss:3.28232 train_time:846.001s step_avg:322.29ms
step:2630/2900 val_loss:3.28838 val_ema_loss:3.28186 train_time:847.528s step_avg:322.25ms
step:2635/2900 val_loss:3.28769 val_ema_loss:3.28145 train_time:849.062s step_avg:322.22ms
step:2640/2900 val_loss:3.28703 val_ema_loss:3.28102 train_time:850.593s step_avg:322.19ms
step:2645/2900 val_loss:3.28656 val_ema_loss:3.28062 train_time:852.124s step_avg:322.16ms
step:2650/2900 val_loss:3.28605 val_ema_loss:3.28028 train_time:853.655s step_avg:322.13ms
step:2655/2900 val_loss:3.28542 val_ema_loss:3.27996 train_time:855.183s step_avg:322.10ms
step:2660/2900 val_loss:3.28481 val_ema_loss:3.27966 train_time:856.716s step_avg:322.07ms
step:2665/2900 val_loss:3.28432 val_ema_loss:3.27935 train_time:859.448s step_avg:322.49ms
step:2670/2900 val_loss:3.28367 val_ema_loss:3.27898 train_time:860.981s step_avg:322.46ms
step:2675/2900 val_loss:3.28304 val_ema_loss:3.27855 train_time:862.517s step_avg:322.44ms
step:2680/2900 val_loss:3.28277 val_ema_loss:3.27835 train_time:864.058s step_avg:322.41ms
step:2685/2900 val_loss:3.28222 val_ema_loss:3.27799 train_time:865.590s step_avg:322.38ms
step:2690/2900 val_loss:3.28198 val_ema_loss:3.27770 train_time:867.118s step_avg:322.35ms
step:2695/2900 val_loss:3.28144 val_ema_loss:3.27735 train_time:868.649s step_avg:322.32ms
step:2700/2900 val_loss:3.28096 val_ema_loss:3.27703 train_time:870.184s step_avg:322.29ms
step:2705/2900 val_loss:3.28041 val_ema_loss:3.27673 train_time:871.715s step_avg:322.26ms
step:2710/2900 val_loss:3.28000 val_ema_loss:3.27644 train_time:873.250s step_avg:322.23ms
step:2715/2900 val_loss:3.27949 val_ema_loss:3.27615 train_time:874.776s step_avg:322.20ms
step:2720/2900 val_loss:3.27901 val_ema_loss:3.27585 train_time:876.309s step_avg:322.17ms
==== 2026-08-23 21:09:29 SOAP_s0 exit=0 ====
