==== 2026-08-23 21:13:56 SOAP_DEC_s0 nproc=8 seed=0 --k 4 --tau-min 3 --tau-max 56 --weights 0.05,0.20,0.25,0.50 --start 1000 ====
W0823 21:13:57.501000 20964 torch/distributed/run.py:774] 
W0823 21:13:57.501000 20964 torch/distributed/run.py:774] *****************************************
W0823 21:13:57.501000 20964 torch/distributed/run.py:774] Setting OMP_NUM_THREADS environment variable for each process to be 1 in default, to avoid your system being overloaded, please further tune the variable for optimal performance in your application as needed. 
W0823 21:13:57.501000 20964 torch/distributed/run.py:774] *****************************************
logs/6bbb11b0-b4de-4bf3-b6e8-60cbbd2a4da3.txt
step:125/2900 val_loss:4.43506 val_ema_loss:4.43506 train_time:50.093s step_avg:400.74ms
step:250/2900 val_loss:4.08094 val_ema_loss:4.08094 train_time:88.748s step_avg:354.99ms
step:375/2900 val_loss:3.94642 val_ema_loss:3.94642 train_time:125.915s step_avg:335.77ms
step:500/2900 val_loss:3.82682 val_ema_loss:3.82682 train_time:164.512s step_avg:329.02ms
step:625/2900 val_loss:3.75411 val_ema_loss:3.75411 train_time:203.059s step_avg:324.90ms
step:750/2900 val_loss:3.70898 val_ema_loss:3.70898 train_time:240.282s step_avg:320.38ms
step:875/2900 val_loss:3.66591 val_ema_loss:3.66591 train_time:278.913s step_avg:318.76ms
step:1000/2900 val_loss:3.63065 val_ema_loss:3.63065 train_time:317.415s step_avg:317.42ms
step:1125/2900 val_loss:3.59977 val_ema_loss:3.59977 train_time:355.330s step_avg:315.85ms
step:1250/2900 val_loss:3.56570 val_ema_loss:3.56570 train_time:394.604s step_avg:315.68ms
step:1375/2900 val_loss:3.54156 val_ema_loss:3.54156 train_time:433.881s step_avg:315.55ms
step:1500/2900 val_loss:3.51146 val_ema_loss:3.51146 train_time:471.786s step_avg:314.52ms
step:1625/2900 val_loss:3.48821 val_ema_loss:3.48821 train_time:511.131s step_avg:314.54ms
step:1750/2900 val_loss:3.45395 val_ema_loss:3.45395 train_time:550.368s step_avg:314.50ms
step:1875/2900 val_loss:3.42522 val_ema_loss:3.42522 train_time:588.322s step_avg:313.77ms
step:2000/2900 val_loss:3.39352 val_ema_loss:3.39352 train_time:627.586s step_avg:313.79ms
step:2125/2900 val_loss:3.36652 val_ema_loss:3.36652 train_time:666.856s step_avg:313.81ms
step:2250/2900 val_loss:3.34332 val_ema_loss:3.34332 train_time:704.790s step_avg:313.24ms
step:2375/2900 val_loss:3.32342 val_ema_loss:3.32342 train_time:744.117s step_avg:313.31ms
step:2500/2900 val_loss:3.30508 val_ema_loss:3.29586 train_time:783.575s step_avg:313.43ms
step:2620/2900 val_loss:3.28994 val_ema_loss:3.28318 train_time:820.224s step_avg:313.06ms
step:2625/2900 val_loss:3.28918 val_ema_loss:3.28276 train_time:821.763s step_avg:313.05ms
step:2630/2900 val_loss:3.28879 val_ema_loss:3.28238 train_time:823.311s step_avg:313.05ms
step:2635/2900 val_loss:3.28811 val_ema_loss:3.28195 train_time:824.847s step_avg:313.03ms
step:2640/2900 val_loss:3.28748 val_ema_loss:3.28156 train_time:826.386s step_avg:313.02ms
step:2645/2900 val_loss:3.28692 val_ema_loss:3.28119 train_time:827.921s step_avg:313.01ms
step:2650/2900 val_loss:3.28649 val_ema_loss:3.28087 train_time:829.446s step_avg:313.00ms
step:2655/2900 val_loss:3.28584 val_ema_loss:3.28046 train_time:830.985s step_avg:312.99ms
step:2660/2900 val_loss:3.28532 val_ema_loss:3.28010 train_time:832.524s step_avg:312.98ms
step:2665/2900 val_loss:3.28478 val_ema_loss:3.27976 train_time:835.671s step_avg:313.57ms
step:2670/2900 val_loss:3.28421 val_ema_loss:3.27941 train_time:837.203s step_avg:313.56ms
step:2675/2900 val_loss:3.28372 val_ema_loss:3.27907 train_time:838.734s step_avg:313.55ms
step:2680/2900 val_loss:3.28323 val_ema_loss:3.27873 train_time:840.273s step_avg:313.53ms
step:2685/2900 val_loss:3.28276 val_ema_loss:3.27841 train_time:841.807s step_avg:313.52ms
step:2690/2900 val_loss:3.28224 val_ema_loss:3.27811 train_time:843.346s step_avg:313.51ms
step:2695/2900 val_loss:3.28186 val_ema_loss:3.27782 train_time:844.878s step_avg:313.50ms
step:2700/2900 val_loss:3.28146 val_ema_loss:3.27755 train_time:846.411s step_avg:313.49ms
step:2705/2900 val_loss:3.28092 val_ema_loss:3.27724 train_time:847.943s step_avg:313.47ms
step:2710/2900 val_loss:3.28044 val_ema_loss:3.27694 train_time:849.478s step_avg:313.46ms
step:2715/2900 val_loss:3.27998 val_ema_loss:3.27666 train_time:851.016s step_avg:313.45ms
step:2720/2900 val_loss:3.27954 val_ema_loss:3.27639 train_time:852.551s step_avg:313.44ms
==== 2026-08-23 21:29:35 SOAP_DEC_s0 exit=0 ====
