==== 2026-08-23 16:58:38 DEC4 --tau-min 4 --tau-max 56 --weights 0.05,0.20,0.25,0.50 ====
logs/43bfa64d-6227-49de-ae40-1b5ab2e03cdb.txt
step:0/3250 val_loss:10.82583 train_time:0.000s step_avg:nanms
step:1/3250 train_time:8.167s step_avg:8166.85ms
step:2/3250 train_time:9.275s step_avg:4637.49ms
step:3/3250 train_time:10.456s step_avg:3485.36ms
step:4/3250 train_time:11.640s step_avg:2909.99ms
step:5/3250 train_time:12.817s step_avg:2563.40ms
step:6/3250 train_time:13.998s step_avg:2333.02ms
step:7/3250 train_time:15.180s step_avg:2168.61ms
step:8/3250 train_time:16.369s step_avg:2046.15ms
step:9/3250 train_time:17.558s step_avg:1950.87ms
step:10/3250 train_time:18.763s step_avg:1876.29ms
step:11/3250 train_time:19.956s step_avg:1814.17ms
step:12/3250 train_time:21.160s step_avg:1763.31ms
step:13/3250 train_time:22.356s step_avg:1719.70ms
step:14/3250 train_time:23.561s step_avg:1682.91ms
step:15/3250 train_time:24.775s step_avg:1651.65ms
step:16/3250 train_time:25.994s step_avg:1624.60ms
step:17/3250 train_time:27.182s step_avg:1598.92ms
step:18/3250 train_time:28.369s step_avg:1576.04ms
step:19/3250 train_time:29.560s step_avg:1555.79ms
step:20/3250 train_time:30.746s step_avg:1537.29ms
step:21/3250 train_time:31.940s step_avg:1520.97ms
step:22/3250 train_time:33.120s step_avg:1505.48ms
step:23/3250 train_time:34.310s step_avg:1491.76ms
step:24/3250 train_time:35.502s step_avg:1479.25ms
step:25/3250 train_time:36.693s step_avg:1467.71ms
step:26/3250 train_time:37.885s step_avg:1457.10ms
step:27/3250 train_time:39.081s step_avg:1447.45ms
step:28/3250 train_time:40.271s step_avg:1438.26ms
step:29/3250 train_time:41.460s step_avg:1429.66ms
step:30/3250 train_time:42.647s step_avg:1421.56ms
step:31/3250 train_time:43.840s step_avg:1414.20ms
step:32/3250 train_time:45.027s step_avg:1407.10ms
step:33/3250 train_time:46.219s step_avg:1400.58ms
step:34/3250 train_time:47.405s step_avg:1394.25ms
step:35/3250 train_time:48.600s step_avg:1388.57ms
step:36/3250 train_time:49.784s step_avg:1382.88ms
step:37/3250 train_time:50.975s step_avg:1377.71ms
step:38/3250 train_time:52.161s step_avg:1372.65ms
step:39/3250 train_time:53.352s step_avg:1368.01ms
step:40/3250 train_time:54.543s step_avg:1363.56ms
step:41/3250 train_time:55.741s step_avg:1359.55ms
step:42/3250 train_time:56.930s step_avg:1355.49ms
step:43/3250 train_time:58.119s step_avg:1351.60ms
step:44/3250 train_time:59.302s step_avg:1347.78ms
step:45/3250 train_time:60.515s step_avg:1344.79ms
step:46/3250 train_time:61.712s step_avg:1341.56ms
step:47/3250 train_time:62.921s step_avg:1338.74ms
step:48/3250 train_time:64.124s step_avg:1335.92ms
step:49/3250 train_time:65.350s step_avg:1333.67ms
step:50/3250 train_time:66.580s step_avg:1331.60ms
step:51/3250 train_time:67.767s step_avg:1328.77ms
step:52/3250 train_time:68.958s step_avg:1326.11ms
step:53/3250 train_time:70.144s step_avg:1323.47ms
step:54/3250 train_time:71.336s step_avg:1321.04ms
step:55/3250 train_time:72.534s step_avg:1318.80ms
step:56/3250 train_time:73.737s step_avg:1316.72ms
step:57/3250 train_time:74.922s step_avg:1314.42ms
step:58/3250 train_time:76.102s step_avg:1312.10ms
step:59/3250 train_time:77.290s step_avg:1310.00ms
step:60/3250 train_time:78.478s step_avg:1307.97ms
step:61/3250 train_time:79.662s step_avg:1305.93ms
step:62/3250 train_time:80.856s step_avg:1304.13ms
step:63/3250 train_time:82.043s step_avg:1302.26ms
step:64/3250 train_time:83.233s step_avg:1300.52ms
step:65/3250 train_time:84.418s step_avg:1298.74ms
step:66/3250 train_time:85.603s step_avg:1297.01ms
step:67/3250 train_time:86.796s step_avg:1295.46ms
step:68/3250 train_time:87.983s step_avg:1293.87ms
step:69/3250 train_time:89.179s step_avg:1292.45ms
step:70/3250 train_time:90.366s step_avg:1290.94ms
step:71/3250 train_time:91.558s step_avg:1289.55ms
step:72/3250 train_time:92.743s step_avg:1288.10ms
step:73/3250 train_time:93.935s step_avg:1286.79ms
step:74/3250 train_time:95.119s step_avg:1285.39ms
step:75/3250 train_time:96.304s step_avg:1284.05ms
step:76/3250 train_time:97.516s step_avg:1283.10ms
step:77/3250 train_time:98.723s step_avg:1282.11ms
step:78/3250 train_time:99.915s step_avg:1280.96ms
step:79/3250 train_time:101.108s step_avg:1279.85ms
step:80/3250 train_time:102.326s step_avg:1279.07ms
step:81/3250 train_time:103.544s step_avg:1278.32ms
step:82/3250 train_time:104.766s step_avg:1277.64ms
step:83/3250 train_time:105.983s step_avg:1276.91ms
step:84/3250 train_time:107.203s step_avg:1276.23ms
step:85/3250 train_time:108.394s step_avg:1275.23ms
step:86/3250 train_time:109.586s step_avg:1274.26ms
step:87/3250 train_time:110.785s step_avg:1273.39ms
step:88/3250 train_time:111.980s step_avg:1272.50ms
step:89/3250 train_time:113.172s step_avg:1271.59ms
step:90/3250 train_time:114.364s step_avg:1270.71ms
step:91/3250 train_time:115.554s step_avg:1269.82ms
step:92/3250 train_time:116.740s step_avg:1268.91ms
step:93/3250 train_time:117.930s step_avg:1268.07ms
step:94/3250 train_time:119.120s step_avg:1267.23ms
step:95/3250 train_time:120.305s step_avg:1266.37ms
step:96/3250 train_time:121.497s step_avg:1265.59ms
step:97/3250 train_time:122.683s step_avg:1264.77ms
step:98/3250 train_time:123.870s step_avg:1263.98ms
step:99/3250 train_time:125.060s step_avg:1263.23ms
step:100/3250 train_time:126.252s step_avg:1262.52ms
step:101/3250 train_time:127.443s step_avg:1261.81ms
step:102/3250 train_time:128.637s step_avg:1261.15ms
step:103/3250 train_time:129.821s step_avg:1260.40ms
step:104/3250 train_time:131.004s step_avg:1259.65ms
step:105/3250 train_time:132.197s step_avg:1259.02ms
step:106/3250 train_time:133.387s step_avg:1258.37ms
step:107/3250 train_time:134.578s step_avg:1257.74ms
step:108/3250 train_time:135.762s step_avg:1257.05ms
step:109/3250 train_time:136.956s step_avg:1256.48ms
step:110/3250 train_time:138.136s step_avg:1255.78ms
step:111/3250 train_time:139.320s step_avg:1255.13ms
step:112/3250 train_time:140.537s step_avg:1254.79ms
step:113/3250 train_time:141.738s step_avg:1254.32ms
step:114/3250 train_time:142.942s step_avg:1253.88ms
step:115/3250 train_time:144.160s step_avg:1253.56ms
step:116/3250 train_time:145.375s step_avg:1253.24ms
step:117/3250 train_time:146.597s step_avg:1252.97ms
step:118/3250 train_time:147.781s step_avg:1252.38ms
step:119/3250 train_time:148.976s step_avg:1251.90ms
step:120/3250 train_time:150.162s step_avg:1251.35ms
step:121/3250 train_time:151.352s step_avg:1250.84ms
step:122/3250 train_time:152.540s step_avg:1250.33ms
step:123/3250 train_time:153.741s step_avg:1249.93ms
step:124/3250 train_time:154.921s step_avg:1249.36ms
step:125/3250 train_time:156.100s step_avg:1248.80ms
step:125/3250 val_loss:4.57606 train_time:156.100s step_avg:1248.80ms
step:126/3250 train_time:157.289s step_avg:1248.33ms
step:127/3250 train_time:158.477s step_avg:1247.85ms
step:128/3250 train_time:159.657s step_avg:1247.32ms
step:129/3250 train_time:160.843s step_avg:1246.84ms
step:130/3250 train_time:162.036s step_avg:1246.43ms
step:131/3250 train_time:163.218s step_avg:1245.94ms
step:132/3250 train_time:164.401s step_avg:1245.46ms
step:133/3250 train_time:165.592s step_avg:1245.05ms
step:134/3250 train_time:166.779s step_avg:1244.62ms
step:135/3250 train_time:167.965s step_avg:1244.19ms
step:136/3250 train_time:169.153s step_avg:1243.78ms
step:137/3250 train_time:170.334s step_avg:1243.31ms
step:138/3250 train_time:171.517s step_avg:1242.88ms
step:139/3250 train_time:172.726s step_avg:1242.63ms
step:140/3250 train_time:173.921s step_avg:1242.29ms
step:141/3250 train_time:175.138s step_avg:1242.12ms
step:142/3250 train_time:176.343s step_avg:1241.85ms
step:143/3250 train_time:177.552s step_avg:1241.62ms
step:144/3250 train_time:178.772s step_avg:1241.47ms
step:145/3250 train_time:179.994s step_avg:1241.34ms
step:146/3250 train_time:181.182s step_avg:1240.97ms
step:147/3250 train_time:182.366s step_avg:1240.59ms
step:148/3250 train_time:183.553s step_avg:1240.22ms
step:149/3250 train_time:184.743s step_avg:1239.88ms
step:150/3250 train_time:185.934s step_avg:1239.56ms
step:151/3250 train_time:187.120s step_avg:1239.20ms
step:152/3250 train_time:188.301s step_avg:1238.82ms
step:153/3250 train_time:189.494s step_avg:1238.53ms
step:154/3250 train_time:190.681s step_avg:1238.19ms
step:155/3250 train_time:191.874s step_avg:1237.90ms
step:156/3250 train_time:193.063s step_avg:1237.58ms
step:157/3250 train_time:194.251s step_avg:1237.27ms
step:158/3250 train_time:195.441s step_avg:1236.97ms
step:159/3250 train_time:196.630s step_avg:1236.67ms
step:160/3250 train_time:197.819s step_avg:1236.37ms
step:161/3250 train_time:198.999s step_avg:1236.02ms
step:162/3250 train_time:200.186s step_avg:1235.72ms
step:163/3250 train_time:201.378s step_avg:1235.45ms
step:164/3250 train_time:202.557s step_avg:1235.10ms
step:165/3250 train_time:203.739s step_avg:1234.78ms
step:166/3250 train_time:204.926s step_avg:1234.49ms
step:167/3250 train_time:206.116s step_avg:1234.23ms
step:168/3250 train_time:207.298s step_avg:1233.92ms
step:169/3250 train_time:208.477s step_avg:1233.59ms
step:170/3250 train_time:209.661s step_avg:1233.30ms
step:171/3250 train_time:210.844s step_avg:1233.00ms
step:172/3250 train_time:212.034s step_avg:1232.76ms
step:173/3250 train_time:213.220s step_avg:1232.49ms
step:174/3250 train_time:214.403s step_avg:1232.20ms
step:175/3250 train_time:215.613s step_avg:1232.08ms
step:176/3250 train_time:216.822s step_avg:1231.95ms
step:177/3250 train_time:218.019s step_avg:1231.75ms
step:178/3250 train_time:219.226s step_avg:1231.60ms
step:179/3250 train_time:220.451s step_avg:1231.57ms
step:180/3250 train_time:221.636s step_avg:1231.31ms
step:181/3250 train_time:222.823s step_avg:1231.07ms
step:182/3250 train_time:224.008s step_avg:1230.81ms
step:183/3250 train_time:225.197s step_avg:1230.58ms
step:184/3250 train_time:226.381s step_avg:1230.33ms
step:185/3250 train_time:227.567s step_avg:1230.09ms
step:186/3250 train_time:228.752s step_avg:1229.85ms
step:187/3250 train_time:229.937s step_avg:1229.61ms
step:188/3250 train_time:231.120s step_avg:1229.36ms
step:189/3250 train_time:232.297s step_avg:1229.08ms
step:190/3250 train_time:233.476s step_avg:1228.82ms
step:191/3250 train_time:234.797s step_avg:1229.30ms
step:192/3250 train_time:235.978s step_avg:1229.05ms
step:193/3250 train_time:237.162s step_avg:1228.82ms
step:194/3250 train_time:238.347s step_avg:1228.60ms
step:195/3250 train_time:239.535s step_avg:1228.39ms
step:196/3250 train_time:240.718s step_avg:1228.15ms
step:197/3250 train_time:241.899s step_avg:1227.91ms
step:198/3250 train_time:243.085s step_avg:1227.70ms
step:199/3250 train_time:244.274s step_avg:1227.51ms
step:200/3250 train_time:245.461s step_avg:1227.31ms
step:201/3250 train_time:246.644s step_avg:1227.09ms
step:202/3250 train_time:247.832s step_avg:1226.89ms
step:203/3250 train_time:249.021s step_avg:1226.71ms
step:204/3250 train_time:250.208s step_avg:1226.51ms
step:205/3250 train_time:251.395s step_avg:1226.32ms
step:206/3250 train_time:252.577s step_avg:1226.10ms
step:207/3250 train_time:253.764s step_avg:1225.91ms
step:208/3250 train_time:254.953s step_avg:1225.73ms
step:209/3250 train_time:256.162s step_avg:1225.66ms
step:210/3250 train_time:257.367s step_avg:1225.56ms
step:211/3250 train_time:258.576s step_avg:1225.48ms
step:212/3250 train_time:259.787s step_avg:1225.41ms
step:213/3250 train_time:261.019s step_avg:1225.44ms
step:214/3250 train_time:262.205s step_avg:1225.26ms
step:215/3250 train_time:263.394s step_avg:1225.09ms
step:216/3250 train_time:264.579s step_avg:1224.90ms
step:217/3250 train_time:265.765s step_avg:1224.72ms
step:218/3250 train_time:266.955s step_avg:1224.56ms
step:219/3250 train_time:268.141s step_avg:1224.39ms
step:220/3250 train_time:269.330s step_avg:1224.23ms
step:221/3250 train_time:270.522s step_avg:1224.08ms
step:222/3250 train_time:271.711s step_avg:1223.92ms
step:223/3250 train_time:272.905s step_avg:1223.79ms
step:224/3250 train_time:274.092s step_avg:1223.63ms
step:225/3250 train_time:275.282s step_avg:1223.48ms
step:226/3250 train_time:276.471s step_avg:1223.32ms
step:227/3250 train_time:277.655s step_avg:1223.15ms
step:228/3250 train_time:278.838s step_avg:1222.97ms
step:229/3250 train_time:280.021s step_avg:1222.80ms
step:230/3250 train_time:281.206s step_avg:1222.63ms
step:231/3250 train_time:282.396s step_avg:1222.49ms
step:232/3250 train_time:283.584s step_avg:1222.35ms
step:233/3250 train_time:284.773s step_avg:1222.20ms
step:234/3250 train_time:285.958s step_avg:1222.04ms
step:235/3250 train_time:287.140s step_avg:1221.87ms
step:236/3250 train_time:288.324s step_avg:1221.71ms
step:237/3250 train_time:289.512s step_avg:1221.57ms
step:238/3250 train_time:290.695s step_avg:1221.41ms
step:239/3250 train_time:291.879s step_avg:1221.25ms
step:240/3250 train_time:293.063s step_avg:1221.09ms
step:241/3250 train_time:294.252s step_avg:1220.96ms
step:242/3250 train_time:295.458s step_avg:1220.90ms
step:243/3250 train_time:296.664s step_avg:1220.84ms
step:244/3250 train_time:297.880s step_avg:1220.82ms
step:245/3250 train_time:299.084s step_avg:1220.75ms
step:246/3250 train_time:300.298s step_avg:1220.72ms
step:247/3250 train_time:301.502s step_avg:1220.66ms
step:248/3250 train_time:302.712s step_avg:1220.61ms
step:249/3250 train_time:303.901s step_avg:1220.49ms
step:250/3250 train_time:305.082s step_avg:1220.33ms
step:250/3250 val_loss:4.09284 train_time:305.084s step_avg:1191.87ms
step:251/3250 train_time:306.275s step_avg:1220.22ms
step:252/3250 train_time:307.460s step_avg:1220.08ms
step:253/3250 train_time:308.644s step_avg:1219.94ms
step:254/3250 train_time:309.818s step_avg:1219.76ms
step:255/3250 train_time:311.002s step_avg:1219.62ms
step:256/3250 train_time:312.183s step_avg:1219.46ms
step:257/3250 train_time:313.366s step_avg:1219.32ms
step:258/3250 train_time:314.552s step_avg:1219.19ms
step:259/3250 train_time:315.739s step_avg:1219.07ms
step:260/3250 train_time:316.923s step_avg:1218.93ms
step:261/3250 train_time:318.103s step_avg:1218.78ms
step:262/3250 train_time:319.288s step_avg:1218.66ms
step:263/3250 train_time:320.472s step_avg:1218.52ms
step:264/3250 train_time:321.657s step_avg:1218.40ms
step:265/3250 train_time:322.840s step_avg:1218.26ms
step:266/3250 train_time:324.025s step_avg:1218.14ms
step:267/3250 train_time:325.207s step_avg:1218.00ms
step:268/3250 train_time:326.391s step_avg:1217.88ms
step:269/3250 train_time:327.579s step_avg:1217.77ms
step:270/3250 train_time:328.787s step_avg:1217.73ms
step:271/3250 train_time:329.997s step_avg:1217.70ms
step:272/3250 train_time:331.209s step_avg:1217.68ms
step:273/3250 train_time:332.405s step_avg:1217.60ms
step:274/3250 train_time:333.617s step_avg:1217.58ms
step:275/3250 train_time:334.834s step_avg:1217.58ms
step:276/3250 train_time:336.045s step_avg:1217.55ms
step:277/3250 train_time:337.226s step_avg:1217.42ms
step:278/3250 train_time:338.406s step_avg:1217.29ms
step:279/3250 train_time:339.585s step_avg:1217.15ms
step:280/3250 train_time:340.766s step_avg:1217.02ms
step:281/3250 train_time:341.946s step_avg:1216.89ms
step:282/3250 train_time:343.129s step_avg:1216.77ms
step:283/3250 train_time:344.313s step_avg:1216.65ms
step:284/3250 train_time:345.501s step_avg:1216.55ms
step:285/3250 train_time:346.686s step_avg:1216.44ms
step:286/3250 train_time:347.871s step_avg:1216.33ms
step:287/3250 train_time:349.057s step_avg:1216.23ms
step:288/3250 train_time:350.241s step_avg:1216.12ms
step:289/3250 train_time:351.421s step_avg:1215.99ms
step:290/3250 train_time:352.602s step_avg:1215.87ms
step:291/3250 train_time:353.781s step_avg:1215.74ms
step:292/3250 train_time:354.961s step_avg:1215.62ms
step:293/3250 train_time:356.143s step_avg:1215.50ms
step:294/3250 train_time:357.323s step_avg:1215.38ms
step:295/3250 train_time:358.505s step_avg:1215.27ms
step:296/3250 train_time:359.684s step_avg:1215.15ms
step:297/3250 train_time:360.864s step_avg:1215.03ms
step:298/3250 train_time:362.041s step_avg:1214.90ms
step:299/3250 train_time:363.225s step_avg:1214.80ms
step:300/3250 train_time:364.401s step_avg:1214.67ms
step:301/3250 train_time:365.580s step_avg:1214.55ms
step:302/3250 train_time:366.764s step_avg:1214.45ms
step:303/3250 train_time:367.942s step_avg:1214.33ms
step:304/3250 train_time:369.124s step_avg:1214.23ms
step:305/3250 train_time:370.302s step_avg:1214.11ms
step:306/3250 train_time:371.509s step_avg:1214.08ms
step:307/3250 train_time:372.712s step_avg:1214.05ms
step:308/3250 train_time:373.916s step_avg:1214.01ms
step:309/3250 train_time:375.124s step_avg:1213.99ms
step:310/3250 train_time:376.343s step_avg:1214.01ms
step:311/3250 train_time:377.526s step_avg:1213.91ms
step:312/3250 train_time:378.705s step_avg:1213.80ms
step:313/3250 train_time:379.882s step_avg:1213.68ms
step:314/3250 train_time:381.088s step_avg:1213.66ms
step:315/3250 train_time:382.278s step_avg:1213.58ms
step:316/3250 train_time:383.462s step_avg:1213.49ms
step:317/3250 train_time:384.643s step_avg:1213.39ms
step:318/3250 train_time:385.825s step_avg:1213.29ms
step:319/3250 train_time:387.006s step_avg:1213.19ms
step:320/3250 train_time:388.187s step_avg:1213.09ms
step:321/3250 train_time:389.373s step_avg:1213.00ms
step:322/3250 train_time:390.561s step_avg:1212.92ms
step:323/3250 train_time:391.744s step_avg:1212.83ms
step:324/3250 train_time:392.920s step_avg:1212.72ms
step:325/3250 train_time:394.133s step_avg:1212.72ms
step:326/3250 train_time:395.322s step_avg:1212.64ms
step:327/3250 train_time:396.505s step_avg:1212.55ms
step:328/3250 train_time:397.688s step_avg:1212.46ms
step:329/3250 train_time:398.873s step_avg:1212.38ms
step:330/3250 train_time:400.060s step_avg:1212.30ms
step:331/3250 train_time:401.242s step_avg:1212.21ms
step:332/3250 train_time:402.423s step_avg:1212.12ms
step:333/3250 train_time:403.604s step_avg:1212.02ms
step:334/3250 train_time:404.785s step_avg:1211.93ms
step:335/3250 train_time:405.968s step_avg:1211.84ms
step:336/3250 train_time:407.152s step_avg:1211.76ms
step:337/3250 train_time:408.340s step_avg:1211.69ms
step:338/3250 train_time:409.522s step_avg:1211.60ms
step:339/3250 train_time:410.725s step_avg:1211.58ms
step:340/3250 train_time:411.934s step_avg:1211.57ms
step:341/3250 train_time:413.146s step_avg:1211.57ms
step:342/3250 train_time:414.347s step_avg:1211.54ms
step:343/3250 train_time:415.562s step_avg:1211.55ms
step:344/3250 train_time:416.767s step_avg:1211.53ms
step:345/3250 train_time:417.989s step_avg:1211.56ms
step:346/3250 train_time:419.175s step_avg:1211.49ms
step:347/3250 train_time:420.366s step_avg:1211.43ms
step:348/3250 train_time:421.546s step_avg:1211.34ms
step:349/3250 train_time:422.727s step_avg:1211.25ms
step:350/3250 train_time:423.913s step_avg:1211.18ms
step:351/3250 train_time:425.101s step_avg:1211.11ms
step:352/3250 train_time:426.287s step_avg:1211.04ms
step:353/3250 train_time:427.472s step_avg:1210.97ms
step:354/3250 train_time:428.659s step_avg:1210.90ms
step:355/3250 train_time:429.840s step_avg:1210.82ms
step:356/3250 train_time:431.024s step_avg:1210.74ms
step:357/3250 train_time:432.207s step_avg:1210.66ms
step:358/3250 train_time:433.388s step_avg:1210.58ms
step:359/3250 train_time:434.572s step_avg:1210.51ms
step:360/3250 train_time:435.762s step_avg:1210.45ms
step:361/3250 train_time:436.943s step_avg:1210.37ms
step:362/3250 train_time:438.126s step_avg:1210.29ms
step:363/3250 train_time:439.308s step_avg:1210.21ms
step:364/3250 train_time:440.496s step_avg:1210.15ms
step:365/3250 train_time:441.683s step_avg:1210.09ms
step:366/3250 train_time:442.862s step_avg:1210.01ms
step:367/3250 train_time:444.045s step_avg:1209.93ms
step:368/3250 train_time:445.229s step_avg:1209.86ms
step:369/3250 train_time:446.407s step_avg:1209.77ms
step:370/3250 train_time:447.591s step_avg:1209.70ms
step:371/3250 train_time:448.780s step_avg:1209.65ms
step:372/3250 train_time:449.966s step_avg:1209.59ms
step:373/3250 train_time:451.150s step_avg:1209.52ms
step:374/3250 train_time:452.348s step_avg:1209.49ms
step:375/3250 train_time:453.552s step_avg:1209.47ms
step:375/3250 val_loss:3.92391 train_time:453.552s step_avg:1187.74ms
step:376/3250 train_time:454.746s step_avg:1209.43ms
step:377/3250 train_time:455.932s step_avg:1209.37ms
step:378/3250 train_time:457.120s step_avg:1209.31ms
step:379/3250 train_time:458.306s step_avg:1209.25ms
step:380/3250 train_time:459.488s step_avg:1209.18ms
step:381/3250 train_time:460.724s step_avg:1209.25ms
step:382/3250 train_time:461.909s step_avg:1209.19ms
step:383/3250 train_time:463.101s step_avg:1209.14ms
step:384/3250 train_time:464.282s step_avg:1209.07ms
step:385/3250 train_time:465.463s step_avg:1209.00ms
step:386/3250 train_time:466.644s step_avg:1208.92ms
step:387/3250 train_time:467.826s step_avg:1208.85ms
step:388/3250 train_time:469.012s step_avg:1208.79ms
step:389/3250 train_time:470.203s step_avg:1208.75ms
step:390/3250 train_time:471.383s step_avg:1208.68ms
step:391/3250 train_time:472.564s step_avg:1208.60ms
step:392/3250 train_time:473.746s step_avg:1208.54ms
step:393/3250 train_time:474.933s step_avg:1208.48ms
step:394/3250 train_time:476.123s step_avg:1208.43ms
step:395/3250 train_time:477.308s step_avg:1208.38ms
step:396/3250 train_time:478.501s step_avg:1208.34ms
step:397/3250 train_time:479.682s step_avg:1208.27ms
step:398/3250 train_time:480.864s step_avg:1208.20ms
step:399/3250 train_time:482.044s step_avg:1208.13ms
step:400/3250 train_time:483.225s step_avg:1208.06ms
step:401/3250 train_time:484.406s step_avg:1208.00ms
step:402/3250 train_time:485.618s step_avg:1208.00ms
step:403/3250 train_time:486.826s step_avg:1208.01ms
step:404/3250 train_time:488.037s step_avg:1208.01ms
step:405/3250 train_time:489.241s step_avg:1208.00ms
step:406/3250 train_time:490.451s step_avg:1208.01ms
step:407/3250 train_time:491.661s step_avg:1208.01ms
step:408/3250 train_time:492.866s step_avg:1208.01ms
step:409/3250 train_time:494.053s step_avg:1207.95ms
step:410/3250 train_time:495.238s step_avg:1207.90ms
step:411/3250 train_time:496.422s step_avg:1207.84ms
step:412/3250 train_time:497.606s step_avg:1207.78ms
step:413/3250 train_time:498.792s step_avg:1207.73ms
step:414/3250 train_time:499.979s step_avg:1207.68ms
step:415/3250 train_time:501.164s step_avg:1207.62ms
step:416/3250 train_time:502.349s step_avg:1207.57ms
step:417/3250 train_time:503.540s step_avg:1207.53ms
step:418/3250 train_time:504.726s step_avg:1207.48ms
step:419/3250 train_time:505.916s step_avg:1207.44ms
step:420/3250 train_time:507.107s step_avg:1207.40ms
step:421/3250 train_time:508.298s step_avg:1207.36ms
step:422/3250 train_time:509.483s step_avg:1207.31ms
step:423/3250 train_time:510.668s step_avg:1207.25ms
step:424/3250 train_time:511.858s step_avg:1207.21ms
step:425/3250 train_time:513.041s step_avg:1207.16ms
step:426/3250 train_time:514.221s step_avg:1207.09ms
step:427/3250 train_time:515.407s step_avg:1207.04ms
step:428/3250 train_time:516.599s step_avg:1207.01ms
step:429/3250 train_time:517.784s step_avg:1206.96ms
step:430/3250 train_time:518.970s step_avg:1206.91ms
step:431/3250 train_time:520.160s step_avg:1206.87ms
step:432/3250 train_time:521.340s step_avg:1206.81ms
step:433/3250 train_time:522.526s step_avg:1206.76ms
step:434/3250 train_time:523.712s step_avg:1206.71ms
step:435/3250 train_time:524.902s step_avg:1206.67ms
step:436/3250 train_time:526.110s step_avg:1206.67ms
step:437/3250 train_time:527.318s step_avg:1206.68ms
step:438/3250 train_time:528.533s step_avg:1206.70ms
step:439/3250 train_time:529.748s step_avg:1206.71ms
step:440/3250 train_time:530.963s step_avg:1206.73ms
step:441/3250 train_time:532.177s step_avg:1206.75ms
step:442/3250 train_time:533.393s step_avg:1206.77ms
step:443/3250 train_time:534.584s step_avg:1206.74ms
step:444/3250 train_time:535.769s step_avg:1206.69ms
step:445/3250 train_time:536.961s step_avg:1206.65ms
step:446/3250 train_time:538.141s step_avg:1206.59ms
step:447/3250 train_time:539.324s step_avg:1206.54ms
step:448/3250 train_time:540.509s step_avg:1206.49ms
step:449/3250 train_time:541.696s step_avg:1206.45ms
step:450/3250 train_time:542.882s step_avg:1206.41ms
step:451/3250 train_time:544.063s step_avg:1206.35ms
step:452/3250 train_time:545.241s step_avg:1206.28ms
step:453/3250 train_time:546.425s step_avg:1206.24ms
step:454/3250 train_time:547.609s step_avg:1206.19ms
step:455/3250 train_time:548.802s step_avg:1206.16ms
step:456/3250 train_time:549.983s step_avg:1206.10ms
step:457/3250 train_time:551.164s step_avg:1206.05ms
step:458/3250 train_time:552.346s step_avg:1205.99ms
step:459/3250 train_time:553.533s step_avg:1205.95ms
step:460/3250 train_time:554.722s step_avg:1205.92ms
step:461/3250 train_time:555.906s step_avg:1205.87ms
step:462/3250 train_time:557.091s step_avg:1205.83ms
step:463/3250 train_time:558.281s step_avg:1205.79ms
step:464/3250 train_time:559.464s step_avg:1205.74ms
step:465/3250 train_time:560.646s step_avg:1205.69ms
step:466/3250 train_time:561.827s step_avg:1205.64ms
step:467/3250 train_time:563.017s step_avg:1205.60ms
step:468/3250 train_time:564.203s step_avg:1205.56ms
step:469/3250 train_time:565.384s step_avg:1205.51ms
step:470/3250 train_time:566.567s step_avg:1205.46ms
step:471/3250 train_time:567.759s step_avg:1205.43ms
step:472/3250 train_time:568.942s step_avg:1205.39ms
step:473/3250 train_time:570.155s step_avg:1205.40ms
step:474/3250 train_time:571.358s step_avg:1205.40ms
step:475/3250 train_time:572.572s step_avg:1205.42ms
step:476/3250 train_time:573.785s step_avg:1205.43ms
step:477/3250 train_time:575.008s step_avg:1205.47ms
step:478/3250 train_time:576.214s step_avg:1205.47ms
step:479/3250 train_time:577.444s step_avg:1205.52ms
step:480/3250 train_time:578.627s step_avg:1205.47ms
step:481/3250 train_time:579.813s step_avg:1205.43ms
step:482/3250 train_time:581.004s step_avg:1205.40ms
step:483/3250 train_time:582.185s step_avg:1205.35ms
step:484/3250 train_time:583.369s step_avg:1205.31ms
step:485/3250 train_time:584.554s step_avg:1205.27ms
step:486/3250 train_time:585.751s step_avg:1205.25ms
step:487/3250 train_time:586.949s step_avg:1205.23ms
step:488/3250 train_time:588.138s step_avg:1205.20ms
step:489/3250 train_time:589.321s step_avg:1205.15ms
step:490/3250 train_time:590.503s step_avg:1205.11ms
step:491/3250 train_time:591.683s step_avg:1205.06ms
step:492/3250 train_time:592.864s step_avg:1205.01ms
step:493/3250 train_time:594.039s step_avg:1204.95ms
step:494/3250 train_time:595.222s step_avg:1204.90ms
step:495/3250 train_time:596.404s step_avg:1204.86ms
step:496/3250 train_time:597.585s step_avg:1204.81ms
step:497/3250 train_time:598.767s step_avg:1204.76ms
step:498/3250 train_time:599.951s step_avg:1204.72ms
step:499/3250 train_time:601.137s step_avg:1204.68ms
step:500/3250 train_time:602.320s step_avg:1204.64ms
step:500/3250 val_loss:3.82582 train_time:602.321s step_avg:1190.15ms
step:501/3250 train_time:603.512s step_avg:1204.61ms
step:502/3250 train_time:604.720s step_avg:1204.62ms
step:503/3250 train_time:605.926s step_avg:1204.62ms
step:504/3250 train_time:607.144s step_avg:1204.65ms
step:505/3250 train_time:608.363s step_avg:1204.68ms
step:506/3250 train_time:609.592s step_avg:1204.73ms
step:507/3250 train_time:610.778s step_avg:1204.69ms
step:508/3250 train_time:611.958s step_avg:1204.64ms
step:509/3250 train_time:613.141s step_avg:1204.60ms
step:510/3250 train_time:614.322s step_avg:1204.55ms
step:511/3250 train_time:615.507s step_avg:1204.51ms
step:512/3250 train_time:616.692s step_avg:1204.48ms
step:513/3250 train_time:617.875s step_avg:1204.44ms
step:514/3250 train_time:619.059s step_avg:1204.40ms
step:515/3250 train_time:620.240s step_avg:1204.35ms
step:516/3250 train_time:621.414s step_avg:1204.29ms
step:517/3250 train_time:622.594s step_avg:1204.24ms
step:518/3250 train_time:623.778s step_avg:1204.20ms
step:519/3250 train_time:624.958s step_avg:1204.16ms
step:520/3250 train_time:626.137s step_avg:1204.11ms
step:521/3250 train_time:627.317s step_avg:1204.06ms
step:522/3250 train_time:628.497s step_avg:1204.02ms
step:523/3250 train_time:629.679s step_avg:1203.98ms
step:524/3250 train_time:630.855s step_avg:1203.92ms
step:525/3250 train_time:632.037s step_avg:1203.88ms
step:526/3250 train_time:633.217s step_avg:1203.83ms
step:527/3250 train_time:634.400s step_avg:1203.79ms
step:528/3250 train_time:635.581s step_avg:1203.75ms
step:529/3250 train_time:636.759s step_avg:1203.70ms
step:530/3250 train_time:637.939s step_avg:1203.66ms
step:531/3250 train_time:639.118s step_avg:1203.61ms
step:532/3250 train_time:640.297s step_avg:1203.56ms
step:533/3250 train_time:641.477s step_avg:1203.52ms
step:534/3250 train_time:642.657s step_avg:1203.48ms
step:535/3250 train_time:643.841s step_avg:1203.44ms
step:536/3250 train_time:645.035s step_avg:1203.42ms
step:537/3250 train_time:646.245s step_avg:1203.44ms
step:538/3250 train_time:647.459s step_avg:1203.46ms
step:539/3250 train_time:648.674s step_avg:1203.48ms
step:540/3250 train_time:649.891s step_avg:1203.50ms
step:541/3250 train_time:651.122s step_avg:1203.55ms
step:542/3250 train_time:652.301s step_avg:1203.51ms
step:543/3250 train_time:653.482s step_avg:1203.47ms
step:544/3250 train_time:654.675s step_avg:1203.45ms
step:545/3250 train_time:655.863s step_avg:1203.42ms
step:546/3250 train_time:657.048s step_avg:1203.39ms
step:547/3250 train_time:658.235s step_avg:1203.35ms
step:548/3250 train_time:659.421s step_avg:1203.32ms
step:549/3250 train_time:660.606s step_avg:1203.29ms
step:550/3250 train_time:661.794s step_avg:1203.26ms
step:551/3250 train_time:662.976s step_avg:1203.22ms
step:552/3250 train_time:664.160s step_avg:1203.19ms
step:553/3250 train_time:665.344s step_avg:1203.15ms
step:554/3250 train_time:666.533s step_avg:1203.13ms
step:555/3250 train_time:667.719s step_avg:1203.10ms
step:556/3250 train_time:668.897s step_avg:1203.05ms
step:557/3250 train_time:670.077s step_avg:1203.01ms
step:558/3250 train_time:671.261s step_avg:1202.98ms
step:559/3250 train_time:672.444s step_avg:1202.94ms
step:560/3250 train_time:673.636s step_avg:1202.92ms
step:561/3250 train_time:674.818s step_avg:1202.88ms
step:562/3250 train_time:675.998s step_avg:1202.84ms
step:563/3250 train_time:677.183s step_avg:1202.81ms
step:564/3250 train_time:678.372s step_avg:1202.79ms
step:565/3250 train_time:679.560s step_avg:1202.76ms
step:566/3250 train_time:680.739s step_avg:1202.72ms
step:567/3250 train_time:681.922s step_avg:1202.68ms
step:568/3250 train_time:683.109s step_avg:1202.66ms
step:569/3250 train_time:684.322s step_avg:1202.68ms
step:570/3250 train_time:685.533s step_avg:1202.69ms
step:571/3250 train_time:686.799s step_avg:1202.80ms
step:572/3250 train_time:687.998s step_avg:1202.79ms
step:573/3250 train_time:689.213s step_avg:1202.81ms
step:574/3250 train_time:690.425s step_avg:1202.83ms
step:575/3250 train_time:691.613s step_avg:1202.81ms
step:576/3250 train_time:692.798s step_avg:1202.77ms
step:577/3250 train_time:693.977s step_avg:1202.73ms
step:578/3250 train_time:695.155s step_avg:1202.69ms
step:579/3250 train_time:696.341s step_avg:1202.66ms
step:580/3250 train_time:697.525s step_avg:1202.63ms
step:581/3250 train_time:698.706s step_avg:1202.59ms
step:582/3250 train_time:699.889s step_avg:1202.56ms
step:583/3250 train_time:701.075s step_avg:1202.53ms
step:584/3250 train_time:702.258s step_avg:1202.50ms
step:585/3250 train_time:703.436s step_avg:1202.46ms
step:586/3250 train_time:704.619s step_avg:1202.42ms
step:587/3250 train_time:705.799s step_avg:1202.38ms
step:588/3250 train_time:706.983s step_avg:1202.35ms
step:589/3250 train_time:708.173s step_avg:1202.33ms
step:590/3250 train_time:709.357s step_avg:1202.30ms
step:591/3250 train_time:710.537s step_avg:1202.26ms
step:592/3250 train_time:711.718s step_avg:1202.23ms
step:593/3250 train_time:712.895s step_avg:1202.18ms
step:594/3250 train_time:714.078s step_avg:1202.15ms
step:595/3250 train_time:715.261s step_avg:1202.12ms
step:596/3250 train_time:716.442s step_avg:1202.08ms
step:597/3250 train_time:717.626s step_avg:1202.05ms
step:598/3250 train_time:718.814s step_avg:1202.03ms
step:599/3250 train_time:719.997s step_avg:1202.00ms
step:600/3250 train_time:721.178s step_avg:1201.96ms
step:601/3250 train_time:722.357s step_avg:1201.93ms
step:602/3250 train_time:723.537s step_avg:1201.89ms
step:603/3250 train_time:724.723s step_avg:1201.86ms
step:604/3250 train_time:725.940s step_avg:1201.89ms
step:605/3250 train_time:727.145s step_avg:1201.89ms
step:606/3250 train_time:728.362s step_avg:1201.92ms
step:607/3250 train_time:729.576s step_avg:1201.94ms
step:608/3250 train_time:730.791s step_avg:1201.96ms
step:609/3250 train_time:731.979s step_avg:1201.94ms
step:610/3250 train_time:733.161s step_avg:1201.90ms
step:611/3250 train_time:734.344s step_avg:1201.87ms
step:612/3250 train_time:735.528s step_avg:1201.84ms
step:613/3250 train_time:736.712s step_avg:1201.81ms
step:614/3250 train_time:737.897s step_avg:1201.79ms
step:615/3250 train_time:739.083s step_avg:1201.76ms
step:616/3250 train_time:740.272s step_avg:1201.74ms
step:617/3250 train_time:741.458s step_avg:1201.71ms
step:618/3250 train_time:742.634s step_avg:1201.67ms
step:619/3250 train_time:743.822s step_avg:1201.65ms
step:620/3250 train_time:745.010s step_avg:1201.63ms
step:621/3250 train_time:746.196s step_avg:1201.60ms
step:622/3250 train_time:747.379s step_avg:1201.57ms
step:623/3250 train_time:748.562s step_avg:1201.54ms
step:624/3250 train_time:749.748s step_avg:1201.52ms
step:625/3250 train_time:750.931s step_avg:1201.49ms
step:625/3250 val_loss:3.76596 train_time:750.931s step_avg:1188.88ms
step:626/3250 train_time:752.113s step_avg:1201.46ms
step:627/3250 train_time:753.302s step_avg:1201.44ms
step:628/3250 train_time:754.488s step_avg:1201.41ms
step:629/3250 train_time:755.682s step_avg:1201.40ms
step:630/3250 train_time:756.875s step_avg:1201.39ms
step:631/3250 train_time:758.090s step_avg:1201.41ms
step:632/3250 train_time:759.297s step_avg:1201.42ms
step:633/3250 train_time:760.512s step_avg:1201.44ms
step:634/3250 train_time:761.720s step_avg:1201.45ms
step:635/3250 train_time:762.945s step_avg:1201.49ms
step:636/3250 train_time:764.131s step_avg:1201.46ms
step:637/3250 train_time:765.319s step_avg:1201.44ms
step:638/3250 train_time:766.503s step_avg:1201.42ms
step:639/3250 train_time:767.679s step_avg:1201.38ms
step:640/3250 train_time:768.862s step_avg:1201.35ms
step:641/3250 train_time:770.044s step_avg:1201.32ms
step:642/3250 train_time:771.225s step_avg:1201.29ms
step:643/3250 train_time:772.406s step_avg:1201.25ms
step:644/3250 train_time:773.589s step_avg:1201.22ms
step:645/3250 train_time:774.777s step_avg:1201.20ms
step:646/3250 train_time:775.962s step_avg:1201.18ms
step:647/3250 train_time:777.143s step_avg:1201.15ms
step:648/3250 train_time:778.325s step_avg:1201.12ms
step:649/3250 train_time:779.507s step_avg:1201.09ms
step:650/3250 train_time:780.691s step_avg:1201.06ms
step:651/3250 train_time:781.880s step_avg:1201.04ms
step:652/3250 train_time:783.064s step_avg:1201.02ms
step:653/3250 train_time:784.243s step_avg:1200.99ms
step:654/3250 train_time:785.418s step_avg:1200.94ms
step:655/3250 train_time:786.602s step_avg:1200.92ms
step:656/3250 train_time:787.782s step_avg:1200.89ms
step:657/3250 train_time:788.960s step_avg:1200.85ms
step:658/3250 train_time:790.142s step_avg:1200.82ms
step:659/3250 train_time:791.323s step_avg:1200.79ms
step:660/3250 train_time:792.506s step_avg:1200.77ms
step:661/3250 train_time:793.687s step_avg:1200.74ms
step:662/3250 train_time:794.874s step_avg:1200.72ms
step:663/3250 train_time:796.061s step_avg:1200.69ms
step:664/3250 train_time:797.251s step_avg:1200.68ms
step:665/3250 train_time:798.459s step_avg:1200.69ms
step:666/3250 train_time:799.667s step_avg:1200.70ms
step:667/3250 train_time:800.868s step_avg:1200.70ms
step:668/3250 train_time:802.087s step_avg:1200.73ms
step:669/3250 train_time:803.298s step_avg:1200.75ms
step:670/3250 train_time:804.483s step_avg:1200.72ms
step:671/3250 train_time:805.663s step_avg:1200.69ms
step:672/3250 train_time:806.842s step_avg:1200.66ms
step:673/3250 train_time:808.025s step_avg:1200.63ms
step:674/3250 train_time:809.206s step_avg:1200.60ms
step:675/3250 train_time:810.389s step_avg:1200.58ms
step:676/3250 train_time:811.577s step_avg:1200.56ms
step:677/3250 train_time:812.764s step_avg:1200.54ms
step:678/3250 train_time:813.944s step_avg:1200.51ms
step:679/3250 train_time:815.124s step_avg:1200.48ms
step:680/3250 train_time:816.305s step_avg:1200.45ms
step:681/3250 train_time:817.482s step_avg:1200.41ms
step:682/3250 train_time:818.664s step_avg:1200.39ms
step:683/3250 train_time:819.843s step_avg:1200.36ms
step:684/3250 train_time:821.023s step_avg:1200.33ms
step:685/3250 train_time:822.204s step_avg:1200.30ms
step:686/3250 train_time:823.384s step_avg:1200.27ms
step:687/3250 train_time:824.563s step_avg:1200.24ms
step:688/3250 train_time:825.743s step_avg:1200.21ms
step:689/3250 train_time:826.922s step_avg:1200.18ms
step:690/3250 train_time:828.105s step_avg:1200.15ms
step:691/3250 train_time:829.280s step_avg:1200.12ms
step:692/3250 train_time:830.463s step_avg:1200.09ms
step:693/3250 train_time:831.642s step_avg:1200.06ms
step:694/3250 train_time:832.824s step_avg:1200.03ms
step:695/3250 train_time:834.002s step_avg:1200.00ms
step:696/3250 train_time:835.181s step_avg:1199.97ms
step:697/3250 train_time:836.362s step_avg:1199.95ms
step:698/3250 train_time:837.542s step_avg:1199.92ms
step:699/3250 train_time:838.743s step_avg:1199.92ms
step:700/3250 train_time:839.950s step_avg:1199.93ms
step:701/3250 train_time:841.155s step_avg:1199.94ms
step:702/3250 train_time:842.375s step_avg:1199.96ms
step:703/3250 train_time:843.602s step_avg:1200.00ms
step:704/3250 train_time:844.785s step_avg:1199.98ms
step:705/3250 train_time:845.960s step_avg:1199.94ms
step:706/3250 train_time:847.140s step_avg:1199.92ms
step:707/3250 train_time:848.324s step_avg:1199.89ms
step:708/3250 train_time:849.504s step_avg:1199.86ms
step:709/3250 train_time:850.680s step_avg:1199.83ms
step:710/3250 train_time:851.860s step_avg:1199.80ms
step:711/3250 train_time:853.039s step_avg:1199.77ms
step:712/3250 train_time:854.222s step_avg:1199.75ms
step:713/3250 train_time:855.404s step_avg:1199.73ms
step:714/3250 train_time:856.580s step_avg:1199.69ms
step:715/3250 train_time:857.760s step_avg:1199.66ms
step:716/3250 train_time:858.942s step_avg:1199.64ms
step:717/3250 train_time:860.125s step_avg:1199.62ms
step:718/3250 train_time:861.300s step_avg:1199.58ms
step:719/3250 train_time:862.486s step_avg:1199.56ms
step:720/3250 train_time:863.668s step_avg:1199.54ms
step:721/3250 train_time:864.854s step_avg:1199.52ms
step:722/3250 train_time:866.040s step_avg:1199.50ms
step:723/3250 train_time:867.222s step_avg:1199.48ms
step:724/3250 train_time:868.403s step_avg:1199.45ms
step:725/3250 train_time:869.583s step_avg:1199.43ms
step:726/3250 train_time:870.764s step_avg:1199.40ms
step:727/3250 train_time:871.941s step_avg:1199.37ms
step:728/3250 train_time:873.121s step_avg:1199.34ms
step:729/3250 train_time:874.303s step_avg:1199.32ms
