=== req023_f2000_a1 ===
W0831 00:53:17.970000 13267 torch/distributed/run.py:852] 
W0831 00:53:17.970000 13267 torch/distributed/run.py:852] *****************************************
W0831 00:53:17.970000 13267 torch/distributed/run.py:852] Setting OMP_NUM_THREADS environment variable for each process to be 1 in default, to avoid your system being overloaded, please further tune the variable for optimal performance in your application as needed. 
W0831 00:53:17.970000 13267 torch/distributed/run.py:852] *****************************************
logs/7a45feba-c070-4bbd-befa-ed423f267d49.txt
resumed training state from step 2000 in eos_shared_state, skipped 2000 batches
step:0/3250 val_loss:3.44309 train_time:0.001s step_avg:nanms
learning_rates step:2000 [{'pattern': '^embed\\.weight$', 'lr': [0.7]}, {'pattern': '^proj\\.weight$', 'lr': [0.004]}, {'pattern': '^blocks\\..*\\.weight$', 'lr': [0.025], 'per_matrix': [{'sorted_index': 0, 'name': 'blocks.0.mlp.fc.weight', 'multiplier': 1.7, 'effective_lr': 0.0425}, {'sorted_index': 1, 'name': 'blocks.1.mlp.fc.weight', 'multiplier': 1.0, 'effective_lr': 0.025}, {'sorted_index': 2, 'name': 'blocks.2.mlp.fc.weight', 'multiplier': 1.0, 'effective_lr': 0.025}, {'sorted_index': 3, 'name': 'blocks.3.mlp.fc.weight', 'multiplier': 1.0, 'effective_lr': 0.025}, {'sorted_index': 4, 'name': 'blocks.4.mlp.fc.weight', 'multiplier': 1.7, 'effective_lr': 0.0425}, {'sorted_index': 5, 'name': 'blocks.5.mlp.fc.weight', 'multiplier': 0.6, 'effective_lr': 0.015}, {'sorted_index': 6, 'name': 'blocks.6.mlp.fc.weight', 'multiplier': 1.7, 'effective_lr': 0.0425}, {'sorted_index': 7, 'name': 'blocks.7.mlp.fc.weight', 'multiplier': 1.7, 'effective_lr': 0.0425}, {'sorted_index': 8, 'name': 'blocks.8.mlp.fc.weight', 'multiplier': 0.6, 'effective_lr': 0.015}, {'sorted_index': 9, 'name': 'blocks.9.mlp.fc.weight', 'multiplier': 0.6, 'effective_lr': 0.015}, {'sorted_index': 10, 'name': 'blocks.10.mlp.fc.weight', 'multiplier': 1.0, 'effective_lr': 0.025}, {'sorted_index': 11, 'name': 'blocks.11.mlp.fc.weight', 'multiplier': 0.6, 'effective_lr': 0.015}, {'sorted_index': 12, 'name': 'blocks.0.mlp.proj.weight', 'multiplier': 0.6, 'effective_lr': 0.015}, {'sorted_index': 13, 'name': 'blocks.1.mlp.proj.weight', 'multiplier': 0.6, 'effective_lr': 0.015}, {'sorted_index': 14, 'name': 'blocks.2.mlp.proj.weight', 'multiplier': 1.7, 'effective_lr': 0.0425}, {'sorted_index': 15, 'name': 'blocks.3.mlp.proj.weight', 'multiplier': 1.7, 'effective_lr': 0.0425}, {'sorted_index': 16, 'name': 'blocks.4.mlp.proj.weight', 'multiplier': 0.6, 'effective_lr': 0.015}, {'sorted_index': 17, 'name': 'blocks.5.mlp.proj.weight', 'multiplier': 1.0, 'effective_lr': 0.025}, {'sorted_index': 18, 'name': 'blocks.6.mlp.proj.weight', 'multiplier': 1.0, 'effective_lr': 0.025}, {'sorted_index': 19, 'name': 'blocks.7.mlp.proj.weight', 'multiplier': 0.6, 'effective_lr': 0.015}, {'sorted_index': 20, 'name': 'blocks.8.mlp.proj.weight', 'multiplier': 1.7, 'effective_lr': 0.0425}, {'sorted_index': 21, 'name': 'blocks.9.mlp.proj.weight', 'multiplier': 1.0, 'effective_lr': 0.025}, {'sorted_index': 22, 'name': 'blocks.10.mlp.proj.weight', 'multiplier': 1.0, 'effective_lr': 0.025}, {'sorted_index': 23, 'name': 'blocks.11.mlp.proj.weight', 'multiplier': 1.7, 'effective_lr': 0.0425}, {'sorted_index': 24, 'name': 'blocks.0.attn.q.weight', 'multiplier': 1.7, 'effective_lr': 0.0425}, {'sorted_index': 25, 'name': 'blocks.0.attn.k.weight', 'multiplier': 1.7, 'effective_lr': 0.0425}, {'sorted_index': 26, 'name': 'blocks.0.attn.v.weight', 'multiplier': 1.7, 'effective_lr': 0.0425}, {'sorted_index': 27, 'name': 'blocks.0.attn.proj.weight', 'multiplier': 1.0, 'effective_lr': 0.025}, {'sorted_index': 28, 'name': 'blocks.1.attn.q.weight', 'multiplier': 0.6, 'effective_lr': 0.015}, {'sorted_index': 29, 'name': 'blocks.1.attn.k.weight', 'multiplier': 0.6, 'effective_lr': 0.015}, {'sorted_index': 30, 'name': 'blocks.1.attn.v.weight', 'multiplier': 1.7, 'effective_lr': 0.0425}, {'sorted_index': 31, 'name': 'blocks.1.attn.proj.weight', 'multiplier': 0.6, 'effective_lr': 0.015}, {'sorted_index': 32, 'name': 'blocks.2.attn.q.weight', 'multiplier': 1.7, 'effective_lr': 0.0425}, {'sorted_index': 33, 'name': 'blocks.2.attn.k.weight', 'multiplier': 1.0, 'effective_lr': 0.025}, {'sorted_index': 34, 'name': 'blocks.2.attn.v.weight', 'multiplier': 0.6, 'effective_lr': 0.015}, {'sorted_index': 35, 'name': 'blocks.2.attn.proj.weight', 'multiplier': 0.6, 'effective_lr': 0.015}, {'sorted_index': 36, 'name': 'blocks.3.attn.q.weight', 'multiplier': 1.0, 'effective_lr': 0.025}, {'sorted_index': 37, 'name': 'blocks.3.attn.k.weight', 'multiplier': 1.0, 'effective_lr': 0.025}, {'sorted_index': 38, 'name': 'blocks.3.attn.v.weight', 'multiplier': 1.0, 'effective_lr': 0.025}, {'sorted_index': 39, 'name': 'blocks.3.attn.proj.weight', 'multiplier': 1.7, 'effective_lr': 0.0425}, {'sorted_index': 40, 'name': 'blocks.4.attn.q.weight', 'multiplier': 1.0, 'effective_lr': 0.025}, {'sorted_index': 41, 'name': 'blocks.4.attn.k.weight', 'multiplier': 1.7, 'effective_lr': 0.0425}, {'sorted_index': 42, 'name': 'blocks.4.attn.v.weight', 'multiplier': 1.0, 'effective_lr': 0.025}, {'sorted_index': 43, 'name': 'blocks.4.attn.proj.weight', 'multiplier': 0.6, 'effective_lr': 0.015}, {'sorted_index': 44, 'name': 'blocks.5.attn.q.weight', 'multiplier': 0.6, 'effective_lr': 0.015}, {'sorted_index': 45, 'name': 'blocks.5.attn.k.weight', 'multiplier': 1.0, 'effective_lr': 0.025}, {'sorted_index': 46, 'name': 'blocks.5.attn.v.weight', 'multiplier': 0.6, 'effective_lr': 0.015}, {'sorted_index': 47, 'name': 'blocks.5.attn.proj.weight', 'multiplier': 1.0, 'effective_lr': 0.025}, {'sorted_index': 48, 'name': 'blocks.6.attn.q.weight', 'multiplier': 1.7, 'effective_lr': 0.0425}, {'sorted_index': 49, 'name': 'blocks.6.attn.k.weight', 'multiplier': 0.6, 'effective_lr': 0.015}, {'sorted_index': 50, 'name': 'blocks.6.attn.v.weight', 'multiplier': 1.0, 'effective_lr': 0.025}, {'sorted_index': 51, 'name': 'blocks.6.attn.proj.weight', 'multiplier': 1.0, 'effective_lr': 0.025}, {'sorted_index': 52, 'name': 'blocks.7.attn.q.weight', 'multiplier': 1.7, 'effective_lr': 0.0425}, {'sorted_index': 53, 'name': 'blocks.7.attn.k.weight', 'multiplier': 1.0, 'effective_lr': 0.025}, {'sorted_index': 54, 'name': 'blocks.7.attn.v.weight', 'multiplier': 1.7, 'effective_lr': 0.0425}, {'sorted_index': 55, 'name': 'blocks.7.attn.proj.weight', 'multiplier': 0.6, 'effective_lr': 0.015}, {'sorted_index': 56, 'name': 'blocks.8.attn.q.weight', 'multiplier': 1.0, 'effective_lr': 0.025}, {'sorted_index': 57, 'name': 'blocks.8.attn.k.weight', 'multiplier': 0.6, 'effective_lr': 0.015}, {'sorted_index': 58, 'name': 'blocks.8.attn.v.weight', 'multiplier': 0.6, 'effective_lr': 0.015}, {'sorted_index': 59, 'name': 'blocks.8.attn.proj.weight', 'multiplier': 1.7, 'effective_lr': 0.0425}, {'sorted_index': 60, 'name': 'blocks.9.attn.q.weight', 'multiplier': 0.6, 'effective_lr': 0.015}, {'sorted_index': 61, 'name': 'blocks.9.attn.k.weight', 'multiplier': 1.7, 'effective_lr': 0.0425}, {'sorted_index': 62, 'name': 'blocks.9.attn.v.weight', 'multiplier': 1.0, 'effective_lr': 0.025}, {'sorted_index': 63, 'name': 'blocks.9.attn.proj.weight', 'multiplier': 1.7, 'effective_lr': 0.0425}, {'sorted_index': 64, 'name': 'blocks.10.attn.q.weight', 'multiplier': 0.6, 'effective_lr': 0.015}, {'sorted_index': 65, 'name': 'blocks.10.attn.k.weight', 'multiplier': 1.7, 'effective_lr': 0.0425}, {'sorted_index': 66, 'name': 'blocks.10.attn.v.weight', 'multiplier': 0.6, 'effective_lr': 0.015}, {'sorted_index': 67, 'name': 'blocks.10.attn.proj.weight', 'multiplier': 1.0, 'effective_lr': 0.025}, {'sorted_index': 68, 'name': 'blocks.11.attn.q.weight', 'multiplier': 1.0, 'effective_lr': 0.025}, {'sorted_index': 69, 'name': 'blocks.11.attn.k.weight', 'multiplier': 0.6, 'effective_lr': 0.015}, {'sorted_index': 70, 'name': 'blocks.11.attn.v.weight', 'multiplier': 1.7, 'effective_lr': 0.0425}, {'sorted_index': 71, 'name': 'blocks.11.attn.proj.weight', 'multiplier': 1.7, 'effective_lr': 0.0425}]}, {'pattern': '.*', 'lr': [0.015]}]
step:2001/3250 train_time:4.536s step_avg:2.27ms
learning_rates step:2001 [{'pattern': '^embed\\.weight$', 'lr': [0.7]}, {'pattern': '^proj\\.weight$', 'lr': [0.004]}, {'pattern': '^blocks\\..*\\.weight$', 'lr': [0.025], 'per_matrix': [{'sorted_index': 0, 'name': 'blocks.0.mlp.fc.weight', 'multiplier': 1.7, 'effective_lr': 0.0425}, {'sorted_index': 1, 'name': 'blocks.1.mlp.fc.weight', 'multiplier': 1.0, 'effective_lr': 0.025}, {'sorted_index': 2, 'name': 'blocks.2.mlp.fc.weight', 'multiplier': 1.0, 'effective_lr': 0.025}, {'sorted_index': 3, 'name': 'blocks.3.mlp.fc.weight', 'multiplier': 1.0, 'effective_lr': 0.025}, {'sorted_index': 4, 'name': 'blocks.4.mlp.fc.weight', 'multiplier': 1.7, 'effective_lr': 0.0425}, {'sorted_index': 5, 'name': 'blocks.5.mlp.fc.weight', 'multiplier': 0.6, 'effective_lr': 0.015}, {'sorted_index': 6, 'name': 'blocks.6.mlp.fc.weight', 'multiplier': 1.7, 'effective_lr': 0.0425}, {'sorted_index': 7, 'name': 'blocks.7.mlp.fc.weight', 'multiplier': 1.7, 'effective_lr': 0.0425}, {'sorted_index': 8, 'name': 'blocks.8.mlp.fc.weight', 'multiplier': 0.6, 'effective_lr': 0.015}, {'sorted_index': 9, 'name': 'blocks.9.mlp.fc.weight', 'multiplier': 0.6, 'effective_lr': 0.015}, {'sorted_index': 10, 'name': 'blocks.10.mlp.fc.weight', 'multiplier': 1.0, 'effective_lr': 0.025}, {'sorted_index': 11, 'name': 'blocks.11.mlp.fc.weight', 'multiplier': 0.6, 'effective_lr': 0.015}, {'sorted_index': 12, 'name': 'blocks.0.mlp.proj.weight', 'multiplier': 0.6, 'effective_lr': 0.015}, {'sorted_index': 13, 'name': 'blocks.1.mlp.proj.weight', 'multiplier': 0.6, 'effective_lr': 0.015}, {'sorted_index': 14, 'name': 'blocks.2.mlp.proj.weight', 'multiplier': 1.7, 'effective_lr': 0.0425}, {'sorted_index': 15, 'name': 'blocks.3.mlp.proj.weight', 'multiplier': 1.7, 'effective_lr': 0.0425}, {'sorted_index': 16, 'name': 'blocks.4.mlp.proj.weight', 'multiplier': 0.6, 'effective_lr': 0.015}, {'sorted_index': 17, 'name': 'blocks.5.mlp.proj.weight', 'multiplier': 1.0, 'effective_lr': 0.025}, {'sorted_index': 18, 'name': 'blocks.6.mlp.proj.weight', 'multiplier': 1.0, 'effective_lr': 0.025}, {'sorted_index': 19, 'name': 'blocks.7.mlp.proj.weight', 'multiplier': 0.6, 'effective_lr': 0.015}, {'sorted_index': 20, 'name': 'blocks.8.mlp.proj.weight', 'multiplier': 1.7, 'effective_lr': 0.0425}, {'sorted_index': 21, 'name': 'blocks.9.mlp.proj.weight', 'multiplier': 1.0, 'effective_lr': 0.025}, {'sorted_index': 22, 'name': 'blocks.10.mlp.proj.weight', 'multiplier': 1.0, 'effective_lr': 0.025}, {'sorted_index': 23, 'name': 'blocks.11.mlp.proj.weight', 'multiplier': 1.7, 'effective_lr': 0.0425}, {'sorted_index': 24, 'name': 'blocks.0.attn.q.weight', 'multiplier': 1.7, 'effective_lr': 0.0425}, {'sorted_index': 25, 'name': 'blocks.0.attn.k.weight', 'multiplier': 1.7, 'effective_lr': 0.0425}, {'sorted_index': 26, 'name': 'blocks.0.attn.v.weight', 'multiplier': 1.7, 'effective_lr': 0.0425}, {'sorted_index': 27, 'name': 'blocks.0.attn.proj.weight', 'multiplier': 1.0, 'effective_lr': 0.025}, {'sorted_index': 28, 'name': 'blocks.1.attn.q.weight', 'multiplier': 0.6, 'effective_lr': 0.015}, {'sorted_index': 29, 'name': 'blocks.1.attn.k.weight', 'multiplier': 0.6, 'effective_lr': 0.015}, {'sorted_index': 30, 'name': 'blocks.1.attn.v.weight', 'multiplier': 1.7, 'effective_lr': 0.0425}, {'sorted_index': 31, 'name': 'blocks.1.attn.proj.weight', 'multiplier': 0.6, 'effective_lr': 0.015}, {'sorted_index': 32, 'name': 'blocks.2.attn.q.weight', 'multiplier': 1.7, 'effective_lr': 0.0425}, {'sorted_index': 33, 'name': 'blocks.2.attn.k.weight', 'multiplier': 1.0, 'effective_lr': 0.025}, {'sorted_index': 34, 'name': 'blocks.2.attn.v.weight', 'multiplier': 0.6, 'effective_lr': 0.015}, {'sorted_index': 35, 'name': 'blocks.2.attn.proj.weight', 'multiplier': 0.6, 'effective_lr': 0.015}, {'sorted_index': 36, 'name': 'blocks.3.attn.q.weight', 'multiplier': 1.0, 'effective_lr': 0.025}, {'sorted_index': 37, 'name': 'blocks.3.attn.k.weight', 'multiplier': 1.0, 'effective_lr': 0.025}, {'sorted_index': 38, 'name': 'blocks.3.attn.v.weight', 'multiplier': 1.0, 'effective_lr': 0.025}, {'sorted_index': 39, 'name': 'blocks.3.attn.proj.weight', 'multiplier': 1.7, 'effective_lr': 0.0425}, {'sorted_index': 40, 'name': 'blocks.4.attn.q.weight', 'multiplier': 1.0, 'effective_lr': 0.025}, {'sorted_index': 41, 'name': 'blocks.4.attn.k.weight', 'multiplier': 1.7, 'effective_lr': 0.0425}, {'sorted_index': 42, 'name': 'blocks.4.attn.v.weight', 'multiplier': 1.0, 'effective_lr': 0.025}, {'sorted_index': 43, 'name': 'blocks.4.attn.proj.weight', 'multiplier': 0.6, 'effective_lr': 0.015}, {'sorted_index': 44, 'name': 'blocks.5.attn.q.weight', 'multiplier': 0.6, 'effective_lr': 0.015}, {'sorted_index': 45, 'name': 'blocks.5.attn.k.weight', 'multiplier': 1.0, 'effective_lr': 0.025}, {'sorted_index': 46, 'name': 'blocks.5.attn.v.weight', 'multiplier': 0.6, 'effective_lr': 0.015}, {'sorted_index': 47, 'name': 'blocks.5.attn.proj.weight', 'multiplier': 1.0, 'effective_lr': 0.025}, {'sorted_index': 48, 'name': 'blocks.6.attn.q.weight', 'multiplier': 1.7, 'effective_lr': 0.0425}, {'sorted_index': 49, 'name': 'blocks.6.attn.k.weight', 'multiplier': 0.6, 'effective_lr': 0.015}, {'sorted_index': 50, 'name': 'blocks.6.attn.v.weight', 'multiplier': 1.0, 'effective_lr': 0.025}, {'sorted_index': 51, 'name': 'blocks.6.attn.proj.weight', 'multiplier': 1.0, 'effective_lr': 0.025}, {'sorted_index': 52, 'name': 'blocks.7.attn.q.weight', 'multiplier': 1.7, 'effective_lr': 0.0425}, {'sorted_index': 53, 'name': 'blocks.7.attn.k.weight', 'multiplier': 1.0, 'effective_lr': 0.025}, {'sorted_index': 54, 'name': 'blocks.7.attn.v.weight', 'multiplier': 1.7, 'effective_lr': 0.0425}, {'sorted_index': 55, 'name': 'blocks.7.attn.proj.weight', 'multiplier': 0.6, 'effective_lr': 0.015}, {'sorted_index': 56, 'name': 'blocks.8.attn.q.weight', 'multiplier': 1.0, 'effective_lr': 0.025}, {'sorted_index': 57, 'name': 'blocks.8.attn.k.weight', 'multiplier': 0.6, 'effective_lr': 0.015}, {'sorted_index': 58, 'name': 'blocks.8.attn.v.weight', 'multiplier': 0.6, 'effective_lr': 0.015}, {'sorted_index': 59, 'name': 'blocks.8.attn.proj.weight', 'multiplier': 1.7, 'effective_lr': 0.0425}, {'sorted_index': 60, 'name': 'blocks.9.attn.q.weight', 'multiplier': 0.6, 'effective_lr': 0.015}, {'sorted_index': 61, 'name': 'blocks.9.attn.k.weight', 'multiplier': 1.7, 'effective_lr': 0.0425}, {'sorted_index': 62, 'name': 'blocks.9.attn.v.weight', 'multiplier': 1.0, 'effective_lr': 0.025}, {'sorted_index': 63, 'name': 'blocks.9.attn.proj.weight', 'multiplier': 1.7, 'effective_lr': 0.0425}, {'sorted_index': 64, 'name': 'blocks.10.attn.q.weight', 'multiplier': 0.6, 'effective_lr': 0.015}, {'sorted_index': 65, 'name': 'blocks.10.attn.k.weight', 'multiplier': 1.7, 'effective_lr': 0.0425}, {'sorted_index': 66, 'name': 'blocks.10.attn.v.weight', 'multiplier': 0.6, 'effective_lr': 0.015}, {'sorted_index': 67, 'name': 'blocks.10.attn.proj.weight', 'multiplier': 1.0, 'effective_lr': 0.025}, {'sorted_index': 68, 'name': 'blocks.11.attn.q.weight', 'multiplier': 1.0, 'effective_lr': 0.025}, {'sorted_index': 69, 'name': 'blocks.11.attn.k.weight', 'multiplier': 0.6, 'effective_lr': 0.015}, {'sorted_index': 70, 'name': 'blocks.11.attn.v.weight', 'multiplier': 1.7, 'effective_lr': 0.0425}, {'sorted_index': 71, 'name': 'blocks.11.attn.proj.weight', 'multiplier': 1.7, 'effective_lr': 0.0425}]}, {'pattern': '.*', 'lr': [0.015]}]
step:2002/3250 train_time:4.676s step_avg:2.34ms
step:2003/3250 train_time:4.827s step_avg:2.41ms
step:2004/3250 train_time:4.980s step_avg:2.49ms
step:2005/3250 train_time:5.134s step_avg:2.56ms
step:2006/3250 train_time:5.288s step_avg:2.64ms
step:2007/3250 train_time:5.440s step_avg:2.71ms
step:2008/3250 train_time:5.595s step_avg:2.79ms
step:2009/3250 train_time:5.748s step_avg:2.86ms
step:2010/3250 train_time:5.902s step_avg:2.94ms
step:2011/3250 train_time:6.057s step_avg:3.01ms
step:2012/3250 train_time:6.210s step_avg:3.09ms
step:2013/3250 train_time:6.362s step_avg:3.16ms
step:2014/3250 train_time:6.516s step_avg:3.24ms
step:2015/3250 train_time:6.671s step_avg:3.31ms
step:2016/3250 train_time:6.824s step_avg:3.38ms
step:2017/3250 train_time:6.979s step_avg:3.46ms
step:2018/3250 train_time:7.132s step_avg:3.53ms
step:2019/3250 train_time:7.285s step_avg:3.61ms
step:2020/3250 train_time:7.438s step_avg:3.68ms
step:2021/3250 train_time:7.593s step_avg:3.76ms
step:2022/3250 train_time:7.746s step_avg:3.83ms
step:2023/3250 train_time:7.901s step_avg:3.91ms
step:2024/3250 train_time:8.052s step_avg:3.98ms
step:2025/3250 train_time:8.204s step_avg:4.05ms
step:2026/3250 train_time:8.358s step_avg:4.13ms
step:2027/3250 train_time:8.511s step_avg:4.20ms
step:2028/3250 train_time:8.665s step_avg:4.27ms
step:2029/3250 train_time:8.818s step_avg:4.35ms
step:2030/3250 train_time:8.973s step_avg:4.42ms
step:2031/3250 train_time:9.126s step_avg:4.49ms
step:2032/3250 train_time:9.280s step_avg:4.57ms
step:2033/3250 train_time:9.436s step_avg:4.64ms
step:2034/3250 train_time:9.588s step_avg:4.71ms
step:2035/3250 train_time:9.740s step_avg:4.79ms
step:2036/3250 train_time:9.895s step_avg:4.86ms
step:2037/3250 train_time:10.048s step_avg:4.93ms
step:2038/3250 train_time:10.201s step_avg:5.01ms
step:2039/3250 train_time:10.355s step_avg:5.08ms
step:2040/3250 train_time:10.507s step_avg:5.15ms
step:2041/3250 train_time:10.660s step_avg:5.22ms
step:2042/3250 train_time:10.813s step_avg:5.30ms
step:2043/3250 train_time:10.965s step_avg:5.37ms
step:2044/3250 train_time:11.118s step_avg:5.44ms
step:2045/3250 train_time:11.273s step_avg:5.51ms
step:2046/3250 train_time:11.424s step_avg:5.58ms
step:2047/3250 train_time:11.578s step_avg:5.66ms
step:2048/3250 train_time:11.733s step_avg:5.73ms
step:2049/3250 train_time:11.886s step_avg:5.80ms
step:2050/3250 train_time:12.037s step_avg:5.87ms
step:2051/3250 train_time:12.192s step_avg:5.94ms
step:2052/3250 train_time:12.344s step_avg:6.02ms
step:2053/3250 train_time:12.497s step_avg:6.09ms
step:2054/3250 train_time:12.652s step_avg:6.16ms
step:2055/3250 train_time:12.803s step_avg:6.23ms
step:2056/3250 train_time:12.957s step_avg:6.30ms
step:2057/3250 train_time:13.111s step_avg:6.37ms
step:2058/3250 train_time:13.263s step_avg:6.44ms
step:2059/3250 train_time:13.417s step_avg:6.52ms
step:2060/3250 train_time:13.569s step_avg:6.59ms
step:2061/3250 train_time:13.722s step_avg:6.66ms
step:2062/3250 train_time:13.877s step_avg:6.73ms
step:2063/3250 train_time:14.030s step_avg:6.80ms
step:2064/3250 train_time:14.183s step_avg:6.87ms
step:2065/3250 train_time:14.337s step_avg:6.94ms
step:2066/3250 train_time:14.488s step_avg:7.01ms
step:2067/3250 train_time:14.640s step_avg:7.08ms
step:2068/3250 train_time:14.795s step_avg:7.15ms
step:2069/3250 train_time:14.948s step_avg:7.22ms
step:2070/3250 train_time:15.100s step_avg:7.29ms
step:2071/3250 train_time:15.255s step_avg:7.37ms
step:2072/3250 train_time:15.408s step_avg:7.44ms
step:2073/3250 train_time:15.561s step_avg:7.51ms
step:2074/3250 train_time:15.715s step_avg:7.58ms
step:2075/3250 train_time:15.868s step_avg:7.65ms
step:2076/3250 train_time:16.021s step_avg:7.72ms
step:2077/3250 train_time:16.177s step_avg:7.79ms
step:2078/3250 train_time:16.329s step_avg:7.86ms
step:2079/3250 train_time:16.482s step_avg:7.93ms
step:2080/3250 train_time:16.636s step_avg:8.00ms
step:2081/3250 train_time:16.790s step_avg:8.07ms
step:2082/3250 train_time:16.942s step_avg:8.14ms
step:2083/3250 train_time:17.096s step_avg:8.21ms
step:2084/3250 train_time:17.251s step_avg:8.28ms
step:2085/3250 train_time:17.403s step_avg:8.35ms
step:2086/3250 train_time:17.557s step_avg:8.42ms
step:2087/3250 train_time:17.711s step_avg:8.49ms
step:2088/3250 train_time:17.864s step_avg:8.56ms
step:2089/3250 train_time:18.017s step_avg:8.62ms
step:2090/3250 train_time:18.171s step_avg:8.69ms
step:2091/3250 train_time:18.365s step_avg:8.78ms
step:2092/3250 train_time:18.518s step_avg:8.85ms
step:2093/3250 train_time:18.673s step_avg:8.92ms
step:2094/3250 train_time:18.824s step_avg:8.99ms
step:2095/3250 train_time:18.977s step_avg:9.06ms
step:2096/3250 train_time:19.131s step_avg:9.13ms
step:2097/3250 train_time:19.284s step_avg:9.20ms
step:2098/3250 train_time:19.437s step_avg:9.26ms
step:2099/3250 train_time:19.591s step_avg:9.33ms
step:2100/3250 train_time:19.743s step_avg:9.40ms
step:2101/3250 train_time:19.897s step_avg:9.47ms
step:2102/3250 train_time:20.051s step_avg:9.54ms
step:2103/3250 train_time:20.203s step_avg:9.61ms
step:2104/3250 train_time:20.357s step_avg:9.68ms
step:2105/3250 train_time:20.510s step_avg:9.74ms
step:2106/3250 train_time:20.663s step_avg:9.81ms
step:2107/3250 train_time:20.816s step_avg:9.88ms
step:2108/3250 train_time:20.970s step_avg:9.95ms
step:2109/3250 train_time:21.123s step_avg:10.02ms
step:2110/3250 train_time:21.277s step_avg:10.08ms
step:2111/3250 train_time:21.431s step_avg:10.15ms
step:2112/3250 train_time:21.584s step_avg:10.22ms
step:2113/3250 train_time:21.736s step_avg:10.29ms
step:2114/3250 train_time:21.890s step_avg:10.35ms
step:2115/3250 train_time:22.043s step_avg:10.42ms
step:2116/3250 train_time:22.197s step_avg:10.49ms
step:2117/3250 train_time:22.351s step_avg:10.56ms
step:2118/3250 train_time:22.504s step_avg:10.62ms
step:2119/3250 train_time:22.658s step_avg:10.69ms
step:2120/3250 train_time:22.811s step_avg:10.76ms
step:2121/3250 train_time:22.964s step_avg:10.83ms
step:2122/3250 train_time:23.117s step_avg:10.89ms
step:2123/3250 train_time:23.272s step_avg:10.96ms
step:2124/3250 train_time:23.425s step_avg:11.03ms
step:2125/3250 train_time:23.579s step_avg:11.10ms
step:2125/3250 val_loss:3.55094 train_time:23.590s step_avg:11.10ms
step:2126/3250 train_time:24.397s step_avg:11.48ms
step:2127/3250 train_time:24.535s step_avg:11.54ms
step:2128/3250 train_time:24.691s step_avg:11.60ms
step:2129/3250 train_time:24.846s step_avg:11.67ms
step:2130/3250 train_time:24.997s step_avg:11.74ms
step:2131/3250 train_time:25.152s step_avg:11.80ms
step:2132/3250 train_time:25.308s step_avg:11.87ms
step:2133/3250 train_time:25.462s step_avg:11.94ms
step:2134/3250 train_time:25.616s step_avg:12.00ms
step:2135/3250 train_time:25.771s step_avg:12.07ms
step:2136/3250 train_time:25.927s step_avg:12.14ms
step:2137/3250 train_time:26.080s step_avg:12.20ms
step:2138/3250 train_time:26.234s step_avg:12.27ms
step:2139/3250 train_time:26.389s step_avg:12.34ms
step:2140/3250 train_time:26.542s step_avg:12.40ms
step:2141/3250 train_time:26.696s step_avg:12.47ms
step:2142/3250 train_time:26.850s step_avg:12.53ms
step:2143/3250 train_time:27.004s step_avg:12.60ms
step:2144/3250 train_time:27.158s step_avg:12.67ms
step:2145/3250 train_time:27.312s step_avg:12.73ms
step:2146/3250 train_time:27.468s step_avg:12.80ms
step:2147/3250 train_time:27.623s step_avg:12.87ms
step:2148/3250 train_time:27.776s step_avg:12.93ms
step:2149/3250 train_time:27.930s step_avg:13.00ms
step:2150/3250 train_time:28.084s step_avg:13.06ms
step:2151/3250 train_time:28.237s step_avg:13.13ms
step:2152/3250 train_time:28.392s step_avg:13.19ms
step:2153/3250 train_time:28.546s step_avg:13.26ms
step:2154/3250 train_time:28.700s step_avg:13.32ms
step:2155/3250 train_time:28.853s step_avg:13.39ms
step:2156/3250 train_time:29.009s step_avg:13.45ms
step:2157/3250 train_time:29.163s step_avg:13.52ms
step:2158/3250 train_time:29.316s step_avg:13.58ms
step:2159/3250 train_time:29.470s step_avg:13.65ms
step:2160/3250 train_time:29.623s step_avg:13.71ms
step:2161/3250 train_time:29.776s step_avg:13.78ms
step:2162/3250 train_time:29.930s step_avg:13.84ms
step:2163/3250 train_time:30.085s step_avg:13.91ms
step:2164/3250 train_time:30.238s step_avg:13.97ms
step:2165/3250 train_time:30.392s step_avg:14.04ms
step:2166/3250 train_time:30.547s step_avg:14.10ms
step:2167/3250 train_time:30.701s step_avg:14.17ms
step:2168/3250 train_time:30.855s step_avg:14.23ms
step:2169/3250 train_time:31.011s step_avg:14.30ms
step:2170/3250 train_time:31.162s step_avg:14.36ms
step:2171/3250 train_time:31.316s step_avg:14.42ms
step:2172/3250 train_time:31.471s step_avg:14.49ms
step:2173/3250 train_time:31.626s step_avg:14.55ms
step:2174/3250 train_time:31.779s step_avg:14.62ms
step:2175/3250 train_time:31.934s step_avg:14.68ms
step:2176/3250 train_time:32.089s step_avg:14.75ms
step:2177/3250 train_time:32.242s step_avg:14.81ms
step:2178/3250 train_time:32.396s step_avg:14.87ms
step:2179/3250 train_time:32.551s step_avg:14.94ms
step:2180/3250 train_time:32.703s step_avg:15.00ms
step:2181/3250 train_time:32.856s step_avg:15.06ms
step:2182/3250 train_time:33.011s step_avg:15.13ms
step:2183/3250 train_time:33.168s step_avg:15.19ms
step:2184/3250 train_time:33.322s step_avg:15.26ms
step:2185/3250 train_time:33.475s step_avg:15.32ms
step:2186/3250 train_time:33.630s step_avg:15.38ms
step:2187/3250 train_time:33.784s step_avg:15.45ms
step:2188/3250 train_time:33.938s step_avg:15.51ms
step:2189/3250 train_time:34.092s step_avg:15.57ms
step:2190/3250 train_time:34.246s step_avg:15.64ms
step:2191/3250 train_time:34.400s step_avg:15.70ms
step:2192/3250 train_time:34.554s step_avg:15.76ms
step:2193/3250 train_time:34.709s step_avg:15.83ms
step:2194/3250 train_time:34.864s step_avg:15.89ms
step:2195/3250 train_time:35.017s step_avg:15.95ms
step:2196/3250 train_time:35.171s step_avg:16.02ms
step:2197/3250 train_time:35.326s step_avg:16.08ms
step:2198/3250 train_time:35.479s step_avg:16.14ms
step:2199/3250 train_time:35.633s step_avg:16.20ms
step:2200/3250 train_time:35.789s step_avg:16.27ms
step:2201/3250 train_time:35.943s step_avg:16.33ms
step:2202/3250 train_time:36.097s step_avg:16.39ms
step:2203/3250 train_time:36.251s step_avg:16.46ms
step:2204/3250 train_time:36.407s step_avg:16.52ms
step:2205/3250 train_time:36.560s step_avg:16.58ms
step:2206/3250 train_time:36.714s step_avg:16.64ms
step:2207/3250 train_time:36.869s step_avg:16.71ms
step:2208/3250 train_time:37.024s step_avg:16.77ms
step:2209/3250 train_time:37.176s step_avg:16.83ms
step:2210/3250 train_time:37.331s step_avg:16.89ms
step:2211/3250 train_time:37.486s step_avg:16.95ms
step:2212/3250 train_time:37.639s step_avg:17.02ms
step:2213/3250 train_time:37.793s step_avg:17.08ms
step:2214/3250 train_time:37.947s step_avg:17.14ms
step:2215/3250 train_time:38.102s step_avg:17.20ms
step:2216/3250 train_time:38.255s step_avg:17.26ms
step:2217/3250 train_time:38.411s step_avg:17.33ms
step:2218/3250 train_time:38.566s step_avg:17.39ms
step:2219/3250 train_time:38.717s step_avg:17.45ms
step:2220/3250 train_time:38.870s step_avg:17.51ms
step:2221/3250 train_time:39.026s step_avg:17.57ms
step:2222/3250 train_time:39.179s step_avg:17.63ms
step:2223/3250 train_time:39.333s step_avg:17.69ms
step:2224/3250 train_time:39.489s step_avg:17.76ms
step:2225/3250 train_time:39.642s step_avg:17.82ms
step:2226/3250 train_time:39.796s step_avg:17.88ms
step:2227/3250 train_time:39.950s step_avg:17.94ms
step:2228/3250 train_time:40.105s step_avg:18.00ms
step:2229/3250 train_time:40.258s step_avg:18.06ms
step:2230/3250 train_time:40.413s step_avg:18.12ms
step:2231/3250 train_time:40.568s step_avg:18.18ms
step:2232/3250 train_time:40.722s step_avg:18.24ms
step:2233/3250 train_time:40.875s step_avg:18.31ms
step:2234/3250 train_time:41.029s step_avg:18.37ms
step:2235/3250 train_time:41.183s step_avg:18.43ms
step:2236/3250 train_time:41.337s step_avg:18.49ms
step:2237/3250 train_time:41.491s step_avg:18.55ms
step:2238/3250 train_time:41.645s step_avg:18.61ms
step:2239/3250 train_time:41.798s step_avg:18.67ms
step:2240/3250 train_time:41.951s step_avg:18.73ms
step:2241/3250 train_time:42.108s step_avg:18.79ms
step:2242/3250 train_time:42.262s step_avg:18.85ms
step:2243/3250 train_time:42.416s step_avg:18.91ms
step:2244/3250 train_time:42.570s step_avg:18.97ms
step:2245/3250 train_time:42.724s step_avg:19.03ms
step:2246/3250 train_time:42.877s step_avg:19.09ms
step:2247/3250 train_time:43.032s step_avg:19.15ms
step:2248/3250 train_time:43.187s step_avg:19.21ms
step:2249/3250 train_time:43.341s step_avg:19.27ms
step:2250/3250 train_time:43.495s step_avg:19.33ms
step:2250/3250 val_loss:3.53669 train_time:43.506s step_avg:159.33ms
step:2251/3250 train_time:44.336s step_avg:19.70ms
step:2252/3250 train_time:44.476s step_avg:19.75ms
step:2253/3250 train_time:44.629s step_avg:19.81ms
step:2254/3250 train_time:44.782s step_avg:19.87ms
step:2255/3250 train_time:44.938s step_avg:19.93ms
step:2256/3250 train_time:45.091s step_avg:19.99ms
step:2257/3250 train_time:45.244s step_avg:20.05ms
step:2258/3250 train_time:45.397s step_avg:20.11ms
step:2259/3250 train_time:45.552s step_avg:20.16ms
step:2260/3250 train_time:45.705s step_avg:20.22ms
step:2261/3250 train_time:45.860s step_avg:20.28ms
step:2262/3250 train_time:46.012s step_avg:20.34ms
step:2263/3250 train_time:46.165s step_avg:20.40ms
step:2264/3250 train_time:46.319s step_avg:20.46ms
step:2265/3250 train_time:46.473s step_avg:20.52ms
step:2266/3250 train_time:46.626s step_avg:20.58ms
step:2267/3250 train_time:46.779s step_avg:20.63ms
step:2268/3250 train_time:46.934s step_avg:20.69ms
step:2269/3250 train_time:47.087s step_avg:20.75ms
step:2270/3250 train_time:47.241s step_avg:20.81ms
step:2271/3250 train_time:47.394s step_avg:20.87ms
step:2272/3250 train_time:47.548s step_avg:20.93ms
step:2273/3250 train_time:47.700s step_avg:20.99ms
step:2274/3250 train_time:47.856s step_avg:21.04ms
step:2275/3250 train_time:48.010s step_avg:21.10ms
step:2276/3250 train_time:48.163s step_avg:21.16ms
step:2277/3250 train_time:48.318s step_avg:21.22ms
step:2278/3250 train_time:48.471s step_avg:21.28ms
step:2279/3250 train_time:48.624s step_avg:21.34ms
step:2280/3250 train_time:48.778s step_avg:21.39ms
step:2281/3250 train_time:48.970s step_avg:21.47ms
step:2282/3250 train_time:49.123s step_avg:21.53ms
step:2283/3250 train_time:49.278s step_avg:21.58ms
step:2284/3250 train_time:49.432s step_avg:21.64ms
step:2285/3250 train_time:49.584s step_avg:21.70ms
step:2286/3250 train_time:49.741s step_avg:21.76ms
step:2287/3250 train_time:49.896s step_avg:21.82ms
step:2288/3250 train_time:50.050s step_avg:21.87ms
step:2289/3250 train_time:50.202s step_avg:21.93ms
step:2290/3250 train_time:50.357s step_avg:21.99ms
step:2291/3250 train_time:50.511s step_avg:22.05ms
step:2292/3250 train_time:50.664s step_avg:22.10ms
step:2293/3250 train_time:50.819s step_avg:22.16ms
step:2294/3250 train_time:50.972s step_avg:22.22ms
step:2295/3250 train_time:51.125s step_avg:22.28ms
step:2296/3250 train_time:51.279s step_avg:22.33ms
step:2297/3250 train_time:51.434s step_avg:22.39ms
step:2298/3250 train_time:51.588s step_avg:22.45ms
step:2299/3250 train_time:51.742s step_avg:22.51ms
step:2300/3250 train_time:51.897s step_avg:22.56ms
step:2301/3250 train_time:52.051s step_avg:22.62ms
step:2302/3250 train_time:52.204s step_avg:22.68ms
step:2303/3250 train_time:52.358s step_avg:22.73ms
step:2304/3250 train_time:52.512s step_avg:22.79ms
step:2305/3250 train_time:52.665s step_avg:22.85ms
step:2306/3250 train_time:52.819s step_avg:22.91ms
step:2307/3250 train_time:52.973s step_avg:22.96ms
step:2308/3250 train_time:53.126s step_avg:23.02ms
step:2309/3250 train_time:53.280s step_avg:23.07ms
step:2310/3250 train_time:53.435s step_avg:23.13ms
step:2311/3250 train_time:53.588s step_avg:23.19ms
step:2312/3250 train_time:53.743s step_avg:23.25ms
step:2313/3250 train_time:53.897s step_avg:23.30ms
step:2314/3250 train_time:54.050s step_avg:23.36ms
step:2315/3250 train_time:54.203s step_avg:23.41ms
step:2316/3250 train_time:54.358s step_avg:23.47ms
step:2317/3250 train_time:54.512s step_avg:23.53ms
step:2318/3250 train_time:54.665s step_avg:23.58ms
step:2319/3250 train_time:54.819s step_avg:23.64ms
step:2320/3250 train_time:54.973s step_avg:23.70ms
step:2321/3250 train_time:55.126s step_avg:23.75ms
step:2322/3250 train_time:55.279s step_avg:23.81ms
step:2323/3250 train_time:55.434s step_avg:23.86ms
step:2324/3250 train_time:55.588s step_avg:23.92ms
step:2325/3250 train_time:55.742s step_avg:23.98ms
step:2326/3250 train_time:55.897s step_avg:24.03ms
step:2327/3250 train_time:56.052s step_avg:24.09ms
step:2328/3250 train_time:56.205s step_avg:24.14ms
step:2329/3250 train_time:56.359s step_avg:24.20ms
step:2330/3250 train_time:56.513s step_avg:24.25ms
step:2331/3250 train_time:56.666s step_avg:24.31ms
step:2332/3250 train_time:56.820s step_avg:24.37ms
step:2333/3250 train_time:56.973s step_avg:24.42ms
step:2334/3250 train_time:57.126s step_avg:24.48ms
step:2335/3250 train_time:57.280s step_avg:24.53ms
step:2336/3250 train_time:57.436s step_avg:24.59ms
step:2337/3250 train_time:57.590s step_avg:24.64ms
step:2338/3250 train_time:57.744s step_avg:24.70ms
step:2339/3250 train_time:57.898s step_avg:24.75ms
step:2340/3250 train_time:58.053s step_avg:24.81ms
step:2341/3250 train_time:58.207s step_avg:24.86ms
step:2342/3250 train_time:58.361s step_avg:24.92ms
step:2343/3250 train_time:58.517s step_avg:24.98ms
step:2344/3250 train_time:58.671s step_avg:25.03ms
step:2345/3250 train_time:58.824s step_avg:25.08ms
step:2346/3250 train_time:58.978s step_avg:25.14ms
step:2347/3250 train_time:59.132s step_avg:25.19ms
step:2348/3250 train_time:59.285s step_avg:25.25ms
step:2349/3250 train_time:59.440s step_avg:25.30ms
step:2350/3250 train_time:59.594s step_avg:25.36ms
step:2351/3250 train_time:59.748s step_avg:25.41ms
step:2352/3250 train_time:59.900s step_avg:25.47ms
step:2353/3250 train_time:60.056s step_avg:25.52ms
step:2354/3250 train_time:60.209s step_avg:25.58ms
step:2355/3250 train_time:60.362s step_avg:25.63ms
step:2356/3250 train_time:60.517s step_avg:25.69ms
step:2357/3250 train_time:60.670s step_avg:25.74ms
step:2358/3250 train_time:60.823s step_avg:25.79ms
step:2359/3250 train_time:60.978s step_avg:25.85ms
step:2360/3250 train_time:61.132s step_avg:25.90ms
step:2361/3250 train_time:61.285s step_avg:25.96ms
step:2362/3250 train_time:61.439s step_avg:26.01ms
step:2363/3250 train_time:61.593s step_avg:26.07ms
step:2364/3250 train_time:61.747s step_avg:26.12ms
step:2365/3250 train_time:61.900s step_avg:26.17ms
step:2366/3250 train_time:62.056s step_avg:26.23ms
step:2367/3250 train_time:62.208s step_avg:26.28ms
step:2368/3250 train_time:62.362s step_avg:26.34ms
step:2369/3250 train_time:62.516s step_avg:26.39ms
step:2370/3250 train_time:62.670s step_avg:26.44ms
step:2371/3250 train_time:62.823s step_avg:26.50ms
step:2372/3250 train_time:62.978s step_avg:26.55ms
step:2373/3250 train_time:63.132s step_avg:26.60ms
step:2374/3250 train_time:63.285s step_avg:26.66ms
step:2375/3250 train_time:63.439s step_avg:26.71ms
step:2375/3250 val_loss:3.52745 train_time:63.451s step_avg:159.56ms
step:2376/3250 train_time:64.294s step_avg:27.06ms
step:2377/3250 train_time:64.433s step_avg:27.11ms
step:2378/3250 train_time:64.587s step_avg:27.16ms
step:2379/3250 train_time:64.741s step_avg:27.21ms
step:2380/3250 train_time:64.894s step_avg:27.27ms
step:2381/3250 train_time:65.048s step_avg:27.32ms
step:2382/3250 train_time:65.200s step_avg:27.37ms
step:2383/3250 train_time:65.352s step_avg:27.42ms
step:2384/3250 train_time:65.506s step_avg:27.48ms
step:2385/3250 train_time:65.660s step_avg:27.53ms
step:2386/3250 train_time:65.814s step_avg:27.58ms
step:2387/3250 train_time:65.968s step_avg:27.64ms
step:2388/3250 train_time:66.122s step_avg:27.69ms
step:2389/3250 train_time:66.274s step_avg:27.74ms
step:2390/3250 train_time:66.428s step_avg:27.79ms
step:2391/3250 train_time:66.582s step_avg:27.85ms
step:2392/3250 train_time:66.734s step_avg:27.90ms
step:2393/3250 train_time:66.888s step_avg:27.95ms
step:2394/3250 train_time:67.044s step_avg:28.00ms
step:2395/3250 train_time:67.197s step_avg:28.06ms
step:2396/3250 train_time:67.351s step_avg:28.11ms
step:2397/3250 train_time:67.506s step_avg:28.16ms
step:2398/3250 train_time:67.660s step_avg:28.22ms
step:2399/3250 train_time:67.813s step_avg:28.27ms
step:2400/3250 train_time:67.967s step_avg:28.32ms
step:2401/3250 train_time:68.122s step_avg:28.37ms
step:2402/3250 train_time:68.276s step_avg:28.42ms
step:2403/3250 train_time:68.429s step_avg:28.48ms
step:2404/3250 train_time:68.584s step_avg:28.53ms
step:2405/3250 train_time:68.738s step_avg:28.58ms
step:2406/3250 train_time:68.891s step_avg:28.63ms
step:2407/3250 train_time:69.047s step_avg:28.69ms
step:2408/3250 train_time:69.199s step_avg:28.74ms
step:2409/3250 train_time:69.352s step_avg:28.79ms
step:2410/3250 train_time:69.506s step_avg:28.84ms
step:2411/3250 train_time:69.661s step_avg:28.89ms
step:2412/3250 train_time:69.813s step_avg:28.94ms
step:2413/3250 train_time:69.968s step_avg:29.00ms
step:2414/3250 train_time:70.122s step_avg:29.05ms
step:2415/3250 train_time:70.275s step_avg:29.10ms
step:2416/3250 train_time:70.428s step_avg:29.15ms
step:2417/3250 train_time:70.583s step_avg:29.20ms
step:2418/3250 train_time:70.737s step_avg:29.25ms
step:2419/3250 train_time:70.889s step_avg:29.31ms
step:2420/3250 train_time:71.044s step_avg:29.36ms
step:2421/3250 train_time:71.197s step_avg:29.41ms
step:2422/3250 train_time:71.350s step_avg:29.46ms
step:2423/3250 train_time:71.504s step_avg:29.51ms
step:2424/3250 train_time:71.658s step_avg:29.56ms
step:2425/3250 train_time:71.811s step_avg:29.61ms
step:2426/3250 train_time:71.966s step_avg:29.66ms
step:2427/3250 train_time:72.120s step_avg:29.72ms
step:2428/3250 train_time:72.273s step_avg:29.77ms
step:2429/3250 train_time:72.427s step_avg:29.82ms
step:2430/3250 train_time:72.580s step_avg:29.87ms
step:2431/3250 train_time:72.733s step_avg:29.92ms
step:2432/3250 train_time:72.887s step_avg:29.97ms
step:2433/3250 train_time:73.042s step_avg:30.02ms
step:2434/3250 train_time:73.195s step_avg:30.07ms
step:2435/3250 train_time:73.349s step_avg:30.12ms
step:2436/3250 train_time:73.503s step_avg:30.17ms
step:2437/3250 train_time:73.656s step_avg:30.22ms
step:2438/3250 train_time:73.809s step_avg:30.27ms
step:2439/3250 train_time:73.964s step_avg:30.33ms
step:2440/3250 train_time:74.118s step_avg:30.38ms
step:2441/3250 train_time:74.272s step_avg:30.43ms
step:2442/3250 train_time:74.426s step_avg:30.48ms
step:2443/3250 train_time:74.581s step_avg:30.53ms
step:2444/3250 train_time:74.734s step_avg:30.58ms
step:2445/3250 train_time:74.889s step_avg:30.63ms
step:2446/3250 train_time:75.044s step_avg:30.68ms
step:2447/3250 train_time:75.197s step_avg:30.73ms
step:2448/3250 train_time:75.351s step_avg:30.78ms
step:2449/3250 train_time:75.505s step_avg:30.83ms
step:2450/3250 train_time:75.660s step_avg:30.88ms
step:2451/3250 train_time:75.814s step_avg:30.93ms
step:2452/3250 train_time:75.968s step_avg:30.98ms
step:2453/3250 train_time:76.123s step_avg:31.03ms
step:2454/3250 train_time:76.277s step_avg:31.08ms
step:2455/3250 train_time:76.430s step_avg:31.13ms
step:2456/3250 train_time:76.586s step_avg:31.18ms
step:2457/3250 train_time:76.738s step_avg:31.23ms
step:2458/3250 train_time:76.892s step_avg:31.28ms
step:2459/3250 train_time:77.048s step_avg:31.33ms
step:2460/3250 train_time:77.202s step_avg:31.38ms
step:2461/3250 train_time:77.356s step_avg:31.43ms
step:2462/3250 train_time:77.510s step_avg:31.48ms
step:2463/3250 train_time:77.665s step_avg:31.53ms
step:2464/3250 train_time:77.819s step_avg:31.58ms
step:2465/3250 train_time:77.973s step_avg:31.63ms
step:2466/3250 train_time:78.127s step_avg:31.68ms
step:2467/3250 train_time:78.282s step_avg:31.73ms
step:2468/3250 train_time:78.435s step_avg:31.78ms
step:2469/3250 train_time:78.589s step_avg:31.83ms
step:2470/3250 train_time:78.744s step_avg:31.88ms
step:2471/3250 train_time:78.937s step_avg:31.95ms
step:2472/3250 train_time:79.090s step_avg:31.99ms
step:2473/3250 train_time:79.245s step_avg:32.04ms
step:2474/3250 train_time:79.397s step_avg:32.09ms
step:2475/3250 train_time:79.550s step_avg:32.14ms
step:2476/3250 train_time:79.705s step_avg:32.19ms
step:2477/3250 train_time:79.859s step_avg:32.24ms
step:2478/3250 train_time:80.012s step_avg:32.29ms
step:2479/3250 train_time:80.167s step_avg:32.34ms
step:2480/3250 train_time:80.321s step_avg:32.39ms
step:2481/3250 train_time:80.474s step_avg:32.44ms
step:2482/3250 train_time:80.630s step_avg:32.49ms
step:2483/3250 train_time:80.784s step_avg:32.53ms
step:2484/3250 train_time:80.935s step_avg:32.58ms
step:2485/3250 train_time:81.088s step_avg:32.63ms
step:2486/3250 train_time:81.243s step_avg:32.68ms
step:2487/3250 train_time:81.395s step_avg:32.73ms
step:2488/3250 train_time:81.549s step_avg:32.78ms
step:2489/3250 train_time:81.703s step_avg:32.83ms
step:2490/3250 train_time:81.857s step_avg:32.87ms
step:2491/3250 train_time:82.010s step_avg:32.92ms
step:2492/3250 train_time:82.165s step_avg:32.97ms
step:2493/3250 train_time:82.319s step_avg:33.02ms
step:2494/3250 train_time:82.473s step_avg:33.07ms
step:2495/3250 train_time:82.627s step_avg:33.12ms
step:2496/3250 train_time:82.780s step_avg:33.17ms
step:2497/3250 train_time:82.932s step_avg:33.21ms
step:2498/3250 train_time:83.087s step_avg:33.26ms
step:2499/3250 train_time:83.241s step_avg:33.31ms
step:2500/3250 train_time:83.393s step_avg:33.36ms
step:2500/3250 val_loss:3.52224 train_time:83.405s step_avg:159.63ms
step:2501/3250 train_time:84.225s step_avg:33.68ms
step:2502/3250 train_time:84.365s step_avg:33.72ms
step:2503/3250 train_time:84.518s step_avg:33.77ms
step:2504/3250 train_time:84.670s step_avg:33.81ms
step:2505/3250 train_time:84.823s step_avg:33.86ms
step:2506/3250 train_time:84.977s step_avg:33.91ms
step:2507/3250 train_time:85.130s step_avg:33.96ms
step:2508/3250 train_time:85.284s step_avg:34.00ms
step:2509/3250 train_time:85.437s step_avg:34.05ms
step:2510/3250 train_time:85.592s step_avg:34.10ms
step:2511/3250 train_time:85.745s step_avg:34.15ms
step:2512/3250 train_time:85.898s step_avg:34.20ms
step:2513/3250 train_time:86.053s step_avg:34.24ms
step:2514/3250 train_time:86.204s step_avg:34.29ms
step:2515/3250 train_time:86.357s step_avg:34.34ms
step:2516/3250 train_time:86.513s step_avg:34.39ms
step:2517/3250 train_time:86.666s step_avg:34.43ms
step:2518/3250 train_time:86.820s step_avg:34.48ms
step:2519/3250 train_time:86.973s step_avg:34.53ms
step:2520/3250 train_time:87.126s step_avg:34.57ms
step:2521/3250 train_time:87.280s step_avg:34.62ms
step:2522/3250 train_time:87.435s step_avg:34.67ms
step:2523/3250 train_time:87.589s step_avg:34.72ms
step:2524/3250 train_time:87.742s step_avg:34.76ms
step:2525/3250 train_time:87.897s step_avg:34.81ms
step:2526/3250 train_time:88.051s step_avg:34.86ms
step:2527/3250 train_time:88.206s step_avg:34.91ms
step:2528/3250 train_time:88.358s step_avg:34.95ms
step:2529/3250 train_time:88.514s step_avg:35.00ms
step:2530/3250 train_time:88.668s step_avg:35.05ms
step:2531/3250 train_time:88.821s step_avg:35.09ms
step:2532/3250 train_time:88.976s step_avg:35.14ms
step:2533/3250 train_time:89.130s step_avg:35.19ms
step:2534/3250 train_time:89.282s step_avg:35.23ms
step:2535/3250 train_time:89.437s step_avg:35.28ms
step:2536/3250 train_time:89.592s step_avg:35.33ms
step:2537/3250 train_time:89.746s step_avg:35.37ms
step:2538/3250 train_time:89.900s step_avg:35.42ms
step:2539/3250 train_time:90.055s step_avg:35.47ms
step:2540/3250 train_time:90.209s step_avg:35.52ms
step:2541/3250 train_time:90.362s step_avg:35.56ms
step:2542/3250 train_time:90.517s step_avg:35.61ms
step:2543/3250 train_time:90.671s step_avg:35.66ms
step:2544/3250 train_time:90.824s step_avg:35.70ms
step:2545/3250 train_time:90.978s step_avg:35.75ms
step:2546/3250 train_time:91.132s step_avg:35.79ms
step:2547/3250 train_time:91.286s step_avg:35.84ms
step:2548/3250 train_time:91.440s step_avg:35.89ms
step:2549/3250 train_time:91.596s step_avg:35.93ms
step:2550/3250 train_time:91.749s step_avg:35.98ms
step:2551/3250 train_time:91.903s step_avg:36.03ms
step:2552/3250 train_time:92.056s step_avg:36.07ms
step:2553/3250 train_time:92.211s step_avg:36.12ms
step:2554/3250 train_time:92.363s step_avg:36.16ms
step:2555/3250 train_time:92.518s step_avg:36.21ms
step:2556/3250 train_time:92.673s step_avg:36.26ms
step:2557/3250 train_time:92.825s step_avg:36.30ms
step:2558/3250 train_time:92.980s step_avg:36.35ms
step:2559/3250 train_time:93.135s step_avg:36.39ms
step:2560/3250 train_time:93.289s step_avg:36.44ms
step:2561/3250 train_time:93.443s step_avg:36.49ms
step:2562/3250 train_time:93.598s step_avg:36.53ms
step:2563/3250 train_time:93.753s step_avg:36.58ms
step:2564/3250 train_time:93.906s step_avg:36.62ms
step:2565/3250 train_time:94.059s step_avg:36.67ms
step:2566/3250 train_time:94.214s step_avg:36.72ms
step:2567/3250 train_time:94.368s step_avg:36.76ms
step:2568/3250 train_time:94.522s step_avg:36.81ms
step:2569/3250 train_time:94.676s step_avg:36.85ms
step:2570/3250 train_time:94.830s step_avg:36.90ms
step:2571/3250 train_time:94.983s step_avg:36.94ms
step:2572/3250 train_time:95.137s step_avg:36.99ms
step:2573/3250 train_time:95.293s step_avg:37.04ms
step:2574/3250 train_time:95.446s step_avg:37.08ms
step:2575/3250 train_time:95.601s step_avg:37.13ms
step:2576/3250 train_time:95.757s step_avg:37.17ms
step:2577/3250 train_time:95.913s step_avg:37.22ms
step:2578/3250 train_time:96.066s step_avg:37.26ms
step:2579/3250 train_time:96.219s step_avg:37.31ms
step:2580/3250 train_time:96.374s step_avg:37.35ms
step:2581/3250 train_time:96.527s step_avg:37.40ms
step:2582/3250 train_time:96.681s step_avg:37.44ms
step:2583/3250 train_time:96.836s step_avg:37.49ms
step:2584/3250 train_time:96.990s step_avg:37.53ms
step:2585/3250 train_time:97.143s step_avg:37.58ms
step:2586/3250 train_time:97.298s step_avg:37.62ms
step:2587/3250 train_time:97.452s step_avg:37.67ms
step:2588/3250 train_time:97.605s step_avg:37.71ms
step:2589/3250 train_time:97.758s step_avg:37.76ms
step:2590/3250 train_time:97.913s step_avg:37.80ms
step:2591/3250 train_time:98.066s step_avg:37.85ms
step:2592/3250 train_time:98.220s step_avg:37.89ms
step:2593/3250 train_time:98.376s step_avg:37.94ms
step:2594/3250 train_time:98.528s step_avg:37.98ms
step:2595/3250 train_time:98.682s step_avg:38.03ms
step:2596/3250 train_time:98.836s step_avg:38.07ms
step:2597/3250 train_time:98.991s step_avg:38.12ms
step:2598/3250 train_time:99.144s step_avg:38.16ms
step:2599/3250 train_time:99.298s step_avg:38.21ms
step:2600/3250 train_time:99.453s step_avg:38.25ms
step:2601/3250 train_time:99.608s step_avg:38.30ms
step:2602/3250 train_time:99.761s step_avg:38.34ms
step:2603/3250 train_time:99.916s step_avg:38.39ms
step:2604/3250 train_time:100.068s step_avg:38.43ms
step:2605/3250 train_time:100.222s step_avg:38.47ms
step:2606/3250 train_time:100.377s step_avg:38.52ms
step:2607/3250 train_time:100.530s step_avg:38.56ms
step:2608/3250 train_time:100.683s step_avg:38.61ms
step:2609/3250 train_time:100.837s step_avg:38.65ms
step:2610/3250 train_time:100.992s step_avg:38.69ms
step:2611/3250 train_time:101.145s step_avg:38.74ms
step:2612/3250 train_time:101.300s step_avg:38.78ms
step:2613/3250 train_time:101.455s step_avg:38.83ms
step:2614/3250 train_time:101.608s step_avg:38.87ms
step:2615/3250 train_time:101.761s step_avg:38.91ms
step:2616/3250 train_time:101.917s step_avg:38.96ms
step:2617/3250 train_time:102.072s step_avg:39.00ms
step:2618/3250 train_time:102.225s step_avg:39.05ms
step:2619/3250 train_time:102.379s step_avg:39.09ms
step:2620/3250 train_time:102.534s step_avg:39.13ms
step:2621/3250 train_time:102.688s step_avg:39.18ms
step:2622/3250 train_time:102.842s step_avg:39.22ms
step:2623/3250 train_time:102.997s step_avg:39.27ms
step:2624/3250 train_time:103.149s step_avg:39.31ms
step:2625/3250 train_time:103.303s step_avg:39.35ms
step:2625/3250 val_loss:3.51452 train_time:103.315s step_avg:159.28ms
step:2626/3250 train_time:104.099s step_avg:39.64ms
step:2627/3250 train_time:104.241s step_avg:39.68ms
step:2628/3250 train_time:104.395s step_avg:39.72ms
step:2629/3250 train_time:104.549s step_avg:39.77ms
step:2630/3250 train_time:104.704s step_avg:39.81ms
step:2631/3250 train_time:104.857s step_avg:39.85ms
step:2632/3250 train_time:105.010s step_avg:39.90ms
step:2633/3250 train_time:105.164s step_avg:39.94ms
step:2634/3250 train_time:105.318s step_avg:39.98ms
step:2635/3250 train_time:105.471s step_avg:40.03ms
step:2636/3250 train_time:105.626s step_avg:40.07ms
step:2637/3250 train_time:105.780s step_avg:40.11ms
step:2638/3250 train_time:105.935s step_avg:40.16ms
step:2639/3250 train_time:106.088s step_avg:40.20ms
step:2640/3250 train_time:106.244s step_avg:40.24ms
step:2641/3250 train_time:106.399s step_avg:40.29ms
step:2642/3250 train_time:106.552s step_avg:40.33ms
step:2643/3250 train_time:106.707s step_avg:40.37ms
step:2644/3250 train_time:106.861s step_avg:40.42ms
step:2645/3250 train_time:107.016s step_avg:40.46ms
step:2646/3250 train_time:107.169s step_avg:40.50ms
step:2647/3250 train_time:107.325s step_avg:40.55ms
step:2648/3250 train_time:107.480s step_avg:40.59ms
step:2649/3250 train_time:107.631s step_avg:40.63ms
step:2650/3250 train_time:107.784s step_avg:40.67ms
step:2651/3250 train_time:107.941s step_avg:40.72ms
step:2652/3250 train_time:108.095s step_avg:40.76ms
step:2653/3250 train_time:108.249s step_avg:40.80ms
step:2654/3250 train_time:108.404s step_avg:40.85ms
step:2655/3250 train_time:108.559s step_avg:40.89ms
step:2656/3250 train_time:108.712s step_avg:40.93ms
step:2657/3250 train_time:108.866s step_avg:40.97ms
step:2658/3250 train_time:109.022s step_avg:41.02ms
step:2659/3250 train_time:109.176s step_avg:41.06ms
step:2660/3250 train_time:109.329s step_avg:41.10ms
step:2661/3250 train_time:109.525s step_avg:41.16ms
step:2662/3250 train_time:109.679s step_avg:41.20ms
step:2663/3250 train_time:109.833s step_avg:41.24ms
step:2664/3250 train_time:109.987s step_avg:41.29ms
step:2665/3250 train_time:110.142s step_avg:41.33ms
step:2666/3250 train_time:110.294s step_avg:41.37ms
step:2667/3250 train_time:110.448s step_avg:41.41ms
step:2668/3250 train_time:110.604s step_avg:41.46ms
step:2669/3250 train_time:110.759s step_avg:41.50ms
step:2670/3250 train_time:110.911s step_avg:41.54ms
step:2671/3250 train_time:111.065s step_avg:41.58ms
step:2672/3250 train_time:111.222s step_avg:41.62ms
step:2673/3250 train_time:111.375s step_avg:41.67ms
step:2674/3250 train_time:111.529s step_avg:41.71ms
step:2675/3250 train_time:111.683s step_avg:41.75ms
step:2676/3250 train_time:111.838s step_avg:41.79ms
step:2677/3250 train_time:111.990s step_avg:41.83ms
step:2678/3250 train_time:112.145s step_avg:41.88ms
step:2679/3250 train_time:112.300s step_avg:41.92ms
step:2680/3250 train_time:112.454s step_avg:41.96ms
step:2681/3250 train_time:112.607s step_avg:42.00ms
step:2682/3250 train_time:112.761s step_avg:42.04ms
step:2683/3250 train_time:112.916s step_avg:42.09ms
step:2684/3250 train_time:113.069s step_avg:42.13ms
step:2685/3250 train_time:113.224s step_avg:42.17ms
step:2686/3250 train_time:113.376s step_avg:42.21ms
step:2687/3250 train_time:113.530s step_avg:42.25ms
step:2688/3250 train_time:113.684s step_avg:42.29ms
step:2689/3250 train_time:113.839s step_avg:42.34ms
step:2690/3250 train_time:113.991s step_avg:42.38ms
step:2691/3250 train_time:114.146s step_avg:42.42ms
step:2692/3250 train_time:114.302s step_avg:42.46ms
step:2693/3250 train_time:114.457s step_avg:42.50ms
step:2694/3250 train_time:114.610s step_avg:42.54ms
step:2695/3250 train_time:114.764s step_avg:42.58ms
step:2696/3250 train_time:114.920s step_avg:42.63ms
step:2697/3250 train_time:115.074s step_avg:42.67ms
step:2698/3250 train_time:115.228s step_avg:42.71ms
step:2699/3250 train_time:115.382s step_avg:42.75ms
step:2700/3250 train_time:115.536s step_avg:42.79ms
step:2701/3250 train_time:115.688s step_avg:42.83ms
step:2702/3250 train_time:115.843s step_avg:42.87ms
step:2703/3250 train_time:115.998s step_avg:42.91ms
step:2704/3250 train_time:116.151s step_avg:42.96ms
step:2705/3250 train_time:116.305s step_avg:43.00ms
step:2706/3250 train_time:116.459s step_avg:43.04ms
step:2707/3250 train_time:116.612s step_avg:43.08ms
step:2708/3250 train_time:116.766s step_avg:43.12ms
step:2709/3250 train_time:116.922s step_avg:43.16ms
step:2710/3250 train_time:117.076s step_avg:43.20ms
step:2711/3250 train_time:117.229s step_avg:43.24ms
step:2712/3250 train_time:117.383s step_avg:43.28ms
step:2713/3250 train_time:117.538s step_avg:43.32ms
step:2714/3250 train_time:117.691s step_avg:43.36ms
step:2715/3250 train_time:117.846s step_avg:43.41ms
step:2716/3250 train_time:118.002s step_avg:43.45ms
step:2717/3250 train_time:118.155s step_avg:43.49ms
step:2718/3250 train_time:118.309s step_avg:43.53ms
step:2719/3250 train_time:118.463s step_avg:43.57ms
step:2720/3250 train_time:118.618s step_avg:43.61ms
step:2721/3250 train_time:118.772s step_avg:43.65ms
step:2722/3250 train_time:118.927s step_avg:43.69ms
step:2723/3250 train_time:119.082s step_avg:43.73ms
step:2724/3250 train_time:119.237s step_avg:43.77ms
step:2725/3250 train_time:119.390s step_avg:43.81ms
step:2726/3250 train_time:119.544s step_avg:43.85ms
step:2727/3250 train_time:119.699s step_avg:43.89ms
step:2728/3250 train_time:119.851s step_avg:43.93ms
step:2729/3250 train_time:120.006s step_avg:43.97ms
step:2730/3250 train_time:120.161s step_avg:44.01ms
step:2731/3250 train_time:120.316s step_avg:44.06ms
step:2732/3250 train_time:120.469s step_avg:44.10ms
step:2733/3250 train_time:120.624s step_avg:44.14ms
step:2734/3250 train_time:120.779s step_avg:44.18ms
step:2735/3250 train_time:120.932s step_avg:44.22ms
step:2736/3250 train_time:121.085s step_avg:44.26ms
step:2737/3250 train_time:121.241s step_avg:44.30ms
step:2738/3250 train_time:121.395s step_avg:44.34ms
step:2739/3250 train_time:121.549s step_avg:44.38ms
step:2740/3250 train_time:121.704s step_avg:44.42ms
step:2741/3250 train_time:121.857s step_avg:44.46ms
step:2742/3250 train_time:122.011s step_avg:44.50ms
step:2743/3250 train_time:122.165s step_avg:44.54ms
step:2744/3250 train_time:122.321s step_avg:44.58ms
step:2745/3250 train_time:122.475s step_avg:44.62ms
step:2746/3250 train_time:122.628s step_avg:44.66ms
step:2747/3250 train_time:122.783s step_avg:44.70ms
step:2748/3250 train_time:122.937s step_avg:44.74ms
step:2749/3250 train_time:123.090s step_avg:44.78ms
step:2750/3250 train_time:123.244s step_avg:44.82ms
step:2750/3250 val_loss:3.51089 train_time:123.256s step_avg:159.53ms
step:2751/3250 train_time:124.043s step_avg:45.09ms
step:2752/3250 train_time:124.182s step_avg:45.12ms
step:2753/3250 train_time:124.335s step_avg:45.16ms
step:2754/3250 train_time:124.489s step_avg:45.20ms
step:2755/3250 train_time:124.641s step_avg:45.24ms
step:2756/3250 train_time:124.794s step_avg:45.28ms
step:2757/3250 train_time:124.950s step_avg:45.32ms
step:2758/3250 train_time:125.105s step_avg:45.36ms
step:2759/3250 train_time:125.258s step_avg:45.40ms
step:2760/3250 train_time:125.411s step_avg:45.44ms
step:2761/3250 train_time:125.566s step_avg:45.48ms
step:2762/3250 train_time:125.720s step_avg:45.52ms
step:2763/3250 train_time:125.874s step_avg:45.56ms
step:2764/3250 train_time:126.029s step_avg:45.60ms
step:2765/3250 train_time:126.182s step_avg:45.64ms
step:2766/3250 train_time:126.336s step_avg:45.67ms
step:2767/3250 train_time:126.490s step_avg:45.71ms
step:2768/3250 train_time:126.646s step_avg:45.75ms
step:2769/3250 train_time:126.799s step_avg:45.79ms
step:2770/3250 train_time:126.954s step_avg:45.83ms
step:2771/3250 train_time:127.108s step_avg:45.87ms
step:2772/3250 train_time:127.263s step_avg:45.91ms
step:2773/3250 train_time:127.416s step_avg:45.95ms
step:2774/3250 train_time:127.570s step_avg:45.99ms
step:2775/3250 train_time:127.725s step_avg:46.03ms
step:2776/3250 train_time:127.878s step_avg:46.07ms
step:2777/3250 train_time:128.031s step_avg:46.10ms
step:2778/3250 train_time:128.185s step_avg:46.14ms
step:2779/3250 train_time:128.339s step_avg:46.18ms
step:2780/3250 train_time:128.493s step_avg:46.22ms
step:2781/3250 train_time:128.649s step_avg:46.26ms
step:2782/3250 train_time:128.803s step_avg:46.30ms
step:2783/3250 train_time:128.956s step_avg:46.34ms
step:2784/3250 train_time:129.110s step_avg:46.38ms
step:2785/3250 train_time:129.265s step_avg:46.41ms
step:2786/3250 train_time:129.418s step_avg:46.45ms
step:2787/3250 train_time:129.571s step_avg:46.49ms
step:2788/3250 train_time:129.726s step_avg:46.53ms
step:2789/3250 train_time:129.879s step_avg:46.57ms
step:2790/3250 train_time:130.033s step_avg:46.61ms
step:2791/3250 train_time:130.187s step_avg:46.65ms
step:2792/3250 train_time:130.341s step_avg:46.68ms
step:2793/3250 train_time:130.494s step_avg:46.72ms
step:2794/3250 train_time:130.650s step_avg:46.76ms
step:2795/3250 train_time:130.804s step_avg:46.80ms
step:2796/3250 train_time:130.958s step_avg:46.84ms
step:2797/3250 train_time:131.111s step_avg:46.88ms
step:2798/3250 train_time:131.266s step_avg:46.91ms
step:2799/3250 train_time:131.419s step_avg:46.95ms
step:2800/3250 train_time:131.573s step_avg:46.99ms
step:2801/3250 train_time:131.729s step_avg:47.03ms
step:2802/3250 train_time:131.882s step_avg:47.07ms
step:2803/3250 train_time:132.036s step_avg:47.11ms
step:2804/3250 train_time:132.190s step_avg:47.14ms
step:2805/3250 train_time:132.345s step_avg:47.18ms
step:2806/3250 train_time:132.498s step_avg:47.22ms
step:2807/3250 train_time:132.653s step_avg:47.26ms
step:2808/3250 train_time:132.808s step_avg:47.30ms
step:2809/3250 train_time:132.963s step_avg:47.33ms
step:2810/3250 train_time:133.116s step_avg:47.37ms
step:2811/3250 train_time:133.271s step_avg:47.41ms
step:2812/3250 train_time:133.426s step_avg:47.45ms
step:2813/3250 train_time:133.578s step_avg:47.49ms
step:2814/3250 train_time:133.732s step_avg:47.52ms
step:2815/3250 train_time:133.887s step_avg:47.56ms
step:2816/3250 train_time:134.042s step_avg:47.60ms
step:2817/3250 train_time:134.195s step_avg:47.64ms
step:2818/3250 train_time:134.350s step_avg:47.68ms
step:2819/3250 train_time:134.505s step_avg:47.71ms
step:2820/3250 train_time:134.659s step_avg:47.75ms
step:2821/3250 train_time:134.812s step_avg:47.79ms
step:2822/3250 train_time:134.970s step_avg:47.83ms
step:2823/3250 train_time:135.124s step_avg:47.87ms
step:2824/3250 train_time:135.277s step_avg:47.90ms
step:2825/3250 train_time:135.431s step_avg:47.94ms
step:2826/3250 train_time:135.585s step_avg:47.98ms
step:2827/3250 train_time:135.739s step_avg:48.02ms
step:2828/3250 train_time:135.893s step_avg:48.05ms
step:2829/3250 train_time:136.049s step_avg:48.09ms
step:2830/3250 train_time:136.203s step_avg:48.13ms
step:2831/3250 train_time:136.357s step_avg:48.17ms
step:2832/3250 train_time:136.510s step_avg:48.20ms
step:2833/3250 train_time:136.665s step_avg:48.24ms
step:2834/3250 train_time:136.818s step_avg:48.28ms
step:2835/3250 train_time:136.972s step_avg:48.31ms
step:2836/3250 train_time:137.128s step_avg:48.35ms
step:2837/3250 train_time:137.281s step_avg:48.39ms
step:2838/3250 train_time:137.435s step_avg:48.43ms
step:2839/3250 train_time:137.589s step_avg:48.46ms
step:2840/3250 train_time:137.744s step_avg:48.50ms
step:2841/3250 train_time:137.897s step_avg:48.54ms
step:2842/3250 train_time:138.051s step_avg:48.58ms
step:2843/3250 train_time:138.206s step_avg:48.61ms
step:2844/3250 train_time:138.359s step_avg:48.65ms
step:2845/3250 train_time:138.512s step_avg:48.69ms
step:2846/3250 train_time:138.668s step_avg:48.72ms
step:2847/3250 train_time:138.823s step_avg:48.76ms
step:2848/3250 train_time:138.976s step_avg:48.80ms
step:2849/3250 train_time:139.131s step_avg:48.84ms
step:2850/3250 train_time:139.285s step_avg:48.87ms
step:2851/3250 train_time:139.477s step_avg:48.92ms
EXIT=0 rid=req023_f2000_a1
