=== req023_f2000_a0 ===
W0831 00:50:31.373000 12358 torch/distributed/run.py:852] 
W0831 00:50:31.373000 12358 torch/distributed/run.py:852] *****************************************
W0831 00:50:31.373000 12358 torch/distributed/run.py:852] Setting OMP_NUM_THREADS environment variable for each process to be 1 in default, to avoid your system being overloaded, please further tune the variable for optimal performance in your application as needed. 
W0831 00:50:31.373000 12358 torch/distributed/run.py:852] *****************************************
logs/853d45e0-28cc-409a-a621-96feeb68bb50.txt
resumed training state from step 2000 in eos_shared_state, skipped 2000 batches
step:0/3250 val_loss:3.44309 train_time:0.001s step_avg:nanms
learning_rates step:2000 [{'pattern': '^embed\\.weight$', 'lr': [0.7]}, {'pattern': '^proj\\.weight$', 'lr': [0.004]}, {'pattern': '^blocks\\..*\\.weight$', 'lr': [0.025], 'per_matrix': [{'sorted_index': 0, 'name': 'blocks.0.mlp.fc.weight', 'multiplier': 1.0, 'effective_lr': 0.025}, {'sorted_index': 1, 'name': 'blocks.1.mlp.fc.weight', 'multiplier': 0.6, 'effective_lr': 0.015}, {'sorted_index': 2, 'name': 'blocks.2.mlp.fc.weight', 'multiplier': 0.6, 'effective_lr': 0.015}, {'sorted_index': 3, 'name': 'blocks.3.mlp.fc.weight', 'multiplier': 0.6, 'effective_lr': 0.015}, {'sorted_index': 4, 'name': 'blocks.4.mlp.fc.weight', 'multiplier': 1.0, 'effective_lr': 0.025}, {'sorted_index': 5, 'name': 'blocks.5.mlp.fc.weight', 'multiplier': 1.7, 'effective_lr': 0.0425}, {'sorted_index': 6, 'name': 'blocks.6.mlp.fc.weight', 'multiplier': 1.0, 'effective_lr': 0.025}, {'sorted_index': 7, 'name': 'blocks.7.mlp.fc.weight', 'multiplier': 1.0, 'effective_lr': 0.025}, {'sorted_index': 8, 'name': 'blocks.8.mlp.fc.weight', 'multiplier': 1.7, 'effective_lr': 0.0425}, {'sorted_index': 9, 'name': 'blocks.9.mlp.fc.weight', 'multiplier': 1.7, 'effective_lr': 0.0425}, {'sorted_index': 10, 'name': 'blocks.10.mlp.fc.weight', 'multiplier': 0.6, 'effective_lr': 0.015}, {'sorted_index': 11, 'name': 'blocks.11.mlp.fc.weight', 'multiplier': 1.7, 'effective_lr': 0.0425}, {'sorted_index': 12, 'name': 'blocks.0.mlp.proj.weight', 'multiplier': 1.7, 'effective_lr': 0.0425}, {'sorted_index': 13, 'name': 'blocks.1.mlp.proj.weight', 'multiplier': 1.7, 'effective_lr': 0.0425}, {'sorted_index': 14, 'name': 'blocks.2.mlp.proj.weight', 'multiplier': 1.0, 'effective_lr': 0.025}, {'sorted_index': 15, 'name': 'blocks.3.mlp.proj.weight', 'multiplier': 1.0, 'effective_lr': 0.025}, {'sorted_index': 16, 'name': 'blocks.4.mlp.proj.weight', 'multiplier': 1.7, 'effective_lr': 0.0425}, {'sorted_index': 17, 'name': 'blocks.5.mlp.proj.weight', 'multiplier': 0.6, 'effective_lr': 0.015}, {'sorted_index': 18, 'name': 'blocks.6.mlp.proj.weight', 'multiplier': 0.6, 'effective_lr': 0.015}, {'sorted_index': 19, 'name': 'blocks.7.mlp.proj.weight', 'multiplier': 1.7, 'effective_lr': 0.0425}, {'sorted_index': 20, 'name': 'blocks.8.mlp.proj.weight', 'multiplier': 1.0, 'effective_lr': 0.025}, {'sorted_index': 21, 'name': 'blocks.9.mlp.proj.weight', 'multiplier': 0.6, 'effective_lr': 0.015}, {'sorted_index': 22, 'name': 'blocks.10.mlp.proj.weight', 'multiplier': 0.6, 'effective_lr': 0.015}, {'sorted_index': 23, 'name': 'blocks.11.mlp.proj.weight', 'multiplier': 1.0, 'effective_lr': 0.025}, {'sorted_index': 24, 'name': 'blocks.0.attn.q.weight', 'multiplier': 1.0, 'effective_lr': 0.025}, {'sorted_index': 25, 'name': 'blocks.0.attn.k.weight', 'multiplier': 1.0, 'effective_lr': 0.025}, {'sorted_index': 26, 'name': 'blocks.0.attn.v.weight', 'multiplier': 1.0, 'effective_lr': 0.025}, {'sorted_index': 27, 'name': 'blocks.0.attn.proj.weight', 'multiplier': 0.6, 'effective_lr': 0.015}, {'sorted_index': 28, 'name': 'blocks.1.attn.q.weight', 'multiplier': 1.7, 'effective_lr': 0.0425}, {'sorted_index': 29, 'name': 'blocks.1.attn.k.weight', 'multiplier': 1.7, 'effective_lr': 0.0425}, {'sorted_index': 30, 'name': 'blocks.1.attn.v.weight', 'multiplier': 1.0, 'effective_lr': 0.025}, {'sorted_index': 31, 'name': 'blocks.1.attn.proj.weight', 'multiplier': 1.7, 'effective_lr': 0.0425}, {'sorted_index': 32, 'name': 'blocks.2.attn.q.weight', 'multiplier': 1.0, 'effective_lr': 0.025}, {'sorted_index': 33, 'name': 'blocks.2.attn.k.weight', 'multiplier': 0.6, 'effective_lr': 0.015}, {'sorted_index': 34, 'name': 'blocks.2.attn.v.weight', 'multiplier': 1.7, 'effective_lr': 0.0425}, {'sorted_index': 35, 'name': 'blocks.2.attn.proj.weight', 'multiplier': 1.7, 'effective_lr': 0.0425}, {'sorted_index': 36, 'name': 'blocks.3.attn.q.weight', 'multiplier': 0.6, 'effective_lr': 0.015}, {'sorted_index': 37, 'name': 'blocks.3.attn.k.weight', 'multiplier': 0.6, 'effective_lr': 0.015}, {'sorted_index': 38, 'name': 'blocks.3.attn.v.weight', 'multiplier': 0.6, 'effective_lr': 0.015}, {'sorted_index': 39, 'name': 'blocks.3.attn.proj.weight', 'multiplier': 1.0, 'effective_lr': 0.025}, {'sorted_index': 40, 'name': 'blocks.4.attn.q.weight', 'multiplier': 0.6, 'effective_lr': 0.015}, {'sorted_index': 41, 'name': 'blocks.4.attn.k.weight', 'multiplier': 1.0, 'effective_lr': 0.025}, {'sorted_index': 42, 'name': 'blocks.4.attn.v.weight', 'multiplier': 0.6, 'effective_lr': 0.015}, {'sorted_index': 43, 'name': 'blocks.4.attn.proj.weight', 'multiplier': 1.7, 'effective_lr': 0.0425}, {'sorted_index': 44, 'name': 'blocks.5.attn.q.weight', 'multiplier': 1.7, 'effective_lr': 0.0425}, {'sorted_index': 45, 'name': 'blocks.5.attn.k.weight', 'multiplier': 0.6, 'effective_lr': 0.015}, {'sorted_index': 46, 'name': 'blocks.5.attn.v.weight', 'multiplier': 1.7, 'effective_lr': 0.0425}, {'sorted_index': 47, 'name': 'blocks.5.attn.proj.weight', 'multiplier': 0.6, 'effective_lr': 0.015}, {'sorted_index': 48, 'name': 'blocks.6.attn.q.weight', 'multiplier': 1.0, 'effective_lr': 0.025}, {'sorted_index': 49, 'name': 'blocks.6.attn.k.weight', 'multiplier': 1.7, 'effective_lr': 0.0425}, {'sorted_index': 50, 'name': 'blocks.6.attn.v.weight', 'multiplier': 0.6, 'effective_lr': 0.015}, {'sorted_index': 51, 'name': 'blocks.6.attn.proj.weight', 'multiplier': 0.6, 'effective_lr': 0.015}, {'sorted_index': 52, 'name': 'blocks.7.attn.q.weight', 'multiplier': 1.0, 'effective_lr': 0.025}, {'sorted_index': 53, 'name': 'blocks.7.attn.k.weight', 'multiplier': 0.6, 'effective_lr': 0.015}, {'sorted_index': 54, 'name': 'blocks.7.attn.v.weight', 'multiplier': 1.0, 'effective_lr': 0.025}, {'sorted_index': 55, 'name': 'blocks.7.attn.proj.weight', 'multiplier': 1.7, 'effective_lr': 0.0425}, {'sorted_index': 56, 'name': 'blocks.8.attn.q.weight', 'multiplier': 0.6, 'effective_lr': 0.015}, {'sorted_index': 57, 'name': 'blocks.8.attn.k.weight', 'multiplier': 1.7, 'effective_lr': 0.0425}, {'sorted_index': 58, 'name': 'blocks.8.attn.v.weight', 'multiplier': 1.7, 'effective_lr': 0.0425}, {'sorted_index': 59, 'name': 'blocks.8.attn.proj.weight', 'multiplier': 1.0, 'effective_lr': 0.025}, {'sorted_index': 60, 'name': 'blocks.9.attn.q.weight', 'multiplier': 1.7, 'effective_lr': 0.0425}, {'sorted_index': 61, 'name': 'blocks.9.attn.k.weight', 'multiplier': 1.0, 'effective_lr': 0.025}, {'sorted_index': 62, 'name': 'blocks.9.attn.v.weight', 'multiplier': 0.6, 'effective_lr': 0.015}, {'sorted_index': 63, 'name': 'blocks.9.attn.proj.weight', 'multiplier': 1.0, 'effective_lr': 0.025}, {'sorted_index': 64, 'name': 'blocks.10.attn.q.weight', 'multiplier': 1.7, 'effective_lr': 0.0425}, {'sorted_index': 65, 'name': 'blocks.10.attn.k.weight', 'multiplier': 1.0, 'effective_lr': 0.025}, {'sorted_index': 66, 'name': 'blocks.10.attn.v.weight', 'multiplier': 1.7, 'effective_lr': 0.0425}, {'sorted_index': 67, 'name': 'blocks.10.attn.proj.weight', 'multiplier': 0.6, 'effective_lr': 0.015}, {'sorted_index': 68, 'name': 'blocks.11.attn.q.weight', 'multiplier': 0.6, 'effective_lr': 0.015}, {'sorted_index': 69, 'name': 'blocks.11.attn.k.weight', 'multiplier': 1.7, 'effective_lr': 0.0425}, {'sorted_index': 70, 'name': 'blocks.11.attn.v.weight', 'multiplier': 1.0, 'effective_lr': 0.025}, {'sorted_index': 71, 'name': 'blocks.11.attn.proj.weight', 'multiplier': 1.0, 'effective_lr': 0.025}]}, {'pattern': '.*', 'lr': [0.015]}]
step:2001/3250 train_time:4.362s step_avg:2.18ms
learning_rates step:2001 [{'pattern': '^embed\\.weight$', 'lr': [0.7]}, {'pattern': '^proj\\.weight$', 'lr': [0.004]}, {'pattern': '^blocks\\..*\\.weight$', 'lr': [0.025], 'per_matrix': [{'sorted_index': 0, 'name': 'blocks.0.mlp.fc.weight', 'multiplier': 1.0, 'effective_lr': 0.025}, {'sorted_index': 1, 'name': 'blocks.1.mlp.fc.weight', 'multiplier': 0.6, 'effective_lr': 0.015}, {'sorted_index': 2, 'name': 'blocks.2.mlp.fc.weight', 'multiplier': 0.6, 'effective_lr': 0.015}, {'sorted_index': 3, 'name': 'blocks.3.mlp.fc.weight', 'multiplier': 0.6, 'effective_lr': 0.015}, {'sorted_index': 4, 'name': 'blocks.4.mlp.fc.weight', 'multiplier': 1.0, 'effective_lr': 0.025}, {'sorted_index': 5, 'name': 'blocks.5.mlp.fc.weight', 'multiplier': 1.7, 'effective_lr': 0.0425}, {'sorted_index': 6, 'name': 'blocks.6.mlp.fc.weight', 'multiplier': 1.0, 'effective_lr': 0.025}, {'sorted_index': 7, 'name': 'blocks.7.mlp.fc.weight', 'multiplier': 1.0, 'effective_lr': 0.025}, {'sorted_index': 8, 'name': 'blocks.8.mlp.fc.weight', 'multiplier': 1.7, 'effective_lr': 0.0425}, {'sorted_index': 9, 'name': 'blocks.9.mlp.fc.weight', 'multiplier': 1.7, 'effective_lr': 0.0425}, {'sorted_index': 10, 'name': 'blocks.10.mlp.fc.weight', 'multiplier': 0.6, 'effective_lr': 0.015}, {'sorted_index': 11, 'name': 'blocks.11.mlp.fc.weight', 'multiplier': 1.7, 'effective_lr': 0.0425}, {'sorted_index': 12, 'name': 'blocks.0.mlp.proj.weight', 'multiplier': 1.7, 'effective_lr': 0.0425}, {'sorted_index': 13, 'name': 'blocks.1.mlp.proj.weight', 'multiplier': 1.7, 'effective_lr': 0.0425}, {'sorted_index': 14, 'name': 'blocks.2.mlp.proj.weight', 'multiplier': 1.0, 'effective_lr': 0.025}, {'sorted_index': 15, 'name': 'blocks.3.mlp.proj.weight', 'multiplier': 1.0, 'effective_lr': 0.025}, {'sorted_index': 16, 'name': 'blocks.4.mlp.proj.weight', 'multiplier': 1.7, 'effective_lr': 0.0425}, {'sorted_index': 17, 'name': 'blocks.5.mlp.proj.weight', 'multiplier': 0.6, 'effective_lr': 0.015}, {'sorted_index': 18, 'name': 'blocks.6.mlp.proj.weight', 'multiplier': 0.6, 'effective_lr': 0.015}, {'sorted_index': 19, 'name': 'blocks.7.mlp.proj.weight', 'multiplier': 1.7, 'effective_lr': 0.0425}, {'sorted_index': 20, 'name': 'blocks.8.mlp.proj.weight', 'multiplier': 1.0, 'effective_lr': 0.025}, {'sorted_index': 21, 'name': 'blocks.9.mlp.proj.weight', 'multiplier': 0.6, 'effective_lr': 0.015}, {'sorted_index': 22, 'name': 'blocks.10.mlp.proj.weight', 'multiplier': 0.6, 'effective_lr': 0.015}, {'sorted_index': 23, 'name': 'blocks.11.mlp.proj.weight', 'multiplier': 1.0, 'effective_lr': 0.025}, {'sorted_index': 24, 'name': 'blocks.0.attn.q.weight', 'multiplier': 1.0, 'effective_lr': 0.025}, {'sorted_index': 25, 'name': 'blocks.0.attn.k.weight', 'multiplier': 1.0, 'effective_lr': 0.025}, {'sorted_index': 26, 'name': 'blocks.0.attn.v.weight', 'multiplier': 1.0, 'effective_lr': 0.025}, {'sorted_index': 27, 'name': 'blocks.0.attn.proj.weight', 'multiplier': 0.6, 'effective_lr': 0.015}, {'sorted_index': 28, 'name': 'blocks.1.attn.q.weight', 'multiplier': 1.7, 'effective_lr': 0.0425}, {'sorted_index': 29, 'name': 'blocks.1.attn.k.weight', 'multiplier': 1.7, 'effective_lr': 0.0425}, {'sorted_index': 30, 'name': 'blocks.1.attn.v.weight', 'multiplier': 1.0, 'effective_lr': 0.025}, {'sorted_index': 31, 'name': 'blocks.1.attn.proj.weight', 'multiplier': 1.7, 'effective_lr': 0.0425}, {'sorted_index': 32, 'name': 'blocks.2.attn.q.weight', 'multiplier': 1.0, 'effective_lr': 0.025}, {'sorted_index': 33, 'name': 'blocks.2.attn.k.weight', 'multiplier': 0.6, 'effective_lr': 0.015}, {'sorted_index': 34, 'name': 'blocks.2.attn.v.weight', 'multiplier': 1.7, 'effective_lr': 0.0425}, {'sorted_index': 35, 'name': 'blocks.2.attn.proj.weight', 'multiplier': 1.7, 'effective_lr': 0.0425}, {'sorted_index': 36, 'name': 'blocks.3.attn.q.weight', 'multiplier': 0.6, 'effective_lr': 0.015}, {'sorted_index': 37, 'name': 'blocks.3.attn.k.weight', 'multiplier': 0.6, 'effective_lr': 0.015}, {'sorted_index': 38, 'name': 'blocks.3.attn.v.weight', 'multiplier': 0.6, 'effective_lr': 0.015}, {'sorted_index': 39, 'name': 'blocks.3.attn.proj.weight', 'multiplier': 1.0, 'effective_lr': 0.025}, {'sorted_index': 40, 'name': 'blocks.4.attn.q.weight', 'multiplier': 0.6, 'effective_lr': 0.015}, {'sorted_index': 41, 'name': 'blocks.4.attn.k.weight', 'multiplier': 1.0, 'effective_lr': 0.025}, {'sorted_index': 42, 'name': 'blocks.4.attn.v.weight', 'multiplier': 0.6, 'effective_lr': 0.015}, {'sorted_index': 43, 'name': 'blocks.4.attn.proj.weight', 'multiplier': 1.7, 'effective_lr': 0.0425}, {'sorted_index': 44, 'name': 'blocks.5.attn.q.weight', 'multiplier': 1.7, 'effective_lr': 0.0425}, {'sorted_index': 45, 'name': 'blocks.5.attn.k.weight', 'multiplier': 0.6, 'effective_lr': 0.015}, {'sorted_index': 46, 'name': 'blocks.5.attn.v.weight', 'multiplier': 1.7, 'effective_lr': 0.0425}, {'sorted_index': 47, 'name': 'blocks.5.attn.proj.weight', 'multiplier': 0.6, 'effective_lr': 0.015}, {'sorted_index': 48, 'name': 'blocks.6.attn.q.weight', 'multiplier': 1.0, 'effective_lr': 0.025}, {'sorted_index': 49, 'name': 'blocks.6.attn.k.weight', 'multiplier': 1.7, 'effective_lr': 0.0425}, {'sorted_index': 50, 'name': 'blocks.6.attn.v.weight', 'multiplier': 0.6, 'effective_lr': 0.015}, {'sorted_index': 51, 'name': 'blocks.6.attn.proj.weight', 'multiplier': 0.6, 'effective_lr': 0.015}, {'sorted_index': 52, 'name': 'blocks.7.attn.q.weight', 'multiplier': 1.0, 'effective_lr': 0.025}, {'sorted_index': 53, 'name': 'blocks.7.attn.k.weight', 'multiplier': 0.6, 'effective_lr': 0.015}, {'sorted_index': 54, 'name': 'blocks.7.attn.v.weight', 'multiplier': 1.0, 'effective_lr': 0.025}, {'sorted_index': 55, 'name': 'blocks.7.attn.proj.weight', 'multiplier': 1.7, 'effective_lr': 0.0425}, {'sorted_index': 56, 'name': 'blocks.8.attn.q.weight', 'multiplier': 0.6, 'effective_lr': 0.015}, {'sorted_index': 57, 'name': 'blocks.8.attn.k.weight', 'multiplier': 1.7, 'effective_lr': 0.0425}, {'sorted_index': 58, 'name': 'blocks.8.attn.v.weight', 'multiplier': 1.7, 'effective_lr': 0.0425}, {'sorted_index': 59, 'name': 'blocks.8.attn.proj.weight', 'multiplier': 1.0, 'effective_lr': 0.025}, {'sorted_index': 60, 'name': 'blocks.9.attn.q.weight', 'multiplier': 1.7, 'effective_lr': 0.0425}, {'sorted_index': 61, 'name': 'blocks.9.attn.k.weight', 'multiplier': 1.0, 'effective_lr': 0.025}, {'sorted_index': 62, 'name': 'blocks.9.attn.v.weight', 'multiplier': 0.6, 'effective_lr': 0.015}, {'sorted_index': 63, 'name': 'blocks.9.attn.proj.weight', 'multiplier': 1.0, 'effective_lr': 0.025}, {'sorted_index': 64, 'name': 'blocks.10.attn.q.weight', 'multiplier': 1.7, 'effective_lr': 0.0425}, {'sorted_index': 65, 'name': 'blocks.10.attn.k.weight', 'multiplier': 1.0, 'effective_lr': 0.025}, {'sorted_index': 66, 'name': 'blocks.10.attn.v.weight', 'multiplier': 1.7, 'effective_lr': 0.0425}, {'sorted_index': 67, 'name': 'blocks.10.attn.proj.weight', 'multiplier': 0.6, 'effective_lr': 0.015}, {'sorted_index': 68, 'name': 'blocks.11.attn.q.weight', 'multiplier': 0.6, 'effective_lr': 0.015}, {'sorted_index': 69, 'name': 'blocks.11.attn.k.weight', 'multiplier': 1.7, 'effective_lr': 0.0425}, {'sorted_index': 70, 'name': 'blocks.11.attn.v.weight', 'multiplier': 1.0, 'effective_lr': 0.025}, {'sorted_index': 71, 'name': 'blocks.11.attn.proj.weight', 'multiplier': 1.0, 'effective_lr': 0.025}]}, {'pattern': '.*', 'lr': [0.015]}]
step:2002/3250 train_time:4.501s step_avg:2.25ms
step:2003/3250 train_time:4.656s step_avg:2.32ms
step:2004/3250 train_time:4.808s step_avg:2.40ms
step:2005/3250 train_time:4.962s step_avg:2.47ms
step:2006/3250 train_time:5.116s step_avg:2.55ms
step:2007/3250 train_time:5.267s step_avg:2.62ms
step:2008/3250 train_time:5.421s step_avg:2.70ms
step:2009/3250 train_time:5.574s step_avg:2.77ms
step:2010/3250 train_time:5.727s step_avg:2.85ms
step:2011/3250 train_time:5.881s step_avg:2.92ms
step:2012/3250 train_time:6.037s step_avg:3.00ms
step:2013/3250 train_time:6.188s step_avg:3.07ms
step:2014/3250 train_time:6.341s step_avg:3.15ms
step:2015/3250 train_time:6.496s step_avg:3.22ms
step:2016/3250 train_time:6.650s step_avg:3.30ms
step:2017/3250 train_time:6.803s step_avg:3.37ms
step:2018/3250 train_time:6.957s step_avg:3.45ms
step:2019/3250 train_time:7.110s step_avg:3.52ms
step:2020/3250 train_time:7.264s step_avg:3.60ms
step:2021/3250 train_time:7.419s step_avg:3.67ms
step:2022/3250 train_time:7.573s step_avg:3.75ms
step:2023/3250 train_time:7.726s step_avg:3.82ms
step:2024/3250 train_time:7.880s step_avg:3.89ms
step:2025/3250 train_time:8.035s step_avg:3.97ms
step:2026/3250 train_time:8.188s step_avg:4.04ms
step:2027/3250 train_time:8.342s step_avg:4.12ms
step:2028/3250 train_time:8.494s step_avg:4.19ms
step:2029/3250 train_time:8.648s step_avg:4.26ms
step:2030/3250 train_time:8.801s step_avg:4.34ms
step:2031/3250 train_time:8.958s step_avg:4.41ms
step:2032/3250 train_time:9.112s step_avg:4.48ms
step:2033/3250 train_time:9.265s step_avg:4.56ms
step:2034/3250 train_time:9.420s step_avg:4.63ms
step:2035/3250 train_time:9.573s step_avg:4.70ms
step:2036/3250 train_time:9.727s step_avg:4.78ms
step:2037/3250 train_time:9.880s step_avg:4.85ms
step:2038/3250 train_time:10.033s step_avg:4.92ms
step:2039/3250 train_time:10.186s step_avg:5.00ms
step:2040/3250 train_time:10.340s step_avg:5.07ms
step:2041/3250 train_time:10.495s step_avg:5.14ms
step:2042/3250 train_time:10.649s step_avg:5.21ms
step:2043/3250 train_time:10.802s step_avg:5.29ms
step:2044/3250 train_time:10.958s step_avg:5.36ms
step:2045/3250 train_time:11.111s step_avg:5.43ms
step:2046/3250 train_time:11.265s step_avg:5.51ms
step:2047/3250 train_time:11.420s step_avg:5.58ms
step:2048/3250 train_time:11.572s step_avg:5.65ms
step:2049/3250 train_time:11.726s step_avg:5.72ms
step:2050/3250 train_time:11.880s step_avg:5.80ms
step:2051/3250 train_time:12.036s step_avg:5.87ms
step:2052/3250 train_time:12.190s step_avg:5.94ms
step:2053/3250 train_time:12.344s step_avg:6.01ms
step:2054/3250 train_time:12.499s step_avg:6.09ms
step:2055/3250 train_time:12.652s step_avg:6.16ms
step:2056/3250 train_time:12.805s step_avg:6.23ms
step:2057/3250 train_time:12.960s step_avg:6.30ms
step:2058/3250 train_time:13.114s step_avg:6.37ms
step:2059/3250 train_time:13.267s step_avg:6.44ms
step:2060/3250 train_time:13.421s step_avg:6.52ms
step:2061/3250 train_time:13.575s step_avg:6.59ms
step:2062/3250 train_time:13.729s step_avg:6.66ms
step:2063/3250 train_time:13.882s step_avg:6.73ms
step:2064/3250 train_time:14.038s step_avg:6.80ms
step:2065/3250 train_time:14.192s step_avg:6.87ms
step:2066/3250 train_time:14.346s step_avg:6.94ms
step:2067/3250 train_time:14.500s step_avg:7.02ms
step:2068/3250 train_time:14.656s step_avg:7.09ms
step:2069/3250 train_time:14.809s step_avg:7.16ms
step:2070/3250 train_time:14.963s step_avg:7.23ms
step:2071/3250 train_time:15.118s step_avg:7.30ms
step:2072/3250 train_time:15.271s step_avg:7.37ms
step:2073/3250 train_time:15.425s step_avg:7.44ms
step:2074/3250 train_time:15.579s step_avg:7.51ms
step:2075/3250 train_time:15.733s step_avg:7.58ms
step:2076/3250 train_time:15.886s step_avg:7.65ms
step:2077/3250 train_time:16.041s step_avg:7.72ms
step:2078/3250 train_time:16.195s step_avg:7.79ms
step:2079/3250 train_time:16.349s step_avg:7.86ms
step:2080/3250 train_time:16.503s step_avg:7.93ms
step:2081/3250 train_time:16.659s step_avg:8.01ms
step:2082/3250 train_time:16.813s step_avg:8.08ms
step:2083/3250 train_time:16.966s step_avg:8.14ms
step:2084/3250 train_time:17.120s step_avg:8.21ms
step:2085/3250 train_time:17.272s step_avg:8.28ms
step:2086/3250 train_time:17.425s step_avg:8.35ms
step:2087/3250 train_time:17.579s step_avg:8.42ms
step:2088/3250 train_time:17.732s step_avg:8.49ms
step:2089/3250 train_time:17.885s step_avg:8.56ms
step:2090/3250 train_time:18.040s step_avg:8.63ms
step:2091/3250 train_time:18.229s step_avg:8.72ms
step:2092/3250 train_time:18.382s step_avg:8.79ms
step:2093/3250 train_time:18.536s step_avg:8.86ms
step:2094/3250 train_time:18.689s step_avg:8.92ms
step:2095/3250 train_time:18.842s step_avg:8.99ms
step:2096/3250 train_time:18.995s step_avg:9.06ms
step:2097/3250 train_time:19.148s step_avg:9.13ms
step:2098/3250 train_time:19.301s step_avg:9.20ms
step:2099/3250 train_time:19.455s step_avg:9.27ms
step:2100/3250 train_time:19.607s step_avg:9.34ms
step:2101/3250 train_time:19.761s step_avg:9.41ms
step:2102/3250 train_time:19.915s step_avg:9.47ms
step:2103/3250 train_time:20.067s step_avg:9.54ms
step:2104/3250 train_time:20.220s step_avg:9.61ms
step:2105/3250 train_time:20.373s step_avg:9.68ms
step:2106/3250 train_time:20.525s step_avg:9.75ms
step:2107/3250 train_time:20.679s step_avg:9.81ms
step:2108/3250 train_time:20.835s step_avg:9.88ms
step:2109/3250 train_time:20.987s step_avg:9.95ms
step:2110/3250 train_time:21.140s step_avg:10.02ms
step:2111/3250 train_time:21.294s step_avg:10.09ms
step:2112/3250 train_time:21.446s step_avg:10.15ms
step:2113/3250 train_time:21.600s step_avg:10.22ms
step:2114/3250 train_time:21.755s step_avg:10.29ms
step:2115/3250 train_time:21.907s step_avg:10.36ms
step:2116/3250 train_time:22.061s step_avg:10.43ms
step:2117/3250 train_time:22.215s step_avg:10.49ms
step:2118/3250 train_time:22.367s step_avg:10.56ms
step:2119/3250 train_time:22.521s step_avg:10.63ms
step:2120/3250 train_time:22.674s step_avg:10.70ms
step:2121/3250 train_time:22.827s step_avg:10.76ms
step:2122/3250 train_time:22.981s step_avg:10.83ms
step:2123/3250 train_time:23.136s step_avg:10.90ms
step:2124/3250 train_time:23.289s step_avg:10.96ms
step:2125/3250 train_time:23.443s step_avg:11.03ms
step:2125/3250 val_loss:3.55153 train_time:23.455s step_avg:11.04ms
step:2126/3250 train_time:24.229s step_avg:11.40ms
step:2127/3250 train_time:24.370s step_avg:11.46ms
step:2128/3250 train_time:24.525s step_avg:11.53ms
step:2129/3250 train_time:24.677s step_avg:11.59ms
step:2130/3250 train_time:24.831s step_avg:11.66ms
step:2131/3250 train_time:24.985s step_avg:11.72ms
step:2132/3250 train_time:25.137s step_avg:11.79ms
step:2133/3250 train_time:25.291s step_avg:11.86ms
step:2134/3250 train_time:25.443s step_avg:11.92ms
step:2135/3250 train_time:25.596s step_avg:11.99ms
step:2136/3250 train_time:25.750s step_avg:12.06ms
step:2137/3250 train_time:25.903s step_avg:12.12ms
step:2138/3250 train_time:26.057s step_avg:12.19ms
step:2139/3250 train_time:26.211s step_avg:12.25ms
step:2140/3250 train_time:26.365s step_avg:12.32ms
step:2141/3250 train_time:26.518s step_avg:12.39ms
step:2142/3250 train_time:26.672s step_avg:12.45ms
step:2143/3250 train_time:26.826s step_avg:12.52ms
step:2144/3250 train_time:26.980s step_avg:12.58ms
step:2145/3250 train_time:27.132s step_avg:12.65ms
step:2146/3250 train_time:27.287s step_avg:12.72ms
step:2147/3250 train_time:27.439s step_avg:12.78ms
step:2148/3250 train_time:27.592s step_avg:12.85ms
step:2149/3250 train_time:27.747s step_avg:12.91ms
step:2150/3250 train_time:27.899s step_avg:12.98ms
step:2151/3250 train_time:28.053s step_avg:13.04ms
step:2152/3250 train_time:28.207s step_avg:13.11ms
step:2153/3250 train_time:28.361s step_avg:13.17ms
step:2154/3250 train_time:28.514s step_avg:13.24ms
step:2155/3250 train_time:28.669s step_avg:13.30ms
step:2156/3250 train_time:28.823s step_avg:13.37ms
step:2157/3250 train_time:28.976s step_avg:13.43ms
step:2158/3250 train_time:29.131s step_avg:13.50ms
step:2159/3250 train_time:29.284s step_avg:13.56ms
step:2160/3250 train_time:29.437s step_avg:13.63ms
step:2161/3250 train_time:29.591s step_avg:13.69ms
step:2162/3250 train_time:29.745s step_avg:13.76ms
step:2163/3250 train_time:29.898s step_avg:13.82ms
step:2164/3250 train_time:30.052s step_avg:13.89ms
step:2165/3250 train_time:30.205s step_avg:13.95ms
step:2166/3250 train_time:30.359s step_avg:14.02ms
step:2167/3250 train_time:30.512s step_avg:14.08ms
step:2168/3250 train_time:30.668s step_avg:14.15ms
step:2169/3250 train_time:30.820s step_avg:14.21ms
step:2170/3250 train_time:30.974s step_avg:14.27ms
step:2171/3250 train_time:31.129s step_avg:14.34ms
step:2172/3250 train_time:31.284s step_avg:14.40ms
step:2173/3250 train_time:31.437s step_avg:14.47ms
step:2174/3250 train_time:31.592s step_avg:14.53ms
step:2175/3250 train_time:31.745s step_avg:14.60ms
step:2176/3250 train_time:31.898s step_avg:14.66ms
step:2177/3250 train_time:32.052s step_avg:14.72ms
step:2178/3250 train_time:32.205s step_avg:14.79ms
step:2179/3250 train_time:32.358s step_avg:14.85ms
step:2180/3250 train_time:32.512s step_avg:14.91ms
step:2181/3250 train_time:32.667s step_avg:14.98ms
step:2182/3250 train_time:32.819s step_avg:15.04ms
step:2183/3250 train_time:32.973s step_avg:15.10ms
step:2184/3250 train_time:33.128s step_avg:15.17ms
step:2185/3250 train_time:33.281s step_avg:15.23ms
step:2186/3250 train_time:33.434s step_avg:15.29ms
step:2187/3250 train_time:33.590s step_avg:15.36ms
step:2188/3250 train_time:33.743s step_avg:15.42ms
step:2189/3250 train_time:33.896s step_avg:15.48ms
step:2190/3250 train_time:34.051s step_avg:15.55ms
step:2191/3250 train_time:34.204s step_avg:15.61ms
step:2192/3250 train_time:34.358s step_avg:15.67ms
step:2193/3250 train_time:34.512s step_avg:15.74ms
step:2194/3250 train_time:34.668s step_avg:15.80ms
step:2195/3250 train_time:34.820s step_avg:15.86ms
step:2196/3250 train_time:34.974s step_avg:15.93ms
step:2197/3250 train_time:35.129s step_avg:15.99ms
step:2198/3250 train_time:35.284s step_avg:16.05ms
step:2199/3250 train_time:35.436s step_avg:16.11ms
step:2200/3250 train_time:35.591s step_avg:16.18ms
step:2201/3250 train_time:35.746s step_avg:16.24ms
step:2202/3250 train_time:35.898s step_avg:16.30ms
step:2203/3250 train_time:36.052s step_avg:16.37ms
step:2204/3250 train_time:36.207s step_avg:16.43ms
step:2205/3250 train_time:36.360s step_avg:16.49ms
step:2206/3250 train_time:36.513s step_avg:16.55ms
step:2207/3250 train_time:36.670s step_avg:16.62ms
step:2208/3250 train_time:36.824s step_avg:16.68ms
step:2209/3250 train_time:36.977s step_avg:16.74ms
step:2210/3250 train_time:37.131s step_avg:16.80ms
step:2211/3250 train_time:37.286s step_avg:16.86ms
step:2212/3250 train_time:37.438s step_avg:16.92ms
step:2213/3250 train_time:37.592s step_avg:16.99ms
step:2214/3250 train_time:37.747s step_avg:17.05ms
step:2215/3250 train_time:37.900s step_avg:17.11ms
step:2216/3250 train_time:38.053s step_avg:17.17ms
step:2217/3250 train_time:38.207s step_avg:17.23ms
step:2218/3250 train_time:38.361s step_avg:17.30ms
step:2219/3250 train_time:38.514s step_avg:17.36ms
step:2220/3250 train_time:38.670s step_avg:17.42ms
step:2221/3250 train_time:38.823s step_avg:17.48ms
step:2222/3250 train_time:38.977s step_avg:17.54ms
step:2223/3250 train_time:39.131s step_avg:17.60ms
step:2224/3250 train_time:39.286s step_avg:17.66ms
step:2225/3250 train_time:39.439s step_avg:17.73ms
step:2226/3250 train_time:39.593s step_avg:17.79ms
step:2227/3250 train_time:39.748s step_avg:17.85ms
step:2228/3250 train_time:39.901s step_avg:17.91ms
step:2229/3250 train_time:40.055s step_avg:17.97ms
step:2230/3250 train_time:40.209s step_avg:18.03ms
step:2231/3250 train_time:40.364s step_avg:18.09ms
step:2232/3250 train_time:40.517s step_avg:18.15ms
step:2233/3250 train_time:40.672s step_avg:18.21ms
step:2234/3250 train_time:40.827s step_avg:18.28ms
step:2235/3250 train_time:40.981s step_avg:18.34ms
step:2236/3250 train_time:41.134s step_avg:18.40ms
step:2237/3250 train_time:41.290s step_avg:18.46ms
step:2238/3250 train_time:41.445s step_avg:18.52ms
step:2239/3250 train_time:41.599s step_avg:18.58ms
step:2240/3250 train_time:41.752s step_avg:18.64ms
step:2241/3250 train_time:41.904s step_avg:18.70ms
step:2242/3250 train_time:42.058s step_avg:18.76ms
step:2243/3250 train_time:42.212s step_avg:18.82ms
step:2244/3250 train_time:42.367s step_avg:18.88ms
step:2245/3250 train_time:42.521s step_avg:18.94ms
step:2246/3250 train_time:42.675s step_avg:19.00ms
step:2247/3250 train_time:42.830s step_avg:19.06ms
step:2248/3250 train_time:42.984s step_avg:19.12ms
step:2249/3250 train_time:43.137s step_avg:19.18ms
step:2250/3250 train_time:43.292s step_avg:19.24ms
step:2250/3250 val_loss:3.54116 train_time:43.304s step_avg:158.79ms
step:2251/3250 train_time:44.050s step_avg:19.57ms
step:2252/3250 train_time:44.192s step_avg:19.62ms
step:2253/3250 train_time:44.345s step_avg:19.68ms
step:2254/3250 train_time:44.498s step_avg:19.74ms
step:2255/3250 train_time:44.653s step_avg:19.80ms
step:2256/3250 train_time:44.807s step_avg:19.86ms
step:2257/3250 train_time:44.960s step_avg:19.92ms
step:2258/3250 train_time:45.115s step_avg:19.98ms
step:2259/3250 train_time:45.267s step_avg:20.04ms
step:2260/3250 train_time:45.421s step_avg:20.10ms
step:2261/3250 train_time:45.576s step_avg:20.16ms
step:2262/3250 train_time:45.731s step_avg:20.22ms
step:2263/3250 train_time:45.885s step_avg:20.28ms
step:2264/3250 train_time:46.039s step_avg:20.34ms
step:2265/3250 train_time:46.194s step_avg:20.39ms
step:2266/3250 train_time:46.348s step_avg:20.45ms
step:2267/3250 train_time:46.502s step_avg:20.51ms
step:2268/3250 train_time:46.656s step_avg:20.57ms
step:2269/3250 train_time:46.812s step_avg:20.63ms
step:2270/3250 train_time:46.966s step_avg:20.69ms
step:2271/3250 train_time:47.120s step_avg:20.75ms
step:2272/3250 train_time:47.275s step_avg:20.81ms
step:2273/3250 train_time:47.429s step_avg:20.87ms
step:2274/3250 train_time:47.582s step_avg:20.92ms
step:2275/3250 train_time:47.737s step_avg:20.98ms
step:2276/3250 train_time:47.892s step_avg:21.04ms
step:2277/3250 train_time:48.046s step_avg:21.10ms
step:2278/3250 train_time:48.200s step_avg:21.16ms
step:2279/3250 train_time:48.355s step_avg:21.22ms
step:2280/3250 train_time:48.510s step_avg:21.28ms
step:2281/3250 train_time:48.700s step_avg:21.35ms
step:2282/3250 train_time:48.855s step_avg:21.41ms
step:2283/3250 train_time:49.009s step_avg:21.47ms
step:2284/3250 train_time:49.162s step_avg:21.52ms
step:2285/3250 train_time:49.317s step_avg:21.58ms
step:2286/3250 train_time:49.472s step_avg:21.64ms
step:2287/3250 train_time:49.625s step_avg:21.70ms
step:2288/3250 train_time:49.780s step_avg:21.76ms
step:2289/3250 train_time:49.935s step_avg:21.82ms
step:2290/3250 train_time:50.087s step_avg:21.87ms
step:2291/3250 train_time:50.241s step_avg:21.93ms
step:2292/3250 train_time:50.397s step_avg:21.99ms
step:2293/3250 train_time:50.552s step_avg:22.05ms
step:2294/3250 train_time:50.706s step_avg:22.10ms
step:2295/3250 train_time:50.859s step_avg:22.16ms
step:2296/3250 train_time:51.015s step_avg:22.22ms
step:2297/3250 train_time:51.170s step_avg:22.28ms
step:2298/3250 train_time:51.323s step_avg:22.33ms
step:2299/3250 train_time:51.478s step_avg:22.39ms
step:2300/3250 train_time:51.632s step_avg:22.45ms
step:2301/3250 train_time:51.786s step_avg:22.51ms
step:2302/3250 train_time:51.940s step_avg:22.56ms
step:2303/3250 train_time:52.095s step_avg:22.62ms
step:2304/3250 train_time:52.250s step_avg:22.68ms
step:2305/3250 train_time:52.402s step_avg:22.73ms
step:2306/3250 train_time:52.556s step_avg:22.79ms
step:2307/3250 train_time:52.712s step_avg:22.85ms
step:2308/3250 train_time:52.867s step_avg:22.91ms
step:2309/3250 train_time:53.021s step_avg:22.96ms
step:2310/3250 train_time:53.174s step_avg:23.02ms
step:2311/3250 train_time:53.327s step_avg:23.08ms
step:2312/3250 train_time:53.482s step_avg:23.13ms
step:2313/3250 train_time:53.636s step_avg:23.19ms
step:2314/3250 train_time:53.791s step_avg:23.25ms
step:2315/3250 train_time:53.943s step_avg:23.30ms
step:2316/3250 train_time:54.097s step_avg:23.36ms
step:2317/3250 train_time:54.253s step_avg:23.42ms
step:2318/3250 train_time:54.408s step_avg:23.47ms
step:2319/3250 train_time:54.561s step_avg:23.53ms
step:2320/3250 train_time:54.716s step_avg:23.58ms
step:2321/3250 train_time:54.872s step_avg:23.64ms
step:2322/3250 train_time:55.025s step_avg:23.70ms
step:2323/3250 train_time:55.179s step_avg:23.75ms
step:2324/3250 train_time:55.333s step_avg:23.81ms
step:2325/3250 train_time:55.488s step_avg:23.87ms
step:2326/3250 train_time:55.641s step_avg:23.92ms
step:2327/3250 train_time:55.797s step_avg:23.98ms
step:2328/3250 train_time:55.952s step_avg:24.03ms
step:2329/3250 train_time:56.106s step_avg:24.09ms
step:2330/3250 train_time:56.259s step_avg:24.15ms
step:2331/3250 train_time:56.415s step_avg:24.20ms
step:2332/3250 train_time:56.569s step_avg:24.26ms
step:2333/3250 train_time:56.722s step_avg:24.31ms
step:2334/3250 train_time:56.877s step_avg:24.37ms
step:2335/3250 train_time:57.031s step_avg:24.42ms
step:2336/3250 train_time:57.185s step_avg:24.48ms
step:2337/3250 train_time:57.339s step_avg:24.54ms
step:2338/3250 train_time:57.494s step_avg:24.59ms
step:2339/3250 train_time:57.648s step_avg:24.65ms
step:2340/3250 train_time:57.801s step_avg:24.70ms
step:2341/3250 train_time:57.956s step_avg:24.76ms
step:2342/3250 train_time:58.110s step_avg:24.81ms
step:2343/3250 train_time:58.264s step_avg:24.87ms
step:2344/3250 train_time:58.418s step_avg:24.92ms
step:2345/3250 train_time:58.573s step_avg:24.98ms
step:2346/3250 train_time:58.725s step_avg:25.03ms
step:2347/3250 train_time:58.879s step_avg:25.09ms
step:2348/3250 train_time:59.033s step_avg:25.14ms
step:2349/3250 train_time:59.186s step_avg:25.20ms
step:2350/3250 train_time:59.341s step_avg:25.25ms
step:2351/3250 train_time:59.496s step_avg:25.31ms
step:2352/3250 train_time:59.649s step_avg:25.36ms
step:2353/3250 train_time:59.803s step_avg:25.42ms
step:2354/3250 train_time:59.956s step_avg:25.47ms
step:2355/3250 train_time:60.112s step_avg:25.53ms
step:2356/3250 train_time:60.266s step_avg:25.58ms
step:2357/3250 train_time:60.420s step_avg:25.63ms
step:2358/3250 train_time:60.574s step_avg:25.69ms
step:2359/3250 train_time:60.727s step_avg:25.74ms
step:2360/3250 train_time:60.880s step_avg:25.80ms
step:2361/3250 train_time:61.035s step_avg:25.85ms
step:2362/3250 train_time:61.190s step_avg:25.91ms
step:2363/3250 train_time:61.343s step_avg:25.96ms
step:2364/3250 train_time:61.498s step_avg:26.01ms
step:2365/3250 train_time:61.653s step_avg:26.07ms
step:2366/3250 train_time:61.807s step_avg:26.12ms
step:2367/3250 train_time:61.960s step_avg:26.18ms
step:2368/3250 train_time:62.115s step_avg:26.23ms
step:2369/3250 train_time:62.270s step_avg:26.29ms
step:2370/3250 train_time:62.423s step_avg:26.34ms
step:2371/3250 train_time:62.578s step_avg:26.39ms
step:2372/3250 train_time:62.732s step_avg:26.45ms
step:2373/3250 train_time:62.885s step_avg:26.50ms
step:2374/3250 train_time:63.039s step_avg:26.55ms
step:2375/3250 train_time:63.195s step_avg:26.61ms
step:2375/3250 val_loss:3.53148 train_time:63.207s step_avg:159.22ms
step:2376/3250 train_time:63.927s step_avg:26.91ms
step:2377/3250 train_time:64.066s step_avg:26.95ms
step:2378/3250 train_time:64.221s step_avg:27.01ms
step:2379/3250 train_time:64.373s step_avg:27.06ms
step:2380/3250 train_time:64.528s step_avg:27.11ms
step:2381/3250 train_time:64.682s step_avg:27.17ms
step:2382/3250 train_time:64.835s step_avg:27.22ms
step:2383/3250 train_time:64.988s step_avg:27.27ms
step:2384/3250 train_time:65.143s step_avg:27.32ms
step:2385/3250 train_time:65.296s step_avg:27.38ms
step:2386/3250 train_time:65.449s step_avg:27.43ms
step:2387/3250 train_time:65.604s step_avg:27.48ms
step:2388/3250 train_time:65.757s step_avg:27.54ms
step:2389/3250 train_time:65.910s step_avg:27.59ms
step:2390/3250 train_time:66.063s step_avg:27.64ms
step:2391/3250 train_time:66.218s step_avg:27.69ms
step:2392/3250 train_time:66.371s step_avg:27.75ms
step:2393/3250 train_time:66.526s step_avg:27.80ms
step:2394/3250 train_time:66.680s step_avg:27.85ms
step:2395/3250 train_time:66.832s step_avg:27.90ms
step:2396/3250 train_time:66.985s step_avg:27.96ms
step:2397/3250 train_time:67.140s step_avg:28.01ms
step:2398/3250 train_time:67.293s step_avg:28.06ms
step:2399/3250 train_time:67.446s step_avg:28.11ms
step:2400/3250 train_time:67.598s step_avg:28.17ms
step:2401/3250 train_time:67.751s step_avg:28.22ms
step:2402/3250 train_time:67.905s step_avg:28.27ms
step:2403/3250 train_time:68.058s step_avg:28.32ms
step:2404/3250 train_time:68.211s step_avg:28.37ms
step:2405/3250 train_time:68.365s step_avg:28.43ms
step:2406/3250 train_time:68.519s step_avg:28.48ms
step:2407/3250 train_time:68.672s step_avg:28.53ms
step:2408/3250 train_time:68.827s step_avg:28.58ms
step:2409/3250 train_time:68.980s step_avg:28.63ms
step:2410/3250 train_time:69.134s step_avg:28.69ms
step:2411/3250 train_time:69.286s step_avg:28.74ms
step:2412/3250 train_time:69.441s step_avg:28.79ms
step:2413/3250 train_time:69.594s step_avg:28.84ms
step:2414/3250 train_time:69.748s step_avg:28.89ms
step:2415/3250 train_time:69.902s step_avg:28.94ms
step:2416/3250 train_time:70.055s step_avg:29.00ms
step:2417/3250 train_time:70.208s step_avg:29.05ms
step:2418/3250 train_time:70.362s step_avg:29.10ms
step:2419/3250 train_time:70.515s step_avg:29.15ms
step:2420/3250 train_time:70.670s step_avg:29.20ms
step:2421/3250 train_time:70.825s step_avg:29.25ms
step:2422/3250 train_time:70.978s step_avg:29.31ms
step:2423/3250 train_time:71.131s step_avg:29.36ms
step:2424/3250 train_time:71.285s step_avg:29.41ms
step:2425/3250 train_time:71.439s step_avg:29.46ms
step:2426/3250 train_time:71.591s step_avg:29.51ms
step:2427/3250 train_time:71.745s step_avg:29.56ms
step:2428/3250 train_time:71.899s step_avg:29.61ms
step:2429/3250 train_time:72.051s step_avg:29.66ms
step:2430/3250 train_time:72.205s step_avg:29.71ms
step:2431/3250 train_time:72.358s step_avg:29.76ms
step:2432/3250 train_time:72.511s step_avg:29.82ms
step:2433/3250 train_time:72.665s step_avg:29.87ms
step:2434/3250 train_time:72.819s step_avg:29.92ms
step:2435/3250 train_time:72.972s step_avg:29.97ms
step:2436/3250 train_time:73.126s step_avg:30.02ms
step:2437/3250 train_time:73.280s step_avg:30.07ms
step:2438/3250 train_time:73.434s step_avg:30.12ms
step:2439/3250 train_time:73.586s step_avg:30.17ms
step:2440/3250 train_time:73.741s step_avg:30.22ms
step:2441/3250 train_time:73.894s step_avg:30.27ms
step:2442/3250 train_time:74.048s step_avg:30.32ms
step:2443/3250 train_time:74.203s step_avg:30.37ms
step:2444/3250 train_time:74.356s step_avg:30.42ms
step:2445/3250 train_time:74.509s step_avg:30.47ms
step:2446/3250 train_time:74.664s step_avg:30.52ms
step:2447/3250 train_time:74.815s step_avg:30.57ms
step:2448/3250 train_time:74.969s step_avg:30.62ms
step:2449/3250 train_time:75.127s step_avg:30.68ms
step:2450/3250 train_time:75.282s step_avg:30.73ms
step:2451/3250 train_time:75.436s step_avg:30.78ms
step:2452/3250 train_time:75.590s step_avg:30.83ms
step:2453/3250 train_time:75.743s step_avg:30.88ms
step:2454/3250 train_time:75.897s step_avg:30.93ms
step:2455/3250 train_time:76.050s step_avg:30.98ms
step:2456/3250 train_time:76.206s step_avg:31.03ms
step:2457/3250 train_time:76.359s step_avg:31.08ms
step:2458/3250 train_time:76.513s step_avg:31.13ms
step:2459/3250 train_time:76.666s step_avg:31.18ms
step:2460/3250 train_time:76.822s step_avg:31.23ms
step:2461/3250 train_time:76.974s step_avg:31.28ms
step:2462/3250 train_time:77.128s step_avg:31.33ms
step:2463/3250 train_time:77.283s step_avg:31.38ms
step:2464/3250 train_time:77.437s step_avg:31.43ms
step:2465/3250 train_time:77.590s step_avg:31.48ms
step:2466/3250 train_time:77.745s step_avg:31.53ms
step:2467/3250 train_time:77.900s step_avg:31.58ms
step:2468/3250 train_time:78.053s step_avg:31.63ms
step:2469/3250 train_time:78.206s step_avg:31.68ms
step:2470/3250 train_time:78.360s step_avg:31.72ms
step:2471/3250 train_time:78.559s step_avg:31.79ms
step:2472/3250 train_time:78.713s step_avg:31.84ms
step:2473/3250 train_time:78.867s step_avg:31.89ms
step:2474/3250 train_time:79.022s step_avg:31.94ms
step:2475/3250 train_time:79.176s step_avg:31.99ms
step:2476/3250 train_time:79.330s step_avg:32.04ms
step:2477/3250 train_time:79.484s step_avg:32.09ms
step:2478/3250 train_time:79.638s step_avg:32.14ms
step:2479/3250 train_time:79.790s step_avg:32.19ms
step:2480/3250 train_time:79.945s step_avg:32.24ms
step:2481/3250 train_time:80.099s step_avg:32.29ms
step:2482/3250 train_time:80.252s step_avg:32.33ms
step:2483/3250 train_time:80.406s step_avg:32.38ms
step:2484/3250 train_time:80.560s step_avg:32.43ms
step:2485/3250 train_time:80.713s step_avg:32.48ms
step:2486/3250 train_time:80.867s step_avg:32.53ms
step:2487/3250 train_time:81.022s step_avg:32.58ms
step:2488/3250 train_time:81.173s step_avg:32.63ms
step:2489/3250 train_time:81.328s step_avg:32.67ms
step:2490/3250 train_time:81.482s step_avg:32.72ms
step:2491/3250 train_time:81.636s step_avg:32.77ms
step:2492/3250 train_time:81.789s step_avg:32.82ms
step:2493/3250 train_time:81.944s step_avg:32.87ms
step:2494/3250 train_time:82.099s step_avg:32.92ms
step:2495/3250 train_time:82.251s step_avg:32.97ms
step:2496/3250 train_time:82.405s step_avg:33.01ms
step:2497/3250 train_time:82.558s step_avg:33.06ms
step:2498/3250 train_time:82.710s step_avg:33.11ms
step:2499/3250 train_time:82.865s step_avg:33.16ms
step:2500/3250 train_time:83.020s step_avg:33.21ms
step:2500/3250 val_loss:3.52465 train_time:83.032s step_avg:158.60ms
step:2501/3250 train_time:83.760s step_avg:33.49ms
step:2502/3250 train_time:83.900s step_avg:33.53ms
step:2503/3250 train_time:84.056s step_avg:33.58ms
step:2504/3250 train_time:84.211s step_avg:33.63ms
step:2505/3250 train_time:84.364s step_avg:33.68ms
step:2506/3250 train_time:84.516s step_avg:33.73ms
step:2507/3250 train_time:84.671s step_avg:33.77ms
step:2508/3250 train_time:84.823s step_avg:33.82ms
step:2509/3250 train_time:84.976s step_avg:33.87ms
step:2510/3250 train_time:85.133s step_avg:33.92ms
step:2511/3250 train_time:85.287s step_avg:33.97ms
step:2512/3250 train_time:85.441s step_avg:34.01ms
step:2513/3250 train_time:85.594s step_avg:34.06ms
step:2514/3250 train_time:85.749s step_avg:34.11ms
step:2515/3250 train_time:85.902s step_avg:34.16ms
step:2516/3250 train_time:86.056s step_avg:34.20ms
step:2517/3250 train_time:86.211s step_avg:34.25ms
step:2518/3250 train_time:86.364s step_avg:34.30ms
step:2519/3250 train_time:86.517s step_avg:34.35ms
step:2520/3250 train_time:86.673s step_avg:34.39ms
step:2521/3250 train_time:86.827s step_avg:34.44ms
step:2522/3250 train_time:86.980s step_avg:34.49ms
step:2523/3250 train_time:87.134s step_avg:34.54ms
step:2524/3250 train_time:87.288s step_avg:34.58ms
step:2525/3250 train_time:87.441s step_avg:34.63ms
step:2526/3250 train_time:87.594s step_avg:34.68ms
step:2527/3250 train_time:87.749s step_avg:34.72ms
step:2528/3250 train_time:87.902s step_avg:34.77ms
step:2529/3250 train_time:88.056s step_avg:34.82ms
step:2530/3250 train_time:88.211s step_avg:34.87ms
step:2531/3250 train_time:88.365s step_avg:34.91ms
step:2532/3250 train_time:88.518s step_avg:34.96ms
step:2533/3250 train_time:88.673s step_avg:35.01ms
step:2534/3250 train_time:88.828s step_avg:35.05ms
step:2535/3250 train_time:88.981s step_avg:35.10ms
step:2536/3250 train_time:89.135s step_avg:35.15ms
step:2537/3250 train_time:89.290s step_avg:35.19ms
step:2538/3250 train_time:89.444s step_avg:35.24ms
step:2539/3250 train_time:89.597s step_avg:35.29ms
step:2540/3250 train_time:89.753s step_avg:35.34ms
step:2541/3250 train_time:89.908s step_avg:35.38ms
step:2542/3250 train_time:90.061s step_avg:35.43ms
step:2543/3250 train_time:90.214s step_avg:35.48ms
step:2544/3250 train_time:90.369s step_avg:35.52ms
step:2545/3250 train_time:90.523s step_avg:35.57ms
step:2546/3250 train_time:90.676s step_avg:35.62ms
step:2547/3250 train_time:90.831s step_avg:35.66ms
step:2548/3250 train_time:90.984s step_avg:35.71ms
step:2549/3250 train_time:91.138s step_avg:35.75ms
step:2550/3250 train_time:91.292s step_avg:35.80ms
step:2551/3250 train_time:91.447s step_avg:35.85ms
step:2552/3250 train_time:91.600s step_avg:35.89ms
step:2553/3250 train_time:91.754s step_avg:35.94ms
step:2554/3250 train_time:91.909s step_avg:35.99ms
step:2555/3250 train_time:92.062s step_avg:36.03ms
step:2556/3250 train_time:92.214s step_avg:36.08ms
step:2557/3250 train_time:92.370s step_avg:36.12ms
step:2558/3250 train_time:92.524s step_avg:36.17ms
step:2559/3250 train_time:92.678s step_avg:36.22ms
step:2560/3250 train_time:92.833s step_avg:36.26ms
step:2561/3250 train_time:92.986s step_avg:36.31ms
step:2562/3250 train_time:93.139s step_avg:36.35ms
step:2563/3250 train_time:93.294s step_avg:36.40ms
step:2564/3250 train_time:93.449s step_avg:36.45ms
step:2565/3250 train_time:93.602s step_avg:36.49ms
step:2566/3250 train_time:93.756s step_avg:36.54ms
step:2567/3250 train_time:93.910s step_avg:36.58ms
step:2568/3250 train_time:94.064s step_avg:36.63ms
step:2569/3250 train_time:94.217s step_avg:36.67ms
step:2570/3250 train_time:94.372s step_avg:36.72ms
step:2571/3250 train_time:94.528s step_avg:36.77ms
step:2572/3250 train_time:94.680s step_avg:36.81ms
step:2573/3250 train_time:94.834s step_avg:36.86ms
step:2574/3250 train_time:94.988s step_avg:36.90ms
step:2575/3250 train_time:95.141s step_avg:36.95ms
step:2576/3250 train_time:95.294s step_avg:36.99ms
step:2577/3250 train_time:95.450s step_avg:37.04ms
step:2578/3250 train_time:95.603s step_avg:37.08ms
step:2579/3250 train_time:95.757s step_avg:37.13ms
step:2580/3250 train_time:95.912s step_avg:37.18ms
step:2581/3250 train_time:96.066s step_avg:37.22ms
step:2582/3250 train_time:96.219s step_avg:37.27ms
step:2583/3250 train_time:96.373s step_avg:37.31ms
step:2584/3250 train_time:96.528s step_avg:37.36ms
step:2585/3250 train_time:96.681s step_avg:37.40ms
step:2586/3250 train_time:96.835s step_avg:37.45ms
step:2587/3250 train_time:96.989s step_avg:37.49ms
step:2588/3250 train_time:97.141s step_avg:37.54ms
step:2589/3250 train_time:97.295s step_avg:37.58ms
step:2590/3250 train_time:97.450s step_avg:37.63ms
step:2591/3250 train_time:97.604s step_avg:37.67ms
step:2592/3250 train_time:97.757s step_avg:37.71ms
step:2593/3250 train_time:97.912s step_avg:37.76ms
step:2594/3250 train_time:98.065s step_avg:37.80ms
step:2595/3250 train_time:98.218s step_avg:37.85ms
step:2596/3250 train_time:98.373s step_avg:37.89ms
step:2597/3250 train_time:98.527s step_avg:37.94ms
step:2598/3250 train_time:98.679s step_avg:37.98ms
step:2599/3250 train_time:98.833s step_avg:38.03ms
step:2600/3250 train_time:98.986s step_avg:38.07ms
step:2601/3250 train_time:99.139s step_avg:38.12ms
step:2602/3250 train_time:99.294s step_avg:38.16ms
step:2603/3250 train_time:99.449s step_avg:38.21ms
step:2604/3250 train_time:99.601s step_avg:38.25ms
step:2605/3250 train_time:99.755s step_avg:38.29ms
step:2606/3250 train_time:99.911s step_avg:38.34ms
step:2607/3250 train_time:100.065s step_avg:38.38ms
step:2608/3250 train_time:100.217s step_avg:38.43ms
step:2609/3250 train_time:100.371s step_avg:38.47ms
step:2610/3250 train_time:100.525s step_avg:38.52ms
step:2611/3250 train_time:100.678s step_avg:38.56ms
step:2612/3250 train_time:100.833s step_avg:38.60ms
step:2613/3250 train_time:100.986s step_avg:38.65ms
step:2614/3250 train_time:101.138s step_avg:38.69ms
step:2615/3250 train_time:101.293s step_avg:38.74ms
step:2616/3250 train_time:101.447s step_avg:38.78ms
step:2617/3250 train_time:101.599s step_avg:38.82ms
step:2618/3250 train_time:101.754s step_avg:38.87ms
step:2619/3250 train_time:101.909s step_avg:38.91ms
step:2620/3250 train_time:102.062s step_avg:38.96ms
step:2621/3250 train_time:102.214s step_avg:39.00ms
step:2622/3250 train_time:102.370s step_avg:39.04ms
step:2623/3250 train_time:102.523s step_avg:39.09ms
step:2624/3250 train_time:102.676s step_avg:39.13ms
step:2625/3250 train_time:102.831s step_avg:39.17ms
step:2625/3250 val_loss:3.51686 train_time:102.843s step_avg:158.49ms
step:2626/3250 train_time:103.564s step_avg:39.44ms
step:2627/3250 train_time:103.706s step_avg:39.48ms
step:2628/3250 train_time:103.861s step_avg:39.52ms
step:2629/3250 train_time:104.013s step_avg:39.56ms
step:2630/3250 train_time:104.166s step_avg:39.61ms
step:2631/3250 train_time:104.321s step_avg:39.65ms
step:2632/3250 train_time:104.475s step_avg:39.69ms
step:2633/3250 train_time:104.629s step_avg:39.74ms
step:2634/3250 train_time:104.783s step_avg:39.78ms
step:2635/3250 train_time:104.938s step_avg:39.82ms
step:2636/3250 train_time:105.092s step_avg:39.87ms
step:2637/3250 train_time:105.245s step_avg:39.91ms
step:2638/3250 train_time:105.402s step_avg:39.96ms
step:2639/3250 train_time:105.556s step_avg:40.00ms
step:2640/3250 train_time:105.709s step_avg:40.04ms
step:2641/3250 train_time:105.863s step_avg:40.08ms
step:2642/3250 train_time:106.017s step_avg:40.13ms
step:2643/3250 train_time:106.170s step_avg:40.17ms
step:2644/3250 train_time:106.325s step_avg:40.21ms
step:2645/3250 train_time:106.480s step_avg:40.26ms
step:2646/3250 train_time:106.634s step_avg:40.30ms
step:2647/3250 train_time:106.788s step_avg:40.34ms
step:2648/3250 train_time:106.941s step_avg:40.39ms
step:2649/3250 train_time:107.096s step_avg:40.43ms
step:2650/3250 train_time:107.249s step_avg:40.47ms
step:2651/3250 train_time:107.403s step_avg:40.51ms
step:2652/3250 train_time:107.557s step_avg:40.56ms
step:2653/3250 train_time:107.710s step_avg:40.60ms
step:2654/3250 train_time:107.864s step_avg:40.64ms
step:2655/3250 train_time:108.018s step_avg:40.68ms
step:2656/3250 train_time:108.172s step_avg:40.73ms
step:2657/3250 train_time:108.326s step_avg:40.77ms
step:2658/3250 train_time:108.482s step_avg:40.81ms
step:2659/3250 train_time:108.637s step_avg:40.86ms
step:2660/3250 train_time:108.791s step_avg:40.90ms
step:2661/3250 train_time:108.986s step_avg:40.96ms
step:2662/3250 train_time:109.140s step_avg:41.00ms
step:2663/3250 train_time:109.294s step_avg:41.04ms
step:2664/3250 train_time:109.447s step_avg:41.08ms
step:2665/3250 train_time:109.602s step_avg:41.13ms
step:2666/3250 train_time:109.756s step_avg:41.17ms
step:2667/3250 train_time:109.908s step_avg:41.21ms
step:2668/3250 train_time:110.063s step_avg:41.25ms
step:2669/3250 train_time:110.217s step_avg:41.30ms
step:2670/3250 train_time:110.370s step_avg:41.34ms
step:2671/3250 train_time:110.523s step_avg:41.38ms
step:2672/3250 train_time:110.678s step_avg:41.42ms
step:2673/3250 train_time:110.832s step_avg:41.46ms
step:2674/3250 train_time:110.986s step_avg:41.51ms
step:2675/3250 train_time:111.140s step_avg:41.55ms
step:2676/3250 train_time:111.292s step_avg:41.59ms
step:2677/3250 train_time:111.446s step_avg:41.63ms
step:2678/3250 train_time:111.602s step_avg:41.67ms
step:2679/3250 train_time:111.758s step_avg:41.72ms
step:2680/3250 train_time:111.911s step_avg:41.76ms
step:2681/3250 train_time:112.065s step_avg:41.80ms
step:2682/3250 train_time:112.219s step_avg:41.84ms
step:2683/3250 train_time:112.372s step_avg:41.88ms
step:2684/3250 train_time:112.525s step_avg:41.92ms
step:2685/3250 train_time:112.681s step_avg:41.97ms
step:2686/3250 train_time:112.834s step_avg:42.01ms
step:2687/3250 train_time:112.988s step_avg:42.05ms
step:2688/3250 train_time:113.142s step_avg:42.09ms
step:2689/3250 train_time:113.297s step_avg:42.13ms
step:2690/3250 train_time:113.450s step_avg:42.17ms
step:2691/3250 train_time:113.605s step_avg:42.22ms
step:2692/3250 train_time:113.757s step_avg:42.26ms
step:2693/3250 train_time:113.910s step_avg:42.30ms
step:2694/3250 train_time:114.064s step_avg:42.34ms
step:2695/3250 train_time:114.217s step_avg:42.38ms
step:2696/3250 train_time:114.369s step_avg:42.42ms
step:2697/3250 train_time:114.523s step_avg:42.46ms
step:2698/3250 train_time:114.679s step_avg:42.51ms
step:2699/3250 train_time:114.832s step_avg:42.55ms
step:2700/3250 train_time:114.986s step_avg:42.59ms
step:2701/3250 train_time:115.140s step_avg:42.63ms
step:2702/3250 train_time:115.294s step_avg:42.67ms
step:2703/3250 train_time:115.447s step_avg:42.71ms
step:2704/3250 train_time:115.603s step_avg:42.75ms
step:2705/3250 train_time:115.757s step_avg:42.79ms
step:2706/3250 train_time:115.910s step_avg:42.83ms
step:2707/3250 train_time:116.064s step_avg:42.88ms
step:2708/3250 train_time:116.218s step_avg:42.92ms
step:2709/3250 train_time:116.371s step_avg:42.96ms
step:2710/3250 train_time:116.525s step_avg:43.00ms
step:2711/3250 train_time:116.680s step_avg:43.04ms
step:2712/3250 train_time:116.834s step_avg:43.08ms
step:2713/3250 train_time:116.988s step_avg:43.12ms
step:2714/3250 train_time:117.142s step_avg:43.16ms
step:2715/3250 train_time:117.296s step_avg:43.20ms
step:2716/3250 train_time:117.449s step_avg:43.24ms
step:2717/3250 train_time:117.603s step_avg:43.28ms
step:2718/3250 train_time:117.759s step_avg:43.33ms
step:2719/3250 train_time:117.911s step_avg:43.37ms
step:2720/3250 train_time:118.065s step_avg:43.41ms
step:2721/3250 train_time:118.218s step_avg:43.45ms
step:2722/3250 train_time:118.372s step_avg:43.49ms
step:2723/3250 train_time:118.525s step_avg:43.53ms
step:2724/3250 train_time:118.680s step_avg:43.57ms
step:2725/3250 train_time:118.834s step_avg:43.61ms
step:2726/3250 train_time:118.988s step_avg:43.65ms
step:2727/3250 train_time:119.141s step_avg:43.69ms
step:2728/3250 train_time:119.294s step_avg:43.73ms
step:2729/3250 train_time:119.447s step_avg:43.77ms
step:2730/3250 train_time:119.602s step_avg:43.81ms
step:2731/3250 train_time:119.757s step_avg:43.85ms
step:2732/3250 train_time:119.910s step_avg:43.89ms
step:2733/3250 train_time:120.063s step_avg:43.93ms
step:2734/3250 train_time:120.217s step_avg:43.97ms
step:2735/3250 train_time:120.371s step_avg:44.01ms
step:2736/3250 train_time:120.523s step_avg:44.05ms
step:2737/3250 train_time:120.678s step_avg:44.09ms
step:2738/3250 train_time:120.831s step_avg:44.13ms
step:2739/3250 train_time:120.986s step_avg:44.17ms
step:2740/3250 train_time:121.140s step_avg:44.21ms
step:2741/3250 train_time:121.295s step_avg:44.25ms
step:2742/3250 train_time:121.448s step_avg:44.29ms
step:2743/3250 train_time:121.602s step_avg:44.33ms
step:2744/3250 train_time:121.757s step_avg:44.37ms
step:2745/3250 train_time:121.909s step_avg:44.41ms
step:2746/3250 train_time:122.063s step_avg:44.45ms
step:2747/3250 train_time:122.217s step_avg:44.49ms
step:2748/3250 train_time:122.370s step_avg:44.53ms
step:2749/3250 train_time:122.524s step_avg:44.57ms
step:2750/3250 train_time:122.679s step_avg:44.61ms
step:2750/3250 val_loss:3.51217 train_time:122.690s step_avg:158.78ms
step:2751/3250 train_time:123.417s step_avg:44.86ms
step:2752/3250 train_time:123.555s step_avg:44.90ms
step:2753/3250 train_time:123.708s step_avg:44.94ms
step:2754/3250 train_time:123.861s step_avg:44.97ms
step:2755/3250 train_time:124.016s step_avg:45.01ms
step:2756/3250 train_time:124.170s step_avg:45.05ms
step:2757/3250 train_time:124.325s step_avg:45.09ms
step:2758/3250 train_time:124.477s step_avg:45.13ms
step:2759/3250 train_time:124.632s step_avg:45.17ms
step:2760/3250 train_time:124.787s step_avg:45.21ms
step:2761/3250 train_time:124.939s step_avg:45.25ms
step:2762/3250 train_time:125.092s step_avg:45.29ms
step:2763/3250 train_time:125.245s step_avg:45.33ms
step:2764/3250 train_time:125.399s step_avg:45.37ms
step:2765/3250 train_time:125.553s step_avg:45.41ms
step:2766/3250 train_time:125.708s step_avg:45.45ms
step:2767/3250 train_time:125.860s step_avg:45.49ms
step:2768/3250 train_time:126.015s step_avg:45.53ms
step:2769/3250 train_time:126.169s step_avg:45.56ms
step:2770/3250 train_time:126.323s step_avg:45.60ms
step:2771/3250 train_time:126.476s step_avg:45.64ms
step:2772/3250 train_time:126.630s step_avg:45.68ms
step:2773/3250 train_time:126.784s step_avg:45.72ms
step:2774/3250 train_time:126.937s step_avg:45.76ms
step:2775/3250 train_time:127.092s step_avg:45.80ms
step:2776/3250 train_time:127.244s step_avg:45.84ms
step:2777/3250 train_time:127.398s step_avg:45.88ms
step:2778/3250 train_time:127.552s step_avg:45.91ms
step:2779/3250 train_time:127.706s step_avg:45.95ms
step:2780/3250 train_time:127.859s step_avg:45.99ms
step:2781/3250 train_time:128.013s step_avg:46.03ms
step:2782/3250 train_time:128.168s step_avg:46.07ms
step:2783/3250 train_time:128.321s step_avg:46.11ms
step:2784/3250 train_time:128.473s step_avg:46.15ms
step:2785/3250 train_time:128.628s step_avg:46.19ms
step:2786/3250 train_time:128.781s step_avg:46.22ms
step:2787/3250 train_time:128.935s step_avg:46.26ms
step:2788/3250 train_time:129.090s step_avg:46.30ms
step:2789/3250 train_time:129.243s step_avg:46.34ms
step:2790/3250 train_time:129.396s step_avg:46.38ms
step:2791/3250 train_time:129.550s step_avg:46.42ms
step:2792/3250 train_time:129.704s step_avg:46.46ms
step:2793/3250 train_time:129.856s step_avg:46.49ms
step:2794/3250 train_time:130.012s step_avg:46.53ms
step:2795/3250 train_time:130.166s step_avg:46.57ms
step:2796/3250 train_time:130.319s step_avg:46.61ms
step:2797/3250 train_time:130.471s step_avg:46.65ms
step:2798/3250 train_time:130.625s step_avg:46.69ms
step:2799/3250 train_time:130.778s step_avg:46.72ms
step:2800/3250 train_time:130.933s step_avg:46.76ms
step:2801/3250 train_time:131.087s step_avg:46.80ms
step:2802/3250 train_time:131.240s step_avg:46.84ms
step:2803/3250 train_time:131.393s step_avg:46.88ms
step:2804/3250 train_time:131.546s step_avg:46.91ms
step:2805/3250 train_time:131.700s step_avg:46.95ms
step:2806/3250 train_time:131.853s step_avg:46.99ms
step:2807/3250 train_time:132.008s step_avg:47.03ms
step:2808/3250 train_time:132.161s step_avg:47.07ms
step:2809/3250 train_time:132.315s step_avg:47.10ms
step:2810/3250 train_time:132.469s step_avg:47.14ms
step:2811/3250 train_time:132.624s step_avg:47.18ms
step:2812/3250 train_time:132.778s step_avg:47.22ms
step:2813/3250 train_time:132.932s step_avg:47.26ms
step:2814/3250 train_time:133.086s step_avg:47.29ms
step:2815/3250 train_time:133.239s step_avg:47.33ms
step:2816/3250 train_time:133.393s step_avg:47.37ms
step:2817/3250 train_time:133.547s step_avg:47.41ms
step:2818/3250 train_time:133.700s step_avg:47.45ms
step:2819/3250 train_time:133.854s step_avg:47.48ms
step:2820/3250 train_time:134.009s step_avg:47.52ms
step:2821/3250 train_time:134.162s step_avg:47.56ms
step:2822/3250 train_time:134.317s step_avg:47.60ms
step:2823/3250 train_time:134.470s step_avg:47.63ms
step:2824/3250 train_time:134.625s step_avg:47.67ms
step:2825/3250 train_time:134.778s step_avg:47.71ms
step:2826/3250 train_time:134.933s step_avg:47.75ms
step:2827/3250 train_time:135.087s step_avg:47.78ms
step:2828/3250 train_time:135.240s step_avg:47.82ms
step:2829/3250 train_time:135.394s step_avg:47.86ms
step:2830/3250 train_time:135.548s step_avg:47.90ms
step:2831/3250 train_time:135.702s step_avg:47.93ms
step:2832/3250 train_time:135.855s step_avg:47.97ms
step:2833/3250 train_time:136.010s step_avg:48.01ms
step:2834/3250 train_time:136.164s step_avg:48.05ms
step:2835/3250 train_time:136.318s step_avg:48.08ms
step:2836/3250 train_time:136.471s step_avg:48.12ms
step:2837/3250 train_time:136.625s step_avg:48.16ms
step:2838/3250 train_time:136.777s step_avg:48.19ms
step:2839/3250 train_time:136.932s step_avg:48.23ms
step:2840/3250 train_time:137.087s step_avg:48.27ms
step:2841/3250 train_time:137.240s step_avg:48.31ms
step:2842/3250 train_time:137.395s step_avg:48.34ms
step:2843/3250 train_time:137.549s step_avg:48.38ms
step:2844/3250 train_time:137.703s step_avg:48.42ms
step:2845/3250 train_time:137.856s step_avg:48.46ms
step:2846/3250 train_time:138.011s step_avg:48.49ms
step:2847/3250 train_time:138.165s step_avg:48.53ms
step:2848/3250 train_time:138.319s step_avg:48.57ms
step:2849/3250 train_time:138.472s step_avg:48.60ms
step:2850/3250 train_time:138.627s step_avg:48.64ms
step:2851/3250 train_time:138.817s step_avg:48.69ms
EXIT=0 rid=req023_f2000_a0
