W0831 15:06:39.777000 9432 torch/distributed/run.py:852] 
W0831 15:06:39.777000 9432 torch/distributed/run.py:852] *****************************************
W0831 15:06:39.777000 9432 torch/distributed/run.py:852] Setting OMP_NUM_THREADS environment variable for each process to be 1 in default, to avoid your system being overloaded, please further tune the variable for optimal performance in your application as needed. 
W0831 15:06:39.777000 9432 torch/distributed/run.py:852] *****************************************
logs/325fba60-027b-4d6a-a9dd-0ddea1bb2f12.txt
resumed training state from step 2000 in eos_shared_state, skipped 250 batches
step:0/3250 val_loss:3.44335 train_time:0.001s step_avg:nanms
step:2001/3250 train_time:3.590s step_avg:1.79ms
step:2002/3250 train_time:4.729s step_avg:2.36ms
step:2003/3250 train_time:5.872s step_avg:2.93ms
step:2004/3250 train_time:7.059s step_avg:3.52ms
step:2005/3250 train_time:8.206s step_avg:4.09ms
step:2006/3250 train_time:9.352s step_avg:4.66ms
step:2007/3250 train_time:10.495s step_avg:5.23ms
step:2008/3250 train_time:11.641s step_avg:5.80ms
step:2009/3250 train_time:12.786s step_avg:6.36ms
step:2010/3250 train_time:13.931s step_avg:6.93ms
step:2011/3250 train_time:15.075s step_avg:7.50ms
step:2012/3250 train_time:16.222s step_avg:8.06ms
step:2013/3250 train_time:17.368s step_avg:8.63ms
step:2014/3250 train_time:18.513s step_avg:9.19ms
step:2015/3250 train_time:19.659s step_avg:9.76ms
step:2016/3250 train_time:20.806s step_avg:10.32ms
step:2017/3250 train_time:21.954s step_avg:10.88ms
step:2018/3250 train_time:23.103s step_avg:11.45ms
step:2019/3250 train_time:24.250s step_avg:12.01ms
step:2020/3250 train_time:25.394s step_avg:12.57ms
step:2021/3250 train_time:26.542s step_avg:13.13ms
step:2022/3250 train_time:27.690s step_avg:13.69ms
step:2023/3250 train_time:28.837s step_avg:14.25ms
step:2024/3250 train_time:29.987s step_avg:14.82ms
step:2025/3250 train_time:31.137s step_avg:15.38ms
step:2026/3250 train_time:32.288s step_avg:15.94ms
step:2027/3250 train_time:33.482s step_avg:16.52ms
step:2028/3250 train_time:34.634s step_avg:17.08ms
step:2029/3250 train_time:35.782s step_avg:17.64ms
step:2030/3250 train_time:36.933s step_avg:18.19ms
step:2031/3250 train_time:38.081s step_avg:18.75ms
step:2032/3250 train_time:39.231s step_avg:19.31ms
step:2033/3250 train_time:40.379s step_avg:19.86ms
step:2034/3250 train_time:41.531s step_avg:20.42ms
step:2035/3250 train_time:42.678s step_avg:20.97ms
step:2036/3250 train_time:43.829s step_avg:21.53ms
step:2037/3250 train_time:44.980s step_avg:22.08ms
step:2038/3250 train_time:46.130s step_avg:22.64ms
step:2039/3250 train_time:47.282s step_avg:23.19ms
step:2040/3250 train_time:48.433s step_avg:23.74ms
step:2041/3250 train_time:49.583s step_avg:24.29ms
step:2042/3250 train_time:50.735s step_avg:24.85ms
step:2043/3250 train_time:51.884s step_avg:25.40ms
step:2044/3250 train_time:53.037s step_avg:25.95ms
step:2045/3250 train_time:54.189s step_avg:26.50ms
step:2046/3250 train_time:55.341s step_avg:27.05ms
step:2047/3250 train_time:56.494s step_avg:27.60ms
step:2048/3250 train_time:57.645s step_avg:28.15ms
step:2049/3250 train_time:58.798s step_avg:28.70ms
step:2050/3250 train_time:59.988s step_avg:29.26ms
step:2051/3250 train_time:61.142s step_avg:29.81ms
step:2052/3250 train_time:62.295s step_avg:30.36ms
step:2053/3250 train_time:63.446s step_avg:30.90ms
step:2054/3250 train_time:64.598s step_avg:31.45ms
step:2055/3250 train_time:65.749s step_avg:31.99ms
step:2056/3250 train_time:66.905s step_avg:32.54ms
step:2057/3250 train_time:68.059s step_avg:33.09ms
step:2058/3250 train_time:69.209s step_avg:33.63ms
step:2059/3250 train_time:70.364s step_avg:34.17ms
step:2060/3250 train_time:71.516s step_avg:34.72ms
step:2061/3250 train_time:72.666s step_avg:35.26ms
step:2062/3250 train_time:73.823s step_avg:35.80ms
step:2063/3250 train_time:74.975s step_avg:36.34ms
step:2064/3250 train_time:76.128s step_avg:36.88ms
step:2065/3250 train_time:77.286s step_avg:37.43ms
step:2066/3250 train_time:78.440s step_avg:37.97ms
step:2067/3250 train_time:79.593s step_avg:38.51ms
step:2068/3250 train_time:80.745s step_avg:39.05ms
step:2069/3250 train_time:81.902s step_avg:39.59ms
step:2070/3250 train_time:83.054s step_avg:40.12ms
step:2071/3250 train_time:84.205s step_avg:40.66ms
step:2072/3250 train_time:85.358s step_avg:41.20ms
step:2073/3250 train_time:86.559s step_avg:41.76ms
step:2074/3250 train_time:87.710s step_avg:42.29ms
step:2075/3250 train_time:88.864s step_avg:42.83ms
step:2076/3250 train_time:90.014s step_avg:43.36ms
step:2077/3250 train_time:91.163s step_avg:43.89ms
step:2078/3250 train_time:92.314s step_avg:44.42ms
step:2079/3250 train_time:93.464s step_avg:44.96ms
step:2080/3250 train_time:94.617s step_avg:45.49ms
step:2081/3250 train_time:95.767s step_avg:46.02ms
step:2082/3250 train_time:96.916s step_avg:46.55ms
step:2083/3250 train_time:98.066s step_avg:47.08ms
step:2084/3250 train_time:99.218s step_avg:47.61ms
step:2085/3250 train_time:100.365s step_avg:48.14ms
step:2086/3250 train_time:101.517s step_avg:48.67ms
step:2087/3250 train_time:102.667s step_avg:49.19ms
step:2088/3250 train_time:103.818s step_avg:49.72ms
step:2089/3250 train_time:104.966s step_avg:50.25ms
step:2090/3250 train_time:106.119s step_avg:50.77ms
step:2091/3250 train_time:107.267s step_avg:51.30ms
step:2092/3250 train_time:108.421s step_avg:51.83ms
step:2093/3250 train_time:109.571s step_avg:52.35ms
step:2094/3250 train_time:110.724s step_avg:52.88ms
step:2095/3250 train_time:111.877s step_avg:53.40ms
step:2096/3250 train_time:113.064s step_avg:53.94ms
step:2097/3250 train_time:114.218s step_avg:54.47ms
step:2098/3250 train_time:115.368s step_avg:54.99ms
step:2099/3250 train_time:116.521s step_avg:55.51ms
step:2100/3250 train_time:117.671s step_avg:56.03ms
step:2101/3250 train_time:118.821s step_avg:56.55ms
step:2102/3250 train_time:119.970s step_avg:57.07ms
step:2103/3250 train_time:121.119s step_avg:57.59ms
step:2104/3250 train_time:122.268s step_avg:58.11ms
step:2105/3250 train_time:123.422s step_avg:58.63ms
step:2106/3250 train_time:124.572s step_avg:59.15ms
step:2107/3250 train_time:125.723s step_avg:59.67ms
step:2108/3250 train_time:126.874s step_avg:60.19ms
step:2109/3250 train_time:128.024s step_avg:60.70ms
step:2110/3250 train_time:129.174s step_avg:61.22ms
step:2111/3250 train_time:130.325s step_avg:61.74ms
step:2112/3250 train_time:131.479s step_avg:62.25ms
step:2113/3250 train_time:132.629s step_avg:62.77ms
step:2114/3250 train_time:133.781s step_avg:63.28ms
step:2115/3250 train_time:134.933s step_avg:63.80ms
step:2116/3250 train_time:136.085s step_avg:64.31ms
step:2117/3250 train_time:137.237s step_avg:64.83ms
step:2118/3250 train_time:138.384s step_avg:65.34ms
step:2119/3250 train_time:139.584s step_avg:65.87ms
step:2120/3250 train_time:140.737s step_avg:66.39ms
step:2121/3250 train_time:141.889s step_avg:66.90ms
step:2122/3250 train_time:143.042s step_avg:67.41ms
step:2123/3250 train_time:144.192s step_avg:67.92ms
step:2124/3250 train_time:145.345s step_avg:68.43ms
step:2125/3250 train_time:146.497s step_avg:68.94ms
step:2125/3250 val_loss:3.31610 train_time:146.509s step_avg:68.95ms
step:2126/3250 train_time:147.654s step_avg:69.45ms
step:2127/3250 train_time:148.807s step_avg:69.96ms
step:2128/3250 train_time:149.957s step_avg:70.47ms
step:2129/3250 train_time:151.112s step_avg:70.98ms
step:2130/3250 train_time:152.264s step_avg:71.49ms
step:2131/3250 train_time:153.414s step_avg:71.99ms
step:2132/3250 train_time:154.572s step_avg:72.50ms
step:2133/3250 train_time:155.726s step_avg:73.01ms
step:2134/3250 train_time:156.877s step_avg:73.51ms
step:2135/3250 train_time:158.030s step_avg:74.02ms
step:2136/3250 train_time:159.181s step_avg:74.52ms
step:2137/3250 train_time:160.333s step_avg:75.03ms
step:2138/3250 train_time:161.486s step_avg:75.53ms
step:2139/3250 train_time:162.636s step_avg:76.03ms
step:2140/3250 train_time:163.790s step_avg:76.54ms
step:2141/3250 train_time:164.941s step_avg:77.04ms
step:2142/3250 train_time:166.137s step_avg:77.56ms
step:2143/3250 train_time:167.293s step_avg:78.06ms
step:2144/3250 train_time:168.451s step_avg:78.57ms
step:2145/3250 train_time:169.601s step_avg:79.07ms
step:2146/3250 train_time:170.756s step_avg:79.57ms
step:2147/3250 train_time:171.908s step_avg:80.07ms
step:2148/3250 train_time:173.061s step_avg:80.57ms
step:2149/3250 train_time:174.212s step_avg:81.07ms
step:2150/3250 train_time:175.364s step_avg:81.56ms
step:2151/3250 train_time:176.515s step_avg:82.06ms
step:2152/3250 train_time:177.667s step_avg:82.56ms
step:2153/3250 train_time:178.818s step_avg:83.06ms
step:2154/3250 train_time:179.972s step_avg:83.55ms
step:2155/3250 train_time:181.124s step_avg:84.05ms
step:2156/3250 train_time:182.276s step_avg:84.54ms
step:2157/3250 train_time:183.429s step_avg:85.04ms
step:2158/3250 train_time:184.580s step_avg:85.53ms
step:2159/3250 train_time:185.733s step_avg:86.03ms
step:2160/3250 train_time:186.885s step_avg:86.52ms
step:2161/3250 train_time:188.036s step_avg:87.01ms
step:2162/3250 train_time:189.187s step_avg:87.51ms
step:2163/3250 train_time:190.339s step_avg:88.00ms
step:2164/3250 train_time:191.488s step_avg:88.49ms
step:2165/3250 train_time:192.684s step_avg:89.00ms
step:2166/3250 train_time:193.835s step_avg:89.49ms
step:2167/3250 train_time:194.990s step_avg:89.98ms
step:2168/3250 train_time:196.139s step_avg:90.47ms
step:2169/3250 train_time:197.289s step_avg:90.96ms
step:2170/3250 train_time:198.440s step_avg:91.45ms
step:2171/3250 train_time:199.588s step_avg:91.93ms
step:2172/3250 train_time:200.738s step_avg:92.42ms
step:2173/3250 train_time:201.888s step_avg:92.91ms
step:2174/3250 train_time:203.040s step_avg:93.39ms
step:2175/3250 train_time:204.190s step_avg:93.88ms
step:2176/3250 train_time:205.345s step_avg:94.37ms
step:2177/3250 train_time:206.494s step_avg:94.85ms
step:2178/3250 train_time:207.647s step_avg:95.34ms
step:2179/3250 train_time:208.798s step_avg:95.82ms
step:2180/3250 train_time:209.952s step_avg:96.31ms
step:2181/3250 train_time:211.105s step_avg:96.79ms
step:2182/3250 train_time:212.257s step_avg:97.28ms
step:2183/3250 train_time:213.411s step_avg:97.76ms
step:2184/3250 train_time:214.562s step_avg:98.24ms
step:2185/3250 train_time:215.714s step_avg:98.72ms
step:2186/3250 train_time:216.868s step_avg:99.21ms
step:2187/3250 train_time:218.019s step_avg:99.69ms
step:2188/3250 train_time:219.216s step_avg:100.19ms
step:2189/3250 train_time:220.371s step_avg:100.67ms
step:2190/3250 train_time:221.523s step_avg:101.15ms
step:2191/3250 train_time:222.674s step_avg:101.63ms
step:2192/3250 train_time:223.829s step_avg:102.11ms
step:2193/3250 train_time:224.979s step_avg:102.59ms
step:2194/3250 train_time:226.134s step_avg:103.07ms
step:2195/3250 train_time:227.284s step_avg:103.55ms
step:2196/3250 train_time:228.435s step_avg:104.02ms
step:2197/3250 train_time:229.587s step_avg:104.50ms
step:2198/3250 train_time:230.738s step_avg:104.98ms
step:2199/3250 train_time:231.887s step_avg:105.45ms
step:2200/3250 train_time:233.038s step_avg:105.93ms
step:2201/3250 train_time:234.188s step_avg:106.40ms
step:2202/3250 train_time:235.339s step_avg:106.88ms
step:2203/3250 train_time:236.486s step_avg:107.35ms
step:2204/3250 train_time:237.638s step_avg:107.82ms
step:2205/3250 train_time:238.787s step_avg:108.29ms
step:2206/3250 train_time:239.937s step_avg:108.77ms
step:2207/3250 train_time:241.088s step_avg:109.24ms
step:2208/3250 train_time:242.240s step_avg:109.71ms
step:2209/3250 train_time:243.386s step_avg:110.18ms
step:2210/3250 train_time:244.536s step_avg:110.65ms
step:2211/3250 train_time:245.734s step_avg:111.14ms
step:2212/3250 train_time:246.888s step_avg:111.61ms
step:2213/3250 train_time:248.038s step_avg:112.08ms
step:2214/3250 train_time:249.189s step_avg:112.55ms
step:2215/3250 train_time:250.339s step_avg:113.02ms
step:2216/3250 train_time:251.494s step_avg:113.49ms
step:2217/3250 train_time:252.646s step_avg:113.96ms
step:2218/3250 train_time:253.795s step_avg:114.43ms
step:2219/3250 train_time:254.948s step_avg:114.89ms
step:2220/3250 train_time:256.098s step_avg:115.36ms
step:2221/3250 train_time:257.252s step_avg:115.83ms
step:2222/3250 train_time:258.403s step_avg:116.29ms
step:2223/3250 train_time:259.555s step_avg:116.76ms
step:2224/3250 train_time:260.708s step_avg:117.22ms
step:2225/3250 train_time:261.859s step_avg:117.69ms
step:2226/3250 train_time:263.011s step_avg:118.15ms
step:2227/3250 train_time:264.163s step_avg:118.62ms
step:2228/3250 train_time:265.313s step_avg:119.08ms
step:2229/3250 train_time:266.467s step_avg:119.55ms
step:2230/3250 train_time:267.620s step_avg:120.01ms
step:2231/3250 train_time:268.770s step_avg:120.47ms
step:2232/3250 train_time:269.921s step_avg:120.93ms
step:2233/3250 train_time:271.073s step_avg:121.39ms
step:2234/3250 train_time:272.275s step_avg:121.88ms
step:2235/3250 train_time:273.430s step_avg:122.34ms
step:2236/3250 train_time:274.583s step_avg:122.80ms
step:2237/3250 train_time:275.734s step_avg:123.26ms
step:2238/3250 train_time:276.889s step_avg:123.72ms
step:2239/3250 train_time:278.041s step_avg:124.18ms
step:2240/3250 train_time:279.195s step_avg:124.64ms
step:2241/3250 train_time:280.349s step_avg:125.10ms
step:2242/3250 train_time:281.502s step_avg:125.56ms
step:2243/3250 train_time:282.656s step_avg:126.02ms
step:2244/3250 train_time:283.809s step_avg:126.47ms
step:2245/3250 train_time:284.962s step_avg:126.93ms
step:2246/3250 train_time:286.116s step_avg:127.39ms
step:2247/3250 train_time:287.271s step_avg:127.85ms
step:2248/3250 train_time:288.422s step_avg:128.30ms
step:2249/3250 train_time:289.573s step_avg:128.76ms
step:2250/3250 train_time:290.726s step_avg:129.21ms
step:2250/3250 val_loss:3.28212 train_time:290.738s step_avg:1153.83ms
step:2251/3250 train_time:291.883s step_avg:129.67ms
step:2252/3250 train_time:293.039s step_avg:130.12ms
step:2253/3250 train_time:294.191s step_avg:130.58ms
step:2254/3250 train_time:295.342s step_avg:131.03ms
step:2255/3250 train_time:296.496s step_avg:131.48ms
step:2256/3250 train_time:297.648s step_avg:131.94ms
step:2257/3250 train_time:298.845s step_avg:132.41ms
step:2258/3250 train_time:300.002s step_avg:132.86ms
step:2259/3250 train_time:301.154s step_avg:133.31ms
step:2260/3250 train_time:302.306s step_avg:133.76ms
step:2261/3250 train_time:303.462s step_avg:134.22ms
step:2262/3250 train_time:304.614s step_avg:134.67ms
step:2263/3250 train_time:305.764s step_avg:135.11ms
step:2264/3250 train_time:306.918s step_avg:135.56ms
step:2265/3250 train_time:308.069s step_avg:136.01ms
step:2266/3250 train_time:309.220s step_avg:136.46ms
step:2267/3250 train_time:310.371s step_avg:136.91ms
step:2268/3250 train_time:311.522s step_avg:137.36ms
step:2269/3250 train_time:312.673s step_avg:137.80ms
step:2270/3250 train_time:313.823s step_avg:138.25ms
step:2271/3250 train_time:314.977s step_avg:138.70ms
step:2272/3250 train_time:316.127s step_avg:139.14ms
step:2273/3250 train_time:317.278s step_avg:139.59ms
step:2274/3250 train_time:318.430s step_avg:140.03ms
step:2275/3250 train_time:319.583s step_avg:140.48ms
step:2276/3250 train_time:320.736s step_avg:140.92ms
step:2277/3250 train_time:321.889s step_avg:141.37ms
step:2278/3250 train_time:323.043s step_avg:141.81ms
step:2279/3250 train_time:324.195s step_avg:142.25ms
step:2280/3250 train_time:325.382s step_avg:142.71ms
step:2281/3250 train_time:326.536s step_avg:143.15ms
step:2282/3250 train_time:327.688s step_avg:143.60ms
step:2283/3250 train_time:328.843s step_avg:144.04ms
step:2284/3250 train_time:329.995s step_avg:144.48ms
step:2285/3250 train_time:331.146s step_avg:144.92ms
step:2286/3250 train_time:332.298s step_avg:145.36ms
step:2287/3250 train_time:333.449s step_avg:145.80ms
step:2288/3250 train_time:334.601s step_avg:146.24ms
step:2289/3250 train_time:335.753s step_avg:146.68ms
step:2290/3250 train_time:336.904s step_avg:147.12ms
step:2291/3250 train_time:338.060s step_avg:147.56ms
step:2292/3250 train_time:339.211s step_avg:148.00ms
step:2293/3250 train_time:340.363s step_avg:148.44ms
step:2294/3250 train_time:341.516s step_avg:148.87ms
step:2295/3250 train_time:342.667s step_avg:149.31ms
step:2296/3250 train_time:343.820s step_avg:149.75ms
step:2297/3250 train_time:344.973s step_avg:150.18ms
step:2298/3250 train_time:346.126s step_avg:150.62ms
step:2299/3250 train_time:347.282s step_avg:151.06ms
step:2300/3250 train_time:348.437s step_avg:151.49ms
step:2301/3250 train_time:349.588s step_avg:151.93ms
step:2302/3250 train_time:350.743s step_avg:152.36ms
step:2303/3250 train_time:351.944s step_avg:152.82ms
step:2304/3250 train_time:353.100s step_avg:153.26ms
step:2305/3250 train_time:354.252s step_avg:153.69ms
step:2306/3250 train_time:355.403s step_avg:154.12ms
step:2307/3250 train_time:356.558s step_avg:154.55ms
step:2308/3250 train_time:357.708s step_avg:154.99ms
step:2309/3250 train_time:358.859s step_avg:155.42ms
step:2310/3250 train_time:360.014s step_avg:155.85ms
step:2311/3250 train_time:361.164s step_avg:156.28ms
step:2312/3250 train_time:362.317s step_avg:156.71ms
step:2313/3250 train_time:363.468s step_avg:157.14ms
step:2314/3250 train_time:364.622s step_avg:157.57ms
step:2315/3250 train_time:365.773s step_avg:158.00ms
step:2316/3250 train_time:366.924s step_avg:158.43ms
step:2317/3250 train_time:368.076s step_avg:158.86ms
step:2318/3250 train_time:369.224s step_avg:159.29ms
step:2319/3250 train_time:370.375s step_avg:159.71ms
step:2320/3250 train_time:371.525s step_avg:160.14ms
step:2321/3250 train_time:372.678s step_avg:160.57ms
step:2322/3250 train_time:373.828s step_avg:160.99ms
step:2323/3250 train_time:374.984s step_avg:161.42ms
step:2324/3250 train_time:376.137s step_avg:161.85ms
step:2325/3250 train_time:377.289s step_avg:162.27ms
step:2326/3250 train_time:378.486s step_avg:162.72ms
step:2327/3250 train_time:379.642s step_avg:163.15ms
step:2328/3250 train_time:380.794s step_avg:163.57ms
step:2329/3250 train_time:381.944s step_avg:163.99ms
step:2330/3250 train_time:383.101s step_avg:164.42ms
step:2331/3250 train_time:384.252s step_avg:164.84ms
step:2332/3250 train_time:385.404s step_avg:165.27ms
step:2333/3250 train_time:386.558s step_avg:165.69ms
step:2334/3250 train_time:387.708s step_avg:166.11ms
step:2335/3250 train_time:388.860s step_avg:166.54ms
step:2336/3250 train_time:390.010s step_avg:166.96ms
step:2337/3250 train_time:391.164s step_avg:167.38ms
step:2338/3250 train_time:392.316s step_avg:167.80ms
step:2339/3250 train_time:393.468s step_avg:168.22ms
step:2340/3250 train_time:394.619s step_avg:168.64ms
step:2341/3250 train_time:395.772s step_avg:169.06ms
step:2342/3250 train_time:396.923s step_avg:169.48ms
step:2343/3250 train_time:398.076s step_avg:169.90ms
step:2344/3250 train_time:399.225s step_avg:170.32ms
step:2345/3250 train_time:400.379s step_avg:170.74ms
step:2346/3250 train_time:401.531s step_avg:171.16ms
step:2347/3250 train_time:402.682s step_avg:171.57ms
step:2348/3250 train_time:403.833s step_avg:171.99ms
step:2349/3250 train_time:405.026s step_avg:172.42ms
step:2350/3250 train_time:406.181s step_avg:172.84ms
step:2351/3250 train_time:407.331s step_avg:173.26ms
step:2352/3250 train_time:408.485s step_avg:173.68ms
step:2353/3250 train_time:409.637s step_avg:174.09ms
step:2354/3250 train_time:410.788s step_avg:174.51ms
step:2355/3250 train_time:411.942s step_avg:174.92ms
step:2356/3250 train_time:413.094s step_avg:175.34ms
step:2357/3250 train_time:414.245s step_avg:175.75ms
step:2358/3250 train_time:415.397s step_avg:176.16ms
step:2359/3250 train_time:416.547s step_avg:176.58ms
step:2360/3250 train_time:417.701s step_avg:176.99ms
step:2361/3250 train_time:418.854s step_avg:177.41ms
step:2362/3250 train_time:420.006s step_avg:177.82ms
step:2363/3250 train_time:421.158s step_avg:178.23ms
step:2364/3250 train_time:422.311s step_avg:178.64ms
step:2365/3250 train_time:423.465s step_avg:179.05ms
step:2366/3250 train_time:424.618s step_avg:179.47ms
step:2367/3250 train_time:425.770s step_avg:179.88ms
step:2368/3250 train_time:426.922s step_avg:180.29ms
step:2369/3250 train_time:428.075s step_avg:180.70ms
step:2370/3250 train_time:429.227s step_avg:181.11ms
step:2371/3250 train_time:430.382s step_avg:181.52ms
step:2372/3250 train_time:431.580s step_avg:181.95ms
step:2373/3250 train_time:432.732s step_avg:182.36ms
step:2374/3250 train_time:433.885s step_avg:182.77ms
step:2375/3250 train_time:435.041s step_avg:183.18ms
step:2375/3250 val_loss:3.25691 train_time:435.053s step_avg:1154.52ms
step:2376/3250 train_time:436.197s step_avg:183.58ms
step:2377/3250 train_time:437.350s step_avg:183.99ms
step:2378/3250 train_time:438.506s step_avg:184.40ms
step:2379/3250 train_time:439.660s step_avg:184.81ms
step:2380/3250 train_time:440.813s step_avg:185.22ms
step:2381/3250 train_time:441.967s step_avg:185.62ms
step:2382/3250 train_time:443.119s step_avg:186.03ms
step:2383/3250 train_time:444.269s step_avg:186.43ms
step:2384/3250 train_time:445.427s step_avg:186.84ms
step:2385/3250 train_time:446.579s step_avg:187.24ms
step:2386/3250 train_time:447.729s step_avg:187.65ms
step:2387/3250 train_time:448.883s step_avg:188.05ms
step:2388/3250 train_time:450.035s step_avg:188.46ms
step:2389/3250 train_time:451.187s step_avg:188.86ms
step:2390/3250 train_time:452.337s step_avg:189.26ms
step:2391/3250 train_time:453.487s step_avg:189.66ms
step:2392/3250 train_time:454.637s step_avg:190.07ms
step:2393/3250 train_time:455.790s step_avg:190.47ms
step:2394/3250 train_time:456.939s step_avg:190.87ms
step:2395/3250 train_time:458.139s step_avg:191.29ms
step:2396/3250 train_time:459.291s step_avg:191.69ms
step:2397/3250 train_time:460.446s step_avg:192.09ms
step:2398/3250 train_time:461.596s step_avg:192.49ms
step:2399/3250 train_time:462.748s step_avg:192.89ms
step:2400/3250 train_time:463.900s step_avg:193.29ms
step:2401/3250 train_time:465.051s step_avg:193.69ms
step:2402/3250 train_time:466.202s step_avg:194.09ms
step:2403/3250 train_time:467.351s step_avg:194.49ms
step:2404/3250 train_time:468.504s step_avg:194.89ms
step:2405/3250 train_time:469.653s step_avg:195.28ms
step:2406/3250 train_time:470.804s step_avg:195.68ms
step:2407/3250 train_time:471.956s step_avg:196.08ms
step:2408/3250 train_time:473.109s step_avg:196.47ms
step:2409/3250 train_time:474.259s step_avg:196.87ms
step:2410/3250 train_time:475.413s step_avg:197.27ms
step:2411/3250 train_time:476.567s step_avg:197.66ms
step:2412/3250 train_time:477.719s step_avg:198.06ms
step:2413/3250 train_time:478.870s step_avg:198.45ms
step:2414/3250 train_time:480.026s step_avg:198.85ms
step:2415/3250 train_time:481.179s step_avg:199.25ms
step:2416/3250 train_time:482.327s step_avg:199.64ms
step:2417/3250 train_time:483.480s step_avg:200.03ms
step:2418/3250 train_time:484.675s step_avg:200.44ms
step:2419/3250 train_time:485.829s step_avg:200.84ms
step:2420/3250 train_time:486.979s step_avg:201.23ms
step:2421/3250 train_time:488.128s step_avg:201.62ms
step:2422/3250 train_time:489.279s step_avg:202.01ms
step:2423/3250 train_time:490.426s step_avg:202.40ms
step:2424/3250 train_time:491.577s step_avg:202.80ms
step:2425/3250 train_time:492.727s step_avg:203.19ms
step:2426/3250 train_time:493.877s step_avg:203.58ms
step:2427/3250 train_time:495.028s step_avg:203.97ms
step:2428/3250 train_time:496.181s step_avg:204.36ms
step:2429/3250 train_time:497.332s step_avg:204.75ms
step:2430/3250 train_time:498.486s step_avg:205.14ms
step:2431/3250 train_time:499.638s step_avg:205.53ms
step:2432/3250 train_time:500.791s step_avg:205.92ms
step:2433/3250 train_time:501.945s step_avg:206.31ms
step:2434/3250 train_time:503.098s step_avg:206.70ms
step:2435/3250 train_time:504.250s step_avg:207.08ms
step:2436/3250 train_time:505.402s step_avg:207.47ms
step:2437/3250 train_time:506.553s step_avg:207.86ms
step:2438/3250 train_time:507.710s step_avg:208.25ms
step:2439/3250 train_time:508.862s step_avg:208.64ms
step:2440/3250 train_time:510.013s step_avg:209.02ms
step:2441/3250 train_time:511.211s step_avg:209.43ms
step:2442/3250 train_time:512.368s step_avg:209.82ms
step:2443/3250 train_time:513.520s step_avg:210.20ms
step:2444/3250 train_time:514.673s step_avg:210.59ms
step:2445/3250 train_time:515.828s step_avg:210.97ms
step:2446/3250 train_time:516.979s step_avg:211.36ms
step:2447/3250 train_time:518.131s step_avg:211.74ms
step:2448/3250 train_time:519.284s step_avg:212.13ms
step:2449/3250 train_time:520.437s step_avg:212.51ms
step:2450/3250 train_time:521.589s step_avg:212.89ms
step:2451/3250 train_time:522.739s step_avg:213.28ms
step:2452/3250 train_time:523.891s step_avg:213.66ms
step:2453/3250 train_time:525.045s step_avg:214.04ms
step:2454/3250 train_time:526.195s step_avg:214.42ms
step:2455/3250 train_time:527.351s step_avg:214.81ms
step:2456/3250 train_time:528.504s step_avg:215.19ms
step:2457/3250 train_time:529.651s step_avg:215.57ms
step:2458/3250 train_time:530.804s step_avg:215.95ms
step:2459/3250 train_time:531.953s step_avg:216.33ms
step:2460/3250 train_time:533.108s step_avg:216.71ms
step:2461/3250 train_time:534.259s step_avg:217.09ms
step:2462/3250 train_time:535.412s step_avg:217.47ms
step:2463/3250 train_time:536.565s step_avg:217.85ms
step:2464/3250 train_time:537.761s step_avg:218.25ms
step:2465/3250 train_time:538.914s step_avg:218.63ms
step:2466/3250 train_time:540.068s step_avg:219.01ms
step:2467/3250 train_time:541.221s step_avg:219.38ms
step:2468/3250 train_time:542.372s step_avg:219.76ms
step:2469/3250 train_time:543.523s step_avg:220.14ms
step:2470/3250 train_time:544.672s step_avg:220.51ms
step:2471/3250 train_time:545.821s step_avg:220.89ms
step:2472/3250 train_time:546.971s step_avg:221.27ms
step:2473/3250 train_time:548.120s step_avg:221.64ms
step:2474/3250 train_time:549.271s step_avg:222.02ms
step:2475/3250 train_time:550.422s step_avg:222.39ms
step:2476/3250 train_time:551.571s step_avg:222.77ms
step:2477/3250 train_time:552.724s step_avg:223.14ms
step:2478/3250 train_time:553.875s step_avg:223.52ms
step:2479/3250 train_time:555.024s step_avg:223.89ms
step:2480/3250 train_time:556.176s step_avg:224.26ms
step:2481/3250 train_time:557.328s step_avg:224.64ms
step:2482/3250 train_time:558.480s step_avg:225.01ms
step:2483/3250 train_time:559.632s step_avg:225.39ms
step:2484/3250 train_time:560.786s step_avg:225.76ms
step:2485/3250 train_time:561.936s step_avg:226.13ms
step:2486/3250 train_time:563.089s step_avg:226.50ms
step:2487/3250 train_time:564.286s step_avg:226.89ms
step:2488/3250 train_time:565.438s step_avg:227.27ms
step:2489/3250 train_time:566.591s step_avg:227.64ms
step:2490/3250 train_time:567.742s step_avg:228.01ms
step:2491/3250 train_time:568.893s step_avg:228.38ms
step:2492/3250 train_time:570.044s step_avg:228.75ms
step:2493/3250 train_time:571.195s step_avg:229.12ms
step:2494/3250 train_time:572.347s step_avg:229.49ms
step:2495/3250 train_time:573.499s step_avg:229.86ms
step:2496/3250 train_time:574.648s step_avg:230.23ms
step:2497/3250 train_time:575.801s step_avg:230.60ms
step:2498/3250 train_time:576.953s step_avg:230.97ms
step:2499/3250 train_time:578.111s step_avg:231.34ms
step:2500/3250 train_time:579.262s step_avg:231.70ms
step:2500/3250 val_loss:3.23782 train_time:579.274s step_avg:1153.77ms
step:2501/3250 train_time:580.419s step_avg:232.07ms
step:2502/3250 train_time:581.570s step_avg:232.44ms
step:2503/3250 train_time:582.720s step_avg:232.81ms
step:2504/3250 train_time:583.876s step_avg:233.18ms
step:2505/3250 train_time:585.030s step_avg:233.54ms
step:2506/3250 train_time:586.181s step_avg:233.91ms
step:2507/3250 train_time:587.335s step_avg:234.28ms
step:2508/3250 train_time:588.486s step_avg:234.64ms
step:2509/3250 train_time:589.637s step_avg:235.01ms
step:2510/3250 train_time:590.838s step_avg:235.39ms
step:2511/3250 train_time:591.991s step_avg:235.76ms
step:2512/3250 train_time:593.143s step_avg:236.12ms
step:2513/3250 train_time:594.297s step_avg:236.49ms
step:2514/3250 train_time:595.451s step_avg:236.85ms
step:2515/3250 train_time:596.601s step_avg:237.22ms
step:2516/3250 train_time:597.752s step_avg:237.58ms
step:2517/3250 train_time:598.902s step_avg:237.94ms
step:2518/3250 train_time:600.055s step_avg:238.31ms
step:2519/3250 train_time:601.207s step_avg:238.67ms
step:2520/3250 train_time:602.356s step_avg:239.03ms
step:2521/3250 train_time:603.505s step_avg:239.39ms
step:2522/3250 train_time:604.657s step_avg:239.75ms
step:2523/3250 train_time:605.808s step_avg:240.11ms
step:2524/3250 train_time:606.957s step_avg:240.47ms
step:2525/3250 train_time:608.110s step_avg:240.84ms
step:2526/3250 train_time:609.260s step_avg:241.20ms
step:2527/3250 train_time:610.411s step_avg:241.56ms
step:2528/3250 train_time:611.561s step_avg:241.92ms
step:2529/3250 train_time:612.714s step_avg:242.28ms
step:2530/3250 train_time:613.865s step_avg:242.63ms
step:2531/3250 train_time:615.018s step_avg:242.99ms
step:2532/3250 train_time:616.170s step_avg:243.35ms
step:2533/3250 train_time:617.361s step_avg:243.73ms
step:2534/3250 train_time:618.518s step_avg:244.09ms
step:2535/3250 train_time:619.669s step_avg:244.45ms
step:2536/3250 train_time:620.823s step_avg:244.80ms
step:2537/3250 train_time:621.975s step_avg:245.16ms
step:2538/3250 train_time:623.128s step_avg:245.52ms
step:2539/3250 train_time:624.280s step_avg:245.88ms
step:2540/3250 train_time:625.437s step_avg:246.24ms
step:2541/3250 train_time:626.591s step_avg:246.59ms
step:2542/3250 train_time:627.742s step_avg:246.95ms
step:2543/3250 train_time:628.894s step_avg:247.30ms
step:2544/3250 train_time:630.045s step_avg:247.66ms
step:2545/3250 train_time:631.200s step_avg:248.02ms
step:2546/3250 train_time:632.353s step_avg:248.37ms
step:2547/3250 train_time:633.505s step_avg:248.73ms
step:2548/3250 train_time:634.658s step_avg:249.08ms
step:2549/3250 train_time:635.812s step_avg:249.44ms
step:2550/3250 train_time:636.963s step_avg:249.79ms
step:2551/3250 train_time:638.117s step_avg:250.14ms
step:2552/3250 train_time:639.269s step_avg:250.50ms
step:2553/3250 train_time:640.421s step_avg:250.85ms
step:2554/3250 train_time:641.572s step_avg:251.20ms
step:2555/3250 train_time:642.721s step_avg:251.55ms
step:2556/3250 train_time:643.917s step_avg:251.92ms
step:2557/3250 train_time:645.072s step_avg:252.28ms
step:2558/3250 train_time:646.224s step_avg:252.63ms
step:2559/3250 train_time:647.379s step_avg:252.98ms
step:2560/3250 train_time:648.534s step_avg:253.33ms
step:2561/3250 train_time:649.686s step_avg:253.68ms
step:2562/3250 train_time:650.838s step_avg:254.04ms
step:2563/3250 train_time:651.991s step_avg:254.39ms
step:2564/3250 train_time:653.141s step_avg:254.74ms
step:2565/3250 train_time:654.294s step_avg:255.09ms
step:2566/3250 train_time:655.445s step_avg:255.43ms
step:2567/3250 train_time:656.595s step_avg:255.78ms
step:2568/3250 train_time:657.746s step_avg:256.13ms
step:2569/3250 train_time:658.898s step_avg:256.48ms
step:2570/3250 train_time:660.049s step_avg:256.83ms
step:2571/3250 train_time:661.199s step_avg:257.18ms
step:2572/3250 train_time:662.354s step_avg:257.53ms
step:2573/3250 train_time:663.506s step_avg:257.87ms
step:2574/3250 train_time:664.657s step_avg:258.22ms
step:2575/3250 train_time:665.807s step_avg:258.57ms
step:2576/3250 train_time:666.958s step_avg:258.91ms
step:2577/3250 train_time:668.109s step_avg:259.26ms
step:2578/3250 train_time:669.259s step_avg:259.60ms
step:2579/3250 train_time:670.458s step_avg:259.97ms
step:2580/3250 train_time:671.608s step_avg:260.31ms
step:2581/3250 train_time:672.759s step_avg:260.66ms
step:2582/3250 train_time:673.912s step_avg:261.00ms
step:2583/3250 train_time:675.066s step_avg:261.35ms
step:2584/3250 train_time:676.214s step_avg:261.69ms
step:2585/3250 train_time:677.365s step_avg:262.04ms
step:2586/3250 train_time:678.517s step_avg:262.38ms
step:2587/3250 train_time:679.667s step_avg:262.72ms
step:2588/3250 train_time:680.819s step_avg:263.07ms
step:2589/3250 train_time:681.971s step_avg:263.41ms
step:2590/3250 train_time:683.121s step_avg:263.75ms
step:2591/3250 train_time:684.273s step_avg:264.10ms
step:2592/3250 train_time:685.424s step_avg:264.44ms
step:2593/3250 train_time:686.575s step_avg:264.78ms
step:2594/3250 train_time:687.726s step_avg:265.12ms
step:2595/3250 train_time:688.875s step_avg:265.46ms
step:2596/3250 train_time:690.027s step_avg:265.80ms
step:2597/3250 train_time:691.179s step_avg:266.15ms
step:2598/3250 train_time:692.336s step_avg:266.49ms
step:2599/3250 train_time:693.487s step_avg:266.83ms
step:2600/3250 train_time:694.638s step_avg:267.17ms
step:2601/3250 train_time:695.787s step_avg:267.51ms
step:2602/3250 train_time:696.982s step_avg:267.86ms
step:2603/3250 train_time:698.139s step_avg:268.21ms
step:2604/3250 train_time:699.297s step_avg:268.55ms
step:2605/3250 train_time:700.452s step_avg:268.89ms
step:2606/3250 train_time:701.604s step_avg:269.23ms
step:2607/3250 train_time:702.758s step_avg:269.57ms
step:2608/3250 train_time:703.910s step_avg:269.90ms
step:2609/3250 train_time:705.062s step_avg:270.24ms
step:2610/3250 train_time:706.216s step_avg:270.58ms
step:2611/3250 train_time:707.367s step_avg:270.92ms
step:2612/3250 train_time:708.521s step_avg:271.26ms
step:2613/3250 train_time:709.672s step_avg:271.59ms
step:2614/3250 train_time:710.823s step_avg:271.93ms
step:2615/3250 train_time:711.975s step_avg:272.27ms
step:2616/3250 train_time:713.127s step_avg:272.60ms
step:2617/3250 train_time:714.279s step_avg:272.94ms
step:2618/3250 train_time:715.434s step_avg:273.27ms
step:2619/3250 train_time:716.584s step_avg:273.61ms
step:2620/3250 train_time:717.734s step_avg:273.94ms
step:2621/3250 train_time:718.886s step_avg:274.28ms
step:2622/3250 train_time:720.039s step_avg:274.61ms
step:2623/3250 train_time:721.195s step_avg:274.95ms
step:2624/3250 train_time:722.347s step_avg:275.28ms
step:2625/3250 train_time:723.542s step_avg:275.63ms
step:2625/3250 val_loss:3.21946 train_time:723.553s step_avg:1154.23ms
step:2626/3250 train_time:724.698s step_avg:275.97ms
step:2627/3250 train_time:725.854s step_avg:276.31ms
step:2628/3250 train_time:727.009s step_avg:276.64ms
step:2629/3250 train_time:728.161s step_avg:276.97ms
step:2630/3250 train_time:729.314s step_avg:277.31ms
step:2631/3250 train_time:730.471s step_avg:277.64ms
step:2632/3250 train_time:731.623s step_avg:277.97ms
step:2633/3250 train_time:732.773s step_avg:278.30ms
step:2634/3250 train_time:733.929s step_avg:278.64ms
step:2635/3250 train_time:735.082s step_avg:278.97ms
step:2636/3250 train_time:736.232s step_avg:279.30ms
step:2637/3250 train_time:737.385s step_avg:279.63ms
step:2638/3250 train_time:738.534s step_avg:279.96ms
step:2639/3250 train_time:739.688s step_avg:280.29ms
step:2640/3250 train_time:740.840s step_avg:280.62ms
step:2641/3250 train_time:741.994s step_avg:280.95ms
step:2642/3250 train_time:743.147s step_avg:281.28ms
step:2643/3250 train_time:744.299s step_avg:281.61ms
step:2644/3250 train_time:745.453s step_avg:281.94ms
step:2645/3250 train_time:746.606s step_avg:282.27ms
step:2646/3250 train_time:747.758s step_avg:282.60ms
step:2647/3250 train_time:748.909s step_avg:282.93ms
step:2648/3250 train_time:750.106s step_avg:283.27ms
step:2649/3250 train_time:751.257s step_avg:283.60ms
step:2650/3250 train_time:752.412s step_avg:283.93ms
step:2651/3250 train_time:753.563s step_avg:284.26ms
step:2652/3250 train_time:754.713s step_avg:284.58ms
step:2653/3250 train_time:755.865s step_avg:284.91ms
step:2654/3250 train_time:757.014s step_avg:285.24ms
step:2655/3250 train_time:758.168s step_avg:285.56ms
step:2656/3250 train_time:759.321s step_avg:285.89ms
step:2657/3250 train_time:760.472s step_avg:286.21ms
step:2658/3250 train_time:761.626s step_avg:286.54ms
step:2659/3250 train_time:762.775s step_avg:286.87ms
step:2660/3250 train_time:763.927s step_avg:287.19ms
step:2661/3250 train_time:765.078s step_avg:287.52ms
step:2662/3250 train_time:766.232s step_avg:287.84ms
step:2663/3250 train_time:767.384s step_avg:288.17ms
step:2664/3250 train_time:768.534s step_avg:288.49ms
step:2665/3250 train_time:769.688s step_avg:288.81ms
step:2666/3250 train_time:770.841s step_avg:289.14ms
step:2667/3250 train_time:771.992s step_avg:289.46ms
step:2668/3250 train_time:773.145s step_avg:289.78ms
step:2669/3250 train_time:774.294s step_avg:290.11ms
step:2670/3250 train_time:775.447s step_avg:290.43ms
step:2671/3250 train_time:776.646s step_avg:290.77ms
step:2672/3250 train_time:777.796s step_avg:291.09ms
step:2673/3250 train_time:778.953s step_avg:291.42ms
step:2674/3250 train_time:780.104s step_avg:291.74ms
step:2675/3250 train_time:781.255s step_avg:292.06ms
step:2676/3250 train_time:782.408s step_avg:292.38ms
step:2677/3250 train_time:783.560s step_avg:292.70ms
step:2678/3250 train_time:784.714s step_avg:293.02ms
step:2679/3250 train_time:785.870s step_avg:293.34ms
step:2680/3250 train_time:787.022s step_avg:293.66ms
step:2681/3250 train_time:788.172s step_avg:293.98ms
step:2682/3250 train_time:789.325s step_avg:294.30ms
step:2683/3250 train_time:790.477s step_avg:294.62ms
step:2684/3250 train_time:791.628s step_avg:294.94ms
step:2685/3250 train_time:792.781s step_avg:295.26ms
step:2686/3250 train_time:793.930s step_avg:295.58ms
step:2687/3250 train_time:795.081s step_avg:295.90ms
step:2688/3250 train_time:796.232s step_avg:296.22ms
step:2689/3250 train_time:797.383s step_avg:296.54ms
step:2690/3250 train_time:798.533s step_avg:296.85ms
step:2691/3250 train_time:799.684s step_avg:297.17ms
step:2692/3250 train_time:800.835s step_avg:297.49ms
step:2693/3250 train_time:801.985s step_avg:297.80ms
step:2694/3250 train_time:803.181s step_avg:298.14ms
step:2695/3250 train_time:804.330s step_avg:298.45ms
step:2696/3250 train_time:805.480s step_avg:298.77ms
step:2697/3250 train_time:806.628s step_avg:299.08ms
step:2698/3250 train_time:807.779s step_avg:299.40ms
step:2699/3250 train_time:808.931s step_avg:299.71ms
step:2700/3250 train_time:810.083s step_avg:300.03ms
step:2701/3250 train_time:811.233s step_avg:300.35ms
step:2702/3250 train_time:812.384s step_avg:300.66ms
step:2703/3250 train_time:813.534s step_avg:300.97ms
step:2704/3250 train_time:814.688s step_avg:301.29ms
step:2705/3250 train_time:815.840s step_avg:301.60ms
step:2706/3250 train_time:816.991s step_avg:301.92ms
step:2707/3250 train_time:818.142s step_avg:302.23ms
step:2708/3250 train_time:819.294s step_avg:302.55ms
step:2709/3250 train_time:820.446s step_avg:302.86ms
step:2710/3250 train_time:821.595s step_avg:303.17ms
step:2711/3250 train_time:822.749s step_avg:303.49ms
step:2712/3250 train_time:823.899s step_avg:303.80ms
step:2713/3250 train_time:825.050s step_avg:304.11ms
step:2714/3250 train_time:826.202s step_avg:304.42ms
step:2715/3250 train_time:827.353s step_avg:304.73ms
step:2716/3250 train_time:828.505s step_avg:305.05ms
step:2717/3250 train_time:829.692s step_avg:305.37ms
step:2718/3250 train_time:830.842s step_avg:305.68ms
step:2719/3250 train_time:831.992s step_avg:305.99ms
step:2720/3250 train_time:833.142s step_avg:306.30ms
step:2721/3250 train_time:834.292s step_avg:306.61ms
step:2722/3250 train_time:835.444s step_avg:306.92ms
step:2723/3250 train_time:836.594s step_avg:307.23ms
step:2724/3250 train_time:837.747s step_avg:307.54ms
step:2725/3250 train_time:838.897s step_avg:307.85ms
step:2726/3250 train_time:840.049s step_avg:308.16ms
step:2727/3250 train_time:841.201s step_avg:308.47ms
step:2728/3250 train_time:842.351s step_avg:308.78ms
step:2729/3250 train_time:843.505s step_avg:309.09ms
step:2730/3250 train_time:844.655s step_avg:309.40ms
step:2731/3250 train_time:845.807s step_avg:309.71ms
step:2732/3250 train_time:846.958s step_avg:310.01ms
step:2733/3250 train_time:848.112s step_avg:310.32ms
step:2734/3250 train_time:849.263s step_avg:310.63ms
step:2735/3250 train_time:850.416s step_avg:310.94ms
step:2736/3250 train_time:851.572s step_avg:311.25ms
step:2737/3250 train_time:852.727s step_avg:311.56ms
step:2738/3250 train_time:853.878s step_avg:311.86ms
step:2739/3250 train_time:855.035s step_avg:312.17ms
step:2740/3250 train_time:856.233s step_avg:312.49ms
step:2741/3250 train_time:857.393s step_avg:312.80ms
step:2742/3250 train_time:858.548s step_avg:313.11ms
step:2743/3250 train_time:859.699s step_avg:313.42ms
step:2744/3250 train_time:860.853s step_avg:313.72ms
step:2745/3250 train_time:862.006s step_avg:314.03ms
step:2746/3250 train_time:863.157s step_avg:314.33ms
step:2747/3250 train_time:864.312s step_avg:314.64ms
step:2748/3250 train_time:865.465s step_avg:314.94ms
step:2749/3250 train_time:866.616s step_avg:315.25ms
step:2750/3250 train_time:867.772s step_avg:315.55ms
step:2750/3250 val_loss:3.20328 train_time:867.783s step_avg:1153.84ms
step:2751/3250 train_time:869.597s step_avg:316.10ms
ARM_EXIT=0 req028_b8x_bimax_s0
