W0831 15:07:01.770000 9495 torch/distributed/run.py:852] 
W0831 15:07:01.770000 9495 torch/distributed/run.py:852] *****************************************
W0831 15:07:01.770000 9495 torch/distributed/run.py:852] Setting OMP_NUM_THREADS environment variable for each process to be 1 in default, to avoid your system being overloaded, please further tune the variable for optimal performance in your application as needed. 
W0831 15:07:01.770000 9495 torch/distributed/run.py:852] *****************************************
logs/ad7a27f1-8001-45d8-a6a0-ba01a38cbffb.txt
resumed training state from step 2000 in eos_shared_state, skipped 250 batches
step:0/3250 val_loss:3.44361 train_time:0.001s step_avg:nanms
step:2001/3250 train_time:3.484s step_avg:1.74ms
step:2002/3250 train_time:4.620s step_avg:2.31ms
step:2003/3250 train_time:5.765s step_avg:2.88ms
step:2004/3250 train_time:6.962s step_avg:3.47ms
step:2005/3250 train_time:8.104s step_avg:4.04ms
step:2006/3250 train_time:9.247s step_avg:4.61ms
step:2007/3250 train_time:10.394s step_avg:5.18ms
step:2008/3250 train_time:11.541s step_avg:5.75ms
step:2009/3250 train_time:12.687s step_avg:6.31ms
step:2010/3250 train_time:13.838s step_avg:6.88ms
step:2011/3250 train_time:14.985s step_avg:7.45ms
step:2012/3250 train_time:16.133s step_avg:8.02ms
step:2013/3250 train_time:17.280s step_avg:8.58ms
step:2014/3250 train_time:18.429s step_avg:9.15ms
step:2015/3250 train_time:19.579s step_avg:9.72ms
step:2016/3250 train_time:20.727s step_avg:10.28ms
step:2017/3250 train_time:21.876s step_avg:10.85ms
step:2018/3250 train_time:23.022s step_avg:11.41ms
step:2019/3250 train_time:24.169s step_avg:11.97ms
step:2020/3250 train_time:25.320s step_avg:12.53ms
step:2021/3250 train_time:26.467s step_avg:13.10ms
step:2022/3250 train_time:27.616s step_avg:13.66ms
step:2023/3250 train_time:28.765s step_avg:14.22ms
step:2024/3250 train_time:29.914s step_avg:14.78ms
step:2025/3250 train_time:31.062s step_avg:15.34ms
step:2026/3250 train_time:32.209s step_avg:15.90ms
step:2027/3250 train_time:33.409s step_avg:16.48ms
step:2028/3250 train_time:34.560s step_avg:17.04ms
step:2029/3250 train_time:35.708s step_avg:17.60ms
step:2030/3250 train_time:36.857s step_avg:18.16ms
step:2031/3250 train_time:38.007s step_avg:18.71ms
step:2032/3250 train_time:39.156s step_avg:19.27ms
step:2033/3250 train_time:40.301s step_avg:19.82ms
step:2034/3250 train_time:41.449s step_avg:20.38ms
step:2035/3250 train_time:42.600s step_avg:20.93ms
step:2036/3250 train_time:43.748s step_avg:21.49ms
step:2037/3250 train_time:44.896s step_avg:22.04ms
step:2038/3250 train_time:46.043s step_avg:22.59ms
step:2039/3250 train_time:47.191s step_avg:23.14ms
step:2040/3250 train_time:48.342s step_avg:23.70ms
step:2041/3250 train_time:49.488s step_avg:24.25ms
step:2042/3250 train_time:50.639s step_avg:24.80ms
step:2043/3250 train_time:51.784s step_avg:25.35ms
step:2044/3250 train_time:52.933s step_avg:25.90ms
step:2045/3250 train_time:54.083s step_avg:26.45ms
step:2046/3250 train_time:55.229s step_avg:26.99ms
step:2047/3250 train_time:56.380s step_avg:27.54ms
step:2048/3250 train_time:57.529s step_avg:28.09ms
step:2049/3250 train_time:58.679s step_avg:28.64ms
step:2050/3250 train_time:59.883s step_avg:29.21ms
step:2051/3250 train_time:61.029s step_avg:29.76ms
step:2052/3250 train_time:62.181s step_avg:30.30ms
step:2053/3250 train_time:63.330s step_avg:30.85ms
step:2054/3250 train_time:64.482s step_avg:31.39ms
step:2055/3250 train_time:65.632s step_avg:31.94ms
step:2056/3250 train_time:66.783s step_avg:32.48ms
step:2057/3250 train_time:67.931s step_avg:33.02ms
step:2058/3250 train_time:69.085s step_avg:33.57ms
step:2059/3250 train_time:70.236s step_avg:34.11ms
step:2060/3250 train_time:71.387s step_avg:34.65ms
step:2061/3250 train_time:72.536s step_avg:35.19ms
step:2062/3250 train_time:73.684s step_avg:35.73ms
step:2063/3250 train_time:74.835s step_avg:36.27ms
step:2064/3250 train_time:75.984s step_avg:36.81ms
step:2065/3250 train_time:77.132s step_avg:37.35ms
step:2066/3250 train_time:78.283s step_avg:37.89ms
step:2067/3250 train_time:79.432s step_avg:38.43ms
step:2068/3250 train_time:80.582s step_avg:38.97ms
step:2069/3250 train_time:81.730s step_avg:39.50ms
step:2070/3250 train_time:82.880s step_avg:40.04ms
step:2071/3250 train_time:84.030s step_avg:40.57ms
step:2072/3250 train_time:85.182s step_avg:41.11ms
step:2073/3250 train_time:86.388s step_avg:41.67ms
step:2074/3250 train_time:87.539s step_avg:42.21ms
step:2075/3250 train_time:88.687s step_avg:42.74ms
step:2076/3250 train_time:89.835s step_avg:43.27ms
step:2077/3250 train_time:90.986s step_avg:43.81ms
step:2078/3250 train_time:92.136s step_avg:44.34ms
step:2079/3250 train_time:93.285s step_avg:44.87ms
step:2080/3250 train_time:94.435s step_avg:45.40ms
step:2081/3250 train_time:95.585s step_avg:45.93ms
step:2082/3250 train_time:96.737s step_avg:46.46ms
step:2083/3250 train_time:97.887s step_avg:46.99ms
step:2084/3250 train_time:99.037s step_avg:47.52ms
step:2085/3250 train_time:100.185s step_avg:48.05ms
step:2086/3250 train_time:101.335s step_avg:48.58ms
step:2087/3250 train_time:102.484s step_avg:49.11ms
step:2088/3250 train_time:103.635s step_avg:49.63ms
step:2089/3250 train_time:104.787s step_avg:50.16ms
step:2090/3250 train_time:105.936s step_avg:50.69ms
step:2091/3250 train_time:107.084s step_avg:51.21ms
step:2092/3250 train_time:108.233s step_avg:51.74ms
step:2093/3250 train_time:109.383s step_avg:52.26ms
step:2094/3250 train_time:110.533s step_avg:52.79ms
step:2095/3250 train_time:111.683s step_avg:53.31ms
step:2096/3250 train_time:112.888s step_avg:53.86ms
step:2097/3250 train_time:114.040s step_avg:54.38ms
step:2098/3250 train_time:115.189s step_avg:54.90ms
step:2099/3250 train_time:116.341s step_avg:55.43ms
step:2100/3250 train_time:117.489s step_avg:55.95ms
step:2101/3250 train_time:118.639s step_avg:56.47ms
step:2102/3250 train_time:119.788s step_avg:56.99ms
step:2103/3250 train_time:120.939s step_avg:57.51ms
step:2104/3250 train_time:122.090s step_avg:58.03ms
step:2105/3250 train_time:123.239s step_avg:58.55ms
step:2106/3250 train_time:124.386s step_avg:59.06ms
step:2107/3250 train_time:125.536s step_avg:59.58ms
step:2108/3250 train_time:126.685s step_avg:60.10ms
step:2109/3250 train_time:127.836s step_avg:60.61ms
step:2110/3250 train_time:128.985s step_avg:61.13ms
step:2111/3250 train_time:130.135s step_avg:61.65ms
step:2112/3250 train_time:131.282s step_avg:62.16ms
step:2113/3250 train_time:132.429s step_avg:62.67ms
step:2114/3250 train_time:133.583s step_avg:63.19ms
step:2115/3250 train_time:134.733s step_avg:63.70ms
step:2116/3250 train_time:135.885s step_avg:64.22ms
step:2117/3250 train_time:137.033s step_avg:64.73ms
step:2118/3250 train_time:138.186s step_avg:65.24ms
step:2119/3250 train_time:139.388s step_avg:65.78ms
step:2120/3250 train_time:140.544s step_avg:66.29ms
step:2121/3250 train_time:141.694s step_avg:66.81ms
step:2122/3250 train_time:142.844s step_avg:67.32ms
step:2123/3250 train_time:143.994s step_avg:67.83ms
step:2124/3250 train_time:145.144s step_avg:68.34ms
step:2125/3250 train_time:146.292s step_avg:68.84ms
step:2125/3250 val_loss:3.32293 train_time:146.304s step_avg:68.85ms
step:2126/3250 train_time:147.448s step_avg:69.35ms
step:2127/3250 train_time:148.600s step_avg:69.86ms
step:2128/3250 train_time:149.756s step_avg:70.37ms
step:2129/3250 train_time:150.902s step_avg:70.88ms
step:2130/3250 train_time:152.055s step_avg:71.39ms
step:2131/3250 train_time:153.203s step_avg:71.89ms
step:2132/3250 train_time:154.356s step_avg:72.40ms
step:2133/3250 train_time:155.504s step_avg:72.90ms
step:2134/3250 train_time:156.656s step_avg:73.41ms
step:2135/3250 train_time:157.804s step_avg:73.91ms
step:2136/3250 train_time:158.953s step_avg:74.42ms
step:2137/3250 train_time:160.103s step_avg:74.92ms
step:2138/3250 train_time:161.255s step_avg:75.42ms
step:2139/3250 train_time:162.405s step_avg:75.93ms
step:2140/3250 train_time:163.558s step_avg:76.43ms
step:2141/3250 train_time:164.707s step_avg:76.93ms
step:2142/3250 train_time:165.921s step_avg:77.46ms
step:2143/3250 train_time:167.072s step_avg:77.96ms
step:2144/3250 train_time:168.220s step_avg:78.46ms
step:2145/3250 train_time:169.370s step_avg:78.96ms
step:2146/3250 train_time:170.518s step_avg:79.46ms
step:2147/3250 train_time:171.667s step_avg:79.96ms
step:2148/3250 train_time:172.817s step_avg:80.45ms
step:2149/3250 train_time:173.967s step_avg:80.95ms
step:2150/3250 train_time:175.113s step_avg:81.45ms
step:2151/3250 train_time:176.261s step_avg:81.94ms
step:2152/3250 train_time:177.412s step_avg:82.44ms
step:2153/3250 train_time:178.561s step_avg:82.94ms
step:2154/3250 train_time:179.714s step_avg:83.43ms
step:2155/3250 train_time:180.861s step_avg:83.93ms
step:2156/3250 train_time:182.017s step_avg:84.42ms
step:2157/3250 train_time:183.166s step_avg:84.92ms
step:2158/3250 train_time:184.318s step_avg:85.41ms
step:2159/3250 train_time:185.468s step_avg:85.90ms
step:2160/3250 train_time:186.619s step_avg:86.40ms
step:2161/3250 train_time:187.768s step_avg:86.89ms
step:2162/3250 train_time:188.914s step_avg:87.38ms
step:2163/3250 train_time:190.062s step_avg:87.87ms
step:2164/3250 train_time:191.213s step_avg:88.36ms
step:2165/3250 train_time:192.421s step_avg:88.88ms
step:2166/3250 train_time:193.574s step_avg:89.37ms
step:2167/3250 train_time:194.720s step_avg:89.86ms
step:2168/3250 train_time:195.871s step_avg:90.35ms
step:2169/3250 train_time:197.019s step_avg:90.83ms
step:2170/3250 train_time:198.170s step_avg:91.32ms
step:2171/3250 train_time:199.317s step_avg:91.81ms
step:2172/3250 train_time:200.466s step_avg:92.30ms
step:2173/3250 train_time:201.616s step_avg:92.78ms
step:2174/3250 train_time:202.765s step_avg:93.27ms
step:2175/3250 train_time:203.916s step_avg:93.75ms
step:2176/3250 train_time:205.066s step_avg:94.24ms
step:2177/3250 train_time:206.219s step_avg:94.73ms
step:2178/3250 train_time:207.370s step_avg:95.21ms
step:2179/3250 train_time:208.518s step_avg:95.69ms
step:2180/3250 train_time:209.670s step_avg:96.18ms
step:2181/3250 train_time:210.819s step_avg:96.66ms
step:2182/3250 train_time:211.970s step_avg:97.14ms
step:2183/3250 train_time:213.121s step_avg:97.63ms
step:2184/3250 train_time:214.274s step_avg:98.11ms
step:2185/3250 train_time:215.421s step_avg:98.59ms
step:2186/3250 train_time:216.573s step_avg:99.07ms
step:2187/3250 train_time:217.721s step_avg:99.55ms
step:2188/3250 train_time:218.936s step_avg:100.06ms
step:2189/3250 train_time:220.082s step_avg:100.54ms
step:2190/3250 train_time:221.232s step_avg:101.02ms
step:2191/3250 train_time:222.382s step_avg:101.50ms
step:2192/3250 train_time:223.533s step_avg:101.98ms
step:2193/3250 train_time:224.683s step_avg:102.45ms
step:2194/3250 train_time:225.838s step_avg:102.93ms
step:2195/3250 train_time:226.987s step_avg:103.41ms
step:2196/3250 train_time:228.135s step_avg:103.89ms
step:2197/3250 train_time:229.284s step_avg:104.36ms
step:2198/3250 train_time:230.440s step_avg:104.84ms
step:2199/3250 train_time:231.589s step_avg:105.32ms
step:2200/3250 train_time:232.739s step_avg:105.79ms
step:2201/3250 train_time:233.888s step_avg:106.26ms
step:2202/3250 train_time:235.039s step_avg:106.74ms
step:2203/3250 train_time:236.189s step_avg:107.21ms
step:2204/3250 train_time:237.339s step_avg:107.69ms
step:2205/3250 train_time:238.487s step_avg:108.16ms
step:2206/3250 train_time:239.639s step_avg:108.63ms
step:2207/3250 train_time:240.789s step_avg:109.10ms
step:2208/3250 train_time:241.939s step_avg:109.57ms
step:2209/3250 train_time:243.089s step_avg:110.04ms
step:2210/3250 train_time:244.240s step_avg:110.52ms
step:2211/3250 train_time:245.458s step_avg:111.02ms
step:2212/3250 train_time:246.608s step_avg:111.49ms
step:2213/3250 train_time:247.760s step_avg:111.96ms
step:2214/3250 train_time:248.909s step_avg:112.43ms
step:2215/3250 train_time:250.060s step_avg:112.89ms
step:2216/3250 train_time:251.213s step_avg:113.36ms
step:2217/3250 train_time:252.362s step_avg:113.83ms
step:2218/3250 train_time:253.516s step_avg:114.30ms
step:2219/3250 train_time:254.665s step_avg:114.77ms
step:2220/3250 train_time:255.817s step_avg:115.23ms
step:2221/3250 train_time:256.968s step_avg:115.70ms
step:2222/3250 train_time:258.118s step_avg:116.16ms
step:2223/3250 train_time:259.268s step_avg:116.63ms
step:2224/3250 train_time:260.420s step_avg:117.10ms
step:2225/3250 train_time:261.572s step_avg:117.56ms
step:2226/3250 train_time:262.719s step_avg:118.02ms
step:2227/3250 train_time:263.869s step_avg:118.49ms
step:2228/3250 train_time:265.019s step_avg:118.95ms
step:2229/3250 train_time:266.173s step_avg:119.41ms
step:2230/3250 train_time:267.321s step_avg:119.87ms
step:2231/3250 train_time:268.474s step_avg:120.34ms
step:2232/3250 train_time:269.623s step_avg:120.80ms
step:2233/3250 train_time:270.775s step_avg:121.26ms
step:2234/3250 train_time:271.983s step_avg:121.75ms
step:2235/3250 train_time:273.136s step_avg:122.21ms
step:2236/3250 train_time:274.282s step_avg:122.67ms
step:2237/3250 train_time:275.436s step_avg:123.13ms
step:2238/3250 train_time:276.583s step_avg:123.59ms
step:2239/3250 train_time:277.736s step_avg:124.04ms
step:2240/3250 train_time:278.884s step_avg:124.50ms
step:2241/3250 train_time:280.033s step_avg:124.96ms
step:2242/3250 train_time:281.180s step_avg:125.41ms
step:2243/3250 train_time:282.330s step_avg:125.87ms
step:2244/3250 train_time:283.479s step_avg:126.33ms
step:2245/3250 train_time:284.628s step_avg:126.78ms
step:2246/3250 train_time:285.778s step_avg:127.24ms
step:2247/3250 train_time:286.929s step_avg:127.69ms
step:2248/3250 train_time:288.078s step_avg:128.15ms
step:2249/3250 train_time:289.230s step_avg:128.60ms
step:2250/3250 train_time:290.378s step_avg:129.06ms
step:2250/3250 val_loss:3.28710 train_time:290.390s step_avg:1152.69ms
step:2251/3250 train_time:291.528s step_avg:129.51ms
step:2252/3250 train_time:292.679s step_avg:129.96ms
step:2253/3250 train_time:293.829s step_avg:130.42ms
step:2254/3250 train_time:294.979s step_avg:130.87ms
step:2255/3250 train_time:296.129s step_avg:131.32ms
step:2256/3250 train_time:297.279s step_avg:131.77ms
step:2257/3250 train_time:298.494s step_avg:132.25ms
step:2258/3250 train_time:299.649s step_avg:132.71ms
step:2259/3250 train_time:300.800s step_avg:133.16ms
step:2260/3250 train_time:301.948s step_avg:133.61ms
step:2261/3250 train_time:303.098s step_avg:134.05ms
step:2262/3250 train_time:304.249s step_avg:134.50ms
step:2263/3250 train_time:305.399s step_avg:134.95ms
step:2264/3250 train_time:306.551s step_avg:135.40ms
step:2265/3250 train_time:307.704s step_avg:135.85ms
step:2266/3250 train_time:308.853s step_avg:136.30ms
step:2267/3250 train_time:310.005s step_avg:136.75ms
step:2268/3250 train_time:311.152s step_avg:137.19ms
step:2269/3250 train_time:312.304s step_avg:137.64ms
step:2270/3250 train_time:313.452s step_avg:138.08ms
step:2271/3250 train_time:314.604s step_avg:138.53ms
step:2272/3250 train_time:315.751s step_avg:138.97ms
step:2273/3250 train_time:316.903s step_avg:139.42ms
step:2274/3250 train_time:318.050s step_avg:139.86ms
step:2275/3250 train_time:319.202s step_avg:140.31ms
step:2276/3250 train_time:320.349s step_avg:140.75ms
step:2277/3250 train_time:321.499s step_avg:141.19ms
step:2278/3250 train_time:322.650s step_avg:141.64ms
step:2279/3250 train_time:323.804s step_avg:142.08ms
step:2280/3250 train_time:325.011s step_avg:142.55ms
step:2281/3250 train_time:326.163s step_avg:142.99ms
step:2282/3250 train_time:327.311s step_avg:143.43ms
step:2283/3250 train_time:328.464s step_avg:143.87ms
step:2284/3250 train_time:329.612s step_avg:144.31ms
step:2285/3250 train_time:330.764s step_avg:144.75ms
step:2286/3250 train_time:331.913s step_avg:145.19ms
step:2287/3250 train_time:333.065s step_avg:145.63ms
step:2288/3250 train_time:334.214s step_avg:146.07ms
step:2289/3250 train_time:335.365s step_avg:146.51ms
step:2290/3250 train_time:336.514s step_avg:146.95ms
step:2291/3250 train_time:337.667s step_avg:147.39ms
step:2292/3250 train_time:338.816s step_avg:147.83ms
step:2293/3250 train_time:339.967s step_avg:148.26ms
step:2294/3250 train_time:341.116s step_avg:148.70ms
step:2295/3250 train_time:342.268s step_avg:149.14ms
step:2296/3250 train_time:343.418s step_avg:149.57ms
step:2297/3250 train_time:344.569s step_avg:150.01ms
step:2298/3250 train_time:345.719s step_avg:150.44ms
step:2299/3250 train_time:346.871s step_avg:150.88ms
step:2300/3250 train_time:348.021s step_avg:151.31ms
step:2301/3250 train_time:349.171s step_avg:151.75ms
step:2302/3250 train_time:350.323s step_avg:152.18ms
step:2303/3250 train_time:351.531s step_avg:152.64ms
step:2304/3250 train_time:352.687s step_avg:153.08ms
step:2305/3250 train_time:353.837s step_avg:153.51ms
step:2306/3250 train_time:354.990s step_avg:153.94ms
step:2307/3250 train_time:356.143s step_avg:154.37ms
step:2308/3250 train_time:357.293s step_avg:154.81ms
step:2309/3250 train_time:358.445s step_avg:155.24ms
step:2310/3250 train_time:359.595s step_avg:155.67ms
step:2311/3250 train_time:360.748s step_avg:156.10ms
step:2312/3250 train_time:361.898s step_avg:156.53ms
step:2313/3250 train_time:363.048s step_avg:156.96ms
step:2314/3250 train_time:364.199s step_avg:157.39ms
step:2315/3250 train_time:365.351s step_avg:157.82ms
step:2316/3250 train_time:366.505s step_avg:158.25ms
step:2317/3250 train_time:367.651s step_avg:158.68ms
step:2318/3250 train_time:368.802s step_avg:159.10ms
step:2319/3250 train_time:369.949s step_avg:159.53ms
step:2320/3250 train_time:371.098s step_avg:159.96ms
step:2321/3250 train_time:372.250s step_avg:160.38ms
step:2322/3250 train_time:373.401s step_avg:160.81ms
step:2323/3250 train_time:374.550s step_avg:161.24ms
step:2324/3250 train_time:375.703s step_avg:161.66ms
step:2325/3250 train_time:376.850s step_avg:162.09ms
step:2326/3250 train_time:378.052s step_avg:162.53ms
step:2327/3250 train_time:379.205s step_avg:162.96ms
step:2328/3250 train_time:380.351s step_avg:163.38ms
step:2329/3250 train_time:381.503s step_avg:163.81ms
step:2330/3250 train_time:382.650s step_avg:164.23ms
step:2331/3250 train_time:383.801s step_avg:164.65ms
step:2332/3250 train_time:384.950s step_avg:165.07ms
step:2333/3250 train_time:386.100s step_avg:165.50ms
step:2334/3250 train_time:387.248s step_avg:165.92ms
step:2335/3250 train_time:388.398s step_avg:166.34ms
step:2336/3250 train_time:389.547s step_avg:166.76ms
step:2337/3250 train_time:390.696s step_avg:167.18ms
step:2338/3250 train_time:391.848s step_avg:167.60ms
step:2339/3250 train_time:392.998s step_avg:168.02ms
step:2340/3250 train_time:394.147s step_avg:168.44ms
step:2341/3250 train_time:395.297s step_avg:168.86ms
step:2342/3250 train_time:396.450s step_avg:169.28ms
step:2343/3250 train_time:397.601s step_avg:169.70ms
step:2344/3250 train_time:398.749s step_avg:170.11ms
step:2345/3250 train_time:399.898s step_avg:170.53ms
step:2346/3250 train_time:401.047s step_avg:170.95ms
step:2347/3250 train_time:402.197s step_avg:171.37ms
step:2348/3250 train_time:403.350s step_avg:171.78ms
step:2349/3250 train_time:404.564s step_avg:172.23ms
step:2350/3250 train_time:405.712s step_avg:172.64ms
step:2351/3250 train_time:406.866s step_avg:173.06ms
step:2352/3250 train_time:408.014s step_avg:173.48ms
step:2353/3250 train_time:409.164s step_avg:173.89ms
step:2354/3250 train_time:410.315s step_avg:174.31ms
step:2355/3250 train_time:411.468s step_avg:174.72ms
step:2356/3250 train_time:412.619s step_avg:175.14ms
step:2357/3250 train_time:413.769s step_avg:175.55ms
step:2358/3250 train_time:414.917s step_avg:175.96ms
step:2359/3250 train_time:416.067s step_avg:176.37ms
step:2360/3250 train_time:417.217s step_avg:176.79ms
step:2361/3250 train_time:418.366s step_avg:177.20ms
step:2362/3250 train_time:419.515s step_avg:177.61ms
step:2363/3250 train_time:420.664s step_avg:178.02ms
step:2364/3250 train_time:421.811s step_avg:178.43ms
step:2365/3250 train_time:422.963s step_avg:178.84ms
step:2366/3250 train_time:424.113s step_avg:179.25ms
step:2367/3250 train_time:425.266s step_avg:179.66ms
step:2368/3250 train_time:426.415s step_avg:180.07ms
step:2369/3250 train_time:427.568s step_avg:180.48ms
step:2370/3250 train_time:428.717s step_avg:180.89ms
step:2371/3250 train_time:429.866s step_avg:181.30ms
step:2372/3250 train_time:431.076s step_avg:181.74ms
step:2373/3250 train_time:432.225s step_avg:182.14ms
step:2374/3250 train_time:433.373s step_avg:182.55ms
step:2375/3250 train_time:434.524s step_avg:182.96ms
step:2375/3250 val_loss:3.26113 train_time:434.536s step_avg:1153.17ms
step:2376/3250 train_time:435.677s step_avg:183.37ms
step:2377/3250 train_time:436.831s step_avg:183.77ms
step:2378/3250 train_time:437.978s step_avg:184.18ms
step:2379/3250 train_time:439.132s step_avg:184.59ms
step:2380/3250 train_time:440.280s step_avg:184.99ms
step:2381/3250 train_time:441.432s step_avg:185.40ms
step:2382/3250 train_time:442.579s step_avg:185.80ms
step:2383/3250 train_time:443.732s step_avg:186.21ms
step:2384/3250 train_time:444.879s step_avg:186.61ms
step:2385/3250 train_time:446.032s step_avg:187.02ms
step:2386/3250 train_time:447.179s step_avg:187.42ms
step:2387/3250 train_time:448.334s step_avg:187.82ms
step:2388/3250 train_time:449.486s step_avg:188.23ms
step:2389/3250 train_time:450.637s step_avg:188.63ms
step:2390/3250 train_time:451.789s step_avg:189.03ms
step:2391/3250 train_time:452.937s step_avg:189.43ms
step:2392/3250 train_time:454.088s step_avg:189.84ms
step:2393/3250 train_time:455.236s step_avg:190.24ms
step:2394/3250 train_time:456.388s step_avg:190.64ms
step:2395/3250 train_time:457.598s step_avg:191.06ms
step:2396/3250 train_time:458.751s step_avg:191.47ms
step:2397/3250 train_time:459.900s step_avg:191.86ms
step:2398/3250 train_time:461.049s step_avg:192.26ms
step:2399/3250 train_time:462.198s step_avg:192.66ms
step:2400/3250 train_time:463.349s step_avg:193.06ms
step:2401/3250 train_time:464.494s step_avg:193.46ms
step:2402/3250 train_time:465.644s step_avg:193.86ms
step:2403/3250 train_time:466.790s step_avg:194.25ms
step:2404/3250 train_time:467.937s step_avg:194.65ms
step:2405/3250 train_time:469.087s step_avg:195.05ms
step:2406/3250 train_time:470.236s step_avg:195.44ms
step:2407/3250 train_time:471.385s step_avg:195.84ms
step:2408/3250 train_time:472.534s step_avg:196.24ms
step:2409/3250 train_time:473.685s step_avg:196.63ms
step:2410/3250 train_time:474.836s step_avg:197.03ms
step:2411/3250 train_time:475.985s step_avg:197.42ms
step:2412/3250 train_time:477.137s step_avg:197.82ms
step:2413/3250 train_time:478.288s step_avg:198.21ms
step:2414/3250 train_time:479.437s step_avg:198.61ms
step:2415/3250 train_time:480.585s step_avg:199.00ms
step:2416/3250 train_time:481.737s step_avg:199.39ms
step:2417/3250 train_time:482.887s step_avg:199.79ms
step:2418/3250 train_time:484.097s step_avg:200.21ms
step:2419/3250 train_time:485.249s step_avg:200.60ms
step:2420/3250 train_time:486.398s step_avg:200.99ms
step:2421/3250 train_time:487.549s step_avg:201.38ms
step:2422/3250 train_time:488.698s step_avg:201.77ms
step:2423/3250 train_time:489.849s step_avg:202.17ms
step:2424/3250 train_time:490.997s step_avg:202.56ms
step:2425/3250 train_time:492.145s step_avg:202.95ms
step:2426/3250 train_time:493.291s step_avg:203.34ms
step:2427/3250 train_time:494.441s step_avg:203.73ms
step:2428/3250 train_time:495.592s step_avg:204.12ms
step:2429/3250 train_time:496.740s step_avg:204.50ms
step:2430/3250 train_time:497.890s step_avg:204.89ms
step:2431/3250 train_time:499.040s step_avg:205.28ms
step:2432/3250 train_time:500.190s step_avg:205.67ms
step:2433/3250 train_time:501.338s step_avg:206.06ms
step:2434/3250 train_time:502.489s step_avg:206.45ms
step:2435/3250 train_time:503.638s step_avg:206.83ms
step:2436/3250 train_time:504.790s step_avg:207.22ms
step:2437/3250 train_time:505.941s step_avg:207.61ms
step:2438/3250 train_time:507.095s step_avg:208.00ms
step:2439/3250 train_time:508.244s step_avg:208.38ms
step:2440/3250 train_time:509.397s step_avg:208.77ms
step:2441/3250 train_time:510.614s step_avg:209.18ms
step:2442/3250 train_time:511.763s step_avg:209.57ms
step:2443/3250 train_time:512.918s step_avg:209.95ms
step:2444/3250 train_time:514.071s step_avg:210.34ms
step:2445/3250 train_time:515.220s step_avg:210.72ms
step:2446/3250 train_time:516.375s step_avg:211.11ms
step:2447/3250 train_time:517.526s step_avg:211.49ms
step:2448/3250 train_time:518.674s step_avg:211.88ms
step:2449/3250 train_time:519.824s step_avg:212.26ms
step:2450/3250 train_time:520.975s step_avg:212.64ms
step:2451/3250 train_time:522.128s step_avg:213.03ms
step:2452/3250 train_time:523.277s step_avg:213.41ms
step:2453/3250 train_time:524.430s step_avg:213.79ms
step:2454/3250 train_time:525.579s step_avg:214.17ms
step:2455/3250 train_time:526.729s step_avg:214.55ms
step:2456/3250 train_time:527.878s step_avg:214.93ms
step:2457/3250 train_time:529.029s step_avg:215.32ms
step:2458/3250 train_time:530.179s step_avg:215.70ms
step:2459/3250 train_time:531.335s step_avg:216.08ms
step:2460/3250 train_time:532.485s step_avg:216.46ms
step:2461/3250 train_time:533.637s step_avg:216.84ms
step:2462/3250 train_time:534.788s step_avg:217.22ms
step:2463/3250 train_time:535.937s step_avg:217.60ms
step:2464/3250 train_time:537.151s step_avg:218.00ms
step:2465/3250 train_time:538.299s step_avg:218.38ms
step:2466/3250 train_time:539.450s step_avg:218.76ms
step:2467/3250 train_time:540.598s step_avg:219.13ms
step:2468/3250 train_time:541.752s step_avg:219.51ms
step:2469/3250 train_time:542.904s step_avg:219.89ms
step:2470/3250 train_time:544.056s step_avg:220.27ms
step:2471/3250 train_time:545.209s step_avg:220.64ms
step:2472/3250 train_time:546.361s step_avg:221.02ms
step:2473/3250 train_time:547.515s step_avg:221.40ms
step:2474/3250 train_time:548.665s step_avg:221.77ms
step:2475/3250 train_time:549.817s step_avg:222.15ms
step:2476/3250 train_time:550.970s step_avg:222.52ms
step:2477/3250 train_time:552.121s step_avg:222.90ms
step:2478/3250 train_time:553.275s step_avg:223.27ms
step:2479/3250 train_time:554.429s step_avg:223.65ms
step:2480/3250 train_time:555.578s step_avg:224.02ms
step:2481/3250 train_time:556.732s step_avg:224.40ms
step:2482/3250 train_time:557.880s step_avg:224.77ms
step:2483/3250 train_time:559.034s step_avg:225.14ms
step:2484/3250 train_time:560.184s step_avg:225.52ms
step:2485/3250 train_time:561.335s step_avg:225.89ms
step:2486/3250 train_time:562.486s step_avg:226.26ms
step:2487/3250 train_time:563.699s step_avg:226.66ms
step:2488/3250 train_time:564.853s step_avg:227.03ms
step:2489/3250 train_time:566.004s step_avg:227.40ms
step:2490/3250 train_time:567.155s step_avg:227.77ms
step:2491/3250 train_time:568.306s step_avg:228.14ms
step:2492/3250 train_time:569.457s step_avg:228.51ms
step:2493/3250 train_time:570.609s step_avg:228.88ms
step:2494/3250 train_time:571.758s step_avg:229.25ms
step:2495/3250 train_time:572.910s step_avg:229.62ms
step:2496/3250 train_time:574.058s step_avg:229.99ms
step:2497/3250 train_time:575.209s step_avg:230.36ms
step:2498/3250 train_time:576.354s step_avg:230.73ms
step:2499/3250 train_time:577.504s step_avg:231.09ms
step:2500/3250 train_time:578.656s step_avg:231.46ms
step:2500/3250 val_loss:3.24134 train_time:578.668s step_avg:1153.06ms
step:2501/3250 train_time:579.807s step_avg:231.83ms
step:2502/3250 train_time:580.958s step_avg:232.20ms
step:2503/3250 train_time:582.105s step_avg:232.56ms
step:2504/3250 train_time:583.257s step_avg:232.93ms
step:2505/3250 train_time:584.406s step_avg:233.30ms
step:2506/3250 train_time:585.557s step_avg:233.66ms
step:2507/3250 train_time:586.705s step_avg:234.03ms
step:2508/3250 train_time:587.855s step_avg:234.39ms
step:2509/3250 train_time:589.005s step_avg:234.76ms
step:2510/3250 train_time:590.219s step_avg:235.15ms
step:2511/3250 train_time:591.368s step_avg:235.51ms
step:2512/3250 train_time:592.522s step_avg:235.88ms
step:2513/3250 train_time:593.671s step_avg:236.24ms
step:2514/3250 train_time:594.824s step_avg:236.60ms
step:2515/3250 train_time:595.973s step_avg:236.97ms
step:2516/3250 train_time:597.125s step_avg:237.33ms
step:2517/3250 train_time:598.273s step_avg:237.69ms
step:2518/3250 train_time:599.425s step_avg:238.06ms
step:2519/3250 train_time:600.573s step_avg:238.42ms
step:2520/3250 train_time:601.723s step_avg:238.78ms
step:2521/3250 train_time:602.873s step_avg:239.14ms
step:2522/3250 train_time:604.022s step_avg:239.50ms
step:2523/3250 train_time:605.172s step_avg:239.86ms
step:2524/3250 train_time:606.320s step_avg:240.22ms
step:2525/3250 train_time:607.469s step_avg:240.58ms
step:2526/3250 train_time:608.622s step_avg:240.94ms
step:2527/3250 train_time:609.772s step_avg:241.30ms
step:2528/3250 train_time:610.924s step_avg:241.66ms
step:2529/3250 train_time:612.073s step_avg:242.02ms
step:2530/3250 train_time:613.225s step_avg:242.38ms
step:2531/3250 train_time:614.375s step_avg:242.74ms
step:2532/3250 train_time:615.525s step_avg:243.10ms
step:2533/3250 train_time:616.743s step_avg:243.48ms
step:2534/3250 train_time:617.894s step_avg:243.84ms
step:2535/3250 train_time:619.047s step_avg:244.20ms
step:2536/3250 train_time:620.200s step_avg:244.56ms
step:2537/3250 train_time:621.349s step_avg:244.91ms
step:2538/3250 train_time:622.502s step_avg:245.27ms
step:2539/3250 train_time:623.652s step_avg:245.63ms
step:2540/3250 train_time:624.803s step_avg:245.99ms
step:2541/3250 train_time:625.957s step_avg:246.34ms
step:2542/3250 train_time:627.106s step_avg:246.70ms
step:2543/3250 train_time:628.257s step_avg:247.05ms
step:2544/3250 train_time:629.407s step_avg:247.41ms
step:2545/3250 train_time:630.559s step_avg:247.76ms
step:2546/3250 train_time:631.706s step_avg:248.12ms
step:2547/3250 train_time:632.857s step_avg:248.47ms
step:2548/3250 train_time:634.005s step_avg:248.82ms
step:2549/3250 train_time:635.156s step_avg:249.18ms
step:2550/3250 train_time:636.306s step_avg:249.53ms
step:2551/3250 train_time:637.455s step_avg:249.88ms
step:2552/3250 train_time:638.605s step_avg:250.24ms
step:2553/3250 train_time:639.754s step_avg:250.59ms
step:2554/3250 train_time:640.904s step_avg:250.94ms
step:2555/3250 train_time:642.054s step_avg:251.29ms
step:2556/3250 train_time:643.267s step_avg:251.67ms
step:2557/3250 train_time:644.420s step_avg:252.02ms
step:2558/3250 train_time:645.568s step_avg:252.37ms
step:2559/3250 train_time:646.720s step_avg:252.72ms
step:2560/3250 train_time:647.869s step_avg:253.07ms
step:2561/3250 train_time:649.021s step_avg:253.42ms
step:2562/3250 train_time:650.170s step_avg:253.77ms
step:2563/3250 train_time:651.320s step_avg:254.12ms
step:2564/3250 train_time:652.469s step_avg:254.47ms
step:2565/3250 train_time:653.620s step_avg:254.82ms
step:2566/3250 train_time:654.769s step_avg:255.17ms
step:2567/3250 train_time:655.922s step_avg:255.52ms
step:2568/3250 train_time:657.071s step_avg:255.87ms
step:2569/3250 train_time:658.225s step_avg:256.22ms
step:2570/3250 train_time:659.376s step_avg:256.57ms
step:2571/3250 train_time:660.526s step_avg:256.91ms
step:2572/3250 train_time:661.677s step_avg:257.26ms
step:2573/3250 train_time:662.828s step_avg:257.61ms
step:2574/3250 train_time:663.979s step_avg:257.96ms
step:2575/3250 train_time:665.128s step_avg:258.30ms
step:2576/3250 train_time:666.279s step_avg:258.65ms
step:2577/3250 train_time:667.427s step_avg:258.99ms
step:2578/3250 train_time:668.576s step_avg:259.34ms
step:2579/3250 train_time:669.787s step_avg:259.71ms
step:2580/3250 train_time:670.942s step_avg:260.06ms
step:2581/3250 train_time:672.094s step_avg:260.40ms
step:2582/3250 train_time:673.246s step_avg:260.75ms
step:2583/3250 train_time:674.399s step_avg:261.09ms
step:2584/3250 train_time:675.549s step_avg:261.44ms
step:2585/3250 train_time:676.702s step_avg:261.78ms
step:2586/3250 train_time:677.852s step_avg:262.12ms
step:2587/3250 train_time:679.003s step_avg:262.47ms
step:2588/3250 train_time:680.153s step_avg:262.81ms
step:2589/3250 train_time:681.303s step_avg:263.15ms
step:2590/3250 train_time:682.453s step_avg:263.50ms
step:2591/3250 train_time:683.603s step_avg:263.84ms
step:2592/3250 train_time:684.755s step_avg:264.18ms
step:2593/3250 train_time:685.908s step_avg:264.52ms
step:2594/3250 train_time:687.057s step_avg:264.86ms
step:2595/3250 train_time:688.207s step_avg:265.20ms
step:2596/3250 train_time:689.359s step_avg:265.55ms
step:2597/3250 train_time:690.507s step_avg:265.89ms
step:2598/3250 train_time:691.658s step_avg:266.23ms
step:2599/3250 train_time:692.805s step_avg:266.57ms
step:2600/3250 train_time:693.958s step_avg:266.91ms
step:2601/3250 train_time:695.107s step_avg:267.25ms
step:2602/3250 train_time:696.318s step_avg:267.61ms
step:2603/3250 train_time:697.467s step_avg:267.95ms
step:2604/3250 train_time:698.620s step_avg:268.29ms
step:2605/3250 train_time:699.769s step_avg:268.63ms
step:2606/3250 train_time:700.924s step_avg:268.97ms
step:2607/3250 train_time:702.075s step_avg:269.30ms
step:2608/3250 train_time:703.226s step_avg:269.64ms
step:2609/3250 train_time:704.381s step_avg:269.98ms
step:2610/3250 train_time:705.531s step_avg:270.32ms
step:2611/3250 train_time:706.682s step_avg:270.66ms
step:2612/3250 train_time:707.833s step_avg:270.99ms
step:2613/3250 train_time:708.982s step_avg:271.33ms
step:2614/3250 train_time:710.133s step_avg:271.67ms
step:2615/3250 train_time:711.285s step_avg:272.00ms
step:2616/3250 train_time:712.438s step_avg:272.34ms
step:2617/3250 train_time:713.587s step_avg:272.67ms
step:2618/3250 train_time:714.740s step_avg:273.01ms
step:2619/3250 train_time:715.890s step_avg:273.34ms
step:2620/3250 train_time:717.041s step_avg:273.68ms
step:2621/3250 train_time:718.193s step_avg:274.01ms
step:2622/3250 train_time:719.346s step_avg:274.35ms
step:2623/3250 train_time:720.498s step_avg:274.68ms
step:2624/3250 train_time:721.646s step_avg:275.02ms
step:2625/3250 train_time:722.862s step_avg:275.38ms
step:2625/3250 val_loss:3.22136 train_time:722.874s step_avg:1153.65ms
step:2626/3250 train_time:724.018s step_avg:275.71ms
step:2627/3250 train_time:725.170s step_avg:276.04ms
step:2628/3250 train_time:726.317s step_avg:276.38ms
step:2629/3250 train_time:727.469s step_avg:276.71ms
step:2630/3250 train_time:728.619s step_avg:277.04ms
step:2631/3250 train_time:729.773s step_avg:277.37ms
step:2632/3250 train_time:730.921s step_avg:277.71ms
step:2633/3250 train_time:732.076s step_avg:278.04ms
step:2634/3250 train_time:733.227s step_avg:278.37ms
step:2635/3250 train_time:734.377s step_avg:278.70ms
step:2636/3250 train_time:735.528s step_avg:279.03ms
step:2637/3250 train_time:736.679s step_avg:279.36ms
step:2638/3250 train_time:737.829s step_avg:279.69ms
step:2639/3250 train_time:738.977s step_avg:280.02ms
step:2640/3250 train_time:740.129s step_avg:280.35ms
step:2641/3250 train_time:741.278s step_avg:280.68ms
step:2642/3250 train_time:742.430s step_avg:281.01ms
step:2643/3250 train_time:743.579s step_avg:281.34ms
step:2644/3250 train_time:744.731s step_avg:281.67ms
step:2645/3250 train_time:745.880s step_avg:282.00ms
step:2646/3250 train_time:747.031s step_avg:282.32ms
step:2647/3250 train_time:748.179s step_avg:282.65ms
step:2648/3250 train_time:749.382s step_avg:283.00ms
step:2649/3250 train_time:750.535s step_avg:283.33ms
step:2650/3250 train_time:751.686s step_avg:283.66ms
step:2651/3250 train_time:752.836s step_avg:283.98ms
step:2652/3250 train_time:753.989s step_avg:284.31ms
step:2653/3250 train_time:755.139s step_avg:284.64ms
step:2654/3250 train_time:756.291s step_avg:284.96ms
step:2655/3250 train_time:757.438s step_avg:285.29ms
step:2656/3250 train_time:758.590s step_avg:285.61ms
step:2657/3250 train_time:759.738s step_avg:285.94ms
step:2658/3250 train_time:760.889s step_avg:286.26ms
step:2659/3250 train_time:762.037s step_avg:286.59ms
step:2660/3250 train_time:763.192s step_avg:286.91ms
step:2661/3250 train_time:764.340s step_avg:287.24ms
step:2662/3250 train_time:765.491s step_avg:287.56ms
step:2663/3250 train_time:766.639s step_avg:287.89ms
step:2664/3250 train_time:767.794s step_avg:288.21ms
step:2665/3250 train_time:768.945s step_avg:288.53ms
step:2666/3250 train_time:770.096s step_avg:288.86ms
step:2667/3250 train_time:771.244s step_avg:289.18ms
step:2668/3250 train_time:772.397s step_avg:289.50ms
step:2669/3250 train_time:773.550s step_avg:289.83ms
step:2670/3250 train_time:774.700s step_avg:290.15ms
step:2671/3250 train_time:775.898s step_avg:290.49ms
step:2672/3250 train_time:777.054s step_avg:290.81ms
step:2673/3250 train_time:778.203s step_avg:291.13ms
step:2674/3250 train_time:779.355s step_avg:291.46ms
step:2675/3250 train_time:780.506s step_avg:291.78ms
step:2676/3250 train_time:781.658s step_avg:292.10ms
step:2677/3250 train_time:782.807s step_avg:292.42ms
step:2678/3250 train_time:783.957s step_avg:292.74ms
step:2679/3250 train_time:785.108s step_avg:293.06ms
step:2680/3250 train_time:786.257s step_avg:293.38ms
step:2681/3250 train_time:787.409s step_avg:293.70ms
step:2682/3250 train_time:788.558s step_avg:294.02ms
step:2683/3250 train_time:789.709s step_avg:294.34ms
step:2684/3250 train_time:790.857s step_avg:294.66ms
step:2685/3250 train_time:792.007s step_avg:294.97ms
step:2686/3250 train_time:793.159s step_avg:295.29ms
step:2687/3250 train_time:794.310s step_avg:295.61ms
step:2688/3250 train_time:795.460s step_avg:295.93ms
step:2689/3250 train_time:796.607s step_avg:296.25ms
step:2690/3250 train_time:797.754s step_avg:296.56ms
step:2691/3250 train_time:798.904s step_avg:296.88ms
step:2692/3250 train_time:800.055s step_avg:297.20ms
step:2693/3250 train_time:801.205s step_avg:297.51ms
step:2694/3250 train_time:802.411s step_avg:297.85ms
step:2695/3250 train_time:803.562s step_avg:298.17ms
step:2696/3250 train_time:804.714s step_avg:298.48ms
step:2697/3250 train_time:805.864s step_avg:298.80ms
step:2698/3250 train_time:807.017s step_avg:299.12ms
step:2699/3250 train_time:808.169s step_avg:299.43ms
step:2700/3250 train_time:809.317s step_avg:299.75ms
step:2701/3250 train_time:810.470s step_avg:300.06ms
step:2702/3250 train_time:811.619s step_avg:300.38ms
step:2703/3250 train_time:812.776s step_avg:300.69ms
step:2704/3250 train_time:813.927s step_avg:301.01ms
step:2705/3250 train_time:815.076s step_avg:301.32ms
step:2706/3250 train_time:816.227s step_avg:301.64ms
step:2707/3250 train_time:817.377s step_avg:301.95ms
step:2708/3250 train_time:818.527s step_avg:302.26ms
step:2709/3250 train_time:819.677s step_avg:302.58ms
step:2710/3250 train_time:820.830s step_avg:302.89ms
step:2711/3250 train_time:821.981s step_avg:303.20ms
step:2712/3250 train_time:823.131s step_avg:303.51ms
step:2713/3250 train_time:824.280s step_avg:303.83ms
step:2714/3250 train_time:825.431s step_avg:304.14ms
step:2715/3250 train_time:826.581s step_avg:304.45ms
step:2716/3250 train_time:827.731s step_avg:304.76ms
step:2717/3250 train_time:828.937s step_avg:305.09ms
step:2718/3250 train_time:830.089s step_avg:305.40ms
step:2719/3250 train_time:831.237s step_avg:305.71ms
step:2720/3250 train_time:832.390s step_avg:306.03ms
step:2721/3250 train_time:833.537s step_avg:306.33ms
step:2722/3250 train_time:834.692s step_avg:306.65ms
step:2723/3250 train_time:835.842s step_avg:306.96ms
step:2724/3250 train_time:836.994s step_avg:307.27ms
step:2725/3250 train_time:838.143s step_avg:307.58ms
step:2726/3250 train_time:839.295s step_avg:307.89ms
step:2727/3250 train_time:840.448s step_avg:308.20ms
step:2728/3250 train_time:841.597s step_avg:308.50ms
step:2729/3250 train_time:842.747s step_avg:308.81ms
step:2730/3250 train_time:843.896s step_avg:309.12ms
step:2731/3250 train_time:845.047s step_avg:309.43ms
step:2732/3250 train_time:846.196s step_avg:309.74ms
step:2733/3250 train_time:847.349s step_avg:310.04ms
step:2734/3250 train_time:848.497s step_avg:310.35ms
step:2735/3250 train_time:849.650s step_avg:310.66ms
step:2736/3250 train_time:850.800s step_avg:310.96ms
step:2737/3250 train_time:851.951s step_avg:311.27ms
step:2738/3250 train_time:853.100s step_avg:311.58ms
step:2739/3250 train_time:854.251s step_avg:311.88ms
step:2740/3250 train_time:855.458s step_avg:312.21ms
step:2741/3250 train_time:856.613s step_avg:312.52ms
step:2742/3250 train_time:857.762s step_avg:312.82ms
step:2743/3250 train_time:858.913s step_avg:313.13ms
step:2744/3250 train_time:860.064s step_avg:313.43ms
step:2745/3250 train_time:861.214s step_avg:313.74ms
step:2746/3250 train_time:862.365s step_avg:314.04ms
step:2747/3250 train_time:863.517s step_avg:314.35ms
step:2748/3250 train_time:864.669s step_avg:314.65ms
step:2749/3250 train_time:865.819s step_avg:314.96ms
step:2750/3250 train_time:866.973s step_avg:315.26ms
step:2750/3250 val_loss:3.20561 train_time:866.985s step_avg:1152.89ms
step:2751/3250 train_time:868.891s step_avg:315.85ms
ARM_EXIT=0 req028_b8x_mu0_s0
