==== 2026-08-23 22:10:43 K6_a32 --k 6 --tau-min 3 --tau-max 56 --weights 0.04197,0.08395,0.12592,0.16789,0.20986,0.37041 ====
W0823 22:10:44.414000 4880 torch/distributed/run.py:774] 
W0823 22:10:44.414000 4880 torch/distributed/run.py:774] *****************************************
W0823 22:10:44.414000 4880 torch/distributed/run.py:774] Setting OMP_NUM_THREADS environment variable for each process to be 1 in default, to avoid your system being overloaded, please further tune the variable for optimal performance in your application as needed. 
W0823 22:10:44.414000 4880 torch/distributed/run.py:774] *****************************************
logs/75b9c0fd-1abd-4afc-81ec-0333fc162be6.txt
step:0/3250 val_loss:10.82584 train_time:0.000s step_avg:nanms
step:1/3250 train_time:39.075s step_avg:39075.50ms
step:2/3250 train_time:39.210s step_avg:19605.03ms
step:3/3250 train_time:39.362s step_avg:13120.58ms
step:4/3250 train_time:39.516s step_avg:9878.92ms
step:5/3250 train_time:39.670s step_avg:7933.97ms
step:6/3250 train_time:39.824s step_avg:6637.34ms
step:7/3250 train_time:39.976s step_avg:5710.86ms
step:8/3250 train_time:40.133s step_avg:5016.66ms
step:9/3250 train_time:40.291s step_avg:4476.78ms
step:10/3250 train_time:40.446s step_avg:4044.59ms
step:11/3250 train_time:40.599s step_avg:3690.81ms
step:12/3250 train_time:40.752s step_avg:3395.99ms
step:13/3250 train_time:40.907s step_avg:3146.71ms
step:14/3250 train_time:41.061s step_avg:2932.90ms
step:15/3250 train_time:41.215s step_avg:2747.64ms
step:16/3250 train_time:41.370s step_avg:2585.63ms
step:17/3250 train_time:41.527s step_avg:2442.74ms
step:18/3250 train_time:41.680s step_avg:2315.56ms
step:19/3250 train_time:41.834s step_avg:2201.78ms
step:20/3250 train_time:41.991s step_avg:2099.55ms
step:21/3250 train_time:42.145s step_avg:2006.92ms
step:22/3250 train_time:42.299s step_avg:1922.67ms
step:23/3250 train_time:42.453s step_avg:1845.79ms
step:24/3250 train_time:42.612s step_avg:1775.49ms
step:25/3250 train_time:42.769s step_avg:1710.75ms
step:26/3250 train_time:42.921s step_avg:1650.82ms
step:27/3250 train_time:43.077s step_avg:1595.45ms
step:28/3250 train_time:43.233s step_avg:1544.03ms
step:29/3250 train_time:43.388s step_avg:1496.15ms
step:30/3250 train_time:43.543s step_avg:1451.42ms
step:31/3250 train_time:43.697s step_avg:1409.57ms
step:32/3250 train_time:43.852s step_avg:1370.36ms
step:33/3250 train_time:44.009s step_avg:1333.60ms
step:34/3250 train_time:44.164s step_avg:1298.94ms
step:35/3250 train_time:44.318s step_avg:1266.22ms
step:36/3250 train_time:44.471s step_avg:1235.31ms
step:37/3250 train_time:44.627s step_avg:1206.14ms
step:38/3250 train_time:44.781s step_avg:1178.44ms
step:39/3250 train_time:44.935s step_avg:1152.18ms
step:40/3250 train_time:45.092s step_avg:1127.30ms
step:41/3250 train_time:45.249s step_avg:1103.62ms
step:42/3250 train_time:45.403s step_avg:1081.02ms
step:43/3250 train_time:45.557s step_avg:1059.46ms
step:44/3250 train_time:45.712s step_avg:1038.91ms
step:45/3250 train_time:45.868s step_avg:1019.28ms
step:46/3250 train_time:46.023s step_avg:1000.50ms
step:47/3250 train_time:46.176s step_avg:982.47ms
step:48/3250 train_time:46.331s step_avg:965.23ms
step:49/3250 train_time:46.487s step_avg:948.72ms
step:50/3250 train_time:46.640s step_avg:932.81ms
step:51/3250 train_time:46.794s step_avg:917.53ms
step:52/3250 train_time:46.950s step_avg:902.89ms
step:53/3250 train_time:47.107s step_avg:888.80ms
step:54/3250 train_time:47.259s step_avg:875.16ms
step:55/3250 train_time:47.414s step_avg:862.07ms
step:56/3250 train_time:47.571s step_avg:849.47ms
step:57/3250 train_time:47.726s step_avg:837.31ms
step:58/3250 train_time:47.881s step_avg:825.53ms
step:59/3250 train_time:48.035s step_avg:814.15ms
step:60/3250 train_time:48.192s step_avg:803.19ms
step:61/3250 train_time:48.347s step_avg:792.57ms
step:62/3250 train_time:48.501s step_avg:782.28ms
step:63/3250 train_time:48.655s step_avg:772.30ms
step:64/3250 train_time:48.811s step_avg:762.67ms
step:65/3250 train_time:48.967s step_avg:753.34ms
step:66/3250 train_time:49.122s step_avg:744.28ms
step:67/3250 train_time:49.276s step_avg:735.46ms
step:68/3250 train_time:49.430s step_avg:726.91ms
step:69/3250 train_time:49.586s step_avg:718.63ms
step:70/3250 train_time:49.739s step_avg:710.55ms
step:71/3250 train_time:49.893s step_avg:702.72ms
step:72/3250 train_time:50.050s step_avg:695.14ms
step:73/3250 train_time:50.207s step_avg:687.77ms
step:74/3250 train_time:50.362s step_avg:680.57ms
step:75/3250 train_time:50.517s step_avg:673.56ms
step:76/3250 train_time:50.671s step_avg:666.72ms
step:77/3250 train_time:50.827s step_avg:660.08ms
step:78/3250 train_time:50.981s step_avg:653.60ms
step:79/3250 train_time:51.135s step_avg:647.28ms
step:80/3250 train_time:51.292s step_avg:641.15ms
step:81/3250 train_time:51.449s step_avg:635.17ms
step:82/3250 train_time:51.604s step_avg:629.32ms
step:83/3250 train_time:51.757s step_avg:623.58ms
step:84/3250 train_time:51.913s step_avg:618.01ms
step:85/3250 train_time:52.069s step_avg:612.58ms
step:86/3250 train_time:52.224s step_avg:607.25ms
step:87/3250 train_time:52.378s step_avg:602.05ms
step:88/3250 train_time:52.533s step_avg:596.96ms
step:89/3250 train_time:52.691s step_avg:592.03ms
step:90/3250 train_time:52.846s step_avg:587.18ms
step:91/3250 train_time:52.999s step_avg:582.41ms
step:92/3250 train_time:53.155s step_avg:577.77ms
step:93/3250 train_time:53.312s step_avg:573.25ms
step:94/3250 train_time:53.468s step_avg:568.81ms
step:95/3250 train_time:53.624s step_avg:564.46ms
step:96/3250 train_time:53.778s step_avg:560.19ms
step:97/3250 train_time:53.933s step_avg:556.01ms
step:98/3250 train_time:54.089s step_avg:551.93ms
step:99/3250 train_time:54.245s step_avg:547.93ms
step:100/3250 train_time:54.399s step_avg:543.99ms
step:101/3250 train_time:54.554s step_avg:540.14ms
step:102/3250 train_time:54.711s step_avg:536.39ms
step:103/3250 train_time:54.867s step_avg:532.69ms
step:104/3250 train_time:55.024s step_avg:529.07ms
step:105/3250 train_time:55.177s step_avg:525.50ms
step:106/3250 train_time:55.332s step_avg:522.00ms
step:107/3250 train_time:55.490s step_avg:518.59ms
step:108/3250 train_time:55.644s step_avg:515.22ms
step:109/3250 train_time:55.798s step_avg:511.91ms
step:110/3250 train_time:55.953s step_avg:508.66ms
step:111/3250 train_time:56.110s step_avg:505.49ms
step:112/3250 train_time:56.265s step_avg:502.36ms
step:113/3250 train_time:56.418s step_avg:499.28ms
step:114/3250 train_time:56.572s step_avg:496.25ms
step:115/3250 train_time:56.729s step_avg:493.30ms
step:116/3250 train_time:56.885s step_avg:490.39ms
step:117/3250 train_time:57.038s step_avg:487.51ms
step:118/3250 train_time:57.193s step_avg:484.69ms
step:119/3250 train_time:57.350s step_avg:481.93ms
step:120/3250 train_time:57.505s step_avg:479.21ms
step:121/3250 train_time:57.659s step_avg:476.52ms
step:122/3250 train_time:57.814s step_avg:473.89ms
step:123/3250 train_time:57.969s step_avg:471.30ms
step:124/3250 train_time:58.125s step_avg:468.75ms
step:125/3250 train_time:58.279s step_avg:466.24ms
step:125/3250 val_loss:4.59027 train_time:58.291s step_avg:466.33ms
step:126/3250 train_time:58.439s step_avg:463.80ms
step:127/3250 train_time:58.592s step_avg:461.36ms
step:128/3250 train_time:58.747s step_avg:458.96ms
step:129/3250 train_time:58.903s step_avg:456.61ms
step:130/3250 train_time:59.058s step_avg:454.29ms
step:131/3250 train_time:59.211s step_avg:451.99ms
step:132/3250 train_time:59.367s step_avg:449.75ms
step:133/3250 train_time:59.523s step_avg:447.54ms
step:134/3250 train_time:59.678s step_avg:445.36ms
step:135/3250 train_time:59.832s step_avg:443.20ms
step:136/3250 train_time:59.987s step_avg:441.08ms
step:137/3250 train_time:60.144s step_avg:439.00ms
step:138/3250 train_time:60.298s step_avg:436.94ms
step:139/3250 train_time:60.453s step_avg:434.91ms
step:140/3250 train_time:60.607s step_avg:432.91ms
step:141/3250 train_time:60.765s step_avg:430.95ms
step:142/3250 train_time:60.920s step_avg:429.01ms
step:143/3250 train_time:61.073s step_avg:427.09ms
step:144/3250 train_time:61.228s step_avg:425.20ms
step:145/3250 train_time:61.384s step_avg:423.34ms
step:146/3250 train_time:61.541s step_avg:421.51ms
step:147/3250 train_time:61.695s step_avg:419.69ms
step:148/3250 train_time:61.850s step_avg:417.91ms
step:149/3250 train_time:62.006s step_avg:416.15ms
step:150/3250 train_time:62.163s step_avg:414.42ms
step:151/3250 train_time:62.319s step_avg:412.71ms
step:152/3250 train_time:62.472s step_avg:411.00ms
step:153/3250 train_time:62.628s step_avg:409.33ms
step:154/3250 train_time:62.784s step_avg:407.69ms
step:155/3250 train_time:62.939s step_avg:406.06ms
step:156/3250 train_time:63.092s step_avg:404.44ms
step:157/3250 train_time:63.248s step_avg:402.85ms
step:158/3250 train_time:63.404s step_avg:401.29ms
step:159/3250 train_time:63.559s step_avg:399.74ms
step:160/3250 train_time:63.712s step_avg:398.20ms
step:161/3250 train_time:63.867s step_avg:396.69ms
step:162/3250 train_time:64.022s step_avg:395.20ms
step:163/3250 train_time:64.176s step_avg:393.71ms
step:164/3250 train_time:64.330s step_avg:392.26ms
step:165/3250 train_time:64.486s step_avg:390.83ms
step:166/3250 train_time:64.644s step_avg:389.42ms
step:167/3250 train_time:64.798s step_avg:388.01ms
step:168/3250 train_time:64.952s step_avg:386.62ms
step:169/3250 train_time:65.107s step_avg:385.25ms
step:170/3250 train_time:65.262s step_avg:383.90ms
step:171/3250 train_time:65.417s step_avg:382.56ms
step:172/3250 train_time:65.571s step_avg:381.23ms
step:173/3250 train_time:65.726s step_avg:379.92ms
step:174/3250 train_time:65.881s step_avg:378.63ms
step:175/3250 train_time:66.035s step_avg:377.34ms
step:176/3250 train_time:66.189s step_avg:376.07ms
step:177/3250 train_time:66.345s step_avg:374.83ms
step:178/3250 train_time:66.501s step_avg:373.60ms
step:179/3250 train_time:66.655s step_avg:372.38ms
step:180/3250 train_time:66.810s step_avg:371.17ms
step:181/3250 train_time:66.966s step_avg:369.98ms
step:182/3250 train_time:67.123s step_avg:368.81ms
step:183/3250 train_time:67.276s step_avg:367.63ms
step:184/3250 train_time:67.431s step_avg:366.47ms
step:185/3250 train_time:67.587s step_avg:365.33ms
step:186/3250 train_time:67.744s step_avg:364.21ms
step:187/3250 train_time:67.898s step_avg:363.09ms
step:188/3250 train_time:68.052s step_avg:361.98ms
step:189/3250 train_time:68.206s step_avg:360.88ms
step:190/3250 train_time:68.362s step_avg:359.80ms
step:191/3250 train_time:70.195s step_avg:367.51ms
step:192/3250 train_time:70.349s step_avg:366.40ms
step:193/3250 train_time:70.504s step_avg:365.31ms
step:194/3250 train_time:70.656s step_avg:364.21ms
step:195/3250 train_time:70.810s step_avg:363.13ms
step:196/3250 train_time:70.970s step_avg:362.09ms
step:197/3250 train_time:71.127s step_avg:361.05ms
step:198/3250 train_time:71.283s step_avg:360.02ms
step:199/3250 train_time:71.438s step_avg:358.98ms
step:200/3250 train_time:71.591s step_avg:357.96ms
step:201/3250 train_time:71.746s step_avg:356.94ms
step:202/3250 train_time:71.902s step_avg:355.95ms
step:203/3250 train_time:72.056s step_avg:354.96ms
step:204/3250 train_time:72.211s step_avg:353.97ms
step:205/3250 train_time:72.368s step_avg:353.01ms
step:206/3250 train_time:72.523s step_avg:352.05ms
step:207/3250 train_time:72.678s step_avg:351.10ms
step:208/3250 train_time:72.830s step_avg:350.15ms
step:209/3250 train_time:72.987s step_avg:349.22ms
step:210/3250 train_time:73.144s step_avg:348.30ms
step:211/3250 train_time:73.300s step_avg:347.39ms
step:212/3250 train_time:73.453s step_avg:346.47ms
step:213/3250 train_time:73.607s step_avg:345.57ms
step:214/3250 train_time:73.763s step_avg:344.69ms
step:215/3250 train_time:73.918s step_avg:343.80ms
step:216/3250 train_time:74.071s step_avg:342.92ms
step:217/3250 train_time:74.226s step_avg:342.05ms
step:218/3250 train_time:74.380s step_avg:341.19ms
step:219/3250 train_time:74.534s step_avg:340.34ms
step:220/3250 train_time:74.688s step_avg:339.49ms
step:221/3250 train_time:74.845s step_avg:338.66ms
step:222/3250 train_time:75.000s step_avg:337.84ms
step:223/3250 train_time:75.153s step_avg:337.01ms
step:224/3250 train_time:75.308s step_avg:336.20ms
step:225/3250 train_time:75.465s step_avg:335.40ms
step:226/3250 train_time:75.619s step_avg:334.60ms
step:227/3250 train_time:75.773s step_avg:333.80ms
step:228/3250 train_time:75.929s step_avg:333.02ms
step:229/3250 train_time:76.086s step_avg:332.25ms
step:230/3250 train_time:76.243s step_avg:331.49ms
step:231/3250 train_time:76.398s step_avg:330.73ms
step:232/3250 train_time:76.552s step_avg:329.97ms
step:233/3250 train_time:76.707s step_avg:329.21ms
step:234/3250 train_time:76.862s step_avg:328.47ms
step:235/3250 train_time:77.016s step_avg:327.73ms
step:236/3250 train_time:77.171s step_avg:326.99ms
step:237/3250 train_time:77.327s step_avg:326.27ms
step:238/3250 train_time:77.482s step_avg:325.56ms
step:239/3250 train_time:77.638s step_avg:324.85ms
step:240/3250 train_time:77.793s step_avg:324.14ms
step:241/3250 train_time:77.948s step_avg:323.44ms
step:242/3250 train_time:78.104s step_avg:322.74ms
step:243/3250 train_time:78.260s step_avg:322.06ms
step:244/3250 train_time:78.413s step_avg:321.37ms
step:245/3250 train_time:78.567s step_avg:320.68ms
step:246/3250 train_time:78.724s step_avg:320.02ms
step:247/3250 train_time:78.878s step_avg:319.34ms
step:248/3250 train_time:79.033s step_avg:318.68ms
step:249/3250 train_time:79.187s step_avg:318.02ms
step:250/3250 train_time:79.345s step_avg:317.38ms
step:250/3250 val_loss:4.09746 train_time:79.357s step_avg:168.52ms
step:251/3250 train_time:79.501s step_avg:316.74ms
step:252/3250 train_time:79.657s step_avg:316.10ms
step:253/3250 train_time:79.811s step_avg:315.46ms
step:254/3250 train_time:79.966s step_avg:314.83ms
step:255/3250 train_time:80.120s step_avg:314.20ms
step:256/3250 train_time:80.277s step_avg:313.58ms
step:257/3250 train_time:80.432s step_avg:312.97ms
step:258/3250 train_time:80.586s step_avg:312.35ms
step:259/3250 train_time:80.741s step_avg:311.74ms
step:260/3250 train_time:80.899s step_avg:311.15ms
step:261/3250 train_time:81.054s step_avg:310.55ms
step:262/3250 train_time:81.208s step_avg:309.95ms
step:263/3250 train_time:81.363s step_avg:309.37ms
step:264/3250 train_time:81.519s step_avg:308.78ms
step:265/3250 train_time:81.674s step_avg:308.21ms
step:266/3250 train_time:81.828s step_avg:307.62ms
step:267/3250 train_time:81.984s step_avg:307.05ms
step:268/3250 train_time:82.140s step_avg:306.49ms
step:269/3250 train_time:82.296s step_avg:305.93ms
step:270/3250 train_time:82.452s step_avg:305.38ms
step:271/3250 train_time:82.605s step_avg:304.82ms
step:272/3250 train_time:82.760s step_avg:304.27ms
step:273/3250 train_time:82.915s step_avg:303.72ms
step:274/3250 train_time:83.071s step_avg:303.18ms
step:275/3250 train_time:83.225s step_avg:302.64ms
step:276/3250 train_time:83.381s step_avg:302.11ms
step:277/3250 train_time:83.538s step_avg:301.58ms
step:278/3250 train_time:83.695s step_avg:301.06ms
step:279/3250 train_time:83.848s step_avg:300.53ms
step:280/3250 train_time:84.002s step_avg:300.01ms
step:281/3250 train_time:84.159s step_avg:299.50ms
step:282/3250 train_time:84.313s step_avg:298.98ms
step:283/3250 train_time:84.468s step_avg:298.47ms
step:284/3250 train_time:84.622s step_avg:297.97ms
step:285/3250 train_time:84.779s step_avg:297.47ms
step:286/3250 train_time:84.934s step_avg:296.97ms
step:287/3250 train_time:85.088s step_avg:296.47ms
step:288/3250 train_time:85.243s step_avg:295.98ms
step:289/3250 train_time:85.399s step_avg:295.50ms
step:290/3250 train_time:85.555s step_avg:295.02ms
step:291/3250 train_time:85.709s step_avg:294.53ms
step:292/3250 train_time:85.864s step_avg:294.06ms
step:293/3250 train_time:86.020s step_avg:293.58ms
step:294/3250 train_time:86.176s step_avg:293.11ms
step:295/3250 train_time:86.329s step_avg:292.64ms
step:296/3250 train_time:86.484s step_avg:292.18ms
step:297/3250 train_time:86.639s step_avg:291.71ms
step:298/3250 train_time:86.795s step_avg:291.26ms
step:299/3250 train_time:86.949s step_avg:290.80ms
step:300/3250 train_time:87.104s step_avg:290.35ms
step:301/3250 train_time:87.260s step_avg:289.90ms
step:302/3250 train_time:87.416s step_avg:289.46ms
step:303/3250 train_time:87.571s step_avg:289.01ms
step:304/3250 train_time:87.726s step_avg:288.57ms
step:305/3250 train_time:87.880s step_avg:288.13ms
step:306/3250 train_time:88.036s step_avg:287.70ms
step:307/3250 train_time:88.191s step_avg:287.27ms
step:308/3250 train_time:88.345s step_avg:286.83ms
step:309/3250 train_time:88.500s step_avg:286.41ms
step:310/3250 train_time:88.657s step_avg:285.99ms
step:311/3250 train_time:88.811s step_avg:285.57ms
step:312/3250 train_time:88.966s step_avg:285.15ms
step:313/3250 train_time:89.122s step_avg:284.73ms
step:314/3250 train_time:89.278s step_avg:284.33ms
step:315/3250 train_time:89.433s step_avg:283.91ms
step:316/3250 train_time:89.587s step_avg:283.50ms
step:317/3250 train_time:89.743s step_avg:283.10ms
step:318/3250 train_time:89.900s step_avg:282.71ms
step:319/3250 train_time:90.057s step_avg:282.31ms
step:320/3250 train_time:90.211s step_avg:281.91ms
step:321/3250 train_time:90.366s step_avg:281.51ms
step:322/3250 train_time:90.521s step_avg:281.12ms
step:323/3250 train_time:90.677s step_avg:280.73ms
step:324/3250 train_time:90.833s step_avg:280.35ms
step:325/3250 train_time:90.987s step_avg:279.96ms
step:326/3250 train_time:91.143s step_avg:279.58ms
step:327/3250 train_time:91.300s step_avg:279.21ms
step:328/3250 train_time:91.456s step_avg:278.83ms
step:329/3250 train_time:91.610s step_avg:278.45ms
step:330/3250 train_time:91.765s step_avg:278.08ms
step:331/3250 train_time:91.920s step_avg:277.71ms
step:332/3250 train_time:92.076s step_avg:277.34ms
step:333/3250 train_time:92.231s step_avg:276.97ms
step:334/3250 train_time:92.386s step_avg:276.60ms
step:335/3250 train_time:92.543s step_avg:276.25ms
step:336/3250 train_time:92.699s step_avg:275.89ms
step:337/3250 train_time:92.855s step_avg:275.53ms
step:338/3250 train_time:93.008s step_avg:275.17ms
step:339/3250 train_time:93.164s step_avg:274.82ms
step:340/3250 train_time:93.320s step_avg:274.47ms
step:341/3250 train_time:93.476s step_avg:274.12ms
step:342/3250 train_time:93.632s step_avg:273.78ms
step:343/3250 train_time:93.787s step_avg:273.43ms
step:344/3250 train_time:93.943s step_avg:273.09ms
step:345/3250 train_time:94.100s step_avg:272.75ms
step:346/3250 train_time:94.256s step_avg:272.42ms
step:347/3250 train_time:94.410s step_avg:272.08ms
step:348/3250 train_time:94.565s step_avg:271.74ms
step:349/3250 train_time:94.721s step_avg:271.41ms
step:350/3250 train_time:94.878s step_avg:271.08ms
step:351/3250 train_time:95.034s step_avg:270.75ms
step:352/3250 train_time:95.188s step_avg:270.42ms
step:353/3250 train_time:95.344s step_avg:270.10ms
step:354/3250 train_time:95.500s step_avg:269.78ms
step:355/3250 train_time:95.656s step_avg:269.45ms
step:356/3250 train_time:95.809s step_avg:269.13ms
step:357/3250 train_time:95.964s step_avg:268.81ms
step:358/3250 train_time:96.120s step_avg:268.49ms
step:359/3250 train_time:96.278s step_avg:268.18ms
step:360/3250 train_time:96.433s step_avg:267.87ms
step:361/3250 train_time:96.588s step_avg:267.56ms
step:362/3250 train_time:96.743s step_avg:267.25ms
step:363/3250 train_time:96.899s step_avg:266.94ms
step:364/3250 train_time:97.055s step_avg:266.63ms
step:365/3250 train_time:97.208s step_avg:266.32ms
step:366/3250 train_time:97.364s step_avg:266.02ms
step:367/3250 train_time:97.519s step_avg:265.72ms
step:368/3250 train_time:97.675s step_avg:265.42ms
step:369/3250 train_time:97.829s step_avg:265.12ms
step:370/3250 train_time:97.984s step_avg:264.82ms
step:371/3250 train_time:98.140s step_avg:264.53ms
step:372/3250 train_time:98.297s step_avg:264.24ms
step:373/3250 train_time:98.452s step_avg:263.95ms
step:374/3250 train_time:98.606s step_avg:263.65ms
step:375/3250 train_time:98.762s step_avg:263.36ms
step:375/3250 val_loss:3.92294 train_time:98.773s step_avg:155.33ms
step:376/3250 train_time:98.918s step_avg:263.08ms
step:377/3250 train_time:99.072s step_avg:262.79ms
step:378/3250 train_time:99.228s step_avg:262.51ms
step:379/3250 train_time:99.384s step_avg:262.23ms
step:380/3250 train_time:99.537s step_avg:261.94ms
step:381/3250 train_time:101.135s step_avg:265.45ms
step:382/3250 train_time:101.290s step_avg:265.16ms
step:383/3250 train_time:101.444s step_avg:264.87ms
step:384/3250 train_time:101.597s step_avg:264.58ms
step:385/3250 train_time:101.752s step_avg:264.29ms
step:386/3250 train_time:101.906s step_avg:264.00ms
step:387/3250 train_time:102.061s step_avg:263.72ms
step:388/3250 train_time:102.215s step_avg:263.44ms
step:389/3250 train_time:102.371s step_avg:263.16ms
step:390/3250 train_time:102.526s step_avg:262.89ms
step:391/3250 train_time:102.681s step_avg:262.61ms
step:392/3250 train_time:102.834s step_avg:262.33ms
step:393/3250 train_time:102.992s step_avg:262.07ms
step:394/3250 train_time:103.149s step_avg:261.80ms
step:395/3250 train_time:103.304s step_avg:261.53ms
step:396/3250 train_time:103.458s step_avg:261.26ms
step:397/3250 train_time:103.613s step_avg:260.99ms
step:398/3250 train_time:103.769s step_avg:260.72ms
step:399/3250 train_time:103.925s step_avg:260.46ms
step:400/3250 train_time:104.080s step_avg:260.20ms
step:401/3250 train_time:104.236s step_avg:259.94ms
step:402/3250 train_time:104.392s step_avg:259.68ms
step:403/3250 train_time:104.547s step_avg:259.42ms
step:404/3250 train_time:104.702s step_avg:259.16ms
step:405/3250 train_time:104.856s step_avg:258.90ms
step:406/3250 train_time:105.011s step_avg:258.65ms
step:407/3250 train_time:105.167s step_avg:258.40ms
step:408/3250 train_time:105.321s step_avg:258.14ms
step:409/3250 train_time:105.475s step_avg:257.89ms
step:410/3250 train_time:105.631s step_avg:257.64ms
step:411/3250 train_time:105.788s step_avg:257.39ms
step:412/3250 train_time:105.942s step_avg:257.14ms
step:413/3250 train_time:106.097s step_avg:256.89ms
step:414/3250 train_time:106.252s step_avg:256.65ms
step:415/3250 train_time:106.409s step_avg:256.41ms
step:416/3250 train_time:106.564s step_avg:256.16ms
step:417/3250 train_time:106.718s step_avg:255.92ms
step:418/3250 train_time:106.873s step_avg:255.68ms
step:419/3250 train_time:107.030s step_avg:255.44ms
step:420/3250 train_time:107.185s step_avg:255.20ms
step:421/3250 train_time:107.339s step_avg:254.96ms
step:422/3250 train_time:107.495s step_avg:254.73ms
step:423/3250 train_time:107.651s step_avg:254.49ms
step:424/3250 train_time:107.807s step_avg:254.26ms
step:425/3250 train_time:107.962s step_avg:254.03ms
step:426/3250 train_time:108.116s step_avg:253.79ms
step:427/3250 train_time:108.271s step_avg:253.56ms
step:428/3250 train_time:108.428s step_avg:253.34ms
step:429/3250 train_time:108.584s step_avg:253.11ms
step:430/3250 train_time:108.737s step_avg:252.88ms
step:431/3250 train_time:108.893s step_avg:252.65ms
step:432/3250 train_time:109.048s step_avg:252.43ms
step:433/3250 train_time:109.202s step_avg:252.20ms
step:434/3250 train_time:109.356s step_avg:251.97ms
step:435/3250 train_time:109.513s step_avg:251.75ms
step:436/3250 train_time:109.668s step_avg:251.53ms
step:437/3250 train_time:109.825s step_avg:251.32ms
step:438/3250 train_time:109.979s step_avg:251.09ms
step:439/3250 train_time:110.134s step_avg:250.87ms
step:440/3250 train_time:110.290s step_avg:250.66ms
step:441/3250 train_time:110.443s step_avg:250.44ms
step:442/3250 train_time:110.597s step_avg:250.22ms
step:443/3250 train_time:110.753s step_avg:250.01ms
step:444/3250 train_time:110.910s step_avg:249.80ms
step:445/3250 train_time:111.065s step_avg:249.58ms
step:446/3250 train_time:111.220s step_avg:249.37ms
step:447/3250 train_time:111.375s step_avg:249.16ms
step:448/3250 train_time:111.532s step_avg:248.96ms
step:449/3250 train_time:111.688s step_avg:248.75ms
step:450/3250 train_time:111.842s step_avg:248.54ms
step:451/3250 train_time:111.996s step_avg:248.33ms
step:452/3250 train_time:112.152s step_avg:248.12ms
step:453/3250 train_time:112.308s step_avg:247.92ms
step:454/3250 train_time:112.461s step_avg:247.71ms
step:455/3250 train_time:112.617s step_avg:247.51ms
step:456/3250 train_time:112.773s step_avg:247.31ms
step:457/3250 train_time:112.930s step_avg:247.11ms
step:458/3250 train_time:113.086s step_avg:246.91ms
step:459/3250 train_time:113.240s step_avg:246.71ms
step:460/3250 train_time:113.395s step_avg:246.51ms
step:461/3250 train_time:113.550s step_avg:246.31ms
step:462/3250 train_time:113.705s step_avg:246.12ms
step:463/3250 train_time:113.859s step_avg:245.92ms
step:464/3250 train_time:114.015s step_avg:245.72ms
step:465/3250 train_time:114.171s step_avg:245.53ms
step:466/3250 train_time:114.328s step_avg:245.34ms
step:467/3250 train_time:114.483s step_avg:245.14ms
step:468/3250 train_time:114.636s step_avg:244.95ms
step:469/3250 train_time:114.791s step_avg:244.76ms
step:470/3250 train_time:114.945s step_avg:244.56ms
step:471/3250 train_time:115.099s step_avg:244.37ms
step:472/3250 train_time:115.255s step_avg:244.18ms
step:473/3250 train_time:115.411s step_avg:244.00ms
step:474/3250 train_time:115.569s step_avg:243.82ms
step:475/3250 train_time:115.725s step_avg:243.63ms
step:476/3250 train_time:115.879s step_avg:243.44ms
step:477/3250 train_time:116.034s step_avg:243.26ms
step:478/3250 train_time:116.188s step_avg:243.07ms
step:479/3250 train_time:116.342s step_avg:242.88ms
step:480/3250 train_time:116.496s step_avg:242.70ms
step:481/3250 train_time:116.652s step_avg:242.52ms
step:482/3250 train_time:116.807s step_avg:242.34ms
step:483/3250 train_time:116.963s step_avg:242.16ms
step:484/3250 train_time:117.117s step_avg:241.98ms
step:485/3250 train_time:117.274s step_avg:241.80ms
step:486/3250 train_time:117.430s step_avg:241.63ms
step:487/3250 train_time:117.586s step_avg:241.45ms
step:488/3250 train_time:117.740s step_avg:241.27ms
step:489/3250 train_time:117.895s step_avg:241.09ms
step:490/3250 train_time:118.051s step_avg:240.92ms
step:491/3250 train_time:118.206s step_avg:240.75ms
step:492/3250 train_time:118.362s step_avg:240.57ms
step:493/3250 train_time:118.517s step_avg:240.40ms
step:494/3250 train_time:118.672s step_avg:240.23ms
step:495/3250 train_time:118.829s step_avg:240.06ms
step:496/3250 train_time:118.985s step_avg:239.89ms
step:497/3250 train_time:119.139s step_avg:239.72ms
step:498/3250 train_time:119.294s step_avg:239.55ms
step:499/3250 train_time:119.450s step_avg:239.38ms
step:500/3250 train_time:119.606s step_avg:239.21ms
step:500/3250 val_loss:3.82881 train_time:119.618s step_avg:166.76ms
step:501/3250 train_time:119.761s step_avg:239.04ms
step:502/3250 train_time:119.916s step_avg:238.88ms
step:503/3250 train_time:120.070s step_avg:238.71ms
step:504/3250 train_time:120.226s step_avg:238.54ms
step:505/3250 train_time:120.381s step_avg:238.38ms
step:506/3250 train_time:120.534s step_avg:238.21ms
step:507/3250 train_time:120.689s step_avg:238.05ms
step:508/3250 train_time:120.846s step_avg:237.89ms
step:509/3250 train_time:121.002s step_avg:237.73ms
step:510/3250 train_time:121.156s step_avg:237.56ms
step:511/3250 train_time:121.310s step_avg:237.40ms
step:512/3250 train_time:121.467s step_avg:237.24ms
step:513/3250 train_time:121.624s step_avg:237.08ms
step:514/3250 train_time:121.779s step_avg:236.92ms
step:515/3250 train_time:121.933s step_avg:236.76ms
step:516/3250 train_time:122.087s step_avg:236.60ms
step:517/3250 train_time:122.243s step_avg:236.45ms
step:518/3250 train_time:122.399s step_avg:236.29ms
step:519/3250 train_time:122.553s step_avg:236.13ms
step:520/3250 train_time:122.709s step_avg:235.98ms
step:521/3250 train_time:122.865s step_avg:235.83ms
step:522/3250 train_time:123.021s step_avg:235.67ms
step:523/3250 train_time:123.175s step_avg:235.52ms
step:524/3250 train_time:123.329s step_avg:235.36ms
step:525/3250 train_time:123.484s step_avg:235.21ms
step:526/3250 train_time:123.639s step_avg:235.05ms
step:527/3250 train_time:123.793s step_avg:234.90ms
step:528/3250 train_time:123.949s step_avg:234.75ms
step:529/3250 train_time:124.104s step_avg:234.60ms
step:530/3250 train_time:124.262s step_avg:234.46ms
step:531/3250 train_time:124.415s step_avg:234.30ms
step:532/3250 train_time:124.569s step_avg:234.15ms
step:533/3250 train_time:124.726s step_avg:234.01ms
step:534/3250 train_time:124.880s step_avg:233.86ms
step:535/3250 train_time:125.034s step_avg:233.71ms
step:536/3250 train_time:125.189s step_avg:233.56ms
step:537/3250 train_time:125.346s step_avg:233.42ms
step:538/3250 train_time:125.500s step_avg:233.27ms
step:539/3250 train_time:125.655s step_avg:233.13ms
step:540/3250 train_time:125.810s step_avg:232.98ms
step:541/3250 train_time:125.966s step_avg:232.84ms
step:542/3250 train_time:126.123s step_avg:232.70ms
step:543/3250 train_time:126.277s step_avg:232.56ms
step:544/3250 train_time:126.431s step_avg:232.41ms
step:545/3250 train_time:126.586s step_avg:232.27ms
step:546/3250 train_time:126.742s step_avg:232.13ms
step:547/3250 train_time:126.895s step_avg:231.98ms
step:548/3250 train_time:127.051s step_avg:231.84ms
step:549/3250 train_time:127.206s step_avg:231.71ms
step:550/3250 train_time:127.363s step_avg:231.57ms
step:551/3250 train_time:127.518s step_avg:231.43ms
step:552/3250 train_time:127.672s step_avg:231.29ms
step:553/3250 train_time:127.828s step_avg:231.15ms
step:554/3250 train_time:127.983s step_avg:231.02ms
step:555/3250 train_time:128.138s step_avg:230.88ms
step:556/3250 train_time:128.292s step_avg:230.74ms
step:557/3250 train_time:128.448s step_avg:230.61ms
step:558/3250 train_time:128.604s step_avg:230.47ms
step:559/3250 train_time:128.760s step_avg:230.34ms
step:560/3250 train_time:128.914s step_avg:230.20ms
step:561/3250 train_time:129.069s step_avg:230.07ms
step:562/3250 train_time:129.225s step_avg:229.94ms
step:563/3250 train_time:129.379s step_avg:229.80ms
step:564/3250 train_time:129.533s step_avg:229.67ms
step:565/3250 train_time:129.687s step_avg:229.54ms
step:566/3250 train_time:129.844s step_avg:229.41ms
step:567/3250 train_time:130.001s step_avg:229.28ms
step:568/3250 train_time:130.156s step_avg:229.15ms
step:569/3250 train_time:130.310s step_avg:229.02ms
step:570/3250 train_time:130.466s step_avg:228.89ms
step:571/3250 train_time:132.111s step_avg:231.37ms
step:572/3250 train_time:132.264s step_avg:231.23ms
step:573/3250 train_time:132.419s step_avg:231.10ms
step:574/3250 train_time:132.572s step_avg:230.96ms
step:575/3250 train_time:132.726s step_avg:230.83ms
step:576/3250 train_time:132.881s step_avg:230.70ms
step:577/3250 train_time:133.037s step_avg:230.57ms
step:578/3250 train_time:133.191s step_avg:230.43ms
step:579/3250 train_time:133.345s step_avg:230.30ms
step:580/3250 train_time:133.500s step_avg:230.17ms
step:581/3250 train_time:133.653s step_avg:230.04ms
step:582/3250 train_time:133.808s step_avg:229.91ms
step:583/3250 train_time:133.966s step_avg:229.79ms
step:584/3250 train_time:134.122s step_avg:229.66ms
step:585/3250 train_time:134.275s step_avg:229.53ms
step:586/3250 train_time:134.431s step_avg:229.40ms
step:587/3250 train_time:134.585s step_avg:229.28ms
step:588/3250 train_time:134.742s step_avg:229.15ms
step:589/3250 train_time:134.894s step_avg:229.02ms
step:590/3250 train_time:135.050s step_avg:228.90ms
step:591/3250 train_time:135.206s step_avg:228.77ms
step:592/3250 train_time:135.362s step_avg:228.65ms
step:593/3250 train_time:135.516s step_avg:228.53ms
step:594/3250 train_time:135.670s step_avg:228.40ms
step:595/3250 train_time:135.825s step_avg:228.28ms
step:596/3250 train_time:135.980s step_avg:228.15ms
step:597/3250 train_time:136.133s step_avg:228.03ms
step:598/3250 train_time:136.288s step_avg:227.91ms
step:599/3250 train_time:136.446s step_avg:227.79ms
step:600/3250 train_time:136.602s step_avg:227.67ms
step:601/3250 train_time:136.756s step_avg:227.55ms
step:602/3250 train_time:136.909s step_avg:227.42ms
step:603/3250 train_time:137.065s step_avg:227.30ms
step:604/3250 train_time:137.220s step_avg:227.19ms
step:605/3250 train_time:137.373s step_avg:227.06ms
step:606/3250 train_time:137.528s step_avg:226.94ms
step:607/3250 train_time:137.684s step_avg:226.83ms
step:608/3250 train_time:137.839s step_avg:226.71ms
step:609/3250 train_time:137.992s step_avg:226.59ms
step:610/3250 train_time:138.147s step_avg:226.47ms
step:611/3250 train_time:138.303s step_avg:226.36ms
step:612/3250 train_time:138.458s step_avg:226.24ms
step:613/3250 train_time:138.613s step_avg:226.12ms
step:614/3250 train_time:138.767s step_avg:226.01ms
step:615/3250 train_time:138.923s step_avg:225.89ms
step:616/3250 train_time:139.077s step_avg:225.77ms
step:617/3250 train_time:139.231s step_avg:225.66ms
step:618/3250 train_time:139.385s step_avg:225.54ms
step:619/3250 train_time:139.541s step_avg:225.43ms
step:620/3250 train_time:139.696s step_avg:225.32ms
step:621/3250 train_time:139.850s step_avg:225.20ms
step:622/3250 train_time:140.005s step_avg:225.09ms
step:623/3250 train_time:140.160s step_avg:224.98ms
step:624/3250 train_time:140.314s step_avg:224.86ms
step:625/3250 train_time:140.469s step_avg:224.75ms
step:625/3250 val_loss:3.76233 train_time:140.480s step_avg:166.90ms
step:626/3250 train_time:140.626s step_avg:224.64ms
step:627/3250 train_time:140.780s step_avg:224.53ms
step:628/3250 train_time:140.935s step_avg:224.42ms
step:629/3250 train_time:141.089s step_avg:224.31ms
step:630/3250 train_time:141.243s step_avg:224.20ms
step:631/3250 train_time:141.399s step_avg:224.09ms
step:632/3250 train_time:141.556s step_avg:223.98ms
step:633/3250 train_time:141.710s step_avg:223.87ms
step:634/3250 train_time:141.865s step_avg:223.76ms
step:635/3250 train_time:142.019s step_avg:223.65ms
step:636/3250 train_time:142.174s step_avg:223.54ms
step:637/3250 train_time:142.328s step_avg:223.43ms
step:638/3250 train_time:142.482s step_avg:223.33ms
step:639/3250 train_time:142.638s step_avg:223.22ms
step:640/3250 train_time:142.793s step_avg:223.11ms
step:641/3250 train_time:142.947s step_avg:223.01ms
step:642/3250 train_time:143.102s step_avg:222.90ms
step:643/3250 train_time:143.257s step_avg:222.80ms
step:644/3250 train_time:143.412s step_avg:222.69ms
step:645/3250 train_time:143.566s step_avg:222.58ms
step:646/3250 train_time:143.720s step_avg:222.48ms
step:647/3250 train_time:143.876s step_avg:222.37ms
step:648/3250 train_time:144.030s step_avg:222.27ms
step:649/3250 train_time:144.183s step_avg:222.16ms
step:650/3250 train_time:144.337s step_avg:222.06ms
step:651/3250 train_time:144.493s step_avg:221.96ms
step:652/3250 train_time:144.647s step_avg:221.85ms
step:653/3250 train_time:144.801s step_avg:221.75ms
step:654/3250 train_time:144.958s step_avg:221.65ms
step:655/3250 train_time:145.113s step_avg:221.55ms
step:656/3250 train_time:145.267s step_avg:221.44ms
step:657/3250 train_time:145.421s step_avg:221.34ms
step:658/3250 train_time:145.577s step_avg:221.24ms
step:659/3250 train_time:145.732s step_avg:221.14ms
step:660/3250 train_time:145.886s step_avg:221.04ms
step:661/3250 train_time:146.042s step_avg:220.94ms
step:662/3250 train_time:146.198s step_avg:220.84ms
step:663/3250 train_time:146.352s step_avg:220.74ms
step:664/3250 train_time:146.505s step_avg:220.64ms
step:665/3250 train_time:146.661s step_avg:220.54ms
step:666/3250 train_time:146.816s step_avg:220.44ms
step:667/3250 train_time:146.971s step_avg:220.35ms
step:668/3250 train_time:147.125s step_avg:220.25ms
step:669/3250 train_time:147.282s step_avg:220.15ms
step:670/3250 train_time:147.436s step_avg:220.05ms
step:671/3250 train_time:147.591s step_avg:219.96ms
step:672/3250 train_time:147.744s step_avg:219.86ms
step:673/3250 train_time:147.900s step_avg:219.76ms
step:674/3250 train_time:148.054s step_avg:219.67ms
step:675/3250 train_time:148.210s step_avg:219.57ms
step:676/3250 train_time:148.364s step_avg:219.47ms
step:677/3250 train_time:148.520s step_avg:219.38ms
step:678/3250 train_time:148.676s step_avg:219.29ms
step:679/3250 train_time:148.831s step_avg:219.19ms
step:680/3250 train_time:148.985s step_avg:219.09ms
step:681/3250 train_time:149.140s step_avg:219.00ms
step:682/3250 train_time:149.296s step_avg:218.91ms
step:683/3250 train_time:149.451s step_avg:218.81ms
step:684/3250 train_time:149.604s step_avg:218.72ms
step:685/3250 train_time:149.761s step_avg:218.63ms
step:686/3250 train_time:149.916s step_avg:218.54ms
step:687/3250 train_time:150.072s step_avg:218.44ms
step:688/3250 train_time:150.224s step_avg:218.35ms
step:689/3250 train_time:150.379s step_avg:218.26ms
step:690/3250 train_time:150.534s step_avg:218.16ms
step:691/3250 train_time:150.688s step_avg:218.07ms
step:692/3250 train_time:150.842s step_avg:217.98ms
step:693/3250 train_time:150.998s step_avg:217.89ms
step:694/3250 train_time:151.155s step_avg:217.80ms
step:695/3250 train_time:151.309s step_avg:217.71ms
step:696/3250 train_time:151.464s step_avg:217.62ms
step:697/3250 train_time:151.618s step_avg:217.53ms
step:698/3250 train_time:151.773s step_avg:217.44ms
step:699/3250 train_time:151.927s step_avg:217.35ms
step:700/3250 train_time:152.081s step_avg:217.26ms
step:701/3250 train_time:152.237s step_avg:217.17ms
step:702/3250 train_time:152.393s step_avg:217.08ms
step:703/3250 train_time:152.546s step_avg:216.99ms
step:704/3250 train_time:152.700s step_avg:216.90ms
step:705/3250 train_time:152.856s step_avg:216.82ms
step:706/3250 train_time:153.010s step_avg:216.73ms
step:707/3250 train_time:153.164s step_avg:216.64ms
step:708/3250 train_time:153.319s step_avg:216.55ms
step:709/3250 train_time:153.475s step_avg:216.47ms
step:710/3250 train_time:153.629s step_avg:216.38ms
step:711/3250 train_time:153.783s step_avg:216.29ms
step:712/3250 train_time:153.938s step_avg:216.20ms
step:713/3250 train_time:154.093s step_avg:216.12ms
step:714/3250 train_time:154.246s step_avg:216.03ms
step:715/3250 train_time:154.401s step_avg:215.95ms
step:716/3250 train_time:154.558s step_avg:215.86ms
step:717/3250 train_time:154.713s step_avg:215.78ms
step:718/3250 train_time:154.867s step_avg:215.69ms
step:719/3250 train_time:155.021s step_avg:215.61ms
step:720/3250 train_time:155.178s step_avg:215.52ms
step:721/3250 train_time:155.332s step_avg:215.44ms
step:722/3250 train_time:155.487s step_avg:215.36ms
step:723/3250 train_time:155.642s step_avg:215.27ms
step:724/3250 train_time:155.798s step_avg:215.19ms
step:725/3250 train_time:155.953s step_avg:215.11ms
step:726/3250 train_time:156.107s step_avg:215.02ms
step:727/3250 train_time:156.263s step_avg:214.94ms
step:728/3250 train_time:156.418s step_avg:214.86ms
step:729/3250 train_time:156.572s step_avg:214.78ms
step:730/3250 train_time:156.726s step_avg:214.69ms
step:731/3250 train_time:156.883s step_avg:214.61ms
step:732/3250 train_time:157.038s step_avg:214.53ms
step:733/3250 train_time:157.193s step_avg:214.45ms
step:734/3250 train_time:157.348s step_avg:214.37ms
step:735/3250 train_time:157.503s step_avg:214.29ms
step:736/3250 train_time:157.658s step_avg:214.21ms
step:737/3250 train_time:157.813s step_avg:214.13ms
step:738/3250 train_time:157.967s step_avg:214.05ms
step:739/3250 train_time:158.121s step_avg:213.97ms
step:740/3250 train_time:158.276s step_avg:213.89ms
step:741/3250 train_time:158.432s step_avg:213.81ms
step:742/3250 train_time:158.587s step_avg:213.73ms
step:743/3250 train_time:158.741s step_avg:213.65ms
step:744/3250 train_time:158.897s step_avg:213.57ms
step:745/3250 train_time:159.051s step_avg:213.49ms
step:746/3250 train_time:159.205s step_avg:213.41ms
step:747/3250 train_time:159.359s step_avg:213.33ms
step:748/3250 train_time:159.514s step_avg:213.25ms
step:749/3250 train_time:159.667s step_avg:213.17ms
step:750/3250 train_time:159.821s step_avg:213.09ms
step:750/3250 val_loss:3.71912 train_time:159.833s step_avg:154.82ms
step:751/3250 train_time:159.978s step_avg:213.02ms
step:752/3250 train_time:160.133s step_avg:212.94ms
step:753/3250 train_time:160.288s step_avg:212.87ms
step:754/3250 train_time:160.442s step_avg:212.79ms
step:755/3250 train_time:160.597s step_avg:212.71ms
step:756/3250 train_time:160.751s step_avg:212.63ms
step:757/3250 train_time:160.907s step_avg:212.56ms
step:758/3250 train_time:161.061s step_avg:212.48ms
step:759/3250 train_time:161.216s step_avg:212.41ms
step:760/3250 train_time:161.370s step_avg:212.33ms
step:761/3250 train_time:162.976s step_avg:214.16ms
step:762/3250 train_time:163.131s step_avg:214.08ms
step:763/3250 train_time:163.285s step_avg:214.00ms
step:764/3250 train_time:163.439s step_avg:213.93ms
step:765/3250 train_time:163.594s step_avg:213.85ms
step:766/3250 train_time:163.750s step_avg:213.77ms
step:767/3250 train_time:163.906s step_avg:213.70ms
step:768/3250 train_time:164.060s step_avg:213.62ms
step:769/3250 train_time:164.216s step_avg:213.54ms
step:770/3250 train_time:164.372s step_avg:213.47ms
step:771/3250 train_time:164.524s step_avg:213.39ms
step:772/3250 train_time:164.678s step_avg:213.31ms
step:773/3250 train_time:164.834s step_avg:213.24ms
step:774/3250 train_time:164.991s step_avg:213.17ms
step:775/3250 train_time:165.147s step_avg:213.09ms
step:776/3250 train_time:165.301s step_avg:213.02ms
step:777/3250 train_time:165.455s step_avg:212.94ms
step:778/3250 train_time:165.612s step_avg:212.87ms
step:779/3250 train_time:165.767s step_avg:212.79ms
step:780/3250 train_time:165.920s step_avg:212.72ms
step:781/3250 train_time:166.075s step_avg:212.64ms
step:782/3250 train_time:166.231s step_avg:212.57ms
step:783/3250 train_time:166.385s step_avg:212.50ms
step:784/3250 train_time:166.538s step_avg:212.42ms
step:785/3250 train_time:166.695s step_avg:212.35ms
step:786/3250 train_time:166.850s step_avg:212.28ms
step:787/3250 train_time:167.003s step_avg:212.20ms
step:788/3250 train_time:167.157s step_avg:212.13ms
step:789/3250 train_time:167.314s step_avg:212.06ms
step:790/3250 train_time:167.469s step_avg:211.99ms
step:791/3250 train_time:167.623s step_avg:211.91ms
step:792/3250 train_time:167.776s step_avg:211.84ms
step:793/3250 train_time:167.933s step_avg:211.77ms
step:794/3250 train_time:168.089s step_avg:211.70ms
step:795/3250 train_time:168.242s step_avg:211.63ms
step:796/3250 train_time:168.397s step_avg:211.55ms
step:797/3250 train_time:168.553s step_avg:211.48ms
step:798/3250 train_time:168.707s step_avg:211.41ms
step:799/3250 train_time:168.860s step_avg:211.34ms
step:800/3250 train_time:169.018s step_avg:211.27ms
step:801/3250 train_time:169.172s step_avg:211.20ms
step:802/3250 train_time:169.327s step_avg:211.13ms
step:803/3250 train_time:169.480s step_avg:211.06ms
step:804/3250 train_time:169.634s step_avg:210.99ms
step:805/3250 train_time:169.790s step_avg:210.92ms
step:806/3250 train_time:169.943s step_avg:210.85ms
step:807/3250 train_time:170.098s step_avg:210.78ms
step:808/3250 train_time:170.253s step_avg:210.71ms
step:809/3250 train_time:170.408s step_avg:210.64ms
step:810/3250 train_time:170.561s step_avg:210.57ms
step:811/3250 train_time:170.716s step_avg:210.50ms
step:812/3250 train_time:170.871s step_avg:210.43ms
step:813/3250 train_time:171.026s step_avg:210.36ms
step:814/3250 train_time:171.180s step_avg:210.29ms
step:815/3250 train_time:171.335s step_avg:210.23ms
step:816/3250 train_time:171.491s step_avg:210.16ms
step:817/3250 train_time:171.645s step_avg:210.09ms
step:818/3250 train_time:171.799s step_avg:210.02ms
step:819/3250 train_time:171.953s step_avg:209.96ms
step:820/3250 train_time:172.109s step_avg:209.89ms
step:821/3250 train_time:172.262s step_avg:209.82ms
step:822/3250 train_time:172.417s step_avg:209.75ms
step:823/3250 train_time:172.572s step_avg:209.69ms
step:824/3250 train_time:172.727s step_avg:209.62ms
step:825/3250 train_time:172.880s step_avg:209.55ms
step:826/3250 train_time:173.035s step_avg:209.49ms
step:827/3250 train_time:173.191s step_avg:209.42ms
step:828/3250 train_time:173.343s step_avg:209.35ms
step:829/3250 train_time:173.498s step_avg:209.29ms
step:830/3250 train_time:173.653s step_avg:209.22ms
step:831/3250 train_time:173.807s step_avg:209.15ms
step:832/3250 train_time:173.960s step_avg:209.09ms
step:833/3250 train_time:174.118s step_avg:209.03ms
step:834/3250 train_time:174.272s step_avg:208.96ms
step:835/3250 train_time:174.427s step_avg:208.90ms
step:836/3250 train_time:174.580s step_avg:208.83ms
step:837/3250 train_time:174.734s step_avg:208.76ms
step:838/3250 train_time:174.889s step_avg:208.70ms
step:839/3250 train_time:175.043s step_avg:208.63ms
step:840/3250 train_time:175.197s step_avg:208.57ms
step:841/3250 train_time:175.353s step_avg:208.51ms
step:842/3250 train_time:175.508s step_avg:208.44ms
step:843/3250 train_time:175.664s step_avg:208.38ms
step:844/3250 train_time:175.819s step_avg:208.32ms
step:845/3250 train_time:175.974s step_avg:208.25ms
step:846/3250 train_time:176.130s step_avg:208.19ms
step:847/3250 train_time:176.283s step_avg:208.13ms
step:848/3250 train_time:176.437s step_avg:208.06ms
step:849/3250 train_time:176.593s step_avg:208.00ms
step:850/3250 train_time:176.748s step_avg:207.94ms
step:851/3250 train_time:176.901s step_avg:207.87ms
step:852/3250 train_time:177.056s step_avg:207.81ms
step:853/3250 train_time:177.212s step_avg:207.75ms
step:854/3250 train_time:177.367s step_avg:207.69ms
step:855/3250 train_time:177.520s step_avg:207.63ms
step:856/3250 train_time:177.674s step_avg:207.56ms
step:857/3250 train_time:177.828s step_avg:207.50ms
step:858/3250 train_time:177.984s step_avg:207.44ms
step:859/3250 train_time:178.138s step_avg:207.38ms
step:860/3250 train_time:178.292s step_avg:207.32ms
step:861/3250 train_time:178.447s step_avg:207.26ms
step:862/3250 train_time:178.601s step_avg:207.19ms
step:863/3250 train_time:178.757s step_avg:207.13ms
step:864/3250 train_time:178.915s step_avg:207.08ms
step:865/3250 train_time:179.071s step_avg:207.02ms
step:866/3250 train_time:179.226s step_avg:206.96ms
step:867/3250 train_time:179.380s step_avg:206.90ms
step:868/3250 train_time:179.535s step_avg:206.84ms
step:869/3250 train_time:179.691s step_avg:206.78ms
step:870/3250 train_time:179.845s step_avg:206.72ms
step:871/3250 train_time:179.999s step_avg:206.66ms
step:872/3250 train_time:180.155s step_avg:206.60ms
step:873/3250 train_time:180.312s step_avg:206.54ms
step:874/3250 train_time:180.466s step_avg:206.48ms
step:875/3250 train_time:180.620s step_avg:206.42ms
step:875/3250 val_loss:3.68356 train_time:180.632s step_avg:166.39ms
step:876/3250 train_time:180.777s step_avg:206.37ms
step:877/3250 train_time:180.932s step_avg:206.31ms
step:878/3250 train_time:181.086s step_avg:206.25ms
step:879/3250 train_time:181.242s step_avg:206.19ms
step:880/3250 train_time:181.396s step_avg:206.13ms
step:881/3250 train_time:181.551s step_avg:206.07ms
step:882/3250 train_time:181.706s step_avg:206.02ms
step:883/3250 train_time:181.863s step_avg:205.96ms
step:884/3250 train_time:182.018s step_avg:205.90ms
step:885/3250 train_time:182.172s step_avg:205.84ms
step:886/3250 train_time:182.327s step_avg:205.79ms
step:887/3250 train_time:182.482s step_avg:205.73ms
step:888/3250 train_time:182.638s step_avg:205.67ms
step:889/3250 train_time:182.791s step_avg:205.61ms
step:890/3250 train_time:182.947s step_avg:205.56ms
step:891/3250 train_time:183.102s step_avg:205.50ms
step:892/3250 train_time:183.256s step_avg:205.44ms
step:893/3250 train_time:183.410s step_avg:205.39ms
step:894/3250 train_time:183.566s step_avg:205.33ms
step:895/3250 train_time:183.720s step_avg:205.27ms
step:896/3250 train_time:183.873s step_avg:205.22ms
step:897/3250 train_time:184.028s step_avg:205.16ms
step:898/3250 train_time:184.182s step_avg:205.10ms
step:899/3250 train_time:184.336s step_avg:205.05ms
step:900/3250 train_time:184.491s step_avg:204.99ms
step:901/3250 train_time:184.647s step_avg:204.94ms
step:902/3250 train_time:184.802s step_avg:204.88ms
step:903/3250 train_time:184.956s step_avg:204.82ms
step:904/3250 train_time:185.110s step_avg:204.77ms
step:905/3250 train_time:185.266s step_avg:204.71ms
step:906/3250 train_time:185.423s step_avg:204.66ms
step:907/3250 train_time:185.576s step_avg:204.60ms
step:908/3250 train_time:185.731s step_avg:204.55ms
step:909/3250 train_time:185.887s step_avg:204.50ms
step:910/3250 train_time:186.043s step_avg:204.44ms
step:911/3250 train_time:186.198s step_avg:204.39ms
step:912/3250 train_time:186.352s step_avg:204.33ms
step:913/3250 train_time:186.507s step_avg:204.28ms
step:914/3250 train_time:186.663s step_avg:204.23ms
step:915/3250 train_time:186.819s step_avg:204.17ms
step:916/3250 train_time:186.973s step_avg:204.12ms
step:917/3250 train_time:187.129s step_avg:204.07ms
step:918/3250 train_time:187.284s step_avg:204.01ms
step:919/3250 train_time:187.439s step_avg:203.96ms
step:920/3250 train_time:187.592s step_avg:203.90ms
step:921/3250 train_time:187.749s step_avg:203.85ms
step:922/3250 train_time:187.905s step_avg:203.80ms
step:923/3250 train_time:188.061s step_avg:203.75ms
step:924/3250 train_time:188.215s step_avg:203.70ms
step:925/3250 train_time:188.370s step_avg:203.64ms
step:926/3250 train_time:188.526s step_avg:203.59ms
step:927/3250 train_time:188.681s step_avg:203.54ms
step:928/3250 train_time:188.834s step_avg:203.49ms
step:929/3250 train_time:188.989s step_avg:203.43ms
step:930/3250 train_time:189.146s step_avg:203.38ms
step:931/3250 train_time:189.301s step_avg:203.33ms
step:932/3250 train_time:189.455s step_avg:203.28ms
step:933/3250 train_time:189.610s step_avg:203.23ms
step:934/3250 train_time:189.766s step_avg:203.18ms
step:935/3250 train_time:189.922s step_avg:203.13ms
step:936/3250 train_time:190.075s step_avg:203.07ms
step:937/3250 train_time:190.230s step_avg:203.02ms
step:938/3250 train_time:190.386s step_avg:202.97ms
step:939/3250 train_time:190.542s step_avg:202.92ms
step:940/3250 train_time:190.696s step_avg:202.87ms
step:941/3250 train_time:190.851s step_avg:202.82ms
step:942/3250 train_time:191.006s step_avg:202.77ms
step:943/3250 train_time:191.162s step_avg:202.72ms
step:944/3250 train_time:191.315s step_avg:202.66ms
step:945/3250 train_time:191.469s step_avg:202.61ms
step:946/3250 train_time:191.625s step_avg:202.56ms
step:947/3250 train_time:191.780s step_avg:202.51ms
step:948/3250 train_time:191.934s step_avg:202.46ms
step:949/3250 train_time:192.089s step_avg:202.41ms
step:950/3250 train_time:192.245s step_avg:202.36ms
step:951/3250 train_time:193.860s step_avg:203.85ms
step:952/3250 train_time:194.013s step_avg:203.80ms
step:953/3250 train_time:194.168s step_avg:203.74ms
step:954/3250 train_time:194.323s step_avg:203.69ms
step:955/3250 train_time:194.476s step_avg:203.64ms
step:956/3250 train_time:194.631s step_avg:203.59ms
step:957/3250 train_time:194.786s step_avg:203.54ms
step:958/3250 train_time:194.942s step_avg:203.49ms
step:959/3250 train_time:195.096s step_avg:203.44ms
step:960/3250 train_time:195.250s step_avg:203.39ms
step:961/3250 train_time:195.403s step_avg:203.33ms
step:962/3250 train_time:195.558s step_avg:203.28ms
step:963/3250 train_time:195.711s step_avg:203.23ms
step:964/3250 train_time:195.867s step_avg:203.18ms
step:965/3250 train_time:196.021s step_avg:203.13ms
step:966/3250 train_time:196.173s step_avg:203.08ms
step:967/3250 train_time:196.328s step_avg:203.03ms
step:968/3250 train_time:196.481s step_avg:202.98ms
step:969/3250 train_time:196.634s step_avg:202.93ms
step:970/3250 train_time:196.788s step_avg:202.87ms
step:971/3250 train_time:196.943s step_avg:202.83ms
step:972/3250 train_time:197.099s step_avg:202.78ms
step:973/3250 train_time:197.253s step_avg:202.73ms
step:974/3250 train_time:197.408s step_avg:202.68ms
step:975/3250 train_time:197.565s step_avg:202.63ms
step:976/3250 train_time:197.718s step_avg:202.58ms
step:977/3250 train_time:197.872s step_avg:202.53ms
step:978/3250 train_time:198.028s step_avg:202.48ms
step:979/3250 train_time:198.184s step_avg:202.43ms
step:980/3250 train_time:198.337s step_avg:202.39ms
step:981/3250 train_time:198.492s step_avg:202.34ms
step:982/3250 train_time:198.647s step_avg:202.29ms
step:983/3250 train_time:198.802s step_avg:202.24ms
step:984/3250 train_time:198.956s step_avg:202.19ms
step:985/3250 train_time:199.110s step_avg:202.14ms
step:986/3250 train_time:199.266s step_avg:202.09ms
step:987/3250 train_time:199.420s step_avg:202.05ms
step:988/3250 train_time:199.573s step_avg:202.00ms
step:989/3250 train_time:199.729s step_avg:201.95ms
step:990/3250 train_time:199.885s step_avg:201.90ms
step:991/3250 train_time:200.041s step_avg:201.86ms
step:992/3250 train_time:200.194s step_avg:201.81ms
step:993/3250 train_time:200.349s step_avg:201.76ms
step:994/3250 train_time:200.504s step_avg:201.71ms
step:995/3250 train_time:200.656s step_avg:201.66ms
step:996/3250 train_time:200.810s step_avg:201.62ms
step:997/3250 train_time:200.967s step_avg:201.57ms
step:998/3250 train_time:201.123s step_avg:201.53ms
step:999/3250 train_time:201.278s step_avg:201.48ms
step:1000/3250 train_time:201.432s step_avg:201.43ms
step:1000/3250 val_loss:3.65164 train_time:201.444s step_avg:166.49ms
step:1001/3250 train_time:201.588s step_avg:201.39ms
step:1002/3250 train_time:209.248s step_avg:208.83ms
step:1003/3250 train_time:209.412s step_avg:208.79ms
step:1004/3250 train_time:209.572s step_avg:208.74ms
step:1005/3250 train_time:209.731s step_avg:208.69ms
step:1006/3250 train_time:209.892s step_avg:208.64ms
step:1007/3250 train_time:210.055s step_avg:208.60ms
step:1008/3250 train_time:210.214s step_avg:208.55ms
step:1009/3250 train_time:210.376s step_avg:208.50ms
step:1010/3250 train_time:210.536s step_avg:208.45ms
step:1011/3250 train_time:210.700s step_avg:208.41ms
step:1012/3250 train_time:210.862s step_avg:208.36ms
step:1013/3250 train_time:211.022s step_avg:208.31ms
step:1014/3250 train_time:211.182s step_avg:208.27ms
step:1015/3250 train_time:211.342s step_avg:208.22ms
step:1016/3250 train_time:211.506s step_avg:208.17ms
step:1017/3250 train_time:211.665s step_avg:208.13ms
step:1018/3250 train_time:211.825s step_avg:208.08ms
step:1019/3250 train_time:211.987s step_avg:208.03ms
step:1020/3250 train_time:212.146s step_avg:207.99ms
step:1021/3250 train_time:212.305s step_avg:207.94ms
step:1022/3250 train_time:212.465s step_avg:207.89ms
step:1023/3250 train_time:212.626s step_avg:207.85ms
step:1024/3250 train_time:212.786s step_avg:207.80ms
step:1025/3250 train_time:212.944s step_avg:207.75ms
step:1026/3250 train_time:213.105s step_avg:207.71ms
step:1027/3250 train_time:213.265s step_avg:207.66ms
step:1028/3250 train_time:213.425s step_avg:207.61ms
step:1029/3250 train_time:213.584s step_avg:207.57ms
step:1030/3250 train_time:213.746s step_avg:207.52ms
step:1031/3250 train_time:213.906s step_avg:207.47ms
step:1032/3250 train_time:214.067s step_avg:207.43ms
step:1033/3250 train_time:214.226s step_avg:207.38ms
step:1034/3250 train_time:214.385s step_avg:207.34ms
step:1035/3250 train_time:214.543s step_avg:207.29ms
step:1036/3250 train_time:214.704s step_avg:207.24ms
step:1037/3250 train_time:214.865s step_avg:207.20ms
step:1038/3250 train_time:215.025s step_avg:207.15ms
step:1039/3250 train_time:215.186s step_avg:207.11ms
step:1040/3250 train_time:215.345s step_avg:207.06ms
step:1041/3250 train_time:215.504s step_avg:207.02ms
step:1042/3250 train_time:215.662s step_avg:206.97ms
step:1043/3250 train_time:215.823s step_avg:206.93ms
step:1044/3250 train_time:215.987s step_avg:206.88ms
step:1045/3250 train_time:216.149s step_avg:206.84ms
step:1046/3250 train_time:216.309s step_avg:206.80ms
step:1047/3250 train_time:216.469s step_avg:206.75ms
step:1048/3250 train_time:216.630s step_avg:206.71ms
step:1049/3250 train_time:216.793s step_avg:206.67ms
step:1050/3250 train_time:216.953s step_avg:206.62ms
step:1051/3250 train_time:217.115s step_avg:206.58ms
step:1052/3250 train_time:217.275s step_avg:206.53ms
step:1053/3250 train_time:217.435s step_avg:206.49ms
step:1054/3250 train_time:217.598s step_avg:206.45ms
step:1055/3250 train_time:217.758s step_avg:206.41ms
step:1056/3250 train_time:217.920s step_avg:206.36ms
step:1057/3250 train_time:218.082s step_avg:206.32ms
step:1058/3250 train_time:218.243s step_avg:206.28ms
step:1059/3250 train_time:218.403s step_avg:206.23ms
step:1060/3250 train_time:218.563s step_avg:206.19ms
step:1061/3250 train_time:218.725s step_avg:206.15ms
step:1062/3250 train_time:218.888s step_avg:206.11ms
step:1063/3250 train_time:219.049s step_avg:206.07ms
step:1064/3250 train_time:219.210s step_avg:206.02ms
step:1065/3250 train_time:219.369s step_avg:205.98ms
step:1066/3250 train_time:219.530s step_avg:205.94ms
step:1067/3250 train_time:219.691s step_avg:205.90ms
step:1068/3250 train_time:219.854s step_avg:205.86ms
step:1069/3250 train_time:220.014s step_avg:205.81ms
step:1070/3250 train_time:220.177s step_avg:205.77ms
step:1071/3250 train_time:220.337s step_avg:205.73ms
step:1072/3250 train_time:220.499s step_avg:205.69ms
step:1073/3250 train_time:220.660s step_avg:205.65ms
step:1074/3250 train_time:220.828s step_avg:205.61ms
step:1075/3250 train_time:220.988s step_avg:205.57ms
step:1076/3250 train_time:221.149s step_avg:205.53ms
step:1077/3250 train_time:221.315s step_avg:205.49ms
step:1078/3250 train_time:221.475s step_avg:205.45ms
step:1079/3250 train_time:221.647s step_avg:205.42ms
step:1080/3250 train_time:221.806s step_avg:205.38ms
step:1081/3250 train_time:221.974s step_avg:205.34ms
step:1082/3250 train_time:222.135s step_avg:205.30ms
step:1083/3250 train_time:222.297s step_avg:205.26ms
step:1084/3250 train_time:222.470s step_avg:205.23ms
step:1085/3250 train_time:222.631s step_avg:205.19ms
step:1086/3250 train_time:222.801s step_avg:205.16ms
step:1087/3250 train_time:222.972s step_avg:205.13ms
step:1088/3250 train_time:223.132s step_avg:205.08ms
step:1089/3250 train_time:223.304s step_avg:205.05ms
step:1090/3250 train_time:223.465s step_avg:205.01ms
step:1091/3250 train_time:223.634s step_avg:204.98ms
step:1092/3250 train_time:223.795s step_avg:204.94ms
step:1093/3250 train_time:223.956s step_avg:204.90ms
step:1094/3250 train_time:224.118s step_avg:204.86ms
step:1095/3250 train_time:224.279s step_avg:204.82ms
step:1096/3250 train_time:224.439s step_avg:204.78ms
step:1097/3250 train_time:224.601s step_avg:204.74ms
step:1098/3250 train_time:224.761s step_avg:204.70ms
step:1099/3250 train_time:224.923s step_avg:204.66ms
step:1100/3250 train_time:225.084s step_avg:204.62ms
step:1101/3250 train_time:225.243s step_avg:204.58ms
step:1102/3250 train_time:225.403s step_avg:204.54ms
step:1103/3250 train_time:225.562s step_avg:204.50ms
step:1104/3250 train_time:225.723s step_avg:204.46ms
step:1105/3250 train_time:225.883s step_avg:204.42ms
step:1106/3250 train_time:226.043s step_avg:204.38ms
step:1107/3250 train_time:226.204s step_avg:204.34ms
step:1108/3250 train_time:226.362s step_avg:204.30ms
step:1109/3250 train_time:226.522s step_avg:204.26ms
step:1110/3250 train_time:226.689s step_avg:204.22ms
step:1111/3250 train_time:226.850s step_avg:204.19ms
step:1112/3250 train_time:227.009s step_avg:204.14ms
step:1113/3250 train_time:227.170s step_avg:204.11ms
step:1114/3250 train_time:227.330s step_avg:204.07ms
step:1115/3250 train_time:227.491s step_avg:204.03ms
step:1116/3250 train_time:227.653s step_avg:203.99ms
step:1117/3250 train_time:227.817s step_avg:203.95ms
step:1118/3250 train_time:227.979s step_avg:203.92ms
step:1119/3250 train_time:228.141s step_avg:203.88ms
step:1120/3250 train_time:228.302s step_avg:203.84ms
step:1121/3250 train_time:228.462s step_avg:203.80ms
step:1122/3250 train_time:228.621s step_avg:203.76ms
step:1123/3250 train_time:228.784s step_avg:203.73ms
step:1124/3250 train_time:228.944s step_avg:203.69ms
step:1125/3250 train_time:229.103s step_avg:203.65ms
step:1125/3250 val_loss:3.61344 train_time:229.103s step_avg:221.28ms
probe_ema: n=84934656 align=-0.49026,-0.44627,-0.40294,-0.36074,-0.32010,-0.28279 rel_mse=1.06447,1.03947,1.02372,1.01406,1.00824,1.00488
step:1126/3250 train_time:229.263s step_avg:203.61ms
step:1127/3250 train_time:229.422s step_avg:203.57ms
step:1128/3250 train_time:229.581s step_avg:203.53ms
step:1129/3250 train_time:229.741s step_avg:203.49ms
step:1130/3250 train_time:229.901s step_avg:203.45ms
step:1131/3250 train_time:230.061s step_avg:203.41ms
step:1132/3250 train_time:230.223s step_avg:203.38ms
step:1133/3250 train_time:230.382s step_avg:203.34ms
step:1134/3250 train_time:230.541s step_avg:203.30ms
step:1135/3250 train_time:230.702s step_avg:203.26ms
step:1136/3250 train_time:230.862s step_avg:203.22ms
step:1137/3250 train_time:231.022s step_avg:203.19ms
step:1138/3250 train_time:231.181s step_avg:203.15ms
step:1139/3250 train_time:231.343s step_avg:203.11ms
step:1140/3250 train_time:231.502s step_avg:203.07ms
step:1141/3250 train_time:233.098s step_avg:204.29ms
step:1142/3250 train_time:233.258s step_avg:204.25ms
step:1143/3250 train_time:233.418s step_avg:204.22ms
step:1144/3250 train_time:233.578s step_avg:204.18ms
step:1145/3250 train_time:233.738s step_avg:204.14ms
step:1146/3250 train_time:233.898s step_avg:204.10ms
step:1147/3250 train_time:234.060s step_avg:204.06ms
step:1148/3250 train_time:234.220s step_avg:204.02ms
step:1149/3250 train_time:234.380s step_avg:203.99ms
step:1150/3250 train_time:234.541s step_avg:203.95ms
step:1151/3250 train_time:234.700s step_avg:203.91ms
step:1152/3250 train_time:234.861s step_avg:203.87ms
step:1153/3250 train_time:235.019s step_avg:203.83ms
step:1154/3250 train_time:235.183s step_avg:203.80ms
step:1155/3250 train_time:235.342s step_avg:203.76ms
step:1156/3250 train_time:235.503s step_avg:203.72ms
step:1157/3250 train_time:235.661s step_avg:203.68ms
step:1158/3250 train_time:235.821s step_avg:203.65ms
step:1159/3250 train_time:235.980s step_avg:203.61ms
step:1160/3250 train_time:236.140s step_avg:203.57ms
step:1161/3250 train_time:236.302s step_avg:203.53ms
step:1162/3250 train_time:236.461s step_avg:203.50ms
step:1163/3250 train_time:236.621s step_avg:203.46ms
step:1164/3250 train_time:236.781s step_avg:203.42ms
step:1165/3250 train_time:236.940s step_avg:203.38ms
step:1166/3250 train_time:237.100s step_avg:203.35ms
step:1167/3250 train_time:237.259s step_avg:203.31ms
step:1168/3250 train_time:237.419s step_avg:203.27ms
step:1169/3250 train_time:237.579s step_avg:203.23ms
step:1170/3250 train_time:237.740s step_avg:203.20ms
step:1171/3250 train_time:237.900s step_avg:203.16ms
step:1172/3250 train_time:238.059s step_avg:203.12ms
step:1173/3250 train_time:238.220s step_avg:203.09ms
step:1174/3250 train_time:238.381s step_avg:203.05ms
step:1175/3250 train_time:238.542s step_avg:203.01ms
step:1176/3250 train_time:238.701s step_avg:202.98ms
step:1177/3250 train_time:238.860s step_avg:202.94ms
step:1178/3250 train_time:239.021s step_avg:202.90ms
step:1179/3250 train_time:239.180s step_avg:202.87ms
step:1180/3250 train_time:239.345s step_avg:202.83ms
step:1181/3250 train_time:239.504s step_avg:202.80ms
step:1182/3250 train_time:239.665s step_avg:202.76ms
step:1183/3250 train_time:239.825s step_avg:202.73ms
step:1184/3250 train_time:239.983s step_avg:202.69ms
step:1185/3250 train_time:240.143s step_avg:202.65ms
step:1186/3250 train_time:240.303s step_avg:202.62ms
step:1187/3250 train_time:240.464s step_avg:202.58ms
step:1188/3250 train_time:240.623s step_avg:202.54ms
step:1189/3250 train_time:240.784s step_avg:202.51ms
step:1190/3250 train_time:240.944s step_avg:202.47ms
step:1191/3250 train_time:241.104s step_avg:202.44ms
step:1192/3250 train_time:241.264s step_avg:202.40ms
step:1193/3250 train_time:241.423s step_avg:202.37ms
step:1194/3250 train_time:241.584s step_avg:202.33ms
step:1195/3250 train_time:241.742s step_avg:202.29ms
step:1196/3250 train_time:241.902s step_avg:202.26ms
step:1197/3250 train_time:242.062s step_avg:202.22ms
step:1198/3250 train_time:242.221s step_avg:202.19ms
step:1199/3250 train_time:242.382s step_avg:202.15ms
step:1200/3250 train_time:242.540s step_avg:202.12ms
step:1201/3250 train_time:242.703s step_avg:202.08ms
step:1202/3250 train_time:242.860s step_avg:202.05ms
step:1203/3250 train_time:243.021s step_avg:202.01ms
step:1204/3250 train_time:243.180s step_avg:201.98ms
step:1205/3250 train_time:243.341s step_avg:201.94ms
step:1206/3250 train_time:243.503s step_avg:201.91ms
step:1207/3250 train_time:243.664s step_avg:201.88ms
step:1208/3250 train_time:243.826s step_avg:201.84ms
step:1209/3250 train_time:243.984s step_avg:201.81ms
step:1210/3250 train_time:244.144s step_avg:201.77ms
step:1211/3250 train_time:244.303s step_avg:201.74ms
step:1212/3250 train_time:244.461s step_avg:201.70ms
step:1213/3250 train_time:244.624s step_avg:201.67ms
step:1214/3250 train_time:244.783s step_avg:201.63ms
step:1215/3250 train_time:244.942s step_avg:201.60ms
step:1216/3250 train_time:245.101s step_avg:201.56ms
step:1217/3250 train_time:245.262s step_avg:201.53ms
step:1218/3250 train_time:245.422s step_avg:201.50ms
step:1219/3250 train_time:245.581s step_avg:201.46ms
step:1220/3250 train_time:245.742s step_avg:201.43ms
step:1221/3250 train_time:245.903s step_avg:201.39ms
step:1222/3250 train_time:246.063s step_avg:201.36ms
step:1223/3250 train_time:246.222s step_avg:201.33ms
step:1224/3250 train_time:246.382s step_avg:201.29ms
step:1225/3250 train_time:246.542s step_avg:201.26ms
step:1226/3250 train_time:246.701s step_avg:201.22ms
step:1227/3250 train_time:246.861s step_avg:201.19ms
step:1228/3250 train_time:247.023s step_avg:201.16ms
step:1229/3250 train_time:247.182s step_avg:201.12ms
step:1230/3250 train_time:247.340s step_avg:201.09ms
step:1231/3250 train_time:247.501s step_avg:201.06ms
step:1232/3250 train_time:247.662s step_avg:201.02ms
step:1233/3250 train_time:247.821s step_avg:200.99ms
step:1234/3250 train_time:247.980s step_avg:200.96ms
step:1235/3250 train_time:248.140s step_avg:200.92ms
step:1236/3250 train_time:248.301s step_avg:200.89ms
step:1237/3250 train_time:248.461s step_avg:200.86ms
step:1238/3250 train_time:248.623s step_avg:200.83ms
step:1239/3250 train_time:248.783s step_avg:200.79ms
step:1240/3250 train_time:248.942s step_avg:200.76ms
step:1241/3250 train_time:249.102s step_avg:200.73ms
step:1242/3250 train_time:249.262s step_avg:200.69ms
step:1243/3250 train_time:249.421s step_avg:200.66ms
step:1244/3250 train_time:249.580s step_avg:200.63ms
step:1245/3250 train_time:249.740s step_avg:200.59ms
step:1246/3250 train_time:249.901s step_avg:200.56ms
step:1247/3250 train_time:250.061s step_avg:200.53ms
step:1248/3250 train_time:250.224s step_avg:200.50ms
step:1249/3250 train_time:250.383s step_avg:200.47ms
step:1250/3250 train_time:250.542s step_avg:200.43ms
step:1250/3250 val_loss:3.57959 train_time:250.542s step_avg:171.51ms
probe_ema: n=84934656 align=-0.49891,-0.45204,-0.40819,-0.36754,-0.32938,-0.29155 rel_mse=1.07020,1.04274,1.02563,1.01525,1.00904,1.00536
step:1251/3250 train_time:250.702s step_avg:200.40ms
step:1252/3250 train_time:250.863s step_avg:200.37ms
step:1253/3250 train_time:251.024s step_avg:200.34ms
step:1254/3250 train_time:251.184s step_avg:200.31ms
step:1255/3250 train_time:251.343s step_avg:200.27ms
step:1256/3250 train_time:251.503s step_avg:200.24ms
step:1257/3250 train_time:251.663s step_avg:200.21ms
step:1258/3250 train_time:251.822s step_avg:200.18ms
step:1259/3250 train_time:251.983s step_avg:200.15ms
step:1260/3250 train_time:252.143s step_avg:200.11ms
step:1261/3250 train_time:252.303s step_avg:200.08ms
step:1262/3250 train_time:252.462s step_avg:200.05ms
step:1263/3250 train_time:252.624s step_avg:200.02ms
step:1264/3250 train_time:252.784s step_avg:199.99ms
step:1265/3250 train_time:252.943s step_avg:199.95ms
step:1266/3250 train_time:253.102s step_avg:199.92ms
step:1267/3250 train_time:253.264s step_avg:199.89ms
step:1268/3250 train_time:253.424s step_avg:199.86ms
step:1269/3250 train_time:253.582s step_avg:199.83ms
step:1270/3250 train_time:253.744s step_avg:199.80ms
step:1271/3250 train_time:253.903s step_avg:199.77ms
step:1272/3250 train_time:254.062s step_avg:199.73ms
step:1273/3250 train_time:254.221s step_avg:199.70ms
step:1274/3250 train_time:254.383s step_avg:199.67ms
step:1275/3250 train_time:254.542s step_avg:199.64ms
step:1276/3250 train_time:254.701s step_avg:199.61ms
step:1277/3250 train_time:254.862s step_avg:199.58ms
step:1278/3250 train_time:255.021s step_avg:199.55ms
step:1279/3250 train_time:255.180s step_avg:199.52ms
step:1280/3250 train_time:255.340s step_avg:199.48ms
step:1281/3250 train_time:255.500s step_avg:199.45ms
step:1282/3250 train_time:255.660s step_avg:199.42ms
step:1283/3250 train_time:255.819s step_avg:199.39ms
step:1284/3250 train_time:255.982s step_avg:199.36ms
step:1285/3250 train_time:256.141s step_avg:199.33ms
step:1286/3250 train_time:256.300s step_avg:199.30ms
step:1287/3250 train_time:256.459s step_avg:199.27ms
step:1288/3250 train_time:256.619s step_avg:199.24ms
step:1289/3250 train_time:256.781s step_avg:199.21ms
step:1290/3250 train_time:256.940s step_avg:199.18ms
step:1291/3250 train_time:257.101s step_avg:199.15ms
step:1292/3250 train_time:257.260s step_avg:199.12ms
step:1293/3250 train_time:257.420s step_avg:199.09ms
step:1294/3250 train_time:257.581s step_avg:199.06ms
step:1295/3250 train_time:257.741s step_avg:199.03ms
step:1296/3250 train_time:257.902s step_avg:199.00ms
step:1297/3250 train_time:258.063s step_avg:198.97ms
step:1298/3250 train_time:258.222s step_avg:198.94ms
step:1299/3250 train_time:258.381s step_avg:198.91ms
step:1300/3250 train_time:258.541s step_avg:198.88ms
step:1301/3250 train_time:258.701s step_avg:198.85ms
step:1302/3250 train_time:258.861s step_avg:198.82ms
step:1303/3250 train_time:259.021s step_avg:198.79ms
step:1304/3250 train_time:259.181s step_avg:198.76ms
step:1305/3250 train_time:259.341s step_avg:198.73ms
step:1306/3250 train_time:259.500s step_avg:198.70ms
step:1307/3250 train_time:259.660s step_avg:198.67ms
step:1308/3250 train_time:259.820s step_avg:198.64ms
step:1309/3250 train_time:259.981s step_avg:198.61ms
step:1310/3250 train_time:260.141s step_avg:198.58ms
step:1311/3250 train_time:260.300s step_avg:198.55ms
step:1312/3250 train_time:260.460s step_avg:198.52ms
step:1313/3250 train_time:260.619s step_avg:198.49ms
step:1314/3250 train_time:260.778s step_avg:198.46ms
step:1315/3250 train_time:260.940s step_avg:198.43ms
step:1316/3250 train_time:261.100s step_avg:198.40ms
step:1317/3250 train_time:261.263s step_avg:198.38ms
step:1318/3250 train_time:261.422s step_avg:198.35ms
step:1319/3250 train_time:261.582s step_avg:198.32ms
step:1320/3250 train_time:261.741s step_avg:198.29ms
step:1321/3250 train_time:261.900s step_avg:198.26ms
step:1322/3250 train_time:262.061s step_avg:198.23ms
step:1323/3250 train_time:262.221s step_avg:198.20ms
step:1324/3250 train_time:262.383s step_avg:198.17ms
step:1325/3250 train_time:262.541s step_avg:198.14ms
step:1326/3250 train_time:262.701s step_avg:198.12ms
step:1327/3250 train_time:262.862s step_avg:198.09ms
step:1328/3250 train_time:263.019s step_avg:198.06ms
step:1329/3250 train_time:263.185s step_avg:198.03ms
step:1330/3250 train_time:263.345s step_avg:198.00ms
step:1331/3250 train_time:264.982s step_avg:199.08ms
step:1332/3250 train_time:265.142s step_avg:199.06ms
step:1333/3250 train_time:265.303s step_avg:199.03ms
step:1334/3250 train_time:265.463s step_avg:199.00ms
step:1335/3250 train_time:265.623s step_avg:198.97ms
step:1336/3250 train_time:265.782s step_avg:198.94ms
step:1337/3250 train_time:265.942s step_avg:198.91ms
step:1338/3250 train_time:266.101s step_avg:198.88ms
step:1339/3250 train_time:266.263s step_avg:198.85ms
step:1340/3250 train_time:266.425s step_avg:198.82ms
step:1341/3250 train_time:266.583s step_avg:198.79ms
step:1342/3250 train_time:266.743s step_avg:198.77ms
step:1343/3250 train_time:266.903s step_avg:198.74ms
step:1344/3250 train_time:267.061s step_avg:198.71ms
step:1345/3250 train_time:267.220s step_avg:198.68ms
step:1346/3250 train_time:267.382s step_avg:198.65ms
step:1347/3250 train_time:267.544s step_avg:198.62ms
step:1348/3250 train_time:267.702s step_avg:198.59ms
step:1349/3250 train_time:267.862s step_avg:198.56ms
step:1350/3250 train_time:268.022s step_avg:198.53ms
step:1351/3250 train_time:268.182s step_avg:198.51ms
step:1352/3250 train_time:268.342s step_avg:198.48ms
step:1353/3250 train_time:268.503s step_avg:198.45ms
step:1354/3250 train_time:268.663s step_avg:198.42ms
step:1355/3250 train_time:268.821s step_avg:198.39ms
step:1356/3250 train_time:268.981s step_avg:198.36ms
step:1357/3250 train_time:269.141s step_avg:198.34ms
step:1358/3250 train_time:269.300s step_avg:198.31ms
step:1359/3250 train_time:269.461s step_avg:198.28ms
step:1360/3250 train_time:269.623s step_avg:198.25ms
step:1361/3250 train_time:269.784s step_avg:198.22ms
step:1362/3250 train_time:269.942s step_avg:198.20ms
step:1363/3250 train_time:270.101s step_avg:198.17ms
step:1364/3250 train_time:270.263s step_avg:198.14ms
step:1365/3250 train_time:270.422s step_avg:198.11ms
step:1366/3250 train_time:270.583s step_avg:198.08ms
step:1367/3250 train_time:270.743s step_avg:198.06ms
step:1368/3250 train_time:270.903s step_avg:198.03ms
step:1369/3250 train_time:271.062s step_avg:198.00ms
step:1370/3250 train_time:271.221s step_avg:197.97ms
step:1371/3250 train_time:271.381s step_avg:197.94ms
step:1372/3250 train_time:271.540s step_avg:197.92ms
step:1373/3250 train_time:271.699s step_avg:197.89ms
step:1374/3250 train_time:271.861s step_avg:197.86ms
step:1375/3250 train_time:272.022s step_avg:197.83ms
step:1375/3250 val_loss:3.55392 train_time:272.023s step_avg:171.85ms
probe_ema: n=84934656 align=-0.37351,-0.33558,-0.30244,-0.27386,-0.24630,-0.21515 rel_mse=1.06007,1.03875,1.02407,1.01448,1.00848,1.00485
step:1376/3250 train_time:272.183s step_avg:197.81ms
step:1377/3250 train_time:272.342s step_avg:197.78ms
step:1378/3250 train_time:272.503s step_avg:197.75ms
step:1379/3250 train_time:272.662s step_avg:197.72ms
step:1380/3250 train_time:272.821s step_avg:197.70ms
step:1381/3250 train_time:272.981s step_avg:197.67ms
step:1382/3250 train_time:273.140s step_avg:197.64ms
step:1383/3250 train_time:273.301s step_avg:197.61ms
step:1384/3250 train_time:273.460s step_avg:197.59ms
step:1385/3250 train_time:273.620s step_avg:197.56ms
step:1386/3250 train_time:273.780s step_avg:197.53ms
step:1387/3250 train_time:273.940s step_avg:197.51ms
step:1388/3250 train_time:274.100s step_avg:197.48ms
step:1389/3250 train_time:274.260s step_avg:197.45ms
step:1390/3250 train_time:274.422s step_avg:197.43ms
step:1391/3250 train_time:274.581s step_avg:197.40ms
step:1392/3250 train_time:274.741s step_avg:197.37ms
step:1393/3250 train_time:274.900s step_avg:197.34ms
step:1394/3250 train_time:275.059s step_avg:197.32ms
step:1395/3250 train_time:275.221s step_avg:197.29ms
step:1396/3250 train_time:275.382s step_avg:197.27ms
step:1397/3250 train_time:275.542s step_avg:197.24ms
step:1398/3250 train_time:275.702s step_avg:197.21ms
step:1399/3250 train_time:275.861s step_avg:197.18ms
step:1400/3250 train_time:276.020s step_avg:197.16ms
step:1401/3250 train_time:276.179s step_avg:197.13ms
step:1402/3250 train_time:276.341s step_avg:197.11ms
step:1403/3250 train_time:276.501s step_avg:197.08ms
step:1404/3250 train_time:276.662s step_avg:197.05ms
step:1405/3250 train_time:276.822s step_avg:197.03ms
step:1406/3250 train_time:276.981s step_avg:197.00ms
step:1407/3250 train_time:277.141s step_avg:196.97ms
step:1408/3250 train_time:277.300s step_avg:196.95ms
step:1409/3250 train_time:277.460s step_avg:196.92ms
step:1410/3250 train_time:277.621s step_avg:196.89ms
step:1411/3250 train_time:277.780s step_avg:196.87ms
step:1412/3250 train_time:277.942s step_avg:196.84ms
step:1413/3250 train_time:278.101s step_avg:196.82ms
step:1414/3250 train_time:278.261s step_avg:196.79ms
step:1415/3250 train_time:278.420s step_avg:196.76ms
step:1416/3250 train_time:278.583s step_avg:196.74ms
step:1417/3250 train_time:278.750s step_avg:196.72ms
step:1418/3250 train_time:278.908s step_avg:196.69ms
step:1419/3250 train_time:279.067s step_avg:196.66ms
step:1420/3250 train_time:279.227s step_avg:196.64ms
step:1421/3250 train_time:279.389s step_avg:196.61ms
step:1422/3250 train_time:279.555s step_avg:196.59ms
step:1423/3250 train_time:279.716s step_avg:196.57ms
step:1424/3250 train_time:279.876s step_avg:196.54ms
step:1425/3250 train_time:280.037s step_avg:196.52ms
step:1426/3250 train_time:280.199s step_avg:196.49ms
step:1427/3250 train_time:280.360s step_avg:196.47ms
step:1428/3250 train_time:280.520s step_avg:196.44ms
step:1429/3250 train_time:280.681s step_avg:196.42ms
step:1430/3250 train_time:280.840s step_avg:196.39ms
step:1431/3250 train_time:281.000s step_avg:196.37ms
step:1432/3250 train_time:281.160s step_avg:196.34ms
step:1433/3250 train_time:281.323s step_avg:196.32ms
step:1434/3250 train_time:281.485s step_avg:196.29ms
step:1435/3250 train_time:281.645s step_avg:196.27ms
step:1436/3250 train_time:281.803s step_avg:196.24ms
step:1437/3250 train_time:281.962s step_avg:196.22ms
step:1438/3250 train_time:282.122s step_avg:196.19ms
step:1439/3250 train_time:282.281s step_avg:196.16ms
step:1440/3250 train_time:282.444s step_avg:196.14ms
step:1441/3250 train_time:282.604s step_avg:196.12ms
step:1442/3250 train_time:282.763s step_avg:196.09ms
step:1443/3250 train_time:282.923s step_avg:196.07ms
step:1444/3250 train_time:283.083s step_avg:196.04ms
step:1445/3250 train_time:283.243s step_avg:196.02ms
step:1446/3250 train_time:283.402s step_avg:195.99ms
step:1447/3250 train_time:283.564s step_avg:195.97ms
step:1448/3250 train_time:283.724s step_avg:195.94ms
step:1449/3250 train_time:283.881s step_avg:195.92ms
step:1450/3250 train_time:284.041s step_avg:195.89ms
step:1451/3250 train_time:284.201s step_avg:195.87ms
step:1452/3250 train_time:284.362s step_avg:195.84ms
step:1453/3250 train_time:284.522s step_avg:195.82ms
step:1454/3250 train_time:284.684s step_avg:195.79ms
step:1455/3250 train_time:284.844s step_avg:195.77ms
step:1456/3250 train_time:285.005s step_avg:195.74ms
step:1457/3250 train_time:285.163s step_avg:195.72ms
step:1458/3250 train_time:285.323s step_avg:195.69ms
step:1459/3250 train_time:285.484s step_avg:195.67ms
step:1460/3250 train_time:285.643s step_avg:195.65ms
step:1461/3250 train_time:285.804s step_avg:195.62ms
step:1462/3250 train_time:285.964s step_avg:195.60ms
step:1463/3250 train_time:286.124s step_avg:195.57ms
step:1464/3250 train_time:286.284s step_avg:195.55ms
step:1465/3250 train_time:286.444s step_avg:195.52ms
step:1466/3250 train_time:286.604s step_avg:195.50ms
step:1467/3250 train_time:286.764s step_avg:195.48ms
step:1468/3250 train_time:286.924s step_avg:195.45ms
step:1469/3250 train_time:287.084s step_avg:195.43ms
step:1470/3250 train_time:287.244s step_avg:195.40ms
step:1471/3250 train_time:287.403s step_avg:195.38ms
step:1472/3250 train_time:287.563s step_avg:195.36ms
step:1473/3250 train_time:287.724s step_avg:195.33ms
step:1474/3250 train_time:287.883s step_avg:195.31ms
step:1475/3250 train_time:288.044s step_avg:195.28ms
step:1476/3250 train_time:288.204s step_avg:195.26ms
step:1477/3250 train_time:288.363s step_avg:195.24ms
step:1478/3250 train_time:288.523s step_avg:195.21ms
step:1479/3250 train_time:288.683s step_avg:195.19ms
step:1480/3250 train_time:288.844s step_avg:195.16ms
step:1481/3250 train_time:289.006s step_avg:195.14ms
step:1482/3250 train_time:289.164s step_avg:195.12ms
step:1483/3250 train_time:289.323s step_avg:195.09ms
step:1484/3250 train_time:289.482s step_avg:195.07ms
step:1485/3250 train_time:289.643s step_avg:195.05ms
step:1486/3250 train_time:289.802s step_avg:195.02ms
step:1487/3250 train_time:289.963s step_avg:195.00ms
step:1488/3250 train_time:290.125s step_avg:194.98ms
step:1489/3250 train_time:290.285s step_avg:194.95ms
step:1490/3250 train_time:290.445s step_avg:194.93ms
step:1491/3250 train_time:290.606s step_avg:194.91ms
step:1492/3250 train_time:290.766s step_avg:194.88ms
step:1493/3250 train_time:290.926s step_avg:194.86ms
step:1494/3250 train_time:291.087s step_avg:194.84ms
step:1495/3250 train_time:291.247s step_avg:194.81ms
step:1496/3250 train_time:291.407s step_avg:194.79ms
step:1497/3250 train_time:291.566s step_avg:194.77ms
step:1498/3250 train_time:291.726s step_avg:194.74ms
step:1499/3250 train_time:291.886s step_avg:194.72ms
step:1500/3250 train_time:292.048s step_avg:194.70ms
step:1500/3250 val_loss:3.52657 train_time:292.048s step_avg:160.20ms
probe_ema: n=84934656 align=-0.38939,-0.35578,-0.32440,-0.29460,-0.26572,-0.23614 rel_mse=1.05682,1.03542,1.02167,1.01308,1.00781,1.00463
step:1501/3250 train_time:292.210s step_avg:194.68ms
step:1502/3250 train_time:292.373s step_avg:194.66ms
step:1503/3250 train_time:292.533s step_avg:194.63ms
step:1504/3250 train_time:292.693s step_avg:194.61ms
step:1505/3250 train_time:292.855s step_avg:194.59ms
step:1506/3250 train_time:293.015s step_avg:194.56ms
step:1507/3250 train_time:293.176s step_avg:194.54ms
step:1508/3250 train_time:293.336s step_avg:194.52ms
step:1509/3250 train_time:293.496s step_avg:194.50ms
step:1510/3250 train_time:293.656s step_avg:194.47ms
step:1511/3250 train_time:293.815s step_avg:194.45ms
step:1512/3250 train_time:293.978s step_avg:194.43ms
step:1513/3250 train_time:294.137s step_avg:194.41ms
step:1514/3250 train_time:294.299s step_avg:194.38ms
step:1515/3250 train_time:294.458s step_avg:194.36ms
step:1516/3250 train_time:294.618s step_avg:194.34ms
step:1517/3250 train_time:294.777s step_avg:194.32ms
step:1518/3250 train_time:294.936s step_avg:194.29ms
step:1519/3250 train_time:295.100s step_avg:194.27ms
step:1520/3250 train_time:295.261s step_avg:194.25ms
step:1521/3250 train_time:296.821s step_avg:195.15ms
step:1522/3250 train_time:296.980s step_avg:195.13ms
step:1523/3250 train_time:297.139s step_avg:195.10ms
step:1524/3250 train_time:297.300s step_avg:195.08ms
step:1525/3250 train_time:297.461s step_avg:195.06ms
step:1526/3250 train_time:297.622s step_avg:195.03ms
step:1527/3250 train_time:297.783s step_avg:195.01ms
step:1528/3250 train_time:297.943s step_avg:194.99ms
step:1529/3250 train_time:298.102s step_avg:194.97ms
step:1530/3250 train_time:298.262s step_avg:194.94ms
step:1531/3250 train_time:298.421s step_avg:194.92ms
step:1532/3250 train_time:298.582s step_avg:194.90ms
step:1533/3250 train_time:298.742s step_avg:194.87ms
step:1534/3250 train_time:298.904s step_avg:194.85ms
step:1535/3250 train_time:299.063s step_avg:194.83ms
step:1536/3250 train_time:299.222s step_avg:194.81ms
step:1537/3250 train_time:299.380s step_avg:194.78ms
step:1538/3250 train_time:299.541s step_avg:194.76ms
step:1539/3250 train_time:299.701s step_avg:194.74ms
step:1540/3250 train_time:299.863s step_avg:194.72ms
step:1541/3250 train_time:300.023s step_avg:194.69ms
step:1542/3250 train_time:300.183s step_avg:194.67ms
step:1543/3250 train_time:300.344s step_avg:194.65ms
step:1544/3250 train_time:300.504s step_avg:194.63ms
step:1545/3250 train_time:300.665s step_avg:194.61ms
step:1546/3250 train_time:300.828s step_avg:194.58ms
step:1547/3250 train_time:300.990s step_avg:194.56ms
step:1548/3250 train_time:301.150s step_avg:194.54ms
step:1549/3250 train_time:301.312s step_avg:194.52ms
step:1550/3250 train_time:301.475s step_avg:194.50ms
step:1551/3250 train_time:301.636s step_avg:194.48ms
step:1552/3250 train_time:301.798s step_avg:194.46ms
step:1553/3250 train_time:301.959s step_avg:194.44ms
step:1554/3250 train_time:302.121s step_avg:194.42ms
step:1555/3250 train_time:302.280s step_avg:194.39ms
step:1556/3250 train_time:302.440s step_avg:194.37ms
step:1557/3250 train_time:302.603s step_avg:194.35ms
step:1558/3250 train_time:302.764s step_avg:194.33ms
step:1559/3250 train_time:302.924s step_avg:194.31ms
step:1560/3250 train_time:303.085s step_avg:194.29ms
step:1561/3250 train_time:303.246s step_avg:194.26ms
step:1562/3250 train_time:303.405s step_avg:194.24ms
step:1563/3250 train_time:303.567s step_avg:194.22ms
step:1564/3250 train_time:303.727s step_avg:194.20ms
step:1565/3250 train_time:303.888s step_avg:194.18ms
step:1566/3250 train_time:304.049s step_avg:194.16ms
step:1567/3250 train_time:304.213s step_avg:194.14ms
step:1568/3250 train_time:304.373s step_avg:194.12ms
step:1569/3250 train_time:304.535s step_avg:194.09ms
step:1570/3250 train_time:304.696s step_avg:194.07ms
step:1571/3250 train_time:304.856s step_avg:194.05ms
step:1572/3250 train_time:305.022s step_avg:194.03ms
step:1573/3250 train_time:305.185s step_avg:194.01ms
step:1574/3250 train_time:305.345s step_avg:193.99ms
step:1575/3250 train_time:305.506s step_avg:193.97ms
step:1576/3250 train_time:305.668s step_avg:193.95ms
step:1577/3250 train_time:305.828s step_avg:193.93ms
step:1578/3250 train_time:305.988s step_avg:193.91ms
step:1579/3250 train_time:306.151s step_avg:193.89ms
step:1580/3250 train_time:306.316s step_avg:193.87ms
step:1581/3250 train_time:306.476s step_avg:193.85ms
step:1582/3250 train_time:306.636s step_avg:193.83ms
step:1583/3250 train_time:306.795s step_avg:193.81ms
step:1584/3250 train_time:306.955s step_avg:193.78ms
step:1585/3250 train_time:307.114s step_avg:193.76ms
step:1586/3250 train_time:307.276s step_avg:193.74ms
step:1587/3250 train_time:307.437s step_avg:193.72ms
step:1588/3250 train_time:307.598s step_avg:193.70ms
step:1589/3250 train_time:307.757s step_avg:193.68ms
step:1590/3250 train_time:307.916s step_avg:193.66ms
step:1591/3250 train_time:308.076s step_avg:193.64ms
step:1592/3250 train_time:308.235s step_avg:193.61ms
step:1593/3250 train_time:308.398s step_avg:193.60ms
step:1594/3250 train_time:308.557s step_avg:193.57ms
step:1595/3250 train_time:308.717s step_avg:193.55ms
step:1596/3250 train_time:308.878s step_avg:193.53ms
step:1597/3250 train_time:309.037s step_avg:193.51ms
step:1598/3250 train_time:309.197s step_avg:193.49ms
step:1599/3250 train_time:309.360s step_avg:193.47ms
step:1600/3250 train_time:309.521s step_avg:193.45ms
step:1601/3250 train_time:309.681s step_avg:193.43ms
step:1602/3250 train_time:309.839s step_avg:193.41ms
step:1603/3250 train_time:309.999s step_avg:193.39ms
step:1604/3250 train_time:310.158s step_avg:193.37ms
step:1605/3250 train_time:310.317s step_avg:193.34ms
step:1606/3250 train_time:310.479s step_avg:193.32ms
step:1607/3250 train_time:310.639s step_avg:193.30ms
step:1608/3250 train_time:310.799s step_avg:193.28ms
step:1609/3250 train_time:310.958s step_avg:193.26ms
step:1610/3250 train_time:311.118s step_avg:193.24ms
step:1611/3250 train_time:311.277s step_avg:193.22ms
step:1612/3250 train_time:311.436s step_avg:193.20ms
step:1613/3250 train_time:311.598s step_avg:193.18ms
step:1614/3250 train_time:311.759s step_avg:193.16ms
step:1615/3250 train_time:311.919s step_avg:193.14ms
step:1616/3250 train_time:312.081s step_avg:193.12ms
step:1617/3250 train_time:312.242s step_avg:193.10ms
step:1618/3250 train_time:312.404s step_avg:193.08ms
step:1619/3250 train_time:312.564s step_avg:193.06ms
step:1620/3250 train_time:312.723s step_avg:193.04ms
step:1621/3250 train_time:312.885s step_avg:193.02ms
step:1622/3250 train_time:313.045s step_avg:193.00ms
step:1623/3250 train_time:313.204s step_avg:192.98ms
step:1624/3250 train_time:313.364s step_avg:192.96ms
step:1625/3250 train_time:313.524s step_avg:192.94ms
step:1625/3250 val_loss:3.50741 train_time:313.524s step_avg:171.81ms
probe_ema: n=84934656 align=-0.39183,-0.35185,-0.31541,-0.27975,-0.24407,-0.20708 rel_mse=1.05722,1.03551,1.02164,1.01296,1.00758,1.00431
step:1626/3250 train_time:313.686s step_avg:192.92ms
step:1627/3250 train_time:313.851s step_avg:192.90ms
step:1628/3250 train_time:314.010s step_avg:192.88ms
step:1629/3250 train_time:314.171s step_avg:192.86ms
step:1630/3250 train_time:314.332s step_avg:192.84ms
step:1631/3250 train_time:314.492s step_avg:192.82ms
step:1632/3250 train_time:314.653s step_avg:192.80ms
step:1633/3250 train_time:314.812s step_avg:192.78ms
step:1634/3250 train_time:314.971s step_avg:192.76ms
step:1635/3250 train_time:315.130s step_avg:192.74ms
step:1636/3250 train_time:315.290s step_avg:192.72ms
step:1637/3250 train_time:315.451s step_avg:192.70ms
step:1638/3250 train_time:315.612s step_avg:192.68ms
step:1639/3250 train_time:315.774s step_avg:192.66ms
step:1640/3250 train_time:315.933s step_avg:192.64ms
step:1641/3250 train_time:316.092s step_avg:192.62ms
step:1642/3250 train_time:316.252s step_avg:192.60ms
step:1643/3250 train_time:316.410s step_avg:192.58ms
step:1644/3250 train_time:316.570s step_avg:192.56ms
step:1645/3250 train_time:316.730s step_avg:192.54ms
step:1646/3250 train_time:316.892s step_avg:192.52ms
step:1647/3250 train_time:317.052s step_avg:192.50ms
step:1648/3250 train_time:317.212s step_avg:192.48ms
step:1649/3250 train_time:317.372s step_avg:192.46ms
step:1650/3250 train_time:317.531s step_avg:192.44ms
step:1651/3250 train_time:317.690s step_avg:192.42ms
step:1652/3250 train_time:317.851s step_avg:192.40ms
step:1653/3250 train_time:318.013s step_avg:192.39ms
step:1654/3250 train_time:318.173s step_avg:192.37ms
step:1655/3250 train_time:318.332s step_avg:192.35ms
step:1656/3250 train_time:318.491s step_avg:192.33ms
step:1657/3250 train_time:318.651s step_avg:192.31ms
step:1658/3250 train_time:318.810s step_avg:192.29ms
step:1659/3250 train_time:318.970s step_avg:192.27ms
step:1660/3250 train_time:319.132s step_avg:192.25ms
step:1661/3250 train_time:319.292s step_avg:192.23ms
step:1662/3250 train_time:319.452s step_avg:192.21ms
step:1663/3250 train_time:319.612s step_avg:192.19ms
step:1664/3250 train_time:319.771s step_avg:192.17ms
step:1665/3250 train_time:319.929s step_avg:192.15ms
step:1666/3250 train_time:320.090s step_avg:192.13ms
step:1667/3250 train_time:320.251s step_avg:192.11ms
step:1668/3250 train_time:320.410s step_avg:192.09ms
