W0903 00:55:58.261000 44040 torch/distributed/run.py:852] 
W0903 00:55:58.261000 44040 torch/distributed/run.py:852] *****************************************
W0903 00:55:58.261000 44040 torch/distributed/run.py:852] Setting OMP_NUM_THREADS environment variable for each process to be 1 in default, to avoid your system being overloaded, please further tune the variable for optimal performance in your application as needed. 
W0903 00:55:58.261000 44040 torch/distributed/run.py:852] *****************************************
logs/2b656022-e76a-4dd8-9cff-b76449b5de91.txt
resumed training state from step 1000 in eos_shared_state, skipped 500 batches
step:0/3250 val_loss:3.65169 train_time:0.001s step_avg:nanms
step:1001/3250 train_time:2.642s step_avg:2.64ms
step:1002/3250 train_time:3.302s step_avg:3.30ms
step:1003/3250 train_time:3.579s step_avg:3.57ms
step:1004/3250 train_time:3.872s step_avg:3.86ms
step:1005/3250 train_time:4.167s step_avg:4.15ms
step:1006/3250 train_time:4.463s step_avg:4.44ms
step:1007/3250 train_time:4.759s step_avg:4.73ms
step:1008/3250 train_time:5.055s step_avg:5.01ms
step:1009/3250 train_time:5.353s step_avg:5.31ms
step:1010/3250 train_time:5.648s step_avg:5.59ms
step:1011/3250 train_time:5.941s step_avg:5.88ms
step:1012/3250 train_time:6.240s step_avg:6.17ms
step:1013/3250 train_time:6.541s step_avg:6.46ms
step:1014/3250 train_time:6.838s step_avg:6.74ms
step:1015/3250 train_time:7.137s step_avg:7.03ms
step:1016/3250 train_time:7.436s step_avg:7.32ms
step:1017/3250 train_time:7.732s step_avg:7.60ms
step:1018/3250 train_time:8.027s step_avg:7.88ms
step:1019/3250 train_time:8.323s step_avg:8.17ms
step:1020/3250 train_time:8.622s step_avg:8.45ms
step:1021/3250 train_time:8.920s step_avg:8.74ms
step:1022/3250 train_time:9.219s step_avg:9.02ms
step:1023/3250 train_time:9.519s step_avg:9.31ms
step:1024/3250 train_time:9.819s step_avg:9.59ms
step:1025/3250 train_time:10.119s step_avg:9.87ms
step:1026/3250 train_time:10.418s step_avg:10.15ms
step:1027/3250 train_time:10.718s step_avg:10.44ms
step:1028/3250 train_time:11.016s step_avg:10.72ms
step:1029/3250 train_time:11.313s step_avg:10.99ms
step:1030/3250 train_time:11.610s step_avg:11.27ms
step:1031/3250 train_time:11.907s step_avg:11.55ms
step:1032/3250 train_time:12.204s step_avg:11.83ms
step:1033/3250 train_time:12.502s step_avg:12.10ms
step:1034/3250 train_time:12.801s step_avg:12.38ms
step:1035/3250 train_time:13.101s step_avg:12.66ms
step:1036/3250 train_time:13.399s step_avg:12.93ms
step:1037/3250 train_time:13.701s step_avg:13.21ms
step:1038/3250 train_time:14.001s step_avg:13.49ms
step:1039/3250 train_time:14.300s step_avg:13.76ms
step:1040/3250 train_time:14.600s step_avg:14.04ms
step:1041/3250 train_time:14.900s step_avg:14.31ms
step:1042/3250 train_time:15.199s step_avg:14.59ms
step:1043/3250 train_time:15.501s step_avg:14.86ms
step:1044/3250 train_time:15.800s step_avg:15.13ms
step:1045/3250 train_time:16.099s step_avg:15.41ms
step:1046/3250 train_time:16.398s step_avg:15.68ms
step:1047/3250 train_time:16.697s step_avg:15.95ms
step:1048/3250 train_time:16.995s step_avg:16.22ms
step:1049/3250 train_time:17.291s step_avg:16.48ms
step:1050/3250 train_time:17.587s step_avg:16.75ms
step:1051/3250 train_time:17.884s step_avg:17.02ms
step:1052/3250 train_time:18.183s step_avg:17.28ms
step:1053/3250 train_time:18.483s step_avg:17.55ms
step:1054/3250 train_time:18.782s step_avg:17.82ms
step:1055/3250 train_time:19.081s step_avg:18.09ms
step:1056/3250 train_time:19.381s step_avg:18.35ms
step:1057/3250 train_time:19.681s step_avg:18.62ms
step:1058/3250 train_time:19.981s step_avg:18.89ms
step:1059/3250 train_time:20.281s step_avg:19.15ms
step:1060/3250 train_time:20.581s step_avg:19.42ms
step:1061/3250 train_time:20.880s step_avg:19.68ms
step:1062/3250 train_time:21.179s step_avg:19.94ms
step:1063/3250 train_time:21.479s step_avg:20.21ms
step:1064/3250 train_time:21.779s step_avg:20.47ms
step:1065/3250 train_time:22.080s step_avg:20.73ms
step:1066/3250 train_time:22.381s step_avg:20.99ms
step:1067/3250 train_time:22.681s step_avg:21.26ms
step:1068/3250 train_time:22.981s step_avg:21.52ms
step:1069/3250 train_time:23.281s step_avg:21.78ms
step:1070/3250 train_time:23.579s step_avg:22.04ms
step:1071/3250 train_time:23.920s step_avg:22.33ms
step:1072/3250 train_time:24.214s step_avg:22.59ms
step:1073/3250 train_time:24.508s step_avg:22.84ms
step:1074/3250 train_time:24.808s step_avg:23.10ms
step:1075/3250 train_time:25.106s step_avg:23.35ms
step:1076/3250 train_time:25.401s step_avg:23.61ms
step:1077/3250 train_time:25.702s step_avg:23.86ms
step:1078/3250 train_time:26.002s step_avg:24.12ms
step:1079/3250 train_time:26.302s step_avg:24.38ms
step:1080/3250 train_time:26.601s step_avg:24.63ms
step:1081/3250 train_time:26.901s step_avg:24.89ms
step:1082/3250 train_time:27.201s step_avg:25.14ms
step:1083/3250 train_time:27.501s step_avg:25.39ms
step:1084/3250 train_time:27.803s step_avg:25.65ms
step:1085/3250 train_time:28.102s step_avg:25.90ms
step:1086/3250 train_time:28.401s step_avg:26.15ms
step:1087/3250 train_time:28.701s step_avg:26.40ms
step:1088/3250 train_time:29.001s step_avg:26.66ms
step:1089/3250 train_time:29.301s step_avg:26.91ms
step:1090/3250 train_time:29.598s step_avg:27.15ms
step:1091/3250 train_time:29.900s step_avg:27.41ms
step:1092/3250 train_time:30.200s step_avg:27.66ms
step:1093/3250 train_time:30.499s step_avg:27.90ms
step:1094/3250 train_time:30.799s step_avg:28.15ms
step:1095/3250 train_time:31.100s step_avg:28.40ms
step:1096/3250 train_time:31.400s step_avg:28.65ms
step:1097/3250 train_time:31.699s step_avg:28.90ms
step:1098/3250 train_time:32.000s step_avg:29.14ms
step:1099/3250 train_time:32.300s step_avg:29.39ms
step:1100/3250 train_time:32.600s step_avg:29.64ms
step:1101/3250 train_time:32.900s step_avg:29.88ms
step:1102/3250 train_time:33.202s step_avg:30.13ms
step:1103/3250 train_time:33.502s step_avg:30.37ms
step:1104/3250 train_time:33.801s step_avg:30.62ms
step:1105/3250 train_time:34.102s step_avg:30.86ms
step:1106/3250 train_time:34.401s step_avg:31.10ms
step:1107/3250 train_time:34.701s step_avg:31.35ms
step:1108/3250 train_time:35.000s step_avg:31.59ms
step:1109/3250 train_time:35.300s step_avg:31.83ms
step:1110/3250 train_time:35.600s step_avg:32.07ms
step:1111/3250 train_time:35.899s step_avg:32.31ms
step:1112/3250 train_time:36.200s step_avg:32.55ms
step:1113/3250 train_time:36.500s step_avg:32.79ms
step:1114/3250 train_time:36.801s step_avg:33.03ms
step:1115/3250 train_time:37.101s step_avg:33.27ms
step:1116/3250 train_time:37.401s step_avg:33.51ms
step:1117/3250 train_time:37.701s step_avg:33.75ms
step:1118/3250 train_time:38.000s step_avg:33.99ms
step:1119/3250 train_time:38.300s step_avg:34.23ms
step:1120/3250 train_time:38.600s step_avg:34.46ms
step:1121/3250 train_time:38.900s step_avg:34.70ms
step:1122/3250 train_time:39.200s step_avg:34.94ms
step:1123/3250 train_time:39.501s step_avg:35.17ms
step:1124/3250 train_time:39.800s step_avg:35.41ms
step:1125/3250 train_time:40.101s step_avg:35.65ms
step:1125/3250 val_loss:3.53420 train_time:40.112s step_avg:35.65ms
step:1126/3250 train_time:40.403s step_avg:35.88ms
step:1127/3250 train_time:40.700s step_avg:36.11ms
step:1128/3250 train_time:40.998s step_avg:36.35ms
step:1129/3250 train_time:41.297s step_avg:36.58ms
step:1130/3250 train_time:41.594s step_avg:36.81ms
step:1131/3250 train_time:41.890s step_avg:37.04ms
step:1132/3250 train_time:42.190s step_avg:37.27ms
step:1133/3250 train_time:42.490s step_avg:37.50ms
step:1134/3250 train_time:42.790s step_avg:37.73ms
step:1135/3250 train_time:43.089s step_avg:37.96ms
step:1136/3250 train_time:43.391s step_avg:38.20ms
step:1137/3250 train_time:43.691s step_avg:38.43ms
step:1138/3250 train_time:43.989s step_avg:38.65ms
step:1139/3250 train_time:44.289s step_avg:38.88ms
step:1140/3250 train_time:44.590s step_avg:39.11ms
step:1141/3250 train_time:44.889s step_avg:39.34ms
step:1142/3250 train_time:45.188s step_avg:39.57ms
step:1143/3250 train_time:45.485s step_avg:39.79ms
step:1144/3250 train_time:45.784s step_avg:40.02ms
step:1145/3250 train_time:46.081s step_avg:40.25ms
step:1146/3250 train_time:46.378s step_avg:40.47ms
step:1147/3250 train_time:46.676s step_avg:40.69ms
step:1148/3250 train_time:46.974s step_avg:40.92ms
step:1149/3250 train_time:47.270s step_avg:41.14ms
step:1150/3250 train_time:47.571s step_avg:41.37ms
step:1151/3250 train_time:47.870s step_avg:41.59ms
