W0902 23:30:44.186000 37823 torch/distributed/run.py:852] 
W0902 23:30:44.186000 37823 torch/distributed/run.py:852] *****************************************
W0902 23:30:44.186000 37823 torch/distributed/run.py:852] Setting OMP_NUM_THREADS environment variable for each process to be 1 in default, to avoid your system being overloaded, please further tune the variable for optimal performance in your application as needed. 
W0902 23:30:44.186000 37823 torch/distributed/run.py:852] *****************************************
logs/2bb5dea7-5734-4b33-bf23-72d26d19290b.txt
resumed training state from step 1000 in eos_shared_state, skipped 4000 batches
step:0/3250 val_loss:3.65171 train_time:0.001s step_avg:nanms
step:1001/3250 train_time:0.358s step_avg:0.36ms
step:1002/3250 train_time:0.476s step_avg:0.47ms
step:1003/3250 train_time:0.598s step_avg:0.60ms
step:1004/3250 train_time:0.720s step_avg:0.72ms
step:1005/3250 train_time:0.843s step_avg:0.84ms
step:1006/3250 train_time:0.966s step_avg:0.96ms
step:1007/3250 train_time:1.088s step_avg:1.08ms
step:1008/3250 train_time:1.211s step_avg:1.20ms
step:1009/3250 train_time:1.333s step_avg:1.32ms
step:1010/3250 train_time:1.456s step_avg:1.44ms
step:1011/3250 train_time:1.578s step_avg:1.56ms
step:1012/3250 train_time:1.701s step_avg:1.68ms
step:1013/3250 train_time:1.824s step_avg:1.80ms
step:1014/3250 train_time:1.946s step_avg:1.92ms
step:1015/3250 train_time:2.068s step_avg:2.04ms
step:1016/3250 train_time:2.191s step_avg:2.16ms
step:1017/3250 train_time:2.313s step_avg:2.27ms
step:1018/3250 train_time:2.436s step_avg:2.39ms
step:1019/3250 train_time:2.558s step_avg:2.51ms
step:1020/3250 train_time:2.681s step_avg:2.63ms
step:1021/3250 train_time:2.803s step_avg:2.75ms
step:1022/3250 train_time:2.926s step_avg:2.86ms
step:1023/3250 train_time:3.048s step_avg:2.98ms
step:1024/3250 train_time:3.171s step_avg:3.10ms
step:1025/3250 train_time:3.293s step_avg:3.21ms
step:1026/3250 train_time:3.416s step_avg:3.33ms
step:1027/3250 train_time:3.539s step_avg:3.45ms
step:1028/3250 train_time:3.661s step_avg:3.56ms
step:1029/3250 train_time:3.784s step_avg:3.68ms
step:1030/3250 train_time:3.906s step_avg:3.79ms
step:1031/3250 train_time:4.029s step_avg:3.91ms
step:1032/3250 train_time:4.151s step_avg:4.02ms
step:1033/3250 train_time:4.274s step_avg:4.14ms
step:1034/3250 train_time:4.396s step_avg:4.25ms
step:1035/3250 train_time:4.519s step_avg:4.37ms
step:1036/3250 train_time:4.641s step_avg:4.48ms
step:1037/3250 train_time:4.764s step_avg:4.59ms
step:1038/3250 train_time:4.886s step_avg:4.71ms
step:1039/3250 train_time:5.009s step_avg:4.82ms
step:1040/3250 train_time:5.132s step_avg:4.93ms
step:1041/3250 train_time:5.254s step_avg:5.05ms
step:1042/3250 train_time:5.376s step_avg:5.16ms
step:1043/3250 train_time:5.499s step_avg:5.27ms
step:1044/3250 train_time:5.621s step_avg:5.38ms
step:1045/3250 train_time:5.744s step_avg:5.50ms
step:1046/3250 train_time:5.866s step_avg:5.61ms
step:1047/3250 train_time:5.989s step_avg:5.72ms
step:1048/3250 train_time:6.111s step_avg:5.83ms
step:1049/3250 train_time:6.234s step_avg:5.94ms
step:1050/3250 train_time:6.357s step_avg:6.05ms
step:1051/3250 train_time:6.479s step_avg:6.16ms
step:1052/3250 train_time:6.602s step_avg:6.28ms
step:1053/3250 train_time:6.724s step_avg:6.39ms
step:1054/3250 train_time:6.847s step_avg:6.50ms
step:1055/3250 train_time:6.969s step_avg:6.61ms
step:1056/3250 train_time:7.092s step_avg:6.72ms
step:1057/3250 train_time:7.214s step_avg:6.83ms
step:1058/3250 train_time:7.337s step_avg:6.93ms
step:1059/3250 train_time:7.459s step_avg:7.04ms
step:1060/3250 train_time:7.582s step_avg:7.15ms
step:1061/3250 train_time:7.705s step_avg:7.26ms
step:1062/3250 train_time:7.827s step_avg:7.37ms
step:1063/3250 train_time:7.950s step_avg:7.48ms
step:1064/3250 train_time:8.072s step_avg:7.59ms
step:1065/3250 train_time:8.195s step_avg:7.69ms
step:1066/3250 train_time:8.317s step_avg:7.80ms
step:1067/3250 train_time:8.440s step_avg:7.91ms
step:1068/3250 train_time:8.562s step_avg:8.02ms
step:1069/3250 train_time:8.685s step_avg:8.12ms
step:1070/3250 train_time:8.807s step_avg:8.23ms
step:1071/3250 train_time:8.930s step_avg:8.34ms
step:1072/3250 train_time:9.052s step_avg:8.44ms
step:1073/3250 train_time:9.175s step_avg:8.55ms
step:1074/3250 train_time:9.297s step_avg:8.66ms
step:1075/3250 train_time:9.420s step_avg:8.76ms
step:1076/3250 train_time:9.543s step_avg:8.87ms
step:1077/3250 train_time:9.665s step_avg:8.97ms
step:1078/3250 train_time:9.788s step_avg:9.08ms
step:1079/3250 train_time:9.910s step_avg:9.18ms
step:1080/3250 train_time:10.033s step_avg:9.29ms
step:1081/3250 train_time:10.155s step_avg:9.39ms
step:1082/3250 train_time:10.278s step_avg:9.50ms
step:1083/3250 train_time:10.400s step_avg:9.60ms
step:1084/3250 train_time:10.523s step_avg:9.71ms
step:1085/3250 train_time:10.645s step_avg:9.81ms
step:1086/3250 train_time:10.768s step_avg:9.92ms
step:1087/3250 train_time:10.890s step_avg:10.02ms
step:1088/3250 train_time:11.013s step_avg:10.12ms
step:1089/3250 train_time:11.135s step_avg:10.23ms
step:1090/3250 train_time:11.258s step_avg:10.33ms
step:1091/3250 train_time:11.380s step_avg:10.43ms
step:1092/3250 train_time:11.503s step_avg:10.53ms
step:1093/3250 train_time:11.626s step_avg:10.64ms
step:1094/3250 train_time:11.748s step_avg:10.74ms
step:1095/3250 train_time:11.871s step_avg:10.84ms
step:1096/3250 train_time:11.993s step_avg:10.94ms
step:1097/3250 train_time:12.116s step_avg:11.04ms
step:1098/3250 train_time:12.238s step_avg:11.15ms
step:1099/3250 train_time:12.361s step_avg:11.25ms
step:1100/3250 train_time:12.483s step_avg:11.35ms
step:1101/3250 train_time:12.606s step_avg:11.45ms
step:1102/3250 train_time:12.728s step_avg:11.55ms
step:1103/3250 train_time:12.851s step_avg:11.65ms
step:1104/3250 train_time:12.973s step_avg:11.75ms
step:1105/3250 train_time:13.096s step_avg:11.85ms
step:1106/3250 train_time:13.218s step_avg:11.95ms
step:1107/3250 train_time:13.341s step_avg:12.05ms
step:1108/3250 train_time:13.463s step_avg:12.15ms
step:1109/3250 train_time:13.586s step_avg:12.25ms
step:1110/3250 train_time:13.708s step_avg:12.35ms
step:1111/3250 train_time:13.831s step_avg:12.45ms
step:1112/3250 train_time:13.953s step_avg:12.55ms
step:1113/3250 train_time:14.076s step_avg:12.65ms
step:1114/3250 train_time:14.198s step_avg:12.75ms
step:1115/3250 train_time:14.321s step_avg:12.84ms
step:1116/3250 train_time:14.443s step_avg:12.94ms
step:1117/3250 train_time:14.565s step_avg:13.04ms
step:1118/3250 train_time:14.688s step_avg:13.14ms
step:1119/3250 train_time:14.810s step_avg:13.24ms
step:1120/3250 train_time:14.933s step_avg:13.33ms
step:1121/3250 train_time:15.055s step_avg:13.43ms
step:1122/3250 train_time:15.178s step_avg:13.53ms
step:1123/3250 train_time:15.300s step_avg:13.62ms
step:1124/3250 train_time:15.423s step_avg:13.72ms
step:1125/3250 train_time:15.545s step_avg:13.82ms
step:1125/3250 val_loss:3.80102 train_time:15.550s step_avg:13.82ms
step:1126/3250 train_time:15.668s step_avg:13.91ms
step:1127/3250 train_time:15.790s step_avg:14.01ms
step:1128/3250 train_time:15.913s step_avg:14.11ms
step:1129/3250 train_time:16.035s step_avg:14.20ms
step:1130/3250 train_time:16.158s step_avg:14.30ms
step:1131/3250 train_time:16.281s step_avg:14.39ms
step:1132/3250 train_time:16.403s step_avg:14.49ms
step:1133/3250 train_time:16.527s step_avg:14.59ms
step:1134/3250 train_time:16.648s step_avg:14.68ms
step:1135/3250 train_time:16.771s step_avg:14.78ms
step:1136/3250 train_time:16.893s step_avg:14.87ms
step:1137/3250 train_time:17.015s step_avg:14.97ms
step:1138/3250 train_time:17.138s step_avg:15.06ms
step:1139/3250 train_time:17.260s step_avg:15.15ms
step:1140/3250 train_time:17.383s step_avg:15.25ms
step:1141/3250 train_time:17.505s step_avg:15.34ms
step:1142/3250 train_time:17.628s step_avg:15.44ms
step:1143/3250 train_time:17.750s step_avg:15.53ms
step:1144/3250 train_time:17.873s step_avg:15.62ms
step:1145/3250 train_time:17.995s step_avg:15.72ms
step:1146/3250 train_time:18.118s step_avg:15.81ms
step:1147/3250 train_time:18.240s step_avg:15.90ms
step:1148/3250 train_time:18.363s step_avg:16.00ms
step:1149/3250 train_time:18.485s step_avg:16.09ms
step:1150/3250 train_time:18.607s step_avg:16.18ms
step:1151/3250 train_time:18.730s step_avg:16.27ms
