W0903 00:18:18.589000 40888 torch/distributed/run.py:852] 
W0903 00:18:18.589000 40888 torch/distributed/run.py:852] *****************************************
W0903 00:18:18.589000 40888 torch/distributed/run.py:852] Setting OMP_NUM_THREADS environment variable for each process to be 1 in default, to avoid your system being overloaded, please further tune the variable for optimal performance in your application as needed. 
W0903 00:18:18.589000 40888 torch/distributed/run.py:852] *****************************************
logs/3cbcd05c-a099-4a4d-ab81-699619f5b6d6.txt
resumed training state from step 1000 in eos_shared_state, skipped 2000 batches
step:0/3250 val_loss:3.65171 train_time:0.001s step_avg:nanms
step:1001/3250 train_time:0.456s step_avg:0.46ms
step:1002/3250 train_time:0.687s step_avg:0.69ms
step:1003/3250 train_time:0.919s step_avg:0.92ms
step:1004/3250 train_time:1.150s step_avg:1.15ms
step:1005/3250 train_time:1.381s step_avg:1.37ms
step:1006/3250 train_time:1.612s step_avg:1.60ms
step:1007/3250 train_time:1.842s step_avg:1.83ms
step:1008/3250 train_time:2.072s step_avg:2.06ms
step:1009/3250 train_time:2.303s step_avg:2.28ms
step:1010/3250 train_time:2.533s step_avg:2.51ms
step:1011/3250 train_time:2.765s step_avg:2.73ms
step:1012/3250 train_time:2.998s step_avg:2.96ms
step:1013/3250 train_time:3.231s step_avg:3.19ms
step:1014/3250 train_time:3.463s step_avg:3.41ms
step:1015/3250 train_time:3.694s step_avg:3.64ms
step:1016/3250 train_time:3.925s step_avg:3.86ms
step:1017/3250 train_time:4.156s step_avg:4.09ms
step:1018/3250 train_time:4.387s step_avg:4.31ms
step:1019/3250 train_time:4.618s step_avg:4.53ms
step:1020/3250 train_time:4.850s step_avg:4.75ms
step:1021/3250 train_time:5.079s step_avg:4.97ms
step:1022/3250 train_time:5.309s step_avg:5.20ms
step:1023/3250 train_time:5.540s step_avg:5.42ms
step:1024/3250 train_time:5.771s step_avg:5.64ms
step:1025/3250 train_time:6.002s step_avg:5.86ms
step:1026/3250 train_time:6.232s step_avg:6.07ms
step:1027/3250 train_time:6.463s step_avg:6.29ms
step:1028/3250 train_time:6.694s step_avg:6.51ms
step:1029/3250 train_time:6.929s step_avg:6.73ms
step:1030/3250 train_time:7.161s step_avg:6.95ms
step:1031/3250 train_time:7.390s step_avg:7.17ms
step:1032/3250 train_time:7.620s step_avg:7.38ms
step:1033/3250 train_time:7.852s step_avg:7.60ms
step:1034/3250 train_time:8.084s step_avg:7.82ms
step:1035/3250 train_time:8.314s step_avg:8.03ms
step:1036/3250 train_time:8.545s step_avg:8.25ms
step:1037/3250 train_time:8.776s step_avg:8.46ms
step:1038/3250 train_time:9.006s step_avg:8.68ms
step:1039/3250 train_time:9.236s step_avg:8.89ms
step:1040/3250 train_time:9.468s step_avg:9.10ms
step:1041/3250 train_time:9.699s step_avg:9.32ms
step:1042/3250 train_time:9.929s step_avg:9.53ms
step:1043/3250 train_time:10.160s step_avg:9.74ms
step:1044/3250 train_time:10.392s step_avg:9.95ms
step:1045/3250 train_time:10.626s step_avg:10.17ms
step:1046/3250 train_time:10.857s step_avg:10.38ms
step:1047/3250 train_time:11.088s step_avg:10.59ms
step:1048/3250 train_time:11.319s step_avg:10.80ms
step:1049/3250 train_time:11.550s step_avg:11.01ms
step:1050/3250 train_time:11.781s step_avg:11.22ms
step:1051/3250 train_time:12.013s step_avg:11.43ms
step:1052/3250 train_time:12.244s step_avg:11.64ms
step:1053/3250 train_time:12.475s step_avg:11.85ms
step:1054/3250 train_time:12.706s step_avg:12.05ms
step:1055/3250 train_time:12.937s step_avg:12.26ms
step:1056/3250 train_time:13.167s step_avg:12.47ms
step:1057/3250 train_time:13.399s step_avg:12.68ms
step:1058/3250 train_time:13.631s step_avg:12.88ms
step:1059/3250 train_time:13.861s step_avg:13.09ms
step:1060/3250 train_time:14.092s step_avg:13.29ms
step:1061/3250 train_time:14.324s step_avg:13.50ms
step:1062/3250 train_time:14.555s step_avg:13.71ms
step:1063/3250 train_time:14.785s step_avg:13.91ms
step:1064/3250 train_time:15.018s step_avg:14.11ms
step:1065/3250 train_time:15.248s step_avg:14.32ms
step:1066/3250 train_time:15.478s step_avg:14.52ms
step:1067/3250 train_time:15.710s step_avg:14.72ms
step:1068/3250 train_time:15.941s step_avg:14.93ms
step:1069/3250 train_time:16.173s step_avg:15.13ms
step:1070/3250 train_time:16.404s step_avg:15.33ms
step:1071/3250 train_time:16.636s step_avg:15.53ms
step:1072/3250 train_time:16.867s step_avg:15.73ms
step:1073/3250 train_time:17.097s step_avg:15.93ms
step:1074/3250 train_time:17.328s step_avg:16.13ms
step:1075/3250 train_time:17.560s step_avg:16.33ms
step:1076/3250 train_time:17.791s step_avg:16.53ms
step:1077/3250 train_time:18.023s step_avg:16.73ms
step:1078/3250 train_time:18.254s step_avg:16.93ms
step:1079/3250 train_time:18.484s step_avg:17.13ms
step:1080/3250 train_time:18.716s step_avg:17.33ms
step:1081/3250 train_time:18.948s step_avg:17.53ms
step:1082/3250 train_time:19.179s step_avg:17.73ms
step:1083/3250 train_time:19.409s step_avg:17.92ms
step:1084/3250 train_time:19.641s step_avg:18.12ms
step:1085/3250 train_time:19.872s step_avg:18.32ms
step:1086/3250 train_time:20.103s step_avg:18.51ms
step:1087/3250 train_time:20.336s step_avg:18.71ms
step:1088/3250 train_time:20.567s step_avg:18.90ms
step:1089/3250 train_time:20.798s step_avg:19.10ms
step:1090/3250 train_time:21.029s step_avg:19.29ms
step:1091/3250 train_time:21.260s step_avg:19.49ms
step:1092/3250 train_time:21.490s step_avg:19.68ms
step:1093/3250 train_time:21.720s step_avg:19.87ms
step:1094/3250 train_time:21.951s step_avg:20.07ms
step:1095/3250 train_time:22.181s step_avg:20.26ms
step:1096/3250 train_time:22.411s step_avg:20.45ms
step:1097/3250 train_time:22.643s step_avg:20.64ms
step:1098/3250 train_time:22.873s step_avg:20.83ms
step:1099/3250 train_time:23.103s step_avg:21.02ms
step:1100/3250 train_time:23.334s step_avg:21.21ms
step:1101/3250 train_time:23.565s step_avg:21.40ms
step:1102/3250 train_time:23.796s step_avg:21.59ms
step:1103/3250 train_time:24.026s step_avg:21.78ms
step:1104/3250 train_time:24.258s step_avg:21.97ms
step:1105/3250 train_time:24.488s step_avg:22.16ms
step:1106/3250 train_time:24.719s step_avg:22.35ms
step:1107/3250 train_time:24.950s step_avg:22.54ms
step:1108/3250 train_time:25.181s step_avg:22.73ms
step:1109/3250 train_time:25.413s step_avg:22.91ms
step:1110/3250 train_time:25.643s step_avg:23.10ms
step:1111/3250 train_time:25.874s step_avg:23.29ms
step:1112/3250 train_time:26.105s step_avg:23.48ms
step:1113/3250 train_time:26.336s step_avg:23.66ms
step:1114/3250 train_time:26.567s step_avg:23.85ms
step:1115/3250 train_time:26.798s step_avg:24.03ms
step:1116/3250 train_time:27.028s step_avg:24.22ms
step:1117/3250 train_time:27.259s step_avg:24.40ms
step:1118/3250 train_time:27.490s step_avg:24.59ms
step:1119/3250 train_time:27.721s step_avg:24.77ms
step:1120/3250 train_time:27.951s step_avg:24.96ms
step:1121/3250 train_time:28.182s step_avg:25.14ms
step:1122/3250 train_time:28.412s step_avg:25.32ms
step:1123/3250 train_time:28.643s step_avg:25.51ms
step:1124/3250 train_time:28.877s step_avg:25.69ms
step:1125/3250 train_time:29.109s step_avg:25.87ms
step:1125/3250 val_loss:3.77019 train_time:29.109s step_avg:25.87ms
step:1126/3250 train_time:29.340s step_avg:26.06ms
step:1127/3250 train_time:29.570s step_avg:26.24ms
step:1128/3250 train_time:29.800s step_avg:26.42ms
step:1129/3250 train_time:30.031s step_avg:26.60ms
step:1130/3250 train_time:30.263s step_avg:26.78ms
step:1131/3250 train_time:30.494s step_avg:26.96ms
step:1132/3250 train_time:30.725s step_avg:27.14ms
step:1133/3250 train_time:30.957s step_avg:27.32ms
step:1134/3250 train_time:31.187s step_avg:27.50ms
step:1135/3250 train_time:31.417s step_avg:27.68ms
step:1136/3250 train_time:31.647s step_avg:27.86ms
step:1137/3250 train_time:31.880s step_avg:28.04ms
step:1138/3250 train_time:32.114s step_avg:28.22ms
step:1139/3250 train_time:32.344s step_avg:28.40ms
step:1140/3250 train_time:32.575s step_avg:28.57ms
step:1141/3250 train_time:32.810s step_avg:28.76ms
step:1142/3250 train_time:33.041s step_avg:28.93ms
step:1143/3250 train_time:33.273s step_avg:29.11ms
step:1144/3250 train_time:33.503s step_avg:29.29ms
step:1145/3250 train_time:33.733s step_avg:29.46ms
step:1146/3250 train_time:33.963s step_avg:29.64ms
step:1147/3250 train_time:34.193s step_avg:29.81ms
step:1148/3250 train_time:34.424s step_avg:29.99ms
step:1149/3250 train_time:34.655s step_avg:30.16ms
step:1150/3250 train_time:34.887s step_avg:30.34ms
step:1151/3250 train_time:35.117s step_avg:30.51ms
