W0902 23:38:31.683000 38450 torch/distributed/run.py:852] 
W0902 23:38:31.683000 38450 torch/distributed/run.py:852] *****************************************
W0902 23:38:31.683000 38450 torch/distributed/run.py:852] Setting OMP_NUM_THREADS environment variable for each process to be 1 in default, to avoid your system being overloaded, please further tune the variable for optimal performance in your application as needed. 
W0902 23:38:31.683000 38450 torch/distributed/run.py:852] *****************************************
logs/092ecc2b-bb8d-41fa-9cb8-b6337b7a5671.txt
resumed training state from step 1000 in eos_shared_state, skipped 4000 batches
step:0/3250 val_loss:3.65171 train_time:0.001s step_avg:nanms
step:1001/3250 train_time:0.368s step_avg:0.37ms
step:1002/3250 train_time:0.501s step_avg:0.50ms
step:1003/3250 train_time:0.633s step_avg:0.63ms
step:1004/3250 train_time:0.764s step_avg:0.76ms
step:1005/3250 train_time:0.895s step_avg:0.89ms
step:1006/3250 train_time:1.027s step_avg:1.02ms
step:1007/3250 train_time:1.160s step_avg:1.15ms
step:1008/3250 train_time:1.293s step_avg:1.28ms
step:1009/3250 train_time:1.427s step_avg:1.41ms
step:1010/3250 train_time:1.559s step_avg:1.54ms
step:1011/3250 train_time:1.693s step_avg:1.67ms
step:1012/3250 train_time:1.830s step_avg:1.81ms
step:1013/3250 train_time:1.961s step_avg:1.94ms
step:1014/3250 train_time:2.093s step_avg:2.06ms
step:1015/3250 train_time:2.228s step_avg:2.19ms
step:1016/3250 train_time:2.361s step_avg:2.32ms
step:1017/3250 train_time:2.500s step_avg:2.46ms
step:1018/3250 train_time:2.635s step_avg:2.59ms
step:1019/3250 train_time:2.767s step_avg:2.72ms
step:1020/3250 train_time:2.899s step_avg:2.84ms
step:1021/3250 train_time:3.032s step_avg:2.97ms
step:1022/3250 train_time:3.164s step_avg:3.10ms
step:1023/3250 train_time:3.297s step_avg:3.22ms
step:1024/3250 train_time:3.429s step_avg:3.35ms
step:1025/3250 train_time:3.561s step_avg:3.47ms
step:1026/3250 train_time:3.695s step_avg:3.60ms
step:1027/3250 train_time:3.828s step_avg:3.73ms
step:1028/3250 train_time:3.962s step_avg:3.85ms
step:1029/3250 train_time:4.094s step_avg:3.98ms
step:1030/3250 train_time:4.228s step_avg:4.10ms
step:1031/3250 train_time:4.362s step_avg:4.23ms
step:1032/3250 train_time:4.498s step_avg:4.36ms
step:1033/3250 train_time:4.635s step_avg:4.49ms
step:1034/3250 train_time:4.768s step_avg:4.61ms
step:1035/3250 train_time:4.901s step_avg:4.74ms
step:1036/3250 train_time:5.033s step_avg:4.86ms
step:1037/3250 train_time:5.169s step_avg:4.98ms
step:1038/3250 train_time:5.301s step_avg:5.11ms
step:1039/3250 train_time:5.432s step_avg:5.23ms
step:1040/3250 train_time:5.568s step_avg:5.35ms
step:1041/3250 train_time:5.699s step_avg:5.47ms
step:1042/3250 train_time:5.831s step_avg:5.60ms
step:1043/3250 train_time:5.964s step_avg:5.72ms
step:1044/3250 train_time:6.097s step_avg:5.84ms
step:1045/3250 train_time:6.230s step_avg:5.96ms
step:1046/3250 train_time:6.364s step_avg:6.08ms
step:1047/3250 train_time:6.496s step_avg:6.20ms
step:1048/3250 train_time:6.630s step_avg:6.33ms
step:1049/3250 train_time:6.764s step_avg:6.45ms
step:1050/3250 train_time:6.896s step_avg:6.57ms
step:1051/3250 train_time:7.030s step_avg:6.69ms
step:1052/3250 train_time:7.162s step_avg:6.81ms
step:1053/3250 train_time:7.296s step_avg:6.93ms
step:1054/3250 train_time:7.429s step_avg:7.05ms
step:1055/3250 train_time:7.562s step_avg:7.17ms
step:1056/3250 train_time:7.697s step_avg:7.29ms
step:1057/3250 train_time:7.831s step_avg:7.41ms
step:1058/3250 train_time:7.964s step_avg:7.53ms
step:1059/3250 train_time:8.098s step_avg:7.65ms
step:1060/3250 train_time:8.231s step_avg:7.76ms
step:1061/3250 train_time:8.363s step_avg:7.88ms
step:1062/3250 train_time:8.497s step_avg:8.00ms
step:1063/3250 train_time:8.631s step_avg:8.12ms
step:1064/3250 train_time:8.763s step_avg:8.24ms
step:1065/3250 train_time:8.901s step_avg:8.36ms
step:1066/3250 train_time:9.035s step_avg:8.48ms
step:1067/3250 train_time:9.167s step_avg:8.59ms
step:1068/3250 train_time:9.299s step_avg:8.71ms
step:1069/3250 train_time:9.432s step_avg:8.82ms
step:1070/3250 train_time:9.565s step_avg:8.94ms
step:1071/3250 train_time:9.696s step_avg:9.05ms
step:1072/3250 train_time:9.828s step_avg:9.17ms
step:1073/3250 train_time:9.960s step_avg:9.28ms
step:1074/3250 train_time:10.091s step_avg:9.40ms
step:1075/3250 train_time:10.225s step_avg:9.51ms
step:1076/3250 train_time:10.356s step_avg:9.62ms
step:1077/3250 train_time:10.489s step_avg:9.74ms
step:1078/3250 train_time:10.622s step_avg:9.85ms
step:1079/3250 train_time:10.754s step_avg:9.97ms
step:1080/3250 train_time:10.886s step_avg:10.08ms
step:1081/3250 train_time:11.018s step_avg:10.19ms
step:1082/3250 train_time:11.151s step_avg:10.31ms
step:1083/3250 train_time:11.284s step_avg:10.42ms
step:1084/3250 train_time:11.415s step_avg:10.53ms
step:1085/3250 train_time:11.548s step_avg:10.64ms
step:1086/3250 train_time:11.681s step_avg:10.76ms
step:1087/3250 train_time:11.814s step_avg:10.87ms
step:1088/3250 train_time:11.947s step_avg:10.98ms
step:1089/3250 train_time:12.079s step_avg:11.09ms
step:1090/3250 train_time:12.211s step_avg:11.20ms
step:1091/3250 train_time:12.345s step_avg:11.31ms
step:1092/3250 train_time:12.478s step_avg:11.43ms
step:1093/3250 train_time:12.610s step_avg:11.54ms
step:1094/3250 train_time:12.743s step_avg:11.65ms
step:1095/3250 train_time:12.876s step_avg:11.76ms
step:1096/3250 train_time:13.009s step_avg:11.87ms
step:1097/3250 train_time:13.141s step_avg:11.98ms
step:1098/3250 train_time:13.273s step_avg:12.09ms
step:1099/3250 train_time:13.405s step_avg:12.20ms
step:1100/3250 train_time:13.536s step_avg:12.31ms
step:1101/3250 train_time:13.670s step_avg:12.42ms
step:1102/3250 train_time:13.801s step_avg:12.52ms
step:1103/3250 train_time:13.935s step_avg:12.63ms
step:1104/3250 train_time:14.067s step_avg:12.74ms
step:1105/3250 train_time:14.200s step_avg:12.85ms
step:1106/3250 train_time:14.332s step_avg:12.96ms
step:1107/3250 train_time:14.466s step_avg:13.07ms
step:1108/3250 train_time:14.598s step_avg:13.18ms
step:1109/3250 train_time:14.731s step_avg:13.28ms
step:1110/3250 train_time:14.863s step_avg:13.39ms
step:1111/3250 train_time:14.998s step_avg:13.50ms
step:1112/3250 train_time:15.129s step_avg:13.61ms
step:1113/3250 train_time:15.262s step_avg:13.71ms
step:1114/3250 train_time:15.396s step_avg:13.82ms
step:1115/3250 train_time:15.527s step_avg:13.93ms
step:1116/3250 train_time:15.659s step_avg:14.03ms
step:1117/3250 train_time:15.792s step_avg:14.14ms
step:1118/3250 train_time:15.924s step_avg:14.24ms
step:1119/3250 train_time:16.056s step_avg:14.35ms
step:1120/3250 train_time:16.190s step_avg:14.46ms
step:1121/3250 train_time:16.321s step_avg:14.56ms
step:1122/3250 train_time:16.453s step_avg:14.66ms
step:1123/3250 train_time:16.585s step_avg:14.77ms
step:1124/3250 train_time:16.718s step_avg:14.87ms
step:1125/3250 train_time:16.850s step_avg:14.98ms
step:1125/3250 val_loss:3.93419 train_time:16.851s step_avg:14.98ms
step:1126/3250 train_time:16.983s step_avg:15.08ms
step:1127/3250 train_time:17.116s step_avg:15.19ms
step:1128/3250 train_time:17.249s step_avg:15.29ms
step:1129/3250 train_time:17.382s step_avg:15.40ms
step:1130/3250 train_time:17.514s step_avg:15.50ms
step:1131/3250 train_time:17.646s step_avg:15.60ms
step:1132/3250 train_time:17.780s step_avg:15.71ms
step:1133/3250 train_time:17.913s step_avg:15.81ms
step:1134/3250 train_time:18.046s step_avg:15.91ms
step:1135/3250 train_time:18.178s step_avg:16.02ms
step:1136/3250 train_time:18.311s step_avg:16.12ms
step:1137/3250 train_time:18.444s step_avg:16.22ms
step:1138/3250 train_time:18.576s step_avg:16.32ms
step:1139/3250 train_time:18.708s step_avg:16.42ms
step:1140/3250 train_time:18.840s step_avg:16.53ms
step:1141/3250 train_time:18.971s step_avg:16.63ms
step:1142/3250 train_time:19.105s step_avg:16.73ms
step:1143/3250 train_time:19.237s step_avg:16.83ms
step:1144/3250 train_time:19.369s step_avg:16.93ms
step:1145/3250 train_time:19.502s step_avg:17.03ms
step:1146/3250 train_time:19.634s step_avg:17.13ms
step:1147/3250 train_time:19.766s step_avg:17.23ms
step:1148/3250 train_time:19.898s step_avg:17.33ms
step:1149/3250 train_time:20.032s step_avg:17.43ms
step:1150/3250 train_time:20.165s step_avg:17.53ms
step:1151/3250 train_time:20.298s step_avg:17.63ms
