=== eos_f1500_s077 : run.py configs/req019/eos_f1500_s077.yaml ===
W0830 11:53:49.562000 8237 torch/distributed/run.py:852] 
W0830 11:53:49.562000 8237 torch/distributed/run.py:852] *****************************************
W0830 11:53:49.562000 8237 torch/distributed/run.py:852] Setting OMP_NUM_THREADS environment variable for each process to be 1 in default, to avoid your system being overloaded, please further tune the variable for optimal performance in your application as needed. 
W0830 11:53:49.562000 8237 torch/distributed/run.py:852] *****************************************
logs/db973c53-7c4a-4f5a-a4f2-b51a43491a58.txt
resumed training state from step 1500 in eos_shared_state, skipped 1500 batches
step:0/3250 val_loss:3.52212 train_time:0.001s step_avg:nanms
learning_rates step:1500 [{'pattern': '^embed\\.weight$', 'lr': [0.5389999999999999]}, {'pattern': '^proj\\.weight$', 'lr': [0.0030800000000000003]}, {'pattern': '^blocks\\..*\\.weight$', 'lr': [0.019250000000000003]}, {'pattern': '.*', 'lr': [0.01155]}]
step:1501/3250 train_time:3.128s step_avg:2.08ms
learning_rates step:1501 [{'pattern': '^embed\\.weight$', 'lr': [0.5389999999999999]}, {'pattern': '^proj\\.weight$', 'lr': [0.0030800000000000003]}, {'pattern': '^blocks\\..*\\.weight$', 'lr': [0.019250000000000003]}, {'pattern': '.*', 'lr': [0.01155]}]
step:1502/3250 train_time:3.266s step_avg:2.17ms
step:1503/3250 train_time:3.418s step_avg:2.27ms
step:1504/3250 train_time:3.570s step_avg:2.37ms
step:1505/3250 train_time:3.722s step_avg:2.47ms
step:1506/3250 train_time:3.875s step_avg:2.57ms
step:1507/3250 train_time:4.029s step_avg:2.67ms
step:1508/3250 train_time:4.183s step_avg:2.77ms
step:1509/3250 train_time:4.336s step_avg:2.87ms
step:1510/3250 train_time:4.490s step_avg:2.97ms
step:1511/3250 train_time:4.642s step_avg:3.07ms
step:1512/3250 train_time:4.794s step_avg:3.17ms
step:1513/3250 train_time:4.949s step_avg:3.27ms
step:1514/3250 train_time:5.102s step_avg:3.37ms
step:1515/3250 train_time:5.256s step_avg:3.47ms
step:1516/3250 train_time:5.411s step_avg:3.57ms
step:1517/3250 train_time:5.566s step_avg:3.67ms
step:1518/3250 train_time:5.719s step_avg:3.77ms
step:1519/3250 train_time:5.873s step_avg:3.87ms
step:1520/3250 train_time:6.026s step_avg:3.96ms
step:1521/3250 train_time:6.214s step_avg:4.09ms
step:1522/3250 train_time:6.367s step_avg:4.18ms
step:1523/3250 train_time:6.520s step_avg:4.28ms
step:1524/3250 train_time:6.673s step_avg:4.38ms
step:1525/3250 train_time:6.825s step_avg:4.48ms
step:1526/3250 train_time:6.979s step_avg:4.57ms
step:1527/3250 train_time:7.133s step_avg:4.67ms
step:1528/3250 train_time:7.286s step_avg:4.77ms
step:1529/3250 train_time:7.441s step_avg:4.87ms
step:1530/3250 train_time:7.594s step_avg:4.96ms
step:1531/3250 train_time:7.748s step_avg:5.06ms
step:1532/3250 train_time:7.902s step_avg:5.16ms
step:1533/3250 train_time:8.057s step_avg:5.26ms
step:1534/3250 train_time:8.211s step_avg:5.35ms
step:1535/3250 train_time:8.365s step_avg:5.45ms
step:1536/3250 train_time:8.518s step_avg:5.55ms
step:1537/3250 train_time:8.671s step_avg:5.64ms
step:1538/3250 train_time:8.823s step_avg:5.74ms
step:1539/3250 train_time:8.978s step_avg:5.83ms
step:1540/3250 train_time:9.133s step_avg:5.93ms
step:1541/3250 train_time:9.288s step_avg:6.03ms
step:1542/3250 train_time:9.440s step_avg:6.12ms
step:1543/3250 train_time:9.594s step_avg:6.22ms
step:1544/3250 train_time:9.749s step_avg:6.31ms
step:1545/3250 train_time:9.904s step_avg:6.41ms
step:1546/3250 train_time:10.059s step_avg:6.51ms
step:1547/3250 train_time:10.213s step_avg:6.60ms
step:1548/3250 train_time:10.367s step_avg:6.70ms
step:1549/3250 train_time:10.520s step_avg:6.79ms
step:1550/3250 train_time:10.673s step_avg:6.89ms
step:1551/3250 train_time:10.827s step_avg:6.98ms
step:1552/3250 train_time:10.981s step_avg:7.08ms
step:1553/3250 train_time:11.135s step_avg:7.17ms
step:1554/3250 train_time:11.289s step_avg:7.26ms
step:1555/3250 train_time:11.443s step_avg:7.36ms
step:1556/3250 train_time:11.596s step_avg:7.45ms
step:1557/3250 train_time:11.749s step_avg:7.55ms
step:1558/3250 train_time:11.901s step_avg:7.64ms
step:1559/3250 train_time:12.054s step_avg:7.73ms
step:1560/3250 train_time:12.211s step_avg:7.83ms
step:1561/3250 train_time:12.365s step_avg:7.92ms
step:1562/3250 train_time:12.518s step_avg:8.01ms
step:1563/3250 train_time:12.671s step_avg:8.11ms
step:1564/3250 train_time:12.825s step_avg:8.20ms
step:1565/3250 train_time:12.979s step_avg:8.29ms
step:1566/3250 train_time:13.132s step_avg:8.39ms
step:1567/3250 train_time:13.288s step_avg:8.48ms
step:1568/3250 train_time:13.442s step_avg:8.57ms
step:1569/3250 train_time:13.596s step_avg:8.67ms
step:1570/3250 train_time:13.749s step_avg:8.76ms
step:1571/3250 train_time:13.903s step_avg:8.85ms
step:1572/3250 train_time:14.057s step_avg:8.94ms
step:1573/3250 train_time:14.211s step_avg:9.03ms
step:1574/3250 train_time:14.366s step_avg:9.13ms
step:1575/3250 train_time:14.519s step_avg:9.22ms
step:1576/3250 train_time:14.673s step_avg:9.31ms
step:1577/3250 train_time:14.828s step_avg:9.40ms
step:1578/3250 train_time:14.981s step_avg:9.49ms
step:1579/3250 train_time:15.135s step_avg:9.59ms
step:1580/3250 train_time:15.290s step_avg:9.68ms
step:1581/3250 train_time:15.443s step_avg:9.77ms
step:1582/3250 train_time:15.597s step_avg:9.86ms
step:1583/3250 train_time:15.750s step_avg:9.95ms
step:1584/3250 train_time:15.906s step_avg:10.04ms
step:1585/3250 train_time:16.061s step_avg:10.13ms
step:1586/3250 train_time:16.214s step_avg:10.22ms
step:1587/3250 train_time:16.369s step_avg:10.31ms
step:1588/3250 train_time:16.522s step_avg:10.40ms
step:1589/3250 train_time:16.676s step_avg:10.49ms
step:1590/3250 train_time:16.830s step_avg:10.59ms
step:1591/3250 train_time:16.984s step_avg:10.68ms
step:1592/3250 train_time:17.139s step_avg:10.77ms
step:1593/3250 train_time:17.293s step_avg:10.86ms
step:1594/3250 train_time:17.448s step_avg:10.95ms
step:1595/3250 train_time:17.601s step_avg:11.04ms
step:1596/3250 train_time:17.754s step_avg:11.12ms
step:1597/3250 train_time:17.909s step_avg:11.21ms
step:1598/3250 train_time:18.063s step_avg:11.30ms
step:1599/3250 train_time:18.217s step_avg:11.39ms
step:1600/3250 train_time:18.371s step_avg:11.48ms
step:1601/3250 train_time:18.524s step_avg:11.57ms
step:1602/3250 train_time:18.679s step_avg:11.66ms
step:1603/3250 train_time:18.833s step_avg:11.75ms
step:1604/3250 train_time:18.990s step_avg:11.84ms
step:1605/3250 train_time:19.143s step_avg:11.93ms
step:1606/3250 train_time:19.297s step_avg:12.02ms
step:1607/3250 train_time:19.451s step_avg:12.10ms
step:1608/3250 train_time:19.604s step_avg:12.19ms
step:1609/3250 train_time:19.759s step_avg:12.28ms
step:1610/3250 train_time:19.915s step_avg:12.37ms
step:1611/3250 train_time:20.069s step_avg:12.46ms
step:1612/3250 train_time:20.222s step_avg:12.54ms
step:1613/3250 train_time:20.376s step_avg:12.63ms
step:1614/3250 train_time:20.530s step_avg:12.72ms
step:1615/3250 train_time:20.684s step_avg:12.81ms
step:1616/3250 train_time:20.839s step_avg:12.90ms
step:1617/3250 train_time:20.992s step_avg:12.98ms
step:1618/3250 train_time:21.145s step_avg:13.07ms
step:1619/3250 train_time:21.299s step_avg:13.16ms
step:1620/3250 train_time:21.453s step_avg:13.24ms
step:1621/3250 train_time:21.607s step_avg:13.33ms
step:1622/3250 train_time:21.762s step_avg:13.42ms
step:1623/3250 train_time:21.916s step_avg:13.50ms
step:1624/3250 train_time:22.071s step_avg:13.59ms
step:1625/3250 train_time:22.224s step_avg:13.68ms
step:1625/3250 val_loss:3.51064 train_time:22.236s step_avg:13.68ms
step:1626/3250 train_time:22.980s step_avg:14.13ms
step:1627/3250 train_time:23.119s step_avg:14.21ms
step:1628/3250 train_time:23.272s step_avg:14.29ms
step:1629/3250 train_time:23.424s step_avg:14.38ms
step:1630/3250 train_time:23.578s step_avg:14.46ms
step:1631/3250 train_time:23.730s step_avg:14.55ms
step:1632/3250 train_time:23.884s step_avg:14.63ms
step:1633/3250 train_time:24.041s step_avg:14.72ms
step:1634/3250 train_time:24.195s step_avg:14.81ms
step:1635/3250 train_time:24.348s step_avg:14.89ms
step:1636/3250 train_time:24.501s step_avg:14.98ms
step:1637/3250 train_time:24.655s step_avg:15.06ms
step:1638/3250 train_time:24.809s step_avg:15.15ms
step:1639/3250 train_time:24.963s step_avg:15.23ms
step:1640/3250 train_time:25.118s step_avg:15.32ms
step:1641/3250 train_time:25.270s step_avg:15.40ms
step:1642/3250 train_time:25.424s step_avg:15.48ms
step:1643/3250 train_time:25.578s step_avg:15.57ms
step:1644/3250 train_time:25.732s step_avg:15.65ms
step:1645/3250 train_time:25.884s step_avg:15.74ms
step:1646/3250 train_time:26.040s step_avg:15.82ms
step:1647/3250 train_time:26.194s step_avg:15.90ms
step:1648/3250 train_time:26.347s step_avg:15.99ms
step:1649/3250 train_time:26.502s step_avg:16.07ms
step:1650/3250 train_time:26.654s step_avg:16.15ms
step:1651/3250 train_time:26.809s step_avg:16.24ms
step:1652/3250 train_time:26.964s step_avg:16.32ms
step:1653/3250 train_time:27.119s step_avg:16.41ms
step:1654/3250 train_time:27.272s step_avg:16.49ms
step:1655/3250 train_time:27.425s step_avg:16.57ms
step:1656/3250 train_time:27.580s step_avg:16.65ms
step:1657/3250 train_time:27.734s step_avg:16.74ms
step:1658/3250 train_time:27.888s step_avg:16.82ms
step:1659/3250 train_time:28.043s step_avg:16.90ms
step:1660/3250 train_time:28.197s step_avg:16.99ms
step:1661/3250 train_time:28.350s step_avg:17.07ms
step:1662/3250 train_time:28.503s step_avg:17.15ms
step:1663/3250 train_time:28.657s step_avg:17.23ms
step:1664/3250 train_time:28.810s step_avg:17.31ms
step:1665/3250 train_time:28.965s step_avg:17.40ms
step:1666/3250 train_time:29.119s step_avg:17.48ms
step:1667/3250 train_time:29.272s step_avg:17.56ms
step:1668/3250 train_time:29.425s step_avg:17.64ms
step:1669/3250 train_time:29.579s step_avg:17.72ms
step:1670/3250 train_time:29.734s step_avg:17.80ms
step:1671/3250 train_time:29.888s step_avg:17.89ms
step:1672/3250 train_time:30.042s step_avg:17.97ms
step:1673/3250 train_time:30.197s step_avg:18.05ms
step:1674/3250 train_time:30.350s step_avg:18.13ms
step:1675/3250 train_time:30.504s step_avg:18.21ms
step:1676/3250 train_time:30.659s step_avg:18.29ms
step:1677/3250 train_time:30.814s step_avg:18.37ms
step:1678/3250 train_time:30.968s step_avg:18.46ms
step:1679/3250 train_time:31.124s step_avg:18.54ms
step:1680/3250 train_time:31.278s step_avg:18.62ms
step:1681/3250 train_time:31.431s step_avg:18.70ms
step:1682/3250 train_time:31.585s step_avg:18.78ms
step:1683/3250 train_time:31.741s step_avg:18.86ms
step:1684/3250 train_time:31.895s step_avg:18.94ms
step:1685/3250 train_time:32.048s step_avg:19.02ms
step:1686/3250 train_time:32.202s step_avg:19.10ms
step:1687/3250 train_time:32.355s step_avg:19.18ms
step:1688/3250 train_time:32.510s step_avg:19.26ms
step:1689/3250 train_time:32.665s step_avg:19.34ms
step:1690/3250 train_time:32.819s step_avg:19.42ms
step:1691/3250 train_time:32.973s step_avg:19.50ms
step:1692/3250 train_time:33.126s step_avg:19.58ms
step:1693/3250 train_time:33.280s step_avg:19.66ms
step:1694/3250 train_time:33.434s step_avg:19.74ms
step:1695/3250 train_time:33.589s step_avg:19.82ms
step:1696/3250 train_time:33.744s step_avg:19.90ms
step:1697/3250 train_time:33.898s step_avg:19.98ms
step:1698/3250 train_time:34.052s step_avg:20.05ms
step:1699/3250 train_time:34.206s step_avg:20.13ms
step:1700/3250 train_time:34.360s step_avg:20.21ms
step:1701/3250 train_time:34.514s step_avg:20.29ms
step:1702/3250 train_time:34.669s step_avg:20.37ms
step:1703/3250 train_time:34.823s step_avg:20.45ms
step:1704/3250 train_time:34.977s step_avg:20.53ms
step:1705/3250 train_time:35.130s step_avg:20.60ms
step:1706/3250 train_time:35.284s step_avg:20.68ms
step:1707/3250 train_time:35.440s step_avg:20.76ms
step:1708/3250 train_time:35.593s step_avg:20.84ms
step:1709/3250 train_time:35.746s step_avg:20.92ms
step:1710/3250 train_time:35.901s step_avg:20.99ms
step:1711/3250 train_time:36.094s step_avg:21.10ms
step:1712/3250 train_time:36.247s step_avg:21.17ms
step:1713/3250 train_time:36.400s step_avg:21.25ms
step:1714/3250 train_time:36.552s step_avg:21.33ms
step:1715/3250 train_time:36.707s step_avg:21.40ms
step:1716/3250 train_time:36.861s step_avg:21.48ms
step:1717/3250 train_time:37.015s step_avg:21.56ms
step:1718/3250 train_time:37.170s step_avg:21.64ms
step:1719/3250 train_time:37.323s step_avg:21.71ms
step:1720/3250 train_time:37.478s step_avg:21.79ms
step:1721/3250 train_time:37.632s step_avg:21.87ms
step:1722/3250 train_time:37.784s step_avg:21.94ms
step:1723/3250 train_time:37.939s step_avg:22.02ms
step:1724/3250 train_time:38.094s step_avg:22.10ms
step:1725/3250 train_time:38.247s step_avg:22.17ms
step:1726/3250 train_time:38.402s step_avg:22.25ms
step:1727/3250 train_time:38.555s step_avg:22.32ms
step:1728/3250 train_time:38.710s step_avg:22.40ms
step:1729/3250 train_time:38.864s step_avg:22.48ms
step:1730/3250 train_time:39.018s step_avg:22.55ms
step:1731/3250 train_time:39.172s step_avg:22.63ms
step:1732/3250 train_time:39.325s step_avg:22.71ms
step:1733/3250 train_time:39.478s step_avg:22.78ms
step:1734/3250 train_time:39.631s step_avg:22.85ms
step:1735/3250 train_time:39.785s step_avg:22.93ms
step:1736/3250 train_time:39.941s step_avg:23.01ms
step:1737/3250 train_time:40.096s step_avg:23.08ms
step:1738/3250 train_time:40.249s step_avg:23.16ms
step:1739/3250 train_time:40.403s step_avg:23.23ms
step:1740/3250 train_time:40.557s step_avg:23.31ms
step:1741/3250 train_time:40.711s step_avg:23.38ms
step:1742/3250 train_time:40.865s step_avg:23.46ms
step:1743/3250 train_time:41.021s step_avg:23.53ms
step:1744/3250 train_time:41.175s step_avg:23.61ms
step:1745/3250 train_time:41.329s step_avg:23.68ms
step:1746/3250 train_time:41.482s step_avg:23.76ms
step:1747/3250 train_time:41.637s step_avg:23.83ms
step:1748/3250 train_time:41.791s step_avg:23.91ms
step:1749/3250 train_time:41.944s step_avg:23.98ms
step:1750/3250 train_time:42.099s step_avg:24.06ms
step:1750/3250 val_loss:3.50317 train_time:42.111s step_avg:159.00ms
step:1751/3250 train_time:42.853s step_avg:24.47ms
step:1752/3250 train_time:42.992s step_avg:24.54ms
step:1753/3250 train_time:43.145s step_avg:24.61ms
step:1754/3250 train_time:43.297s step_avg:24.68ms
step:1755/3250 train_time:43.452s step_avg:24.76ms
step:1756/3250 train_time:43.606s step_avg:24.83ms
step:1757/3250 train_time:43.759s step_avg:24.91ms
step:1758/3250 train_time:43.913s step_avg:24.98ms
step:1759/3250 train_time:44.067s step_avg:25.05ms
step:1760/3250 train_time:44.221s step_avg:25.13ms
step:1761/3250 train_time:44.376s step_avg:25.20ms
step:1762/3250 train_time:44.530s step_avg:25.27ms
step:1763/3250 train_time:44.683s step_avg:25.35ms
step:1764/3250 train_time:44.837s step_avg:25.42ms
step:1765/3250 train_time:44.992s step_avg:25.49ms
step:1766/3250 train_time:45.145s step_avg:25.56ms
step:1767/3250 train_time:45.299s step_avg:25.64ms
step:1768/3250 train_time:45.453s step_avg:25.71ms
step:1769/3250 train_time:45.607s step_avg:25.78ms
step:1770/3250 train_time:45.760s step_avg:25.85ms
step:1771/3250 train_time:45.913s step_avg:25.93ms
step:1772/3250 train_time:46.067s step_avg:26.00ms
step:1773/3250 train_time:46.222s step_avg:26.07ms
step:1774/3250 train_time:46.376s step_avg:26.14ms
step:1775/3250 train_time:46.531s step_avg:26.21ms
step:1776/3250 train_time:46.683s step_avg:26.29ms
step:1777/3250 train_time:46.837s step_avg:26.36ms
step:1778/3250 train_time:46.991s step_avg:26.43ms
step:1779/3250 train_time:47.145s step_avg:26.50ms
step:1780/3250 train_time:47.300s step_avg:26.57ms
step:1781/3250 train_time:47.454s step_avg:26.64ms
step:1782/3250 train_time:47.608s step_avg:26.72ms
step:1783/3250 train_time:47.762s step_avg:26.79ms
step:1784/3250 train_time:47.915s step_avg:26.86ms
step:1785/3250 train_time:48.070s step_avg:26.93ms
step:1786/3250 train_time:48.223s step_avg:27.00ms
step:1787/3250 train_time:48.378s step_avg:27.07ms
step:1788/3250 train_time:48.532s step_avg:27.14ms
step:1789/3250 train_time:48.686s step_avg:27.21ms
step:1790/3250 train_time:48.840s step_avg:27.28ms
step:1791/3250 train_time:48.994s step_avg:27.36ms
step:1792/3250 train_time:49.148s step_avg:27.43ms
step:1793/3250 train_time:49.302s step_avg:27.50ms
step:1794/3250 train_time:49.456s step_avg:27.57ms
step:1795/3250 train_time:49.612s step_avg:27.64ms
step:1796/3250 train_time:49.765s step_avg:27.71ms
step:1797/3250 train_time:49.919s step_avg:27.78ms
step:1798/3250 train_time:50.073s step_avg:27.85ms
step:1799/3250 train_time:50.227s step_avg:27.92ms
step:1800/3250 train_time:50.381s step_avg:27.99ms
step:1801/3250 train_time:50.535s step_avg:28.06ms
step:1802/3250 train_time:50.690s step_avg:28.13ms
step:1803/3250 train_time:50.844s step_avg:28.20ms
step:1804/3250 train_time:50.999s step_avg:28.27ms
step:1805/3250 train_time:51.153s step_avg:28.34ms
step:1806/3250 train_time:51.307s step_avg:28.41ms
step:1807/3250 train_time:51.460s step_avg:28.48ms
step:1808/3250 train_time:51.615s step_avg:28.55ms
step:1809/3250 train_time:51.770s step_avg:28.62ms
step:1810/3250 train_time:51.923s step_avg:28.69ms
step:1811/3250 train_time:52.077s step_avg:28.76ms
step:1812/3250 train_time:52.232s step_avg:28.83ms
step:1813/3250 train_time:52.385s step_avg:28.89ms
step:1814/3250 train_time:52.539s step_avg:28.96ms
step:1815/3250 train_time:52.694s step_avg:29.03ms
step:1816/3250 train_time:52.847s step_avg:29.10ms
step:1817/3250 train_time:53.002s step_avg:29.17ms
step:1818/3250 train_time:53.156s step_avg:29.24ms
step:1819/3250 train_time:53.311s step_avg:29.31ms
step:1820/3250 train_time:53.465s step_avg:29.38ms
step:1821/3250 train_time:53.619s step_avg:29.44ms
step:1822/3250 train_time:53.773s step_avg:29.51ms
step:1823/3250 train_time:53.926s step_avg:29.58ms
step:1824/3250 train_time:54.081s step_avg:29.65ms
step:1825/3250 train_time:54.234s step_avg:29.72ms
step:1826/3250 train_time:54.387s step_avg:29.78ms
step:1827/3250 train_time:54.542s step_avg:29.85ms
step:1828/3250 train_time:54.696s step_avg:29.92ms
step:1829/3250 train_time:54.851s step_avg:29.99ms
step:1830/3250 train_time:55.005s step_avg:30.06ms
step:1831/3250 train_time:55.159s step_avg:30.13ms
step:1832/3250 train_time:55.313s step_avg:30.19ms
step:1833/3250 train_time:55.466s step_avg:30.26ms
step:1834/3250 train_time:55.621s step_avg:30.33ms
step:1835/3250 train_time:55.775s step_avg:30.39ms
step:1836/3250 train_time:55.929s step_avg:30.46ms
step:1837/3250 train_time:56.082s step_avg:30.53ms
step:1838/3250 train_time:56.235s step_avg:30.60ms
step:1839/3250 train_time:56.390s step_avg:30.66ms
step:1840/3250 train_time:56.543s step_avg:30.73ms
step:1841/3250 train_time:56.696s step_avg:30.80ms
step:1842/3250 train_time:56.852s step_avg:30.86ms
step:1843/3250 train_time:57.006s step_avg:30.93ms
step:1844/3250 train_time:57.159s step_avg:31.00ms
step:1845/3250 train_time:57.313s step_avg:31.06ms
step:1846/3250 train_time:57.468s step_avg:31.13ms
step:1847/3250 train_time:57.622s step_avg:31.20ms
step:1848/3250 train_time:57.777s step_avg:31.26ms
step:1849/3250 train_time:57.931s step_avg:31.33ms
step:1850/3250 train_time:58.084s step_avg:31.40ms
step:1851/3250 train_time:58.237s step_avg:31.46ms
step:1852/3250 train_time:58.391s step_avg:31.53ms
step:1853/3250 train_time:58.544s step_avg:31.59ms
step:1854/3250 train_time:58.697s step_avg:31.66ms
step:1855/3250 train_time:58.853s step_avg:31.73ms
step:1856/3250 train_time:59.007s step_avg:31.79ms
step:1857/3250 train_time:59.161s step_avg:31.86ms
step:1858/3250 train_time:59.315s step_avg:31.92ms
step:1859/3250 train_time:59.470s step_avg:31.99ms
step:1860/3250 train_time:59.624s step_avg:32.06ms
step:1861/3250 train_time:59.778s step_avg:32.12ms
step:1862/3250 train_time:59.933s step_avg:32.19ms
step:1863/3250 train_time:60.085s step_avg:32.25ms
step:1864/3250 train_time:60.241s step_avg:32.32ms
step:1865/3250 train_time:60.394s step_avg:32.38ms
step:1866/3250 train_time:60.548s step_avg:32.45ms
step:1867/3250 train_time:60.702s step_avg:32.51ms
step:1868/3250 train_time:60.856s step_avg:32.58ms
step:1869/3250 train_time:61.011s step_avg:32.64ms
step:1870/3250 train_time:61.165s step_avg:32.71ms
step:1871/3250 train_time:61.320s step_avg:32.77ms
step:1872/3250 train_time:61.474s step_avg:32.84ms
step:1873/3250 train_time:61.627s step_avg:32.90ms
step:1874/3250 train_time:61.780s step_avg:32.97ms
step:1875/3250 train_time:61.935s step_avg:33.03ms
step:1875/3250 val_loss:3.49470 train_time:61.947s step_avg:158.68ms
step:1876/3250 train_time:62.762s step_avg:33.46ms
step:1877/3250 train_time:62.901s step_avg:33.51ms
step:1878/3250 train_time:63.054s step_avg:33.58ms
step:1879/3250 train_time:63.208s step_avg:33.64ms
step:1880/3250 train_time:63.362s step_avg:33.70ms
step:1881/3250 train_time:63.514s step_avg:33.77ms
step:1882/3250 train_time:63.668s step_avg:33.83ms
step:1883/3250 train_time:63.822s step_avg:33.89ms
step:1884/3250 train_time:63.976s step_avg:33.96ms
step:1885/3250 train_time:64.128s step_avg:34.02ms
step:1886/3250 train_time:64.284s step_avg:34.08ms
step:1887/3250 train_time:64.437s step_avg:34.15ms
step:1888/3250 train_time:64.591s step_avg:34.21ms
step:1889/3250 train_time:64.745s step_avg:34.27ms
step:1890/3250 train_time:64.898s step_avg:34.34ms
step:1891/3250 train_time:65.053s step_avg:34.40ms
step:1892/3250 train_time:65.208s step_avg:34.46ms
step:1893/3250 train_time:65.362s step_avg:34.53ms
step:1894/3250 train_time:65.515s step_avg:34.59ms
step:1895/3250 train_time:65.668s step_avg:34.65ms
step:1896/3250 train_time:65.821s step_avg:34.72ms
step:1897/3250 train_time:65.975s step_avg:34.78ms
step:1898/3250 train_time:66.129s step_avg:34.84ms
step:1899/3250 train_time:66.284s step_avg:34.90ms
step:1900/3250 train_time:66.438s step_avg:34.97ms
step:1901/3250 train_time:66.627s step_avg:35.05ms
step:1902/3250 train_time:66.782s step_avg:35.11ms
step:1903/3250 train_time:66.935s step_avg:35.17ms
step:1904/3250 train_time:67.089s step_avg:35.24ms
step:1905/3250 train_time:67.243s step_avg:35.30ms
step:1906/3250 train_time:67.396s step_avg:35.36ms
step:1907/3250 train_time:67.550s step_avg:35.42ms
step:1908/3250 train_time:67.706s step_avg:35.49ms
step:1909/3250 train_time:67.860s step_avg:35.55ms
step:1910/3250 train_time:68.013s step_avg:35.61ms
step:1911/3250 train_time:68.167s step_avg:35.67ms
step:1912/3250 train_time:68.321s step_avg:35.73ms
step:1913/3250 train_time:68.475s step_avg:35.79ms
step:1914/3250 train_time:68.629s step_avg:35.86ms
step:1915/3250 train_time:68.784s step_avg:35.92ms
step:1916/3250 train_time:68.938s step_avg:35.98ms
step:1917/3250 train_time:69.092s step_avg:36.04ms
step:1918/3250 train_time:69.247s step_avg:36.10ms
step:1919/3250 train_time:69.402s step_avg:36.17ms
step:1920/3250 train_time:69.556s step_avg:36.23ms
step:1921/3250 train_time:69.710s step_avg:36.29ms
step:1922/3250 train_time:69.865s step_avg:36.35ms
step:1923/3250 train_time:70.018s step_avg:36.41ms
step:1924/3250 train_time:70.173s step_avg:36.47ms
step:1925/3250 train_time:70.327s step_avg:36.53ms
step:1926/3250 train_time:70.483s step_avg:36.60ms
step:1927/3250 train_time:70.636s step_avg:36.66ms
step:1928/3250 train_time:70.790s step_avg:36.72ms
step:1929/3250 train_time:70.943s step_avg:36.78ms
step:1930/3250 train_time:71.097s step_avg:36.84ms
step:1931/3250 train_time:71.252s step_avg:36.90ms
step:1932/3250 train_time:71.406s step_avg:36.96ms
step:1933/3250 train_time:71.561s step_avg:37.02ms
step:1934/3250 train_time:71.714s step_avg:37.08ms
step:1935/3250 train_time:71.868s step_avg:37.14ms
step:1936/3250 train_time:72.022s step_avg:37.20ms
step:1937/3250 train_time:72.175s step_avg:37.26ms
step:1938/3250 train_time:72.329s step_avg:37.32ms
step:1939/3250 train_time:72.484s step_avg:37.38ms
step:1940/3250 train_time:72.637s step_avg:37.44ms
step:1941/3250 train_time:72.792s step_avg:37.50ms
step:1942/3250 train_time:72.946s step_avg:37.56ms
step:1943/3250 train_time:73.101s step_avg:37.62ms
step:1944/3250 train_time:73.255s step_avg:37.68ms
step:1945/3250 train_time:73.408s step_avg:37.74ms
step:1946/3250 train_time:73.564s step_avg:37.80ms
step:1947/3250 train_time:73.716s step_avg:37.86ms
step:1948/3250 train_time:73.871s step_avg:37.92ms
step:1949/3250 train_time:74.026s step_avg:37.98ms
step:1950/3250 train_time:74.180s step_avg:38.04ms
step:1951/3250 train_time:74.335s step_avg:38.10ms
step:1952/3250 train_time:74.488s step_avg:38.16ms
step:1953/3250 train_time:74.643s step_avg:38.22ms
step:1954/3250 train_time:74.796s step_avg:38.28ms
step:1955/3250 train_time:74.951s step_avg:38.34ms
step:1956/3250 train_time:75.106s step_avg:38.40ms
step:1957/3250 train_time:75.261s step_avg:38.46ms
step:1958/3250 train_time:75.413s step_avg:38.52ms
step:1959/3250 train_time:75.568s step_avg:38.57ms
step:1960/3250 train_time:75.722s step_avg:38.63ms
step:1961/3250 train_time:75.876s step_avg:38.69ms
step:1962/3250 train_time:76.031s step_avg:38.75ms
step:1963/3250 train_time:76.185s step_avg:38.81ms
step:1964/3250 train_time:76.339s step_avg:38.87ms
step:1965/3250 train_time:76.493s step_avg:38.93ms
step:1966/3250 train_time:76.648s step_avg:38.99ms
step:1967/3250 train_time:76.803s step_avg:39.05ms
step:1968/3250 train_time:76.957s step_avg:39.10ms
step:1969/3250 train_time:77.112s step_avg:39.16ms
step:1970/3250 train_time:77.265s step_avg:39.22ms
step:1971/3250 train_time:77.419s step_avg:39.28ms
step:1972/3250 train_time:77.573s step_avg:39.34ms
step:1973/3250 train_time:77.727s step_avg:39.40ms
step:1974/3250 train_time:77.883s step_avg:39.45ms
step:1975/3250 train_time:78.036s step_avg:39.51ms
step:1976/3250 train_time:78.190s step_avg:39.57ms
step:1977/3250 train_time:78.343s step_avg:39.63ms
step:1978/3250 train_time:78.497s step_avg:39.69ms
step:1979/3250 train_time:78.652s step_avg:39.74ms
step:1980/3250 train_time:78.807s step_avg:39.80ms
step:1981/3250 train_time:78.961s step_avg:39.86ms
step:1982/3250 train_time:79.114s step_avg:39.92ms
step:1983/3250 train_time:79.268s step_avg:39.97ms
step:1984/3250 train_time:79.421s step_avg:40.03ms
step:1985/3250 train_time:79.575s step_avg:40.09ms
step:1986/3250 train_time:79.728s step_avg:40.15ms
step:1987/3250 train_time:79.884s step_avg:40.20ms
step:1988/3250 train_time:80.037s step_avg:40.26ms
step:1989/3250 train_time:80.191s step_avg:40.32ms
step:1990/3250 train_time:80.345s step_avg:40.37ms
step:1991/3250 train_time:80.499s step_avg:40.43ms
step:1992/3250 train_time:80.654s step_avg:40.49ms
step:1993/3250 train_time:80.808s step_avg:40.55ms
step:1994/3250 train_time:80.964s step_avg:40.60ms
step:1995/3250 train_time:81.117s step_avg:40.66ms
step:1996/3250 train_time:81.271s step_avg:40.72ms
step:1997/3250 train_time:81.427s step_avg:40.77ms
step:1998/3250 train_time:81.581s step_avg:40.83ms
step:1999/3250 train_time:81.734s step_avg:40.89ms
step:2000/3250 train_time:81.889s step_avg:40.94ms
step:2000/3250 val_loss:3.48779 train_time:81.901s step_avg:159.63ms
step:2001/3250 train_time:82.646s step_avg:41.30ms
step:2002/3250 train_time:82.787s step_avg:41.35ms
step:2003/3250 train_time:82.940s step_avg:41.41ms
step:2004/3250 train_time:83.095s step_avg:41.46ms
step:2005/3250 train_time:83.248s step_avg:41.52ms
step:2006/3250 train_time:83.402s step_avg:41.58ms
step:2007/3250 train_time:83.556s step_avg:41.63ms
step:2008/3250 train_time:83.710s step_avg:41.69ms
step:2009/3250 train_time:83.865s step_avg:41.74ms
step:2010/3250 train_time:84.019s step_avg:41.80ms
step:2011/3250 train_time:84.173s step_avg:41.86ms
step:2012/3250 train_time:84.325s step_avg:41.91ms
step:2013/3250 train_time:84.480s step_avg:41.97ms
step:2014/3250 train_time:84.635s step_avg:42.02ms
step:2015/3250 train_time:84.789s step_avg:42.08ms
step:2016/3250 train_time:84.943s step_avg:42.13ms
step:2017/3250 train_time:85.098s step_avg:42.19ms
step:2018/3250 train_time:85.251s step_avg:42.25ms
step:2019/3250 train_time:85.405s step_avg:42.30ms
step:2020/3250 train_time:85.559s step_avg:42.36ms
step:2021/3250 train_time:85.714s step_avg:42.41ms
step:2022/3250 train_time:85.868s step_avg:42.47ms
step:2023/3250 train_time:86.020s step_avg:42.52ms
step:2024/3250 train_time:86.174s step_avg:42.58ms
step:2025/3250 train_time:86.328s step_avg:42.63ms
step:2026/3250 train_time:86.482s step_avg:42.69ms
step:2027/3250 train_time:86.637s step_avg:42.74ms
step:2028/3250 train_time:86.792s step_avg:42.80ms
step:2029/3250 train_time:86.945s step_avg:42.85ms
step:2030/3250 train_time:87.098s step_avg:42.91ms
step:2031/3250 train_time:87.252s step_avg:42.96ms
step:2032/3250 train_time:87.405s step_avg:43.01ms
step:2033/3250 train_time:87.561s step_avg:43.07ms
step:2034/3250 train_time:87.716s step_avg:43.12ms
step:2035/3250 train_time:87.870s step_avg:43.18ms
step:2036/3250 train_time:88.022s step_avg:43.23ms
step:2037/3250 train_time:88.176s step_avg:43.29ms
step:2038/3250 train_time:88.330s step_avg:43.34ms
step:2039/3250 train_time:88.484s step_avg:43.40ms
step:2040/3250 train_time:88.638s step_avg:43.45ms
step:2041/3250 train_time:88.793s step_avg:43.50ms
step:2042/3250 train_time:88.945s step_avg:43.56ms
step:2043/3250 train_time:89.099s step_avg:43.61ms
step:2044/3250 train_time:89.253s step_avg:43.67ms
step:2045/3250 train_time:89.406s step_avg:43.72ms
step:2046/3250 train_time:89.559s step_avg:43.77ms
step:2047/3250 train_time:89.715s step_avg:43.83ms
step:2048/3250 train_time:89.868s step_avg:43.88ms
step:2049/3250 train_time:90.022s step_avg:43.93ms
step:2050/3250 train_time:90.176s step_avg:43.99ms
step:2051/3250 train_time:90.331s step_avg:44.04ms
step:2052/3250 train_time:90.485s step_avg:44.10ms
step:2053/3250 train_time:90.638s step_avg:44.15ms
step:2054/3250 train_time:90.794s step_avg:44.20ms
step:2055/3250 train_time:90.947s step_avg:44.26ms
step:2056/3250 train_time:91.101s step_avg:44.31ms
step:2057/3250 train_time:91.255s step_avg:44.36ms
step:2058/3250 train_time:91.410s step_avg:44.42ms
step:2059/3250 train_time:91.563s step_avg:44.47ms
step:2060/3250 train_time:91.718s step_avg:44.52ms
step:2061/3250 train_time:91.872s step_avg:44.58ms
step:2062/3250 train_time:92.026s step_avg:44.63ms
step:2063/3250 train_time:92.179s step_avg:44.68ms
step:2064/3250 train_time:92.335s step_avg:44.74ms
step:2065/3250 train_time:92.489s step_avg:44.79ms
step:2066/3250 train_time:92.643s step_avg:44.84ms
step:2067/3250 train_time:92.797s step_avg:44.89ms
step:2068/3250 train_time:92.950s step_avg:44.95ms
step:2069/3250 train_time:93.105s step_avg:45.00ms
step:2070/3250 train_time:93.258s step_avg:45.05ms
step:2071/3250 train_time:93.414s step_avg:45.11ms
step:2072/3250 train_time:93.567s step_avg:45.16ms
step:2073/3250 train_time:93.720s step_avg:45.21ms
step:2074/3250 train_time:93.874s step_avg:45.26ms
step:2075/3250 train_time:94.028s step_avg:45.31ms
step:2076/3250 train_time:94.182s step_avg:45.37ms
step:2077/3250 train_time:94.337s step_avg:45.42ms
step:2078/3250 train_time:94.491s step_avg:45.47ms
step:2079/3250 train_time:94.644s step_avg:45.52ms
step:2080/3250 train_time:94.798s step_avg:45.58ms
step:2081/3250 train_time:94.951s step_avg:45.63ms
step:2082/3250 train_time:95.106s step_avg:45.68ms
step:2083/3250 train_time:95.260s step_avg:45.73ms
step:2084/3250 train_time:95.415s step_avg:45.78ms
step:2085/3250 train_time:95.569s step_avg:45.84ms
step:2086/3250 train_time:95.724s step_avg:45.89ms
step:2087/3250 train_time:95.877s step_avg:45.94ms
step:2088/3250 train_time:96.032s step_avg:45.99ms
step:2089/3250 train_time:96.185s step_avg:46.04ms
step:2090/3250 train_time:96.340s step_avg:46.10ms
step:2091/3250 train_time:96.533s step_avg:46.17ms
step:2092/3250 train_time:96.686s step_avg:46.22ms
step:2093/3250 train_time:96.839s step_avg:46.27ms
step:2094/3250 train_time:96.993s step_avg:46.32ms
step:2095/3250 train_time:97.146s step_avg:46.37ms
step:2096/3250 train_time:97.300s step_avg:46.42ms
step:2097/3250 train_time:97.455s step_avg:46.47ms
step:2098/3250 train_time:97.609s step_avg:46.52ms
step:2099/3250 train_time:97.765s step_avg:46.58ms
step:2100/3250 train_time:97.918s step_avg:46.63ms
step:2101/3250 train_time:98.072s step_avg:46.68ms
step:2102/3250 train_time:98.226s step_avg:46.73ms
step:2103/3250 train_time:98.379s step_avg:46.78ms
step:2104/3250 train_time:98.535s step_avg:46.83ms
step:2105/3250 train_time:98.690s step_avg:46.88ms
step:2106/3250 train_time:98.844s step_avg:46.93ms
step:2107/3250 train_time:98.998s step_avg:46.99ms
step:2108/3250 train_time:99.151s step_avg:47.04ms
step:2109/3250 train_time:99.305s step_avg:47.09ms
step:2110/3250 train_time:99.458s step_avg:47.14ms
step:2111/3250 train_time:99.614s step_avg:47.19ms
step:2112/3250 train_time:99.768s step_avg:47.24ms
step:2113/3250 train_time:99.921s step_avg:47.29ms
step:2114/3250 train_time:100.075s step_avg:47.34ms
step:2115/3250 train_time:100.229s step_avg:47.39ms
step:2116/3250 train_time:100.384s step_avg:47.44ms
step:2117/3250 train_time:100.539s step_avg:47.49ms
step:2118/3250 train_time:100.694s step_avg:47.54ms
step:2119/3250 train_time:100.846s step_avg:47.59ms
step:2120/3250 train_time:101.001s step_avg:47.64ms
step:2121/3250 train_time:101.154s step_avg:47.69ms
step:2122/3250 train_time:101.307s step_avg:47.74ms
step:2123/3250 train_time:101.461s step_avg:47.79ms
step:2124/3250 train_time:101.616s step_avg:47.84ms
step:2125/3250 train_time:101.769s step_avg:47.89ms
step:2125/3250 val_loss:3.48523 train_time:101.781s step_avg:159.05ms
step:2126/3250 train_time:102.570s step_avg:48.25ms
step:2127/3250 train_time:102.712s step_avg:48.29ms
step:2128/3250 train_time:102.866s step_avg:48.34ms
step:2129/3250 train_time:103.019s step_avg:48.39ms
step:2130/3250 train_time:103.172s step_avg:48.44ms
step:2131/3250 train_time:103.326s step_avg:48.49ms
step:2132/3250 train_time:103.479s step_avg:48.54ms
step:2133/3250 train_time:103.633s step_avg:48.59ms
step:2134/3250 train_time:103.787s step_avg:48.63ms
step:2135/3250 train_time:103.941s step_avg:48.68ms
step:2136/3250 train_time:104.095s step_avg:48.73ms
step:2137/3250 train_time:104.249s step_avg:48.78ms
step:2138/3250 train_time:104.402s step_avg:48.83ms
step:2139/3250 train_time:104.556s step_avg:48.88ms
step:2140/3250 train_time:104.709s step_avg:48.93ms
step:2141/3250 train_time:104.863s step_avg:48.98ms
step:2142/3250 train_time:105.018s step_avg:49.03ms
step:2143/3250 train_time:105.172s step_avg:49.08ms
step:2144/3250 train_time:105.327s step_avg:49.13ms
step:2145/3250 train_time:105.479s step_avg:49.17ms
step:2146/3250 train_time:105.632s step_avg:49.22ms
step:2147/3250 train_time:105.785s step_avg:49.27ms
step:2148/3250 train_time:105.939s step_avg:49.32ms
step:2149/3250 train_time:106.092s step_avg:49.37ms
step:2150/3250 train_time:106.247s step_avg:49.42ms
step:2151/3250 train_time:106.400s step_avg:49.47ms
step:2152/3250 train_time:106.554s step_avg:49.51ms
step:2153/3250 train_time:106.708s step_avg:49.56ms
step:2154/3250 train_time:106.863s step_avg:49.61ms
step:2155/3250 train_time:107.017s step_avg:49.66ms
step:2156/3250 train_time:107.171s step_avg:49.71ms
step:2157/3250 train_time:107.326s step_avg:49.76ms
step:2158/3250 train_time:107.478s step_avg:49.80ms
step:2159/3250 train_time:107.631s step_avg:49.85ms
step:2160/3250 train_time:107.786s step_avg:49.90ms
step:2161/3250 train_time:107.940s step_avg:49.95ms
step:2162/3250 train_time:108.095s step_avg:50.00ms
step:2163/3250 train_time:108.249s step_avg:50.05ms
step:2164/3250 train_time:108.403s step_avg:50.09ms
step:2165/3250 train_time:108.557s step_avg:50.14ms
step:2166/3250 train_time:108.710s step_avg:50.19ms
step:2167/3250 train_time:108.864s step_avg:50.24ms
step:2168/3250 train_time:109.017s step_avg:50.28ms
step:2169/3250 train_time:109.172s step_avg:50.33ms
step:2170/3250 train_time:109.326s step_avg:50.38ms
step:2171/3250 train_time:109.479s step_avg:50.43ms
step:2172/3250 train_time:109.634s step_avg:50.48ms
step:2173/3250 train_time:109.788s step_avg:50.52ms
step:2174/3250 train_time:109.942s step_avg:50.57ms
step:2175/3250 train_time:110.097s step_avg:50.62ms
step:2176/3250 train_time:110.251s step_avg:50.67ms
step:2177/3250 train_time:110.405s step_avg:50.71ms
step:2178/3250 train_time:110.558s step_avg:50.76ms
step:2179/3250 train_time:110.712s step_avg:50.81ms
step:2180/3250 train_time:110.866s step_avg:50.86ms
step:2181/3250 train_time:111.020s step_avg:50.90ms
step:2182/3250 train_time:111.174s step_avg:50.95ms
step:2183/3250 train_time:111.329s step_avg:51.00ms
step:2184/3250 train_time:111.482s step_avg:51.04ms
step:2185/3250 train_time:111.638s step_avg:51.09ms
step:2186/3250 train_time:111.792s step_avg:51.14ms
step:2187/3250 train_time:111.947s step_avg:51.19ms
step:2188/3250 train_time:112.101s step_avg:51.23ms
step:2189/3250 train_time:112.254s step_avg:51.28ms
step:2190/3250 train_time:112.408s step_avg:51.33ms
step:2191/3250 train_time:112.564s step_avg:51.38ms
step:2192/3250 train_time:112.719s step_avg:51.42ms
step:2193/3250 train_time:112.872s step_avg:51.47ms
step:2194/3250 train_time:113.027s step_avg:51.52ms
step:2195/3250 train_time:113.179s step_avg:51.56ms
step:2196/3250 train_time:113.333s step_avg:51.61ms
step:2197/3250 train_time:113.486s step_avg:51.66ms
step:2198/3250 train_time:113.640s step_avg:51.70ms
step:2199/3250 train_time:113.794s step_avg:51.75ms
step:2200/3250 train_time:113.948s step_avg:51.79ms
step:2201/3250 train_time:114.103s step_avg:51.84ms
step:2202/3250 train_time:114.256s step_avg:51.89ms
step:2203/3250 train_time:114.409s step_avg:51.93ms
step:2204/3250 train_time:114.564s step_avg:51.98ms
step:2205/3250 train_time:114.718s step_avg:52.03ms
step:2206/3250 train_time:114.871s step_avg:52.07ms
step:2207/3250 train_time:115.027s step_avg:52.12ms
step:2208/3250 train_time:115.180s step_avg:52.16ms
step:2209/3250 train_time:115.335s step_avg:52.21ms
step:2210/3250 train_time:115.488s step_avg:52.26ms
step:2211/3250 train_time:115.641s step_avg:52.30ms
step:2212/3250 train_time:115.795s step_avg:52.35ms
step:2213/3250 train_time:115.950s step_avg:52.40ms
step:2214/3250 train_time:116.104s step_avg:52.44ms
step:2215/3250 train_time:116.258s step_avg:52.49ms
step:2216/3250 train_time:116.412s step_avg:52.53ms
step:2217/3250 train_time:116.568s step_avg:52.58ms
step:2218/3250 train_time:116.721s step_avg:52.62ms
step:2219/3250 train_time:116.876s step_avg:52.67ms
step:2220/3250 train_time:117.030s step_avg:52.72ms
step:2221/3250 train_time:117.184s step_avg:52.76ms
step:2222/3250 train_time:117.338s step_avg:52.81ms
step:2223/3250 train_time:117.492s step_avg:52.85ms
step:2224/3250 train_time:117.647s step_avg:52.90ms
step:2225/3250 train_time:117.800s step_avg:52.94ms
step:2226/3250 train_time:117.953s step_avg:52.99ms
step:2227/3250 train_time:118.108s step_avg:53.03ms
step:2228/3250 train_time:118.261s step_avg:53.08ms
step:2229/3250 train_time:118.416s step_avg:53.13ms
step:2230/3250 train_time:118.570s step_avg:53.17ms
step:2231/3250 train_time:118.724s step_avg:53.22ms
step:2232/3250 train_time:118.878s step_avg:53.26ms
step:2233/3250 train_time:119.033s step_avg:53.31ms
step:2234/3250 train_time:119.187s step_avg:53.35ms
step:2235/3250 train_time:119.341s step_avg:53.40ms
step:2236/3250 train_time:119.496s step_avg:53.44ms
step:2237/3250 train_time:119.652s step_avg:53.49ms
step:2238/3250 train_time:119.806s step_avg:53.53ms
step:2239/3250 train_time:119.958s step_avg:53.58ms
step:2240/3250 train_time:120.113s step_avg:53.62ms
step:2241/3250 train_time:120.267s step_avg:53.67ms
step:2242/3250 train_time:120.421s step_avg:53.71ms
step:2243/3250 train_time:120.574s step_avg:53.76ms
step:2244/3250 train_time:120.730s step_avg:53.80ms
step:2245/3250 train_time:120.883s step_avg:53.85ms
step:2246/3250 train_time:121.038s step_avg:53.89ms
step:2247/3250 train_time:121.192s step_avg:53.94ms
step:2248/3250 train_time:121.348s step_avg:53.98ms
step:2249/3250 train_time:121.501s step_avg:54.02ms
step:2250/3250 train_time:121.656s step_avg:54.07ms
step:2250/3250 val_loss:3.48034 train_time:121.668s step_avg:159.09ms
step:2251/3250 train_time:122.430s step_avg:54.39ms
step:2252/3250 train_time:122.569s step_avg:54.43ms
step:2253/3250 train_time:122.722s step_avg:54.47ms
step:2254/3250 train_time:122.877s step_avg:54.52ms
step:2255/3250 train_time:123.029s step_avg:54.56ms
step:2256/3250 train_time:123.183s step_avg:54.60ms
step:2257/3250 train_time:123.338s step_avg:54.65ms
step:2258/3250 train_time:123.492s step_avg:54.69ms
step:2259/3250 train_time:123.647s step_avg:54.74ms
step:2260/3250 train_time:123.801s step_avg:54.78ms
step:2261/3250 train_time:123.954s step_avg:54.82ms
step:2262/3250 train_time:124.108s step_avg:54.87ms
step:2263/3250 train_time:124.261s step_avg:54.91ms
step:2264/3250 train_time:124.415s step_avg:54.95ms
step:2265/3250 train_time:124.569s step_avg:55.00ms
step:2266/3250 train_time:124.724s step_avg:55.04ms
step:2267/3250 train_time:124.879s step_avg:55.09ms
step:2268/3250 train_time:125.032s step_avg:55.13ms
step:2269/3250 train_time:125.186s step_avg:55.17ms
step:2270/3250 train_time:125.339s step_avg:55.22ms
step:2271/3250 train_time:125.493s step_avg:55.26ms
step:2272/3250 train_time:125.646s step_avg:55.30ms
step:2273/3250 train_time:125.801s step_avg:55.35ms
step:2274/3250 train_time:125.954s step_avg:55.39ms
step:2275/3250 train_time:126.108s step_avg:55.43ms
step:2276/3250 train_time:126.261s step_avg:55.47ms
step:2277/3250 train_time:126.414s step_avg:55.52ms
step:2278/3250 train_time:126.568s step_avg:55.56ms
step:2279/3250 train_time:126.722s step_avg:55.60ms
step:2280/3250 train_time:126.878s step_avg:55.65ms
step:2281/3250 train_time:127.076s step_avg:55.71ms
step:2282/3250 train_time:127.229s step_avg:55.75ms
step:2283/3250 train_time:127.382s step_avg:55.80ms
step:2284/3250 train_time:127.536s step_avg:55.84ms
step:2285/3250 train_time:127.689s step_avg:55.88ms
step:2286/3250 train_time:127.843s step_avg:55.92ms
step:2287/3250 train_time:128.000s step_avg:55.97ms
step:2288/3250 train_time:128.153s step_avg:56.01ms
step:2289/3250 train_time:128.307s step_avg:56.05ms
step:2290/3250 train_time:128.462s step_avg:56.10ms
step:2291/3250 train_time:128.616s step_avg:56.14ms
step:2292/3250 train_time:128.770s step_avg:56.18ms
step:2293/3250 train_time:128.924s step_avg:56.22ms
step:2294/3250 train_time:129.079s step_avg:56.27ms
step:2295/3250 train_time:129.232s step_avg:56.31ms
step:2296/3250 train_time:129.386s step_avg:56.35ms
step:2297/3250 train_time:129.540s step_avg:56.40ms
step:2298/3250 train_time:129.694s step_avg:56.44ms
step:2299/3250 train_time:129.849s step_avg:56.48ms
step:2300/3250 train_time:130.003s step_avg:56.52ms
step:2301/3250 train_time:130.159s step_avg:56.57ms
step:2302/3250 train_time:130.311s step_avg:56.61ms
step:2303/3250 train_time:130.466s step_avg:56.65ms
step:2304/3250 train_time:130.620s step_avg:56.69ms
step:2305/3250 train_time:130.773s step_avg:56.73ms
step:2306/3250 train_time:130.928s step_avg:56.78ms
step:2307/3250 train_time:131.082s step_avg:56.82ms
step:2308/3250 train_time:131.236s step_avg:56.86ms
step:2309/3250 train_time:131.389s step_avg:56.90ms
step:2310/3250 train_time:131.543s step_avg:56.94ms
step:2311/3250 train_time:131.698s step_avg:56.99ms
step:2312/3250 train_time:131.851s step_avg:57.03ms
step:2313/3250 train_time:132.005s step_avg:57.07ms
step:2314/3250 train_time:132.159s step_avg:57.11ms
step:2315/3250 train_time:132.312s step_avg:57.15ms
step:2316/3250 train_time:132.466s step_avg:57.20ms
step:2317/3250 train_time:132.620s step_avg:57.24ms
step:2318/3250 train_time:132.775s step_avg:57.28ms
step:2319/3250 train_time:132.928s step_avg:57.32ms
step:2320/3250 train_time:133.082s step_avg:57.36ms
step:2321/3250 train_time:133.236s step_avg:57.40ms
step:2322/3250 train_time:133.390s step_avg:57.45ms
step:2323/3250 train_time:133.543s step_avg:57.49ms
step:2324/3250 train_time:133.700s step_avg:57.53ms
step:2325/3250 train_time:133.854s step_avg:57.57ms
step:2326/3250 train_time:134.009s step_avg:57.61ms
step:2327/3250 train_time:134.163s step_avg:57.66ms
step:2328/3250 train_time:134.317s step_avg:57.70ms
step:2329/3250 train_time:134.470s step_avg:57.74ms
step:2330/3250 train_time:134.625s step_avg:57.78ms
step:2331/3250 train_time:134.780s step_avg:57.82ms
step:2332/3250 train_time:134.933s step_avg:57.86ms
step:2333/3250 train_time:135.087s step_avg:57.90ms
step:2334/3250 train_time:135.241s step_avg:57.94ms
step:2335/3250 train_time:135.395s step_avg:57.98ms
step:2336/3250 train_time:135.550s step_avg:58.03ms
step:2337/3250 train_time:135.704s step_avg:58.07ms
step:2338/3250 train_time:135.859s step_avg:58.11ms
step:2339/3250 train_time:136.011s step_avg:58.15ms
step:2340/3250 train_time:136.164s step_avg:58.19ms
step:2341/3250 train_time:136.319s step_avg:58.23ms
step:2342/3250 train_time:136.472s step_avg:58.27ms
step:2343/3250 train_time:136.626s step_avg:58.31ms
step:2344/3250 train_time:136.781s step_avg:58.35ms
step:2345/3250 train_time:136.935s step_avg:58.39ms
step:2346/3250 train_time:137.088s step_avg:58.43ms
step:2347/3250 train_time:137.242s step_avg:58.48ms
step:2348/3250 train_time:137.398s step_avg:58.52ms
step:2349/3250 train_time:137.552s step_avg:58.56ms
step:2350/3250 train_time:137.705s step_avg:58.60ms
step:2351/3250 train_time:137.860s step_avg:58.64ms
step:2352/3250 train_time:138.013s step_avg:58.68ms
step:2353/3250 train_time:138.166s step_avg:58.72ms
step:2354/3250 train_time:138.320s step_avg:58.76ms
step:2355/3250 train_time:138.474s step_avg:58.80ms
step:2356/3250 train_time:138.629s step_avg:58.84ms
step:2357/3250 train_time:138.783s step_avg:58.88ms
step:2358/3250 train_time:138.938s step_avg:58.92ms
step:2359/3250 train_time:139.091s step_avg:58.96ms
step:2360/3250 train_time:139.245s step_avg:59.00ms
step:2361/3250 train_time:139.401s step_avg:59.04ms
step:2362/3250 train_time:139.554s step_avg:59.08ms
step:2363/3250 train_time:139.707s step_avg:59.12ms
step:2364/3250 train_time:139.861s step_avg:59.16ms
step:2365/3250 train_time:140.014s step_avg:59.20ms
step:2366/3250 train_time:140.169s step_avg:59.24ms
step:2367/3250 train_time:140.323s step_avg:59.28ms
step:2368/3250 train_time:140.478s step_avg:59.32ms
step:2369/3250 train_time:140.631s step_avg:59.36ms
step:2370/3250 train_time:140.784s step_avg:59.40ms
step:2371/3250 train_time:140.940s step_avg:59.44ms
step:2372/3250 train_time:141.094s step_avg:59.48ms
step:2373/3250 train_time:141.248s step_avg:59.52ms
step:2374/3250 train_time:141.402s step_avg:59.56ms
step:2375/3250 train_time:141.558s step_avg:59.60ms
step:2375/3250 val_loss:3.47951 train_time:141.570s step_avg:159.22ms
step:2376/3250 train_time:142.338s step_avg:59.91ms
step:2377/3250 train_time:142.479s step_avg:59.94ms
step:2378/3250 train_time:142.635s step_avg:59.98ms
step:2379/3250 train_time:142.789s step_avg:60.02ms
step:2380/3250 train_time:142.942s step_avg:60.06ms
step:2381/3250 train_time:143.095s step_avg:60.10ms
step:2382/3250 train_time:143.250s step_avg:60.14ms
step:2383/3250 train_time:143.404s step_avg:60.18ms
step:2384/3250 train_time:143.557s step_avg:60.22ms
step:2385/3250 train_time:143.712s step_avg:60.26ms
step:2386/3250 train_time:143.866s step_avg:60.30ms
step:2387/3250 train_time:144.019s step_avg:60.33ms
step:2388/3250 train_time:144.172s step_avg:60.37ms
step:2389/3250 train_time:144.327s step_avg:60.41ms
step:2390/3250 train_time:144.482s step_avg:60.45ms
step:2391/3250 train_time:144.636s step_avg:60.49ms
step:2392/3250 train_time:144.792s step_avg:60.53ms
step:2393/3250 train_time:144.945s step_avg:60.57ms
step:2394/3250 train_time:145.099s step_avg:60.61ms
step:2395/3250 train_time:145.253s step_avg:60.65ms
step:2396/3250 train_time:145.406s step_avg:60.69ms
step:2397/3250 train_time:145.560s step_avg:60.73ms
step:2398/3250 train_time:145.715s step_avg:60.77ms
step:2399/3250 train_time:145.869s step_avg:60.80ms
step:2400/3250 train_time:146.023s step_avg:60.84ms
step:2401/3250 train_time:146.178s step_avg:60.88ms
step:2402/3250 train_time:146.333s step_avg:60.92ms
step:2403/3250 train_time:146.488s step_avg:60.96ms
step:2404/3250 train_time:146.641s step_avg:61.00ms
step:2405/3250 train_time:146.795s step_avg:61.04ms
step:2406/3250 train_time:146.947s step_avg:61.08ms
step:2407/3250 train_time:147.102s step_avg:61.11ms
step:2408/3250 train_time:147.257s step_avg:61.15ms
step:2409/3250 train_time:147.411s step_avg:61.19ms
step:2410/3250 train_time:147.564s step_avg:61.23ms
step:2411/3250 train_time:147.718s step_avg:61.27ms
step:2412/3250 train_time:147.871s step_avg:61.31ms
step:2413/3250 train_time:148.026s step_avg:61.35ms
step:2414/3250 train_time:148.181s step_avg:61.38ms
step:2415/3250 train_time:148.334s step_avg:61.42ms
step:2416/3250 train_time:148.487s step_avg:61.46ms
step:2417/3250 train_time:148.640s step_avg:61.50ms
step:2418/3250 train_time:148.794s step_avg:61.54ms
step:2419/3250 train_time:148.947s step_avg:61.57ms
step:2420/3250 train_time:149.101s step_avg:61.61ms
step:2421/3250 train_time:149.257s step_avg:61.65ms
step:2422/3250 train_time:149.411s step_avg:61.69ms
step:2423/3250 train_time:149.564s step_avg:61.73ms
step:2424/3250 train_time:149.718s step_avg:61.76ms
step:2425/3250 train_time:149.871s step_avg:61.80ms
step:2426/3250 train_time:150.024s step_avg:61.84ms
step:2427/3250 train_time:150.178s step_avg:61.88ms
step:2428/3250 train_time:150.332s step_avg:61.92ms
step:2429/3250 train_time:150.487s step_avg:61.95ms
step:2430/3250 train_time:150.641s step_avg:61.99ms
step:2431/3250 train_time:150.796s step_avg:62.03ms
step:2432/3250 train_time:150.950s step_avg:62.07ms
step:2433/3250 train_time:151.103s step_avg:62.11ms
step:2434/3250 train_time:151.256s step_avg:62.14ms
step:2435/3250 train_time:151.412s step_avg:62.18ms
step:2436/3250 train_time:151.565s step_avg:62.22ms
step:2437/3250 train_time:151.718s step_avg:62.26ms
step:2438/3250 train_time:151.873s step_avg:62.29ms
step:2439/3250 train_time:152.026s step_avg:62.33ms
step:2440/3250 train_time:152.181s step_avg:62.37ms
step:2441/3250 train_time:152.335s step_avg:62.41ms
step:2442/3250 train_time:152.490s step_avg:62.44ms
step:2443/3250 train_time:152.642s step_avg:62.48ms
step:2444/3250 train_time:152.796s step_avg:62.52ms
step:2445/3250 train_time:152.950s step_avg:62.56ms
step:2446/3250 train_time:153.105s step_avg:62.59ms
step:2447/3250 train_time:153.259s step_avg:62.63ms
step:2448/3250 train_time:153.414s step_avg:62.67ms
step:2449/3250 train_time:153.569s step_avg:62.71ms
step:2450/3250 train_time:153.721s step_avg:62.74ms
step:2451/3250 train_time:153.875s step_avg:62.78ms
step:2452/3250 train_time:154.029s step_avg:62.82ms
step:2453/3250 train_time:154.183s step_avg:62.86ms
step:2454/3250 train_time:154.337s step_avg:62.89ms
step:2455/3250 train_time:154.491s step_avg:62.93ms
step:2456/3250 train_time:154.644s step_avg:62.97ms
step:2457/3250 train_time:154.798s step_avg:63.00ms
step:2458/3250 train_time:154.951s step_avg:63.04ms
step:2459/3250 train_time:155.105s step_avg:63.08ms
step:2460/3250 train_time:155.258s step_avg:63.11ms
step:2461/3250 train_time:155.413s step_avg:63.15ms
step:2462/3250 train_time:155.567s step_avg:63.19ms
step:2463/3250 train_time:155.721s step_avg:63.22ms
step:2464/3250 train_time:155.875s step_avg:63.26ms
step:2465/3250 train_time:156.030s step_avg:63.30ms
step:2466/3250 train_time:156.183s step_avg:63.33ms
step:2467/3250 train_time:156.337s step_avg:63.37ms
step:2468/3250 train_time:156.492s step_avg:63.41ms
step:2469/3250 train_time:156.645s step_avg:63.44ms
step:2470/3250 train_time:156.800s step_avg:63.48ms
step:2471/3250 train_time:156.994s step_avg:63.53ms
step:2472/3250 train_time:157.146s step_avg:63.57ms
step:2473/3250 train_time:157.300s step_avg:63.61ms
step:2474/3250 train_time:157.454s step_avg:63.64ms
step:2475/3250 train_time:157.608s step_avg:63.68ms
step:2476/3250 train_time:157.761s step_avg:63.72ms
step:2477/3250 train_time:157.916s step_avg:63.75ms
step:2478/3250 train_time:158.070s step_avg:63.79ms
step:2479/3250 train_time:158.224s step_avg:63.83ms
step:2480/3250 train_time:158.379s step_avg:63.86ms
step:2481/3250 train_time:158.534s step_avg:63.90ms
step:2482/3250 train_time:158.689s step_avg:63.94ms
step:2483/3250 train_time:158.841s step_avg:63.97ms
step:2484/3250 train_time:158.995s step_avg:64.01ms
step:2485/3250 train_time:159.149s step_avg:64.04ms
step:2486/3250 train_time:159.302s step_avg:64.08ms
step:2487/3250 train_time:159.457s step_avg:64.12ms
step:2488/3250 train_time:159.610s step_avg:64.15ms
step:2489/3250 train_time:159.764s step_avg:64.19ms
step:2490/3250 train_time:159.918s step_avg:64.22ms
step:2491/3250 train_time:160.072s step_avg:64.26ms
step:2492/3250 train_time:160.227s step_avg:64.30ms
step:2493/3250 train_time:160.381s step_avg:64.33ms
step:2494/3250 train_time:160.535s step_avg:64.37ms
step:2495/3250 train_time:160.690s step_avg:64.40ms
step:2496/3250 train_time:160.842s step_avg:64.44ms
step:2497/3250 train_time:160.995s step_avg:64.48ms
step:2498/3250 train_time:161.149s step_avg:64.51ms
step:2499/3250 train_time:161.304s step_avg:64.55ms
step:2500/3250 train_time:161.459s step_avg:64.58ms
step:2500/3250 val_loss:3.47468 train_time:161.470s step_avg:159.20ms
step:2501/3250 train_time:162.267s step_avg:64.88ms
step:2502/3250 train_time:162.407s step_avg:64.91ms
step:2503/3250 train_time:162.561s step_avg:64.95ms
step:2504/3250 train_time:162.714s step_avg:64.98ms
step:2505/3250 train_time:162.868s step_avg:65.02ms
step:2506/3250 train_time:163.022s step_avg:65.05ms
step:2507/3250 train_time:163.175s step_avg:65.09ms
step:2508/3250 train_time:163.328s step_avg:65.12ms
step:2509/3250 train_time:163.482s step_avg:65.16ms
step:2510/3250 train_time:163.636s step_avg:65.19ms
step:2511/3250 train_time:163.790s step_avg:65.23ms
step:2512/3250 train_time:163.943s step_avg:65.26ms
step:2513/3250 train_time:164.097s step_avg:65.30ms
step:2514/3250 train_time:164.250s step_avg:65.33ms
step:2515/3250 train_time:164.404s step_avg:65.37ms
step:2516/3250 train_time:164.558s step_avg:65.40ms
step:2517/3250 train_time:164.712s step_avg:65.44ms
step:2518/3250 train_time:164.867s step_avg:65.48ms
step:2519/3250 train_time:165.021s step_avg:65.51ms
step:2520/3250 train_time:165.174s step_avg:65.55ms
step:2521/3250 train_time:165.327s step_avg:65.58ms
step:2522/3250 train_time:165.481s step_avg:65.61ms
step:2523/3250 train_time:165.634s step_avg:65.65ms
step:2524/3250 train_time:165.788s step_avg:65.68ms
step:2525/3250 train_time:165.943s step_avg:65.72ms
step:2526/3250 train_time:166.097s step_avg:65.75ms
step:2527/3250 train_time:166.250s step_avg:65.79ms
step:2528/3250 train_time:166.403s step_avg:65.82ms
step:2529/3250 train_time:166.556s step_avg:65.86ms
step:2530/3250 train_time:166.711s step_avg:65.89ms
step:2531/3250 train_time:166.865s step_avg:65.93ms
step:2532/3250 train_time:167.018s step_avg:65.96ms
step:2533/3250 train_time:167.173s step_avg:66.00ms
step:2534/3250 train_time:167.327s step_avg:66.03ms
step:2535/3250 train_time:167.480s step_avg:66.07ms
step:2536/3250 train_time:167.634s step_avg:66.10ms
step:2537/3250 train_time:167.788s step_avg:66.14ms
step:2538/3250 train_time:167.943s step_avg:66.17ms
step:2539/3250 train_time:168.096s step_avg:66.21ms
step:2540/3250 train_time:168.249s step_avg:66.24ms
step:2541/3250 train_time:168.403s step_avg:66.27ms
step:2542/3250 train_time:168.557s step_avg:66.31ms
step:2543/3250 train_time:168.712s step_avg:66.34ms
step:2544/3250 train_time:168.867s step_avg:66.38ms
step:2545/3250 train_time:169.022s step_avg:66.41ms
step:2546/3250 train_time:169.174s step_avg:66.45ms
step:2547/3250 train_time:169.327s step_avg:66.48ms
step:2548/3250 train_time:169.482s step_avg:66.52ms
step:2549/3250 train_time:169.635s step_avg:66.55ms
step:2550/3250 train_time:169.789s step_avg:66.58ms
step:2551/3250 train_time:169.944s step_avg:66.62ms
step:2552/3250 train_time:170.098s step_avg:66.65ms
step:2553/3250 train_time:170.251s step_avg:66.69ms
step:2554/3250 train_time:170.405s step_avg:66.72ms
step:2555/3250 train_time:170.560s step_avg:66.76ms
step:2556/3250 train_time:170.713s step_avg:66.79ms
step:2557/3250 train_time:170.866s step_avg:66.82ms
step:2558/3250 train_time:171.021s step_avg:66.86ms
step:2559/3250 train_time:171.174s step_avg:66.89ms
step:2560/3250 train_time:171.328s step_avg:66.93ms
step:2561/3250 train_time:171.481s step_avg:66.96ms
step:2562/3250 train_time:171.634s step_avg:66.99ms
step:2563/3250 train_time:171.790s step_avg:67.03ms
step:2564/3250 train_time:171.945s step_avg:67.06ms
step:2565/3250 train_time:172.100s step_avg:67.10ms
step:2566/3250 train_time:172.255s step_avg:67.13ms
step:2567/3250 train_time:172.407s step_avg:67.16ms
step:2568/3250 train_time:172.563s step_avg:67.20ms
step:2569/3250 train_time:172.716s step_avg:67.23ms
step:2570/3250 train_time:172.871s step_avg:67.27ms
step:2571/3250 train_time:173.024s step_avg:67.30ms
step:2572/3250 train_time:173.178s step_avg:67.33ms
step:2573/3250 train_time:173.333s step_avg:67.37ms
step:2574/3250 train_time:173.486s step_avg:67.40ms
step:2575/3250 train_time:173.642s step_avg:67.43ms
step:2576/3250 train_time:173.795s step_avg:67.47ms
step:2577/3250 train_time:173.948s step_avg:67.50ms
step:2578/3250 train_time:174.102s step_avg:67.53ms
step:2579/3250 train_time:174.255s step_avg:67.57ms
step:2580/3250 train_time:174.409s step_avg:67.60ms
step:2581/3250 train_time:174.564s step_avg:67.63ms
step:2582/3250 train_time:174.718s step_avg:67.67ms
step:2583/3250 train_time:174.873s step_avg:67.70ms
step:2584/3250 train_time:175.028s step_avg:67.74ms
step:2585/3250 train_time:175.181s step_avg:67.77ms
step:2586/3250 train_time:175.334s step_avg:67.80ms
step:2587/3250 train_time:175.487s step_avg:67.83ms
step:2588/3250 train_time:175.643s step_avg:67.87ms
step:2589/3250 train_time:175.796s step_avg:67.90ms
step:2590/3250 train_time:175.950s step_avg:67.93ms
step:2591/3250 train_time:176.104s step_avg:67.97ms
step:2592/3250 train_time:176.257s step_avg:68.00ms
step:2593/3250 train_time:176.411s step_avg:68.03ms
step:2594/3250 train_time:176.566s step_avg:68.07ms
step:2595/3250 train_time:176.721s step_avg:68.10ms
step:2596/3250 train_time:176.874s step_avg:68.13ms
step:2597/3250 train_time:177.026s step_avg:68.17ms
step:2598/3250 train_time:177.181s step_avg:68.20ms
step:2599/3250 train_time:177.334s step_avg:68.23ms
step:2600/3250 train_time:177.489s step_avg:68.27ms
step:2601/3250 train_time:177.644s step_avg:68.30ms
step:2602/3250 train_time:177.799s step_avg:68.33ms
step:2603/3250 train_time:177.954s step_avg:68.36ms
step:2604/3250 train_time:178.107s step_avg:68.40ms
step:2605/3250 train_time:178.261s step_avg:68.43ms
step:2606/3250 train_time:178.415s step_avg:68.46ms
step:2607/3250 train_time:178.569s step_avg:68.50ms
step:2608/3250 train_time:178.723s step_avg:68.53ms
step:2609/3250 train_time:178.877s step_avg:68.56ms
step:2610/3250 train_time:179.032s step_avg:68.59ms
step:2611/3250 train_time:179.186s step_avg:68.63ms
step:2612/3250 train_time:179.341s step_avg:68.66ms
step:2613/3250 train_time:179.495s step_avg:68.69ms
step:2614/3250 train_time:179.648s step_avg:68.73ms
step:2615/3250 train_time:179.804s step_avg:68.76ms
step:2616/3250 train_time:179.959s step_avg:68.79ms
step:2617/3250 train_time:180.113s step_avg:68.82ms
step:2618/3250 train_time:180.268s step_avg:68.86ms
step:2619/3250 train_time:180.421s step_avg:68.89ms
step:2620/3250 train_time:180.573s step_avg:68.92ms
step:2621/3250 train_time:180.727s step_avg:68.95ms
step:2622/3250 train_time:180.880s step_avg:68.99ms
step:2623/3250 train_time:181.034s step_avg:69.02ms
step:2624/3250 train_time:181.187s step_avg:69.05ms
step:2625/3250 train_time:181.343s step_avg:69.08ms
step:2625/3250 val_loss:3.46932 train_time:181.355s step_avg:159.08ms
step:2626/3250 train_time:182.119s step_avg:69.35ms
step:2627/3250 train_time:182.259s step_avg:69.38ms
step:2628/3250 train_time:182.414s step_avg:69.41ms
step:2629/3250 train_time:182.566s step_avg:69.44ms
step:2630/3250 train_time:182.719s step_avg:69.47ms
step:2631/3250 train_time:182.871s step_avg:69.51ms
step:2632/3250 train_time:183.026s step_avg:69.54ms
step:2633/3250 train_time:183.179s step_avg:69.57ms
step:2634/3250 train_time:183.334s step_avg:69.60ms
step:2635/3250 train_time:183.488s step_avg:69.63ms
step:2636/3250 train_time:183.641s step_avg:69.67ms
step:2637/3250 train_time:183.795s step_avg:69.70ms
step:2638/3250 train_time:183.949s step_avg:69.73ms
step:2639/3250 train_time:184.101s step_avg:69.76ms
step:2640/3250 train_time:184.255s step_avg:69.79ms
step:2641/3250 train_time:184.408s step_avg:69.83ms
step:2642/3250 train_time:184.564s step_avg:69.86ms
step:2643/3250 train_time:184.718s step_avg:69.89ms
step:2644/3250 train_time:184.871s step_avg:69.92ms
step:2645/3250 train_time:185.025s step_avg:69.95ms
step:2646/3250 train_time:185.179s step_avg:69.98ms
step:2647/3250 train_time:185.333s step_avg:70.02ms
step:2648/3250 train_time:185.486s step_avg:70.05ms
step:2649/3250 train_time:185.640s step_avg:70.08ms
step:2650/3250 train_time:185.795s step_avg:70.11ms
step:2651/3250 train_time:185.950s step_avg:70.14ms
step:2652/3250 train_time:186.103s step_avg:70.17ms
step:2653/3250 train_time:186.258s step_avg:70.21ms
step:2654/3250 train_time:186.412s step_avg:70.24ms
step:2655/3250 train_time:186.566s step_avg:70.27ms
step:2656/3250 train_time:186.720s step_avg:70.30ms
step:2657/3250 train_time:186.873s step_avg:70.33ms
step:2658/3250 train_time:187.026s step_avg:70.36ms
step:2659/3250 train_time:187.180s step_avg:70.40ms
step:2660/3250 train_time:187.334s step_avg:70.43ms
step:2661/3250 train_time:187.529s step_avg:70.47ms
step:2662/3250 train_time:187.682s step_avg:70.50ms
step:2663/3250 train_time:187.835s step_avg:70.54ms
step:2664/3250 train_time:187.987s step_avg:70.57ms
step:2665/3250 train_time:188.140s step_avg:70.60ms
step:2666/3250 train_time:188.295s step_avg:70.63ms
step:2667/3250 train_time:188.449s step_avg:70.66ms
step:2668/3250 train_time:188.602s step_avg:70.69ms
step:2669/3250 train_time:188.756s step_avg:70.72ms
step:2670/3250 train_time:188.909s step_avg:70.75ms
step:2671/3250 train_time:189.064s step_avg:70.78ms
step:2672/3250 train_time:189.218s step_avg:70.82ms
step:2673/3250 train_time:189.373s step_avg:70.85ms
step:2674/3250 train_time:189.527s step_avg:70.88ms
step:2675/3250 train_time:189.680s step_avg:70.91ms
step:2676/3250 train_time:189.834s step_avg:70.94ms
step:2677/3250 train_time:189.987s step_avg:70.97ms
step:2678/3250 train_time:190.140s step_avg:71.00ms
step:2679/3250 train_time:190.294s step_avg:71.03ms
step:2680/3250 train_time:190.447s step_avg:71.06ms
step:2681/3250 train_time:190.600s step_avg:71.09ms
step:2682/3250 train_time:190.756s step_avg:71.12ms
step:2683/3250 train_time:190.908s step_avg:71.15ms
step:2684/3250 train_time:191.062s step_avg:71.19ms
step:2685/3250 train_time:191.215s step_avg:71.22ms
step:2686/3250 train_time:191.368s step_avg:71.25ms
step:2687/3250 train_time:191.521s step_avg:71.28ms
step:2688/3250 train_time:191.676s step_avg:71.31ms
step:2689/3250 train_time:191.830s step_avg:71.34ms
step:2690/3250 train_time:191.985s step_avg:71.37ms
step:2691/3250 train_time:192.139s step_avg:71.40ms
step:2692/3250 train_time:192.294s step_avg:71.43ms
step:2693/3250 train_time:192.447s step_avg:71.46ms
step:2694/3250 train_time:192.601s step_avg:71.49ms
step:2695/3250 train_time:192.755s step_avg:71.52ms
step:2696/3250 train_time:192.907s step_avg:71.55ms
step:2697/3250 train_time:193.061s step_avg:71.58ms
step:2698/3250 train_time:193.214s step_avg:71.61ms
step:2699/3250 train_time:193.368s step_avg:71.64ms
step:2700/3250 train_time:193.523s step_avg:71.68ms
step:2701/3250 train_time:193.678s step_avg:71.71ms
step:2702/3250 train_time:193.832s step_avg:71.74ms
step:2703/3250 train_time:193.986s step_avg:71.77ms
step:2704/3250 train_time:194.139s step_avg:71.80ms
step:2705/3250 train_time:194.292s step_avg:71.83ms
step:2706/3250 train_time:194.446s step_avg:71.86ms
step:2707/3250 train_time:194.600s step_avg:71.89ms
step:2708/3250 train_time:194.756s step_avg:71.92ms
step:2709/3250 train_time:194.908s step_avg:71.95ms
step:2710/3250 train_time:195.063s step_avg:71.98ms
step:2711/3250 train_time:195.217s step_avg:72.01ms
step:2712/3250 train_time:195.372s step_avg:72.04ms
step:2713/3250 train_time:195.525s step_avg:72.07ms
step:2714/3250 train_time:195.678s step_avg:72.10ms
step:2715/3250 train_time:195.832s step_avg:72.13ms
step:2716/3250 train_time:195.985s step_avg:72.16ms
step:2717/3250 train_time:196.139s step_avg:72.19ms
step:2718/3250 train_time:196.293s step_avg:72.22ms
step:2719/3250 train_time:196.448s step_avg:72.25ms
step:2720/3250 train_time:196.603s step_avg:72.28ms
step:2721/3250 train_time:196.756s step_avg:72.31ms
step:2722/3250 train_time:196.909s step_avg:72.34ms
step:2723/3250 train_time:197.062s step_avg:72.37ms
step:2724/3250 train_time:197.216s step_avg:72.40ms
step:2725/3250 train_time:197.369s step_avg:72.43ms
step:2726/3250 train_time:197.524s step_avg:72.46ms
step:2727/3250 train_time:197.678s step_avg:72.49ms
step:2728/3250 train_time:197.832s step_avg:72.52ms
step:2729/3250 train_time:197.986s step_avg:72.55ms
step:2730/3250 train_time:198.140s step_avg:72.58ms
step:2731/3250 train_time:198.296s step_avg:72.61ms
step:2732/3250 train_time:198.450s step_avg:72.64ms
step:2733/3250 train_time:198.603s step_avg:72.67ms
step:2734/3250 train_time:198.757s step_avg:72.70ms
step:2735/3250 train_time:198.909s step_avg:72.73ms
step:2736/3250 train_time:199.063s step_avg:72.76ms
step:2737/3250 train_time:199.217s step_avg:72.79ms
step:2738/3250 train_time:199.372s step_avg:72.82ms
step:2739/3250 train_time:199.526s step_avg:72.85ms
step:2740/3250 train_time:199.680s step_avg:72.88ms
step:2741/3250 train_time:199.835s step_avg:72.91ms
step:2742/3250 train_time:199.989s step_avg:72.94ms
step:2743/3250 train_time:200.142s step_avg:72.96ms
step:2744/3250 train_time:200.297s step_avg:72.99ms
step:2745/3250 train_time:200.450s step_avg:73.02ms
step:2746/3250 train_time:200.604s step_avg:73.05ms
step:2747/3250 train_time:200.757s step_avg:73.08ms
step:2748/3250 train_time:200.910s step_avg:73.11ms
step:2749/3250 train_time:201.067s step_avg:73.14ms
step:2750/3250 train_time:201.221s step_avg:73.17ms
step:2750/3250 val_loss:3.46855 train_time:201.232s step_avg:159.02ms
step:2751/3250 train_time:201.986s step_avg:73.42ms
EXIT=0 rid=eos_f1500_s077
