W0822 05:39:41.041000 182998 torch/distributed/run.py:774] 
W0822 05:39:41.041000 182998 torch/distributed/run.py:774] *****************************************
W0822 05:39:41.041000 182998 torch/distributed/run.py:774] Setting OMP_NUM_THREADS environment variable for each process to be 1 in default, to avoid your system being overloaded, please further tune the variable for optimal performance in your application as needed. 
W0822 05:39:41.041000 182998 torch/distributed/run.py:774] *****************************************
logs/aadf6f21-56db-4a17-8d23-638e11e3ad3c.txt
step:0/3250 val_loss:10.82584 train_time:0.000s step_avg:nanms
step:1/3250 train_time:9.286s step_avg:9285.53ms
step:2/3250 train_time:9.558s step_avg:4779.21ms
step:3/3250 train_time:9.851s step_avg:3283.64ms
step:4/3250 train_time:10.148s step_avg:2536.88ms
step:5/3250 train_time:10.445s step_avg:2088.95ms
step:6/3250 train_time:10.747s step_avg:1791.10ms
step:7/3250 train_time:11.044s step_avg:1577.75ms
step:8/3250 train_time:11.337s step_avg:1417.18ms
step:9/3250 train_time:11.635s step_avg:1292.72ms
step:10/3250 train_time:11.933s step_avg:1193.32ms
step:11/3250 train_time:12.230s step_avg:1111.77ms
step:12/3250 train_time:12.531s step_avg:1044.22ms
step:13/3250 train_time:12.830s step_avg:986.90ms
step:14/3250 train_time:13.129s step_avg:937.80ms
step:15/3250 train_time:13.429s step_avg:895.29ms
step:16/3250 train_time:13.730s step_avg:858.13ms
step:17/3250 train_time:14.029s step_avg:825.26ms
step:18/3250 train_time:14.329s step_avg:796.08ms
step:19/3250 train_time:14.629s step_avg:769.97ms
step:20/3250 train_time:14.931s step_avg:746.55ms
step:21/3250 train_time:15.234s step_avg:725.45ms
step:22/3250 train_time:15.529s step_avg:705.86ms
step:23/3250 train_time:15.829s step_avg:688.23ms
step:24/3250 train_time:16.130s step_avg:672.08ms
step:25/3250 train_time:16.431s step_avg:657.23ms
step:26/3250 train_time:16.730s step_avg:643.45ms
step:27/3250 train_time:17.031s step_avg:630.78ms
step:28/3250 train_time:17.330s step_avg:618.94ms
step:29/3250 train_time:17.629s step_avg:607.91ms
step:30/3250 train_time:17.930s step_avg:597.66ms
step:31/3250 train_time:18.230s step_avg:588.06ms
step:32/3250 train_time:18.529s step_avg:579.04ms
step:33/3250 train_time:18.828s step_avg:570.55ms
step:34/3250 train_time:19.128s step_avg:562.60ms
step:35/3250 train_time:19.430s step_avg:555.15ms
step:36/3250 train_time:19.732s step_avg:548.10ms
step:37/3250 train_time:20.029s step_avg:541.33ms
step:38/3250 train_time:20.330s step_avg:535.00ms
step:39/3250 train_time:20.629s step_avg:528.96ms
step:40/3250 train_time:20.929s step_avg:523.22ms
step:41/3250 train_time:21.230s step_avg:517.80ms
step:42/3250 train_time:21.533s step_avg:512.68ms
step:43/3250 train_time:21.833s step_avg:507.74ms
step:44/3250 train_time:22.131s step_avg:502.98ms
step:45/3250 train_time:22.432s step_avg:498.49ms
step:46/3250 train_time:22.731s step_avg:494.16ms
step:47/3250 train_time:23.030s step_avg:489.99ms
step:48/3250 train_time:23.332s step_avg:486.08ms
step:49/3250 train_time:23.629s step_avg:482.23ms
step:50/3250 train_time:23.928s step_avg:478.56ms
step:51/3250 train_time:24.229s step_avg:475.08ms
step:52/3250 train_time:24.528s step_avg:471.70ms
step:53/3250 train_time:24.831s step_avg:468.52ms
step:54/3250 train_time:25.129s step_avg:465.35ms
step:55/3250 train_time:25.430s step_avg:462.36ms
step:56/3250 train_time:25.729s step_avg:459.45ms
step:57/3250 train_time:26.029s step_avg:456.64ms
step:58/3250 train_time:26.330s step_avg:453.96ms
step:59/3250 train_time:26.630s step_avg:451.36ms
step:60/3250 train_time:26.929s step_avg:448.82ms
step:61/3250 train_time:27.230s step_avg:446.40ms
step:62/3250 train_time:27.532s step_avg:444.06ms
step:63/3250 train_time:27.830s step_avg:441.75ms
step:64/3250 train_time:28.129s step_avg:439.51ms
step:65/3250 train_time:28.430s step_avg:437.38ms
step:66/3250 train_time:28.729s step_avg:435.29ms
step:67/3250 train_time:29.029s step_avg:433.27ms
step:68/3250 train_time:29.330s step_avg:431.33ms
step:69/3250 train_time:29.630s step_avg:429.42ms
step:70/3250 train_time:29.930s step_avg:427.57ms
step:71/3250 train_time:30.230s step_avg:425.78ms
step:72/3250 train_time:30.530s step_avg:424.02ms
step:73/3250 train_time:30.831s step_avg:422.34ms
step:74/3250 train_time:31.129s step_avg:420.67ms
step:75/3250 train_time:31.430s step_avg:419.07ms
step:76/3250 train_time:31.732s step_avg:417.52ms
step:77/3250 train_time:32.032s step_avg:416.00ms
step:78/3250 train_time:32.333s step_avg:414.53ms
step:79/3250 train_time:32.632s step_avg:413.06ms
step:80/3250 train_time:32.932s step_avg:411.66ms
step:81/3250 train_time:33.229s step_avg:410.24ms
step:82/3250 train_time:33.533s step_avg:408.94ms
step:83/3250 train_time:33.832s step_avg:407.61ms
step:84/3250 train_time:34.132s step_avg:406.33ms
step:85/3250 train_time:34.430s step_avg:405.06ms
step:86/3250 train_time:34.731s step_avg:403.84ms
step:87/3250 train_time:35.029s step_avg:402.63ms
step:88/3250 train_time:35.329s step_avg:401.47ms
step:89/3250 train_time:35.630s step_avg:400.34ms
step:90/3250 train_time:35.933s step_avg:399.25ms
step:91/3250 train_time:36.230s step_avg:398.13ms
step:92/3250 train_time:36.530s step_avg:397.06ms
step:93/3250 train_time:36.829s step_avg:396.01ms
step:94/3250 train_time:37.130s step_avg:395.00ms
step:95/3250 train_time:37.430s step_avg:394.00ms
step:96/3250 train_time:37.729s step_avg:393.01ms
step:97/3250 train_time:38.030s step_avg:392.06ms
step:98/3250 train_time:38.330s step_avg:391.12ms
step:99/3250 train_time:38.629s step_avg:390.19ms
step:100/3250 train_time:38.929s step_avg:389.29ms
step:101/3250 train_time:39.230s step_avg:388.41ms
step:102/3250 train_time:39.530s step_avg:387.55ms
step:103/3250 train_time:39.830s step_avg:386.70ms
step:104/3250 train_time:40.133s step_avg:385.90ms
step:105/3250 train_time:40.430s step_avg:385.05ms
step:106/3250 train_time:40.730s step_avg:384.25ms
step:107/3250 train_time:41.030s step_avg:383.46ms
step:108/3250 train_time:41.331s step_avg:382.69ms
step:109/3250 train_time:41.631s step_avg:381.93ms
step:110/3250 train_time:41.933s step_avg:381.21ms
step:111/3250 train_time:42.230s step_avg:380.45ms
step:112/3250 train_time:42.532s step_avg:379.75ms
step:113/3250 train_time:42.832s step_avg:379.04ms
step:114/3250 train_time:43.131s step_avg:378.34ms
step:115/3250 train_time:43.429s step_avg:377.65ms
step:116/3250 train_time:43.730s step_avg:376.98ms
step:117/3250 train_time:44.029s step_avg:376.32ms
step:118/3250 train_time:44.330s step_avg:375.67ms
step:119/3250 train_time:44.630s step_avg:375.04ms
step:120/3250 train_time:44.930s step_avg:374.41ms
step:121/3250 train_time:45.230s step_avg:373.80ms
step:122/3250 train_time:45.529s step_avg:373.19ms
step:123/3250 train_time:45.829s step_avg:372.60ms
step:124/3250 train_time:46.130s step_avg:372.02ms
step:125/3250 train_time:46.430s step_avg:371.44ms
step:125/3250 val_loss:4.58806 train_time:46.434s step_avg:371.47ms
step:126/3250 train_time:46.728s step_avg:370.86ms
step:127/3250 train_time:47.028s step_avg:370.30ms
step:128/3250 train_time:47.326s step_avg:369.73ms
step:129/3250 train_time:47.625s step_avg:369.18ms
step:130/3250 train_time:47.925s step_avg:368.66ms
step:131/3250 train_time:48.225s step_avg:368.13ms
step:132/3250 train_time:48.526s step_avg:367.62ms
step:133/3250 train_time:48.827s step_avg:367.12ms
step:134/3250 train_time:49.127s step_avg:366.62ms
step:135/3250 train_time:49.427s step_avg:366.12ms
step:136/3250 train_time:49.727s step_avg:365.64ms
step:137/3250 train_time:50.025s step_avg:365.14ms
step:138/3250 train_time:50.325s step_avg:364.67ms
step:139/3250 train_time:50.626s step_avg:364.21ms
step:140/3250 train_time:50.926s step_avg:363.75ms
step:141/3250 train_time:51.225s step_avg:363.29ms
step:142/3250 train_time:51.525s step_avg:362.85ms
step:143/3250 train_time:51.824s step_avg:362.41ms
step:144/3250 train_time:52.125s step_avg:361.98ms
step:145/3250 train_time:52.427s step_avg:361.57ms
step:146/3250 train_time:52.728s step_avg:361.15ms
step:147/3250 train_time:53.025s step_avg:360.71ms
step:148/3250 train_time:53.325s step_avg:360.30ms
step:149/3250 train_time:53.625s step_avg:359.90ms
step:150/3250 train_time:53.927s step_avg:359.51ms
step:151/3250 train_time:54.225s step_avg:359.11ms
step:152/3250 train_time:54.527s step_avg:358.73ms
step:153/3250 train_time:54.826s step_avg:358.34ms
step:154/3250 train_time:55.127s step_avg:357.97ms
step:155/3250 train_time:55.426s step_avg:357.59ms
step:156/3250 train_time:55.727s step_avg:357.23ms
step:157/3250 train_time:56.026s step_avg:356.85ms
step:158/3250 train_time:56.326s step_avg:356.49ms
step:159/3250 train_time:56.625s step_avg:356.13ms
step:160/3250 train_time:56.924s step_avg:355.78ms
step:161/3250 train_time:57.225s step_avg:355.43ms
step:162/3250 train_time:57.524s step_avg:355.09ms
step:163/3250 train_time:57.825s step_avg:354.75ms
step:164/3250 train_time:58.125s step_avg:354.42ms
step:165/3250 train_time:58.425s step_avg:354.09ms
step:166/3250 train_time:58.724s step_avg:353.76ms
step:167/3250 train_time:59.025s step_avg:353.44ms
step:168/3250 train_time:59.324s step_avg:353.12ms
step:169/3250 train_time:59.624s step_avg:352.80ms
step:170/3250 train_time:59.925s step_avg:352.50ms
step:171/3250 train_time:60.224s step_avg:352.19ms
step:172/3250 train_time:60.525s step_avg:351.89ms
step:173/3250 train_time:60.826s step_avg:351.59ms
step:174/3250 train_time:61.126s step_avg:351.30ms
step:175/3250 train_time:61.424s step_avg:351.00ms
step:176/3250 train_time:61.725s step_avg:350.71ms
step:177/3250 train_time:62.025s step_avg:350.42ms
step:178/3250 train_time:62.324s step_avg:350.13ms
step:179/3250 train_time:62.624s step_avg:349.86ms
step:180/3250 train_time:62.924s step_avg:349.58ms
step:181/3250 train_time:63.225s step_avg:349.31ms
step:182/3250 train_time:63.523s step_avg:349.03ms
step:183/3250 train_time:63.823s step_avg:348.76ms
step:184/3250 train_time:64.124s step_avg:348.50ms
step:185/3250 train_time:64.425s step_avg:348.24ms
step:186/3250 train_time:64.724s step_avg:347.98ms
step:187/3250 train_time:65.025s step_avg:347.73ms
step:188/3250 train_time:65.325s step_avg:347.47ms
step:189/3250 train_time:65.624s step_avg:347.22ms
step:190/3250 train_time:65.925s step_avg:346.98ms
step:191/3250 train_time:66.578s step_avg:348.58ms
step:192/3250 train_time:66.874s step_avg:348.30ms
step:193/3250 train_time:67.169s step_avg:348.02ms
step:194/3250 train_time:67.469s step_avg:347.78ms
step:195/3250 train_time:67.769s step_avg:347.54ms
step:196/3250 train_time:68.067s step_avg:347.28ms
step:197/3250 train_time:68.364s step_avg:347.02ms
step:198/3250 train_time:68.666s step_avg:346.80ms
step:199/3250 train_time:68.966s step_avg:346.56ms
step:200/3250 train_time:69.265s step_avg:346.32ms
step:201/3250 train_time:69.564s step_avg:346.09ms
step:202/3250 train_time:69.866s step_avg:345.87ms
step:203/3250 train_time:70.165s step_avg:345.64ms
step:204/3250 train_time:70.464s step_avg:345.41ms
step:205/3250 train_time:70.765s step_avg:345.19ms
step:206/3250 train_time:71.067s step_avg:344.98ms
step:207/3250 train_time:71.364s step_avg:344.75ms
step:208/3250 train_time:71.664s step_avg:344.54ms
step:209/3250 train_time:71.966s step_avg:344.33ms
step:210/3250 train_time:72.266s step_avg:344.12ms
step:211/3250 train_time:72.565s step_avg:343.91ms
step:212/3250 train_time:72.864s step_avg:343.70ms
step:213/3250 train_time:73.164s step_avg:343.49ms
step:214/3250 train_time:73.463s step_avg:343.28ms
step:215/3250 train_time:73.764s step_avg:343.09ms
step:216/3250 train_time:74.065s step_avg:342.89ms
step:217/3250 train_time:74.365s step_avg:342.70ms
step:218/3250 train_time:74.665s step_avg:342.50ms
step:219/3250 train_time:74.965s step_avg:342.31ms
step:220/3250 train_time:75.266s step_avg:342.12ms
step:221/3250 train_time:75.564s step_avg:341.92ms
step:222/3250 train_time:75.864s step_avg:341.73ms
step:223/3250 train_time:76.165s step_avg:341.55ms
step:224/3250 train_time:76.464s step_avg:341.36ms
step:225/3250 train_time:76.764s step_avg:341.17ms
step:226/3250 train_time:77.065s step_avg:341.00ms
step:227/3250 train_time:77.366s step_avg:340.82ms
step:228/3250 train_time:77.664s step_avg:340.63ms
step:229/3250 train_time:77.964s step_avg:340.45ms
step:230/3250 train_time:78.266s step_avg:340.29ms
step:231/3250 train_time:78.565s step_avg:340.11ms
step:232/3250 train_time:78.864s step_avg:339.93ms
step:233/3250 train_time:79.166s step_avg:339.77ms
step:234/3250 train_time:79.466s step_avg:339.60ms
step:235/3250 train_time:79.765s step_avg:339.43ms
step:236/3250 train_time:80.064s step_avg:339.26ms
step:237/3250 train_time:80.365s step_avg:339.09ms
step:238/3250 train_time:80.664s step_avg:338.92ms
step:239/3250 train_time:80.963s step_avg:338.76ms
step:240/3250 train_time:81.266s step_avg:338.61ms
step:241/3250 train_time:81.565s step_avg:338.44ms
step:242/3250 train_time:81.864s step_avg:338.28ms
step:243/3250 train_time:82.165s step_avg:338.13ms
step:244/3250 train_time:82.465s step_avg:337.97ms
step:245/3250 train_time:82.763s step_avg:337.81ms
step:246/3250 train_time:83.063s step_avg:337.66ms
step:247/3250 train_time:83.364s step_avg:337.51ms
step:248/3250 train_time:83.664s step_avg:337.36ms
step:249/3250 train_time:83.963s step_avg:337.20ms
step:250/3250 train_time:84.264s step_avg:337.06ms
step:250/3250 val_loss:4.09944 train_time:84.268s step_avg:302.67ms
step:251/3250 train_time:84.561s step_avg:336.90ms
step:252/3250 train_time:84.856s step_avg:336.73ms
step:253/3250 train_time:85.154s step_avg:336.58ms
step:254/3250 train_time:85.454s step_avg:336.43ms
step:255/3250 train_time:85.753s step_avg:336.29ms
step:256/3250 train_time:86.052s step_avg:336.14ms
step:257/3250 train_time:86.353s step_avg:336.01ms
step:258/3250 train_time:86.652s step_avg:335.86ms
step:259/3250 train_time:86.951s step_avg:335.72ms
step:260/3250 train_time:87.251s step_avg:335.58ms
step:261/3250 train_time:87.550s step_avg:335.44ms
step:262/3250 train_time:87.850s step_avg:335.30ms
step:263/3250 train_time:88.150s step_avg:335.17ms
step:264/3250 train_time:88.450s step_avg:335.04ms
step:265/3250 train_time:88.750s step_avg:334.91ms
step:266/3250 train_time:89.051s step_avg:334.78ms
step:267/3250 train_time:89.352s step_avg:334.65ms
step:268/3250 train_time:89.651s step_avg:334.52ms
step:269/3250 train_time:89.952s step_avg:334.39ms
step:270/3250 train_time:90.251s step_avg:334.26ms
step:271/3250 train_time:90.553s step_avg:334.14ms
step:272/3250 train_time:90.852s step_avg:334.02ms
step:273/3250 train_time:91.152s step_avg:333.89ms
step:274/3250 train_time:91.453s step_avg:333.77ms
step:275/3250 train_time:91.752s step_avg:333.64ms
step:276/3250 train_time:92.052s step_avg:333.52ms
step:277/3250 train_time:92.351s step_avg:333.40ms
step:278/3250 train_time:92.652s step_avg:333.28ms
step:279/3250 train_time:92.951s step_avg:333.16ms
step:280/3250 train_time:93.252s step_avg:333.04ms
step:281/3250 train_time:93.553s step_avg:332.93ms
step:282/3250 train_time:93.853s step_avg:332.81ms
step:283/3250 train_time:94.158s step_avg:332.71ms
step:284/3250 train_time:94.453s step_avg:332.58ms
step:285/3250 train_time:94.757s step_avg:332.48ms
step:286/3250 train_time:95.052s step_avg:332.35ms
step:287/3250 train_time:95.351s step_avg:332.23ms
step:288/3250 train_time:95.653s step_avg:332.13ms
step:289/3250 train_time:95.951s step_avg:332.01ms
step:290/3250 train_time:96.253s step_avg:331.91ms
step:291/3250 train_time:96.554s step_avg:331.80ms
step:292/3250 train_time:96.854s step_avg:331.69ms
step:293/3250 train_time:97.154s step_avg:331.58ms
step:294/3250 train_time:97.455s step_avg:331.48ms
step:295/3250 train_time:97.753s step_avg:331.37ms
step:296/3250 train_time:98.052s step_avg:331.26ms
step:297/3250 train_time:98.352s step_avg:331.15ms
step:298/3250 train_time:98.653s step_avg:331.05ms
step:299/3250 train_time:98.951s step_avg:330.94ms
step:300/3250 train_time:99.252s step_avg:330.84ms
step:301/3250 train_time:99.551s step_avg:330.73ms
step:302/3250 train_time:99.851s step_avg:330.63ms
step:303/3250 train_time:100.152s step_avg:330.53ms
step:304/3250 train_time:100.452s step_avg:330.43ms
step:305/3250 train_time:100.752s step_avg:330.33ms
step:306/3250 train_time:101.054s step_avg:330.24ms
step:307/3250 train_time:101.356s step_avg:330.15ms
step:308/3250 train_time:101.651s step_avg:330.04ms
step:309/3250 train_time:101.951s step_avg:329.94ms
step:310/3250 train_time:102.253s step_avg:329.85ms
step:311/3250 train_time:102.553s step_avg:329.75ms
step:312/3250 train_time:102.852s step_avg:329.65ms
step:313/3250 train_time:103.154s step_avg:329.56ms
step:314/3250 train_time:103.451s step_avg:329.46ms
step:315/3250 train_time:103.750s step_avg:329.37ms
step:316/3250 train_time:104.051s step_avg:329.28ms
step:317/3250 train_time:104.350s step_avg:329.18ms
step:318/3250 train_time:104.650s step_avg:329.09ms
step:319/3250 train_time:104.950s step_avg:329.00ms
step:320/3250 train_time:105.250s step_avg:328.90ms
step:321/3250 train_time:105.549s step_avg:328.81ms
step:322/3250 train_time:105.850s step_avg:328.73ms
step:323/3250 train_time:106.150s step_avg:328.64ms
step:324/3250 train_time:106.450s step_avg:328.55ms
step:325/3250 train_time:106.750s step_avg:328.46ms
step:326/3250 train_time:107.050s step_avg:328.37ms
step:327/3250 train_time:107.350s step_avg:328.29ms
step:328/3250 train_time:107.650s step_avg:328.20ms
step:329/3250 train_time:107.951s step_avg:328.12ms
step:330/3250 train_time:108.251s step_avg:328.03ms
step:331/3250 train_time:108.550s step_avg:327.95ms
step:332/3250 train_time:108.849s step_avg:327.86ms
step:333/3250 train_time:109.150s step_avg:327.78ms
step:334/3250 train_time:109.451s step_avg:327.70ms
step:335/3250 train_time:109.751s step_avg:327.61ms
step:336/3250 train_time:110.050s step_avg:327.53ms
step:337/3250 train_time:110.352s step_avg:327.45ms
step:338/3250 train_time:110.651s step_avg:327.37ms
step:339/3250 train_time:110.952s step_avg:327.29ms
step:340/3250 train_time:111.251s step_avg:327.21ms
step:341/3250 train_time:111.551s step_avg:327.13ms
step:342/3250 train_time:111.849s step_avg:327.05ms
step:343/3250 train_time:112.151s step_avg:326.97ms
step:344/3250 train_time:112.451s step_avg:326.89ms
step:345/3250 train_time:112.751s step_avg:326.82ms
step:346/3250 train_time:113.050s step_avg:326.73ms
step:347/3250 train_time:113.351s step_avg:326.66ms
step:348/3250 train_time:113.652s step_avg:326.59ms
step:349/3250 train_time:113.951s step_avg:326.51ms
step:350/3250 train_time:114.250s step_avg:326.43ms
step:351/3250 train_time:114.551s step_avg:326.36ms
step:352/3250 train_time:114.851s step_avg:326.28ms
step:353/3250 train_time:115.150s step_avg:326.20ms
step:354/3250 train_time:115.451s step_avg:326.13ms
step:355/3250 train_time:115.752s step_avg:326.06ms
step:356/3250 train_time:116.053s step_avg:325.99ms
step:357/3250 train_time:116.351s step_avg:325.91ms
step:358/3250 train_time:116.652s step_avg:325.84ms
step:359/3250 train_time:116.955s step_avg:325.78ms
step:360/3250 train_time:117.250s step_avg:325.69ms
step:361/3250 train_time:117.551s step_avg:325.63ms
step:362/3250 train_time:117.852s step_avg:325.56ms
step:363/3250 train_time:118.152s step_avg:325.49ms
step:364/3250 train_time:118.451s step_avg:325.41ms
step:365/3250 train_time:118.753s step_avg:325.35ms
step:366/3250 train_time:119.052s step_avg:325.28ms
step:367/3250 train_time:119.351s step_avg:325.21ms
step:368/3250 train_time:119.650s step_avg:325.14ms
step:369/3250 train_time:119.951s step_avg:325.07ms
step:370/3250 train_time:120.250s step_avg:325.00ms
step:371/3250 train_time:120.550s step_avg:324.93ms
step:372/3250 train_time:120.851s step_avg:324.87ms
step:373/3250 train_time:121.151s step_avg:324.80ms
step:374/3250 train_time:121.451s step_avg:324.74ms
step:375/3250 train_time:121.751s step_avg:324.67ms
step:375/3250 val_loss:3.92349 train_time:121.755s step_avg:299.90ms
step:376/3250 train_time:122.051s step_avg:324.60ms
step:377/3250 train_time:122.349s step_avg:324.53ms
step:378/3250 train_time:122.648s step_avg:324.46ms
step:379/3250 train_time:122.950s step_avg:324.41ms
step:380/3250 train_time:123.246s step_avg:324.33ms
step:381/3250 train_time:123.593s step_avg:324.39ms
step:382/3250 train_time:123.889s step_avg:324.32ms
step:383/3250 train_time:124.186s step_avg:324.25ms
step:384/3250 train_time:124.489s step_avg:324.19ms
step:385/3250 train_time:124.787s step_avg:324.12ms
step:386/3250 train_time:125.085s step_avg:324.06ms
step:387/3250 train_time:125.388s step_avg:324.00ms
step:388/3250 train_time:125.687s step_avg:323.94ms
step:389/3250 train_time:125.986s step_avg:323.87ms
step:390/3250 train_time:126.287s step_avg:323.81ms
step:391/3250 train_time:126.589s step_avg:323.76ms
step:392/3250 train_time:126.888s step_avg:323.69ms
step:393/3250 train_time:127.185s step_avg:323.63ms
step:394/3250 train_time:127.487s step_avg:323.57ms
step:395/3250 train_time:127.786s step_avg:323.51ms
step:396/3250 train_time:128.085s step_avg:323.45ms
step:397/3250 train_time:128.385s step_avg:323.39ms
step:398/3250 train_time:128.687s step_avg:323.33ms
step:399/3250 train_time:128.985s step_avg:323.27ms
step:400/3250 train_time:129.286s step_avg:323.21ms
step:401/3250 train_time:129.586s step_avg:323.16ms
step:402/3250 train_time:129.887s step_avg:323.10ms
step:403/3250 train_time:130.186s step_avg:323.04ms
step:404/3250 train_time:130.486s step_avg:322.99ms
step:405/3250 train_time:130.787s step_avg:322.93ms
step:406/3250 train_time:131.086s step_avg:322.87ms
step:407/3250 train_time:131.385s step_avg:322.81ms
step:408/3250 train_time:131.685s step_avg:322.76ms
step:409/3250 train_time:131.986s step_avg:322.70ms
step:410/3250 train_time:132.286s step_avg:322.65ms
step:411/3250 train_time:132.587s step_avg:322.60ms
step:412/3250 train_time:132.887s step_avg:322.54ms
step:413/3250 train_time:133.186s step_avg:322.48ms
step:414/3250 train_time:133.486s step_avg:322.43ms
step:415/3250 train_time:133.787s step_avg:322.38ms
step:416/3250 train_time:134.086s step_avg:322.32ms
step:417/3250 train_time:134.387s step_avg:322.27ms
step:418/3250 train_time:134.686s step_avg:322.21ms
step:419/3250 train_time:134.987s step_avg:322.17ms
step:420/3250 train_time:135.289s step_avg:322.12ms
step:421/3250 train_time:135.588s step_avg:322.06ms
step:422/3250 train_time:135.888s step_avg:322.01ms
step:423/3250 train_time:136.188s step_avg:321.96ms
step:424/3250 train_time:136.486s step_avg:321.90ms
step:425/3250 train_time:136.787s step_avg:321.85ms
step:426/3250 train_time:137.087s step_avg:321.80ms
step:427/3250 train_time:137.386s step_avg:321.75ms
step:428/3250 train_time:137.686s step_avg:321.70ms
step:429/3250 train_time:137.987s step_avg:321.65ms
step:430/3250 train_time:138.286s step_avg:321.60ms
step:431/3250 train_time:138.588s step_avg:321.55ms
step:432/3250 train_time:138.886s step_avg:321.50ms
step:433/3250 train_time:139.188s step_avg:321.45ms
step:434/3250 train_time:139.486s step_avg:321.40ms
step:435/3250 train_time:139.786s step_avg:321.35ms
step:436/3250 train_time:140.086s step_avg:321.30ms
step:437/3250 train_time:140.387s step_avg:321.25ms
step:438/3250 train_time:140.686s step_avg:321.20ms
step:439/3250 train_time:140.987s step_avg:321.16ms
step:440/3250 train_time:141.287s step_avg:321.11ms
step:441/3250 train_time:141.587s step_avg:321.06ms
step:442/3250 train_time:141.889s step_avg:321.02ms
step:443/3250 train_time:142.196s step_avg:320.98ms
step:444/3250 train_time:142.495s step_avg:320.94ms
step:445/3250 train_time:142.790s step_avg:320.88ms
step:446/3250 train_time:143.090s step_avg:320.83ms
step:447/3250 train_time:143.390s step_avg:320.78ms
step:448/3250 train_time:143.689s step_avg:320.74ms
step:449/3250 train_time:143.988s step_avg:320.69ms
step:450/3250 train_time:144.288s step_avg:320.64ms
step:451/3250 train_time:144.587s step_avg:320.59ms
step:452/3250 train_time:144.888s step_avg:320.55ms
step:453/3250 train_time:145.186s step_avg:320.50ms
step:454/3250 train_time:145.485s step_avg:320.45ms
step:455/3250 train_time:145.785s step_avg:320.41ms
step:456/3250 train_time:146.086s step_avg:320.36ms
step:457/3250 train_time:146.385s step_avg:320.32ms
step:458/3250 train_time:146.686s step_avg:320.28ms
step:459/3250 train_time:146.988s step_avg:320.23ms
step:460/3250 train_time:147.287s step_avg:320.19ms
step:461/3250 train_time:147.587s step_avg:320.14ms
step:462/3250 train_time:147.887s step_avg:320.10ms
step:463/3250 train_time:148.188s step_avg:320.06ms
step:464/3250 train_time:148.487s step_avg:320.01ms
step:465/3250 train_time:148.786s step_avg:319.97ms
step:466/3250 train_time:149.086s step_avg:319.93ms
step:467/3250 train_time:149.387s step_avg:319.89ms
step:468/3250 train_time:149.685s step_avg:319.84ms
step:469/3250 train_time:149.987s step_avg:319.80ms
step:470/3250 train_time:150.288s step_avg:319.76ms
step:471/3250 train_time:150.587s step_avg:319.72ms
step:472/3250 train_time:150.886s step_avg:319.67ms
step:473/3250 train_time:151.188s step_avg:319.64ms
step:474/3250 train_time:151.487s step_avg:319.59ms
step:475/3250 train_time:151.788s step_avg:319.55ms
step:476/3250 train_time:152.089s step_avg:319.52ms
step:477/3250 train_time:152.389s step_avg:319.47ms
step:478/3250 train_time:152.686s step_avg:319.43ms
step:479/3250 train_time:152.986s step_avg:319.39ms
step:480/3250 train_time:153.285s step_avg:319.34ms
step:481/3250 train_time:153.586s step_avg:319.31ms
step:482/3250 train_time:153.886s step_avg:319.27ms
step:483/3250 train_time:154.186s step_avg:319.23ms
step:484/3250 train_time:154.486s step_avg:319.19ms
step:485/3250 train_time:154.786s step_avg:319.15ms
step:486/3250 train_time:155.086s step_avg:319.11ms
step:487/3250 train_time:155.386s step_avg:319.07ms
step:488/3250 train_time:155.686s step_avg:319.03ms
step:489/3250 train_time:155.986s step_avg:318.99ms
step:490/3250 train_time:156.286s step_avg:318.95ms
step:491/3250 train_time:156.587s step_avg:318.91ms
step:492/3250 train_time:156.886s step_avg:318.87ms
step:493/3250 train_time:157.186s step_avg:318.84ms
step:494/3250 train_time:157.485s step_avg:318.80ms
step:495/3250 train_time:157.785s step_avg:318.76ms
step:496/3250 train_time:158.086s step_avg:318.72ms
step:497/3250 train_time:158.386s step_avg:318.68ms
step:498/3250 train_time:158.686s step_avg:318.65ms
step:499/3250 train_time:158.986s step_avg:318.61ms
step:500/3250 train_time:159.286s step_avg:318.57ms
step:500/3250 val_loss:3.82592 train_time:159.289s step_avg:300.28ms
step:501/3250 train_time:159.585s step_avg:318.53ms
step:502/3250 train_time:159.883s step_avg:318.49ms
step:503/3250 train_time:160.181s step_avg:318.45ms
step:504/3250 train_time:160.482s step_avg:318.42ms
step:505/3250 train_time:160.782s step_avg:318.38ms
step:506/3250 train_time:161.081s step_avg:318.34ms
step:507/3250 train_time:161.382s step_avg:318.31ms
step:508/3250 train_time:161.683s step_avg:318.27ms
step:509/3250 train_time:161.982s step_avg:318.23ms
step:510/3250 train_time:162.280s step_avg:318.20ms
step:511/3250 train_time:162.581s step_avg:318.16ms
step:512/3250 train_time:162.881s step_avg:318.13ms
step:513/3250 train_time:163.181s step_avg:318.09ms
step:514/3250 train_time:163.481s step_avg:318.06ms
step:515/3250 train_time:163.780s step_avg:318.02ms
step:516/3250 train_time:164.081s step_avg:317.99ms
step:517/3250 train_time:164.380s step_avg:317.95ms
step:518/3250 train_time:164.680s step_avg:317.91ms
step:519/3250 train_time:164.981s step_avg:317.88ms
step:520/3250 train_time:165.281s step_avg:317.85ms
step:521/3250 train_time:165.582s step_avg:317.82ms
step:522/3250 train_time:165.881s step_avg:317.78ms
step:523/3250 train_time:166.182s step_avg:317.75ms
step:524/3250 train_time:166.482s step_avg:317.71ms
step:525/3250 train_time:166.783s step_avg:317.68ms
step:526/3250 train_time:167.081s step_avg:317.64ms
step:527/3250 train_time:167.383s step_avg:317.61ms
step:528/3250 train_time:167.681s step_avg:317.58ms
step:529/3250 train_time:167.980s step_avg:317.54ms
step:530/3250 train_time:168.281s step_avg:317.51ms
step:531/3250 train_time:168.581s step_avg:317.48ms
step:532/3250 train_time:168.880s step_avg:317.44ms
step:533/3250 train_time:169.181s step_avg:317.41ms
step:534/3250 train_time:169.482s step_avg:317.38ms
step:535/3250 train_time:169.781s step_avg:317.35ms
step:536/3250 train_time:170.081s step_avg:317.32ms
step:537/3250 train_time:170.382s step_avg:317.28ms
step:538/3250 train_time:170.681s step_avg:317.25ms
step:539/3250 train_time:170.981s step_avg:317.22ms
step:540/3250 train_time:171.282s step_avg:317.19ms
step:541/3250 train_time:171.581s step_avg:317.16ms
step:542/3250 train_time:171.881s step_avg:317.12ms
step:543/3250 train_time:172.181s step_avg:317.09ms
step:544/3250 train_time:172.481s step_avg:317.06ms
step:545/3250 train_time:172.781s step_avg:317.03ms
step:546/3250 train_time:173.082s step_avg:317.00ms
step:547/3250 train_time:173.380s step_avg:316.97ms
step:548/3250 train_time:173.681s step_avg:316.94ms
step:549/3250 train_time:173.980s step_avg:316.90ms
step:550/3250 train_time:174.281s step_avg:316.87ms
step:551/3250 train_time:174.580s step_avg:316.84ms
step:552/3250 train_time:174.882s step_avg:316.81ms
step:553/3250 train_time:175.182s step_avg:316.78ms
step:554/3250 train_time:175.481s step_avg:316.75ms
step:555/3250 train_time:175.782s step_avg:316.72ms
step:556/3250 train_time:176.081s step_avg:316.69ms
step:557/3250 train_time:176.381s step_avg:316.66ms
step:558/3250 train_time:176.683s step_avg:316.64ms
step:559/3250 train_time:176.982s step_avg:316.60ms
step:560/3250 train_time:177.282s step_avg:316.57ms
step:561/3250 train_time:177.585s step_avg:316.55ms
step:562/3250 train_time:177.884s step_avg:316.52ms
step:563/3250 train_time:178.183s step_avg:316.49ms
step:564/3250 train_time:178.482s step_avg:316.46ms
step:565/3250 train_time:178.781s step_avg:316.43ms
step:566/3250 train_time:179.081s step_avg:316.40ms
step:567/3250 train_time:179.382s step_avg:316.37ms
step:568/3250 train_time:179.682s step_avg:316.34ms
step:569/3250 train_time:179.983s step_avg:316.31ms
step:570/3250 train_time:180.285s step_avg:316.29ms
step:571/3250 train_time:180.625s step_avg:316.33ms
step:572/3250 train_time:180.924s step_avg:316.30ms
step:573/3250 train_time:181.219s step_avg:316.26ms
step:574/3250 train_time:181.525s step_avg:316.25ms
step:575/3250 train_time:181.822s step_avg:316.21ms
step:576/3250 train_time:182.120s step_avg:316.18ms
step:577/3250 train_time:182.424s step_avg:316.16ms
step:578/3250 train_time:182.723s step_avg:316.13ms
step:579/3250 train_time:183.021s step_avg:316.10ms
step:580/3250 train_time:183.323s step_avg:316.07ms
step:581/3250 train_time:183.624s step_avg:316.05ms
step:582/3250 train_time:183.921s step_avg:316.02ms
step:583/3250 train_time:184.220s step_avg:315.99ms
step:584/3250 train_time:184.522s step_avg:315.96ms
step:585/3250 train_time:184.823s step_avg:315.94ms
step:586/3250 train_time:185.122s step_avg:315.91ms
step:587/3250 train_time:185.427s step_avg:315.89ms
step:588/3250 train_time:185.723s step_avg:315.86ms
step:589/3250 train_time:186.022s step_avg:315.83ms
step:590/3250 train_time:186.322s step_avg:315.80ms
step:591/3250 train_time:186.622s step_avg:315.77ms
step:592/3250 train_time:186.921s step_avg:315.74ms
step:593/3250 train_time:187.221s step_avg:315.72ms
step:594/3250 train_time:187.521s step_avg:315.69ms
step:595/3250 train_time:187.823s step_avg:315.67ms
step:596/3250 train_time:188.123s step_avg:315.64ms
step:597/3250 train_time:188.420s step_avg:315.61ms
step:598/3250 train_time:188.721s step_avg:315.59ms
step:599/3250 train_time:189.021s step_avg:315.56ms
step:600/3250 train_time:189.320s step_avg:315.53ms
step:601/3250 train_time:189.620s step_avg:315.51ms
step:602/3250 train_time:189.920s step_avg:315.48ms
step:603/3250 train_time:190.221s step_avg:315.46ms
step:604/3250 train_time:190.520s step_avg:315.43ms
step:605/3250 train_time:190.820s step_avg:315.41ms
step:606/3250 train_time:191.121s step_avg:315.38ms
step:607/3250 train_time:191.422s step_avg:315.36ms
step:608/3250 train_time:191.721s step_avg:315.33ms
step:609/3250 train_time:192.021s step_avg:315.30ms
step:610/3250 train_time:192.321s step_avg:315.28ms
step:611/3250 train_time:192.620s step_avg:315.25ms
step:612/3250 train_time:192.921s step_avg:315.23ms
step:613/3250 train_time:193.221s step_avg:315.21ms
step:614/3250 train_time:193.521s step_avg:315.18ms
step:615/3250 train_time:193.822s step_avg:315.16ms
step:616/3250 train_time:194.121s step_avg:315.13ms
step:617/3250 train_time:194.421s step_avg:315.11ms
step:618/3250 train_time:194.721s step_avg:315.08ms
step:619/3250 train_time:195.021s step_avg:315.06ms
step:620/3250 train_time:195.321s step_avg:315.03ms
step:621/3250 train_time:195.620s step_avg:315.01ms
step:622/3250 train_time:195.920s step_avg:314.98ms
step:623/3250 train_time:196.221s step_avg:314.96ms
step:624/3250 train_time:196.522s step_avg:314.94ms
step:625/3250 train_time:196.821s step_avg:314.91ms
step:625/3250 val_loss:3.76299 train_time:196.825s step_avg:300.29ms
step:626/3250 train_time:197.118s step_avg:314.89ms
step:627/3250 train_time:197.417s step_avg:314.86ms
step:628/3250 train_time:197.717s step_avg:314.84ms
step:629/3250 train_time:198.015s step_avg:314.81ms
step:630/3250 train_time:198.313s step_avg:314.78ms
step:631/3250 train_time:198.614s step_avg:314.76ms
step:632/3250 train_time:198.915s step_avg:314.74ms
step:633/3250 train_time:199.215s step_avg:314.72ms
step:634/3250 train_time:199.512s step_avg:314.69ms
step:635/3250 train_time:199.813s step_avg:314.67ms
step:636/3250 train_time:200.113s step_avg:314.64ms
step:637/3250 train_time:200.415s step_avg:314.62ms
step:638/3250 train_time:200.714s step_avg:314.60ms
step:639/3250 train_time:201.013s step_avg:314.57ms
step:640/3250 train_time:201.314s step_avg:314.55ms
step:641/3250 train_time:201.614s step_avg:314.53ms
step:642/3250 train_time:201.913s step_avg:314.51ms
step:643/3250 train_time:202.213s step_avg:314.48ms
step:644/3250 train_time:202.515s step_avg:314.46ms
step:645/3250 train_time:202.814s step_avg:314.44ms
step:646/3250 train_time:203.113s step_avg:314.42ms
step:647/3250 train_time:203.414s step_avg:314.40ms
step:648/3250 train_time:203.713s step_avg:314.37ms
step:649/3250 train_time:204.013s step_avg:314.35ms
step:650/3250 train_time:204.314s step_avg:314.33ms
step:651/3250 train_time:204.615s step_avg:314.31ms
step:652/3250 train_time:204.916s step_avg:314.29ms
step:653/3250 train_time:205.214s step_avg:314.26ms
step:654/3250 train_time:205.515s step_avg:314.24ms
step:655/3250 train_time:205.815s step_avg:314.22ms
step:656/3250 train_time:206.113s step_avg:314.20ms
step:657/3250 train_time:206.413s step_avg:314.18ms
step:658/3250 train_time:206.713s step_avg:314.15ms
step:659/3250 train_time:207.013s step_avg:314.13ms
step:660/3250 train_time:207.312s step_avg:314.11ms
step:661/3250 train_time:207.613s step_avg:314.09ms
step:662/3250 train_time:207.914s step_avg:314.07ms
step:663/3250 train_time:208.213s step_avg:314.05ms
step:664/3250 train_time:208.515s step_avg:314.03ms
step:665/3250 train_time:208.816s step_avg:314.01ms
step:666/3250 train_time:209.113s step_avg:313.98ms
step:667/3250 train_time:209.413s step_avg:313.96ms
step:668/3250 train_time:209.714s step_avg:313.94ms
step:669/3250 train_time:210.014s step_avg:313.92ms
step:670/3250 train_time:210.314s step_avg:313.90ms
step:671/3250 train_time:210.614s step_avg:313.88ms
step:672/3250 train_time:210.914s step_avg:313.86ms
step:673/3250 train_time:211.213s step_avg:313.84ms
step:674/3250 train_time:211.513s step_avg:313.82ms
step:675/3250 train_time:211.814s step_avg:313.80ms
step:676/3250 train_time:212.113s step_avg:313.78ms
step:677/3250 train_time:212.413s step_avg:313.76ms
step:678/3250 train_time:212.713s step_avg:313.74ms
step:679/3250 train_time:213.014s step_avg:313.72ms
step:680/3250 train_time:213.314s step_avg:313.70ms
step:681/3250 train_time:213.614s step_avg:313.68ms
step:682/3250 train_time:213.915s step_avg:313.66ms
step:683/3250 train_time:214.215s step_avg:313.64ms
step:684/3250 train_time:214.515s step_avg:313.62ms
step:685/3250 train_time:214.814s step_avg:313.60ms
step:686/3250 train_time:215.113s step_avg:313.58ms
step:687/3250 train_time:215.416s step_avg:313.56ms
step:688/3250 train_time:215.714s step_avg:313.54ms
step:689/3250 train_time:216.014s step_avg:313.52ms
step:690/3250 train_time:216.313s step_avg:313.50ms
step:691/3250 train_time:216.613s step_avg:313.48ms
step:692/3250 train_time:216.913s step_avg:313.46ms
step:693/3250 train_time:217.214s step_avg:313.44ms
step:694/3250 train_time:217.513s step_avg:313.42ms
step:695/3250 train_time:217.814s step_avg:313.40ms
step:696/3250 train_time:218.117s step_avg:313.39ms
step:697/3250 train_time:218.417s step_avg:313.37ms
step:698/3250 train_time:218.715s step_avg:313.34ms
step:699/3250 train_time:219.015s step_avg:313.33ms
step:700/3250 train_time:219.314s step_avg:313.31ms
step:701/3250 train_time:219.614s step_avg:313.29ms
step:702/3250 train_time:219.915s step_avg:313.27ms
step:703/3250 train_time:220.214s step_avg:313.25ms
step:704/3250 train_time:220.514s step_avg:313.23ms
step:705/3250 train_time:220.816s step_avg:313.21ms
step:706/3250 train_time:221.117s step_avg:313.20ms
step:707/3250 train_time:221.415s step_avg:313.18ms
step:708/3250 train_time:221.716s step_avg:313.16ms
step:709/3250 train_time:222.016s step_avg:313.14ms
step:710/3250 train_time:222.315s step_avg:313.12ms
step:711/3250 train_time:222.613s step_avg:313.10ms
step:712/3250 train_time:222.913s step_avg:313.08ms
step:713/3250 train_time:223.215s step_avg:313.06ms
step:714/3250 train_time:223.516s step_avg:313.05ms
step:715/3250 train_time:223.815s step_avg:313.03ms
step:716/3250 train_time:224.114s step_avg:313.01ms
step:717/3250 train_time:224.415s step_avg:312.99ms
step:718/3250 train_time:224.714s step_avg:312.97ms
step:719/3250 train_time:225.014s step_avg:312.95ms
step:720/3250 train_time:225.315s step_avg:312.94ms
step:721/3250 train_time:225.618s step_avg:312.92ms
step:722/3250 train_time:225.916s step_avg:312.90ms
step:723/3250 train_time:226.216s step_avg:312.88ms
step:724/3250 train_time:226.516s step_avg:312.87ms
step:725/3250 train_time:226.815s step_avg:312.85ms
step:726/3250 train_time:227.115s step_avg:312.83ms
step:727/3250 train_time:227.416s step_avg:312.81ms
step:728/3250 train_time:227.716s step_avg:312.80ms
step:729/3250 train_time:228.015s step_avg:312.78ms
step:730/3250 train_time:228.314s step_avg:312.76ms
step:731/3250 train_time:228.615s step_avg:312.74ms
step:732/3250 train_time:228.915s step_avg:312.73ms
step:733/3250 train_time:229.214s step_avg:312.71ms
step:734/3250 train_time:229.515s step_avg:312.69ms
step:735/3250 train_time:229.815s step_avg:312.67ms
step:736/3250 train_time:230.115s step_avg:312.66ms
step:737/3250 train_time:230.414s step_avg:312.64ms
step:738/3250 train_time:230.714s step_avg:312.62ms
step:739/3250 train_time:231.014s step_avg:312.60ms
step:740/3250 train_time:231.315s step_avg:312.59ms
step:741/3250 train_time:231.614s step_avg:312.57ms
step:742/3250 train_time:231.915s step_avg:312.55ms
step:743/3250 train_time:232.215s step_avg:312.54ms
step:744/3250 train_time:232.514s step_avg:312.52ms
step:745/3250 train_time:232.815s step_avg:312.50ms
step:746/3250 train_time:233.115s step_avg:312.49ms
step:747/3250 train_time:233.416s step_avg:312.47ms
step:748/3250 train_time:233.714s step_avg:312.45ms
step:749/3250 train_time:234.015s step_avg:312.44ms
step:750/3250 train_time:234.316s step_avg:312.42ms
step:750/3250 val_loss:3.72253 train_time:234.318s step_avg:299.94ms
step:751/3250 train_time:234.615s step_avg:312.40ms
step:752/3250 train_time:234.912s step_avg:312.38ms
step:753/3250 train_time:235.212s step_avg:312.37ms
step:754/3250 train_time:235.513s step_avg:312.35ms
step:755/3250 train_time:235.813s step_avg:312.33ms
step:756/3250 train_time:236.110s step_avg:312.32ms
step:757/3250 train_time:236.412s step_avg:312.30ms
step:758/3250 train_time:236.712s step_avg:312.28ms
step:759/3250 train_time:237.011s step_avg:312.27ms
step:760/3250 train_time:237.311s step_avg:312.25ms
step:761/3250 train_time:237.661s step_avg:312.30ms
step:762/3250 train_time:237.957s step_avg:312.28ms
step:763/3250 train_time:238.253s step_avg:312.26ms
step:764/3250 train_time:238.553s step_avg:312.24ms
step:765/3250 train_time:238.851s step_avg:312.22ms
step:766/3250 train_time:239.152s step_avg:312.21ms
step:767/3250 train_time:239.452s step_avg:312.19ms
step:768/3250 train_time:239.749s step_avg:312.17ms
step:769/3250 train_time:240.049s step_avg:312.16ms
step:770/3250 train_time:240.349s step_avg:312.14ms
step:771/3250 train_time:240.649s step_avg:312.13ms
step:772/3250 train_time:240.949s step_avg:312.11ms
step:773/3250 train_time:241.249s step_avg:312.09ms
step:774/3250 train_time:241.550s step_avg:312.08ms
step:775/3250 train_time:241.850s step_avg:312.06ms
step:776/3250 train_time:242.149s step_avg:312.05ms
step:777/3250 train_time:242.448s step_avg:312.03ms
step:778/3250 train_time:242.748s step_avg:312.02ms
step:779/3250 train_time:243.048s step_avg:312.00ms
step:780/3250 train_time:243.348s step_avg:311.99ms
step:781/3250 train_time:243.647s step_avg:311.97ms
step:782/3250 train_time:243.946s step_avg:311.95ms
step:783/3250 train_time:244.245s step_avg:311.93ms
step:784/3250 train_time:244.542s step_avg:311.92ms
step:785/3250 train_time:244.841s step_avg:311.90ms
step:786/3250 train_time:245.142s step_avg:311.88ms
step:787/3250 train_time:245.441s step_avg:311.87ms
step:788/3250 train_time:245.741s step_avg:311.85ms
step:789/3250 train_time:246.041s step_avg:311.84ms
step:790/3250 train_time:246.341s step_avg:311.82ms
step:791/3250 train_time:246.641s step_avg:311.81ms
step:792/3250 train_time:246.939s step_avg:311.79ms
step:793/3250 train_time:247.238s step_avg:311.78ms
step:794/3250 train_time:247.532s step_avg:311.75ms
step:795/3250 train_time:247.831s step_avg:311.74ms
step:796/3250 train_time:248.130s step_avg:311.72ms
step:797/3250 train_time:248.430s step_avg:311.71ms
step:798/3250 train_time:248.730s step_avg:311.69ms
step:799/3250 train_time:249.030s step_avg:311.68ms
step:800/3250 train_time:249.330s step_avg:311.66ms
step:801/3250 train_time:249.628s step_avg:311.65ms
step:802/3250 train_time:249.929s step_avg:311.63ms
step:803/3250 train_time:250.229s step_avg:311.62ms
step:804/3250 train_time:250.528s step_avg:311.60ms
step:805/3250 train_time:250.828s step_avg:311.59ms
step:806/3250 train_time:251.128s step_avg:311.57ms
step:807/3250 train_time:251.428s step_avg:311.56ms
step:808/3250 train_time:251.728s step_avg:311.55ms
step:809/3250 train_time:252.029s step_avg:311.53ms
step:810/3250 train_time:252.330s step_avg:311.52ms
step:811/3250 train_time:252.630s step_avg:311.50ms
step:812/3250 train_time:252.930s step_avg:311.49ms
step:813/3250 train_time:253.232s step_avg:311.48ms
step:814/3250 train_time:253.531s step_avg:311.46ms
step:815/3250 train_time:253.832s step_avg:311.45ms
step:816/3250 train_time:254.130s step_avg:311.43ms
step:817/3250 train_time:254.429s step_avg:311.42ms
step:818/3250 train_time:254.730s step_avg:311.41ms
step:819/3250 train_time:255.030s step_avg:311.39ms
step:820/3250 train_time:255.332s step_avg:311.38ms
step:821/3250 train_time:255.631s step_avg:311.36ms
step:822/3250 train_time:255.933s step_avg:311.35ms
step:823/3250 train_time:256.228s step_avg:311.33ms
step:824/3250 train_time:256.529s step_avg:311.32ms
step:825/3250 train_time:256.830s step_avg:311.31ms
step:826/3250 train_time:257.130s step_avg:311.30ms
step:827/3250 train_time:257.429s step_avg:311.28ms
step:828/3250 train_time:257.729s step_avg:311.27ms
step:829/3250 train_time:258.030s step_avg:311.25ms
step:830/3250 train_time:258.330s step_avg:311.24ms
step:831/3250 train_time:258.629s step_avg:311.23ms
step:832/3250 train_time:258.930s step_avg:311.21ms
step:833/3250 train_time:259.230s step_avg:311.20ms
step:834/3250 train_time:259.530s step_avg:311.19ms
step:835/3250 train_time:259.830s step_avg:311.17ms
step:836/3250 train_time:260.130s step_avg:311.16ms
step:837/3250 train_time:260.430s step_avg:311.15ms
step:838/3250 train_time:260.732s step_avg:311.14ms
step:839/3250 train_time:261.030s step_avg:311.12ms
step:840/3250 train_time:261.330s step_avg:311.11ms
step:841/3250 train_time:261.628s step_avg:311.09ms
step:842/3250 train_time:261.928s step_avg:311.08ms
step:843/3250 train_time:262.224s step_avg:311.06ms
step:844/3250 train_time:262.521s step_avg:311.04ms
step:845/3250 train_time:262.821s step_avg:311.03ms
step:846/3250 train_time:263.122s step_avg:311.02ms
step:847/3250 train_time:263.425s step_avg:311.01ms
step:848/3250 train_time:263.721s step_avg:310.99ms
step:849/3250 train_time:264.018s step_avg:310.98ms
step:850/3250 train_time:264.314s step_avg:310.96ms
step:851/3250 train_time:264.614s step_avg:310.94ms
step:852/3250 train_time:264.911s step_avg:310.93ms
step:853/3250 train_time:265.211s step_avg:310.92ms
step:854/3250 train_time:265.511s step_avg:310.90ms
step:855/3250 train_time:265.811s step_avg:310.89ms
step:856/3250 train_time:266.110s step_avg:310.88ms
step:857/3250 train_time:266.410s step_avg:310.86ms
step:858/3250 train_time:266.709s step_avg:310.85ms
step:859/3250 train_time:267.010s step_avg:310.84ms
step:860/3250 train_time:267.309s step_avg:310.82ms
step:861/3250 train_time:267.608s step_avg:310.81ms
step:862/3250 train_time:267.905s step_avg:310.79ms
step:863/3250 train_time:268.203s step_avg:310.78ms
step:864/3250 train_time:268.502s step_avg:310.77ms
step:865/3250 train_time:268.805s step_avg:310.76ms
step:866/3250 train_time:269.102s step_avg:310.74ms
step:867/3250 train_time:269.401s step_avg:310.73ms
step:868/3250 train_time:269.701s step_avg:310.72ms
step:869/3250 train_time:270.001s step_avg:310.70ms
step:870/3250 train_time:270.300s step_avg:310.69ms
step:871/3250 train_time:270.597s step_avg:310.67ms
step:872/3250 train_time:270.894s step_avg:310.66ms
step:873/3250 train_time:271.191s step_avg:310.64ms
step:874/3250 train_time:271.491s step_avg:310.63ms
step:875/3250 train_time:271.792s step_avg:310.62ms
step:875/3250 val_loss:3.68310 train_time:271.795s step_avg:299.82ms
step:876/3250 train_time:272.092s step_avg:310.61ms
step:877/3250 train_time:272.392s step_avg:310.60ms
step:878/3250 train_time:272.692s step_avg:310.58ms
step:879/3250 train_time:272.992s step_avg:310.57ms
step:880/3250 train_time:273.292s step_avg:310.56ms
step:881/3250 train_time:273.591s step_avg:310.55ms
step:882/3250 train_time:273.891s step_avg:310.53ms
step:883/3250 train_time:274.192s step_avg:310.52ms
step:884/3250 train_time:274.496s step_avg:310.52ms
step:885/3250 train_time:274.794s step_avg:310.50ms
step:886/3250 train_time:275.093s step_avg:310.49ms
step:887/3250 train_time:275.393s step_avg:310.48ms
step:888/3250 train_time:275.694s step_avg:310.47ms
step:889/3250 train_time:275.994s step_avg:310.45ms
step:890/3250 train_time:276.294s step_avg:310.44ms
step:891/3250 train_time:276.594s step_avg:310.43ms
step:892/3250 train_time:276.894s step_avg:310.42ms
step:893/3250 train_time:277.195s step_avg:310.41ms
step:894/3250 train_time:277.495s step_avg:310.40ms
step:895/3250 train_time:277.792s step_avg:310.38ms
step:896/3250 train_time:278.097s step_avg:310.38ms
step:897/3250 train_time:278.394s step_avg:310.36ms
step:898/3250 train_time:278.695s step_avg:310.35ms
step:899/3250 train_time:278.992s step_avg:310.34ms
step:900/3250 train_time:279.288s step_avg:310.32ms
step:901/3250 train_time:279.590s step_avg:310.31ms
step:902/3250 train_time:279.890s step_avg:310.30ms
step:903/3250 train_time:280.184s step_avg:310.28ms
step:904/3250 train_time:280.481s step_avg:310.27ms
step:905/3250 train_time:280.779s step_avg:310.25ms
step:906/3250 train_time:281.078s step_avg:310.24ms
step:907/3250 train_time:281.377s step_avg:310.23ms
step:908/3250 train_time:281.674s step_avg:310.21ms
step:909/3250 train_time:281.976s step_avg:310.21ms
step:910/3250 train_time:282.278s step_avg:310.20ms
step:911/3250 train_time:282.575s step_avg:310.18ms
step:912/3250 train_time:282.875s step_avg:310.17ms
step:913/3250 train_time:283.174s step_avg:310.16ms
step:914/3250 train_time:283.474s step_avg:310.15ms
step:915/3250 train_time:283.773s step_avg:310.13ms
step:916/3250 train_time:284.073s step_avg:310.12ms
step:917/3250 train_time:284.375s step_avg:310.11ms
step:918/3250 train_time:284.676s step_avg:310.10ms
step:919/3250 train_time:284.976s step_avg:310.09ms
step:920/3250 train_time:285.274s step_avg:310.08ms
step:921/3250 train_time:285.574s step_avg:310.07ms
step:922/3250 train_time:285.874s step_avg:310.06ms
step:923/3250 train_time:286.174s step_avg:310.05ms
step:924/3250 train_time:286.475s step_avg:310.04ms
step:925/3250 train_time:286.774s step_avg:310.03ms
step:926/3250 train_time:287.073s step_avg:310.01ms
step:927/3250 train_time:287.374s step_avg:310.00ms
step:928/3250 train_time:287.674s step_avg:309.99ms
step:929/3250 train_time:287.975s step_avg:309.98ms
step:930/3250 train_time:288.274s step_avg:309.97ms
step:931/3250 train_time:288.573s step_avg:309.96ms
step:932/3250 train_time:288.874s step_avg:309.95ms
step:933/3250 train_time:289.175s step_avg:309.94ms
step:934/3250 train_time:289.474s step_avg:309.93ms
step:935/3250 train_time:289.775s step_avg:309.92ms
step:936/3250 train_time:290.075s step_avg:309.91ms
step:937/3250 train_time:290.374s step_avg:309.90ms
step:938/3250 train_time:290.675s step_avg:309.89ms
step:939/3250 train_time:290.974s step_avg:309.88ms
step:940/3250 train_time:291.275s step_avg:309.87ms
step:941/3250 train_time:291.574s step_avg:309.86ms
step:942/3250 train_time:291.875s step_avg:309.85ms
step:943/3250 train_time:292.174s step_avg:309.84ms
step:944/3250 train_time:292.474s step_avg:309.82ms
step:945/3250 train_time:292.774s step_avg:309.81ms
step:946/3250 train_time:293.073s step_avg:309.80ms
step:947/3250 train_time:293.373s step_avg:309.79ms
step:948/3250 train_time:293.674s step_avg:309.78ms
step:949/3250 train_time:293.975s step_avg:309.77ms
step:950/3250 train_time:294.276s step_avg:309.76ms
step:951/3250 train_time:294.616s step_avg:309.80ms
step:952/3250 train_time:294.911s step_avg:309.78ms
step:953/3250 train_time:295.211s step_avg:309.77ms
step:954/3250 train_time:295.514s step_avg:309.76ms
step:955/3250 train_time:295.813s step_avg:309.75ms
step:956/3250 train_time:296.115s step_avg:309.74ms
step:957/3250 train_time:296.413s step_avg:309.73ms
step:958/3250 train_time:296.712s step_avg:309.72ms
step:959/3250 train_time:297.013s step_avg:309.71ms
step:960/3250 train_time:297.319s step_avg:309.71ms
step:961/3250 train_time:297.617s step_avg:309.69ms
step:962/3250 train_time:297.917s step_avg:309.69ms
step:963/3250 train_time:298.223s step_avg:309.68ms
step:964/3250 train_time:298.524s step_avg:309.67ms
step:965/3250 train_time:298.827s step_avg:309.66ms
step:966/3250 train_time:299.135s step_avg:309.66ms
step:967/3250 train_time:299.434s step_avg:309.65ms
step:968/3250 train_time:299.730s step_avg:309.64ms
step:969/3250 train_time:300.031s step_avg:309.63ms
step:970/3250 train_time:300.330s step_avg:309.62ms
step:971/3250 train_time:300.627s step_avg:309.61ms
step:972/3250 train_time:300.925s step_avg:309.59ms
step:973/3250 train_time:301.225s step_avg:309.58ms
step:974/3250 train_time:301.524s step_avg:309.57ms
step:975/3250 train_time:301.823s step_avg:309.56ms
step:976/3250 train_time:302.124s step_avg:309.55ms
step:977/3250 train_time:302.423s step_avg:309.54ms
step:978/3250 train_time:302.720s step_avg:309.53ms
step:979/3250 train_time:303.017s step_avg:309.52ms
step:980/3250 train_time:303.316s step_avg:309.51ms
step:981/3250 train_time:303.616s step_avg:309.50ms
step:982/3250 train_time:303.915s step_avg:309.49ms
step:983/3250 train_time:304.216s step_avg:309.48ms
step:984/3250 train_time:304.514s step_avg:309.47ms
step:985/3250 train_time:304.814s step_avg:309.46ms
step:986/3250 train_time:305.114s step_avg:309.45ms
step:987/3250 train_time:305.414s step_avg:309.44ms
step:988/3250 train_time:305.717s step_avg:309.43ms
step:989/3250 train_time:306.017s step_avg:309.42ms
step:990/3250 train_time:306.315s step_avg:309.41ms
step:991/3250 train_time:306.615s step_avg:309.40ms
step:992/3250 train_time:306.914s step_avg:309.39ms
step:993/3250 train_time:307.214s step_avg:309.38ms
step:994/3250 train_time:307.514s step_avg:309.37ms
step:995/3250 train_time:307.815s step_avg:309.36ms
step:996/3250 train_time:308.115s step_avg:309.35ms
step:997/3250 train_time:308.414s step_avg:309.34ms
step:998/3250 train_time:308.714s step_avg:309.33ms
step:999/3250 train_time:309.014s step_avg:309.32ms
step:1000/3250 train_time:309.313s step_avg:309.31ms
step:1000/3250 val_loss:3.65229 train_time:309.317s step_avg:300.17ms
step:1001/3250 train_time:309.612s step_avg:309.30ms
step:1002/3250 train_time:310.333s step_avg:309.71ms
step:1003/3250 train_time:310.642s step_avg:309.71ms
step:1004/3250 train_time:310.951s step_avg:309.71ms
step:1005/3250 train_time:311.261s step_avg:309.71ms
step:1006/3250 train_time:311.571s step_avg:309.71ms
step:1007/3250 train_time:311.881s step_avg:309.71ms
step:1008/3250 train_time:312.192s step_avg:309.71ms
step:1009/3250 train_time:312.504s step_avg:309.72ms
step:1010/3250 train_time:312.813s step_avg:309.72ms
step:1011/3250 train_time:313.116s step_avg:309.71ms
step:1012/3250 train_time:313.425s step_avg:309.71ms
step:1013/3250 train_time:313.730s step_avg:309.70ms
step:1014/3250 train_time:314.035s step_avg:309.70ms
step:1015/3250 train_time:314.339s step_avg:309.69ms
step:1016/3250 train_time:314.642s step_avg:309.69ms
step:1017/3250 train_time:314.946s step_avg:309.68ms
step:1018/3250 train_time:315.251s step_avg:309.68ms
step:1019/3250 train_time:315.554s step_avg:309.67ms
step:1020/3250 train_time:315.857s step_avg:309.66ms
step:1021/3250 train_time:316.164s step_avg:309.66ms
step:1022/3250 train_time:316.469s step_avg:309.66ms
step:1023/3250 train_time:316.773s step_avg:309.65ms
step:1024/3250 train_time:317.077s step_avg:309.65ms
step:1025/3250 train_time:317.386s step_avg:309.64ms
step:1026/3250 train_time:317.693s step_avg:309.64ms
step:1027/3250 train_time:317.998s step_avg:309.64ms
step:1028/3250 train_time:318.303s step_avg:309.63ms
step:1029/3250 train_time:318.607s step_avg:309.63ms
step:1030/3250 train_time:318.919s step_avg:309.63ms
step:1031/3250 train_time:319.229s step_avg:309.63ms
step:1032/3250 train_time:319.544s step_avg:309.64ms
step:1033/3250 train_time:319.854s step_avg:309.64ms
step:1034/3250 train_time:320.157s step_avg:309.63ms
step:1035/3250 train_time:320.463s step_avg:309.63ms
step:1036/3250 train_time:320.768s step_avg:309.62ms
step:1037/3250 train_time:321.076s step_avg:309.62ms
step:1038/3250 train_time:321.382s step_avg:309.62ms
step:1039/3250 train_time:321.693s step_avg:309.62ms
step:1040/3250 train_time:321.999s step_avg:309.61ms
step:1041/3250 train_time:322.304s step_avg:309.61ms
step:1042/3250 train_time:322.610s step_avg:309.61ms
step:1043/3250 train_time:322.917s step_avg:309.60ms
step:1044/3250 train_time:323.222s step_avg:309.60ms
step:1045/3250 train_time:323.527s step_avg:309.60ms
step:1046/3250 train_time:323.833s step_avg:309.59ms
step:1047/3250 train_time:324.138s step_avg:309.59ms
step:1048/3250 train_time:324.445s step_avg:309.58ms
step:1049/3250 train_time:324.751s step_avg:309.58ms
step:1050/3250 train_time:325.056s step_avg:309.58ms
step:1051/3250 train_time:325.362s step_avg:309.57ms
step:1052/3250 train_time:325.666s step_avg:309.57ms
step:1053/3250 train_time:325.976s step_avg:309.57ms
step:1054/3250 train_time:326.289s step_avg:309.57ms
step:1055/3250 train_time:326.593s step_avg:309.57ms
step:1056/3250 train_time:326.896s step_avg:309.56ms
step:1057/3250 train_time:327.203s step_avg:309.56ms
step:1058/3250 train_time:327.513s step_avg:309.56ms
step:1059/3250 train_time:327.826s step_avg:309.56ms
step:1060/3250 train_time:328.134s step_avg:309.56ms
step:1061/3250 train_time:328.440s step_avg:309.56ms
step:1062/3250 train_time:328.747s step_avg:309.55ms
step:1063/3250 train_time:329.057s step_avg:309.56ms
step:1064/3250 train_time:329.362s step_avg:309.55ms
step:1065/3250 train_time:329.674s step_avg:309.55ms
step:1066/3250 train_time:329.980s step_avg:309.55ms
step:1067/3250 train_time:330.285s step_avg:309.55ms
step:1068/3250 train_time:330.597s step_avg:309.55ms
step:1069/3250 train_time:330.900s step_avg:309.54ms
step:1070/3250 train_time:331.204s step_avg:309.54ms
step:1071/3250 train_time:331.509s step_avg:309.53ms
step:1072/3250 train_time:331.813s step_avg:309.53ms
step:1073/3250 train_time:332.117s step_avg:309.52ms
step:1074/3250 train_time:332.423s step_avg:309.52ms
step:1075/3250 train_time:332.728s step_avg:309.51ms
step:1076/3250 train_time:333.036s step_avg:309.51ms
step:1077/3250 train_time:333.344s step_avg:309.51ms
step:1078/3250 train_time:333.646s step_avg:309.51ms
step:1079/3250 train_time:333.953s step_avg:309.50ms
step:1080/3250 train_time:334.262s step_avg:309.50ms
step:1081/3250 train_time:334.566s step_avg:309.50ms
step:1082/3250 train_time:334.872s step_avg:309.49ms
step:1083/3250 train_time:335.182s step_avg:309.49ms
step:1084/3250 train_time:335.491s step_avg:309.49ms
step:1085/3250 train_time:335.795s step_avg:309.49ms
step:1086/3250 train_time:336.098s step_avg:309.48ms
step:1087/3250 train_time:336.402s step_avg:309.48ms
step:1088/3250 train_time:336.715s step_avg:309.48ms
step:1089/3250 train_time:337.024s step_avg:309.48ms
step:1090/3250 train_time:337.328s step_avg:309.48ms
step:1091/3250 train_time:337.636s step_avg:309.47ms
step:1092/3250 train_time:337.942s step_avg:309.47ms
step:1093/3250 train_time:338.253s step_avg:309.47ms
step:1094/3250 train_time:338.559s step_avg:309.47ms
step:1095/3250 train_time:338.866s step_avg:309.47ms
step:1096/3250 train_time:339.172s step_avg:309.46ms
step:1097/3250 train_time:339.477s step_avg:309.46ms
step:1098/3250 train_time:339.782s step_avg:309.46ms
step:1099/3250 train_time:340.086s step_avg:309.45ms
step:1100/3250 train_time:340.393s step_avg:309.45ms
step:1101/3250 train_time:340.696s step_avg:309.44ms
step:1102/3250 train_time:341.001s step_avg:309.44ms
step:1103/3250 train_time:341.308s step_avg:309.44ms
step:1104/3250 train_time:341.613s step_avg:309.43ms
step:1105/3250 train_time:341.918s step_avg:309.43ms
step:1106/3250 train_time:342.223s step_avg:309.42ms
step:1107/3250 train_time:342.527s step_avg:309.42ms
step:1108/3250 train_time:342.832s step_avg:309.42ms
step:1109/3250 train_time:343.137s step_avg:309.41ms
step:1110/3250 train_time:343.440s step_avg:309.41ms
step:1111/3250 train_time:343.744s step_avg:309.40ms
step:1112/3250 train_time:344.048s step_avg:309.40ms
step:1113/3250 train_time:344.352s step_avg:309.39ms
step:1114/3250 train_time:344.655s step_avg:309.38ms
step:1115/3250 train_time:344.959s step_avg:309.38ms
step:1116/3250 train_time:345.269s step_avg:309.38ms
step:1117/3250 train_time:345.580s step_avg:309.38ms
step:1118/3250 train_time:345.889s step_avg:309.38ms
step:1119/3250 train_time:346.197s step_avg:309.38ms
step:1120/3250 train_time:346.505s step_avg:309.38ms
step:1121/3250 train_time:346.818s step_avg:309.38ms
step:1122/3250 train_time:347.129s step_avg:309.38ms
step:1123/3250 train_time:347.439s step_avg:309.38ms
step:1124/3250 train_time:347.747s step_avg:309.38ms
step:1125/3250 train_time:348.058s step_avg:309.39ms
step:1125/3250 val_loss:3.60704 train_time:348.060s step_avg:309.94ms
step:1126/3250 train_time:348.370s step_avg:309.39ms
step:1127/3250 train_time:348.680s step_avg:309.39ms
step:1128/3250 train_time:348.989s step_avg:309.39ms
step:1129/3250 train_time:349.299s step_avg:309.39ms
step:1130/3250 train_time:349.607s step_avg:309.39ms
step:1131/3250 train_time:349.916s step_avg:309.39ms
step:1132/3250 train_time:350.224s step_avg:309.39ms
step:1133/3250 train_time:350.533s step_avg:309.38ms
step:1134/3250 train_time:350.840s step_avg:309.38ms
step:1135/3250 train_time:351.152s step_avg:309.38ms
step:1136/3250 train_time:351.463s step_avg:309.39ms
step:1137/3250 train_time:351.771s step_avg:309.39ms
step:1138/3250 train_time:352.077s step_avg:309.38ms
step:1139/3250 train_time:352.390s step_avg:309.39ms
step:1140/3250 train_time:352.699s step_avg:309.39ms
step:1141/3250 train_time:353.056s step_avg:309.43ms
step:1142/3250 train_time:353.364s step_avg:309.43ms
step:1143/3250 train_time:353.676s step_avg:309.43ms
step:1144/3250 train_time:353.986s step_avg:309.43ms
step:1145/3250 train_time:354.294s step_avg:309.43ms
step:1146/3250 train_time:354.602s step_avg:309.43ms
step:1147/3250 train_time:354.906s step_avg:309.42ms
step:1148/3250 train_time:355.210s step_avg:309.42ms
step:1149/3250 train_time:355.516s step_avg:309.41ms
step:1150/3250 train_time:355.821s step_avg:309.41ms
step:1151/3250 train_time:356.125s step_avg:309.40ms
step:1152/3250 train_time:356.428s step_avg:309.40ms
step:1153/3250 train_time:356.731s step_avg:309.39ms
step:1154/3250 train_time:357.036s step_avg:309.39ms
step:1155/3250 train_time:357.341s step_avg:309.39ms
step:1156/3250 train_time:357.646s step_avg:309.38ms
step:1157/3250 train_time:357.955s step_avg:309.38ms
step:1158/3250 train_time:358.261s step_avg:309.38ms
step:1159/3250 train_time:358.567s step_avg:309.38ms
step:1160/3250 train_time:358.873s step_avg:309.37ms
step:1161/3250 train_time:359.177s step_avg:309.37ms
step:1162/3250 train_time:359.485s step_avg:309.37ms
step:1163/3250 train_time:359.789s step_avg:309.36ms
step:1164/3250 train_time:360.096s step_avg:309.36ms
step:1165/3250 train_time:360.402s step_avg:309.36ms
step:1166/3250 train_time:360.710s step_avg:309.36ms
step:1167/3250 train_time:361.017s step_avg:309.35ms
step:1168/3250 train_time:361.327s step_avg:309.36ms
step:1169/3250 train_time:361.632s step_avg:309.35ms
step:1170/3250 train_time:361.938s step_avg:309.35ms
step:1171/3250 train_time:362.246s step_avg:309.35ms
step:1172/3250 train_time:362.551s step_avg:309.34ms
step:1173/3250 train_time:362.856s step_avg:309.34ms
step:1174/3250 train_time:363.161s step_avg:309.34ms
step:1175/3250 train_time:363.469s step_avg:309.34ms
step:1176/3250 train_time:363.778s step_avg:309.33ms
step:1177/3250 train_time:364.085s step_avg:309.33ms
step:1178/3250 train_time:364.394s step_avg:309.33ms
step:1179/3250 train_time:364.703s step_avg:309.33ms
step:1180/3250 train_time:365.012s step_avg:309.33ms
step:1181/3250 train_time:365.318s step_avg:309.33ms
step:1182/3250 train_time:365.626s step_avg:309.33ms
step:1183/3250 train_time:365.929s step_avg:309.32ms
step:1184/3250 train_time:366.234s step_avg:309.32ms
step:1185/3250 train_time:366.541s step_avg:309.32ms
step:1186/3250 train_time:366.845s step_avg:309.31ms
step:1187/3250 train_time:367.150s step_avg:309.31ms
step:1188/3250 train_time:367.455s step_avg:309.31ms
step:1189/3250 train_time:367.760s step_avg:309.30ms
step:1190/3250 train_time:368.064s step_avg:309.30ms
step:1191/3250 train_time:368.367s step_avg:309.29ms
step:1192/3250 train_time:368.672s step_avg:309.29ms
step:1193/3250 train_time:368.981s step_avg:309.29ms
step:1194/3250 train_time:369.289s step_avg:309.29ms
step:1195/3250 train_time:369.597s step_avg:309.29ms
step:1196/3250 train_time:369.905s step_avg:309.29ms
step:1197/3250 train_time:370.209s step_avg:309.28ms
step:1198/3250 train_time:370.517s step_avg:309.28ms
step:1199/3250 train_time:370.827s step_avg:309.28ms
step:1200/3250 train_time:371.134s step_avg:309.28ms
step:1201/3250 train_time:371.445s step_avg:309.28ms
step:1202/3250 train_time:371.755s step_avg:309.28ms
step:1203/3250 train_time:372.069s step_avg:309.28ms
step:1204/3250 train_time:372.378s step_avg:309.28ms
step:1205/3250 train_time:372.685s step_avg:309.28ms
step:1206/3250 train_time:372.989s step_avg:309.28ms
step:1207/3250 train_time:373.294s step_avg:309.27ms
step:1208/3250 train_time:373.597s step_avg:309.27ms
step:1209/3250 train_time:373.905s step_avg:309.27ms
step:1210/3250 train_time:374.208s step_avg:309.26ms
step:1211/3250 train_time:374.512s step_avg:309.26ms
step:1212/3250 train_time:374.817s step_avg:309.26ms
step:1213/3250 train_time:375.125s step_avg:309.25ms
step:1214/3250 train_time:375.428s step_avg:309.25ms
step:1215/3250 train_time:375.731s step_avg:309.24ms
step:1216/3250 train_time:376.035s step_avg:309.24ms
step:1217/3250 train_time:376.343s step_avg:309.24ms
step:1218/3250 train_time:376.646s step_avg:309.23ms
step:1219/3250 train_time:376.950s step_avg:309.23ms
step:1220/3250 train_time:377.255s step_avg:309.23ms
step:1221/3250 train_time:377.563s step_avg:309.22ms
step:1222/3250 train_time:377.867s step_avg:309.22ms
step:1223/3250 train_time:378.171s step_avg:309.22ms
step:1224/3250 train_time:378.475s step_avg:309.21ms
step:1225/3250 train_time:378.784s step_avg:309.21ms
step:1226/3250 train_time:379.088s step_avg:309.21ms
step:1227/3250 train_time:379.391s step_avg:309.20ms
step:1228/3250 train_time:379.697s step_avg:309.20ms
step:1229/3250 train_time:380.005s step_avg:309.20ms
step:1230/3250 train_time:380.310s step_avg:309.19ms
step:1231/3250 train_time:380.615s step_avg:309.19ms
step:1232/3250 train_time:380.919s step_avg:309.19ms
step:1233/3250 train_time:381.224s step_avg:309.18ms
step:1234/3250 train_time:381.526s step_avg:309.18ms
step:1235/3250 train_time:381.829s step_avg:309.17ms
step:1236/3250 train_time:382.131s step_avg:309.17ms
step:1237/3250 train_time:382.434s step_avg:309.16ms
step:1238/3250 train_time:382.738s step_avg:309.16ms
step:1239/3250 train_time:383.044s step_avg:309.16ms
step:1240/3250 train_time:383.349s step_avg:309.15ms
step:1241/3250 train_time:383.654s step_avg:309.15ms
step:1242/3250 train_time:383.962s step_avg:309.15ms
step:1243/3250 train_time:384.267s step_avg:309.14ms
step:1244/3250 train_time:384.570s step_avg:309.14ms
step:1245/3250 train_time:384.875s step_avg:309.14ms
step:1246/3250 train_time:385.182s step_avg:309.13ms
step:1247/3250 train_time:385.489s step_avg:309.13ms
step:1248/3250 train_time:385.794s step_avg:309.13ms
step:1249/3250 train_time:386.102s step_avg:309.13ms
step:1250/3250 train_time:386.407s step_avg:309.13ms
step:1250/3250 val_loss:3.57553 train_time:386.409s step_avg:306.79ms
step:1251/3250 train_time:386.721s step_avg:309.13ms
step:1252/3250 train_time:387.031s step_avg:309.13ms
step:1253/3250 train_time:387.339s step_avg:309.13ms
step:1254/3250 train_time:387.650s step_avg:309.13ms
step:1255/3250 train_time:387.957s step_avg:309.13ms
step:1256/3250 train_time:388.265s step_avg:309.13ms
step:1257/3250 train_time:388.572s step_avg:309.13ms
step:1258/3250 train_time:388.882s step_avg:309.13ms
step:1259/3250 train_time:389.191s step_avg:309.13ms
step:1260/3250 train_time:389.500s step_avg:309.13ms
step:1261/3250 train_time:389.809s step_avg:309.13ms
step:1262/3250 train_time:390.117s step_avg:309.13ms
step:1263/3250 train_time:390.428s step_avg:309.13ms
step:1264/3250 train_time:390.738s step_avg:309.13ms
step:1265/3250 train_time:391.048s step_avg:309.13ms
step:1266/3250 train_time:391.357s step_avg:309.13ms
step:1267/3250 train_time:391.678s step_avg:309.14ms
step:1268/3250 train_time:391.991s step_avg:309.14ms
step:1269/3250 train_time:392.303s step_avg:309.14ms
step:1270/3250 train_time:392.612s step_avg:309.14ms
step:1271/3250 train_time:392.926s step_avg:309.15ms
step:1272/3250 train_time:393.245s step_avg:309.15ms
step:1273/3250 train_time:393.562s step_avg:309.16ms
step:1274/3250 train_time:393.871s step_avg:309.16ms
step:1275/3250 train_time:394.184s step_avg:309.16ms
step:1276/3250 train_time:394.495s step_avg:309.17ms
step:1277/3250 train_time:394.804s step_avg:309.17ms
step:1278/3250 train_time:395.114s step_avg:309.17ms
step:1279/3250 train_time:395.437s step_avg:309.18ms
step:1280/3250 train_time:395.752s step_avg:309.18ms
step:1281/3250 train_time:396.062s step_avg:309.18ms
step:1282/3250 train_time:396.374s step_avg:309.18ms
step:1283/3250 train_time:396.688s step_avg:309.19ms
step:1284/3250 train_time:397.003s step_avg:309.19ms
step:1285/3250 train_time:397.315s step_avg:309.19ms
step:1286/3250 train_time:397.619s step_avg:309.19ms
step:1287/3250 train_time:397.927s step_avg:309.19ms
step:1288/3250 train_time:398.238s step_avg:309.19ms
step:1289/3250 train_time:398.554s step_avg:309.20ms
step:1290/3250 train_time:398.863s step_avg:309.20ms
step:1291/3250 train_time:399.176s step_avg:309.20ms
step:1292/3250 train_time:399.489s step_avg:309.20ms
step:1293/3250 train_time:399.795s step_avg:309.20ms
step:1294/3250 train_time:400.104s step_avg:309.20ms
step:1295/3250 train_time:400.408s step_avg:309.20ms
step:1296/3250 train_time:400.720s step_avg:309.20ms
step:1297/3250 train_time:401.029s step_avg:309.20ms
step:1298/3250 train_time:401.335s step_avg:309.19ms
step:1299/3250 train_time:401.641s step_avg:309.19ms
step:1300/3250 train_time:401.947s step_avg:309.19ms
step:1301/3250 train_time:402.253s step_avg:309.19ms
step:1302/3250 train_time:402.559s step_avg:309.19ms
step:1303/3250 train_time:402.864s step_avg:309.18ms
step:1304/3250 train_time:403.167s step_avg:309.18ms
step:1305/3250 train_time:403.472s step_avg:309.17ms
step:1306/3250 train_time:403.776s step_avg:309.17ms
step:1307/3250 train_time:404.084s step_avg:309.17ms
step:1308/3250 train_time:404.389s step_avg:309.17ms
step:1309/3250 train_time:404.696s step_avg:309.16ms
step:1310/3250 train_time:405.002s step_avg:309.16ms
step:1311/3250 train_time:405.308s step_avg:309.16ms
step:1312/3250 train_time:405.615s step_avg:309.16ms
step:1313/3250 train_time:405.924s step_avg:309.16ms
step:1314/3250 train_time:406.230s step_avg:309.15ms
step:1315/3250 train_time:406.534s step_avg:309.15ms
step:1316/3250 train_time:406.840s step_avg:309.15ms
step:1317/3250 train_time:407.151s step_avg:309.15ms
step:1318/3250 train_time:407.457s step_avg:309.15ms
step:1319/3250 train_time:407.762s step_avg:309.15ms
step:1320/3250 train_time:408.069s step_avg:309.14ms
step:1321/3250 train_time:408.375s step_avg:309.14ms
step:1322/3250 train_time:408.684s step_avg:309.14ms
step:1323/3250 train_time:408.987s step_avg:309.14ms
step:1324/3250 train_time:409.292s step_avg:309.13ms
step:1325/3250 train_time:409.596s step_avg:309.13ms
step:1326/3250 train_time:409.908s step_avg:309.13ms
step:1327/3250 train_time:410.216s step_avg:309.13ms
step:1328/3250 train_time:410.521s step_avg:309.13ms
step:1329/3250 train_time:410.835s step_avg:309.13ms
step:1330/3250 train_time:411.142s step_avg:309.13ms
step:1331/3250 train_time:411.499s step_avg:309.17ms
step:1332/3250 train_time:411.810s step_avg:309.17ms
step:1333/3250 train_time:412.124s step_avg:309.17ms
step:1334/3250 train_time:412.436s step_avg:309.17ms
step:1335/3250 train_time:412.747s step_avg:309.17ms
step:1336/3250 train_time:413.057s step_avg:309.17ms
step:1337/3250 train_time:413.366s step_avg:309.17ms
step:1338/3250 train_time:413.676s step_avg:309.18ms
step:1339/3250 train_time:413.985s step_avg:309.17ms
step:1340/3250 train_time:414.290s step_avg:309.17ms
step:1341/3250 train_time:414.599s step_avg:309.17ms
step:1342/3250 train_time:414.910s step_avg:309.17ms
step:1343/3250 train_time:415.216s step_avg:309.17ms
step:1344/3250 train_time:415.530s step_avg:309.17ms
step:1345/3250 train_time:415.834s step_avg:309.17ms
step:1346/3250 train_time:416.143s step_avg:309.17ms
step:1347/3250 train_time:416.448s step_avg:309.17ms
step:1348/3250 train_time:416.754s step_avg:309.16ms
step:1349/3250 train_time:417.065s step_avg:309.17ms
step:1350/3250 train_time:417.370s step_avg:309.16ms
step:1351/3250 train_time:417.674s step_avg:309.16ms
step:1352/3250 train_time:417.979s step_avg:309.16ms
step:1353/3250 train_time:418.285s step_avg:309.15ms
step:1354/3250 train_time:418.593s step_avg:309.15ms
step:1355/3250 train_time:418.899s step_avg:309.15ms
step:1356/3250 train_time:419.205s step_avg:309.15ms
step:1357/3250 train_time:419.510s step_avg:309.15ms
step:1358/3250 train_time:419.815s step_avg:309.14ms
step:1359/3250 train_time:420.125s step_avg:309.14ms
step:1360/3250 train_time:420.430s step_avg:309.14ms
step:1361/3250 train_time:420.737s step_avg:309.14ms
step:1362/3250 train_time:421.046s step_avg:309.14ms
step:1363/3250 train_time:421.351s step_avg:309.13ms
step:1364/3250 train_time:421.654s step_avg:309.13ms
W0822 05:47:15.712000 182998 torch/distributed/elastic/agent/server/api.py:723] Received 2 death signal, shutting down workers
W0822 05:47:15.716000 182998 torch/distributed/elastic/multiprocessing/api.py:900] Sending process 183089 closing signal SIGINT
W0822 05:47:15.718000 182998 torch/distributed/elastic/multiprocessing/api.py:900] Sending process 183090 closing signal SIGINT
W0822 05:47:15.720000 182998 torch/distributed/elastic/multiprocessing/api.py:900] Sending process 183091 closing signal SIGINT
W0822 05:47:15.722000 182998 torch/distributed/elastic/multiprocessing/api.py:900] Sending process 183092 closing signal SIGINT
[rank1]: Traceback (most recent call last):
[rank1]:   File "/workspace/modded-nanogpt/records/track_3_optimization/results/20260715_bimaxwell_baseline_3210/train_gpt_kmaxwell.py", line 478, in <module>
[rank1]:     main()
[rank1]:   File "/workspace/modded-nanogpt/records/track_3_optimization/results/20260715_bimaxwell_baseline_3210/train_gpt_kmaxwell.py", line 464, in main
[rank1]:     dist.all_reduce(p.grad, op=dist.ReduceOp.SUM)
[rank1]:   File "/usr/local/lib/python3.12/dist-packages/torch/distributed/c10d_logger.py", line 81, in wrapper
[rank1]:     return func(*args, **kwargs)
[rank1]:            ^^^^^^^^^^^^^^^^^^^^^
[rank1]:   File "/usr/local/lib/python3.12/dist-packages/torch/distributed/distributed_c10d.py", line 2924, in all_reduce
[rank1]:     work = group.allreduce([tensor], opts)
[rank1]:            ^^^^^^^^^^^^^^^^^^^^^^^^^^^^^^^
[rank1]: KeyboardInterrupt
[rank0]: Traceback (most recent call last):
[rank0]:   File "/workspace/modded-nanogpt/records/track_3_optimization/results/20260715_bimaxwell_baseline_3210/train_gpt_kmaxwell.py", line 478, in <module>
[rank0]:     main()
[rank0]:   File "/workspace/modded-nanogpt/records/track_3_optimization/results/20260715_bimaxwell_baseline_3210/train_gpt_kmaxwell.py", line 464, in main
[rank0]:     dist.all_reduce(p.grad, op=dist.ReduceOp.SUM)
[rank0]:   File "/usr/local/lib/python3.12/dist-packages/torch/distributed/c10d_logger.py", line 81, in wrapper
[rank0]:     return func(*args, **kwargs)
[rank0]:            ^^^^^^^^^^^^^^^^^^^^^
[rank0]:   File "/usr/local/lib/python3.12/dist-packages/torch/distributed/distributed_c10d.py", line 2924, in all_reduce
[rank0]:     work = group.allreduce([tensor], opts)
[rank0]:            ^^^^^^^^^^^^^^^^^^^^^^^^^^^^^^^
[rank0]: KeyboardInterrupt
[rank2]: Traceback (most recent call last):
[rank2]:   File "/workspace/modded-nanogpt/records/track_3_optimization/results/20260715_bimaxwell_baseline_3210/train_gpt_kmaxwell.py", line 478, in <module>
[rank2]:     main()
[rank2]:   File "/workspace/modded-nanogpt/records/track_3_optimization/results/20260715_bimaxwell_baseline_3210/train_gpt_kmaxwell.py", line 464, in main
[rank2]:     dist.all_reduce(p.grad, op=dist.ReduceOp.SUM)
[rank2]:   File "/usr/local/lib/python3.12/dist-packages/torch/distributed/c10d_logger.py", line 81, in wrapper
[rank2]:     return func(*args, **kwargs)
[rank2]:            ^^^^^^^^^^^^^^^^^^^^^
[rank2]:   File "/usr/local/lib/python3.12/dist-packages/torch/distributed/distributed_c10d.py", line 2924, in all_reduce
[rank2]:     work = group.allreduce([tensor], opts)
[rank2]:            ^^^^^^^^^^^^^^^^^^^^^^^^^^^^^^^
[rank2]: KeyboardInterrupt
[rank3]: Traceback (most recent call last):
[rank3]:   File "/workspace/modded-nanogpt/records/track_3_optimization/results/20260715_bimaxwell_baseline_3210/train_gpt_kmaxwell.py", line 478, in <module>
[rank3]:     main()
[rank3]:   File "/workspace/modded-nanogpt/records/track_3_optimization/results/20260715_bimaxwell_baseline_3210/train_gpt_kmaxwell.py", line 464, in main
[rank3]:     dist.all_reduce(p.grad, op=dist.ReduceOp.SUM)
[rank3]:   File "/usr/local/lib/python3.12/dist-packages/torch/distributed/c10d_logger.py", line 81, in wrapper
[rank3]:     return func(*args, **kwargs)
[rank3]:            ^^^^^^^^^^^^^^^^^^^^^
[rank3]:   File "/usr/local/lib/python3.12/dist-packages/torch/distributed/distributed_c10d.py", line 2924, in all_reduce
[rank3]:     work = group.allreduce([tensor], opts)
[rank3]:            ^^^^^^^^^^^^^^^^^^^^^^^^^^^^^^^
[rank3]: KeyboardInterrupt
[rank2]:[W822 05:47:16.152370776 TCPStore.cpp:125] [c10d] recvValue failed on SocketImpl(fd=68, addr=[70d1cdd36308]:43924, remote=[70d1cdd36308]:44957): Failed to recv, got 0 bytes. Connection was likely closed. Did the remote server shutdown or crash?
Exception raised from recvBytes at /pytorch/torch/csrc/distributed/c10d/Utils.hpp:682 (most recent call first):
frame #0: c10::Error::Error(c10::SourceLocation, std::__cxx11::basic_string<char, std::char_traits<char>, std::allocator<char> >) + 0x80 (0x70fcde6d9eb0 in /usr/local/lib/python3.12/dist-packages/torch/lib/libc10.so)
frame #1: <unknown function> + 0x5d694d1 (0x70fcc27ef4d1 in /usr/local/lib/python3.12/dist-packages/torch/lib/libtorch_cpu.so)
frame #2: <unknown function> + 0x5d6a8cd (0x70fcc27f08cd in /usr/local/lib/python3.12/dist-packages/torch/lib/libtorch_cpu.so)
frame #3: <unknown function> + 0x5d6b47a (0x70fcc27f147a in /usr/local/lib/python3.12/dist-packages/torch/lib/libtorch_cpu.so)
frame #4: c10d::TCPStore::check(std::vector<std::__cxx11::basic_string<char, std::char_traits<char>, std::allocator<char> >, std::allocator<std::__cxx11::basic_string<char, std::char_traits<char>, std::allocator<char> > > > const&) + 0x31e (0x70fcc27ec19e in /usr/local/lib/python3.12/dist-packages/torch/lib/libtorch_cpu.so)
frame #5: c10d::ProcessGroupNCCL::HeartbeatMonitor::runLoop() + 0x398 (0x70fc81cd1b18 in /usr/local/lib/python3.12/dist-packages/torch/lib/libtorch_cuda.so)
frame #6: <unknown function> + 0xecdb4 (0x70fc65601db4 in /lib/x86_64-linux-gnu/libstdc++.so.6)
frame #7: <unknown function> + 0x9caa4 (0x70fcdf3d4aa4 in /lib/x86_64-linux-gnu/libc.so.6)
frame #8: __clone + 0x44 (0x70fcdf461a64 in /lib/x86_64-linux-gnu/libc.so.6)

[rank2]:[W822 05:47:16.166853005 ProcessGroupNCCL.cpp:1783] [PG ID 0 PG GUID 0(default_pg) Rank 2] Failed to check the "should dump" flag on TCPStore, (maybe TCPStore server has shut down too early), with error: Failed to recv, got 0 bytes. Connection was likely closed. Did the remote server shutdown or crash?
[rank0]:[W822 05:47:16.372688693 TCPStore.cpp:125] [c10d] recvValue failed on SocketImpl(fd=68, addr=[70d1cdd36308]:43940, remote=[70d1cdd36308]:44957): Failed to recv, got 0 bytes. Connection was likely closed. Did the remote server shutdown or crash?
Exception raised from recvBytes at /pytorch/torch/csrc/distributed/c10d/Utils.hpp:682 (most recent call first):
frame #0: c10::Error::Error(c10::SourceLocation, std::__cxx11::basic_string<char, std::char_traits<char>, std::allocator<char> >) + 0x80 (0x783442b7eeb0 in /usr/local/lib/python3.12/dist-packages/torch/lib/libc10.so)
frame #1: <unknown function> + 0x5d694d1 (0x783426bef4d1 in /usr/local/lib/python3.12/dist-packages/torch/lib/libtorch_cpu.so)
frame #2: <unknown function> + 0x5d6a8cd (0x783426bf08cd in /usr/local/lib/python3.12/dist-packages/torch/lib/libtorch_cpu.so)
frame #3: <unknown function> + 0x5d6b47a (0x783426bf147a in /usr/local/lib/python3.12/dist-packages/torch/lib/libtorch_cpu.so)
frame #4: c10d::TCPStore::check(std::vector<std::__cxx11::basic_string<char, std::char_traits<char>, std::allocator<char> >, std::allocator<std::__cxx11::basic_string<char, std::char_traits<char>, std::allocator<char> > > > const&) + 0x31e (0x783426bec19e in /usr/local/lib/python3.12/dist-packages/torch/lib/libtorch_cpu.so)
frame #5: c10d::ProcessGroupNCCL::HeartbeatMonitor::runLoop() + 0x398 (0x7833e60d1b18 in /usr/local/lib/python3.12/dist-packages/torch/lib/libtorch_cuda.so)
frame #6: <unknown function> + 0xecdb4 (0x7833c9a01db4 in /lib/x86_64-linux-gnu/libstdc++.so.6)
frame #7: <unknown function> + 0x9caa4 (0x7834438abaa4 in /lib/x86_64-linux-gnu/libc.so.6)
frame #8: __clone + 0x44 (0x783443938a64 in /lib/x86_64-linux-gnu/libc.so.6)

[rank0]:[W822 05:47:16.387131736 ProcessGroupNCCL.cpp:1783] [PG ID 0 PG GUID 0(default_pg) Rank 0] Failed to check the "should dump" flag on TCPStore, (maybe TCPStore server has shut down too early), with error: Failed to recv, got 0 bytes. Connection was likely closed. Did the remote server shutdown or crash?
[rank1]:[W822 05:47:16.380181839 TCPStore.cpp:125] [c10d] recvValue failed on SocketImpl(fd=68, addr=[70d1cdd36308]:43944, remote=[70d1cdd36308]:44957): Failed to recv, got 0 bytes. Connection was likely closed. Did the remote server shutdown or crash?
Exception raised from recvBytes at /pytorch/torch/csrc/distributed/c10d/Utils.hpp:682 (most recent call first):
frame #0: c10::Error::Error(c10::SourceLocation, std::__cxx11::basic_string<char, std::char_traits<char>, std::allocator<char> >) + 0x80 (0x73b31c37eeb0 in /usr/local/lib/python3.12/dist-packages/torch/lib/libc10.so)
frame #1: <unknown function> + 0x5d694d1 (0x73b3003ef4d1 in /usr/local/lib/python3.12/dist-packages/torch/lib/libtorch_cpu.so)
frame #2: <unknown function> + 0x5d6a8cd (0x73b3003f08cd in /usr/local/lib/python3.12/dist-packages/torch/lib/libtorch_cpu.so)
frame #3: <unknown function> + 0x5d6b47a (0x73b3003f147a in /usr/local/lib/python3.12/dist-packages/torch/lib/libtorch_cpu.so)
frame #4: c10d::TCPStore::check(std::vector<std::__cxx11::basic_string<char, std::char_traits<char>, std::allocator<char> >, std::allocator<std::__cxx11::basic_string<char, std::char_traits<char>, std::allocator<char> > > > const&) + 0x31e (0x73b3003ec19e in /usr/local/lib/python3.12/dist-packages/torch/lib/libtorch_cpu.so)
frame #5: c10d::ProcessGroupNCCL::HeartbeatMonitor::runLoop() + 0x398 (0x73b2bf8d1b18 in /usr/local/lib/python3.12/dist-packages/torch/lib/libtorch_cuda.so)
frame #6: <unknown function> + 0xecdb4 (0x73b2a3201db4 in /lib/x86_64-linux-gnu/libstdc++.so.6)
frame #7: <unknown function> + 0x9caa4 (0x73b31d084aa4 in /lib/x86_64-linux-gnu/libc.so.6)
frame #8: __clone + 0x44 (0x73b31d111a64 in /lib/x86_64-linux-gnu/libc.so.6)

[rank1]:[W822 05:47:16.394476341 ProcessGroupNCCL.cpp:1783] [PG ID 0 PG GUID 0(default_pg) Rank 1] Failed to check the "should dump" flag on TCPStore, (maybe TCPStore server has shut down too early), with error: Failed to recv, got 0 bytes. Connection was likely closed. Did the remote server shutdown or crash?
[rank3]:[W822 05:47:16.599653163 TCPStore.cpp:125] [c10d] recvValue failed on SocketImpl(fd=68, addr=[70d1cdd36308]:43920, remote=[70d1cdd36308]:44957): Failed to recv, got 0 bytes. Connection was likely closed. Did the remote server shutdown or crash?
Exception raised from recvBytes at /pytorch/torch/csrc/distributed/c10d/Utils.hpp:682 (most recent call first):
frame #0: c10::Error::Error(c10::SourceLocation, std::__cxx11::basic_string<char, std::char_traits<char>, std::allocator<char> >) + 0x80 (0x7f852557eeb0 in /usr/local/lib/python3.12/dist-packages/torch/lib/libc10.so)
frame #1: <unknown function> + 0x5d694d1 (0x7f85095ef4d1 in /usr/local/lib/python3.12/dist-packages/torch/lib/libtorch_cpu.so)
frame #2: <unknown function> + 0x5d6a8cd (0x7f85095f08cd in /usr/local/lib/python3.12/dist-packages/torch/lib/libtorch_cpu.so)
frame #3: <unknown function> + 0x5d6b47a (0x7f85095f147a in /usr/local/lib/python3.12/dist-packages/torch/lib/libtorch_cpu.so)
frame #4: c10d::TCPStore::check(std::vector<std::__cxx11::basic_string<char, std::char_traits<char>, std::allocator<char> >, std::allocator<std::__cxx11::basic_string<char, std::char_traits<char>, std::allocator<char> > > > const&) + 0x31e (0x7f85095ec19e in /usr/local/lib/python3.12/dist-packages/torch/lib/libtorch_cpu.so)
frame #5: c10d::ProcessGroupNCCL::HeartbeatMonitor::runLoop() + 0x398 (0x7f84c8ad1b18 in /usr/local/lib/python3.12/dist-packages/torch/lib/libtorch_cuda.so)
frame #6: <unknown function> + 0xecdb4 (0x7f84ac401db4 in /lib/x86_64-linux-gnu/libstdc++.so.6)
frame #7: <unknown function> + 0x9caa4 (0x7f85262edaa4 in /lib/x86_64-linux-gnu/libc.so.6)
frame #8: __clone + 0x44 (0x7f852637aa64 in /lib/x86_64-linux-gnu/libc.so.6)

[rank3]:[W822 05:47:16.613625706 ProcessGroupNCCL.cpp:1783] [PG ID 0 PG GUID 0(default_pg) Rank 3] Failed to check the "should dump" flag on TCPStore, (maybe TCPStore server has shut down too early), with error: Failed to recv, got 0 bytes. Connection was likely closed. Did the remote server shutdown or crash?
[rank0]:[W822 05:47:16.952165567 ProcessGroupNCCL.cpp:1538] Warning: WARNING: destroy_process_group() was not called before program exit, which can leak resources. For more info, please see https://pytorch.org/docs/stable/distributed.html#shutdown (function operator())
