=== req023_f1500_a0 ===
W0831 00:42:08.969000 9607 torch/distributed/run.py:852] 
W0831 00:42:08.969000 9607 torch/distributed/run.py:852] *****************************************
W0831 00:42:08.969000 9607 torch/distributed/run.py:852] Setting OMP_NUM_THREADS environment variable for each process to be 1 in default, to avoid your system being overloaded, please further tune the variable for optimal performance in your application as needed. 
W0831 00:42:08.969000 9607 torch/distributed/run.py:852] *****************************************
logs/ad0d4259-23d4-48e4-9aa5-63080aa7d997.txt
resumed training state from step 1500 in eos_shared_state, skipped 1500 batches
step:0/3250 val_loss:3.52271 train_time:0.001s step_avg:nanms
learning_rates step:1500 [{'pattern': '^embed\\.weight$', 'lr': [0.7]}, {'pattern': '^proj\\.weight$', 'lr': [0.004]}, {'pattern': '^blocks\\..*\\.weight$', 'lr': [0.025], 'per_matrix': [{'sorted_index': 0, 'name': 'blocks.0.mlp.fc.weight', 'multiplier': 1.0, 'effective_lr': 0.025}, {'sorted_index': 1, 'name': 'blocks.1.mlp.fc.weight', 'multiplier': 0.6, 'effective_lr': 0.015}, {'sorted_index': 2, 'name': 'blocks.2.mlp.fc.weight', 'multiplier': 0.6, 'effective_lr': 0.015}, {'sorted_index': 3, 'name': 'blocks.3.mlp.fc.weight', 'multiplier': 0.6, 'effective_lr': 0.015}, {'sorted_index': 4, 'name': 'blocks.4.mlp.fc.weight', 'multiplier': 1.0, 'effective_lr': 0.025}, {'sorted_index': 5, 'name': 'blocks.5.mlp.fc.weight', 'multiplier': 1.7, 'effective_lr': 0.0425}, {'sorted_index': 6, 'name': 'blocks.6.mlp.fc.weight', 'multiplier': 1.0, 'effective_lr': 0.025}, {'sorted_index': 7, 'name': 'blocks.7.mlp.fc.weight', 'multiplier': 1.0, 'effective_lr': 0.025}, {'sorted_index': 8, 'name': 'blocks.8.mlp.fc.weight', 'multiplier': 1.7, 'effective_lr': 0.0425}, {'sorted_index': 9, 'name': 'blocks.9.mlp.fc.weight', 'multiplier': 1.7, 'effective_lr': 0.0425}, {'sorted_index': 10, 'name': 'blocks.10.mlp.fc.weight', 'multiplier': 0.6, 'effective_lr': 0.015}, {'sorted_index': 11, 'name': 'blocks.11.mlp.fc.weight', 'multiplier': 1.7, 'effective_lr': 0.0425}, {'sorted_index': 12, 'name': 'blocks.0.mlp.proj.weight', 'multiplier': 1.7, 'effective_lr': 0.0425}, {'sorted_index': 13, 'name': 'blocks.1.mlp.proj.weight', 'multiplier': 1.7, 'effective_lr': 0.0425}, {'sorted_index': 14, 'name': 'blocks.2.mlp.proj.weight', 'multiplier': 1.0, 'effective_lr': 0.025}, {'sorted_index': 15, 'name': 'blocks.3.mlp.proj.weight', 'multiplier': 1.0, 'effective_lr': 0.025}, {'sorted_index': 16, 'name': 'blocks.4.mlp.proj.weight', 'multiplier': 1.7, 'effective_lr': 0.0425}, {'sorted_index': 17, 'name': 'blocks.5.mlp.proj.weight', 'multiplier': 0.6, 'effective_lr': 0.015}, {'sorted_index': 18, 'name': 'blocks.6.mlp.proj.weight', 'multiplier': 0.6, 'effective_lr': 0.015}, {'sorted_index': 19, 'name': 'blocks.7.mlp.proj.weight', 'multiplier': 1.7, 'effective_lr': 0.0425}, {'sorted_index': 20, 'name': 'blocks.8.mlp.proj.weight', 'multiplier': 1.0, 'effective_lr': 0.025}, {'sorted_index': 21, 'name': 'blocks.9.mlp.proj.weight', 'multiplier': 0.6, 'effective_lr': 0.015}, {'sorted_index': 22, 'name': 'blocks.10.mlp.proj.weight', 'multiplier': 0.6, 'effective_lr': 0.015}, {'sorted_index': 23, 'name': 'blocks.11.mlp.proj.weight', 'multiplier': 1.0, 'effective_lr': 0.025}, {'sorted_index': 24, 'name': 'blocks.0.attn.q.weight', 'multiplier': 1.0, 'effective_lr': 0.025}, {'sorted_index': 25, 'name': 'blocks.0.attn.k.weight', 'multiplier': 1.0, 'effective_lr': 0.025}, {'sorted_index': 26, 'name': 'blocks.0.attn.v.weight', 'multiplier': 1.0, 'effective_lr': 0.025}, {'sorted_index': 27, 'name': 'blocks.0.attn.proj.weight', 'multiplier': 0.6, 'effective_lr': 0.015}, {'sorted_index': 28, 'name': 'blocks.1.attn.q.weight', 'multiplier': 1.7, 'effective_lr': 0.0425}, {'sorted_index': 29, 'name': 'blocks.1.attn.k.weight', 'multiplier': 1.7, 'effective_lr': 0.0425}, {'sorted_index': 30, 'name': 'blocks.1.attn.v.weight', 'multiplier': 1.0, 'effective_lr': 0.025}, {'sorted_index': 31, 'name': 'blocks.1.attn.proj.weight', 'multiplier': 1.7, 'effective_lr': 0.0425}, {'sorted_index': 32, 'name': 'blocks.2.attn.q.weight', 'multiplier': 1.0, 'effective_lr': 0.025}, {'sorted_index': 33, 'name': 'blocks.2.attn.k.weight', 'multiplier': 0.6, 'effective_lr': 0.015}, {'sorted_index': 34, 'name': 'blocks.2.attn.v.weight', 'multiplier': 1.7, 'effective_lr': 0.0425}, {'sorted_index': 35, 'name': 'blocks.2.attn.proj.weight', 'multiplier': 1.7, 'effective_lr': 0.0425}, {'sorted_index': 36, 'name': 'blocks.3.attn.q.weight', 'multiplier': 0.6, 'effective_lr': 0.015}, {'sorted_index': 37, 'name': 'blocks.3.attn.k.weight', 'multiplier': 0.6, 'effective_lr': 0.015}, {'sorted_index': 38, 'name': 'blocks.3.attn.v.weight', 'multiplier': 0.6, 'effective_lr': 0.015}, {'sorted_index': 39, 'name': 'blocks.3.attn.proj.weight', 'multiplier': 1.0, 'effective_lr': 0.025}, {'sorted_index': 40, 'name': 'blocks.4.attn.q.weight', 'multiplier': 0.6, 'effective_lr': 0.015}, {'sorted_index': 41, 'name': 'blocks.4.attn.k.weight', 'multiplier': 1.0, 'effective_lr': 0.025}, {'sorted_index': 42, 'name': 'blocks.4.attn.v.weight', 'multiplier': 0.6, 'effective_lr': 0.015}, {'sorted_index': 43, 'name': 'blocks.4.attn.proj.weight', 'multiplier': 1.7, 'effective_lr': 0.0425}, {'sorted_index': 44, 'name': 'blocks.5.attn.q.weight', 'multiplier': 1.7, 'effective_lr': 0.0425}, {'sorted_index': 45, 'name': 'blocks.5.attn.k.weight', 'multiplier': 0.6, 'effective_lr': 0.015}, {'sorted_index': 46, 'name': 'blocks.5.attn.v.weight', 'multiplier': 1.7, 'effective_lr': 0.0425}, {'sorted_index': 47, 'name': 'blocks.5.attn.proj.weight', 'multiplier': 0.6, 'effective_lr': 0.015}, {'sorted_index': 48, 'name': 'blocks.6.attn.q.weight', 'multiplier': 1.0, 'effective_lr': 0.025}, {'sorted_index': 49, 'name': 'blocks.6.attn.k.weight', 'multiplier': 1.7, 'effective_lr': 0.0425}, {'sorted_index': 50, 'name': 'blocks.6.attn.v.weight', 'multiplier': 0.6, 'effective_lr': 0.015}, {'sorted_index': 51, 'name': 'blocks.6.attn.proj.weight', 'multiplier': 0.6, 'effective_lr': 0.015}, {'sorted_index': 52, 'name': 'blocks.7.attn.q.weight', 'multiplier': 1.0, 'effective_lr': 0.025}, {'sorted_index': 53, 'name': 'blocks.7.attn.k.weight', 'multiplier': 0.6, 'effective_lr': 0.015}, {'sorted_index': 54, 'name': 'blocks.7.attn.v.weight', 'multiplier': 1.0, 'effective_lr': 0.025}, {'sorted_index': 55, 'name': 'blocks.7.attn.proj.weight', 'multiplier': 1.7, 'effective_lr': 0.0425}, {'sorted_index': 56, 'name': 'blocks.8.attn.q.weight', 'multiplier': 0.6, 'effective_lr': 0.015}, {'sorted_index': 57, 'name': 'blocks.8.attn.k.weight', 'multiplier': 1.7, 'effective_lr': 0.0425}, {'sorted_index': 58, 'name': 'blocks.8.attn.v.weight', 'multiplier': 1.7, 'effective_lr': 0.0425}, {'sorted_index': 59, 'name': 'blocks.8.attn.proj.weight', 'multiplier': 1.0, 'effective_lr': 0.025}, {'sorted_index': 60, 'name': 'blocks.9.attn.q.weight', 'multiplier': 1.7, 'effective_lr': 0.0425}, {'sorted_index': 61, 'name': 'blocks.9.attn.k.weight', 'multiplier': 1.0, 'effective_lr': 0.025}, {'sorted_index': 62, 'name': 'blocks.9.attn.v.weight', 'multiplier': 0.6, 'effective_lr': 0.015}, {'sorted_index': 63, 'name': 'blocks.9.attn.proj.weight', 'multiplier': 1.0, 'effective_lr': 0.025}, {'sorted_index': 64, 'name': 'blocks.10.attn.q.weight', 'multiplier': 1.7, 'effective_lr': 0.0425}, {'sorted_index': 65, 'name': 'blocks.10.attn.k.weight', 'multiplier': 1.0, 'effective_lr': 0.025}, {'sorted_index': 66, 'name': 'blocks.10.attn.v.weight', 'multiplier': 1.7, 'effective_lr': 0.0425}, {'sorted_index': 67, 'name': 'blocks.10.attn.proj.weight', 'multiplier': 0.6, 'effective_lr': 0.015}, {'sorted_index': 68, 'name': 'blocks.11.attn.q.weight', 'multiplier': 0.6, 'effective_lr': 0.015}, {'sorted_index': 69, 'name': 'blocks.11.attn.k.weight', 'multiplier': 1.7, 'effective_lr': 0.0425}, {'sorted_index': 70, 'name': 'blocks.11.attn.v.weight', 'multiplier': 1.0, 'effective_lr': 0.025}, {'sorted_index': 71, 'name': 'blocks.11.attn.proj.weight', 'multiplier': 1.0, 'effective_lr': 0.025}]}, {'pattern': '.*', 'lr': [0.015]}]
step:1501/3250 train_time:4.221s step_avg:2.81ms
learning_rates step:1501 [{'pattern': '^embed\\.weight$', 'lr': [0.7]}, {'pattern': '^proj\\.weight$', 'lr': [0.004]}, {'pattern': '^blocks\\..*\\.weight$', 'lr': [0.025], 'per_matrix': [{'sorted_index': 0, 'name': 'blocks.0.mlp.fc.weight', 'multiplier': 1.0, 'effective_lr': 0.025}, {'sorted_index': 1, 'name': 'blocks.1.mlp.fc.weight', 'multiplier': 0.6, 'effective_lr': 0.015}, {'sorted_index': 2, 'name': 'blocks.2.mlp.fc.weight', 'multiplier': 0.6, 'effective_lr': 0.015}, {'sorted_index': 3, 'name': 'blocks.3.mlp.fc.weight', 'multiplier': 0.6, 'effective_lr': 0.015}, {'sorted_index': 4, 'name': 'blocks.4.mlp.fc.weight', 'multiplier': 1.0, 'effective_lr': 0.025}, {'sorted_index': 5, 'name': 'blocks.5.mlp.fc.weight', 'multiplier': 1.7, 'effective_lr': 0.0425}, {'sorted_index': 6, 'name': 'blocks.6.mlp.fc.weight', 'multiplier': 1.0, 'effective_lr': 0.025}, {'sorted_index': 7, 'name': 'blocks.7.mlp.fc.weight', 'multiplier': 1.0, 'effective_lr': 0.025}, {'sorted_index': 8, 'name': 'blocks.8.mlp.fc.weight', 'multiplier': 1.7, 'effective_lr': 0.0425}, {'sorted_index': 9, 'name': 'blocks.9.mlp.fc.weight', 'multiplier': 1.7, 'effective_lr': 0.0425}, {'sorted_index': 10, 'name': 'blocks.10.mlp.fc.weight', 'multiplier': 0.6, 'effective_lr': 0.015}, {'sorted_index': 11, 'name': 'blocks.11.mlp.fc.weight', 'multiplier': 1.7, 'effective_lr': 0.0425}, {'sorted_index': 12, 'name': 'blocks.0.mlp.proj.weight', 'multiplier': 1.7, 'effective_lr': 0.0425}, {'sorted_index': 13, 'name': 'blocks.1.mlp.proj.weight', 'multiplier': 1.7, 'effective_lr': 0.0425}, {'sorted_index': 14, 'name': 'blocks.2.mlp.proj.weight', 'multiplier': 1.0, 'effective_lr': 0.025}, {'sorted_index': 15, 'name': 'blocks.3.mlp.proj.weight', 'multiplier': 1.0, 'effective_lr': 0.025}, {'sorted_index': 16, 'name': 'blocks.4.mlp.proj.weight', 'multiplier': 1.7, 'effective_lr': 0.0425}, {'sorted_index': 17, 'name': 'blocks.5.mlp.proj.weight', 'multiplier': 0.6, 'effective_lr': 0.015}, {'sorted_index': 18, 'name': 'blocks.6.mlp.proj.weight', 'multiplier': 0.6, 'effective_lr': 0.015}, {'sorted_index': 19, 'name': 'blocks.7.mlp.proj.weight', 'multiplier': 1.7, 'effective_lr': 0.0425}, {'sorted_index': 20, 'name': 'blocks.8.mlp.proj.weight', 'multiplier': 1.0, 'effective_lr': 0.025}, {'sorted_index': 21, 'name': 'blocks.9.mlp.proj.weight', 'multiplier': 0.6, 'effective_lr': 0.015}, {'sorted_index': 22, 'name': 'blocks.10.mlp.proj.weight', 'multiplier': 0.6, 'effective_lr': 0.015}, {'sorted_index': 23, 'name': 'blocks.11.mlp.proj.weight', 'multiplier': 1.0, 'effective_lr': 0.025}, {'sorted_index': 24, 'name': 'blocks.0.attn.q.weight', 'multiplier': 1.0, 'effective_lr': 0.025}, {'sorted_index': 25, 'name': 'blocks.0.attn.k.weight', 'multiplier': 1.0, 'effective_lr': 0.025}, {'sorted_index': 26, 'name': 'blocks.0.attn.v.weight', 'multiplier': 1.0, 'effective_lr': 0.025}, {'sorted_index': 27, 'name': 'blocks.0.attn.proj.weight', 'multiplier': 0.6, 'effective_lr': 0.015}, {'sorted_index': 28, 'name': 'blocks.1.attn.q.weight', 'multiplier': 1.7, 'effective_lr': 0.0425}, {'sorted_index': 29, 'name': 'blocks.1.attn.k.weight', 'multiplier': 1.7, 'effective_lr': 0.0425}, {'sorted_index': 30, 'name': 'blocks.1.attn.v.weight', 'multiplier': 1.0, 'effective_lr': 0.025}, {'sorted_index': 31, 'name': 'blocks.1.attn.proj.weight', 'multiplier': 1.7, 'effective_lr': 0.0425}, {'sorted_index': 32, 'name': 'blocks.2.attn.q.weight', 'multiplier': 1.0, 'effective_lr': 0.025}, {'sorted_index': 33, 'name': 'blocks.2.attn.k.weight', 'multiplier': 0.6, 'effective_lr': 0.015}, {'sorted_index': 34, 'name': 'blocks.2.attn.v.weight', 'multiplier': 1.7, 'effective_lr': 0.0425}, {'sorted_index': 35, 'name': 'blocks.2.attn.proj.weight', 'multiplier': 1.7, 'effective_lr': 0.0425}, {'sorted_index': 36, 'name': 'blocks.3.attn.q.weight', 'multiplier': 0.6, 'effective_lr': 0.015}, {'sorted_index': 37, 'name': 'blocks.3.attn.k.weight', 'multiplier': 0.6, 'effective_lr': 0.015}, {'sorted_index': 38, 'name': 'blocks.3.attn.v.weight', 'multiplier': 0.6, 'effective_lr': 0.015}, {'sorted_index': 39, 'name': 'blocks.3.attn.proj.weight', 'multiplier': 1.0, 'effective_lr': 0.025}, {'sorted_index': 40, 'name': 'blocks.4.attn.q.weight', 'multiplier': 0.6, 'effective_lr': 0.015}, {'sorted_index': 41, 'name': 'blocks.4.attn.k.weight', 'multiplier': 1.0, 'effective_lr': 0.025}, {'sorted_index': 42, 'name': 'blocks.4.attn.v.weight', 'multiplier': 0.6, 'effective_lr': 0.015}, {'sorted_index': 43, 'name': 'blocks.4.attn.proj.weight', 'multiplier': 1.7, 'effective_lr': 0.0425}, {'sorted_index': 44, 'name': 'blocks.5.attn.q.weight', 'multiplier': 1.7, 'effective_lr': 0.0425}, {'sorted_index': 45, 'name': 'blocks.5.attn.k.weight', 'multiplier': 0.6, 'effective_lr': 0.015}, {'sorted_index': 46, 'name': 'blocks.5.attn.v.weight', 'multiplier': 1.7, 'effective_lr': 0.0425}, {'sorted_index': 47, 'name': 'blocks.5.attn.proj.weight', 'multiplier': 0.6, 'effective_lr': 0.015}, {'sorted_index': 48, 'name': 'blocks.6.attn.q.weight', 'multiplier': 1.0, 'effective_lr': 0.025}, {'sorted_index': 49, 'name': 'blocks.6.attn.k.weight', 'multiplier': 1.7, 'effective_lr': 0.0425}, {'sorted_index': 50, 'name': 'blocks.6.attn.v.weight', 'multiplier': 0.6, 'effective_lr': 0.015}, {'sorted_index': 51, 'name': 'blocks.6.attn.proj.weight', 'multiplier': 0.6, 'effective_lr': 0.015}, {'sorted_index': 52, 'name': 'blocks.7.attn.q.weight', 'multiplier': 1.0, 'effective_lr': 0.025}, {'sorted_index': 53, 'name': 'blocks.7.attn.k.weight', 'multiplier': 0.6, 'effective_lr': 0.015}, {'sorted_index': 54, 'name': 'blocks.7.attn.v.weight', 'multiplier': 1.0, 'effective_lr': 0.025}, {'sorted_index': 55, 'name': 'blocks.7.attn.proj.weight', 'multiplier': 1.7, 'effective_lr': 0.0425}, {'sorted_index': 56, 'name': 'blocks.8.attn.q.weight', 'multiplier': 0.6, 'effective_lr': 0.015}, {'sorted_index': 57, 'name': 'blocks.8.attn.k.weight', 'multiplier': 1.7, 'effective_lr': 0.0425}, {'sorted_index': 58, 'name': 'blocks.8.attn.v.weight', 'multiplier': 1.7, 'effective_lr': 0.0425}, {'sorted_index': 59, 'name': 'blocks.8.attn.proj.weight', 'multiplier': 1.0, 'effective_lr': 0.025}, {'sorted_index': 60, 'name': 'blocks.9.attn.q.weight', 'multiplier': 1.7, 'effective_lr': 0.0425}, {'sorted_index': 61, 'name': 'blocks.9.attn.k.weight', 'multiplier': 1.0, 'effective_lr': 0.025}, {'sorted_index': 62, 'name': 'blocks.9.attn.v.weight', 'multiplier': 0.6, 'effective_lr': 0.015}, {'sorted_index': 63, 'name': 'blocks.9.attn.proj.weight', 'multiplier': 1.0, 'effective_lr': 0.025}, {'sorted_index': 64, 'name': 'blocks.10.attn.q.weight', 'multiplier': 1.7, 'effective_lr': 0.0425}, {'sorted_index': 65, 'name': 'blocks.10.attn.k.weight', 'multiplier': 1.0, 'effective_lr': 0.025}, {'sorted_index': 66, 'name': 'blocks.10.attn.v.weight', 'multiplier': 1.7, 'effective_lr': 0.0425}, {'sorted_index': 67, 'name': 'blocks.10.attn.proj.weight', 'multiplier': 0.6, 'effective_lr': 0.015}, {'sorted_index': 68, 'name': 'blocks.11.attn.q.weight', 'multiplier': 0.6, 'effective_lr': 0.015}, {'sorted_index': 69, 'name': 'blocks.11.attn.k.weight', 'multiplier': 1.7, 'effective_lr': 0.0425}, {'sorted_index': 70, 'name': 'blocks.11.attn.v.weight', 'multiplier': 1.0, 'effective_lr': 0.025}, {'sorted_index': 71, 'name': 'blocks.11.attn.proj.weight', 'multiplier': 1.0, 'effective_lr': 0.025}]}, {'pattern': '.*', 'lr': [0.015]}]
step:1502/3250 train_time:4.360s step_avg:2.90ms
step:1503/3250 train_time:4.512s step_avg:3.00ms
step:1504/3250 train_time:4.663s step_avg:3.10ms
step:1505/3250 train_time:4.815s step_avg:3.20ms
step:1506/3250 train_time:4.968s step_avg:3.30ms
step:1507/3250 train_time:5.120s step_avg:3.40ms
step:1508/3250 train_time:5.272s step_avg:3.50ms
step:1509/3250 train_time:5.425s step_avg:3.60ms
step:1510/3250 train_time:5.576s step_avg:3.69ms
step:1511/3250 train_time:5.731s step_avg:3.79ms
step:1512/3250 train_time:5.883s step_avg:3.89ms
step:1513/3250 train_time:6.036s step_avg:3.99ms
step:1514/3250 train_time:6.189s step_avg:4.09ms
step:1515/3250 train_time:6.341s step_avg:4.19ms
step:1516/3250 train_time:6.494s step_avg:4.28ms
step:1517/3250 train_time:6.646s step_avg:4.38ms
step:1518/3250 train_time:6.799s step_avg:4.48ms
step:1519/3250 train_time:6.951s step_avg:4.58ms
step:1520/3250 train_time:7.104s step_avg:4.67ms
step:1521/3250 train_time:7.295s step_avg:4.80ms
step:1522/3250 train_time:7.447s step_avg:4.89ms
step:1523/3250 train_time:7.599s step_avg:4.99ms
step:1524/3250 train_time:7.751s step_avg:5.09ms
step:1525/3250 train_time:7.905s step_avg:5.18ms
step:1526/3250 train_time:8.057s step_avg:5.28ms
step:1527/3250 train_time:8.211s step_avg:5.38ms
step:1528/3250 train_time:8.363s step_avg:5.47ms
step:1529/3250 train_time:8.517s step_avg:5.57ms
step:1530/3250 train_time:8.670s step_avg:5.67ms
step:1531/3250 train_time:8.824s step_avg:5.76ms
step:1532/3250 train_time:8.976s step_avg:5.86ms
step:1533/3250 train_time:9.130s step_avg:5.96ms
step:1534/3250 train_time:9.282s step_avg:6.05ms
step:1535/3250 train_time:9.435s step_avg:6.15ms
step:1536/3250 train_time:9.588s step_avg:6.24ms
step:1537/3250 train_time:9.740s step_avg:6.34ms
step:1538/3250 train_time:9.893s step_avg:6.43ms
step:1539/3250 train_time:10.046s step_avg:6.53ms
step:1540/3250 train_time:10.198s step_avg:6.62ms
step:1541/3250 train_time:10.352s step_avg:6.72ms
step:1542/3250 train_time:10.504s step_avg:6.81ms
step:1543/3250 train_time:10.657s step_avg:6.91ms
step:1544/3250 train_time:10.812s step_avg:7.00ms
step:1545/3250 train_time:10.964s step_avg:7.10ms
step:1546/3250 train_time:11.117s step_avg:7.19ms
step:1547/3250 train_time:11.272s step_avg:7.29ms
step:1548/3250 train_time:11.425s step_avg:7.38ms
step:1549/3250 train_time:11.576s step_avg:7.47ms
step:1550/3250 train_time:11.731s step_avg:7.57ms
step:1551/3250 train_time:11.882s step_avg:7.66ms
step:1552/3250 train_time:12.035s step_avg:7.75ms
step:1553/3250 train_time:12.189s step_avg:7.85ms
step:1554/3250 train_time:12.341s step_avg:7.94ms
step:1555/3250 train_time:12.493s step_avg:8.03ms
step:1556/3250 train_time:12.645s step_avg:8.13ms
step:1557/3250 train_time:12.798s step_avg:8.22ms
step:1558/3250 train_time:12.952s step_avg:8.31ms
step:1559/3250 train_time:13.105s step_avg:8.41ms
step:1560/3250 train_time:13.258s step_avg:8.50ms
step:1561/3250 train_time:13.413s step_avg:8.59ms
step:1562/3250 train_time:13.566s step_avg:8.68ms
step:1563/3250 train_time:13.719s step_avg:8.78ms
step:1564/3250 train_time:13.872s step_avg:8.87ms
step:1565/3250 train_time:14.026s step_avg:8.96ms
step:1566/3250 train_time:14.178s step_avg:9.05ms
step:1567/3250 train_time:14.332s step_avg:9.15ms
step:1568/3250 train_time:14.485s step_avg:9.24ms
step:1569/3250 train_time:14.637s step_avg:9.33ms
step:1570/3250 train_time:14.792s step_avg:9.42ms
step:1571/3250 train_time:14.944s step_avg:9.51ms
step:1572/3250 train_time:15.097s step_avg:9.60ms
step:1573/3250 train_time:15.251s step_avg:9.70ms
step:1574/3250 train_time:15.405s step_avg:9.79ms
step:1575/3250 train_time:15.557s step_avg:9.88ms
step:1576/3250 train_time:15.713s step_avg:9.97ms
step:1577/3250 train_time:15.866s step_avg:10.06ms
step:1578/3250 train_time:16.019s step_avg:10.15ms
step:1579/3250 train_time:16.172s step_avg:10.24ms
step:1580/3250 train_time:16.326s step_avg:10.33ms
step:1581/3250 train_time:16.478s step_avg:10.42ms
step:1582/3250 train_time:16.633s step_avg:10.51ms
step:1583/3250 train_time:16.787s step_avg:10.60ms
step:1584/3250 train_time:16.939s step_avg:10.69ms
step:1585/3250 train_time:17.093s step_avg:10.78ms
step:1586/3250 train_time:17.246s step_avg:10.87ms
step:1587/3250 train_time:17.398s step_avg:10.96ms
step:1588/3250 train_time:17.552s step_avg:11.05ms
step:1589/3250 train_time:17.705s step_avg:11.14ms
step:1590/3250 train_time:17.857s step_avg:11.23ms
step:1591/3250 train_time:18.012s step_avg:11.32ms
step:1592/3250 train_time:18.165s step_avg:11.41ms
step:1593/3250 train_time:18.318s step_avg:11.50ms
step:1594/3250 train_time:18.469s step_avg:11.59ms
step:1595/3250 train_time:18.622s step_avg:11.68ms
step:1596/3250 train_time:18.775s step_avg:11.76ms
step:1597/3250 train_time:18.929s step_avg:11.85ms
step:1598/3250 train_time:19.081s step_avg:11.94ms
step:1599/3250 train_time:19.235s step_avg:12.03ms
step:1600/3250 train_time:19.389s step_avg:12.12ms
step:1601/3250 train_time:19.541s step_avg:12.21ms
step:1602/3250 train_time:19.695s step_avg:12.29ms
step:1603/3250 train_time:19.848s step_avg:12.38ms
step:1604/3250 train_time:20.001s step_avg:12.47ms
step:1605/3250 train_time:20.154s step_avg:12.56ms
step:1606/3250 train_time:20.308s step_avg:12.65ms
step:1607/3250 train_time:20.461s step_avg:12.73ms
step:1608/3250 train_time:20.615s step_avg:12.82ms
step:1609/3250 train_time:20.768s step_avg:12.91ms
step:1610/3250 train_time:20.922s step_avg:12.99ms
step:1611/3250 train_time:21.074s step_avg:13.08ms
step:1612/3250 train_time:21.228s step_avg:13.17ms
step:1613/3250 train_time:21.380s step_avg:13.25ms
step:1614/3250 train_time:21.534s step_avg:13.34ms
step:1615/3250 train_time:21.689s step_avg:13.43ms
step:1616/3250 train_time:21.841s step_avg:13.52ms
step:1617/3250 train_time:21.994s step_avg:13.60ms
step:1618/3250 train_time:22.147s step_avg:13.69ms
step:1619/3250 train_time:22.300s step_avg:13.77ms
step:1620/3250 train_time:22.454s step_avg:13.86ms
step:1621/3250 train_time:22.608s step_avg:13.95ms
step:1622/3250 train_time:22.761s step_avg:14.03ms
step:1623/3250 train_time:22.915s step_avg:14.12ms
step:1624/3250 train_time:23.069s step_avg:14.21ms
step:1625/3250 train_time:23.223s step_avg:14.29ms
step:1625/3250 val_loss:3.57155 train_time:23.235s step_avg:14.30ms
step:1626/3250 train_time:23.956s step_avg:14.73ms
step:1627/3250 train_time:24.094s step_avg:14.81ms
step:1628/3250 train_time:24.247s step_avg:14.89ms
step:1629/3250 train_time:24.402s step_avg:14.98ms
step:1630/3250 train_time:24.553s step_avg:15.06ms
step:1631/3250 train_time:24.706s step_avg:15.15ms
step:1632/3250 train_time:24.860s step_avg:15.23ms
step:1633/3250 train_time:25.012s step_avg:15.32ms
step:1634/3250 train_time:25.166s step_avg:15.40ms
step:1635/3250 train_time:25.320s step_avg:15.49ms
step:1636/3250 train_time:25.472s step_avg:15.57ms
step:1637/3250 train_time:25.626s step_avg:15.65ms
step:1638/3250 train_time:25.779s step_avg:15.74ms
step:1639/3250 train_time:25.932s step_avg:15.82ms
step:1640/3250 train_time:26.086s step_avg:15.91ms
step:1641/3250 train_time:26.241s step_avg:15.99ms
step:1642/3250 train_time:26.394s step_avg:16.07ms
step:1643/3250 train_time:26.548s step_avg:16.16ms
step:1644/3250 train_time:26.703s step_avg:16.24ms
step:1645/3250 train_time:26.858s step_avg:16.33ms
step:1646/3250 train_time:27.010s step_avg:16.41ms
step:1647/3250 train_time:27.165s step_avg:16.49ms
step:1648/3250 train_time:27.319s step_avg:16.58ms
step:1649/3250 train_time:27.471s step_avg:16.66ms
step:1650/3250 train_time:27.626s step_avg:16.74ms
step:1651/3250 train_time:27.780s step_avg:16.83ms
step:1652/3250 train_time:27.933s step_avg:16.91ms
step:1653/3250 train_time:28.086s step_avg:16.99ms
step:1654/3250 train_time:28.241s step_avg:17.07ms
step:1655/3250 train_time:28.393s step_avg:17.16ms
step:1656/3250 train_time:28.547s step_avg:17.24ms
step:1657/3250 train_time:28.702s step_avg:17.32ms
step:1658/3250 train_time:28.856s step_avg:17.40ms
step:1659/3250 train_time:29.009s step_avg:17.49ms
step:1660/3250 train_time:29.164s step_avg:17.57ms
step:1661/3250 train_time:29.318s step_avg:17.65ms
step:1662/3250 train_time:29.470s step_avg:17.73ms
step:1663/3250 train_time:29.625s step_avg:17.81ms
step:1664/3250 train_time:29.778s step_avg:17.90ms
step:1665/3250 train_time:29.932s step_avg:17.98ms
step:1666/3250 train_time:30.085s step_avg:18.06ms
step:1667/3250 train_time:30.237s step_avg:18.14ms
step:1668/3250 train_time:30.390s step_avg:18.22ms
step:1669/3250 train_time:30.547s step_avg:18.30ms
step:1670/3250 train_time:30.702s step_avg:18.38ms
step:1671/3250 train_time:30.855s step_avg:18.47ms
step:1672/3250 train_time:31.007s step_avg:18.55ms
step:1673/3250 train_time:31.163s step_avg:18.63ms
step:1674/3250 train_time:31.317s step_avg:18.71ms
step:1675/3250 train_time:31.470s step_avg:18.79ms
step:1676/3250 train_time:31.625s step_avg:18.87ms
step:1677/3250 train_time:31.777s step_avg:18.95ms
step:1678/3250 train_time:31.930s step_avg:19.03ms
step:1679/3250 train_time:32.086s step_avg:19.11ms
step:1680/3250 train_time:32.241s step_avg:19.19ms
step:1681/3250 train_time:32.394s step_avg:19.27ms
step:1682/3250 train_time:32.549s step_avg:19.35ms
step:1683/3250 train_time:32.704s step_avg:19.43ms
step:1684/3250 train_time:32.858s step_avg:19.51ms
step:1685/3250 train_time:33.011s step_avg:19.59ms
step:1686/3250 train_time:33.165s step_avg:19.67ms
step:1687/3250 train_time:33.317s step_avg:19.75ms
step:1688/3250 train_time:33.471s step_avg:19.83ms
step:1689/3250 train_time:33.625s step_avg:19.91ms
step:1690/3250 train_time:33.779s step_avg:19.99ms
step:1691/3250 train_time:33.932s step_avg:20.07ms
step:1692/3250 train_time:34.086s step_avg:20.15ms
step:1693/3250 train_time:34.241s step_avg:20.22ms
step:1694/3250 train_time:34.394s step_avg:20.30ms
step:1695/3250 train_time:34.548s step_avg:20.38ms
step:1696/3250 train_time:34.703s step_avg:20.46ms
step:1697/3250 train_time:34.857s step_avg:20.54ms
step:1698/3250 train_time:35.010s step_avg:20.62ms
step:1699/3250 train_time:35.165s step_avg:20.70ms
step:1700/3250 train_time:35.319s step_avg:20.78ms
step:1701/3250 train_time:35.472s step_avg:20.85ms
step:1702/3250 train_time:35.626s step_avg:20.93ms
step:1703/3250 train_time:35.780s step_avg:21.01ms
step:1704/3250 train_time:35.934s step_avg:21.09ms
step:1705/3250 train_time:36.088s step_avg:21.17ms
step:1706/3250 train_time:36.243s step_avg:21.24ms
step:1707/3250 train_time:36.394s step_avg:21.32ms
step:1708/3250 train_time:36.549s step_avg:21.40ms
step:1709/3250 train_time:36.705s step_avg:21.48ms
step:1710/3250 train_time:36.861s step_avg:21.56ms
step:1711/3250 train_time:37.056s step_avg:21.66ms
step:1712/3250 train_time:37.209s step_avg:21.73ms
step:1713/3250 train_time:37.365s step_avg:21.81ms
step:1714/3250 train_time:37.518s step_avg:21.89ms
step:1715/3250 train_time:37.672s step_avg:21.97ms
step:1716/3250 train_time:37.826s step_avg:22.04ms
step:1717/3250 train_time:37.980s step_avg:22.12ms
step:1718/3250 train_time:38.133s step_avg:22.20ms
step:1719/3250 train_time:38.287s step_avg:22.27ms
step:1720/3250 train_time:38.442s step_avg:22.35ms
step:1721/3250 train_time:38.597s step_avg:22.43ms
step:1722/3250 train_time:38.751s step_avg:22.50ms
step:1723/3250 train_time:38.906s step_avg:22.58ms
step:1724/3250 train_time:39.061s step_avg:22.66ms
step:1725/3250 train_time:39.214s step_avg:22.73ms
step:1726/3250 train_time:39.368s step_avg:22.81ms
step:1727/3250 train_time:39.523s step_avg:22.89ms
step:1728/3250 train_time:39.675s step_avg:22.96ms
step:1729/3250 train_time:39.829s step_avg:23.04ms
step:1730/3250 train_time:39.984s step_avg:23.11ms
step:1731/3250 train_time:40.139s step_avg:23.19ms
step:1732/3250 train_time:40.292s step_avg:23.26ms
step:1733/3250 train_time:40.448s step_avg:23.34ms
step:1734/3250 train_time:40.599s step_avg:23.41ms
step:1735/3250 train_time:40.753s step_avg:23.49ms
step:1736/3250 train_time:40.906s step_avg:23.56ms
step:1737/3250 train_time:41.064s step_avg:23.64ms
step:1738/3250 train_time:41.219s step_avg:23.72ms
step:1739/3250 train_time:41.372s step_avg:23.79ms
step:1740/3250 train_time:41.526s step_avg:23.87ms
step:1741/3250 train_time:41.680s step_avg:23.94ms
step:1742/3250 train_time:41.834s step_avg:24.01ms
step:1743/3250 train_time:41.988s step_avg:24.09ms
step:1744/3250 train_time:42.144s step_avg:24.16ms
step:1745/3250 train_time:42.295s step_avg:24.24ms
step:1746/3250 train_time:42.449s step_avg:24.31ms
step:1747/3250 train_time:42.603s step_avg:24.39ms
step:1748/3250 train_time:42.757s step_avg:24.46ms
step:1749/3250 train_time:42.908s step_avg:24.53ms
step:1750/3250 train_time:43.063s step_avg:24.61ms
step:1750/3250 val_loss:3.55862 train_time:43.075s step_avg:158.72ms
step:1751/3250 train_time:43.808s step_avg:25.02ms
step:1752/3250 train_time:43.947s step_avg:25.08ms
step:1753/3250 train_time:44.101s step_avg:25.16ms
step:1754/3250 train_time:44.255s step_avg:25.23ms
step:1755/3250 train_time:44.410s step_avg:25.30ms
step:1756/3250 train_time:44.564s step_avg:25.38ms
step:1757/3250 train_time:44.719s step_avg:25.45ms
step:1758/3250 train_time:44.872s step_avg:25.52ms
step:1759/3250 train_time:45.025s step_avg:25.60ms
step:1760/3250 train_time:45.179s step_avg:25.67ms
step:1761/3250 train_time:45.333s step_avg:25.74ms
step:1762/3250 train_time:45.487s step_avg:25.82ms
step:1763/3250 train_time:45.639s step_avg:25.89ms
step:1764/3250 train_time:45.794s step_avg:25.96ms
step:1765/3250 train_time:45.948s step_avg:26.03ms
step:1766/3250 train_time:46.101s step_avg:26.10ms
step:1767/3250 train_time:46.255s step_avg:26.18ms
step:1768/3250 train_time:46.408s step_avg:26.25ms
step:1769/3250 train_time:46.559s step_avg:26.32ms
step:1770/3250 train_time:46.713s step_avg:26.39ms
step:1771/3250 train_time:46.867s step_avg:26.46ms
step:1772/3250 train_time:47.021s step_avg:26.54ms
step:1773/3250 train_time:47.175s step_avg:26.61ms
step:1774/3250 train_time:47.330s step_avg:26.68ms
step:1775/3250 train_time:47.482s step_avg:26.75ms
step:1776/3250 train_time:47.636s step_avg:26.82ms
step:1777/3250 train_time:47.790s step_avg:26.89ms
step:1778/3250 train_time:47.943s step_avg:26.96ms
step:1779/3250 train_time:48.097s step_avg:27.04ms
step:1780/3250 train_time:48.252s step_avg:27.11ms
step:1781/3250 train_time:48.405s step_avg:27.18ms
step:1782/3250 train_time:48.558s step_avg:27.25ms
step:1783/3250 train_time:48.713s step_avg:27.32ms
step:1784/3250 train_time:48.864s step_avg:27.39ms
step:1785/3250 train_time:49.018s step_avg:27.46ms
step:1786/3250 train_time:49.173s step_avg:27.53ms
step:1787/3250 train_time:49.327s step_avg:27.60ms
step:1788/3250 train_time:49.480s step_avg:27.67ms
step:1789/3250 train_time:49.634s step_avg:27.74ms
step:1790/3250 train_time:49.788s step_avg:27.81ms
step:1791/3250 train_time:49.941s step_avg:27.88ms
step:1792/3250 train_time:50.095s step_avg:27.95ms
step:1793/3250 train_time:50.251s step_avg:28.03ms
step:1794/3250 train_time:50.404s step_avg:28.10ms
step:1795/3250 train_time:50.558s step_avg:28.17ms
step:1796/3250 train_time:50.712s step_avg:28.24ms
step:1797/3250 train_time:50.865s step_avg:28.31ms
step:1798/3250 train_time:51.018s step_avg:28.37ms
step:1799/3250 train_time:51.172s step_avg:28.44ms
step:1800/3250 train_time:51.325s step_avg:28.51ms
step:1801/3250 train_time:51.479s step_avg:28.58ms
step:1802/3250 train_time:51.634s step_avg:28.65ms
step:1803/3250 train_time:51.788s step_avg:28.72ms
step:1804/3250 train_time:51.940s step_avg:28.79ms
step:1805/3250 train_time:52.094s step_avg:28.86ms
step:1806/3250 train_time:52.249s step_avg:28.93ms
step:1807/3250 train_time:52.401s step_avg:29.00ms
step:1808/3250 train_time:52.556s step_avg:29.07ms
step:1809/3250 train_time:52.708s step_avg:29.14ms
step:1810/3250 train_time:52.861s step_avg:29.21ms
step:1811/3250 train_time:53.015s step_avg:29.27ms
step:1812/3250 train_time:53.170s step_avg:29.34ms
step:1813/3250 train_time:53.323s step_avg:29.41ms
step:1814/3250 train_time:53.477s step_avg:29.48ms
step:1815/3250 train_time:53.629s step_avg:29.55ms
step:1816/3250 train_time:53.782s step_avg:29.62ms
step:1817/3250 train_time:53.935s step_avg:29.68ms
step:1818/3250 train_time:54.090s step_avg:29.75ms
step:1819/3250 train_time:54.242s step_avg:29.82ms
step:1820/3250 train_time:54.396s step_avg:29.89ms
step:1821/3250 train_time:54.552s step_avg:29.96ms
step:1822/3250 train_time:54.705s step_avg:30.02ms
step:1823/3250 train_time:54.859s step_avg:30.09ms
step:1824/3250 train_time:55.013s step_avg:30.16ms
step:1825/3250 train_time:55.167s step_avg:30.23ms
step:1826/3250 train_time:55.320s step_avg:30.30ms
step:1827/3250 train_time:55.475s step_avg:30.36ms
step:1828/3250 train_time:55.630s step_avg:30.43ms
step:1829/3250 train_time:55.783s step_avg:30.50ms
step:1830/3250 train_time:55.935s step_avg:30.57ms
step:1831/3250 train_time:56.091s step_avg:30.63ms
step:1832/3250 train_time:56.243s step_avg:30.70ms
step:1833/3250 train_time:56.397s step_avg:30.77ms
step:1834/3250 train_time:56.551s step_avg:30.83ms
step:1835/3250 train_time:56.704s step_avg:30.90ms
step:1836/3250 train_time:56.858s step_avg:30.97ms
step:1837/3250 train_time:57.012s step_avg:31.04ms
step:1838/3250 train_time:57.167s step_avg:31.10ms
step:1839/3250 train_time:57.320s step_avg:31.17ms
step:1840/3250 train_time:57.475s step_avg:31.24ms
step:1841/3250 train_time:57.630s step_avg:31.30ms
step:1842/3250 train_time:57.784s step_avg:31.37ms
step:1843/3250 train_time:57.936s step_avg:31.44ms
step:1844/3250 train_time:58.092s step_avg:31.50ms
step:1845/3250 train_time:58.246s step_avg:31.57ms
step:1846/3250 train_time:58.399s step_avg:31.64ms
step:1847/3250 train_time:58.555s step_avg:31.70ms
step:1848/3250 train_time:58.709s step_avg:31.77ms
step:1849/3250 train_time:58.862s step_avg:31.83ms
step:1850/3250 train_time:59.015s step_avg:31.90ms
step:1851/3250 train_time:59.170s step_avg:31.97ms
step:1852/3250 train_time:59.323s step_avg:32.03ms
step:1853/3250 train_time:59.477s step_avg:32.10ms
step:1854/3250 train_time:59.632s step_avg:32.16ms
step:1855/3250 train_time:59.786s step_avg:32.23ms
step:1856/3250 train_time:59.940s step_avg:32.30ms
step:1857/3250 train_time:60.094s step_avg:32.36ms
step:1858/3250 train_time:60.249s step_avg:32.43ms
step:1859/3250 train_time:60.401s step_avg:32.49ms
step:1860/3250 train_time:60.556s step_avg:32.56ms
step:1861/3250 train_time:60.710s step_avg:32.62ms
step:1862/3250 train_time:60.863s step_avg:32.69ms
step:1863/3250 train_time:61.016s step_avg:32.75ms
step:1864/3250 train_time:61.172s step_avg:32.82ms
step:1865/3250 train_time:61.326s step_avg:32.88ms
step:1866/3250 train_time:61.480s step_avg:32.95ms
step:1867/3250 train_time:61.634s step_avg:33.01ms
step:1868/3250 train_time:61.788s step_avg:33.08ms
step:1869/3250 train_time:61.941s step_avg:33.14ms
step:1870/3250 train_time:62.095s step_avg:33.21ms
step:1871/3250 train_time:62.250s step_avg:33.27ms
step:1872/3250 train_time:62.403s step_avg:33.33ms
step:1873/3250 train_time:62.557s step_avg:33.40ms
step:1874/3250 train_time:62.712s step_avg:33.46ms
step:1875/3250 train_time:62.866s step_avg:33.53ms
step:1875/3250 val_loss:3.54397 train_time:62.878s step_avg:158.42ms
step:1876/3250 train_time:63.587s step_avg:33.90ms
step:1877/3250 train_time:63.726s step_avg:33.95ms
step:1878/3250 train_time:63.881s step_avg:34.02ms
step:1879/3250 train_time:64.034s step_avg:34.08ms
step:1880/3250 train_time:64.188s step_avg:34.14ms
step:1881/3250 train_time:64.342s step_avg:34.21ms
step:1882/3250 train_time:64.497s step_avg:34.27ms
step:1883/3250 train_time:64.648s step_avg:34.33ms
step:1884/3250 train_time:64.803s step_avg:34.40ms
step:1885/3250 train_time:64.958s step_avg:34.46ms
step:1886/3250 train_time:65.112s step_avg:34.52ms
step:1887/3250 train_time:65.265s step_avg:34.59ms
step:1888/3250 train_time:65.421s step_avg:34.65ms
step:1889/3250 train_time:65.574s step_avg:34.71ms
step:1890/3250 train_time:65.728s step_avg:34.78ms
step:1891/3250 train_time:65.883s step_avg:34.84ms
step:1892/3250 train_time:66.037s step_avg:34.90ms
step:1893/3250 train_time:66.191s step_avg:34.97ms
step:1894/3250 train_time:66.345s step_avg:35.03ms
step:1895/3250 train_time:66.501s step_avg:35.09ms
step:1896/3250 train_time:66.652s step_avg:35.15ms
step:1897/3250 train_time:66.807s step_avg:35.22ms
step:1898/3250 train_time:66.963s step_avg:35.28ms
step:1899/3250 train_time:67.118s step_avg:35.34ms
step:1900/3250 train_time:67.271s step_avg:35.41ms
step:1901/3250 train_time:67.463s step_avg:35.49ms
step:1902/3250 train_time:67.617s step_avg:35.55ms
step:1903/3250 train_time:67.769s step_avg:35.61ms
step:1904/3250 train_time:67.924s step_avg:35.67ms
step:1905/3250 train_time:68.079s step_avg:35.74ms
step:1906/3250 train_time:68.233s step_avg:35.80ms
step:1907/3250 train_time:68.386s step_avg:35.86ms
step:1908/3250 train_time:68.541s step_avg:35.92ms
step:1909/3250 train_time:68.696s step_avg:35.99ms
step:1910/3250 train_time:68.849s step_avg:36.05ms
step:1911/3250 train_time:69.005s step_avg:36.11ms
step:1912/3250 train_time:69.160s step_avg:36.17ms
step:1913/3250 train_time:69.311s step_avg:36.23ms
step:1914/3250 train_time:69.465s step_avg:36.29ms
step:1915/3250 train_time:69.620s step_avg:36.36ms
step:1916/3250 train_time:69.775s step_avg:36.42ms
step:1917/3250 train_time:69.928s step_avg:36.48ms
step:1918/3250 train_time:70.082s step_avg:36.54ms
step:1919/3250 train_time:70.235s step_avg:36.60ms
step:1920/3250 train_time:70.389s step_avg:36.66ms
step:1921/3250 train_time:70.543s step_avg:36.72ms
step:1922/3250 train_time:70.699s step_avg:36.78ms
step:1923/3250 train_time:70.851s step_avg:36.84ms
step:1924/3250 train_time:71.006s step_avg:36.91ms
step:1925/3250 train_time:71.161s step_avg:36.97ms
step:1926/3250 train_time:71.315s step_avg:37.03ms
step:1927/3250 train_time:71.468s step_avg:37.09ms
step:1928/3250 train_time:71.624s step_avg:37.15ms
step:1929/3250 train_time:71.780s step_avg:37.21ms
step:1930/3250 train_time:71.934s step_avg:37.27ms
step:1931/3250 train_time:72.088s step_avg:37.33ms
step:1932/3250 train_time:72.243s step_avg:37.39ms
step:1933/3250 train_time:72.395s step_avg:37.45ms
step:1934/3250 train_time:72.549s step_avg:37.51ms
step:1935/3250 train_time:72.704s step_avg:37.57ms
step:1936/3250 train_time:72.859s step_avg:37.63ms
step:1937/3250 train_time:73.014s step_avg:37.69ms
step:1938/3250 train_time:73.166s step_avg:37.75ms
step:1939/3250 train_time:73.323s step_avg:37.81ms
step:1940/3250 train_time:73.477s step_avg:37.87ms
step:1941/3250 train_time:73.630s step_avg:37.93ms
step:1942/3250 train_time:73.786s step_avg:37.99ms
step:1943/3250 train_time:73.940s step_avg:38.05ms
step:1944/3250 train_time:74.095s step_avg:38.11ms
step:1945/3250 train_time:74.248s step_avg:38.17ms
step:1946/3250 train_time:74.404s step_avg:38.23ms
step:1947/3250 train_time:74.556s step_avg:38.29ms
step:1948/3250 train_time:74.710s step_avg:38.35ms
step:1949/3250 train_time:74.865s step_avg:38.41ms
step:1950/3250 train_time:75.020s step_avg:38.47ms
step:1951/3250 train_time:75.175s step_avg:38.53ms
step:1952/3250 train_time:75.330s step_avg:38.59ms
step:1953/3250 train_time:75.484s step_avg:38.65ms
step:1954/3250 train_time:75.639s step_avg:38.71ms
step:1955/3250 train_time:75.793s step_avg:38.77ms
step:1956/3250 train_time:75.947s step_avg:38.83ms
step:1957/3250 train_time:76.101s step_avg:38.89ms
step:1958/3250 train_time:76.256s step_avg:38.95ms
step:1959/3250 train_time:76.411s step_avg:39.00ms
step:1960/3250 train_time:76.565s step_avg:39.06ms
step:1961/3250 train_time:76.721s step_avg:39.12ms
step:1962/3250 train_time:76.874s step_avg:39.18ms
step:1963/3250 train_time:77.028s step_avg:39.24ms
step:1964/3250 train_time:77.183s step_avg:39.30ms
step:1965/3250 train_time:77.337s step_avg:39.36ms
step:1966/3250 train_time:77.491s step_avg:39.42ms
step:1967/3250 train_time:77.646s step_avg:39.47ms
step:1968/3250 train_time:77.801s step_avg:39.53ms
step:1969/3250 train_time:77.955s step_avg:39.59ms
step:1970/3250 train_time:78.109s step_avg:39.65ms
step:1971/3250 train_time:78.264s step_avg:39.71ms
step:1972/3250 train_time:78.418s step_avg:39.77ms
step:1973/3250 train_time:78.572s step_avg:39.82ms
step:1974/3250 train_time:78.725s step_avg:39.88ms
step:1975/3250 train_time:78.881s step_avg:39.94ms
step:1976/3250 train_time:79.034s step_avg:40.00ms
step:1977/3250 train_time:79.189s step_avg:40.05ms
step:1978/3250 train_time:79.343s step_avg:40.11ms
step:1979/3250 train_time:79.498s step_avg:40.17ms
step:1980/3250 train_time:79.651s step_avg:40.23ms
step:1981/3250 train_time:79.806s step_avg:40.29ms
step:1982/3250 train_time:79.961s step_avg:40.34ms
step:1983/3250 train_time:80.114s step_avg:40.40ms
step:1984/3250 train_time:80.267s step_avg:40.46ms
step:1985/3250 train_time:80.423s step_avg:40.52ms
step:1986/3250 train_time:80.578s step_avg:40.57ms
step:1987/3250 train_time:80.731s step_avg:40.63ms
step:1988/3250 train_time:80.885s step_avg:40.69ms
step:1989/3250 train_time:81.040s step_avg:40.74ms
step:1990/3250 train_time:81.195s step_avg:40.80ms
step:1991/3250 train_time:81.348s step_avg:40.86ms
step:1992/3250 train_time:81.504s step_avg:40.92ms
step:1993/3250 train_time:81.659s step_avg:40.97ms
step:1994/3250 train_time:81.813s step_avg:41.03ms
step:1995/3250 train_time:81.966s step_avg:41.09ms
step:1996/3250 train_time:82.119s step_avg:41.14ms
step:1997/3250 train_time:82.273s step_avg:41.20ms
step:1998/3250 train_time:82.427s step_avg:41.25ms
step:1999/3250 train_time:82.583s step_avg:41.31ms
step:2000/3250 train_time:82.737s step_avg:41.37ms
step:2000/3250 val_loss:3.53619 train_time:82.749s step_avg:158.97ms
step:2001/3250 train_time:83.439s step_avg:41.70ms
step:2002/3250 train_time:83.579s step_avg:41.75ms
step:2003/3250 train_time:83.733s step_avg:41.80ms
step:2004/3250 train_time:83.888s step_avg:41.86ms
step:2005/3250 train_time:84.042s step_avg:41.92ms
step:2006/3250 train_time:84.194s step_avg:41.97ms
step:2007/3250 train_time:84.349s step_avg:42.03ms
step:2008/3250 train_time:84.503s step_avg:42.08ms
step:2009/3250 train_time:84.657s step_avg:42.14ms
step:2010/3250 train_time:84.812s step_avg:42.19ms
step:2011/3250 train_time:84.964s step_avg:42.25ms
step:2012/3250 train_time:85.118s step_avg:42.31ms
step:2013/3250 train_time:85.273s step_avg:42.36ms
step:2014/3250 train_time:85.428s step_avg:42.42ms
step:2015/3250 train_time:85.581s step_avg:42.47ms
step:2016/3250 train_time:85.735s step_avg:42.53ms
step:2017/3250 train_time:85.889s step_avg:42.58ms
step:2018/3250 train_time:86.043s step_avg:42.64ms
step:2019/3250 train_time:86.195s step_avg:42.69ms
step:2020/3250 train_time:86.350s step_avg:42.75ms
step:2021/3250 train_time:86.504s step_avg:42.80ms
step:2022/3250 train_time:86.657s step_avg:42.86ms
step:2023/3250 train_time:86.812s step_avg:42.91ms
step:2024/3250 train_time:86.965s step_avg:42.97ms
step:2025/3250 train_time:87.119s step_avg:43.02ms
step:2026/3250 train_time:87.272s step_avg:43.08ms
step:2027/3250 train_time:87.427s step_avg:43.13ms
step:2028/3250 train_time:87.579s step_avg:43.18ms
step:2029/3250 train_time:87.733s step_avg:43.24ms
step:2030/3250 train_time:87.888s step_avg:43.29ms
step:2031/3250 train_time:88.041s step_avg:43.35ms
step:2032/3250 train_time:88.193s step_avg:43.40ms
step:2033/3250 train_time:88.349s step_avg:43.46ms
step:2034/3250 train_time:88.501s step_avg:43.51ms
step:2035/3250 train_time:88.655s step_avg:43.57ms
step:2036/3250 train_time:88.810s step_avg:43.62ms
step:2037/3250 train_time:88.962s step_avg:43.67ms
step:2038/3250 train_time:89.116s step_avg:43.73ms
step:2039/3250 train_time:89.270s step_avg:43.78ms
step:2040/3250 train_time:89.424s step_avg:43.84ms
step:2041/3250 train_time:89.578s step_avg:43.89ms
step:2042/3250 train_time:89.733s step_avg:43.94ms
step:2043/3250 train_time:89.888s step_avg:44.00ms
step:2044/3250 train_time:90.040s step_avg:44.05ms
step:2045/3250 train_time:90.193s step_avg:44.10ms
step:2046/3250 train_time:90.350s step_avg:44.16ms
step:2047/3250 train_time:90.504s step_avg:44.21ms
step:2048/3250 train_time:90.657s step_avg:44.27ms
step:2049/3250 train_time:90.811s step_avg:44.32ms
step:2050/3250 train_time:90.963s step_avg:44.37ms
step:2051/3250 train_time:91.117s step_avg:44.43ms
step:2052/3250 train_time:91.271s step_avg:44.48ms
step:2053/3250 train_time:91.425s step_avg:44.53ms
step:2054/3250 train_time:91.578s step_avg:44.59ms
step:2055/3250 train_time:91.733s step_avg:44.64ms
step:2056/3250 train_time:91.887s step_avg:44.69ms
step:2057/3250 train_time:92.041s step_avg:44.75ms
step:2058/3250 train_time:92.195s step_avg:44.80ms
step:2059/3250 train_time:92.350s step_avg:44.85ms
step:2060/3250 train_time:92.504s step_avg:44.91ms
step:2061/3250 train_time:92.658s step_avg:44.96ms
step:2062/3250 train_time:92.812s step_avg:45.01ms
step:2063/3250 train_time:92.966s step_avg:45.06ms
step:2064/3250 train_time:93.118s step_avg:45.12ms
step:2065/3250 train_time:93.272s step_avg:45.17ms
step:2066/3250 train_time:93.427s step_avg:45.22ms
step:2067/3250 train_time:93.580s step_avg:45.27ms
step:2068/3250 train_time:93.734s step_avg:45.33ms
step:2069/3250 train_time:93.888s step_avg:45.38ms
step:2070/3250 train_time:94.042s step_avg:45.43ms
step:2071/3250 train_time:94.195s step_avg:45.48ms
step:2072/3250 train_time:94.350s step_avg:45.54ms
step:2073/3250 train_time:94.504s step_avg:45.59ms
step:2074/3250 train_time:94.657s step_avg:45.64ms
step:2075/3250 train_time:94.812s step_avg:45.69ms
step:2076/3250 train_time:94.965s step_avg:45.74ms
step:2077/3250 train_time:95.118s step_avg:45.80ms
step:2078/3250 train_time:95.272s step_avg:45.85ms
step:2079/3250 train_time:95.427s step_avg:45.90ms
step:2080/3250 train_time:95.578s step_avg:45.95ms
step:2081/3250 train_time:95.733s step_avg:46.00ms
step:2082/3250 train_time:95.887s step_avg:46.06ms
step:2083/3250 train_time:96.041s step_avg:46.11ms
step:2084/3250 train_time:96.194s step_avg:46.16ms
step:2085/3250 train_time:96.349s step_avg:46.21ms
step:2086/3250 train_time:96.501s step_avg:46.26ms
step:2087/3250 train_time:96.655s step_avg:46.31ms
step:2088/3250 train_time:96.810s step_avg:46.36ms
step:2089/3250 train_time:96.964s step_avg:46.42ms
step:2090/3250 train_time:97.117s step_avg:46.47ms
step:2091/3250 train_time:97.310s step_avg:46.54ms
step:2092/3250 train_time:97.461s step_avg:46.59ms
step:2093/3250 train_time:97.614s step_avg:46.64ms
step:2094/3250 train_time:97.768s step_avg:46.69ms
step:2095/3250 train_time:97.921s step_avg:46.74ms
step:2096/3250 train_time:98.075s step_avg:46.79ms
step:2097/3250 train_time:98.230s step_avg:46.84ms
step:2098/3250 train_time:98.384s step_avg:46.89ms
step:2099/3250 train_time:98.538s step_avg:46.95ms
step:2100/3250 train_time:98.691s step_avg:47.00ms
step:2101/3250 train_time:98.846s step_avg:47.05ms
step:2102/3250 train_time:98.998s step_avg:47.10ms
step:2103/3250 train_time:99.152s step_avg:47.15ms
step:2104/3250 train_time:99.306s step_avg:47.20ms
step:2105/3250 train_time:99.459s step_avg:47.25ms
step:2106/3250 train_time:99.613s step_avg:47.30ms
step:2107/3250 train_time:99.768s step_avg:47.35ms
step:2108/3250 train_time:99.921s step_avg:47.40ms
step:2109/3250 train_time:100.074s step_avg:47.45ms
step:2110/3250 train_time:100.231s step_avg:47.50ms
step:2111/3250 train_time:100.384s step_avg:47.55ms
step:2112/3250 train_time:100.537s step_avg:47.60ms
step:2113/3250 train_time:100.691s step_avg:47.65ms
step:2114/3250 train_time:100.845s step_avg:47.70ms
step:2115/3250 train_time:100.997s step_avg:47.75ms
step:2116/3250 train_time:101.152s step_avg:47.80ms
step:2117/3250 train_time:101.306s step_avg:47.85ms
step:2118/3250 train_time:101.459s step_avg:47.90ms
step:2119/3250 train_time:101.613s step_avg:47.95ms
step:2120/3250 train_time:101.767s step_avg:48.00ms
step:2121/3250 train_time:101.920s step_avg:48.05ms
step:2122/3250 train_time:102.073s step_avg:48.10ms
step:2123/3250 train_time:102.229s step_avg:48.15ms
step:2124/3250 train_time:102.382s step_avg:48.20ms
step:2125/3250 train_time:102.536s step_avg:48.25ms
step:2125/3250 val_loss:3.52495 train_time:102.548s step_avg:158.39ms
step:2126/3250 train_time:103.244s step_avg:48.56ms
step:2127/3250 train_time:103.386s step_avg:48.61ms
step:2128/3250 train_time:103.540s step_avg:48.66ms
step:2129/3250 train_time:103.694s step_avg:48.71ms
step:2130/3250 train_time:103.847s step_avg:48.75ms
step:2131/3250 train_time:104.000s step_avg:48.80ms
step:2132/3250 train_time:104.154s step_avg:48.85ms
step:2133/3250 train_time:104.307s step_avg:48.90ms
step:2134/3250 train_time:104.462s step_avg:48.95ms
step:2135/3250 train_time:104.615s step_avg:49.00ms
step:2136/3250 train_time:104.768s step_avg:49.05ms
step:2137/3250 train_time:104.921s step_avg:49.10ms
step:2138/3250 train_time:105.076s step_avg:49.15ms
step:2139/3250 train_time:105.228s step_avg:49.19ms
step:2140/3250 train_time:105.382s step_avg:49.24ms
step:2141/3250 train_time:105.536s step_avg:49.29ms
step:2142/3250 train_time:105.688s step_avg:49.34ms
step:2143/3250 train_time:105.842s step_avg:49.39ms
step:2144/3250 train_time:105.995s step_avg:49.44ms
step:2145/3250 train_time:106.148s step_avg:49.49ms
step:2146/3250 train_time:106.302s step_avg:49.53ms
step:2147/3250 train_time:106.455s step_avg:49.58ms
step:2148/3250 train_time:106.608s step_avg:49.63ms
step:2149/3250 train_time:106.762s step_avg:49.68ms
step:2150/3250 train_time:106.917s step_avg:49.73ms
step:2151/3250 train_time:107.070s step_avg:49.78ms
step:2152/3250 train_time:107.223s step_avg:49.82ms
step:2153/3250 train_time:107.378s step_avg:49.87ms
step:2154/3250 train_time:107.531s step_avg:49.92ms
step:2155/3250 train_time:107.684s step_avg:49.97ms
step:2156/3250 train_time:107.840s step_avg:50.02ms
step:2157/3250 train_time:107.993s step_avg:50.07ms
step:2158/3250 train_time:108.146s step_avg:50.11ms
step:2159/3250 train_time:108.300s step_avg:50.16ms
step:2160/3250 train_time:108.454s step_avg:50.21ms
step:2161/3250 train_time:108.607s step_avg:50.26ms
step:2162/3250 train_time:108.762s step_avg:50.31ms
step:2163/3250 train_time:108.916s step_avg:50.35ms
step:2164/3250 train_time:109.070s step_avg:50.40ms
step:2165/3250 train_time:109.223s step_avg:50.45ms
step:2166/3250 train_time:109.378s step_avg:50.50ms
step:2167/3250 train_time:109.531s step_avg:50.54ms
step:2168/3250 train_time:109.685s step_avg:50.59ms
step:2169/3250 train_time:109.840s step_avg:50.64ms
step:2170/3250 train_time:109.993s step_avg:50.69ms
step:2171/3250 train_time:110.146s step_avg:50.74ms
step:2172/3250 train_time:110.301s step_avg:50.78ms
step:2173/3250 train_time:110.455s step_avg:50.83ms
step:2174/3250 train_time:110.608s step_avg:50.88ms
step:2175/3250 train_time:110.762s step_avg:50.93ms
step:2176/3250 train_time:110.917s step_avg:50.97ms
step:2177/3250 train_time:111.069s step_avg:51.02ms
step:2178/3250 train_time:111.222s step_avg:51.07ms
step:2179/3250 train_time:111.377s step_avg:51.11ms
step:2180/3250 train_time:111.529s step_avg:51.16ms
step:2181/3250 train_time:111.683s step_avg:51.21ms
step:2182/3250 train_time:111.838s step_avg:51.25ms
step:2183/3250 train_time:111.990s step_avg:51.30ms
step:2184/3250 train_time:112.144s step_avg:51.35ms
step:2185/3250 train_time:112.297s step_avg:51.39ms
step:2186/3250 train_time:112.449s step_avg:51.44ms
step:2187/3250 train_time:112.603s step_avg:51.49ms
step:2188/3250 train_time:112.758s step_avg:51.53ms
step:2189/3250 train_time:112.912s step_avg:51.58ms
step:2190/3250 train_time:113.065s step_avg:51.63ms
step:2191/3250 train_time:113.220s step_avg:51.68ms
step:2192/3250 train_time:113.374s step_avg:51.72ms
step:2193/3250 train_time:113.527s step_avg:51.77ms
step:2194/3250 train_time:113.682s step_avg:51.81ms
step:2195/3250 train_time:113.836s step_avg:51.86ms
step:2196/3250 train_time:113.988s step_avg:51.91ms
step:2197/3250 train_time:114.142s step_avg:51.95ms
step:2198/3250 train_time:114.296s step_avg:52.00ms
step:2199/3250 train_time:114.449s step_avg:52.05ms
step:2200/3250 train_time:114.603s step_avg:52.09ms
step:2201/3250 train_time:114.757s step_avg:52.14ms
step:2202/3250 train_time:114.910s step_avg:52.18ms
step:2203/3250 train_time:115.065s step_avg:52.23ms
step:2204/3250 train_time:115.219s step_avg:52.28ms
step:2205/3250 train_time:115.373s step_avg:52.32ms
step:2206/3250 train_time:115.526s step_avg:52.37ms
step:2207/3250 train_time:115.681s step_avg:52.42ms
step:2208/3250 train_time:115.836s step_avg:52.46ms
step:2209/3250 train_time:115.989s step_avg:52.51ms
step:2210/3250 train_time:116.142s step_avg:52.55ms
step:2211/3250 train_time:116.296s step_avg:52.60ms
step:2212/3250 train_time:116.450s step_avg:52.64ms
step:2213/3250 train_time:116.603s step_avg:52.69ms
step:2214/3250 train_time:116.759s step_avg:52.74ms
step:2215/3250 train_time:116.912s step_avg:52.78ms
step:2216/3250 train_time:117.067s step_avg:52.83ms
step:2217/3250 train_time:117.221s step_avg:52.87ms
step:2218/3250 train_time:117.375s step_avg:52.92ms
step:2219/3250 train_time:117.528s step_avg:52.96ms
step:2220/3250 train_time:117.683s step_avg:53.01ms
step:2221/3250 train_time:117.836s step_avg:53.06ms
step:2222/3250 train_time:117.988s step_avg:53.10ms
step:2223/3250 train_time:118.143s step_avg:53.15ms
step:2224/3250 train_time:118.297s step_avg:53.19ms
step:2225/3250 train_time:118.450s step_avg:53.24ms
step:2226/3250 train_time:118.604s step_avg:53.28ms
step:2227/3250 train_time:118.760s step_avg:53.33ms
step:2228/3250 train_time:118.914s step_avg:53.37ms
step:2229/3250 train_time:119.067s step_avg:53.42ms
step:2230/3250 train_time:119.221s step_avg:53.46ms
step:2231/3250 train_time:119.375s step_avg:53.51ms
step:2232/3250 train_time:119.528s step_avg:53.55ms
step:2233/3250 train_time:119.683s step_avg:53.60ms
step:2234/3250 train_time:119.838s step_avg:53.64ms
step:2235/3250 train_time:119.991s step_avg:53.69ms
step:2236/3250 train_time:120.146s step_avg:53.73ms
step:2237/3250 train_time:120.300s step_avg:53.78ms
step:2238/3250 train_time:120.454s step_avg:53.82ms
step:2239/3250 train_time:120.607s step_avg:53.87ms
step:2240/3250 train_time:120.762s step_avg:53.91ms
step:2241/3250 train_time:120.917s step_avg:53.96ms
step:2242/3250 train_time:121.071s step_avg:54.00ms
step:2243/3250 train_time:121.223s step_avg:54.05ms
step:2244/3250 train_time:121.379s step_avg:54.09ms
step:2245/3250 train_time:121.533s step_avg:54.13ms
step:2246/3250 train_time:121.687s step_avg:54.18ms
step:2247/3250 train_time:121.840s step_avg:54.22ms
step:2248/3250 train_time:121.992s step_avg:54.27ms
step:2249/3250 train_time:122.146s step_avg:54.31ms
step:2250/3250 train_time:122.301s step_avg:54.36ms
step:2250/3250 val_loss:3.52016 train_time:122.312s step_avg:158.12ms
step:2251/3250 train_time:123.014s step_avg:54.65ms
step:2252/3250 train_time:123.154s step_avg:54.69ms
step:2253/3250 train_time:123.307s step_avg:54.73ms
step:2254/3250 train_time:123.461s step_avg:54.77ms
step:2255/3250 train_time:123.615s step_avg:54.82ms
step:2256/3250 train_time:123.769s step_avg:54.86ms
step:2257/3250 train_time:123.923s step_avg:54.91ms
step:2258/3250 train_time:124.076s step_avg:54.95ms
step:2259/3250 train_time:124.230s step_avg:54.99ms
step:2260/3250 train_time:124.384s step_avg:55.04ms
step:2261/3250 train_time:124.537s step_avg:55.08ms
step:2262/3250 train_time:124.692s step_avg:55.12ms
step:2263/3250 train_time:124.845s step_avg:55.17ms
step:2264/3250 train_time:124.998s step_avg:55.21ms
step:2265/3250 train_time:125.151s step_avg:55.25ms
step:2266/3250 train_time:125.307s step_avg:55.30ms
step:2267/3250 train_time:125.461s step_avg:55.34ms
step:2268/3250 train_time:125.615s step_avg:55.39ms
step:2269/3250 train_time:125.770s step_avg:55.43ms
step:2270/3250 train_time:125.923s step_avg:55.47ms
step:2271/3250 train_time:126.076s step_avg:55.52ms
step:2272/3250 train_time:126.231s step_avg:55.56ms
step:2273/3250 train_time:126.385s step_avg:55.60ms
step:2274/3250 train_time:126.538s step_avg:55.65ms
step:2275/3250 train_time:126.692s step_avg:55.69ms
step:2276/3250 train_time:126.846s step_avg:55.73ms
step:2277/3250 train_time:127.000s step_avg:55.77ms
step:2278/3250 train_time:127.152s step_avg:55.82ms
step:2279/3250 train_time:127.307s step_avg:55.86ms
step:2280/3250 train_time:127.458s step_avg:55.90ms
step:2281/3250 train_time:127.653s step_avg:55.96ms
step:2282/3250 train_time:127.808s step_avg:56.01ms
step:2283/3250 train_time:127.962s step_avg:56.05ms
step:2284/3250 train_time:128.116s step_avg:56.09ms
step:2285/3250 train_time:128.272s step_avg:56.14ms
step:2286/3250 train_time:128.425s step_avg:56.18ms
step:2287/3250 train_time:128.579s step_avg:56.22ms
step:2288/3250 train_time:128.733s step_avg:56.26ms
step:2289/3250 train_time:128.889s step_avg:56.31ms
step:2290/3250 train_time:129.041s step_avg:56.35ms
step:2291/3250 train_time:129.196s step_avg:56.39ms
step:2292/3250 train_time:129.351s step_avg:56.44ms
step:2293/3250 train_time:129.506s step_avg:56.48ms
step:2294/3250 train_time:129.659s step_avg:56.52ms
step:2295/3250 train_time:129.813s step_avg:56.56ms
step:2296/3250 train_time:129.970s step_avg:56.61ms
step:2297/3250 train_time:130.122s step_avg:56.65ms
step:2298/3250 train_time:130.276s step_avg:56.69ms
step:2299/3250 train_time:130.431s step_avg:56.73ms
step:2300/3250 train_time:130.586s step_avg:56.78ms
step:2301/3250 train_time:130.739s step_avg:56.82ms
step:2302/3250 train_time:130.893s step_avg:56.86ms
step:2303/3250 train_time:131.048s step_avg:56.90ms
step:2304/3250 train_time:131.203s step_avg:56.95ms
step:2305/3250 train_time:131.356s step_avg:56.99ms
step:2306/3250 train_time:131.509s step_avg:57.03ms
step:2307/3250 train_time:131.664s step_avg:57.07ms
step:2308/3250 train_time:131.817s step_avg:57.11ms
step:2309/3250 train_time:131.972s step_avg:57.16ms
step:2310/3250 train_time:132.126s step_avg:57.20ms
step:2311/3250 train_time:132.280s step_avg:57.24ms
step:2312/3250 train_time:132.434s step_avg:57.28ms
step:2313/3250 train_time:132.589s step_avg:57.32ms
step:2314/3250 train_time:132.744s step_avg:57.37ms
step:2315/3250 train_time:132.897s step_avg:57.41ms
step:2316/3250 train_time:133.048s step_avg:57.45ms
step:2317/3250 train_time:133.203s step_avg:57.49ms
step:2318/3250 train_time:133.356s step_avg:57.53ms
step:2319/3250 train_time:133.511s step_avg:57.57ms
step:2320/3250 train_time:133.665s step_avg:57.61ms
step:2321/3250 train_time:133.819s step_avg:57.66ms
step:2322/3250 train_time:133.973s step_avg:57.70ms
step:2323/3250 train_time:134.128s step_avg:57.74ms
step:2324/3250 train_time:134.282s step_avg:57.78ms
step:2325/3250 train_time:134.434s step_avg:57.82ms
step:2326/3250 train_time:134.590s step_avg:57.86ms
step:2327/3250 train_time:134.745s step_avg:57.91ms
step:2328/3250 train_time:134.899s step_avg:57.95ms
step:2329/3250 train_time:135.052s step_avg:57.99ms
step:2330/3250 train_time:135.207s step_avg:58.03ms
step:2331/3250 train_time:135.361s step_avg:58.07ms
step:2332/3250 train_time:135.515s step_avg:58.11ms
step:2333/3250 train_time:135.670s step_avg:58.15ms
step:2334/3250 train_time:135.823s step_avg:58.19ms
step:2335/3250 train_time:135.976s step_avg:58.23ms
step:2336/3250 train_time:136.129s step_avg:58.27ms
step:2337/3250 train_time:136.284s step_avg:58.32ms
step:2338/3250 train_time:136.437s step_avg:58.36ms
step:2339/3250 train_time:136.593s step_avg:58.40ms
step:2340/3250 train_time:136.747s step_avg:58.44ms
step:2341/3250 train_time:136.902s step_avg:58.48ms
step:2342/3250 train_time:137.055s step_avg:58.52ms
step:2343/3250 train_time:137.210s step_avg:58.56ms
step:2344/3250 train_time:137.365s step_avg:58.60ms
step:2345/3250 train_time:137.518s step_avg:58.64ms
step:2346/3250 train_time:137.672s step_avg:58.68ms
step:2347/3250 train_time:137.827s step_avg:58.72ms
step:2348/3250 train_time:137.981s step_avg:58.77ms
step:2349/3250 train_time:138.135s step_avg:58.81ms
step:2350/3250 train_time:138.290s step_avg:58.85ms
step:2351/3250 train_time:138.445s step_avg:58.89ms
EXIT=0 rid=req023_f1500_a0
