=== req023_f1500_a1 ===
W0831 00:44:55.479000 10516 torch/distributed/run.py:852] 
W0831 00:44:55.479000 10516 torch/distributed/run.py:852] *****************************************
W0831 00:44:55.479000 10516 torch/distributed/run.py:852] Setting OMP_NUM_THREADS environment variable for each process to be 1 in default, to avoid your system being overloaded, please further tune the variable for optimal performance in your application as needed. 
W0831 00:44:55.479000 10516 torch/distributed/run.py:852] *****************************************
logs/8c653466-6428-4cd9-827d-bb74ddd30369.txt
resumed training state from step 1500 in eos_shared_state, skipped 1500 batches
step:0/3250 val_loss:3.52271 train_time:0.001s step_avg:nanms
learning_rates step:1500 [{'pattern': '^embed\\.weight$', 'lr': [0.7]}, {'pattern': '^proj\\.weight$', 'lr': [0.004]}, {'pattern': '^blocks\\..*\\.weight$', 'lr': [0.025], 'per_matrix': [{'sorted_index': 0, 'name': 'blocks.0.mlp.fc.weight', 'multiplier': 1.7, 'effective_lr': 0.0425}, {'sorted_index': 1, 'name': 'blocks.1.mlp.fc.weight', 'multiplier': 1.0, 'effective_lr': 0.025}, {'sorted_index': 2, 'name': 'blocks.2.mlp.fc.weight', 'multiplier': 1.0, 'effective_lr': 0.025}, {'sorted_index': 3, 'name': 'blocks.3.mlp.fc.weight', 'multiplier': 1.0, 'effective_lr': 0.025}, {'sorted_index': 4, 'name': 'blocks.4.mlp.fc.weight', 'multiplier': 1.7, 'effective_lr': 0.0425}, {'sorted_index': 5, 'name': 'blocks.5.mlp.fc.weight', 'multiplier': 0.6, 'effective_lr': 0.015}, {'sorted_index': 6, 'name': 'blocks.6.mlp.fc.weight', 'multiplier': 1.7, 'effective_lr': 0.0425}, {'sorted_index': 7, 'name': 'blocks.7.mlp.fc.weight', 'multiplier': 1.7, 'effective_lr': 0.0425}, {'sorted_index': 8, 'name': 'blocks.8.mlp.fc.weight', 'multiplier': 0.6, 'effective_lr': 0.015}, {'sorted_index': 9, 'name': 'blocks.9.mlp.fc.weight', 'multiplier': 0.6, 'effective_lr': 0.015}, {'sorted_index': 10, 'name': 'blocks.10.mlp.fc.weight', 'multiplier': 1.0, 'effective_lr': 0.025}, {'sorted_index': 11, 'name': 'blocks.11.mlp.fc.weight', 'multiplier': 0.6, 'effective_lr': 0.015}, {'sorted_index': 12, 'name': 'blocks.0.mlp.proj.weight', 'multiplier': 0.6, 'effective_lr': 0.015}, {'sorted_index': 13, 'name': 'blocks.1.mlp.proj.weight', 'multiplier': 0.6, 'effective_lr': 0.015}, {'sorted_index': 14, 'name': 'blocks.2.mlp.proj.weight', 'multiplier': 1.7, 'effective_lr': 0.0425}, {'sorted_index': 15, 'name': 'blocks.3.mlp.proj.weight', 'multiplier': 1.7, 'effective_lr': 0.0425}, {'sorted_index': 16, 'name': 'blocks.4.mlp.proj.weight', 'multiplier': 0.6, 'effective_lr': 0.015}, {'sorted_index': 17, 'name': 'blocks.5.mlp.proj.weight', 'multiplier': 1.0, 'effective_lr': 0.025}, {'sorted_index': 18, 'name': 'blocks.6.mlp.proj.weight', 'multiplier': 1.0, 'effective_lr': 0.025}, {'sorted_index': 19, 'name': 'blocks.7.mlp.proj.weight', 'multiplier': 0.6, 'effective_lr': 0.015}, {'sorted_index': 20, 'name': 'blocks.8.mlp.proj.weight', 'multiplier': 1.7, 'effective_lr': 0.0425}, {'sorted_index': 21, 'name': 'blocks.9.mlp.proj.weight', 'multiplier': 1.0, 'effective_lr': 0.025}, {'sorted_index': 22, 'name': 'blocks.10.mlp.proj.weight', 'multiplier': 1.0, 'effective_lr': 0.025}, {'sorted_index': 23, 'name': 'blocks.11.mlp.proj.weight', 'multiplier': 1.7, 'effective_lr': 0.0425}, {'sorted_index': 24, 'name': 'blocks.0.attn.q.weight', 'multiplier': 1.7, 'effective_lr': 0.0425}, {'sorted_index': 25, 'name': 'blocks.0.attn.k.weight', 'multiplier': 1.7, 'effective_lr': 0.0425}, {'sorted_index': 26, 'name': 'blocks.0.attn.v.weight', 'multiplier': 1.7, 'effective_lr': 0.0425}, {'sorted_index': 27, 'name': 'blocks.0.attn.proj.weight', 'multiplier': 1.0, 'effective_lr': 0.025}, {'sorted_index': 28, 'name': 'blocks.1.attn.q.weight', 'multiplier': 0.6, 'effective_lr': 0.015}, {'sorted_index': 29, 'name': 'blocks.1.attn.k.weight', 'multiplier': 0.6, 'effective_lr': 0.015}, {'sorted_index': 30, 'name': 'blocks.1.attn.v.weight', 'multiplier': 1.7, 'effective_lr': 0.0425}, {'sorted_index': 31, 'name': 'blocks.1.attn.proj.weight', 'multiplier': 0.6, 'effective_lr': 0.015}, {'sorted_index': 32, 'name': 'blocks.2.attn.q.weight', 'multiplier': 1.7, 'effective_lr': 0.0425}, {'sorted_index': 33, 'name': 'blocks.2.attn.k.weight', 'multiplier': 1.0, 'effective_lr': 0.025}, {'sorted_index': 34, 'name': 'blocks.2.attn.v.weight', 'multiplier': 0.6, 'effective_lr': 0.015}, {'sorted_index': 35, 'name': 'blocks.2.attn.proj.weight', 'multiplier': 0.6, 'effective_lr': 0.015}, {'sorted_index': 36, 'name': 'blocks.3.attn.q.weight', 'multiplier': 1.0, 'effective_lr': 0.025}, {'sorted_index': 37, 'name': 'blocks.3.attn.k.weight', 'multiplier': 1.0, 'effective_lr': 0.025}, {'sorted_index': 38, 'name': 'blocks.3.attn.v.weight', 'multiplier': 1.0, 'effective_lr': 0.025}, {'sorted_index': 39, 'name': 'blocks.3.attn.proj.weight', 'multiplier': 1.7, 'effective_lr': 0.0425}, {'sorted_index': 40, 'name': 'blocks.4.attn.q.weight', 'multiplier': 1.0, 'effective_lr': 0.025}, {'sorted_index': 41, 'name': 'blocks.4.attn.k.weight', 'multiplier': 1.7, 'effective_lr': 0.0425}, {'sorted_index': 42, 'name': 'blocks.4.attn.v.weight', 'multiplier': 1.0, 'effective_lr': 0.025}, {'sorted_index': 43, 'name': 'blocks.4.attn.proj.weight', 'multiplier': 0.6, 'effective_lr': 0.015}, {'sorted_index': 44, 'name': 'blocks.5.attn.q.weight', 'multiplier': 0.6, 'effective_lr': 0.015}, {'sorted_index': 45, 'name': 'blocks.5.attn.k.weight', 'multiplier': 1.0, 'effective_lr': 0.025}, {'sorted_index': 46, 'name': 'blocks.5.attn.v.weight', 'multiplier': 0.6, 'effective_lr': 0.015}, {'sorted_index': 47, 'name': 'blocks.5.attn.proj.weight', 'multiplier': 1.0, 'effective_lr': 0.025}, {'sorted_index': 48, 'name': 'blocks.6.attn.q.weight', 'multiplier': 1.7, 'effective_lr': 0.0425}, {'sorted_index': 49, 'name': 'blocks.6.attn.k.weight', 'multiplier': 0.6, 'effective_lr': 0.015}, {'sorted_index': 50, 'name': 'blocks.6.attn.v.weight', 'multiplier': 1.0, 'effective_lr': 0.025}, {'sorted_index': 51, 'name': 'blocks.6.attn.proj.weight', 'multiplier': 1.0, 'effective_lr': 0.025}, {'sorted_index': 52, 'name': 'blocks.7.attn.q.weight', 'multiplier': 1.7, 'effective_lr': 0.0425}, {'sorted_index': 53, 'name': 'blocks.7.attn.k.weight', 'multiplier': 1.0, 'effective_lr': 0.025}, {'sorted_index': 54, 'name': 'blocks.7.attn.v.weight', 'multiplier': 1.7, 'effective_lr': 0.0425}, {'sorted_index': 55, 'name': 'blocks.7.attn.proj.weight', 'multiplier': 0.6, 'effective_lr': 0.015}, {'sorted_index': 56, 'name': 'blocks.8.attn.q.weight', 'multiplier': 1.0, 'effective_lr': 0.025}, {'sorted_index': 57, 'name': 'blocks.8.attn.k.weight', 'multiplier': 0.6, 'effective_lr': 0.015}, {'sorted_index': 58, 'name': 'blocks.8.attn.v.weight', 'multiplier': 0.6, 'effective_lr': 0.015}, {'sorted_index': 59, 'name': 'blocks.8.attn.proj.weight', 'multiplier': 1.7, 'effective_lr': 0.0425}, {'sorted_index': 60, 'name': 'blocks.9.attn.q.weight', 'multiplier': 0.6, 'effective_lr': 0.015}, {'sorted_index': 61, 'name': 'blocks.9.attn.k.weight', 'multiplier': 1.7, 'effective_lr': 0.0425}, {'sorted_index': 62, 'name': 'blocks.9.attn.v.weight', 'multiplier': 1.0, 'effective_lr': 0.025}, {'sorted_index': 63, 'name': 'blocks.9.attn.proj.weight', 'multiplier': 1.7, 'effective_lr': 0.0425}, {'sorted_index': 64, 'name': 'blocks.10.attn.q.weight', 'multiplier': 0.6, 'effective_lr': 0.015}, {'sorted_index': 65, 'name': 'blocks.10.attn.k.weight', 'multiplier': 1.7, 'effective_lr': 0.0425}, {'sorted_index': 66, 'name': 'blocks.10.attn.v.weight', 'multiplier': 0.6, 'effective_lr': 0.015}, {'sorted_index': 67, 'name': 'blocks.10.attn.proj.weight', 'multiplier': 1.0, 'effective_lr': 0.025}, {'sorted_index': 68, 'name': 'blocks.11.attn.q.weight', 'multiplier': 1.0, 'effective_lr': 0.025}, {'sorted_index': 69, 'name': 'blocks.11.attn.k.weight', 'multiplier': 0.6, 'effective_lr': 0.015}, {'sorted_index': 70, 'name': 'blocks.11.attn.v.weight', 'multiplier': 1.7, 'effective_lr': 0.0425}, {'sorted_index': 71, 'name': 'blocks.11.attn.proj.weight', 'multiplier': 1.7, 'effective_lr': 0.0425}]}, {'pattern': '.*', 'lr': [0.015]}]
step:1501/3250 train_time:4.525s step_avg:3.01ms
learning_rates step:1501 [{'pattern': '^embed\\.weight$', 'lr': [0.7]}, {'pattern': '^proj\\.weight$', 'lr': [0.004]}, {'pattern': '^blocks\\..*\\.weight$', 'lr': [0.025], 'per_matrix': [{'sorted_index': 0, 'name': 'blocks.0.mlp.fc.weight', 'multiplier': 1.7, 'effective_lr': 0.0425}, {'sorted_index': 1, 'name': 'blocks.1.mlp.fc.weight', 'multiplier': 1.0, 'effective_lr': 0.025}, {'sorted_index': 2, 'name': 'blocks.2.mlp.fc.weight', 'multiplier': 1.0, 'effective_lr': 0.025}, {'sorted_index': 3, 'name': 'blocks.3.mlp.fc.weight', 'multiplier': 1.0, 'effective_lr': 0.025}, {'sorted_index': 4, 'name': 'blocks.4.mlp.fc.weight', 'multiplier': 1.7, 'effective_lr': 0.0425}, {'sorted_index': 5, 'name': 'blocks.5.mlp.fc.weight', 'multiplier': 0.6, 'effective_lr': 0.015}, {'sorted_index': 6, 'name': 'blocks.6.mlp.fc.weight', 'multiplier': 1.7, 'effective_lr': 0.0425}, {'sorted_index': 7, 'name': 'blocks.7.mlp.fc.weight', 'multiplier': 1.7, 'effective_lr': 0.0425}, {'sorted_index': 8, 'name': 'blocks.8.mlp.fc.weight', 'multiplier': 0.6, 'effective_lr': 0.015}, {'sorted_index': 9, 'name': 'blocks.9.mlp.fc.weight', 'multiplier': 0.6, 'effective_lr': 0.015}, {'sorted_index': 10, 'name': 'blocks.10.mlp.fc.weight', 'multiplier': 1.0, 'effective_lr': 0.025}, {'sorted_index': 11, 'name': 'blocks.11.mlp.fc.weight', 'multiplier': 0.6, 'effective_lr': 0.015}, {'sorted_index': 12, 'name': 'blocks.0.mlp.proj.weight', 'multiplier': 0.6, 'effective_lr': 0.015}, {'sorted_index': 13, 'name': 'blocks.1.mlp.proj.weight', 'multiplier': 0.6, 'effective_lr': 0.015}, {'sorted_index': 14, 'name': 'blocks.2.mlp.proj.weight', 'multiplier': 1.7, 'effective_lr': 0.0425}, {'sorted_index': 15, 'name': 'blocks.3.mlp.proj.weight', 'multiplier': 1.7, 'effective_lr': 0.0425}, {'sorted_index': 16, 'name': 'blocks.4.mlp.proj.weight', 'multiplier': 0.6, 'effective_lr': 0.015}, {'sorted_index': 17, 'name': 'blocks.5.mlp.proj.weight', 'multiplier': 1.0, 'effective_lr': 0.025}, {'sorted_index': 18, 'name': 'blocks.6.mlp.proj.weight', 'multiplier': 1.0, 'effective_lr': 0.025}, {'sorted_index': 19, 'name': 'blocks.7.mlp.proj.weight', 'multiplier': 0.6, 'effective_lr': 0.015}, {'sorted_index': 20, 'name': 'blocks.8.mlp.proj.weight', 'multiplier': 1.7, 'effective_lr': 0.0425}, {'sorted_index': 21, 'name': 'blocks.9.mlp.proj.weight', 'multiplier': 1.0, 'effective_lr': 0.025}, {'sorted_index': 22, 'name': 'blocks.10.mlp.proj.weight', 'multiplier': 1.0, 'effective_lr': 0.025}, {'sorted_index': 23, 'name': 'blocks.11.mlp.proj.weight', 'multiplier': 1.7, 'effective_lr': 0.0425}, {'sorted_index': 24, 'name': 'blocks.0.attn.q.weight', 'multiplier': 1.7, 'effective_lr': 0.0425}, {'sorted_index': 25, 'name': 'blocks.0.attn.k.weight', 'multiplier': 1.7, 'effective_lr': 0.0425}, {'sorted_index': 26, 'name': 'blocks.0.attn.v.weight', 'multiplier': 1.7, 'effective_lr': 0.0425}, {'sorted_index': 27, 'name': 'blocks.0.attn.proj.weight', 'multiplier': 1.0, 'effective_lr': 0.025}, {'sorted_index': 28, 'name': 'blocks.1.attn.q.weight', 'multiplier': 0.6, 'effective_lr': 0.015}, {'sorted_index': 29, 'name': 'blocks.1.attn.k.weight', 'multiplier': 0.6, 'effective_lr': 0.015}, {'sorted_index': 30, 'name': 'blocks.1.attn.v.weight', 'multiplier': 1.7, 'effective_lr': 0.0425}, {'sorted_index': 31, 'name': 'blocks.1.attn.proj.weight', 'multiplier': 0.6, 'effective_lr': 0.015}, {'sorted_index': 32, 'name': 'blocks.2.attn.q.weight', 'multiplier': 1.7, 'effective_lr': 0.0425}, {'sorted_index': 33, 'name': 'blocks.2.attn.k.weight', 'multiplier': 1.0, 'effective_lr': 0.025}, {'sorted_index': 34, 'name': 'blocks.2.attn.v.weight', 'multiplier': 0.6, 'effective_lr': 0.015}, {'sorted_index': 35, 'name': 'blocks.2.attn.proj.weight', 'multiplier': 0.6, 'effective_lr': 0.015}, {'sorted_index': 36, 'name': 'blocks.3.attn.q.weight', 'multiplier': 1.0, 'effective_lr': 0.025}, {'sorted_index': 37, 'name': 'blocks.3.attn.k.weight', 'multiplier': 1.0, 'effective_lr': 0.025}, {'sorted_index': 38, 'name': 'blocks.3.attn.v.weight', 'multiplier': 1.0, 'effective_lr': 0.025}, {'sorted_index': 39, 'name': 'blocks.3.attn.proj.weight', 'multiplier': 1.7, 'effective_lr': 0.0425}, {'sorted_index': 40, 'name': 'blocks.4.attn.q.weight', 'multiplier': 1.0, 'effective_lr': 0.025}, {'sorted_index': 41, 'name': 'blocks.4.attn.k.weight', 'multiplier': 1.7, 'effective_lr': 0.0425}, {'sorted_index': 42, 'name': 'blocks.4.attn.v.weight', 'multiplier': 1.0, 'effective_lr': 0.025}, {'sorted_index': 43, 'name': 'blocks.4.attn.proj.weight', 'multiplier': 0.6, 'effective_lr': 0.015}, {'sorted_index': 44, 'name': 'blocks.5.attn.q.weight', 'multiplier': 0.6, 'effective_lr': 0.015}, {'sorted_index': 45, 'name': 'blocks.5.attn.k.weight', 'multiplier': 1.0, 'effective_lr': 0.025}, {'sorted_index': 46, 'name': 'blocks.5.attn.v.weight', 'multiplier': 0.6, 'effective_lr': 0.015}, {'sorted_index': 47, 'name': 'blocks.5.attn.proj.weight', 'multiplier': 1.0, 'effective_lr': 0.025}, {'sorted_index': 48, 'name': 'blocks.6.attn.q.weight', 'multiplier': 1.7, 'effective_lr': 0.0425}, {'sorted_index': 49, 'name': 'blocks.6.attn.k.weight', 'multiplier': 0.6, 'effective_lr': 0.015}, {'sorted_index': 50, 'name': 'blocks.6.attn.v.weight', 'multiplier': 1.0, 'effective_lr': 0.025}, {'sorted_index': 51, 'name': 'blocks.6.attn.proj.weight', 'multiplier': 1.0, 'effective_lr': 0.025}, {'sorted_index': 52, 'name': 'blocks.7.attn.q.weight', 'multiplier': 1.7, 'effective_lr': 0.0425}, {'sorted_index': 53, 'name': 'blocks.7.attn.k.weight', 'multiplier': 1.0, 'effective_lr': 0.025}, {'sorted_index': 54, 'name': 'blocks.7.attn.v.weight', 'multiplier': 1.7, 'effective_lr': 0.0425}, {'sorted_index': 55, 'name': 'blocks.7.attn.proj.weight', 'multiplier': 0.6, 'effective_lr': 0.015}, {'sorted_index': 56, 'name': 'blocks.8.attn.q.weight', 'multiplier': 1.0, 'effective_lr': 0.025}, {'sorted_index': 57, 'name': 'blocks.8.attn.k.weight', 'multiplier': 0.6, 'effective_lr': 0.015}, {'sorted_index': 58, 'name': 'blocks.8.attn.v.weight', 'multiplier': 0.6, 'effective_lr': 0.015}, {'sorted_index': 59, 'name': 'blocks.8.attn.proj.weight', 'multiplier': 1.7, 'effective_lr': 0.0425}, {'sorted_index': 60, 'name': 'blocks.9.attn.q.weight', 'multiplier': 0.6, 'effective_lr': 0.015}, {'sorted_index': 61, 'name': 'blocks.9.attn.k.weight', 'multiplier': 1.7, 'effective_lr': 0.0425}, {'sorted_index': 62, 'name': 'blocks.9.attn.v.weight', 'multiplier': 1.0, 'effective_lr': 0.025}, {'sorted_index': 63, 'name': 'blocks.9.attn.proj.weight', 'multiplier': 1.7, 'effective_lr': 0.0425}, {'sorted_index': 64, 'name': 'blocks.10.attn.q.weight', 'multiplier': 0.6, 'effective_lr': 0.015}, {'sorted_index': 65, 'name': 'blocks.10.attn.k.weight', 'multiplier': 1.7, 'effective_lr': 0.0425}, {'sorted_index': 66, 'name': 'blocks.10.attn.v.weight', 'multiplier': 0.6, 'effective_lr': 0.015}, {'sorted_index': 67, 'name': 'blocks.10.attn.proj.weight', 'multiplier': 1.0, 'effective_lr': 0.025}, {'sorted_index': 68, 'name': 'blocks.11.attn.q.weight', 'multiplier': 1.0, 'effective_lr': 0.025}, {'sorted_index': 69, 'name': 'blocks.11.attn.k.weight', 'multiplier': 0.6, 'effective_lr': 0.015}, {'sorted_index': 70, 'name': 'blocks.11.attn.v.weight', 'multiplier': 1.7, 'effective_lr': 0.0425}, {'sorted_index': 71, 'name': 'blocks.11.attn.proj.weight', 'multiplier': 1.7, 'effective_lr': 0.0425}]}, {'pattern': '.*', 'lr': [0.015]}]
step:1502/3250 train_time:4.665s step_avg:3.11ms
step:1503/3250 train_time:4.817s step_avg:3.21ms
step:1504/3250 train_time:4.970s step_avg:3.30ms
step:1505/3250 train_time:5.122s step_avg:3.40ms
step:1506/3250 train_time:5.276s step_avg:3.50ms
step:1507/3250 train_time:5.429s step_avg:3.60ms
step:1508/3250 train_time:5.584s step_avg:3.70ms
step:1509/3250 train_time:5.738s step_avg:3.80ms
step:1510/3250 train_time:5.893s step_avg:3.90ms
step:1511/3250 train_time:6.046s step_avg:4.00ms
step:1512/3250 train_time:6.201s step_avg:4.10ms
step:1513/3250 train_time:6.355s step_avg:4.20ms
step:1514/3250 train_time:6.509s step_avg:4.30ms
step:1515/3250 train_time:6.662s step_avg:4.40ms
step:1516/3250 train_time:6.817s step_avg:4.50ms
step:1517/3250 train_time:6.969s step_avg:4.59ms
step:1518/3250 train_time:7.123s step_avg:4.69ms
step:1519/3250 train_time:7.276s step_avg:4.79ms
step:1520/3250 train_time:7.429s step_avg:4.89ms
step:1521/3250 train_time:7.623s step_avg:5.01ms
step:1522/3250 train_time:7.778s step_avg:5.11ms
step:1523/3250 train_time:7.931s step_avg:5.21ms
step:1524/3250 train_time:8.085s step_avg:5.31ms
step:1525/3250 train_time:8.239s step_avg:5.40ms
step:1526/3250 train_time:8.391s step_avg:5.50ms
step:1527/3250 train_time:8.544s step_avg:5.60ms
step:1528/3250 train_time:8.700s step_avg:5.69ms
step:1529/3250 train_time:8.855s step_avg:5.79ms
step:1530/3250 train_time:9.009s step_avg:5.89ms
step:1531/3250 train_time:9.162s step_avg:5.98ms
step:1532/3250 train_time:9.316s step_avg:6.08ms
step:1533/3250 train_time:9.468s step_avg:6.18ms
step:1534/3250 train_time:9.622s step_avg:6.27ms
step:1535/3250 train_time:9.776s step_avg:6.37ms
step:1536/3250 train_time:9.927s step_avg:6.46ms
step:1537/3250 train_time:10.081s step_avg:6.56ms
step:1538/3250 train_time:10.234s step_avg:6.65ms
step:1539/3250 train_time:10.387s step_avg:6.75ms
step:1540/3250 train_time:10.540s step_avg:6.84ms
step:1541/3250 train_time:10.693s step_avg:6.94ms
step:1542/3250 train_time:10.846s step_avg:7.03ms
step:1543/3250 train_time:11.000s step_avg:7.13ms
step:1544/3250 train_time:11.153s step_avg:7.22ms
step:1545/3250 train_time:11.306s step_avg:7.32ms
step:1546/3250 train_time:11.460s step_avg:7.41ms
step:1547/3250 train_time:11.614s step_avg:7.51ms
step:1548/3250 train_time:11.767s step_avg:7.60ms
step:1549/3250 train_time:11.921s step_avg:7.70ms
step:1550/3250 train_time:12.074s step_avg:7.79ms
step:1551/3250 train_time:12.226s step_avg:7.88ms
step:1552/3250 train_time:12.380s step_avg:7.98ms
step:1553/3250 train_time:12.532s step_avg:8.07ms
step:1554/3250 train_time:12.685s step_avg:8.16ms
step:1555/3250 train_time:12.838s step_avg:8.26ms
step:1556/3250 train_time:12.992s step_avg:8.35ms
step:1557/3250 train_time:13.145s step_avg:8.44ms
step:1558/3250 train_time:13.300s step_avg:8.54ms
step:1559/3250 train_time:13.453s step_avg:8.63ms
step:1560/3250 train_time:13.606s step_avg:8.72ms
step:1561/3250 train_time:13.760s step_avg:8.81ms
step:1562/3250 train_time:13.914s step_avg:8.91ms
step:1563/3250 train_time:14.066s step_avg:9.00ms
step:1564/3250 train_time:14.220s step_avg:9.09ms
step:1565/3250 train_time:14.373s step_avg:9.18ms
step:1566/3250 train_time:14.526s step_avg:9.28ms
step:1567/3250 train_time:14.680s step_avg:9.37ms
step:1568/3250 train_time:14.832s step_avg:9.46ms
step:1569/3250 train_time:14.985s step_avg:9.55ms
step:1570/3250 train_time:15.140s step_avg:9.64ms
step:1571/3250 train_time:15.294s step_avg:9.74ms
step:1572/3250 train_time:15.447s step_avg:9.83ms
step:1573/3250 train_time:15.600s step_avg:9.92ms
step:1574/3250 train_time:15.755s step_avg:10.01ms
step:1575/3250 train_time:15.909s step_avg:10.10ms
step:1576/3250 train_time:16.062s step_avg:10.19ms
step:1577/3250 train_time:16.217s step_avg:10.28ms
step:1578/3250 train_time:16.368s step_avg:10.37ms
step:1579/3250 train_time:16.521s step_avg:10.46ms
step:1580/3250 train_time:16.675s step_avg:10.55ms
step:1581/3250 train_time:16.827s step_avg:10.64ms
step:1582/3250 train_time:16.981s step_avg:10.73ms
step:1583/3250 train_time:17.135s step_avg:10.82ms
step:1584/3250 train_time:17.289s step_avg:10.91ms
step:1585/3250 train_time:17.442s step_avg:11.00ms
step:1586/3250 train_time:17.597s step_avg:11.09ms
step:1587/3250 train_time:17.749s step_avg:11.18ms
step:1588/3250 train_time:17.904s step_avg:11.27ms
step:1589/3250 train_time:18.058s step_avg:11.36ms
step:1590/3250 train_time:18.212s step_avg:11.45ms
step:1591/3250 train_time:18.364s step_avg:11.54ms
step:1592/3250 train_time:18.519s step_avg:11.63ms
step:1593/3250 train_time:18.670s step_avg:11.72ms
step:1594/3250 train_time:18.824s step_avg:11.81ms
step:1595/3250 train_time:18.979s step_avg:11.90ms
step:1596/3250 train_time:19.132s step_avg:11.99ms
step:1597/3250 train_time:19.285s step_avg:12.08ms
step:1598/3250 train_time:19.439s step_avg:12.16ms
step:1599/3250 train_time:19.592s step_avg:12.25ms
step:1600/3250 train_time:19.745s step_avg:12.34ms
step:1601/3250 train_time:19.901s step_avg:12.43ms
step:1602/3250 train_time:20.054s step_avg:12.52ms
step:1603/3250 train_time:20.207s step_avg:12.61ms
step:1604/3250 train_time:20.361s step_avg:12.69ms
step:1605/3250 train_time:20.515s step_avg:12.78ms
step:1606/3250 train_time:20.667s step_avg:12.87ms
step:1607/3250 train_time:20.821s step_avg:12.96ms
step:1608/3250 train_time:20.976s step_avg:13.04ms
step:1609/3250 train_time:21.128s step_avg:13.13ms
step:1610/3250 train_time:21.282s step_avg:13.22ms
step:1611/3250 train_time:21.435s step_avg:13.31ms
step:1612/3250 train_time:21.589s step_avg:13.39ms
step:1613/3250 train_time:21.742s step_avg:13.48ms
step:1614/3250 train_time:21.897s step_avg:13.57ms
step:1615/3250 train_time:22.050s step_avg:13.65ms
step:1616/3250 train_time:22.204s step_avg:13.74ms
step:1617/3250 train_time:22.359s step_avg:13.83ms
step:1618/3250 train_time:22.512s step_avg:13.91ms
step:1619/3250 train_time:22.664s step_avg:14.00ms
step:1620/3250 train_time:22.820s step_avg:14.09ms
step:1621/3250 train_time:22.973s step_avg:14.17ms
step:1622/3250 train_time:23.126s step_avg:14.26ms
step:1623/3250 train_time:23.281s step_avg:14.34ms
step:1624/3250 train_time:23.433s step_avg:14.43ms
step:1625/3250 train_time:23.587s step_avg:14.52ms
step:1625/3250 val_loss:3.57431 train_time:23.599s step_avg:14.52ms
step:1626/3250 train_time:24.385s step_avg:15.00ms
step:1627/3250 train_time:24.525s step_avg:15.07ms
step:1628/3250 train_time:24.679s step_avg:15.16ms
step:1629/3250 train_time:24.833s step_avg:15.24ms
step:1630/3250 train_time:24.987s step_avg:15.33ms
step:1631/3250 train_time:25.141s step_avg:15.41ms
step:1632/3250 train_time:25.294s step_avg:15.50ms
step:1633/3250 train_time:25.450s step_avg:15.59ms
step:1634/3250 train_time:25.605s step_avg:15.67ms
step:1635/3250 train_time:25.758s step_avg:15.75ms
step:1636/3250 train_time:25.912s step_avg:15.84ms
step:1637/3250 train_time:26.065s step_avg:15.92ms
step:1638/3250 train_time:26.218s step_avg:16.01ms
step:1639/3250 train_time:26.372s step_avg:16.09ms
step:1640/3250 train_time:26.526s step_avg:16.17ms
step:1641/3250 train_time:26.679s step_avg:16.26ms
step:1642/3250 train_time:26.833s step_avg:16.34ms
step:1643/3250 train_time:26.988s step_avg:16.43ms
step:1644/3250 train_time:27.141s step_avg:16.51ms
step:1645/3250 train_time:27.294s step_avg:16.59ms
step:1646/3250 train_time:27.449s step_avg:16.68ms
step:1647/3250 train_time:27.602s step_avg:16.76ms
step:1648/3250 train_time:27.755s step_avg:16.84ms
step:1649/3250 train_time:27.911s step_avg:16.93ms
step:1650/3250 train_time:28.064s step_avg:17.01ms
step:1651/3250 train_time:28.217s step_avg:17.09ms
step:1652/3250 train_time:28.370s step_avg:17.17ms
step:1653/3250 train_time:28.524s step_avg:17.26ms
step:1654/3250 train_time:28.678s step_avg:17.34ms
step:1655/3250 train_time:28.833s step_avg:17.42ms
step:1656/3250 train_time:28.986s step_avg:17.50ms
step:1657/3250 train_time:29.139s step_avg:17.59ms
step:1658/3250 train_time:29.294s step_avg:17.67ms
step:1659/3250 train_time:29.449s step_avg:17.75ms
step:1660/3250 train_time:29.602s step_avg:17.83ms
step:1661/3250 train_time:29.755s step_avg:17.91ms
step:1662/3250 train_time:29.911s step_avg:18.00ms
step:1663/3250 train_time:30.064s step_avg:18.08ms
step:1664/3250 train_time:30.217s step_avg:18.16ms
step:1665/3250 train_time:30.371s step_avg:18.24ms
step:1666/3250 train_time:30.526s step_avg:18.32ms
step:1667/3250 train_time:30.679s step_avg:18.40ms
step:1668/3250 train_time:30.834s step_avg:18.49ms
step:1669/3250 train_time:30.989s step_avg:18.57ms
step:1670/3250 train_time:31.143s step_avg:18.65ms
step:1671/3250 train_time:31.296s step_avg:18.73ms
step:1672/3250 train_time:31.451s step_avg:18.81ms
step:1673/3250 train_time:31.606s step_avg:18.89ms
step:1674/3250 train_time:31.758s step_avg:18.97ms
step:1675/3250 train_time:31.913s step_avg:19.05ms
step:1676/3250 train_time:32.065s step_avg:19.13ms
step:1677/3250 train_time:32.219s step_avg:19.21ms
step:1678/3250 train_time:32.372s step_avg:19.29ms
step:1679/3250 train_time:32.527s step_avg:19.37ms
step:1680/3250 train_time:32.680s step_avg:19.45ms
step:1681/3250 train_time:32.834s step_avg:19.53ms
step:1682/3250 train_time:32.989s step_avg:19.61ms
step:1683/3250 train_time:33.143s step_avg:19.69ms
step:1684/3250 train_time:33.296s step_avg:19.77ms
step:1685/3250 train_time:33.451s step_avg:19.85ms
step:1686/3250 train_time:33.603s step_avg:19.93ms
step:1687/3250 train_time:33.756s step_avg:20.01ms
step:1688/3250 train_time:33.912s step_avg:20.09ms
step:1689/3250 train_time:34.065s step_avg:20.17ms
step:1690/3250 train_time:34.218s step_avg:20.25ms
step:1691/3250 train_time:34.372s step_avg:20.33ms
step:1692/3250 train_time:34.526s step_avg:20.41ms
step:1693/3250 train_time:34.679s step_avg:20.48ms
step:1694/3250 train_time:34.833s step_avg:20.56ms
step:1695/3250 train_time:34.988s step_avg:20.64ms
step:1696/3250 train_time:35.141s step_avg:20.72ms
step:1697/3250 train_time:35.294s step_avg:20.80ms
step:1698/3250 train_time:35.451s step_avg:20.88ms
step:1699/3250 train_time:35.605s step_avg:20.96ms
step:1700/3250 train_time:35.758s step_avg:21.03ms
step:1701/3250 train_time:35.913s step_avg:21.11ms
step:1702/3250 train_time:36.067s step_avg:21.19ms
step:1703/3250 train_time:36.220s step_avg:21.27ms
step:1704/3250 train_time:36.374s step_avg:21.35ms
step:1705/3250 train_time:36.530s step_avg:21.43ms
step:1706/3250 train_time:36.682s step_avg:21.50ms
step:1707/3250 train_time:36.836s step_avg:21.58ms
step:1708/3250 train_time:36.992s step_avg:21.66ms
step:1709/3250 train_time:37.147s step_avg:21.74ms
step:1710/3250 train_time:37.300s step_avg:21.81ms
step:1711/3250 train_time:37.497s step_avg:21.92ms
step:1712/3250 train_time:37.652s step_avg:21.99ms
step:1713/3250 train_time:37.806s step_avg:22.07ms
step:1714/3250 train_time:37.959s step_avg:22.15ms
step:1715/3250 train_time:38.114s step_avg:22.22ms
step:1716/3250 train_time:38.268s step_avg:22.30ms
step:1717/3250 train_time:38.422s step_avg:22.38ms
step:1718/3250 train_time:38.575s step_avg:22.45ms
step:1719/3250 train_time:38.730s step_avg:22.53ms
step:1720/3250 train_time:38.884s step_avg:22.61ms
step:1721/3250 train_time:39.038s step_avg:22.68ms
step:1722/3250 train_time:39.192s step_avg:22.76ms
step:1723/3250 train_time:39.347s step_avg:22.84ms
step:1724/3250 train_time:39.500s step_avg:22.91ms
step:1725/3250 train_time:39.654s step_avg:22.99ms
step:1726/3250 train_time:39.809s step_avg:23.06ms
step:1727/3250 train_time:39.962s step_avg:23.14ms
step:1728/3250 train_time:40.116s step_avg:23.22ms
step:1729/3250 train_time:40.271s step_avg:23.29ms
step:1730/3250 train_time:40.426s step_avg:23.37ms
step:1731/3250 train_time:40.579s step_avg:23.44ms
step:1732/3250 train_time:40.733s step_avg:23.52ms
step:1733/3250 train_time:40.888s step_avg:23.59ms
step:1734/3250 train_time:41.041s step_avg:23.67ms
step:1735/3250 train_time:41.194s step_avg:23.74ms
step:1736/3250 train_time:41.349s step_avg:23.82ms
step:1737/3250 train_time:41.502s step_avg:23.89ms
step:1738/3250 train_time:41.656s step_avg:23.97ms
step:1739/3250 train_time:41.812s step_avg:24.04ms
step:1740/3250 train_time:41.967s step_avg:24.12ms
step:1741/3250 train_time:42.121s step_avg:24.19ms
step:1742/3250 train_time:42.274s step_avg:24.27ms
step:1743/3250 train_time:42.429s step_avg:24.34ms
step:1744/3250 train_time:42.584s step_avg:24.42ms
step:1745/3250 train_time:42.737s step_avg:24.49ms
step:1746/3250 train_time:42.891s step_avg:24.57ms
step:1747/3250 train_time:43.044s step_avg:24.64ms
step:1748/3250 train_time:43.197s step_avg:24.71ms
step:1749/3250 train_time:43.352s step_avg:24.79ms
step:1750/3250 train_time:43.509s step_avg:24.86ms
step:1750/3250 val_loss:3.55489 train_time:43.521s step_avg:159.37ms
step:1751/3250 train_time:44.328s step_avg:25.32ms
step:1752/3250 train_time:44.467s step_avg:25.38ms
step:1753/3250 train_time:44.619s step_avg:25.45ms
step:1754/3250 train_time:44.773s step_avg:25.53ms
step:1755/3250 train_time:44.926s step_avg:25.60ms
step:1756/3250 train_time:45.081s step_avg:25.67ms
step:1757/3250 train_time:45.234s step_avg:25.75ms
step:1758/3250 train_time:45.387s step_avg:25.82ms
step:1759/3250 train_time:45.541s step_avg:25.89ms
step:1760/3250 train_time:45.695s step_avg:25.96ms
step:1761/3250 train_time:45.847s step_avg:26.03ms
step:1762/3250 train_time:46.002s step_avg:26.11ms
step:1763/3250 train_time:46.157s step_avg:26.18ms
step:1764/3250 train_time:46.310s step_avg:26.25ms
step:1765/3250 train_time:46.464s step_avg:26.33ms
step:1766/3250 train_time:46.619s step_avg:26.40ms
step:1767/3250 train_time:46.770s step_avg:26.47ms
step:1768/3250 train_time:46.923s step_avg:26.54ms
step:1769/3250 train_time:47.079s step_avg:26.61ms
step:1770/3250 train_time:47.233s step_avg:26.69ms
step:1771/3250 train_time:47.387s step_avg:26.76ms
step:1772/3250 train_time:47.540s step_avg:26.83ms
step:1773/3250 train_time:47.693s step_avg:26.90ms
step:1774/3250 train_time:47.847s step_avg:26.97ms
step:1775/3250 train_time:48.001s step_avg:27.04ms
step:1776/3250 train_time:48.155s step_avg:27.11ms
step:1777/3250 train_time:48.308s step_avg:27.19ms
step:1778/3250 train_time:48.462s step_avg:27.26ms
step:1779/3250 train_time:48.617s step_avg:27.33ms
step:1780/3250 train_time:48.771s step_avg:27.40ms
step:1781/3250 train_time:48.924s step_avg:27.47ms
step:1782/3250 train_time:49.078s step_avg:27.54ms
step:1783/3250 train_time:49.233s step_avg:27.61ms
step:1784/3250 train_time:49.386s step_avg:27.68ms
step:1785/3250 train_time:49.541s step_avg:27.75ms
step:1786/3250 train_time:49.695s step_avg:27.82ms
step:1787/3250 train_time:49.847s step_avg:27.89ms
step:1788/3250 train_time:50.002s step_avg:27.97ms
step:1789/3250 train_time:50.157s step_avg:28.04ms
step:1790/3250 train_time:50.310s step_avg:28.11ms
step:1791/3250 train_time:50.465s step_avg:28.18ms
step:1792/3250 train_time:50.619s step_avg:28.25ms
step:1793/3250 train_time:50.774s step_avg:28.32ms
step:1794/3250 train_time:50.928s step_avg:28.39ms
step:1795/3250 train_time:51.082s step_avg:28.46ms
step:1796/3250 train_time:51.236s step_avg:28.53ms
step:1797/3250 train_time:51.389s step_avg:28.60ms
step:1798/3250 train_time:51.543s step_avg:28.67ms
step:1799/3250 train_time:51.697s step_avg:28.74ms
step:1800/3250 train_time:51.851s step_avg:28.81ms
step:1801/3250 train_time:52.005s step_avg:28.88ms
step:1802/3250 train_time:52.161s step_avg:28.95ms
step:1803/3250 train_time:52.315s step_avg:29.02ms
step:1804/3250 train_time:52.468s step_avg:29.08ms
step:1805/3250 train_time:52.622s step_avg:29.15ms
step:1806/3250 train_time:52.777s step_avg:29.22ms
step:1807/3250 train_time:52.929s step_avg:29.29ms
step:1808/3250 train_time:53.083s step_avg:29.36ms
step:1809/3250 train_time:53.238s step_avg:29.43ms
step:1810/3250 train_time:53.391s step_avg:29.50ms
step:1811/3250 train_time:53.545s step_avg:29.57ms
step:1812/3250 train_time:53.699s step_avg:29.64ms
step:1813/3250 train_time:53.853s step_avg:29.70ms
step:1814/3250 train_time:54.007s step_avg:29.77ms
step:1815/3250 train_time:54.161s step_avg:29.84ms
step:1816/3250 train_time:54.316s step_avg:29.91ms
step:1817/3250 train_time:54.468s step_avg:29.98ms
step:1818/3250 train_time:54.622s step_avg:30.04ms
step:1819/3250 train_time:54.777s step_avg:30.11ms
step:1820/3250 train_time:54.930s step_avg:30.18ms
step:1821/3250 train_time:55.084s step_avg:30.25ms
step:1822/3250 train_time:55.238s step_avg:30.32ms
step:1823/3250 train_time:55.389s step_avg:30.38ms
step:1824/3250 train_time:55.544s step_avg:30.45ms
step:1825/3250 train_time:55.698s step_avg:30.52ms
step:1826/3250 train_time:55.852s step_avg:30.59ms
step:1827/3250 train_time:56.006s step_avg:30.65ms
step:1828/3250 train_time:56.161s step_avg:30.72ms
step:1829/3250 train_time:56.315s step_avg:30.79ms
step:1830/3250 train_time:56.469s step_avg:30.86ms
step:1831/3250 train_time:56.622s step_avg:30.92ms
step:1832/3250 train_time:56.777s step_avg:30.99ms
step:1833/3250 train_time:56.930s step_avg:31.06ms
step:1834/3250 train_time:57.083s step_avg:31.13ms
step:1835/3250 train_time:57.239s step_avg:31.19ms
step:1836/3250 train_time:57.392s step_avg:31.26ms
step:1837/3250 train_time:57.546s step_avg:31.33ms
step:1838/3250 train_time:57.700s step_avg:31.39ms
step:1839/3250 train_time:57.855s step_avg:31.46ms
step:1840/3250 train_time:58.008s step_avg:31.53ms
step:1841/3250 train_time:58.162s step_avg:31.59ms
step:1842/3250 train_time:58.317s step_avg:31.66ms
step:1843/3250 train_time:58.471s step_avg:31.73ms
step:1844/3250 train_time:58.624s step_avg:31.79ms
step:1845/3250 train_time:58.780s step_avg:31.86ms
step:1846/3250 train_time:58.935s step_avg:31.93ms
step:1847/3250 train_time:59.088s step_avg:31.99ms
step:1848/3250 train_time:59.242s step_avg:32.06ms
step:1849/3250 train_time:59.397s step_avg:32.12ms
step:1850/3250 train_time:59.550s step_avg:32.19ms
step:1851/3250 train_time:59.705s step_avg:32.26ms
step:1852/3250 train_time:59.860s step_avg:32.32ms
step:1853/3250 train_time:60.014s step_avg:32.39ms
step:1854/3250 train_time:60.168s step_avg:32.45ms
step:1855/3250 train_time:60.322s step_avg:32.52ms
step:1856/3250 train_time:60.478s step_avg:32.58ms
step:1857/3250 train_time:60.630s step_avg:32.65ms
step:1858/3250 train_time:60.784s step_avg:32.71ms
step:1859/3250 train_time:60.939s step_avg:32.78ms
step:1860/3250 train_time:61.092s step_avg:32.85ms
step:1861/3250 train_time:61.245s step_avg:32.91ms
step:1862/3250 train_time:61.399s step_avg:32.97ms
step:1863/3250 train_time:61.553s step_avg:33.04ms
step:1864/3250 train_time:61.707s step_avg:33.10ms
step:1865/3250 train_time:61.862s step_avg:33.17ms
step:1866/3250 train_time:62.017s step_avg:33.24ms
step:1867/3250 train_time:62.169s step_avg:33.30ms
step:1868/3250 train_time:62.322s step_avg:33.36ms
step:1869/3250 train_time:62.476s step_avg:33.43ms
step:1870/3250 train_time:62.629s step_avg:33.49ms
step:1871/3250 train_time:62.783s step_avg:33.56ms
step:1872/3250 train_time:62.938s step_avg:33.62ms
step:1873/3250 train_time:63.091s step_avg:33.68ms
step:1874/3250 train_time:63.245s step_avg:33.75ms
step:1875/3250 train_time:63.399s step_avg:33.81ms
step:1875/3250 val_loss:3.54173 train_time:63.411s step_avg:159.12ms
step:1876/3250 train_time:64.194s step_avg:34.22ms
step:1877/3250 train_time:64.334s step_avg:34.28ms
step:1878/3250 train_time:64.488s step_avg:34.34ms
step:1879/3250 train_time:64.639s step_avg:34.40ms
step:1880/3250 train_time:64.794s step_avg:34.46ms
step:1881/3250 train_time:64.948s step_avg:34.53ms
step:1882/3250 train_time:65.102s step_avg:34.59ms
step:1883/3250 train_time:65.254s step_avg:34.65ms
step:1884/3250 train_time:65.410s step_avg:34.72ms
step:1885/3250 train_time:65.564s step_avg:34.78ms
step:1886/3250 train_time:65.717s step_avg:34.84ms
step:1887/3250 train_time:65.873s step_avg:34.91ms
step:1888/3250 train_time:66.026s step_avg:34.97ms
step:1889/3250 train_time:66.179s step_avg:35.03ms
step:1890/3250 train_time:66.333s step_avg:35.10ms
step:1891/3250 train_time:66.487s step_avg:35.16ms
step:1892/3250 train_time:66.641s step_avg:35.22ms
step:1893/3250 train_time:66.795s step_avg:35.29ms
step:1894/3250 train_time:66.949s step_avg:35.35ms
step:1895/3250 train_time:67.103s step_avg:35.41ms
step:1896/3250 train_time:67.256s step_avg:35.47ms
step:1897/3250 train_time:67.411s step_avg:35.54ms
step:1898/3250 train_time:67.564s step_avg:35.60ms
step:1899/3250 train_time:67.718s step_avg:35.66ms
step:1900/3250 train_time:67.873s step_avg:35.72ms
step:1901/3250 train_time:68.064s step_avg:35.80ms
step:1902/3250 train_time:68.218s step_avg:35.87ms
step:1903/3250 train_time:68.374s step_avg:35.93ms
step:1904/3250 train_time:68.527s step_avg:35.99ms
step:1905/3250 train_time:68.679s step_avg:36.05ms
step:1906/3250 train_time:68.833s step_avg:36.11ms
step:1907/3250 train_time:68.988s step_avg:36.18ms
step:1908/3250 train_time:69.141s step_avg:36.24ms
step:1909/3250 train_time:69.294s step_avg:36.30ms
step:1910/3250 train_time:69.449s step_avg:36.36ms
step:1911/3250 train_time:69.600s step_avg:36.42ms
step:1912/3250 train_time:69.753s step_avg:36.48ms
step:1913/3250 train_time:69.909s step_avg:36.54ms
step:1914/3250 train_time:70.062s step_avg:36.61ms
step:1915/3250 train_time:70.216s step_avg:36.67ms
step:1916/3250 train_time:70.371s step_avg:36.73ms
step:1917/3250 train_time:70.524s step_avg:36.79ms
step:1918/3250 train_time:70.677s step_avg:36.85ms
step:1919/3250 train_time:70.832s step_avg:36.91ms
step:1920/3250 train_time:70.986s step_avg:36.97ms
step:1921/3250 train_time:71.138s step_avg:37.03ms
step:1922/3250 train_time:71.293s step_avg:37.09ms
step:1923/3250 train_time:71.449s step_avg:37.15ms
step:1924/3250 train_time:71.603s step_avg:37.22ms
step:1925/3250 train_time:71.756s step_avg:37.28ms
step:1926/3250 train_time:71.911s step_avg:37.34ms
step:1927/3250 train_time:72.065s step_avg:37.40ms
step:1928/3250 train_time:72.218s step_avg:37.46ms
step:1929/3250 train_time:72.374s step_avg:37.52ms
step:1930/3250 train_time:72.527s step_avg:37.58ms
step:1931/3250 train_time:72.680s step_avg:37.64ms
step:1932/3250 train_time:72.834s step_avg:37.70ms
step:1933/3250 train_time:72.990s step_avg:37.76ms
step:1934/3250 train_time:73.144s step_avg:37.82ms
step:1935/3250 train_time:73.298s step_avg:37.88ms
step:1936/3250 train_time:73.451s step_avg:37.94ms
step:1937/3250 train_time:73.606s step_avg:38.00ms
step:1938/3250 train_time:73.759s step_avg:38.06ms
step:1939/3250 train_time:73.914s step_avg:38.12ms
step:1940/3250 train_time:74.069s step_avg:38.18ms
step:1941/3250 train_time:74.221s step_avg:38.24ms
step:1942/3250 train_time:74.375s step_avg:38.30ms
step:1943/3250 train_time:74.528s step_avg:38.36ms
step:1944/3250 train_time:74.682s step_avg:38.42ms
step:1945/3250 train_time:74.836s step_avg:38.48ms
step:1946/3250 train_time:74.990s step_avg:38.54ms
step:1947/3250 train_time:75.144s step_avg:38.59ms
step:1948/3250 train_time:75.298s step_avg:38.65ms
step:1949/3250 train_time:75.452s step_avg:38.71ms
step:1950/3250 train_time:75.608s step_avg:38.77ms
step:1951/3250 train_time:75.761s step_avg:38.83ms
step:1952/3250 train_time:75.915s step_avg:38.89ms
step:1953/3250 train_time:76.070s step_avg:38.95ms
step:1954/3250 train_time:76.223s step_avg:39.01ms
step:1955/3250 train_time:76.377s step_avg:39.07ms
step:1956/3250 train_time:76.532s step_avg:39.13ms
step:1957/3250 train_time:76.687s step_avg:39.19ms
step:1958/3250 train_time:76.840s step_avg:39.24ms
step:1959/3250 train_time:76.994s step_avg:39.30ms
step:1960/3250 train_time:77.149s step_avg:39.36ms
step:1961/3250 train_time:77.303s step_avg:39.42ms
step:1962/3250 train_time:77.456s step_avg:39.48ms
step:1963/3250 train_time:77.612s step_avg:39.54ms
step:1964/3250 train_time:77.766s step_avg:39.60ms
step:1965/3250 train_time:77.919s step_avg:39.65ms
step:1966/3250 train_time:78.074s step_avg:39.71ms
step:1967/3250 train_time:78.228s step_avg:39.77ms
step:1968/3250 train_time:78.382s step_avg:39.83ms
step:1969/3250 train_time:78.536s step_avg:39.89ms
step:1970/3250 train_time:78.692s step_avg:39.95ms
step:1971/3250 train_time:78.846s step_avg:40.00ms
step:1972/3250 train_time:79.000s step_avg:40.06ms
step:1973/3250 train_time:79.154s step_avg:40.12ms
step:1974/3250 train_time:79.309s step_avg:40.18ms
step:1975/3250 train_time:79.462s step_avg:40.23ms
step:1976/3250 train_time:79.616s step_avg:40.29ms
step:1977/3250 train_time:79.771s step_avg:40.35ms
step:1978/3250 train_time:79.924s step_avg:40.41ms
step:1979/3250 train_time:80.078s step_avg:40.46ms
step:1980/3250 train_time:80.233s step_avg:40.52ms
step:1981/3250 train_time:80.388s step_avg:40.58ms
step:1982/3250 train_time:80.540s step_avg:40.64ms
step:1983/3250 train_time:80.694s step_avg:40.69ms
step:1984/3250 train_time:80.850s step_avg:40.75ms
step:1985/3250 train_time:81.003s step_avg:40.81ms
step:1986/3250 train_time:81.156s step_avg:40.86ms
step:1987/3250 train_time:81.311s step_avg:40.92ms
step:1988/3250 train_time:81.465s step_avg:40.98ms
step:1989/3250 train_time:81.618s step_avg:41.03ms
step:1990/3250 train_time:81.774s step_avg:41.09ms
step:1991/3250 train_time:81.926s step_avg:41.15ms
step:1992/3250 train_time:82.080s step_avg:41.20ms
step:1993/3250 train_time:82.234s step_avg:41.26ms
step:1994/3250 train_time:82.389s step_avg:41.32ms
step:1995/3250 train_time:82.543s step_avg:41.37ms
step:1996/3250 train_time:82.697s step_avg:41.43ms
step:1997/3250 train_time:82.851s step_avg:41.49ms
step:1998/3250 train_time:83.006s step_avg:41.54ms
step:1999/3250 train_time:83.159s step_avg:41.60ms
step:2000/3250 train_time:83.313s step_avg:41.66ms
step:2000/3250 val_loss:3.53270 train_time:83.325s step_avg:159.32ms
step:2001/3250 train_time:84.105s step_avg:42.03ms
step:2002/3250 train_time:84.245s step_avg:42.08ms
step:2003/3250 train_time:84.400s step_avg:42.14ms
step:2004/3250 train_time:84.553s step_avg:42.19ms
step:2005/3250 train_time:84.707s step_avg:42.25ms
step:2006/3250 train_time:84.861s step_avg:42.30ms
step:2007/3250 train_time:85.013s step_avg:42.36ms
step:2008/3250 train_time:85.166s step_avg:42.41ms
step:2009/3250 train_time:85.321s step_avg:42.47ms
step:2010/3250 train_time:85.475s step_avg:42.52ms
step:2011/3250 train_time:85.629s step_avg:42.58ms
step:2012/3250 train_time:85.782s step_avg:42.64ms
step:2013/3250 train_time:85.938s step_avg:42.69ms
step:2014/3250 train_time:86.091s step_avg:42.75ms
step:2015/3250 train_time:86.245s step_avg:42.80ms
step:2016/3250 train_time:86.401s step_avg:42.86ms
step:2017/3250 train_time:86.553s step_avg:42.91ms
step:2018/3250 train_time:86.707s step_avg:42.97ms
step:2019/3250 train_time:86.861s step_avg:43.02ms
step:2020/3250 train_time:87.017s step_avg:43.08ms
step:2021/3250 train_time:87.171s step_avg:43.13ms
step:2022/3250 train_time:87.324s step_avg:43.19ms
step:2023/3250 train_time:87.480s step_avg:43.24ms
step:2024/3250 train_time:87.635s step_avg:43.30ms
step:2025/3250 train_time:87.788s step_avg:43.35ms
step:2026/3250 train_time:87.943s step_avg:43.41ms
step:2027/3250 train_time:88.096s step_avg:43.46ms
step:2028/3250 train_time:88.248s step_avg:43.51ms
step:2029/3250 train_time:88.403s step_avg:43.57ms
step:2030/3250 train_time:88.557s step_avg:43.62ms
step:2031/3250 train_time:88.709s step_avg:43.68ms
step:2032/3250 train_time:88.864s step_avg:43.73ms
step:2033/3250 train_time:89.020s step_avg:43.79ms
step:2034/3250 train_time:89.175s step_avg:43.84ms
step:2035/3250 train_time:89.329s step_avg:43.90ms
step:2036/3250 train_time:89.482s step_avg:43.95ms
step:2037/3250 train_time:89.638s step_avg:44.01ms
step:2038/3250 train_time:89.792s step_avg:44.06ms
step:2039/3250 train_time:89.947s step_avg:44.11ms
step:2040/3250 train_time:90.102s step_avg:44.17ms
step:2041/3250 train_time:90.255s step_avg:44.22ms
step:2042/3250 train_time:90.409s step_avg:44.27ms
step:2043/3250 train_time:90.564s step_avg:44.33ms
step:2044/3250 train_time:90.719s step_avg:44.38ms
step:2045/3250 train_time:90.874s step_avg:44.44ms
step:2046/3250 train_time:91.027s step_avg:44.49ms
step:2047/3250 train_time:91.182s step_avg:44.54ms
step:2048/3250 train_time:91.338s step_avg:44.60ms
step:2049/3250 train_time:91.492s step_avg:44.65ms
step:2050/3250 train_time:91.646s step_avg:44.71ms
step:2051/3250 train_time:91.801s step_avg:44.76ms
step:2052/3250 train_time:91.955s step_avg:44.81ms
step:2053/3250 train_time:92.109s step_avg:44.87ms
step:2054/3250 train_time:92.264s step_avg:44.92ms
step:2055/3250 train_time:92.420s step_avg:44.97ms
step:2056/3250 train_time:92.574s step_avg:45.03ms
step:2057/3250 train_time:92.728s step_avg:45.08ms
step:2058/3250 train_time:92.882s step_avg:45.13ms
step:2059/3250 train_time:93.038s step_avg:45.19ms
step:2060/3250 train_time:93.193s step_avg:45.24ms
step:2061/3250 train_time:93.346s step_avg:45.29ms
step:2062/3250 train_time:93.501s step_avg:45.34ms
step:2063/3250 train_time:93.655s step_avg:45.40ms
step:2064/3250 train_time:93.809s step_avg:45.45ms
step:2065/3250 train_time:93.963s step_avg:45.50ms
step:2066/3250 train_time:94.119s step_avg:45.56ms
step:2067/3250 train_time:94.273s step_avg:45.61ms
step:2068/3250 train_time:94.427s step_avg:45.66ms
step:2069/3250 train_time:94.582s step_avg:45.71ms
step:2070/3250 train_time:94.736s step_avg:45.77ms
step:2071/3250 train_time:94.889s step_avg:45.82ms
step:2072/3250 train_time:95.044s step_avg:45.87ms
step:2073/3250 train_time:95.199s step_avg:45.92ms
step:2074/3250 train_time:95.352s step_avg:45.97ms
step:2075/3250 train_time:95.506s step_avg:46.03ms
step:2076/3250 train_time:95.660s step_avg:46.08ms
step:2077/3250 train_time:95.815s step_avg:46.13ms
step:2078/3250 train_time:95.969s step_avg:46.18ms
step:2079/3250 train_time:96.124s step_avg:46.24ms
step:2080/3250 train_time:96.279s step_avg:46.29ms
step:2081/3250 train_time:96.433s step_avg:46.34ms
step:2082/3250 train_time:96.586s step_avg:46.39ms
step:2083/3250 train_time:96.742s step_avg:46.44ms
step:2084/3250 train_time:96.897s step_avg:46.50ms
step:2085/3250 train_time:97.050s step_avg:46.55ms
step:2086/3250 train_time:97.204s step_avg:46.60ms
step:2087/3250 train_time:97.359s step_avg:46.65ms
step:2088/3250 train_time:97.513s step_avg:46.70ms
step:2089/3250 train_time:97.667s step_avg:46.75ms
step:2090/3250 train_time:97.822s step_avg:46.81ms
step:2091/3250 train_time:98.020s step_avg:46.88ms
step:2092/3250 train_time:98.171s step_avg:46.93ms
step:2093/3250 train_time:98.326s step_avg:46.98ms
step:2094/3250 train_time:98.481s step_avg:47.03ms
step:2095/3250 train_time:98.636s step_avg:47.08ms
step:2096/3250 train_time:98.789s step_avg:47.13ms
step:2097/3250 train_time:98.944s step_avg:47.18ms
step:2098/3250 train_time:99.100s step_avg:47.24ms
step:2099/3250 train_time:99.253s step_avg:47.29ms
step:2100/3250 train_time:99.407s step_avg:47.34ms
step:2101/3250 train_time:99.562s step_avg:47.39ms
step:2102/3250 train_time:99.717s step_avg:47.44ms
step:2103/3250 train_time:99.871s step_avg:47.49ms
step:2104/3250 train_time:100.026s step_avg:47.54ms
step:2105/3250 train_time:100.181s step_avg:47.59ms
step:2106/3250 train_time:100.336s step_avg:47.64ms
step:2107/3250 train_time:100.490s step_avg:47.69ms
step:2108/3250 train_time:100.644s step_avg:47.74ms
step:2109/3250 train_time:100.799s step_avg:47.79ms
step:2110/3250 train_time:100.952s step_avg:47.84ms
step:2111/3250 train_time:101.106s step_avg:47.89ms
step:2112/3250 train_time:101.262s step_avg:47.95ms
step:2113/3250 train_time:101.418s step_avg:48.00ms
step:2114/3250 train_time:101.572s step_avg:48.05ms
step:2115/3250 train_time:101.726s step_avg:48.10ms
step:2116/3250 train_time:101.881s step_avg:48.15ms
step:2117/3250 train_time:102.036s step_avg:48.20ms
step:2118/3250 train_time:102.190s step_avg:48.25ms
step:2119/3250 train_time:102.344s step_avg:48.30ms
step:2120/3250 train_time:102.500s step_avg:48.35ms
step:2121/3250 train_time:102.653s step_avg:48.40ms
step:2122/3250 train_time:102.807s step_avg:48.45ms
step:2123/3250 train_time:102.962s step_avg:48.50ms
step:2124/3250 train_time:103.118s step_avg:48.55ms
step:2125/3250 train_time:103.272s step_avg:48.60ms
step:2125/3250 val_loss:3.52656 train_time:103.284s step_avg:159.67ms
step:2126/3250 train_time:104.073s step_avg:48.95ms
step:2127/3250 train_time:104.211s step_avg:48.99ms
step:2128/3250 train_time:104.366s step_avg:49.04ms
step:2129/3250 train_time:104.520s step_avg:49.09ms
step:2130/3250 train_time:104.673s step_avg:49.14ms
step:2131/3250 train_time:104.827s step_avg:49.19ms
step:2132/3250 train_time:104.982s step_avg:49.24ms
step:2133/3250 train_time:105.136s step_avg:49.29ms
step:2134/3250 train_time:105.290s step_avg:49.34ms
step:2135/3250 train_time:105.446s step_avg:49.39ms
step:2136/3250 train_time:105.601s step_avg:49.44ms
step:2137/3250 train_time:105.755s step_avg:49.49ms
step:2138/3250 train_time:105.908s step_avg:49.54ms
step:2139/3250 train_time:106.064s step_avg:49.59ms
step:2140/3250 train_time:106.219s step_avg:49.64ms
step:2141/3250 train_time:106.372s step_avg:49.68ms
step:2142/3250 train_time:106.527s step_avg:49.73ms
step:2143/3250 train_time:106.682s step_avg:49.78ms
step:2144/3250 train_time:106.835s step_avg:49.83ms
step:2145/3250 train_time:106.990s step_avg:49.88ms
step:2146/3250 train_time:107.146s step_avg:49.93ms
step:2147/3250 train_time:107.300s step_avg:49.98ms
step:2148/3250 train_time:107.453s step_avg:50.02ms
step:2149/3250 train_time:107.607s step_avg:50.07ms
step:2150/3250 train_time:107.763s step_avg:50.12ms
step:2151/3250 train_time:107.918s step_avg:50.17ms
step:2152/3250 train_time:108.071s step_avg:50.22ms
step:2153/3250 train_time:108.226s step_avg:50.27ms
step:2154/3250 train_time:108.380s step_avg:50.32ms
step:2155/3250 train_time:108.534s step_avg:50.36ms
step:2156/3250 train_time:108.688s step_avg:50.41ms
step:2157/3250 train_time:108.844s step_avg:50.46ms
step:2158/3250 train_time:108.998s step_avg:50.51ms
step:2159/3250 train_time:109.152s step_avg:50.56ms
step:2160/3250 train_time:109.307s step_avg:50.60ms
step:2161/3250 train_time:109.463s step_avg:50.65ms
step:2162/3250 train_time:109.617s step_avg:50.70ms
step:2163/3250 train_time:109.771s step_avg:50.75ms
step:2164/3250 train_time:109.926s step_avg:50.80ms
step:2165/3250 train_time:110.081s step_avg:50.85ms
step:2166/3250 train_time:110.234s step_avg:50.89ms
step:2167/3250 train_time:110.388s step_avg:50.94ms
step:2168/3250 train_time:110.545s step_avg:50.99ms
step:2169/3250 train_time:110.700s step_avg:51.04ms
step:2170/3250 train_time:110.854s step_avg:51.08ms
step:2171/3250 train_time:111.007s step_avg:51.13ms
step:2172/3250 train_time:111.163s step_avg:51.18ms
step:2173/3250 train_time:111.317s step_avg:51.23ms
step:2174/3250 train_time:111.471s step_avg:51.27ms
step:2175/3250 train_time:111.626s step_avg:51.32ms
step:2176/3250 train_time:111.780s step_avg:51.37ms
step:2177/3250 train_time:111.934s step_avg:51.42ms
step:2178/3250 train_time:112.088s step_avg:51.46ms
step:2179/3250 train_time:112.244s step_avg:51.51ms
step:2180/3250 train_time:112.399s step_avg:51.56ms
step:2181/3250 train_time:112.553s step_avg:51.61ms
step:2182/3250 train_time:112.707s step_avg:51.65ms
step:2183/3250 train_time:112.862s step_avg:51.70ms
step:2184/3250 train_time:113.014s step_avg:51.75ms
step:2185/3250 train_time:113.169s step_avg:51.79ms
step:2186/3250 train_time:113.325s step_avg:51.84ms
step:2187/3250 train_time:113.478s step_avg:51.89ms
step:2188/3250 train_time:113.632s step_avg:51.93ms
step:2189/3250 train_time:113.787s step_avg:51.98ms
step:2190/3250 train_time:113.943s step_avg:52.03ms
step:2191/3250 train_time:114.096s step_avg:52.07ms
step:2192/3250 train_time:114.250s step_avg:52.12ms
step:2193/3250 train_time:114.406s step_avg:52.17ms
step:2194/3250 train_time:114.561s step_avg:52.22ms
step:2195/3250 train_time:114.714s step_avg:52.26ms
step:2196/3250 train_time:114.868s step_avg:52.31ms
step:2197/3250 train_time:115.023s step_avg:52.35ms
step:2198/3250 train_time:115.176s step_avg:52.40ms
step:2199/3250 train_time:115.330s step_avg:52.45ms
step:2200/3250 train_time:115.485s step_avg:52.49ms
step:2201/3250 train_time:115.640s step_avg:52.54ms
step:2202/3250 train_time:115.794s step_avg:52.59ms
step:2203/3250 train_time:115.948s step_avg:52.63ms
step:2204/3250 train_time:116.104s step_avg:52.68ms
step:2205/3250 train_time:116.259s step_avg:52.72ms
step:2206/3250 train_time:116.412s step_avg:52.77ms
step:2207/3250 train_time:116.567s step_avg:52.82ms
step:2208/3250 train_time:116.721s step_avg:52.86ms
step:2209/3250 train_time:116.874s step_avg:52.91ms
step:2210/3250 train_time:117.029s step_avg:52.95ms
step:2211/3250 train_time:117.184s step_avg:53.00ms
step:2212/3250 train_time:117.339s step_avg:53.05ms
step:2213/3250 train_time:117.491s step_avg:53.09ms
step:2214/3250 train_time:117.647s step_avg:53.14ms
step:2215/3250 train_time:117.802s step_avg:53.18ms
step:2216/3250 train_time:117.956s step_avg:53.23ms
step:2217/3250 train_time:118.110s step_avg:53.27ms
step:2218/3250 train_time:118.265s step_avg:53.32ms
step:2219/3250 train_time:118.419s step_avg:53.37ms
step:2220/3250 train_time:118.572s step_avg:53.41ms
step:2221/3250 train_time:118.727s step_avg:53.46ms
step:2222/3250 train_time:118.881s step_avg:53.50ms
step:2223/3250 train_time:119.035s step_avg:53.55ms
step:2224/3250 train_time:119.189s step_avg:53.59ms
step:2225/3250 train_time:119.345s step_avg:53.64ms
step:2226/3250 train_time:119.500s step_avg:53.68ms
step:2227/3250 train_time:119.653s step_avg:53.73ms
step:2228/3250 train_time:119.807s step_avg:53.77ms
step:2229/3250 train_time:119.963s step_avg:53.82ms
step:2230/3250 train_time:120.116s step_avg:53.86ms
step:2231/3250 train_time:120.270s step_avg:53.91ms
step:2232/3250 train_time:120.426s step_avg:53.95ms
step:2233/3250 train_time:120.579s step_avg:54.00ms
step:2234/3250 train_time:120.733s step_avg:54.04ms
step:2235/3250 train_time:120.888s step_avg:54.09ms
step:2236/3250 train_time:121.043s step_avg:54.13ms
step:2237/3250 train_time:121.197s step_avg:54.18ms
step:2238/3250 train_time:121.351s step_avg:54.22ms
step:2239/3250 train_time:121.506s step_avg:54.27ms
step:2240/3250 train_time:121.660s step_avg:54.31ms
step:2241/3250 train_time:121.813s step_avg:54.36ms
step:2242/3250 train_time:121.968s step_avg:54.40ms
step:2243/3250 train_time:122.123s step_avg:54.45ms
step:2244/3250 train_time:122.276s step_avg:54.49ms
step:2245/3250 train_time:122.431s step_avg:54.53ms
step:2246/3250 train_time:122.585s step_avg:54.58ms
step:2247/3250 train_time:122.741s step_avg:54.62ms
step:2248/3250 train_time:122.894s step_avg:54.67ms
step:2249/3250 train_time:123.048s step_avg:54.71ms
step:2250/3250 train_time:123.204s step_avg:54.76ms
step:2250/3250 val_loss:3.52099 train_time:123.216s step_avg:159.45ms
step:2251/3250 train_time:123.999s step_avg:55.09ms
step:2252/3250 train_time:124.142s step_avg:55.13ms
step:2253/3250 train_time:124.295s step_avg:55.17ms
step:2254/3250 train_time:124.450s step_avg:55.21ms
step:2255/3250 train_time:124.603s step_avg:55.26ms
step:2256/3250 train_time:124.757s step_avg:55.30ms
step:2257/3250 train_time:124.909s step_avg:55.34ms
step:2258/3250 train_time:125.061s step_avg:55.39ms
step:2259/3250 train_time:125.216s step_avg:55.43ms
step:2260/3250 train_time:125.371s step_avg:55.47ms
step:2261/3250 train_time:125.524s step_avg:55.52ms
step:2262/3250 train_time:125.679s step_avg:55.56ms
step:2263/3250 train_time:125.835s step_avg:55.61ms
step:2264/3250 train_time:125.989s step_avg:55.65ms
step:2265/3250 train_time:126.142s step_avg:55.69ms
step:2266/3250 train_time:126.297s step_avg:55.74ms
step:2267/3250 train_time:126.453s step_avg:55.78ms
step:2268/3250 train_time:126.606s step_avg:55.82ms
step:2269/3250 train_time:126.760s step_avg:55.87ms
step:2270/3250 train_time:126.915s step_avg:55.91ms
step:2271/3250 train_time:127.070s step_avg:55.95ms
step:2272/3250 train_time:127.225s step_avg:56.00ms
step:2273/3250 train_time:127.379s step_avg:56.04ms
step:2274/3250 train_time:127.534s step_avg:56.08ms
step:2275/3250 train_time:127.689s step_avg:56.13ms
step:2276/3250 train_time:127.842s step_avg:56.17ms
step:2277/3250 train_time:127.996s step_avg:56.21ms
step:2278/3250 train_time:128.152s step_avg:56.26ms
step:2279/3250 train_time:128.305s step_avg:56.30ms
step:2280/3250 train_time:128.459s step_avg:56.34ms
step:2281/3250 train_time:128.656s step_avg:56.40ms
step:2282/3250 train_time:128.810s step_avg:56.45ms
step:2283/3250 train_time:128.964s step_avg:56.49ms
step:2284/3250 train_time:129.119s step_avg:56.53ms
step:2285/3250 train_time:129.274s step_avg:56.58ms
step:2286/3250 train_time:129.427s step_avg:56.62ms
step:2287/3250 train_time:129.581s step_avg:56.66ms
step:2288/3250 train_time:129.734s step_avg:56.70ms
step:2289/3250 train_time:129.889s step_avg:56.75ms
step:2290/3250 train_time:130.042s step_avg:56.79ms
step:2291/3250 train_time:130.196s step_avg:56.83ms
step:2292/3250 train_time:130.351s step_avg:56.87ms
step:2293/3250 train_time:130.504s step_avg:56.91ms
step:2294/3250 train_time:130.658s step_avg:56.96ms
step:2295/3250 train_time:130.812s step_avg:57.00ms
step:2296/3250 train_time:130.967s step_avg:57.04ms
step:2297/3250 train_time:131.120s step_avg:57.08ms
step:2298/3250 train_time:131.275s step_avg:57.13ms
step:2299/3250 train_time:131.429s step_avg:57.17ms
step:2300/3250 train_time:131.582s step_avg:57.21ms
step:2301/3250 train_time:131.735s step_avg:57.25ms
step:2302/3250 train_time:131.891s step_avg:57.29ms
step:2303/3250 train_time:132.044s step_avg:57.34ms
step:2304/3250 train_time:132.199s step_avg:57.38ms
step:2305/3250 train_time:132.352s step_avg:57.42ms
step:2306/3250 train_time:132.504s step_avg:57.46ms
step:2307/3250 train_time:132.658s step_avg:57.50ms
step:2308/3250 train_time:132.812s step_avg:57.54ms
step:2309/3250 train_time:132.964s step_avg:57.59ms
step:2310/3250 train_time:133.118s step_avg:57.63ms
step:2311/3250 train_time:133.274s step_avg:57.67ms
step:2312/3250 train_time:133.428s step_avg:57.71ms
step:2313/3250 train_time:133.582s step_avg:57.75ms
step:2314/3250 train_time:133.735s step_avg:57.79ms
step:2315/3250 train_time:133.889s step_avg:57.84ms
step:2316/3250 train_time:134.042s step_avg:57.88ms
step:2317/3250 train_time:134.196s step_avg:57.92ms
step:2318/3250 train_time:134.351s step_avg:57.96ms
step:2319/3250 train_time:134.504s step_avg:58.00ms
step:2320/3250 train_time:134.658s step_avg:58.04ms
step:2321/3250 train_time:134.812s step_avg:58.08ms
step:2322/3250 train_time:134.966s step_avg:58.13ms
step:2323/3250 train_time:135.119s step_avg:58.17ms
step:2324/3250 train_time:135.275s step_avg:58.21ms
step:2325/3250 train_time:135.428s step_avg:58.25ms
step:2326/3250 train_time:135.582s step_avg:58.29ms
step:2327/3250 train_time:135.735s step_avg:58.33ms
step:2328/3250 train_time:135.891s step_avg:58.37ms
step:2329/3250 train_time:136.044s step_avg:58.41ms
step:2330/3250 train_time:136.197s step_avg:58.45ms
step:2331/3250 train_time:136.352s step_avg:58.50ms
step:2332/3250 train_time:136.505s step_avg:58.54ms
step:2333/3250 train_time:136.659s step_avg:58.58ms
step:2334/3250 train_time:136.814s step_avg:58.62ms
step:2335/3250 train_time:136.968s step_avg:58.66ms
step:2336/3250 train_time:137.122s step_avg:58.70ms
step:2337/3250 train_time:137.276s step_avg:58.74ms
step:2338/3250 train_time:137.431s step_avg:58.78ms
step:2339/3250 train_time:137.583s step_avg:58.82ms
step:2340/3250 train_time:137.736s step_avg:58.86ms
step:2341/3250 train_time:137.892s step_avg:58.90ms
step:2342/3250 train_time:138.046s step_avg:58.94ms
step:2343/3250 train_time:138.200s step_avg:58.98ms
step:2344/3250 train_time:138.355s step_avg:59.03ms
step:2345/3250 train_time:138.510s step_avg:59.07ms
step:2346/3250 train_time:138.663s step_avg:59.11ms
step:2347/3250 train_time:138.817s step_avg:59.15ms
step:2348/3250 train_time:138.974s step_avg:59.19ms
step:2349/3250 train_time:139.127s step_avg:59.23ms
step:2350/3250 train_time:139.280s step_avg:59.27ms
step:2351/3250 train_time:139.434s step_avg:59.31ms
EXIT=0 rid=req023_f1500_a1
