W0830 21:51:54.730000 7514 torch/distributed/run.py:852] 
W0830 21:51:54.730000 7514 torch/distributed/run.py:852] *****************************************
W0830 21:51:54.730000 7514 torch/distributed/run.py:852] Setting OMP_NUM_THREADS environment variable for each process to be 1 in default, to avoid your system being overloaded, please further tune the variable for optimal performance in your application as needed. 
W0830 21:51:54.730000 7514 torch/distributed/run.py:852] *****************************************
logs/f1e4d09f-6453-48ae-96b9-bb70395243b5.txt
resumed training state from step 1500 in eos_shared_state, skipped 1500 batches
step:0/3250 val_loss:3.51931 train_time:0.001s step_avg:nanms
learning_rates step:1500 [{'pattern': '^embed\\.weight$', 'lr': [0.45499999999999996]}, {'pattern': '^proj\\.weight$', 'lr': [0.0026000000000000003]}, {'pattern': '^blocks\\..*\\.weight$', 'lr': [0.01625]}, {'pattern': '.*', 'lr': [0.00975]}]
step:1501/3250 train_time:3.144s step_avg:2.09ms
learning_rates step:1501 [{'pattern': '^embed\\.weight$', 'lr': [0.45499999999999996]}, {'pattern': '^proj\\.weight$', 'lr': [0.0026000000000000003]}, {'pattern': '^blocks\\..*\\.weight$', 'lr': [0.01625]}, {'pattern': '.*', 'lr': [0.00975]}]
step:1502/3250 train_time:3.282s step_avg:2.19ms
step:1503/3250 train_time:3.434s step_avg:2.28ms
step:1504/3250 train_time:3.587s step_avg:2.38ms
step:1505/3250 train_time:3.740s step_avg:2.49ms
step:1506/3250 train_time:3.893s step_avg:2.58ms
step:1507/3250 train_time:4.046s step_avg:2.68ms
step:1508/3250 train_time:4.200s step_avg:2.78ms
step:1509/3250 train_time:4.352s step_avg:2.88ms
step:1510/3250 train_time:4.506s step_avg:2.98ms
step:1511/3250 train_time:4.659s step_avg:3.08ms
step:1512/3250 train_time:4.812s step_avg:3.18ms
step:1513/3250 train_time:4.967s step_avg:3.28ms
step:1514/3250 train_time:5.121s step_avg:3.38ms
step:1515/3250 train_time:5.273s step_avg:3.48ms
step:1516/3250 train_time:5.427s step_avg:3.58ms
step:1517/3250 train_time:5.580s step_avg:3.68ms
step:1518/3250 train_time:5.733s step_avg:3.78ms
step:1519/3250 train_time:5.886s step_avg:3.87ms
step:1520/3250 train_time:6.040s step_avg:3.97ms
step:1521/3250 train_time:6.232s step_avg:4.10ms
step:1522/3250 train_time:6.385s step_avg:4.20ms
step:1523/3250 train_time:6.539s step_avg:4.29ms
step:1524/3250 train_time:6.691s step_avg:4.39ms
step:1525/3250 train_time:6.844s step_avg:4.49ms
step:1526/3250 train_time:6.999s step_avg:4.59ms
step:1527/3250 train_time:7.152s step_avg:4.68ms
step:1528/3250 train_time:7.307s step_avg:4.78ms
step:1529/3250 train_time:7.459s step_avg:4.88ms
step:1530/3250 train_time:7.613s step_avg:4.98ms
step:1531/3250 train_time:7.766s step_avg:5.07ms
step:1532/3250 train_time:7.919s step_avg:5.17ms
step:1533/3250 train_time:8.072s step_avg:5.27ms
step:1534/3250 train_time:8.224s step_avg:5.36ms
step:1535/3250 train_time:8.379s step_avg:5.46ms
step:1536/3250 train_time:8.532s step_avg:5.55ms
step:1537/3250 train_time:8.686s step_avg:5.65ms
step:1538/3250 train_time:8.839s step_avg:5.75ms
step:1539/3250 train_time:8.991s step_avg:5.84ms
step:1540/3250 train_time:9.145s step_avg:5.94ms
step:1541/3250 train_time:9.299s step_avg:6.03ms
step:1542/3250 train_time:9.452s step_avg:6.13ms
step:1543/3250 train_time:9.606s step_avg:6.23ms
step:1544/3250 train_time:9.759s step_avg:6.32ms
step:1545/3250 train_time:9.912s step_avg:6.42ms
step:1546/3250 train_time:10.065s step_avg:6.51ms
step:1547/3250 train_time:10.222s step_avg:6.61ms
step:1548/3250 train_time:10.375s step_avg:6.70ms
step:1549/3250 train_time:10.528s step_avg:6.80ms
step:1550/3250 train_time:10.681s step_avg:6.89ms
step:1551/3250 train_time:10.833s step_avg:6.98ms
step:1552/3250 train_time:10.987s step_avg:7.08ms
step:1553/3250 train_time:11.140s step_avg:7.17ms
step:1554/3250 train_time:11.293s step_avg:7.27ms
step:1555/3250 train_time:11.446s step_avg:7.36ms
step:1556/3250 train_time:11.601s step_avg:7.46ms
step:1557/3250 train_time:11.753s step_avg:7.55ms
step:1558/3250 train_time:11.907s step_avg:7.64ms
step:1559/3250 train_time:12.060s step_avg:7.74ms
step:1560/3250 train_time:12.213s step_avg:7.83ms
step:1561/3250 train_time:12.367s step_avg:7.92ms
step:1562/3250 train_time:12.520s step_avg:8.02ms
step:1563/3250 train_time:12.674s step_avg:8.11ms
step:1564/3250 train_time:12.829s step_avg:8.20ms
step:1565/3250 train_time:12.981s step_avg:8.29ms
step:1566/3250 train_time:13.135s step_avg:8.39ms
step:1567/3250 train_time:13.289s step_avg:8.48ms
step:1568/3250 train_time:13.442s step_avg:8.57ms
step:1569/3250 train_time:13.594s step_avg:8.66ms
step:1570/3250 train_time:13.748s step_avg:8.76ms
step:1571/3250 train_time:13.903s step_avg:8.85ms
step:1572/3250 train_time:14.056s step_avg:8.94ms
step:1573/3250 train_time:14.210s step_avg:9.03ms
step:1574/3250 train_time:14.363s step_avg:9.12ms
step:1575/3250 train_time:14.517s step_avg:9.22ms
step:1576/3250 train_time:14.670s step_avg:9.31ms
step:1577/3250 train_time:14.824s step_avg:9.40ms
step:1578/3250 train_time:14.978s step_avg:9.49ms
step:1579/3250 train_time:15.130s step_avg:9.58ms
step:1580/3250 train_time:15.284s step_avg:9.67ms
step:1581/3250 train_time:15.438s step_avg:9.76ms
step:1582/3250 train_time:15.591s step_avg:9.86ms
step:1583/3250 train_time:15.745s step_avg:9.95ms
step:1584/3250 train_time:15.898s step_avg:10.04ms
step:1585/3250 train_time:16.052s step_avg:10.13ms
step:1586/3250 train_time:16.205s step_avg:10.22ms
step:1587/3250 train_time:16.358s step_avg:10.31ms
step:1588/3250 train_time:16.513s step_avg:10.40ms
step:1589/3250 train_time:16.667s step_avg:10.49ms
step:1590/3250 train_time:16.820s step_avg:10.58ms
step:1591/3250 train_time:16.972s step_avg:10.67ms
step:1592/3250 train_time:17.126s step_avg:10.76ms
step:1593/3250 train_time:17.279s step_avg:10.85ms
step:1594/3250 train_time:17.433s step_avg:10.94ms
step:1595/3250 train_time:17.587s step_avg:11.03ms
step:1596/3250 train_time:17.741s step_avg:11.12ms
step:1597/3250 train_time:17.895s step_avg:11.21ms
step:1598/3250 train_time:18.048s step_avg:11.29ms
step:1599/3250 train_time:18.201s step_avg:11.38ms
step:1600/3250 train_time:18.353s step_avg:11.47ms
step:1601/3250 train_time:18.508s step_avg:11.56ms
step:1602/3250 train_time:18.660s step_avg:11.65ms
step:1603/3250 train_time:18.814s step_avg:11.74ms
step:1604/3250 train_time:18.968s step_avg:11.83ms
step:1605/3250 train_time:19.121s step_avg:11.91ms
step:1606/3250 train_time:19.275s step_avg:12.00ms
step:1607/3250 train_time:19.429s step_avg:12.09ms
step:1608/3250 train_time:19.582s step_avg:12.18ms
step:1609/3250 train_time:19.737s step_avg:12.27ms
step:1610/3250 train_time:19.889s step_avg:12.35ms
step:1611/3250 train_time:20.043s step_avg:12.44ms
step:1612/3250 train_time:20.197s step_avg:12.53ms
step:1613/3250 train_time:20.350s step_avg:12.62ms
step:1614/3250 train_time:20.505s step_avg:12.70ms
step:1615/3250 train_time:20.658s step_avg:12.79ms
step:1616/3250 train_time:20.812s step_avg:12.88ms
step:1617/3250 train_time:20.964s step_avg:12.96ms
step:1618/3250 train_time:21.120s step_avg:13.05ms
step:1619/3250 train_time:21.274s step_avg:13.14ms
step:1620/3250 train_time:21.428s step_avg:13.23ms
step:1621/3250 train_time:21.581s step_avg:13.31ms
step:1622/3250 train_time:21.735s step_avg:13.40ms
step:1623/3250 train_time:21.889s step_avg:13.49ms
step:1624/3250 train_time:22.042s step_avg:13.57ms
step:1625/3250 train_time:22.197s step_avg:13.66ms
step:1625/3250 val_loss:3.48737 train_time:22.209s step_avg:13.67ms
step:1626/3250 train_time:23.048s step_avg:14.17ms
step:1627/3250 train_time:23.187s step_avg:14.25ms
step:1628/3250 train_time:23.340s step_avg:14.34ms
step:1629/3250 train_time:23.492s step_avg:14.42ms
step:1630/3250 train_time:23.646s step_avg:14.51ms
step:1631/3250 train_time:23.798s step_avg:14.59ms
step:1632/3250 train_time:23.952s step_avg:14.68ms
step:1633/3250 train_time:24.104s step_avg:14.76ms
step:1634/3250 train_time:24.258s step_avg:14.85ms
step:1635/3250 train_time:24.411s step_avg:14.93ms
step:1636/3250 train_time:24.564s step_avg:15.01ms
step:1637/3250 train_time:24.719s step_avg:15.10ms
step:1638/3250 train_time:24.873s step_avg:15.18ms
step:1639/3250 train_time:25.028s step_avg:15.27ms
step:1640/3250 train_time:25.180s step_avg:15.35ms
step:1641/3250 train_time:25.334s step_avg:15.44ms
step:1642/3250 train_time:25.487s step_avg:15.52ms
step:1643/3250 train_time:25.641s step_avg:15.61ms
step:1644/3250 train_time:25.795s step_avg:15.69ms
step:1645/3250 train_time:25.949s step_avg:15.77ms
step:1646/3250 train_time:26.102s step_avg:15.86ms
step:1647/3250 train_time:26.257s step_avg:15.94ms
step:1648/3250 train_time:26.410s step_avg:16.03ms
step:1649/3250 train_time:26.564s step_avg:16.11ms
step:1650/3250 train_time:26.718s step_avg:16.19ms
step:1651/3250 train_time:26.873s step_avg:16.28ms
step:1652/3250 train_time:27.028s step_avg:16.36ms
step:1653/3250 train_time:27.181s step_avg:16.44ms
step:1654/3250 train_time:27.336s step_avg:16.53ms
step:1655/3250 train_time:27.489s step_avg:16.61ms
step:1656/3250 train_time:27.642s step_avg:16.69ms
step:1657/3250 train_time:27.796s step_avg:16.77ms
step:1658/3250 train_time:27.951s step_avg:16.86ms
step:1659/3250 train_time:28.104s step_avg:16.94ms
step:1660/3250 train_time:28.258s step_avg:17.02ms
step:1661/3250 train_time:28.411s step_avg:17.10ms
step:1662/3250 train_time:28.565s step_avg:17.19ms
step:1663/3250 train_time:28.718s step_avg:17.27ms
step:1664/3250 train_time:28.872s step_avg:17.35ms
step:1665/3250 train_time:29.027s step_avg:17.43ms
step:1666/3250 train_time:29.180s step_avg:17.51ms
step:1667/3250 train_time:29.335s step_avg:17.60ms
step:1668/3250 train_time:29.489s step_avg:17.68ms
step:1669/3250 train_time:29.643s step_avg:17.76ms
step:1670/3250 train_time:29.796s step_avg:17.84ms
step:1671/3250 train_time:29.951s step_avg:17.92ms
step:1672/3250 train_time:30.104s step_avg:18.00ms
step:1673/3250 train_time:30.259s step_avg:18.09ms
step:1674/3250 train_time:30.413s step_avg:18.17ms
step:1675/3250 train_time:30.568s step_avg:18.25ms
step:1676/3250 train_time:30.720s step_avg:18.33ms
step:1677/3250 train_time:30.873s step_avg:18.41ms
step:1678/3250 train_time:31.029s step_avg:18.49ms
step:1679/3250 train_time:31.183s step_avg:18.57ms
step:1680/3250 train_time:31.337s step_avg:18.65ms
step:1681/3250 train_time:31.492s step_avg:18.73ms
step:1682/3250 train_time:31.647s step_avg:18.81ms
step:1683/3250 train_time:31.799s step_avg:18.89ms
step:1684/3250 train_time:31.953s step_avg:18.97ms
step:1685/3250 train_time:32.110s step_avg:19.06ms
step:1686/3250 train_time:32.265s step_avg:19.14ms
step:1687/3250 train_time:32.418s step_avg:19.22ms
step:1688/3250 train_time:32.572s step_avg:19.30ms
step:1689/3250 train_time:32.726s step_avg:19.38ms
step:1690/3250 train_time:32.880s step_avg:19.46ms
step:1691/3250 train_time:33.034s step_avg:19.54ms
step:1692/3250 train_time:33.187s step_avg:19.61ms
step:1693/3250 train_time:33.341s step_avg:19.69ms
step:1694/3250 train_time:33.497s step_avg:19.77ms
step:1695/3250 train_time:33.651s step_avg:19.85ms
step:1696/3250 train_time:33.804s step_avg:19.93ms
step:1697/3250 train_time:33.958s step_avg:20.01ms
step:1698/3250 train_time:34.112s step_avg:20.09ms
step:1699/3250 train_time:34.266s step_avg:20.17ms
step:1700/3250 train_time:34.419s step_avg:20.25ms
step:1701/3250 train_time:34.572s step_avg:20.32ms
step:1702/3250 train_time:34.728s step_avg:20.40ms
step:1703/3250 train_time:34.881s step_avg:20.48ms
step:1704/3250 train_time:35.035s step_avg:20.56ms
step:1705/3250 train_time:35.188s step_avg:20.64ms
step:1706/3250 train_time:35.342s step_avg:20.72ms
step:1707/3250 train_time:35.498s step_avg:20.80ms
step:1708/3250 train_time:35.652s step_avg:20.87ms
step:1709/3250 train_time:35.807s step_avg:20.95ms
step:1710/3250 train_time:35.961s step_avg:21.03ms
step:1711/3250 train_time:36.150s step_avg:21.13ms
step:1712/3250 train_time:36.302s step_avg:21.20ms
step:1713/3250 train_time:36.456s step_avg:21.28ms
step:1714/3250 train_time:36.610s step_avg:21.36ms
step:1715/3250 train_time:36.764s step_avg:21.44ms
step:1716/3250 train_time:36.918s step_avg:21.51ms
step:1717/3250 train_time:37.071s step_avg:21.59ms
step:1718/3250 train_time:37.226s step_avg:21.67ms
step:1719/3250 train_time:37.379s step_avg:21.74ms
step:1720/3250 train_time:37.533s step_avg:21.82ms
step:1721/3250 train_time:37.688s step_avg:21.90ms
step:1722/3250 train_time:37.841s step_avg:21.98ms
step:1723/3250 train_time:37.995s step_avg:22.05ms
step:1724/3250 train_time:38.150s step_avg:22.13ms
step:1725/3250 train_time:38.304s step_avg:22.21ms
step:1726/3250 train_time:38.459s step_avg:22.28ms
step:1727/3250 train_time:38.612s step_avg:22.36ms
step:1728/3250 train_time:38.766s step_avg:22.43ms
step:1729/3250 train_time:38.919s step_avg:22.51ms
step:1730/3250 train_time:39.073s step_avg:22.59ms
step:1731/3250 train_time:39.227s step_avg:22.66ms
step:1732/3250 train_time:39.381s step_avg:22.74ms
step:1733/3250 train_time:39.535s step_avg:22.81ms
step:1734/3250 train_time:39.690s step_avg:22.89ms
step:1735/3250 train_time:39.844s step_avg:22.96ms
step:1736/3250 train_time:39.998s step_avg:23.04ms
step:1737/3250 train_time:40.151s step_avg:23.12ms
step:1738/3250 train_time:40.305s step_avg:23.19ms
step:1739/3250 train_time:40.459s step_avg:23.27ms
step:1740/3250 train_time:40.613s step_avg:23.34ms
step:1741/3250 train_time:40.767s step_avg:23.42ms
step:1742/3250 train_time:40.921s step_avg:23.49ms
step:1743/3250 train_time:41.075s step_avg:23.57ms
step:1744/3250 train_time:41.230s step_avg:23.64ms
step:1745/3250 train_time:41.383s step_avg:23.72ms
step:1746/3250 train_time:41.537s step_avg:23.79ms
step:1747/3250 train_time:41.691s step_avg:23.86ms
step:1748/3250 train_time:41.845s step_avg:23.94ms
step:1749/3250 train_time:41.998s step_avg:24.01ms
step:1750/3250 train_time:42.153s step_avg:24.09ms
step:1750/3250 val_loss:3.47561 train_time:42.165s step_avg:159.65ms
step:1751/3250 train_time:42.927s step_avg:24.52ms
step:1752/3250 train_time:43.068s step_avg:24.58ms
step:1753/3250 train_time:43.221s step_avg:24.66ms
step:1754/3250 train_time:43.375s step_avg:24.73ms
step:1755/3250 train_time:43.529s step_avg:24.80ms
step:1756/3250 train_time:43.683s step_avg:24.88ms
step:1757/3250 train_time:43.837s step_avg:24.95ms
step:1758/3250 train_time:43.991s step_avg:25.02ms
step:1759/3250 train_time:44.146s step_avg:25.10ms
step:1760/3250 train_time:44.301s step_avg:25.17ms
step:1761/3250 train_time:44.455s step_avg:25.24ms
step:1762/3250 train_time:44.608s step_avg:25.32ms
step:1763/3250 train_time:44.762s step_avg:25.39ms
step:1764/3250 train_time:44.916s step_avg:25.46ms
step:1765/3250 train_time:45.070s step_avg:25.54ms
step:1766/3250 train_time:45.226s step_avg:25.61ms
step:1767/3250 train_time:45.380s step_avg:25.68ms
step:1768/3250 train_time:45.534s step_avg:25.75ms
step:1769/3250 train_time:45.688s step_avg:25.83ms
step:1770/3250 train_time:45.841s step_avg:25.90ms
step:1771/3250 train_time:45.997s step_avg:25.97ms
step:1772/3250 train_time:46.152s step_avg:26.05ms
step:1773/3250 train_time:46.306s step_avg:26.12ms
step:1774/3250 train_time:46.460s step_avg:26.19ms
step:1775/3250 train_time:46.613s step_avg:26.26ms
step:1776/3250 train_time:46.767s step_avg:26.33ms
step:1777/3250 train_time:46.921s step_avg:26.40ms
step:1778/3250 train_time:47.076s step_avg:26.48ms
step:1779/3250 train_time:47.229s step_avg:26.55ms
step:1780/3250 train_time:47.384s step_avg:26.62ms
step:1781/3250 train_time:47.538s step_avg:26.69ms
step:1782/3250 train_time:47.691s step_avg:26.76ms
step:1783/3250 train_time:47.845s step_avg:26.83ms
step:1784/3250 train_time:48.001s step_avg:26.91ms
step:1785/3250 train_time:48.154s step_avg:26.98ms
step:1786/3250 train_time:48.308s step_avg:27.05ms
step:1787/3250 train_time:48.462s step_avg:27.12ms
step:1788/3250 train_time:48.616s step_avg:27.19ms
step:1789/3250 train_time:48.770s step_avg:27.26ms
step:1790/3250 train_time:48.923s step_avg:27.33ms
step:1791/3250 train_time:49.077s step_avg:27.40ms
step:1792/3250 train_time:49.231s step_avg:27.47ms
step:1793/3250 train_time:49.385s step_avg:27.54ms
step:1794/3250 train_time:49.538s step_avg:27.61ms
step:1795/3250 train_time:49.693s step_avg:27.68ms
step:1796/3250 train_time:49.848s step_avg:27.75ms
step:1797/3250 train_time:50.002s step_avg:27.83ms
step:1798/3250 train_time:50.156s step_avg:27.90ms
step:1799/3250 train_time:50.309s step_avg:27.96ms
step:1800/3250 train_time:50.462s step_avg:28.03ms
step:1801/3250 train_time:50.616s step_avg:28.10ms
step:1802/3250 train_time:50.769s step_avg:28.17ms
step:1803/3250 train_time:50.923s step_avg:28.24ms
step:1804/3250 train_time:51.078s step_avg:28.31ms
step:1805/3250 train_time:51.232s step_avg:28.38ms
step:1806/3250 train_time:51.386s step_avg:28.45ms
step:1807/3250 train_time:51.540s step_avg:28.52ms
step:1808/3250 train_time:51.694s step_avg:28.59ms
step:1809/3250 train_time:51.849s step_avg:28.66ms
step:1810/3250 train_time:52.002s step_avg:28.73ms
step:1811/3250 train_time:52.158s step_avg:28.80ms
step:1812/3250 train_time:52.311s step_avg:28.87ms
step:1813/3250 train_time:52.466s step_avg:28.94ms
step:1814/3250 train_time:52.619s step_avg:29.01ms
step:1815/3250 train_time:52.775s step_avg:29.08ms
step:1816/3250 train_time:52.928s step_avg:29.15ms
step:1817/3250 train_time:53.082s step_avg:29.21ms
step:1818/3250 train_time:53.238s step_avg:29.28ms
step:1819/3250 train_time:53.392s step_avg:29.35ms
step:1820/3250 train_time:53.546s step_avg:29.42ms
step:1821/3250 train_time:53.701s step_avg:29.49ms
step:1822/3250 train_time:53.856s step_avg:29.56ms
step:1823/3250 train_time:54.010s step_avg:29.63ms
step:1824/3250 train_time:54.165s step_avg:29.70ms
step:1825/3250 train_time:54.319s step_avg:29.76ms
step:1826/3250 train_time:54.473s step_avg:29.83ms
step:1827/3250 train_time:54.628s step_avg:29.90ms
step:1828/3250 train_time:54.783s step_avg:29.97ms
step:1829/3250 train_time:54.938s step_avg:30.04ms
step:1830/3250 train_time:55.092s step_avg:30.10ms
step:1831/3250 train_time:55.246s step_avg:30.17ms
step:1832/3250 train_time:55.401s step_avg:30.24ms
step:1833/3250 train_time:55.555s step_avg:30.31ms
step:1834/3250 train_time:55.709s step_avg:30.38ms
step:1835/3250 train_time:55.863s step_avg:30.44ms
step:1836/3250 train_time:56.017s step_avg:30.51ms
step:1837/3250 train_time:56.171s step_avg:30.58ms
step:1838/3250 train_time:56.325s step_avg:30.64ms
step:1839/3250 train_time:56.480s step_avg:30.71ms
step:1840/3250 train_time:56.633s step_avg:30.78ms
step:1841/3250 train_time:56.788s step_avg:30.85ms
step:1842/3250 train_time:56.941s step_avg:30.91ms
step:1843/3250 train_time:57.097s step_avg:30.98ms
step:1844/3250 train_time:57.250s step_avg:31.05ms
step:1845/3250 train_time:57.404s step_avg:31.11ms
step:1846/3250 train_time:57.558s step_avg:31.18ms
step:1847/3250 train_time:57.712s step_avg:31.25ms
step:1848/3250 train_time:57.867s step_avg:31.31ms
step:1849/3250 train_time:58.022s step_avg:31.38ms
step:1850/3250 train_time:58.178s step_avg:31.45ms
step:1851/3250 train_time:58.331s step_avg:31.51ms
step:1852/3250 train_time:58.485s step_avg:31.58ms
step:1853/3250 train_time:58.640s step_avg:31.65ms
step:1854/3250 train_time:58.794s step_avg:31.71ms
step:1855/3250 train_time:58.948s step_avg:31.78ms
step:1856/3250 train_time:59.101s step_avg:31.84ms
step:1857/3250 train_time:59.257s step_avg:31.91ms
step:1858/3250 train_time:59.410s step_avg:31.98ms
step:1859/3250 train_time:59.564s step_avg:32.04ms
step:1860/3250 train_time:59.718s step_avg:32.11ms
step:1861/3250 train_time:59.873s step_avg:32.17ms
step:1862/3250 train_time:60.027s step_avg:32.24ms
step:1863/3250 train_time:60.181s step_avg:32.30ms
step:1864/3250 train_time:60.335s step_avg:32.37ms
step:1865/3250 train_time:60.489s step_avg:32.43ms
step:1866/3250 train_time:60.643s step_avg:32.50ms
step:1867/3250 train_time:60.799s step_avg:32.57ms
step:1868/3250 train_time:60.953s step_avg:32.63ms
step:1869/3250 train_time:61.107s step_avg:32.69ms
step:1870/3250 train_time:61.261s step_avg:32.76ms
step:1871/3250 train_time:61.415s step_avg:32.82ms
step:1872/3250 train_time:61.569s step_avg:32.89ms
step:1873/3250 train_time:61.723s step_avg:32.95ms
step:1874/3250 train_time:61.879s step_avg:33.02ms
step:1875/3250 train_time:62.033s step_avg:33.08ms
step:1875/3250 val_loss:3.46990 train_time:62.045s step_avg:159.04ms
step:1876/3250 train_time:62.798s step_avg:33.47ms
step:1877/3250 train_time:62.937s step_avg:33.53ms
step:1878/3250 train_time:63.091s step_avg:33.59ms
step:1879/3250 train_time:63.243s step_avg:33.66ms
step:1880/3250 train_time:63.397s step_avg:33.72ms
step:1881/3250 train_time:63.550s step_avg:33.79ms
step:1882/3250 train_time:63.705s step_avg:33.85ms
step:1883/3250 train_time:63.858s step_avg:33.91ms
step:1884/3250 train_time:64.013s step_avg:33.98ms
step:1885/3250 train_time:64.166s step_avg:34.04ms
step:1886/3250 train_time:64.321s step_avg:34.10ms
step:1887/3250 train_time:64.475s step_avg:34.17ms
step:1888/3250 train_time:64.632s step_avg:34.23ms
step:1889/3250 train_time:64.787s step_avg:34.30ms
step:1890/3250 train_time:64.940s step_avg:34.36ms
step:1891/3250 train_time:65.094s step_avg:34.42ms
step:1892/3250 train_time:65.248s step_avg:34.49ms
step:1893/3250 train_time:65.402s step_avg:34.55ms
step:1894/3250 train_time:65.557s step_avg:34.61ms
step:1895/3250 train_time:65.711s step_avg:34.68ms
step:1896/3250 train_time:65.865s step_avg:34.74ms
step:1897/3250 train_time:66.019s step_avg:34.80ms
step:1898/3250 train_time:66.174s step_avg:34.87ms
step:1899/3250 train_time:66.329s step_avg:34.93ms
step:1900/3250 train_time:66.484s step_avg:34.99ms
step:1901/3250 train_time:66.676s step_avg:35.07ms
step:1902/3250 train_time:66.828s step_avg:35.14ms
step:1903/3250 train_time:66.982s step_avg:35.20ms
step:1904/3250 train_time:67.135s step_avg:35.26ms
step:1905/3250 train_time:67.289s step_avg:35.32ms
step:1906/3250 train_time:67.445s step_avg:35.39ms
step:1907/3250 train_time:67.602s step_avg:35.45ms
step:1908/3250 train_time:67.756s step_avg:35.51ms
step:1909/3250 train_time:67.911s step_avg:35.57ms
step:1910/3250 train_time:68.065s step_avg:35.64ms
step:1911/3250 train_time:68.218s step_avg:35.70ms
step:1912/3250 train_time:68.372s step_avg:35.76ms
step:1913/3250 train_time:68.529s step_avg:35.82ms
step:1914/3250 train_time:68.685s step_avg:35.89ms
step:1915/3250 train_time:68.839s step_avg:35.95ms
step:1916/3250 train_time:68.993s step_avg:36.01ms
step:1917/3250 train_time:69.147s step_avg:36.07ms
step:1918/3250 train_time:69.302s step_avg:36.13ms
step:1919/3250 train_time:69.456s step_avg:36.19ms
step:1920/3250 train_time:69.611s step_avg:36.26ms
step:1921/3250 train_time:69.766s step_avg:36.32ms
step:1922/3250 train_time:69.921s step_avg:36.38ms
step:1923/3250 train_time:70.075s step_avg:36.44ms
step:1924/3250 train_time:70.233s step_avg:36.50ms
step:1925/3250 train_time:70.388s step_avg:36.57ms
step:1926/3250 train_time:70.541s step_avg:36.63ms
step:1927/3250 train_time:70.695s step_avg:36.69ms
step:1928/3250 train_time:70.849s step_avg:36.75ms
step:1929/3250 train_time:71.004s step_avg:36.81ms
step:1930/3250 train_time:71.158s step_avg:36.87ms
step:1931/3250 train_time:71.312s step_avg:36.93ms
step:1932/3250 train_time:71.467s step_avg:36.99ms
step:1933/3250 train_time:71.621s step_avg:37.05ms
step:1934/3250 train_time:71.775s step_avg:37.11ms
step:1935/3250 train_time:71.929s step_avg:37.17ms
step:1936/3250 train_time:72.085s step_avg:37.23ms
step:1937/3250 train_time:72.239s step_avg:37.29ms
step:1938/3250 train_time:72.394s step_avg:37.36ms
step:1939/3250 train_time:72.550s step_avg:37.42ms
step:1940/3250 train_time:72.705s step_avg:37.48ms
step:1941/3250 train_time:72.858s step_avg:37.54ms
step:1942/3250 train_time:73.012s step_avg:37.60ms
step:1943/3250 train_time:73.166s step_avg:37.66ms
step:1944/3250 train_time:73.320s step_avg:37.72ms
step:1945/3250 train_time:73.475s step_avg:37.78ms
step:1946/3250 train_time:73.630s step_avg:37.84ms
step:1947/3250 train_time:73.786s step_avg:37.90ms
step:1948/3250 train_time:73.939s step_avg:37.96ms
step:1949/3250 train_time:74.094s step_avg:38.02ms
step:1950/3250 train_time:74.248s step_avg:38.08ms
step:1951/3250 train_time:74.402s step_avg:38.14ms
step:1952/3250 train_time:74.556s step_avg:38.19ms
step:1953/3250 train_time:74.710s step_avg:38.25ms
step:1954/3250 train_time:74.865s step_avg:38.31ms
step:1955/3250 train_time:75.019s step_avg:38.37ms
step:1956/3250 train_time:75.173s step_avg:38.43ms
step:1957/3250 train_time:75.329s step_avg:38.49ms
step:1958/3250 train_time:75.484s step_avg:38.55ms
step:1959/3250 train_time:75.638s step_avg:38.61ms
step:1960/3250 train_time:75.791s step_avg:38.67ms
step:1961/3250 train_time:75.946s step_avg:38.73ms
step:1962/3250 train_time:76.100s step_avg:38.79ms
step:1963/3250 train_time:76.254s step_avg:38.85ms
step:1964/3250 train_time:76.410s step_avg:38.91ms
step:1965/3250 train_time:76.567s step_avg:38.97ms
step:1966/3250 train_time:76.722s step_avg:39.02ms
step:1967/3250 train_time:76.875s step_avg:39.08ms
step:1968/3250 train_time:77.029s step_avg:39.14ms
step:1969/3250 train_time:77.183s step_avg:39.20ms
step:1970/3250 train_time:77.336s step_avg:39.26ms
step:1971/3250 train_time:77.490s step_avg:39.32ms
step:1972/3250 train_time:77.646s step_avg:39.37ms
step:1973/3250 train_time:77.801s step_avg:39.43ms
step:1974/3250 train_time:77.954s step_avg:39.49ms
step:1975/3250 train_time:78.109s step_avg:39.55ms
step:1976/3250 train_time:78.263s step_avg:39.61ms
step:1977/3250 train_time:78.417s step_avg:39.66ms
step:1978/3250 train_time:78.571s step_avg:39.72ms
step:1979/3250 train_time:78.726s step_avg:39.78ms
step:1980/3250 train_time:78.881s step_avg:39.84ms
step:1981/3250 train_time:79.035s step_avg:39.90ms
step:1982/3250 train_time:79.189s step_avg:39.95ms
step:1983/3250 train_time:79.342s step_avg:40.01ms
step:1984/3250 train_time:79.496s step_avg:40.07ms
step:1985/3250 train_time:79.650s step_avg:40.13ms
step:1986/3250 train_time:79.805s step_avg:40.18ms
step:1987/3250 train_time:79.959s step_avg:40.24ms
step:1988/3250 train_time:80.114s step_avg:40.30ms
step:1989/3250 train_time:80.267s step_avg:40.36ms
step:1990/3250 train_time:80.423s step_avg:40.41ms
step:1991/3250 train_time:80.577s step_avg:40.47ms
step:1992/3250 train_time:80.730s step_avg:40.53ms
step:1993/3250 train_time:80.885s step_avg:40.58ms
step:1994/3250 train_time:81.038s step_avg:40.64ms
step:1995/3250 train_time:81.192s step_avg:40.70ms
step:1996/3250 train_time:81.346s step_avg:40.75ms
step:1997/3250 train_time:81.501s step_avg:40.81ms
step:1998/3250 train_time:81.655s step_avg:40.87ms
step:1999/3250 train_time:81.809s step_avg:40.93ms
step:2000/3250 train_time:81.963s step_avg:40.98ms
step:2000/3250 val_loss:3.46260 train_time:81.975s step_avg:159.44ms
step:2001/3250 train_time:82.717s step_avg:41.34ms
step:2002/3250 train_time:82.858s step_avg:41.39ms
step:2003/3250 train_time:83.012s step_avg:41.44ms
step:2004/3250 train_time:83.164s step_avg:41.50ms
step:2005/3250 train_time:83.318s step_avg:41.56ms
step:2006/3250 train_time:83.471s step_avg:41.61ms
step:2007/3250 train_time:83.625s step_avg:41.67ms
step:2008/3250 train_time:83.780s step_avg:41.72ms
step:2009/3250 train_time:83.935s step_avg:41.78ms
step:2010/3250 train_time:84.088s step_avg:41.83ms
step:2011/3250 train_time:84.243s step_avg:41.89ms
step:2012/3250 train_time:84.396s step_avg:41.95ms
step:2013/3250 train_time:84.550s step_avg:42.00ms
step:2014/3250 train_time:84.704s step_avg:42.06ms
step:2015/3250 train_time:84.858s step_avg:42.11ms
step:2016/3250 train_time:85.013s step_avg:42.17ms
step:2017/3250 train_time:85.166s step_avg:42.22ms
step:2018/3250 train_time:85.320s step_avg:42.28ms
step:2019/3250 train_time:85.473s step_avg:42.33ms
step:2020/3250 train_time:85.627s step_avg:42.39ms
step:2021/3250 train_time:85.783s step_avg:42.45ms
step:2022/3250 train_time:85.937s step_avg:42.50ms
step:2023/3250 train_time:86.095s step_avg:42.56ms
step:2024/3250 train_time:86.250s step_avg:42.61ms
step:2025/3250 train_time:86.404s step_avg:42.67ms
step:2026/3250 train_time:86.558s step_avg:42.72ms
step:2027/3250 train_time:86.710s step_avg:42.78ms
step:2028/3250 train_time:86.864s step_avg:42.83ms
step:2029/3250 train_time:87.018s step_avg:42.89ms
step:2030/3250 train_time:87.173s step_avg:42.94ms
step:2031/3250 train_time:87.328s step_avg:43.00ms
step:2032/3250 train_time:87.483s step_avg:43.05ms
step:2033/3250 train_time:87.637s step_avg:43.11ms
step:2034/3250 train_time:87.790s step_avg:43.16ms
step:2035/3250 train_time:87.944s step_avg:43.22ms
step:2036/3250 train_time:88.098s step_avg:43.27ms
step:2037/3250 train_time:88.250s step_avg:43.32ms
step:2038/3250 train_time:88.404s step_avg:43.38ms
step:2039/3250 train_time:88.558s step_avg:43.43ms
step:2040/3250 train_time:88.713s step_avg:43.49ms
step:2041/3250 train_time:88.867s step_avg:43.54ms
step:2042/3250 train_time:89.021s step_avg:43.59ms
step:2043/3250 train_time:89.175s step_avg:43.65ms
step:2044/3250 train_time:89.330s step_avg:43.70ms
step:2045/3250 train_time:89.484s step_avg:43.76ms
step:2046/3250 train_time:89.638s step_avg:43.81ms
step:2047/3250 train_time:89.790s step_avg:43.86ms
step:2048/3250 train_time:89.946s step_avg:43.92ms
step:2049/3250 train_time:90.099s step_avg:43.97ms
step:2050/3250 train_time:90.254s step_avg:44.03ms
step:2051/3250 train_time:90.410s step_avg:44.08ms
step:2052/3250 train_time:90.563s step_avg:44.13ms
step:2053/3250 train_time:90.717s step_avg:44.19ms
step:2054/3250 train_time:90.872s step_avg:44.24ms
step:2055/3250 train_time:91.026s step_avg:44.30ms
step:2056/3250 train_time:91.181s step_avg:44.35ms
step:2057/3250 train_time:91.335s step_avg:44.40ms
step:2058/3250 train_time:91.489s step_avg:44.46ms
step:2059/3250 train_time:91.643s step_avg:44.51ms
step:2060/3250 train_time:91.798s step_avg:44.56ms
step:2061/3250 train_time:91.955s step_avg:44.62ms
step:2062/3250 train_time:92.109s step_avg:44.67ms
step:2063/3250 train_time:92.263s step_avg:44.72ms
step:2064/3250 train_time:92.419s step_avg:44.78ms
step:2065/3250 train_time:92.574s step_avg:44.83ms
step:2066/3250 train_time:92.727s step_avg:44.88ms
step:2067/3250 train_time:92.882s step_avg:44.94ms
step:2068/3250 train_time:93.038s step_avg:44.99ms
step:2069/3250 train_time:93.192s step_avg:45.04ms
step:2070/3250 train_time:93.345s step_avg:45.09ms
step:2071/3250 train_time:93.499s step_avg:45.15ms
step:2072/3250 train_time:93.654s step_avg:45.20ms
step:2073/3250 train_time:93.808s step_avg:45.25ms
step:2074/3250 train_time:93.962s step_avg:45.30ms
step:2075/3250 train_time:94.117s step_avg:45.36ms
step:2076/3250 train_time:94.270s step_avg:45.41ms
step:2077/3250 train_time:94.424s step_avg:45.46ms
step:2078/3250 train_time:94.578s step_avg:45.51ms
step:2079/3250 train_time:94.733s step_avg:45.57ms
step:2080/3250 train_time:94.887s step_avg:45.62ms
step:2081/3250 train_time:95.041s step_avg:45.67ms
step:2082/3250 train_time:95.195s step_avg:45.72ms
step:2083/3250 train_time:95.350s step_avg:45.78ms
step:2084/3250 train_time:95.504s step_avg:45.83ms
step:2085/3250 train_time:95.658s step_avg:45.88ms
step:2086/3250 train_time:95.812s step_avg:45.93ms
step:2087/3250 train_time:95.966s step_avg:45.98ms
step:2088/3250 train_time:96.120s step_avg:46.03ms
step:2089/3250 train_time:96.275s step_avg:46.09ms
step:2090/3250 train_time:96.429s step_avg:46.14ms
step:2091/3250 train_time:96.618s step_avg:46.21ms
step:2092/3250 train_time:96.772s step_avg:46.26ms
step:2093/3250 train_time:96.925s step_avg:46.31ms
step:2094/3250 train_time:97.078s step_avg:46.36ms
step:2095/3250 train_time:97.234s step_avg:46.41ms
step:2096/3250 train_time:97.387s step_avg:46.46ms
step:2097/3250 train_time:97.543s step_avg:46.52ms
step:2098/3250 train_time:97.698s step_avg:46.57ms
step:2099/3250 train_time:97.853s step_avg:46.62ms
step:2100/3250 train_time:98.006s step_avg:46.67ms
step:2101/3250 train_time:98.159s step_avg:46.72ms
step:2102/3250 train_time:98.314s step_avg:46.77ms
step:2103/3250 train_time:98.466s step_avg:46.82ms
step:2104/3250 train_time:98.621s step_avg:46.87ms
step:2105/3250 train_time:98.774s step_avg:46.92ms
step:2106/3250 train_time:98.930s step_avg:46.98ms
step:2107/3250 train_time:99.083s step_avg:47.03ms
step:2108/3250 train_time:99.238s step_avg:47.08ms
step:2109/3250 train_time:99.392s step_avg:47.13ms
step:2110/3250 train_time:99.548s step_avg:47.18ms
step:2111/3250 train_time:99.702s step_avg:47.23ms
step:2112/3250 train_time:99.856s step_avg:47.28ms
step:2113/3250 train_time:100.011s step_avg:47.33ms
step:2114/3250 train_time:100.165s step_avg:47.38ms
step:2115/3250 train_time:100.320s step_avg:47.43ms
step:2116/3250 train_time:100.474s step_avg:47.48ms
step:2117/3250 train_time:100.630s step_avg:47.53ms
step:2118/3250 train_time:100.784s step_avg:47.58ms
step:2119/3250 train_time:100.939s step_avg:47.64ms
step:2120/3250 train_time:101.093s step_avg:47.69ms
step:2121/3250 train_time:101.247s step_avg:47.74ms
step:2122/3250 train_time:101.402s step_avg:47.79ms
step:2123/3250 train_time:101.556s step_avg:47.84ms
step:2124/3250 train_time:101.710s step_avg:47.89ms
step:2125/3250 train_time:101.865s step_avg:47.94ms
step:2125/3250 val_loss:3.45800 train_time:101.877s step_avg:159.21ms
step:2126/3250 train_time:102.648s step_avg:48.28ms
step:2127/3250 train_time:102.788s step_avg:48.33ms
step:2128/3250 train_time:102.943s step_avg:48.38ms
step:2129/3250 train_time:103.096s step_avg:48.42ms
step:2130/3250 train_time:103.251s step_avg:48.47ms
step:2131/3250 train_time:103.405s step_avg:48.52ms
step:2132/3250 train_time:103.558s step_avg:48.57ms
step:2133/3250 train_time:103.712s step_avg:48.62ms
step:2134/3250 train_time:103.866s step_avg:48.67ms
step:2135/3250 train_time:104.020s step_avg:48.72ms
step:2136/3250 train_time:104.174s step_avg:48.77ms
step:2137/3250 train_time:104.327s step_avg:48.82ms
step:2138/3250 train_time:104.481s step_avg:48.87ms
step:2139/3250 train_time:104.634s step_avg:48.92ms
step:2140/3250 train_time:104.788s step_avg:48.97ms
step:2141/3250 train_time:104.944s step_avg:49.02ms
step:2142/3250 train_time:105.096s step_avg:49.06ms
step:2143/3250 train_time:105.250s step_avg:49.11ms
step:2144/3250 train_time:105.404s step_avg:49.16ms
step:2145/3250 train_time:105.558s step_avg:49.21ms
step:2146/3250 train_time:105.712s step_avg:49.26ms
step:2147/3250 train_time:105.868s step_avg:49.31ms
step:2148/3250 train_time:106.022s step_avg:49.36ms
step:2149/3250 train_time:106.175s step_avg:49.41ms
step:2150/3250 train_time:106.329s step_avg:49.46ms
step:2151/3250 train_time:106.484s step_avg:49.50ms
step:2152/3250 train_time:106.638s step_avg:49.55ms
step:2153/3250 train_time:106.792s step_avg:49.60ms
step:2154/3250 train_time:106.946s step_avg:49.65ms
step:2155/3250 train_time:107.100s step_avg:49.70ms
step:2156/3250 train_time:107.254s step_avg:49.75ms
step:2157/3250 train_time:107.407s step_avg:49.79ms
step:2158/3250 train_time:107.562s step_avg:49.84ms
step:2159/3250 train_time:107.715s step_avg:49.89ms
step:2160/3250 train_time:107.869s step_avg:49.94ms
step:2161/3250 train_time:108.025s step_avg:49.99ms
step:2162/3250 train_time:108.180s step_avg:50.04ms
step:2163/3250 train_time:108.333s step_avg:50.08ms
step:2164/3250 train_time:108.488s step_avg:50.13ms
step:2165/3250 train_time:108.643s step_avg:50.18ms
step:2166/3250 train_time:108.796s step_avg:50.23ms
step:2167/3250 train_time:108.950s step_avg:50.28ms
step:2168/3250 train_time:109.105s step_avg:50.33ms
step:2169/3250 train_time:109.260s step_avg:50.37ms
step:2170/3250 train_time:109.414s step_avg:50.42ms
step:2171/3250 train_time:109.568s step_avg:50.47ms
step:2172/3250 train_time:109.725s step_avg:50.52ms
step:2173/3250 train_time:109.878s step_avg:50.57ms
step:2174/3250 train_time:110.032s step_avg:50.61ms
step:2175/3250 train_time:110.186s step_avg:50.66ms
step:2176/3250 train_time:110.342s step_avg:50.71ms
step:2177/3250 train_time:110.494s step_avg:50.76ms
step:2178/3250 train_time:110.648s step_avg:50.80ms
step:2179/3250 train_time:110.804s step_avg:50.85ms
step:2180/3250 train_time:110.958s step_avg:50.90ms
step:2181/3250 train_time:111.111s step_avg:50.95ms
step:2182/3250 train_time:111.266s step_avg:50.99ms
step:2183/3250 train_time:111.421s step_avg:51.04ms
step:2184/3250 train_time:111.574s step_avg:51.09ms
step:2185/3250 train_time:111.728s step_avg:51.13ms
step:2186/3250 train_time:111.884s step_avg:51.18ms
step:2187/3250 train_time:112.038s step_avg:51.23ms
step:2188/3250 train_time:112.191s step_avg:51.28ms
step:2189/3250 train_time:112.346s step_avg:51.32ms
step:2190/3250 train_time:112.500s step_avg:51.37ms
step:2191/3250 train_time:112.653s step_avg:51.42ms
step:2192/3250 train_time:112.808s step_avg:51.46ms
step:2193/3250 train_time:112.964s step_avg:51.51ms
step:2194/3250 train_time:113.117s step_avg:51.56ms
step:2195/3250 train_time:113.272s step_avg:51.60ms
step:2196/3250 train_time:113.427s step_avg:51.65ms
step:2197/3250 train_time:113.582s step_avg:51.70ms
step:2198/3250 train_time:113.737s step_avg:51.75ms
step:2199/3250 train_time:113.890s step_avg:51.79ms
step:2200/3250 train_time:114.045s step_avg:51.84ms
step:2201/3250 train_time:114.199s step_avg:51.89ms
step:2202/3250 train_time:114.353s step_avg:51.93ms
step:2203/3250 train_time:114.507s step_avg:51.98ms
step:2204/3250 train_time:114.662s step_avg:52.02ms
step:2205/3250 train_time:114.816s step_avg:52.07ms
step:2206/3250 train_time:114.970s step_avg:52.12ms
step:2207/3250 train_time:115.125s step_avg:52.16ms
step:2208/3250 train_time:115.279s step_avg:52.21ms
step:2209/3250 train_time:115.434s step_avg:52.26ms
step:2210/3250 train_time:115.588s step_avg:52.30ms
step:2211/3250 train_time:115.744s step_avg:52.35ms
step:2212/3250 train_time:115.897s step_avg:52.39ms
step:2213/3250 train_time:116.050s step_avg:52.44ms
step:2214/3250 train_time:116.205s step_avg:52.49ms
step:2215/3250 train_time:116.360s step_avg:52.53ms
step:2216/3250 train_time:116.515s step_avg:52.58ms
step:2217/3250 train_time:116.669s step_avg:52.62ms
step:2218/3250 train_time:116.824s step_avg:52.67ms
step:2219/3250 train_time:116.978s step_avg:52.72ms
step:2220/3250 train_time:117.131s step_avg:52.76ms
step:2221/3250 train_time:117.286s step_avg:52.81ms
step:2222/3250 train_time:117.441s step_avg:52.85ms
step:2223/3250 train_time:117.596s step_avg:52.90ms
step:2224/3250 train_time:117.750s step_avg:52.95ms
step:2225/3250 train_time:117.905s step_avg:52.99ms
step:2226/3250 train_time:118.058s step_avg:53.04ms
step:2227/3250 train_time:118.213s step_avg:53.08ms
step:2228/3250 train_time:118.366s step_avg:53.13ms
step:2229/3250 train_time:118.522s step_avg:53.17ms
step:2230/3250 train_time:118.675s step_avg:53.22ms
step:2231/3250 train_time:118.828s step_avg:53.26ms
step:2232/3250 train_time:118.984s step_avg:53.31ms
step:2233/3250 train_time:119.139s step_avg:53.35ms
step:2234/3250 train_time:119.293s step_avg:53.40ms
step:2235/3250 train_time:119.448s step_avg:53.44ms
step:2236/3250 train_time:119.603s step_avg:53.49ms
step:2237/3250 train_time:119.757s step_avg:53.53ms
step:2238/3250 train_time:119.911s step_avg:53.58ms
step:2239/3250 train_time:120.066s step_avg:53.62ms
step:2240/3250 train_time:120.221s step_avg:53.67ms
step:2241/3250 train_time:120.374s step_avg:53.71ms
step:2242/3250 train_time:120.528s step_avg:53.76ms
step:2243/3250 train_time:120.685s step_avg:53.81ms
step:2244/3250 train_time:120.839s step_avg:53.85ms
step:2245/3250 train_time:120.993s step_avg:53.89ms
step:2246/3250 train_time:121.147s step_avg:53.94ms
step:2247/3250 train_time:121.302s step_avg:53.98ms
step:2248/3250 train_time:121.455s step_avg:54.03ms
step:2249/3250 train_time:121.608s step_avg:54.07ms
step:2250/3250 train_time:121.765s step_avg:54.12ms
step:2250/3250 val_loss:3.45571 train_time:121.777s step_avg:159.20ms
step:2251/3250 train_time:122.516s step_avg:54.43ms
step:2252/3250 train_time:122.655s step_avg:54.46ms
step:2253/3250 train_time:122.808s step_avg:54.51ms
step:2254/3250 train_time:122.962s step_avg:54.55ms
step:2255/3250 train_time:123.117s step_avg:54.60ms
step:2256/3250 train_time:123.270s step_avg:54.64ms
step:2257/3250 train_time:123.424s step_avg:54.68ms
step:2258/3250 train_time:123.578s step_avg:54.73ms
step:2259/3250 train_time:123.732s step_avg:54.77ms
step:2260/3250 train_time:123.885s step_avg:54.82ms
step:2261/3250 train_time:124.039s step_avg:54.86ms
step:2262/3250 train_time:124.194s step_avg:54.90ms
step:2263/3250 train_time:124.347s step_avg:54.95ms
step:2264/3250 train_time:124.501s step_avg:54.99ms
step:2265/3250 train_time:124.654s step_avg:55.03ms
step:2266/3250 train_time:124.808s step_avg:55.08ms
step:2267/3250 train_time:124.961s step_avg:55.12ms
step:2268/3250 train_time:125.117s step_avg:55.17ms
step:2269/3250 train_time:125.272s step_avg:55.21ms
step:2270/3250 train_time:125.425s step_avg:55.25ms
step:2271/3250 train_time:125.580s step_avg:55.30ms
step:2272/3250 train_time:125.734s step_avg:55.34ms
step:2273/3250 train_time:125.886s step_avg:55.38ms
step:2274/3250 train_time:126.039s step_avg:55.43ms
step:2275/3250 train_time:126.195s step_avg:55.47ms
step:2276/3250 train_time:126.349s step_avg:55.51ms
step:2277/3250 train_time:126.503s step_avg:55.56ms
step:2278/3250 train_time:126.657s step_avg:55.60ms
step:2279/3250 train_time:126.813s step_avg:55.64ms
step:2280/3250 train_time:126.967s step_avg:55.69ms
step:2281/3250 train_time:127.155s step_avg:55.75ms
step:2282/3250 train_time:127.309s step_avg:55.79ms
step:2283/3250 train_time:127.465s step_avg:55.83ms
step:2284/3250 train_time:127.617s step_avg:55.87ms
step:2285/3250 train_time:127.772s step_avg:55.92ms
step:2286/3250 train_time:127.925s step_avg:55.96ms
step:2287/3250 train_time:128.080s step_avg:56.00ms
step:2288/3250 train_time:128.234s step_avg:56.05ms
step:2289/3250 train_time:128.389s step_avg:56.09ms
step:2290/3250 train_time:128.543s step_avg:56.13ms
step:2291/3250 train_time:128.699s step_avg:56.18ms
step:2292/3250 train_time:128.854s step_avg:56.22ms
step:2293/3250 train_time:129.008s step_avg:56.26ms
step:2294/3250 train_time:129.162s step_avg:56.30ms
step:2295/3250 train_time:129.318s step_avg:56.35ms
step:2296/3250 train_time:129.473s step_avg:56.39ms
step:2297/3250 train_time:129.626s step_avg:56.43ms
step:2298/3250 train_time:129.780s step_avg:56.48ms
step:2299/3250 train_time:129.934s step_avg:56.52ms
step:2300/3250 train_time:130.088s step_avg:56.56ms
step:2301/3250 train_time:130.242s step_avg:56.60ms
step:2302/3250 train_time:130.397s step_avg:56.65ms
step:2303/3250 train_time:130.551s step_avg:56.69ms
step:2304/3250 train_time:130.705s step_avg:56.73ms
step:2305/3250 train_time:130.858s step_avg:56.77ms
step:2306/3250 train_time:131.014s step_avg:56.81ms
step:2307/3250 train_time:131.169s step_avg:56.86ms
step:2308/3250 train_time:131.322s step_avg:56.90ms
step:2309/3250 train_time:131.477s step_avg:56.94ms
step:2310/3250 train_time:131.630s step_avg:56.98ms
step:2311/3250 train_time:131.784s step_avg:57.02ms
step:2312/3250 train_time:131.938s step_avg:57.07ms
step:2313/3250 train_time:132.092s step_avg:57.11ms
step:2314/3250 train_time:132.245s step_avg:57.15ms
step:2315/3250 train_time:132.399s step_avg:57.19ms
step:2316/3250 train_time:132.554s step_avg:57.23ms
step:2317/3250 train_time:132.709s step_avg:57.28ms
step:2318/3250 train_time:132.863s step_avg:57.32ms
step:2319/3250 train_time:133.017s step_avg:57.36ms
step:2320/3250 train_time:133.172s step_avg:57.40ms
step:2321/3250 train_time:133.325s step_avg:57.44ms
step:2322/3250 train_time:133.479s step_avg:57.48ms
step:2323/3250 train_time:133.633s step_avg:57.53ms
step:2324/3250 train_time:133.787s step_avg:57.57ms
step:2325/3250 train_time:133.941s step_avg:57.61ms
step:2326/3250 train_time:134.096s step_avg:57.65ms
step:2327/3250 train_time:134.250s step_avg:57.69ms
step:2328/3250 train_time:134.404s step_avg:57.73ms
step:2329/3250 train_time:134.558s step_avg:57.77ms
step:2330/3250 train_time:134.713s step_avg:57.82ms
step:2331/3250 train_time:134.866s step_avg:57.86ms
step:2332/3250 train_time:135.020s step_avg:57.90ms
step:2333/3250 train_time:135.175s step_avg:57.94ms
step:2334/3250 train_time:135.328s step_avg:57.98ms
step:2335/3250 train_time:135.482s step_avg:58.02ms
step:2336/3250 train_time:135.636s step_avg:58.06ms
step:2337/3250 train_time:135.790s step_avg:58.10ms
step:2338/3250 train_time:135.944s step_avg:58.15ms
step:2339/3250 train_time:136.099s step_avg:58.19ms
step:2340/3250 train_time:136.254s step_avg:58.23ms
step:2341/3250 train_time:136.409s step_avg:58.27ms
step:2342/3250 train_time:136.562s step_avg:58.31ms
step:2343/3250 train_time:136.717s step_avg:58.35ms
step:2344/3250 train_time:136.870s step_avg:58.39ms
step:2345/3250 train_time:137.023s step_avg:58.43ms
step:2346/3250 train_time:137.178s step_avg:58.47ms
step:2347/3250 train_time:137.333s step_avg:58.51ms
step:2348/3250 train_time:137.488s step_avg:58.56ms
step:2349/3250 train_time:137.643s step_avg:58.60ms
step:2350/3250 train_time:137.798s step_avg:58.64ms
step:2351/3250 train_time:137.952s step_avg:58.68ms
step:2352/3250 train_time:138.105s step_avg:58.72ms
step:2353/3250 train_time:138.258s step_avg:58.76ms
step:2354/3250 train_time:138.413s step_avg:58.80ms
step:2355/3250 train_time:138.567s step_avg:58.84ms
step:2356/3250 train_time:138.721s step_avg:58.88ms
step:2357/3250 train_time:138.876s step_avg:58.92ms
step:2358/3250 train_time:139.029s step_avg:58.96ms
step:2359/3250 train_time:139.183s step_avg:59.00ms
step:2360/3250 train_time:139.338s step_avg:59.04ms
step:2361/3250 train_time:139.493s step_avg:59.08ms
step:2362/3250 train_time:139.647s step_avg:59.12ms
step:2363/3250 train_time:139.800s step_avg:59.16ms
step:2364/3250 train_time:139.954s step_avg:59.20ms
step:2365/3250 train_time:140.108s step_avg:59.24ms
step:2366/3250 train_time:140.261s step_avg:59.28ms
step:2367/3250 train_time:140.417s step_avg:59.32ms
step:2368/3250 train_time:140.571s step_avg:59.36ms
step:2369/3250 train_time:140.725s step_avg:59.40ms
step:2370/3250 train_time:140.880s step_avg:59.44ms
step:2371/3250 train_time:141.034s step_avg:59.48ms
step:2372/3250 train_time:141.188s step_avg:59.52ms
step:2373/3250 train_time:141.341s step_avg:59.56ms
step:2374/3250 train_time:141.496s step_avg:59.60ms
step:2375/3250 train_time:141.651s step_avg:59.64ms
step:2375/3250 val_loss:3.45388 train_time:141.662s step_avg:159.09ms
step:2376/3250 train_time:142.409s step_avg:59.94ms
step:2377/3250 train_time:142.548s step_avg:59.97ms
step:2378/3250 train_time:142.700s step_avg:60.01ms
step:2379/3250 train_time:142.853s step_avg:60.05ms
step:2380/3250 train_time:143.007s step_avg:60.09ms
step:2381/3250 train_time:143.160s step_avg:60.13ms
step:2382/3250 train_time:143.314s step_avg:60.17ms
step:2383/3250 train_time:143.470s step_avg:60.21ms
step:2384/3250 train_time:143.625s step_avg:60.25ms
step:2385/3250 train_time:143.779s step_avg:60.28ms
step:2386/3250 train_time:143.933s step_avg:60.32ms
step:2387/3250 train_time:144.086s step_avg:60.36ms
step:2388/3250 train_time:144.240s step_avg:60.40ms
step:2389/3250 train_time:144.394s step_avg:60.44ms
step:2390/3250 train_time:144.548s step_avg:60.48ms
step:2391/3250 train_time:144.701s step_avg:60.52ms
step:2392/3250 train_time:144.854s step_avg:60.56ms
step:2393/3250 train_time:145.009s step_avg:60.60ms
step:2394/3250 train_time:145.162s step_avg:60.64ms
step:2395/3250 train_time:145.315s step_avg:60.67ms
step:2396/3250 train_time:145.470s step_avg:60.71ms
step:2397/3250 train_time:145.626s step_avg:60.75ms
step:2398/3250 train_time:145.779s step_avg:60.79ms
step:2399/3250 train_time:145.933s step_avg:60.83ms
step:2400/3250 train_time:146.086s step_avg:60.87ms
step:2401/3250 train_time:146.240s step_avg:60.91ms
step:2402/3250 train_time:146.393s step_avg:60.95ms
step:2403/3250 train_time:146.548s step_avg:60.99ms
step:2404/3250 train_time:146.704s step_avg:61.02ms
step:2405/3250 train_time:146.857s step_avg:61.06ms
step:2406/3250 train_time:147.011s step_avg:61.10ms
step:2407/3250 train_time:147.165s step_avg:61.14ms
step:2408/3250 train_time:147.320s step_avg:61.18ms
step:2409/3250 train_time:147.474s step_avg:61.22ms
step:2410/3250 train_time:147.628s step_avg:61.26ms
step:2411/3250 train_time:147.780s step_avg:61.29ms
step:2412/3250 train_time:147.934s step_avg:61.33ms
step:2413/3250 train_time:148.089s step_avg:61.37ms
step:2414/3250 train_time:148.245s step_avg:61.41ms
step:2415/3250 train_time:148.398s step_avg:61.45ms
step:2416/3250 train_time:148.552s step_avg:61.49ms
step:2417/3250 train_time:148.706s step_avg:61.53ms
step:2418/3250 train_time:148.860s step_avg:61.56ms
step:2419/3250 train_time:149.014s step_avg:61.60ms
step:2420/3250 train_time:149.167s step_avg:61.64ms
step:2421/3250 train_time:149.322s step_avg:61.68ms
step:2422/3250 train_time:149.475s step_avg:61.72ms
step:2423/3250 train_time:149.629s step_avg:61.75ms
step:2424/3250 train_time:149.784s step_avg:61.79ms
step:2425/3250 train_time:149.938s step_avg:61.83ms
step:2426/3250 train_time:150.092s step_avg:61.87ms
step:2427/3250 train_time:150.247s step_avg:61.91ms
step:2428/3250 train_time:150.401s step_avg:61.94ms
step:2429/3250 train_time:150.554s step_avg:61.98ms
step:2430/3250 train_time:150.709s step_avg:62.02ms
step:2431/3250 train_time:150.862s step_avg:62.06ms
step:2432/3250 train_time:151.017s step_avg:62.10ms
step:2433/3250 train_time:151.170s step_avg:62.13ms
step:2434/3250 train_time:151.325s step_avg:62.17ms
step:2435/3250 train_time:151.479s step_avg:62.21ms
step:2436/3250 train_time:151.633s step_avg:62.25ms
step:2437/3250 train_time:151.787s step_avg:62.28ms
step:2438/3250 train_time:151.943s step_avg:62.32ms
step:2439/3250 train_time:152.097s step_avg:62.36ms
step:2440/3250 train_time:152.251s step_avg:62.40ms
step:2441/3250 train_time:152.404s step_avg:62.43ms
step:2442/3250 train_time:152.557s step_avg:62.47ms
step:2443/3250 train_time:152.711s step_avg:62.51ms
step:2444/3250 train_time:152.865s step_avg:62.55ms
step:2445/3250 train_time:153.019s step_avg:62.58ms
step:2446/3250 train_time:153.174s step_avg:62.62ms
step:2447/3250 train_time:153.329s step_avg:62.66ms
step:2448/3250 train_time:153.484s step_avg:62.70ms
step:2449/3250 train_time:153.638s step_avg:62.74ms
step:2450/3250 train_time:153.792s step_avg:62.77ms
step:2451/3250 train_time:153.946s step_avg:62.81ms
step:2452/3250 train_time:154.099s step_avg:62.85ms
step:2453/3250 train_time:154.252s step_avg:62.88ms
step:2454/3250 train_time:154.407s step_avg:62.92ms
step:2455/3250 train_time:154.563s step_avg:62.96ms
step:2456/3250 train_time:154.717s step_avg:63.00ms
step:2457/3250 train_time:154.870s step_avg:63.03ms
step:2458/3250 train_time:155.028s step_avg:63.07ms
step:2459/3250 train_time:155.184s step_avg:63.11ms
step:2460/3250 train_time:155.337s step_avg:63.14ms
step:2461/3250 train_time:155.490s step_avg:63.18ms
step:2462/3250 train_time:155.649s step_avg:63.22ms
step:2463/3250 train_time:155.803s step_avg:63.26ms
step:2464/3250 train_time:155.957s step_avg:63.29ms
step:2465/3250 train_time:156.111s step_avg:63.33ms
step:2466/3250 train_time:156.264s step_avg:63.37ms
step:2467/3250 train_time:156.418s step_avg:63.40ms
step:2468/3250 train_time:156.572s step_avg:63.44ms
step:2469/3250 train_time:156.726s step_avg:63.48ms
step:2470/3250 train_time:156.879s step_avg:63.51ms
step:2471/3250 train_time:157.074s step_avg:63.57ms
step:2472/3250 train_time:157.229s step_avg:63.60ms
step:2473/3250 train_time:157.382s step_avg:63.64ms
step:2474/3250 train_time:157.535s step_avg:63.68ms
step:2475/3250 train_time:157.690s step_avg:63.71ms
step:2476/3250 train_time:157.846s step_avg:63.75ms
step:2477/3250 train_time:158.001s step_avg:63.79ms
step:2478/3250 train_time:158.156s step_avg:63.82ms
step:2479/3250 train_time:158.310s step_avg:63.86ms
step:2480/3250 train_time:158.463s step_avg:63.90ms
step:2481/3250 train_time:158.617s step_avg:63.93ms
step:2482/3250 train_time:158.770s step_avg:63.97ms
step:2483/3250 train_time:158.926s step_avg:64.01ms
step:2484/3250 train_time:159.081s step_avg:64.04ms
step:2485/3250 train_time:159.234s step_avg:64.08ms
step:2486/3250 train_time:159.389s step_avg:64.11ms
step:2487/3250 train_time:159.546s step_avg:64.15ms
step:2488/3250 train_time:159.699s step_avg:64.19ms
step:2489/3250 train_time:159.852s step_avg:64.22ms
step:2490/3250 train_time:160.007s step_avg:64.26ms
step:2491/3250 train_time:160.161s step_avg:64.30ms
step:2492/3250 train_time:160.315s step_avg:64.33ms
step:2493/3250 train_time:160.468s step_avg:64.37ms
step:2494/3250 train_time:160.624s step_avg:64.40ms
step:2495/3250 train_time:160.779s step_avg:64.44ms
step:2496/3250 train_time:160.933s step_avg:64.48ms
step:2497/3250 train_time:161.088s step_avg:64.51ms
step:2498/3250 train_time:161.243s step_avg:64.55ms
step:2499/3250 train_time:161.396s step_avg:64.58ms
step:2500/3250 train_time:161.550s step_avg:64.62ms
step:2500/3250 val_loss:3.44957 train_time:161.562s step_avg:159.19ms
step:2501/3250 train_time:162.314s step_avg:64.90ms
step:2502/3250 train_time:162.454s step_avg:64.93ms
step:2503/3250 train_time:162.606s step_avg:64.96ms
step:2504/3250 train_time:162.761s step_avg:65.00ms
step:2505/3250 train_time:162.913s step_avg:65.04ms
step:2506/3250 train_time:163.067s step_avg:65.07ms
step:2507/3250 train_time:163.219s step_avg:65.11ms
step:2508/3250 train_time:163.377s step_avg:65.14ms
step:2509/3250 train_time:163.532s step_avg:65.18ms
step:2510/3250 train_time:163.687s step_avg:65.21ms
step:2511/3250 train_time:163.841s step_avg:65.25ms
step:2512/3250 train_time:163.995s step_avg:65.28ms
step:2513/3250 train_time:164.150s step_avg:65.32ms
step:2514/3250 train_time:164.303s step_avg:65.36ms
step:2515/3250 train_time:164.457s step_avg:65.39ms
step:2516/3250 train_time:164.612s step_avg:65.43ms
step:2517/3250 train_time:164.766s step_avg:65.46ms
step:2518/3250 train_time:164.922s step_avg:65.50ms
step:2519/3250 train_time:165.076s step_avg:65.53ms
step:2520/3250 train_time:165.231s step_avg:65.57ms
step:2521/3250 train_time:165.385s step_avg:65.60ms
step:2522/3250 train_time:165.539s step_avg:65.64ms
step:2523/3250 train_time:165.695s step_avg:65.67ms
step:2524/3250 train_time:165.850s step_avg:65.71ms
step:2525/3250 train_time:166.003s step_avg:65.74ms
step:2526/3250 train_time:166.157s step_avg:65.78ms
step:2527/3250 train_time:166.312s step_avg:65.81ms
step:2528/3250 train_time:166.466s step_avg:65.85ms
step:2529/3250 train_time:166.624s step_avg:65.89ms
step:2530/3250 train_time:166.777s step_avg:65.92ms
step:2531/3250 train_time:166.933s step_avg:65.96ms
step:2532/3250 train_time:167.086s step_avg:65.99ms
step:2533/3250 train_time:167.241s step_avg:66.02ms
step:2534/3250 train_time:167.395s step_avg:66.06ms
step:2535/3250 train_time:167.550s step_avg:66.09ms
step:2536/3250 train_time:167.703s step_avg:66.13ms
step:2537/3250 train_time:167.857s step_avg:66.16ms
step:2538/3250 train_time:168.013s step_avg:66.20ms
step:2539/3250 train_time:168.167s step_avg:66.23ms
step:2540/3250 train_time:168.322s step_avg:66.27ms
step:2541/3250 train_time:168.476s step_avg:66.30ms
step:2542/3250 train_time:168.631s step_avg:66.34ms
step:2543/3250 train_time:168.784s step_avg:66.37ms
step:2544/3250 train_time:168.937s step_avg:66.41ms
step:2545/3250 train_time:169.092s step_avg:66.44ms
step:2546/3250 train_time:169.246s step_avg:66.48ms
step:2547/3250 train_time:169.400s step_avg:66.51ms
step:2548/3250 train_time:169.556s step_avg:66.54ms
step:2549/3250 train_time:169.711s step_avg:66.58ms
step:2550/3250 train_time:169.864s step_avg:66.61ms
step:2551/3250 train_time:170.018s step_avg:66.65ms
step:2552/3250 train_time:170.174s step_avg:66.68ms
step:2553/3250 train_time:170.328s step_avg:66.72ms
step:2554/3250 train_time:170.482s step_avg:66.75ms
step:2555/3250 train_time:170.636s step_avg:66.79ms
step:2556/3250 train_time:170.790s step_avg:66.82ms
step:2557/3250 train_time:170.943s step_avg:66.85ms
step:2558/3250 train_time:171.097s step_avg:66.89ms
step:2559/3250 train_time:171.252s step_avg:66.92ms
step:2560/3250 train_time:171.406s step_avg:66.96ms
step:2561/3250 train_time:171.559s step_avg:66.99ms
step:2562/3250 train_time:171.713s step_avg:67.02ms
step:2563/3250 train_time:171.867s step_avg:67.06ms
step:2564/3250 train_time:172.022s step_avg:67.09ms
step:2565/3250 train_time:172.176s step_avg:67.13ms
step:2566/3250 train_time:172.331s step_avg:67.16ms
step:2567/3250 train_time:172.485s step_avg:67.19ms
step:2568/3250 train_time:172.638s step_avg:67.23ms
step:2569/3250 train_time:172.792s step_avg:67.26ms
step:2570/3250 train_time:172.946s step_avg:67.29ms
step:2571/3250 train_time:173.100s step_avg:67.33ms
step:2572/3250 train_time:173.255s step_avg:67.36ms
step:2573/3250 train_time:173.410s step_avg:67.40ms
step:2574/3250 train_time:173.564s step_avg:67.43ms
step:2575/3250 train_time:173.719s step_avg:67.46ms
step:2576/3250 train_time:173.875s step_avg:67.50ms
step:2577/3250 train_time:174.029s step_avg:67.53ms
step:2578/3250 train_time:174.183s step_avg:67.57ms
step:2579/3250 train_time:174.337s step_avg:67.60ms
step:2580/3250 train_time:174.491s step_avg:67.63ms
step:2581/3250 train_time:174.645s step_avg:67.67ms
step:2582/3250 train_time:174.799s step_avg:67.70ms
step:2583/3250 train_time:174.955s step_avg:67.73ms
step:2584/3250 train_time:175.109s step_avg:67.77ms
step:2585/3250 train_time:175.263s step_avg:67.80ms
step:2586/3250 train_time:175.417s step_avg:67.83ms
step:2587/3250 train_time:175.573s step_avg:67.87ms
step:2588/3250 train_time:175.728s step_avg:67.90ms
step:2589/3250 train_time:175.882s step_avg:67.93ms
step:2590/3250 train_time:176.037s step_avg:67.97ms
step:2591/3250 train_time:176.191s step_avg:68.00ms
step:2592/3250 train_time:176.345s step_avg:68.03ms
step:2593/3250 train_time:176.498s step_avg:68.07ms
step:2594/3250 train_time:176.654s step_avg:68.10ms
step:2595/3250 train_time:176.807s step_avg:68.13ms
step:2596/3250 train_time:176.964s step_avg:68.17ms
step:2597/3250 train_time:177.117s step_avg:68.20ms
step:2598/3250 train_time:177.272s step_avg:68.23ms
step:2599/3250 train_time:177.425s step_avg:68.27ms
step:2600/3250 train_time:177.579s step_avg:68.30ms
step:2601/3250 train_time:177.733s step_avg:68.33ms
step:2602/3250 train_time:177.887s step_avg:68.37ms
step:2603/3250 train_time:178.040s step_avg:68.40ms
step:2604/3250 train_time:178.195s step_avg:68.43ms
step:2605/3250 train_time:178.350s step_avg:68.46ms
step:2606/3250 train_time:178.504s step_avg:68.50ms
step:2607/3250 train_time:178.658s step_avg:68.53ms
step:2608/3250 train_time:178.814s step_avg:68.56ms
step:2609/3250 train_time:178.968s step_avg:68.60ms
step:2610/3250 train_time:179.122s step_avg:68.63ms
step:2611/3250 train_time:179.276s step_avg:68.66ms
step:2612/3250 train_time:179.431s step_avg:68.69ms
step:2613/3250 train_time:179.584s step_avg:68.73ms
step:2614/3250 train_time:179.738s step_avg:68.76ms
step:2615/3250 train_time:179.891s step_avg:68.79ms
step:2616/3250 train_time:180.045s step_avg:68.82ms
step:2617/3250 train_time:180.198s step_avg:68.86ms
step:2618/3250 train_time:180.355s step_avg:68.89ms
step:2619/3250 train_time:180.510s step_avg:68.92ms
step:2620/3250 train_time:180.664s step_avg:68.96ms
step:2621/3250 train_time:180.817s step_avg:68.99ms
step:2622/3250 train_time:180.972s step_avg:69.02ms
step:2623/3250 train_time:181.127s step_avg:69.05ms
step:2624/3250 train_time:181.280s step_avg:69.09ms
step:2625/3250 train_time:181.436s step_avg:69.12ms
step:2625/3250 val_loss:3.44872 train_time:181.448s step_avg:159.09ms
step:2626/3250 train_time:182.243s step_avg:69.40ms
step:2627/3250 train_time:182.381s step_avg:69.43ms
step:2628/3250 train_time:182.534s step_avg:69.46ms
step:2629/3250 train_time:182.688s step_avg:69.49ms
step:2630/3250 train_time:182.842s step_avg:69.52ms
step:2631/3250 train_time:182.996s step_avg:69.55ms
step:2632/3250 train_time:183.151s step_avg:69.59ms
step:2633/3250 train_time:183.306s step_avg:69.62ms
step:2634/3250 train_time:183.461s step_avg:69.65ms
step:2635/3250 train_time:183.614s step_avg:69.68ms
step:2636/3250 train_time:183.768s step_avg:69.71ms
step:2637/3250 train_time:183.921s step_avg:69.75ms
step:2638/3250 train_time:184.075s step_avg:69.78ms
step:2639/3250 train_time:184.228s step_avg:69.81ms
step:2640/3250 train_time:184.382s step_avg:69.84ms
step:2641/3250 train_time:184.536s step_avg:69.87ms
step:2642/3250 train_time:184.689s step_avg:69.91ms
step:2643/3250 train_time:184.844s step_avg:69.94ms
step:2644/3250 train_time:184.998s step_avg:69.97ms
step:2645/3250 train_time:185.152s step_avg:70.00ms
step:2646/3250 train_time:185.307s step_avg:70.03ms
step:2647/3250 train_time:185.461s step_avg:70.06ms
step:2648/3250 train_time:185.614s step_avg:70.10ms
step:2649/3250 train_time:185.769s step_avg:70.13ms
step:2650/3250 train_time:185.923s step_avg:70.16ms
step:2651/3250 train_time:186.078s step_avg:70.19ms
step:2652/3250 train_time:186.232s step_avg:70.22ms
step:2653/3250 train_time:186.386s step_avg:70.25ms
step:2654/3250 train_time:186.540s step_avg:70.29ms
step:2655/3250 train_time:186.693s step_avg:70.32ms
step:2656/3250 train_time:186.847s step_avg:70.35ms
step:2657/3250 train_time:187.003s step_avg:70.38ms
step:2658/3250 train_time:187.156s step_avg:70.41ms
step:2659/3250 train_time:187.310s step_avg:70.44ms
step:2660/3250 train_time:187.464s step_avg:70.48ms
step:2661/3250 train_time:187.666s step_avg:70.52ms
step:2662/3250 train_time:187.819s step_avg:70.56ms
step:2663/3250 train_time:187.972s step_avg:70.59ms
step:2664/3250 train_time:188.126s step_avg:70.62ms
step:2665/3250 train_time:188.279s step_avg:70.65ms
step:2666/3250 train_time:188.432s step_avg:70.68ms
step:2667/3250 train_time:188.587s step_avg:70.71ms
step:2668/3250 train_time:188.742s step_avg:70.74ms
step:2669/3250 train_time:188.895s step_avg:70.77ms
step:2670/3250 train_time:189.048s step_avg:70.80ms
step:2671/3250 train_time:189.204s step_avg:70.84ms
step:2672/3250 train_time:189.358s step_avg:70.87ms
step:2673/3250 train_time:189.511s step_avg:70.90ms
step:2674/3250 train_time:189.667s step_avg:70.93ms
step:2675/3250 train_time:189.821s step_avg:70.96ms
step:2676/3250 train_time:189.975s step_avg:70.99ms
step:2677/3250 train_time:190.129s step_avg:71.02ms
step:2678/3250 train_time:190.285s step_avg:71.05ms
step:2679/3250 train_time:190.438s step_avg:71.09ms
step:2680/3250 train_time:190.592s step_avg:71.12ms
step:2681/3250 train_time:190.748s step_avg:71.15ms
step:2682/3250 train_time:190.903s step_avg:71.18ms
step:2683/3250 train_time:191.057s step_avg:71.21ms
step:2684/3250 train_time:191.210s step_avg:71.24ms
step:2685/3250 train_time:191.365s step_avg:71.27ms
step:2686/3250 train_time:191.518s step_avg:71.30ms
step:2687/3250 train_time:191.674s step_avg:71.33ms
step:2688/3250 train_time:191.829s step_avg:71.36ms
step:2689/3250 train_time:191.985s step_avg:71.40ms
step:2690/3250 train_time:192.139s step_avg:71.43ms
step:2691/3250 train_time:192.293s step_avg:71.46ms
step:2692/3250 train_time:192.447s step_avg:71.49ms
step:2693/3250 train_time:192.602s step_avg:71.52ms
step:2694/3250 train_time:192.755s step_avg:71.55ms
step:2695/3250 train_time:192.909s step_avg:71.58ms
step:2696/3250 train_time:193.065s step_avg:71.61ms
step:2697/3250 train_time:193.218s step_avg:71.64ms
step:2698/3250 train_time:193.372s step_avg:71.67ms
step:2699/3250 train_time:193.527s step_avg:71.70ms
step:2700/3250 train_time:193.682s step_avg:71.73ms
step:2701/3250 train_time:193.835s step_avg:71.76ms
step:2702/3250 train_time:193.989s step_avg:71.79ms
step:2703/3250 train_time:194.143s step_avg:71.83ms
step:2704/3250 train_time:194.297s step_avg:71.86ms
step:2705/3250 train_time:194.450s step_avg:71.89ms
step:2706/3250 train_time:194.606s step_avg:71.92ms
step:2707/3250 train_time:194.763s step_avg:71.95ms
step:2708/3250 train_time:194.916s step_avg:71.98ms
step:2709/3250 train_time:195.070s step_avg:72.01ms
step:2710/3250 train_time:195.225s step_avg:72.04ms
step:2711/3250 train_time:195.380s step_avg:72.07ms
step:2712/3250 train_time:195.536s step_avg:72.10ms
step:2713/3250 train_time:195.689s step_avg:72.13ms
step:2714/3250 train_time:195.843s step_avg:72.16ms
step:2715/3250 train_time:195.997s step_avg:72.19ms
step:2716/3250 train_time:196.150s step_avg:72.22ms
step:2717/3250 train_time:196.306s step_avg:72.25ms
step:2718/3250 train_time:196.462s step_avg:72.28ms
step:2719/3250 train_time:196.615s step_avg:72.31ms
step:2720/3250 train_time:196.771s step_avg:72.34ms
step:2721/3250 train_time:196.925s step_avg:72.37ms
step:2722/3250 train_time:197.079s step_avg:72.40ms
step:2723/3250 train_time:197.232s step_avg:72.43ms
step:2724/3250 train_time:197.389s step_avg:72.46ms
step:2725/3250 train_time:197.545s step_avg:72.49ms
step:2726/3250 train_time:197.700s step_avg:72.52ms
step:2727/3250 train_time:197.854s step_avg:72.55ms
step:2728/3250 train_time:198.008s step_avg:72.58ms
step:2729/3250 train_time:198.164s step_avg:72.61ms
step:2730/3250 train_time:198.316s step_avg:72.64ms
step:2731/3250 train_time:198.470s step_avg:72.67ms
step:2732/3250 train_time:198.625s step_avg:72.70ms
step:2733/3250 train_time:198.780s step_avg:72.73ms
step:2734/3250 train_time:198.933s step_avg:72.76ms
step:2735/3250 train_time:199.088s step_avg:72.79ms
step:2736/3250 train_time:199.241s step_avg:72.82ms
step:2737/3250 train_time:199.395s step_avg:72.85ms
step:2738/3250 train_time:199.549s step_avg:72.88ms
step:2739/3250 train_time:199.704s step_avg:72.91ms
step:2740/3250 train_time:199.857s step_avg:72.94ms
step:2741/3250 train_time:200.011s step_avg:72.97ms
step:2742/3250 train_time:200.166s step_avg:73.00ms
step:2743/3250 train_time:200.319s step_avg:73.03ms
step:2744/3250 train_time:200.473s step_avg:73.06ms
step:2745/3250 train_time:200.628s step_avg:73.09ms
step:2746/3250 train_time:200.783s step_avg:73.12ms
step:2747/3250 train_time:200.936s step_avg:73.15ms
step:2748/3250 train_time:201.090s step_avg:73.18ms
step:2749/3250 train_time:201.246s step_avg:73.21ms
step:2750/3250 train_time:201.400s step_avg:73.24ms
step:2750/3250 val_loss:3.44292 train_time:201.412s step_avg:159.72ms
step:2751/3250 train_time:202.182s step_avg:73.49ms
EXIT=0 rid=eos_f1500_s065
