W0830 22:07:33.547000 11471 torch/distributed/run.py:852] 
W0830 22:07:33.547000 11471 torch/distributed/run.py:852] *****************************************
W0830 22:07:33.547000 11471 torch/distributed/run.py:852] Setting OMP_NUM_THREADS environment variable for each process to be 1 in default, to avoid your system being overloaded, please further tune the variable for optimal performance in your application as needed. 
W0830 22:07:33.547000 11471 torch/distributed/run.py:852] *****************************************
logs/14641972-ea9b-4785-ae4f-f52ae5107452.txt
resumed training state from step 1500 in eos_shared_state, skipped 1500 batches
step:0/3250 val_loss:3.51931 train_time:0.001s step_avg:nanms
learning_rates step:1500 [{'pattern': '^embed\\.weight$', 'lr': [0.8049999999999999]}, {'pattern': '^proj\\.weight$', 'lr': [0.0046]}, {'pattern': '^blocks\\..*\\.weight$', 'lr': [0.028749999999999998]}, {'pattern': '.*', 'lr': [0.017249999999999998]}]
step:1501/3250 train_time:3.122s step_avg:2.08ms
learning_rates step:1501 [{'pattern': '^embed\\.weight$', 'lr': [0.8049999999999999]}, {'pattern': '^proj\\.weight$', 'lr': [0.0046]}, {'pattern': '^blocks\\..*\\.weight$', 'lr': [0.028749999999999998]}, {'pattern': '.*', 'lr': [0.017249999999999998]}]
step:1502/3250 train_time:3.262s step_avg:2.17ms
step:1503/3250 train_time:3.414s step_avg:2.27ms
step:1504/3250 train_time:3.566s step_avg:2.37ms
step:1505/3250 train_time:3.719s step_avg:2.47ms
step:1506/3250 train_time:3.872s step_avg:2.57ms
step:1507/3250 train_time:4.026s step_avg:2.67ms
step:1508/3250 train_time:4.180s step_avg:2.77ms
step:1509/3250 train_time:4.333s step_avg:2.87ms
step:1510/3250 train_time:4.487s step_avg:2.97ms
step:1511/3250 train_time:4.639s step_avg:3.07ms
step:1512/3250 train_time:4.792s step_avg:3.17ms
step:1513/3250 train_time:4.946s step_avg:3.27ms
step:1514/3250 train_time:5.099s step_avg:3.37ms
step:1515/3250 train_time:5.251s step_avg:3.47ms
step:1516/3250 train_time:5.407s step_avg:3.57ms
step:1517/3250 train_time:5.560s step_avg:3.67ms
step:1518/3250 train_time:5.714s step_avg:3.76ms
step:1519/3250 train_time:5.865s step_avg:3.86ms
step:1520/3250 train_time:6.018s step_avg:3.96ms
step:1521/3250 train_time:6.204s step_avg:4.08ms
step:1522/3250 train_time:6.356s step_avg:4.18ms
step:1523/3250 train_time:6.509s step_avg:4.27ms
step:1524/3250 train_time:6.661s step_avg:4.37ms
step:1525/3250 train_time:6.814s step_avg:4.47ms
step:1526/3250 train_time:6.967s step_avg:4.57ms
step:1527/3250 train_time:7.121s step_avg:4.66ms
step:1528/3250 train_time:7.275s step_avg:4.76ms
step:1529/3250 train_time:7.429s step_avg:4.86ms
step:1530/3250 train_time:7.582s step_avg:4.96ms
step:1531/3250 train_time:7.737s step_avg:5.05ms
step:1532/3250 train_time:7.890s step_avg:5.15ms
step:1533/3250 train_time:8.042s step_avg:5.25ms
step:1534/3250 train_time:8.196s step_avg:5.34ms
step:1535/3250 train_time:8.349s step_avg:5.44ms
step:1536/3250 train_time:8.503s step_avg:5.54ms
step:1537/3250 train_time:8.656s step_avg:5.63ms
step:1538/3250 train_time:8.810s step_avg:5.73ms
step:1539/3250 train_time:8.962s step_avg:5.82ms
step:1540/3250 train_time:9.117s step_avg:5.92ms
step:1541/3250 train_time:9.269s step_avg:6.01ms
step:1542/3250 train_time:9.422s step_avg:6.11ms
step:1543/3250 train_time:9.576s step_avg:6.21ms
step:1544/3250 train_time:9.729s step_avg:6.30ms
step:1545/3250 train_time:9.882s step_avg:6.40ms
step:1546/3250 train_time:10.035s step_avg:6.49ms
step:1547/3250 train_time:10.188s step_avg:6.59ms
step:1548/3250 train_time:10.340s step_avg:6.68ms
step:1549/3250 train_time:10.494s step_avg:6.77ms
step:1550/3250 train_time:10.647s step_avg:6.87ms
step:1551/3250 train_time:10.800s step_avg:6.96ms
step:1552/3250 train_time:10.952s step_avg:7.06ms
step:1553/3250 train_time:11.106s step_avg:7.15ms
step:1554/3250 train_time:11.259s step_avg:7.25ms
step:1555/3250 train_time:11.412s step_avg:7.34ms
step:1556/3250 train_time:11.565s step_avg:7.43ms
step:1557/3250 train_time:11.719s step_avg:7.53ms
step:1558/3250 train_time:11.871s step_avg:7.62ms
step:1559/3250 train_time:12.025s step_avg:7.71ms
step:1560/3250 train_time:12.178s step_avg:7.81ms
step:1561/3250 train_time:12.331s step_avg:7.90ms
step:1562/3250 train_time:12.485s step_avg:7.99ms
step:1563/3250 train_time:12.639s step_avg:8.09ms
step:1564/3250 train_time:12.792s step_avg:8.18ms
step:1565/3250 train_time:12.945s step_avg:8.27ms
step:1566/3250 train_time:13.099s step_avg:8.36ms
step:1567/3250 train_time:13.251s step_avg:8.46ms
step:1568/3250 train_time:13.406s step_avg:8.55ms
step:1569/3250 train_time:13.558s step_avg:8.64ms
step:1570/3250 train_time:13.711s step_avg:8.73ms
step:1571/3250 train_time:13.865s step_avg:8.83ms
step:1572/3250 train_time:14.021s step_avg:8.92ms
step:1573/3250 train_time:14.174s step_avg:9.01ms
step:1574/3250 train_time:14.327s step_avg:9.10ms
step:1575/3250 train_time:14.480s step_avg:9.19ms
step:1576/3250 train_time:14.634s step_avg:9.29ms
step:1577/3250 train_time:14.787s step_avg:9.38ms
step:1578/3250 train_time:14.940s step_avg:9.47ms
step:1579/3250 train_time:15.094s step_avg:9.56ms
step:1580/3250 train_time:15.247s step_avg:9.65ms
step:1581/3250 train_time:15.401s step_avg:9.74ms
step:1582/3250 train_time:15.555s step_avg:9.83ms
step:1583/3250 train_time:15.708s step_avg:9.92ms
step:1584/3250 train_time:15.861s step_avg:10.01ms
step:1585/3250 train_time:16.016s step_avg:10.10ms
step:1586/3250 train_time:16.169s step_avg:10.19ms
step:1587/3250 train_time:16.322s step_avg:10.28ms
step:1588/3250 train_time:16.474s step_avg:10.37ms
step:1589/3250 train_time:16.628s step_avg:10.46ms
step:1590/3250 train_time:16.780s step_avg:10.55ms
step:1591/3250 train_time:16.935s step_avg:10.64ms
step:1592/3250 train_time:17.087s step_avg:10.73ms
step:1593/3250 train_time:17.241s step_avg:10.82ms
step:1594/3250 train_time:17.396s step_avg:10.91ms
step:1595/3250 train_time:17.548s step_avg:11.00ms
step:1596/3250 train_time:17.702s step_avg:11.09ms
step:1597/3250 train_time:17.855s step_avg:11.18ms
step:1598/3250 train_time:18.008s step_avg:11.27ms
step:1599/3250 train_time:18.162s step_avg:11.36ms
step:1600/3250 train_time:18.318s step_avg:11.45ms
step:1601/3250 train_time:18.470s step_avg:11.54ms
step:1602/3250 train_time:18.624s step_avg:11.63ms
step:1603/3250 train_time:18.777s step_avg:11.71ms
step:1604/3250 train_time:18.931s step_avg:11.80ms
step:1605/3250 train_time:19.084s step_avg:11.89ms
step:1606/3250 train_time:19.238s step_avg:11.98ms
step:1607/3250 train_time:19.391s step_avg:12.07ms
step:1608/3250 train_time:19.544s step_avg:12.15ms
step:1609/3250 train_time:19.698s step_avg:12.24ms
step:1610/3250 train_time:19.851s step_avg:12.33ms
step:1611/3250 train_time:20.005s step_avg:12.42ms
step:1612/3250 train_time:20.158s step_avg:12.51ms
step:1613/3250 train_time:20.312s step_avg:12.59ms
step:1614/3250 train_time:20.466s step_avg:12.68ms
step:1615/3250 train_time:20.619s step_avg:12.77ms
step:1616/3250 train_time:20.773s step_avg:12.85ms
step:1617/3250 train_time:20.927s step_avg:12.94ms
step:1618/3250 train_time:21.080s step_avg:13.03ms
step:1619/3250 train_time:21.233s step_avg:13.11ms
step:1620/3250 train_time:21.388s step_avg:13.20ms
step:1621/3250 train_time:21.541s step_avg:13.29ms
step:1622/3250 train_time:21.695s step_avg:13.38ms
step:1623/3250 train_time:21.849s step_avg:13.46ms
step:1624/3250 train_time:22.003s step_avg:13.55ms
step:1625/3250 train_time:22.157s step_avg:13.63ms
step:1625/3250 val_loss:3.59440 train_time:22.169s step_avg:13.64ms
step:1626/3250 train_time:23.016s step_avg:14.16ms
step:1627/3250 train_time:23.157s step_avg:14.23ms
step:1628/3250 train_time:23.309s step_avg:14.32ms
step:1629/3250 train_time:23.462s step_avg:14.40ms
step:1630/3250 train_time:23.615s step_avg:14.49ms
step:1631/3250 train_time:23.769s step_avg:14.57ms
step:1632/3250 train_time:23.922s step_avg:14.66ms
step:1633/3250 train_time:24.074s step_avg:14.74ms
step:1634/3250 train_time:24.229s step_avg:14.83ms
step:1635/3250 train_time:24.381s step_avg:14.91ms
step:1636/3250 train_time:24.536s step_avg:15.00ms
step:1637/3250 train_time:24.689s step_avg:15.08ms
step:1638/3250 train_time:24.843s step_avg:15.17ms
step:1639/3250 train_time:24.996s step_avg:15.25ms
step:1640/3250 train_time:25.150s step_avg:15.34ms
step:1641/3250 train_time:25.303s step_avg:15.42ms
step:1642/3250 train_time:25.457s step_avg:15.50ms
step:1643/3250 train_time:25.610s step_avg:15.59ms
step:1644/3250 train_time:25.764s step_avg:15.67ms
step:1645/3250 train_time:25.918s step_avg:15.76ms
step:1646/3250 train_time:26.071s step_avg:15.84ms
step:1647/3250 train_time:26.226s step_avg:15.92ms
step:1648/3250 train_time:26.378s step_avg:16.01ms
step:1649/3250 train_time:26.532s step_avg:16.09ms
step:1650/3250 train_time:26.685s step_avg:16.17ms
step:1651/3250 train_time:26.839s step_avg:16.26ms
step:1652/3250 train_time:26.992s step_avg:16.34ms
step:1653/3250 train_time:27.147s step_avg:16.42ms
step:1654/3250 train_time:27.300s step_avg:16.51ms
step:1655/3250 train_time:27.456s step_avg:16.59ms
step:1656/3250 train_time:27.610s step_avg:16.67ms
step:1657/3250 train_time:27.763s step_avg:16.75ms
step:1658/3250 train_time:27.917s step_avg:16.84ms
step:1659/3250 train_time:28.071s step_avg:16.92ms
step:1660/3250 train_time:28.226s step_avg:17.00ms
step:1661/3250 train_time:28.379s step_avg:17.09ms
step:1662/3250 train_time:28.532s step_avg:17.17ms
step:1663/3250 train_time:28.686s step_avg:17.25ms
step:1664/3250 train_time:28.839s step_avg:17.33ms
step:1665/3250 train_time:28.993s step_avg:17.41ms
step:1666/3250 train_time:29.147s step_avg:17.50ms
step:1667/3250 train_time:29.299s step_avg:17.58ms
step:1668/3250 train_time:29.454s step_avg:17.66ms
step:1669/3250 train_time:29.608s step_avg:17.74ms
step:1670/3250 train_time:29.761s step_avg:17.82ms
step:1671/3250 train_time:29.918s step_avg:17.90ms
step:1672/3250 train_time:30.072s step_avg:17.99ms
step:1673/3250 train_time:30.227s step_avg:18.07ms
step:1674/3250 train_time:30.380s step_avg:18.15ms
step:1675/3250 train_time:30.533s step_avg:18.23ms
step:1676/3250 train_time:30.687s step_avg:18.31ms
step:1677/3250 train_time:30.840s step_avg:18.39ms
step:1678/3250 train_time:30.994s step_avg:18.47ms
step:1679/3250 train_time:31.149s step_avg:18.55ms
step:1680/3250 train_time:31.303s step_avg:18.63ms
step:1681/3250 train_time:31.458s step_avg:18.71ms
step:1682/3250 train_time:31.611s step_avg:18.79ms
step:1683/3250 train_time:31.765s step_avg:18.87ms
step:1684/3250 train_time:31.919s step_avg:18.95ms
step:1685/3250 train_time:32.072s step_avg:19.03ms
step:1686/3250 train_time:32.227s step_avg:19.11ms
step:1687/3250 train_time:32.380s step_avg:19.19ms
step:1688/3250 train_time:32.533s step_avg:19.27ms
step:1689/3250 train_time:32.687s step_avg:19.35ms
step:1690/3250 train_time:32.840s step_avg:19.43ms
step:1691/3250 train_time:32.993s step_avg:19.51ms
step:1692/3250 train_time:33.146s step_avg:19.59ms
step:1693/3250 train_time:33.300s step_avg:19.67ms
step:1694/3250 train_time:33.455s step_avg:19.75ms
step:1695/3250 train_time:33.609s step_avg:19.83ms
step:1696/3250 train_time:33.762s step_avg:19.91ms
step:1697/3250 train_time:33.917s step_avg:19.99ms
step:1698/3250 train_time:34.071s step_avg:20.07ms
step:1699/3250 train_time:34.225s step_avg:20.14ms
step:1700/3250 train_time:34.379s step_avg:20.22ms
step:1701/3250 train_time:34.533s step_avg:20.30ms
step:1702/3250 train_time:34.688s step_avg:20.38ms
step:1703/3250 train_time:34.843s step_avg:20.46ms
step:1704/3250 train_time:34.997s step_avg:20.54ms
step:1705/3250 train_time:35.152s step_avg:20.62ms
step:1706/3250 train_time:35.308s step_avg:20.70ms
step:1707/3250 train_time:35.461s step_avg:20.77ms
step:1708/3250 train_time:35.615s step_avg:20.85ms
step:1709/3250 train_time:35.769s step_avg:20.93ms
step:1710/3250 train_time:35.924s step_avg:21.01ms
step:1711/3250 train_time:36.108s step_avg:21.10ms
step:1712/3250 train_time:36.262s step_avg:21.18ms
step:1713/3250 train_time:36.416s step_avg:21.26ms
step:1714/3250 train_time:36.570s step_avg:21.34ms
step:1715/3250 train_time:36.723s step_avg:21.41ms
step:1716/3250 train_time:36.877s step_avg:21.49ms
step:1717/3250 train_time:37.032s step_avg:21.57ms
step:1718/3250 train_time:37.186s step_avg:21.64ms
step:1719/3250 train_time:37.340s step_avg:21.72ms
step:1720/3250 train_time:37.493s step_avg:21.80ms
step:1721/3250 train_time:37.648s step_avg:21.88ms
step:1722/3250 train_time:37.801s step_avg:21.95ms
step:1723/3250 train_time:37.956s step_avg:22.03ms
step:1724/3250 train_time:38.110s step_avg:22.11ms
step:1725/3250 train_time:38.264s step_avg:22.18ms
step:1726/3250 train_time:38.418s step_avg:22.26ms
step:1727/3250 train_time:38.571s step_avg:22.33ms
step:1728/3250 train_time:38.726s step_avg:22.41ms
step:1729/3250 train_time:38.879s step_avg:22.49ms
step:1730/3250 train_time:39.033s step_avg:22.56ms
step:1731/3250 train_time:39.187s step_avg:22.64ms
step:1732/3250 train_time:39.341s step_avg:22.71ms
step:1733/3250 train_time:39.495s step_avg:22.79ms
step:1734/3250 train_time:39.649s step_avg:22.87ms
step:1735/3250 train_time:39.802s step_avg:22.94ms
step:1736/3250 train_time:39.958s step_avg:23.02ms
step:1737/3250 train_time:40.111s step_avg:23.09ms
step:1738/3250 train_time:40.266s step_avg:23.17ms
step:1739/3250 train_time:40.420s step_avg:23.24ms
step:1740/3250 train_time:40.573s step_avg:23.32ms
step:1741/3250 train_time:40.729s step_avg:23.39ms
step:1742/3250 train_time:40.881s step_avg:23.47ms
step:1743/3250 train_time:41.037s step_avg:23.54ms
step:1744/3250 train_time:41.190s step_avg:23.62ms
step:1745/3250 train_time:41.344s step_avg:23.69ms
step:1746/3250 train_time:41.497s step_avg:23.77ms
step:1747/3250 train_time:41.652s step_avg:23.84ms
step:1748/3250 train_time:41.807s step_avg:23.92ms
step:1749/3250 train_time:41.960s step_avg:23.99ms
step:1750/3250 train_time:42.115s step_avg:24.07ms
step:1750/3250 val_loss:3.57992 train_time:42.127s step_avg:159.67ms
step:1751/3250 train_time:42.912s step_avg:24.51ms
step:1752/3250 train_time:43.050s step_avg:24.57ms
step:1753/3250 train_time:43.202s step_avg:24.64ms
step:1754/3250 train_time:43.356s step_avg:24.72ms
step:1755/3250 train_time:43.509s step_avg:24.79ms
step:1756/3250 train_time:43.663s step_avg:24.87ms
step:1757/3250 train_time:43.818s step_avg:24.94ms
step:1758/3250 train_time:43.972s step_avg:25.01ms
step:1759/3250 train_time:44.125s step_avg:25.09ms
step:1760/3250 train_time:44.279s step_avg:25.16ms
step:1761/3250 train_time:44.432s step_avg:25.23ms
step:1762/3250 train_time:44.586s step_avg:25.30ms
step:1763/3250 train_time:44.739s step_avg:25.38ms
step:1764/3250 train_time:44.893s step_avg:25.45ms
step:1765/3250 train_time:45.046s step_avg:25.52ms
step:1766/3250 train_time:45.200s step_avg:25.59ms
step:1767/3250 train_time:45.354s step_avg:25.67ms
step:1768/3250 train_time:45.507s step_avg:25.74ms
step:1769/3250 train_time:45.663s step_avg:25.81ms
step:1770/3250 train_time:45.817s step_avg:25.89ms
step:1771/3250 train_time:45.970s step_avg:25.96ms
step:1772/3250 train_time:46.123s step_avg:26.03ms
step:1773/3250 train_time:46.281s step_avg:26.10ms
step:1774/3250 train_time:46.435s step_avg:26.18ms
step:1775/3250 train_time:46.588s step_avg:26.25ms
step:1776/3250 train_time:46.742s step_avg:26.32ms
step:1777/3250 train_time:46.896s step_avg:26.39ms
step:1778/3250 train_time:47.049s step_avg:26.46ms
step:1779/3250 train_time:47.202s step_avg:26.53ms
step:1780/3250 train_time:47.359s step_avg:26.61ms
step:1781/3250 train_time:47.511s step_avg:26.68ms
step:1782/3250 train_time:47.665s step_avg:26.75ms
step:1783/3250 train_time:47.818s step_avg:26.82ms
step:1784/3250 train_time:47.972s step_avg:26.89ms
step:1785/3250 train_time:48.125s step_avg:26.96ms
step:1786/3250 train_time:48.279s step_avg:27.03ms
step:1787/3250 train_time:48.436s step_avg:27.10ms
step:1788/3250 train_time:48.592s step_avg:27.18ms
step:1789/3250 train_time:48.746s step_avg:27.25ms
step:1790/3250 train_time:48.900s step_avg:27.32ms
step:1791/3250 train_time:49.054s step_avg:27.39ms
step:1792/3250 train_time:49.208s step_avg:27.46ms
step:1793/3250 train_time:49.363s step_avg:27.53ms
step:1794/3250 train_time:49.517s step_avg:27.60ms
step:1795/3250 train_time:49.671s step_avg:27.67ms
step:1796/3250 train_time:49.824s step_avg:27.74ms
step:1797/3250 train_time:49.979s step_avg:27.81ms
step:1798/3250 train_time:50.133s step_avg:27.88ms
step:1799/3250 train_time:50.287s step_avg:27.95ms
step:1800/3250 train_time:50.441s step_avg:28.02ms
step:1801/3250 train_time:50.596s step_avg:28.09ms
step:1802/3250 train_time:50.749s step_avg:28.16ms
step:1803/3250 train_time:50.902s step_avg:28.23ms
step:1804/3250 train_time:51.057s step_avg:28.30ms
step:1805/3250 train_time:51.210s step_avg:28.37ms
step:1806/3250 train_time:51.365s step_avg:28.44ms
step:1807/3250 train_time:51.518s step_avg:28.51ms
step:1808/3250 train_time:51.673s step_avg:28.58ms
step:1809/3250 train_time:51.827s step_avg:28.65ms
step:1810/3250 train_time:51.981s step_avg:28.72ms
step:1811/3250 train_time:52.136s step_avg:28.79ms
step:1812/3250 train_time:52.290s step_avg:28.86ms
step:1813/3250 train_time:52.443s step_avg:28.93ms
step:1814/3250 train_time:52.598s step_avg:29.00ms
step:1815/3250 train_time:52.754s step_avg:29.07ms
step:1816/3250 train_time:52.906s step_avg:29.13ms
step:1817/3250 train_time:53.061s step_avg:29.20ms
step:1818/3250 train_time:53.215s step_avg:29.27ms
step:1819/3250 train_time:53.369s step_avg:29.34ms
step:1820/3250 train_time:53.522s step_avg:29.41ms
step:1821/3250 train_time:53.678s step_avg:29.48ms
step:1822/3250 train_time:53.833s step_avg:29.55ms
step:1823/3250 train_time:53.986s step_avg:29.61ms
step:1824/3250 train_time:54.140s step_avg:29.68ms
step:1825/3250 train_time:54.296s step_avg:29.75ms
step:1826/3250 train_time:54.448s step_avg:29.82ms
step:1827/3250 train_time:54.602s step_avg:29.89ms
step:1828/3250 train_time:54.758s step_avg:29.95ms
step:1829/3250 train_time:54.910s step_avg:30.02ms
step:1830/3250 train_time:55.064s step_avg:30.09ms
step:1831/3250 train_time:55.216s step_avg:30.16ms
step:1832/3250 train_time:55.370s step_avg:30.22ms
step:1833/3250 train_time:55.523s step_avg:30.29ms
step:1834/3250 train_time:55.678s step_avg:30.36ms
step:1835/3250 train_time:55.832s step_avg:30.43ms
step:1836/3250 train_time:55.987s step_avg:30.49ms
step:1837/3250 train_time:56.141s step_avg:30.56ms
step:1838/3250 train_time:56.298s step_avg:30.63ms
step:1839/3250 train_time:56.452s step_avg:30.70ms
step:1840/3250 train_time:56.605s step_avg:30.76ms
step:1841/3250 train_time:56.759s step_avg:30.83ms
step:1842/3250 train_time:56.912s step_avg:30.90ms
step:1843/3250 train_time:57.065s step_avg:30.96ms
step:1844/3250 train_time:57.220s step_avg:31.03ms
step:1845/3250 train_time:57.373s step_avg:31.10ms
step:1846/3250 train_time:57.527s step_avg:31.16ms
step:1847/3250 train_time:57.682s step_avg:31.23ms
step:1848/3250 train_time:57.837s step_avg:31.30ms
step:1849/3250 train_time:57.990s step_avg:31.36ms
step:1850/3250 train_time:58.145s step_avg:31.43ms
step:1851/3250 train_time:58.299s step_avg:31.50ms
step:1852/3250 train_time:58.452s step_avg:31.56ms
step:1853/3250 train_time:58.605s step_avg:31.63ms
step:1854/3250 train_time:58.759s step_avg:31.69ms
step:1855/3250 train_time:58.912s step_avg:31.76ms
step:1856/3250 train_time:59.067s step_avg:31.82ms
step:1857/3250 train_time:59.222s step_avg:31.89ms
step:1858/3250 train_time:59.377s step_avg:31.96ms
step:1859/3250 train_time:59.531s step_avg:32.02ms
step:1860/3250 train_time:59.685s step_avg:32.09ms
step:1861/3250 train_time:59.839s step_avg:32.15ms
step:1862/3250 train_time:59.993s step_avg:32.22ms
step:1863/3250 train_time:60.146s step_avg:32.28ms
step:1864/3250 train_time:60.301s step_avg:32.35ms
step:1865/3250 train_time:60.456s step_avg:32.42ms
step:1866/3250 train_time:60.608s step_avg:32.48ms
step:1867/3250 train_time:60.762s step_avg:32.55ms
step:1868/3250 train_time:60.917s step_avg:32.61ms
step:1869/3250 train_time:61.071s step_avg:32.68ms
step:1870/3250 train_time:61.225s step_avg:32.74ms
step:1871/3250 train_time:61.380s step_avg:32.81ms
step:1872/3250 train_time:61.534s step_avg:32.87ms
step:1873/3250 train_time:61.688s step_avg:32.94ms
step:1874/3250 train_time:61.842s step_avg:33.00ms
step:1875/3250 train_time:61.998s step_avg:33.07ms
step:1875/3250 val_loss:3.56715 train_time:62.010s step_avg:159.06ms
step:1876/3250 train_time:62.798s step_avg:33.47ms
step:1877/3250 train_time:62.937s step_avg:33.53ms
step:1878/3250 train_time:63.091s step_avg:33.59ms
step:1879/3250 train_time:63.243s step_avg:33.66ms
step:1880/3250 train_time:63.398s step_avg:33.72ms
step:1881/3250 train_time:63.551s step_avg:33.79ms
step:1882/3250 train_time:63.706s step_avg:33.85ms
step:1883/3250 train_time:63.859s step_avg:33.91ms
step:1884/3250 train_time:64.014s step_avg:33.98ms
step:1885/3250 train_time:64.168s step_avg:34.04ms
step:1886/3250 train_time:64.320s step_avg:34.10ms
step:1887/3250 train_time:64.474s step_avg:34.17ms
step:1888/3250 train_time:64.630s step_avg:34.23ms
step:1889/3250 train_time:64.785s step_avg:34.30ms
step:1890/3250 train_time:64.937s step_avg:34.36ms
step:1891/3250 train_time:65.092s step_avg:34.42ms
step:1892/3250 train_time:65.246s step_avg:34.49ms
step:1893/3250 train_time:65.399s step_avg:34.55ms
step:1894/3250 train_time:65.553s step_avg:34.61ms
step:1895/3250 train_time:65.709s step_avg:34.67ms
step:1896/3250 train_time:65.862s step_avg:34.74ms
step:1897/3250 train_time:66.015s step_avg:34.80ms
step:1898/3250 train_time:66.169s step_avg:34.86ms
step:1899/3250 train_time:66.324s step_avg:34.93ms
step:1900/3250 train_time:66.477s step_avg:34.99ms
step:1901/3250 train_time:66.660s step_avg:35.07ms
step:1902/3250 train_time:66.813s step_avg:35.13ms
step:1903/3250 train_time:66.967s step_avg:35.19ms
step:1904/3250 train_time:67.120s step_avg:35.25ms
step:1905/3250 train_time:67.274s step_avg:35.31ms
step:1906/3250 train_time:67.430s step_avg:35.38ms
step:1907/3250 train_time:67.586s step_avg:35.44ms
step:1908/3250 train_time:67.740s step_avg:35.50ms
step:1909/3250 train_time:67.893s step_avg:35.56ms
step:1910/3250 train_time:68.048s step_avg:35.63ms
step:1911/3250 train_time:68.202s step_avg:35.69ms
step:1912/3250 train_time:68.356s step_avg:35.75ms
step:1913/3250 train_time:68.510s step_avg:35.81ms
step:1914/3250 train_time:68.665s step_avg:35.87ms
step:1915/3250 train_time:68.818s step_avg:35.94ms
step:1916/3250 train_time:68.972s step_avg:36.00ms
step:1917/3250 train_time:69.128s step_avg:36.06ms
step:1918/3250 train_time:69.280s step_avg:36.12ms
step:1919/3250 train_time:69.434s step_avg:36.18ms
step:1920/3250 train_time:69.589s step_avg:36.24ms
step:1921/3250 train_time:69.741s step_avg:36.30ms
step:1922/3250 train_time:69.895s step_avg:36.37ms
step:1923/3250 train_time:70.050s step_avg:36.43ms
step:1924/3250 train_time:70.205s step_avg:36.49ms
step:1925/3250 train_time:70.358s step_avg:36.55ms
step:1926/3250 train_time:70.513s step_avg:36.61ms
step:1927/3250 train_time:70.667s step_avg:36.67ms
step:1928/3250 train_time:70.820s step_avg:36.73ms
step:1929/3250 train_time:70.974s step_avg:36.79ms
step:1930/3250 train_time:71.131s step_avg:36.86ms
step:1931/3250 train_time:71.286s step_avg:36.92ms
step:1932/3250 train_time:71.439s step_avg:36.98ms
step:1933/3250 train_time:71.593s step_avg:37.04ms
step:1934/3250 train_time:71.747s step_avg:37.10ms
step:1935/3250 train_time:71.900s step_avg:37.16ms
step:1936/3250 train_time:72.054s step_avg:37.22ms
step:1937/3250 train_time:72.210s step_avg:37.28ms
step:1938/3250 train_time:72.364s step_avg:37.34ms
step:1939/3250 train_time:72.518s step_avg:37.40ms
step:1940/3250 train_time:72.672s step_avg:37.46ms
step:1941/3250 train_time:72.828s step_avg:37.52ms
step:1942/3250 train_time:72.983s step_avg:37.58ms
step:1943/3250 train_time:73.136s step_avg:37.64ms
step:1944/3250 train_time:73.290s step_avg:37.70ms
step:1945/3250 train_time:73.443s step_avg:37.76ms
step:1946/3250 train_time:73.596s step_avg:37.82ms
step:1947/3250 train_time:73.750s step_avg:37.88ms
step:1948/3250 train_time:73.905s step_avg:37.94ms
step:1949/3250 train_time:74.058s step_avg:38.00ms
step:1950/3250 train_time:74.213s step_avg:38.06ms
step:1951/3250 train_time:74.369s step_avg:38.12ms
step:1952/3250 train_time:74.523s step_avg:38.18ms
step:1953/3250 train_time:74.677s step_avg:38.24ms
step:1954/3250 train_time:74.831s step_avg:38.30ms
step:1955/3250 train_time:74.985s step_avg:38.36ms
step:1956/3250 train_time:75.138s step_avg:38.41ms
step:1957/3250 train_time:75.292s step_avg:38.47ms
step:1958/3250 train_time:75.445s step_avg:38.53ms
step:1959/3250 train_time:75.600s step_avg:38.59ms
step:1960/3250 train_time:75.754s step_avg:38.65ms
step:1961/3250 train_time:75.910s step_avg:38.71ms
step:1962/3250 train_time:76.065s step_avg:38.77ms
step:1963/3250 train_time:76.219s step_avg:38.83ms
step:1964/3250 train_time:76.373s step_avg:38.89ms
step:1965/3250 train_time:76.528s step_avg:38.95ms
step:1966/3250 train_time:76.681s step_avg:39.00ms
step:1967/3250 train_time:76.836s step_avg:39.06ms
step:1968/3250 train_time:76.990s step_avg:39.12ms
step:1969/3250 train_time:77.144s step_avg:39.18ms
step:1970/3250 train_time:77.298s step_avg:39.24ms
step:1971/3250 train_time:77.452s step_avg:39.30ms
step:1972/3250 train_time:77.608s step_avg:39.36ms
step:1973/3250 train_time:77.761s step_avg:39.41ms
step:1974/3250 train_time:77.915s step_avg:39.47ms
step:1975/3250 train_time:78.069s step_avg:39.53ms
step:1976/3250 train_time:78.227s step_avg:39.59ms
step:1977/3250 train_time:78.380s step_avg:39.65ms
step:1978/3250 train_time:78.534s step_avg:39.70ms
step:1979/3250 train_time:78.688s step_avg:39.76ms
step:1980/3250 train_time:78.841s step_avg:39.82ms
step:1981/3250 train_time:78.994s step_avg:39.88ms
step:1982/3250 train_time:79.149s step_avg:39.93ms
step:1983/3250 train_time:79.303s step_avg:39.99ms
step:1984/3250 train_time:79.457s step_avg:40.05ms
step:1985/3250 train_time:79.612s step_avg:40.11ms
step:1986/3250 train_time:79.767s step_avg:40.16ms
step:1987/3250 train_time:79.920s step_avg:40.22ms
step:1988/3250 train_time:80.074s step_avg:40.28ms
step:1989/3250 train_time:80.230s step_avg:40.34ms
step:1990/3250 train_time:80.384s step_avg:40.39ms
step:1991/3250 train_time:80.537s step_avg:40.45ms
step:1992/3250 train_time:80.692s step_avg:40.51ms
step:1993/3250 train_time:80.845s step_avg:40.56ms
step:1994/3250 train_time:81.000s step_avg:40.62ms
step:1995/3250 train_time:81.153s step_avg:40.68ms
step:1996/3250 train_time:81.309s step_avg:40.74ms
step:1997/3250 train_time:81.462s step_avg:40.79ms
step:1998/3250 train_time:81.620s step_avg:40.85ms
step:1999/3250 train_time:81.773s step_avg:40.91ms
step:2000/3250 train_time:81.929s step_avg:40.96ms
step:2000/3250 val_loss:3.55651 train_time:81.941s step_avg:159.44ms
step:2001/3250 train_time:82.730s step_avg:41.34ms
step:2002/3250 train_time:82.869s step_avg:41.39ms
step:2003/3250 train_time:83.023s step_avg:41.45ms
step:2004/3250 train_time:83.176s step_avg:41.50ms
step:2005/3250 train_time:83.329s step_avg:41.56ms
step:2006/3250 train_time:83.482s step_avg:41.62ms
step:2007/3250 train_time:83.637s step_avg:41.67ms
step:2008/3250 train_time:83.789s step_avg:41.73ms
step:2009/3250 train_time:83.944s step_avg:41.78ms
step:2010/3250 train_time:84.097s step_avg:41.84ms
step:2011/3250 train_time:84.250s step_avg:41.89ms
step:2012/3250 train_time:84.404s step_avg:41.95ms
step:2013/3250 train_time:84.559s step_avg:42.01ms
step:2014/3250 train_time:84.713s step_avg:42.06ms
step:2015/3250 train_time:84.867s step_avg:42.12ms
step:2016/3250 train_time:85.021s step_avg:42.17ms
step:2017/3250 train_time:85.176s step_avg:42.23ms
step:2018/3250 train_time:85.329s step_avg:42.28ms
step:2019/3250 train_time:85.484s step_avg:42.34ms
step:2020/3250 train_time:85.639s step_avg:42.40ms
step:2021/3250 train_time:85.794s step_avg:42.45ms
step:2022/3250 train_time:85.949s step_avg:42.51ms
step:2023/3250 train_time:86.103s step_avg:42.56ms
step:2024/3250 train_time:86.259s step_avg:42.62ms
step:2025/3250 train_time:86.414s step_avg:42.67ms
step:2026/3250 train_time:86.568s step_avg:42.73ms
step:2027/3250 train_time:86.722s step_avg:42.78ms
step:2028/3250 train_time:86.875s step_avg:42.84ms
step:2029/3250 train_time:87.029s step_avg:42.89ms
step:2030/3250 train_time:87.182s step_avg:42.95ms
step:2031/3250 train_time:87.338s step_avg:43.00ms
step:2032/3250 train_time:87.490s step_avg:43.06ms
step:2033/3250 train_time:87.645s step_avg:43.11ms
step:2034/3250 train_time:87.799s step_avg:43.17ms
step:2035/3250 train_time:87.955s step_avg:43.22ms
step:2036/3250 train_time:88.109s step_avg:43.28ms
step:2037/3250 train_time:88.263s step_avg:43.33ms
step:2038/3250 train_time:88.417s step_avg:43.38ms
step:2039/3250 train_time:88.570s step_avg:43.44ms
step:2040/3250 train_time:88.724s step_avg:43.49ms
step:2041/3250 train_time:88.879s step_avg:43.55ms
step:2042/3250 train_time:89.033s step_avg:43.60ms
step:2043/3250 train_time:89.187s step_avg:43.65ms
step:2044/3250 train_time:89.341s step_avg:43.71ms
step:2045/3250 train_time:89.495s step_avg:43.76ms
step:2046/3250 train_time:89.650s step_avg:43.82ms
step:2047/3250 train_time:89.805s step_avg:43.87ms
step:2048/3250 train_time:89.960s step_avg:43.93ms
step:2049/3250 train_time:90.113s step_avg:43.98ms
step:2050/3250 train_time:90.267s step_avg:44.03ms
step:2051/3250 train_time:90.421s step_avg:44.09ms
step:2052/3250 train_time:90.577s step_avg:44.14ms
step:2053/3250 train_time:90.731s step_avg:44.19ms
step:2054/3250 train_time:90.886s step_avg:44.25ms
step:2055/3250 train_time:91.041s step_avg:44.30ms
step:2056/3250 train_time:91.196s step_avg:44.36ms
step:2057/3250 train_time:91.349s step_avg:44.41ms
step:2058/3250 train_time:91.503s step_avg:44.46ms
step:2059/3250 train_time:91.658s step_avg:44.52ms
step:2060/3250 train_time:91.813s step_avg:44.57ms
step:2061/3250 train_time:91.967s step_avg:44.62ms
step:2062/3250 train_time:92.121s step_avg:44.68ms
step:2063/3250 train_time:92.276s step_avg:44.73ms
step:2064/3250 train_time:92.429s step_avg:44.78ms
step:2065/3250 train_time:92.583s step_avg:44.83ms
step:2066/3250 train_time:92.739s step_avg:44.89ms
step:2067/3250 train_time:92.894s step_avg:44.94ms
step:2068/3250 train_time:93.048s step_avg:44.99ms
step:2069/3250 train_time:93.203s step_avg:45.05ms
step:2070/3250 train_time:93.358s step_avg:45.10ms
step:2071/3250 train_time:93.512s step_avg:45.15ms
step:2072/3250 train_time:93.666s step_avg:45.21ms
step:2073/3250 train_time:93.822s step_avg:45.26ms
step:2074/3250 train_time:93.977s step_avg:45.31ms
step:2075/3250 train_time:94.131s step_avg:45.36ms
step:2076/3250 train_time:94.286s step_avg:45.42ms
step:2077/3250 train_time:94.440s step_avg:45.47ms
step:2078/3250 train_time:94.593s step_avg:45.52ms
step:2079/3250 train_time:94.749s step_avg:45.57ms
step:2080/3250 train_time:94.903s step_avg:45.63ms
step:2081/3250 train_time:95.057s step_avg:45.68ms
step:2082/3250 train_time:95.211s step_avg:45.73ms
step:2083/3250 train_time:95.365s step_avg:45.78ms
step:2084/3250 train_time:95.520s step_avg:45.84ms
step:2085/3250 train_time:95.675s step_avg:45.89ms
step:2086/3250 train_time:95.829s step_avg:45.94ms
step:2087/3250 train_time:95.983s step_avg:45.99ms
step:2088/3250 train_time:96.140s step_avg:46.04ms
step:2089/3250 train_time:96.293s step_avg:46.10ms
step:2090/3250 train_time:96.448s step_avg:46.15ms
step:2091/3250 train_time:96.633s step_avg:46.21ms
step:2092/3250 train_time:96.786s step_avg:46.26ms
step:2093/3250 train_time:96.940s step_avg:46.32ms
step:2094/3250 train_time:97.093s step_avg:46.37ms
step:2095/3250 train_time:97.247s step_avg:46.42ms
step:2096/3250 train_time:97.400s step_avg:46.47ms
step:2097/3250 train_time:97.555s step_avg:46.52ms
step:2098/3250 train_time:97.708s step_avg:46.57ms
step:2099/3250 train_time:97.863s step_avg:46.62ms
step:2100/3250 train_time:98.019s step_avg:46.68ms
step:2101/3250 train_time:98.171s step_avg:46.73ms
step:2102/3250 train_time:98.325s step_avg:46.78ms
step:2103/3250 train_time:98.479s step_avg:46.83ms
step:2104/3250 train_time:98.635s step_avg:46.88ms
step:2105/3250 train_time:98.788s step_avg:46.93ms
step:2106/3250 train_time:98.943s step_avg:46.98ms
step:2107/3250 train_time:99.097s step_avg:47.03ms
step:2108/3250 train_time:99.251s step_avg:47.08ms
step:2109/3250 train_time:99.404s step_avg:47.13ms
step:2110/3250 train_time:99.560s step_avg:47.18ms
step:2111/3250 train_time:99.714s step_avg:47.24ms
step:2112/3250 train_time:99.867s step_avg:47.29ms
step:2113/3250 train_time:100.021s step_avg:47.34ms
step:2114/3250 train_time:100.175s step_avg:47.39ms
step:2115/3250 train_time:100.329s step_avg:47.44ms
step:2116/3250 train_time:100.483s step_avg:47.49ms
step:2117/3250 train_time:100.639s step_avg:47.54ms
step:2118/3250 train_time:100.794s step_avg:47.59ms
step:2119/3250 train_time:100.947s step_avg:47.64ms
step:2120/3250 train_time:101.101s step_avg:47.69ms
step:2121/3250 train_time:101.256s step_avg:47.74ms
step:2122/3250 train_time:101.409s step_avg:47.79ms
step:2123/3250 train_time:101.563s step_avg:47.84ms
step:2124/3250 train_time:101.719s step_avg:47.89ms
step:2125/3250 train_time:101.873s step_avg:47.94ms
step:2125/3250 val_loss:3.55114 train_time:101.885s step_avg:159.55ms
step:2126/3250 train_time:102.666s step_avg:48.29ms
step:2127/3250 train_time:102.805s step_avg:48.33ms
step:2128/3250 train_time:102.958s step_avg:48.38ms
step:2129/3250 train_time:103.111s step_avg:48.43ms
step:2130/3250 train_time:103.265s step_avg:48.48ms
step:2131/3250 train_time:103.418s step_avg:48.53ms
step:2132/3250 train_time:103.572s step_avg:48.58ms
step:2133/3250 train_time:103.726s step_avg:48.63ms
step:2134/3250 train_time:103.880s step_avg:48.68ms
step:2135/3250 train_time:104.034s step_avg:48.73ms
step:2136/3250 train_time:104.189s step_avg:48.78ms
step:2137/3250 train_time:104.342s step_avg:48.83ms
step:2138/3250 train_time:104.496s step_avg:48.88ms
step:2139/3250 train_time:104.650s step_avg:48.92ms
step:2140/3250 train_time:104.803s step_avg:48.97ms
step:2141/3250 train_time:104.959s step_avg:49.02ms
step:2142/3250 train_time:105.113s step_avg:49.07ms
step:2143/3250 train_time:105.268s step_avg:49.12ms
step:2144/3250 train_time:105.420s step_avg:49.17ms
step:2145/3250 train_time:105.574s step_avg:49.22ms
step:2146/3250 train_time:105.728s step_avg:49.27ms
step:2147/3250 train_time:105.882s step_avg:49.32ms
step:2148/3250 train_time:106.037s step_avg:49.37ms
step:2149/3250 train_time:106.190s step_avg:49.41ms
step:2150/3250 train_time:106.345s step_avg:49.46ms
step:2151/3250 train_time:106.498s step_avg:49.51ms
step:2152/3250 train_time:106.653s step_avg:49.56ms
step:2153/3250 train_time:106.807s step_avg:49.61ms
step:2154/3250 train_time:106.961s step_avg:49.66ms
step:2155/3250 train_time:107.114s step_avg:49.70ms
step:2156/3250 train_time:107.269s step_avg:49.75ms
step:2157/3250 train_time:107.423s step_avg:49.80ms
step:2158/3250 train_time:107.577s step_avg:49.85ms
step:2159/3250 train_time:107.731s step_avg:49.90ms
step:2160/3250 train_time:107.887s step_avg:49.95ms
step:2161/3250 train_time:108.040s step_avg:50.00ms
step:2162/3250 train_time:108.193s step_avg:50.04ms
step:2163/3250 train_time:108.348s step_avg:50.09ms
step:2164/3250 train_time:108.501s step_avg:50.14ms
step:2165/3250 train_time:108.656s step_avg:50.19ms
step:2166/3250 train_time:108.810s step_avg:50.24ms
step:2167/3250 train_time:108.966s step_avg:50.28ms
step:2168/3250 train_time:109.119s step_avg:50.33ms
step:2169/3250 train_time:109.273s step_avg:50.38ms
step:2170/3250 train_time:109.426s step_avg:50.43ms
step:2171/3250 train_time:109.580s step_avg:50.47ms
step:2172/3250 train_time:109.733s step_avg:50.52ms
step:2173/3250 train_time:109.890s step_avg:50.57ms
step:2174/3250 train_time:110.045s step_avg:50.62ms
step:2175/3250 train_time:110.197s step_avg:50.67ms
step:2176/3250 train_time:110.351s step_avg:50.71ms
step:2177/3250 train_time:110.505s step_avg:50.76ms
step:2178/3250 train_time:110.659s step_avg:50.81ms
step:2179/3250 train_time:110.813s step_avg:50.85ms
step:2180/3250 train_time:110.969s step_avg:50.90ms
step:2181/3250 train_time:111.122s step_avg:50.95ms
step:2182/3250 train_time:111.276s step_avg:51.00ms
step:2183/3250 train_time:111.430s step_avg:51.04ms
step:2184/3250 train_time:111.584s step_avg:51.09ms
step:2185/3250 train_time:111.737s step_avg:51.14ms
step:2186/3250 train_time:111.890s step_avg:51.19ms
step:2187/3250 train_time:112.045s step_avg:51.23ms
step:2188/3250 train_time:112.198s step_avg:51.28ms
step:2189/3250 train_time:112.352s step_avg:51.33ms
step:2190/3250 train_time:112.507s step_avg:51.37ms
step:2191/3250 train_time:112.660s step_avg:51.42ms
step:2192/3250 train_time:112.814s step_avg:51.47ms
step:2193/3250 train_time:112.969s step_avg:51.51ms
step:2194/3250 train_time:113.123s step_avg:51.56ms
step:2195/3250 train_time:113.277s step_avg:51.61ms
step:2196/3250 train_time:113.431s step_avg:51.65ms
step:2197/3250 train_time:113.587s step_avg:51.70ms
step:2198/3250 train_time:113.740s step_avg:51.75ms
step:2199/3250 train_time:113.893s step_avg:51.79ms
step:2200/3250 train_time:114.049s step_avg:51.84ms
step:2201/3250 train_time:114.201s step_avg:51.89ms
step:2202/3250 train_time:114.355s step_avg:51.93ms
step:2203/3250 train_time:114.509s step_avg:51.98ms
step:2204/3250 train_time:114.665s step_avg:52.03ms
step:2205/3250 train_time:114.818s step_avg:52.07ms
step:2206/3250 train_time:114.972s step_avg:52.12ms
step:2207/3250 train_time:115.126s step_avg:52.16ms
step:2208/3250 train_time:115.280s step_avg:52.21ms
step:2209/3250 train_time:115.435s step_avg:52.26ms
step:2210/3250 train_time:115.590s step_avg:52.30ms
step:2211/3250 train_time:115.745s step_avg:52.35ms
step:2212/3250 train_time:115.897s step_avg:52.39ms
step:2213/3250 train_time:116.051s step_avg:52.44ms
step:2214/3250 train_time:116.206s step_avg:52.49ms
step:2215/3250 train_time:116.360s step_avg:52.53ms
step:2216/3250 train_time:116.513s step_avg:52.58ms
step:2217/3250 train_time:116.670s step_avg:52.63ms
step:2218/3250 train_time:116.825s step_avg:52.67ms
step:2219/3250 train_time:116.978s step_avg:52.72ms
step:2220/3250 train_time:117.134s step_avg:52.76ms
step:2221/3250 train_time:117.289s step_avg:52.81ms
step:2222/3250 train_time:117.443s step_avg:52.85ms
step:2223/3250 train_time:117.596s step_avg:52.90ms
step:2224/3250 train_time:117.750s step_avg:52.95ms
step:2225/3250 train_time:117.904s step_avg:52.99ms
step:2226/3250 train_time:118.056s step_avg:53.04ms
step:2227/3250 train_time:118.211s step_avg:53.08ms
step:2228/3250 train_time:118.365s step_avg:53.13ms
step:2229/3250 train_time:118.518s step_avg:53.17ms
step:2230/3250 train_time:118.672s step_avg:53.22ms
step:2231/3250 train_time:118.827s step_avg:53.26ms
step:2232/3250 train_time:118.980s step_avg:53.31ms
step:2233/3250 train_time:119.134s step_avg:53.35ms
step:2234/3250 train_time:119.289s step_avg:53.40ms
step:2235/3250 train_time:119.443s step_avg:53.44ms
step:2236/3250 train_time:119.596s step_avg:53.49ms
step:2237/3250 train_time:119.752s step_avg:53.53ms
step:2238/3250 train_time:119.906s step_avg:53.58ms
step:2239/3250 train_time:120.060s step_avg:53.62ms
step:2240/3250 train_time:120.213s step_avg:53.67ms
step:2241/3250 train_time:120.369s step_avg:53.71ms
step:2242/3250 train_time:120.522s step_avg:53.76ms
step:2243/3250 train_time:120.675s step_avg:53.80ms
step:2244/3250 train_time:120.830s step_avg:53.85ms
step:2245/3250 train_time:120.985s step_avg:53.89ms
step:2246/3250 train_time:121.138s step_avg:53.93ms
step:2247/3250 train_time:121.292s step_avg:53.98ms
step:2248/3250 train_time:121.448s step_avg:54.02ms
step:2249/3250 train_time:121.601s step_avg:54.07ms
step:2250/3250 train_time:121.756s step_avg:54.11ms
step:2250/3250 val_loss:3.54321 train_time:121.768s step_avg:159.07ms
step:2251/3250 train_time:122.547s step_avg:54.44ms
step:2252/3250 train_time:122.685s step_avg:54.48ms
step:2253/3250 train_time:122.838s step_avg:54.52ms
step:2254/3250 train_time:122.992s step_avg:54.57ms
step:2255/3250 train_time:123.146s step_avg:54.61ms
step:2256/3250 train_time:123.299s step_avg:54.65ms
step:2257/3250 train_time:123.452s step_avg:54.70ms
step:2258/3250 train_time:123.606s step_avg:54.74ms
step:2259/3250 train_time:123.759s step_avg:54.79ms
step:2260/3250 train_time:123.913s step_avg:54.83ms
step:2261/3250 train_time:124.069s step_avg:54.87ms
step:2262/3250 train_time:124.222s step_avg:54.92ms
step:2263/3250 train_time:124.377s step_avg:54.96ms
step:2264/3250 train_time:124.531s step_avg:55.00ms
step:2265/3250 train_time:124.686s step_avg:55.05ms
step:2266/3250 train_time:124.839s step_avg:55.09ms
step:2267/3250 train_time:124.993s step_avg:55.14ms
step:2268/3250 train_time:125.145s step_avg:55.18ms
step:2269/3250 train_time:125.302s step_avg:55.22ms
step:2270/3250 train_time:125.457s step_avg:55.27ms
step:2271/3250 train_time:125.610s step_avg:55.31ms
step:2272/3250 train_time:125.763s step_avg:55.35ms
step:2273/3250 train_time:125.919s step_avg:55.40ms
step:2274/3250 train_time:126.072s step_avg:55.44ms
step:2275/3250 train_time:126.226s step_avg:55.48ms
step:2276/3250 train_time:126.378s step_avg:55.53ms
step:2277/3250 train_time:126.531s step_avg:55.57ms
step:2278/3250 train_time:126.685s step_avg:55.61ms
step:2279/3250 train_time:126.840s step_avg:55.66ms
step:2280/3250 train_time:126.994s step_avg:55.70ms
step:2281/3250 train_time:127.180s step_avg:55.76ms
step:2282/3250 train_time:127.332s step_avg:55.80ms
step:2283/3250 train_time:127.486s step_avg:55.84ms
step:2284/3250 train_time:127.639s step_avg:55.88ms
step:2285/3250 train_time:127.792s step_avg:55.93ms
step:2286/3250 train_time:127.947s step_avg:55.97ms
step:2287/3250 train_time:128.102s step_avg:56.01ms
step:2288/3250 train_time:128.256s step_avg:56.06ms
step:2289/3250 train_time:128.410s step_avg:56.10ms
step:2290/3250 train_time:128.564s step_avg:56.14ms
step:2291/3250 train_time:128.719s step_avg:56.18ms
step:2292/3250 train_time:128.874s step_avg:56.23ms
step:2293/3250 train_time:129.028s step_avg:56.27ms
step:2294/3250 train_time:129.181s step_avg:56.31ms
step:2295/3250 train_time:129.334s step_avg:56.35ms
step:2296/3250 train_time:129.489s step_avg:56.40ms
step:2297/3250 train_time:129.642s step_avg:56.44ms
step:2298/3250 train_time:129.797s step_avg:56.48ms
step:2299/3250 train_time:129.951s step_avg:56.52ms
step:2300/3250 train_time:130.105s step_avg:56.57ms
step:2301/3250 train_time:130.261s step_avg:56.61ms
step:2302/3250 train_time:130.415s step_avg:56.65ms
step:2303/3250 train_time:130.569s step_avg:56.70ms
step:2304/3250 train_time:130.723s step_avg:56.74ms
step:2305/3250 train_time:130.877s step_avg:56.78ms
step:2306/3250 train_time:131.030s step_avg:56.82ms
step:2307/3250 train_time:131.185s step_avg:56.86ms
step:2308/3250 train_time:131.339s step_avg:56.91ms
step:2309/3250 train_time:131.493s step_avg:56.95ms
step:2310/3250 train_time:131.646s step_avg:56.99ms
step:2311/3250 train_time:131.803s step_avg:57.03ms
step:2312/3250 train_time:131.957s step_avg:57.07ms
step:2313/3250 train_time:132.110s step_avg:57.12ms
step:2314/3250 train_time:132.264s step_avg:57.16ms
step:2315/3250 train_time:132.420s step_avg:57.20ms
step:2316/3250 train_time:132.573s step_avg:57.24ms
step:2317/3250 train_time:132.727s step_avg:57.28ms
step:2318/3250 train_time:132.882s step_avg:57.33ms
step:2319/3250 train_time:133.036s step_avg:57.37ms
step:2320/3250 train_time:133.189s step_avg:57.41ms
step:2321/3250 train_time:133.342s step_avg:57.45ms
step:2322/3250 train_time:133.497s step_avg:57.49ms
step:2323/3250 train_time:133.650s step_avg:57.53ms
step:2324/3250 train_time:133.804s step_avg:57.57ms
step:2325/3250 train_time:133.958s step_avg:57.62ms
step:2326/3250 train_time:134.112s step_avg:57.66ms
step:2327/3250 train_time:134.269s step_avg:57.70ms
step:2328/3250 train_time:134.423s step_avg:57.74ms
step:2329/3250 train_time:134.578s step_avg:57.78ms
step:2330/3250 train_time:134.730s step_avg:57.82ms
step:2331/3250 train_time:134.884s step_avg:57.87ms
step:2332/3250 train_time:135.038s step_avg:57.91ms
step:2333/3250 train_time:135.191s step_avg:57.95ms
step:2334/3250 train_time:135.346s step_avg:57.99ms
step:2335/3250 train_time:135.501s step_avg:58.03ms
step:2336/3250 train_time:135.656s step_avg:58.07ms
step:2337/3250 train_time:135.810s step_avg:58.11ms
step:2338/3250 train_time:135.964s step_avg:58.15ms
step:2339/3250 train_time:136.120s step_avg:58.20ms
step:2340/3250 train_time:136.275s step_avg:58.24ms
step:2341/3250 train_time:136.429s step_avg:58.28ms
step:2342/3250 train_time:136.583s step_avg:58.32ms
step:2343/3250 train_time:136.737s step_avg:58.36ms
step:2344/3250 train_time:136.891s step_avg:58.40ms
step:2345/3250 train_time:137.046s step_avg:58.44ms
step:2346/3250 train_time:137.201s step_avg:58.48ms
step:2347/3250 train_time:137.355s step_avg:58.52ms
step:2348/3250 train_time:137.510s step_avg:58.56ms
step:2349/3250 train_time:137.663s step_avg:58.60ms
step:2350/3250 train_time:137.818s step_avg:58.65ms
step:2351/3250 train_time:137.972s step_avg:58.69ms
step:2352/3250 train_time:138.127s step_avg:58.73ms
step:2353/3250 train_time:138.280s step_avg:58.77ms
step:2354/3250 train_time:138.434s step_avg:58.81ms
step:2355/3250 train_time:138.589s step_avg:58.85ms
step:2356/3250 train_time:138.745s step_avg:58.89ms
step:2357/3250 train_time:138.901s step_avg:58.93ms
step:2358/3250 train_time:139.056s step_avg:58.97ms
step:2359/3250 train_time:139.210s step_avg:59.01ms
step:2360/3250 train_time:139.364s step_avg:59.05ms
step:2361/3250 train_time:139.521s step_avg:59.09ms
step:2362/3250 train_time:139.675s step_avg:59.13ms
step:2363/3250 train_time:139.829s step_avg:59.17ms
step:2364/3250 train_time:139.984s step_avg:59.21ms
step:2365/3250 train_time:140.139s step_avg:59.26ms
step:2366/3250 train_time:140.294s step_avg:59.30ms
step:2367/3250 train_time:140.448s step_avg:59.34ms
step:2368/3250 train_time:140.602s step_avg:59.38ms
step:2369/3250 train_time:140.757s step_avg:59.42ms
step:2370/3250 train_time:140.910s step_avg:59.46ms
step:2371/3250 train_time:141.064s step_avg:59.50ms
step:2372/3250 train_time:141.220s step_avg:59.54ms
step:2373/3250 train_time:141.373s step_avg:59.58ms
step:2374/3250 train_time:141.526s step_avg:59.62ms
step:2375/3250 train_time:141.681s step_avg:59.66ms
step:2375/3250 val_loss:3.53512 train_time:141.693s step_avg:159.40ms
step:2376/3250 train_time:142.489s step_avg:59.97ms
step:2377/3250 train_time:142.628s step_avg:60.00ms
step:2378/3250 train_time:142.781s step_avg:60.04ms
step:2379/3250 train_time:142.935s step_avg:60.08ms
step:2380/3250 train_time:143.088s step_avg:60.12ms
step:2381/3250 train_time:143.241s step_avg:60.16ms
step:2382/3250 train_time:143.395s step_avg:60.20ms
step:2383/3250 train_time:143.549s step_avg:60.24ms
step:2384/3250 train_time:143.703s step_avg:60.28ms
step:2385/3250 train_time:143.857s step_avg:60.32ms
step:2386/3250 train_time:144.011s step_avg:60.36ms
step:2387/3250 train_time:144.165s step_avg:60.40ms
step:2388/3250 train_time:144.318s step_avg:60.43ms
step:2389/3250 train_time:144.471s step_avg:60.47ms
step:2390/3250 train_time:144.626s step_avg:60.51ms
step:2391/3250 train_time:144.780s step_avg:60.55ms
step:2392/3250 train_time:144.934s step_avg:60.59ms
step:2393/3250 train_time:145.087s step_avg:60.63ms
step:2394/3250 train_time:145.241s step_avg:60.67ms
step:2395/3250 train_time:145.397s step_avg:60.71ms
step:2396/3250 train_time:145.551s step_avg:60.75ms
step:2397/3250 train_time:145.705s step_avg:60.79ms
step:2398/3250 train_time:145.858s step_avg:60.82ms
step:2399/3250 train_time:146.012s step_avg:60.86ms
step:2400/3250 train_time:146.165s step_avg:60.90ms
step:2401/3250 train_time:146.319s step_avg:60.94ms
step:2402/3250 train_time:146.473s step_avg:60.98ms
step:2403/3250 train_time:146.627s step_avg:61.02ms
step:2404/3250 train_time:146.781s step_avg:61.06ms
step:2405/3250 train_time:146.936s step_avg:61.10ms
step:2406/3250 train_time:147.090s step_avg:61.13ms
step:2407/3250 train_time:147.245s step_avg:61.17ms
step:2408/3250 train_time:147.398s step_avg:61.21ms
step:2409/3250 train_time:147.552s step_avg:61.25ms
step:2410/3250 train_time:147.707s step_avg:61.29ms
step:2411/3250 train_time:147.860s step_avg:61.33ms
step:2412/3250 train_time:148.015s step_avg:61.37ms
step:2413/3250 train_time:148.169s step_avg:61.40ms
step:2414/3250 train_time:148.324s step_avg:61.44ms
step:2415/3250 train_time:148.477s step_avg:61.48ms
step:2416/3250 train_time:148.632s step_avg:61.52ms
step:2417/3250 train_time:148.787s step_avg:61.56ms
step:2418/3250 train_time:148.942s step_avg:61.60ms
step:2419/3250 train_time:149.097s step_avg:61.64ms
step:2420/3250 train_time:149.250s step_avg:61.67ms
step:2421/3250 train_time:149.404s step_avg:61.71ms
step:2422/3250 train_time:149.557s step_avg:61.75ms
step:2423/3250 train_time:149.711s step_avg:61.79ms
step:2424/3250 train_time:149.866s step_avg:61.83ms
step:2425/3250 train_time:150.019s step_avg:61.86ms
step:2426/3250 train_time:150.173s step_avg:61.90ms
step:2427/3250 train_time:150.330s step_avg:61.94ms
step:2428/3250 train_time:150.485s step_avg:61.98ms
step:2429/3250 train_time:150.639s step_avg:62.02ms
step:2430/3250 train_time:150.793s step_avg:62.05ms
step:2431/3250 train_time:150.947s step_avg:62.09ms
step:2432/3250 train_time:151.100s step_avg:62.13ms
step:2433/3250 train_time:151.255s step_avg:62.17ms
step:2434/3250 train_time:151.410s step_avg:62.21ms
step:2435/3250 train_time:151.565s step_avg:62.24ms
step:2436/3250 train_time:151.718s step_avg:62.28ms
step:2437/3250 train_time:151.872s step_avg:62.32ms
step:2438/3250 train_time:152.027s step_avg:62.36ms
step:2439/3250 train_time:152.181s step_avg:62.39ms
step:2440/3250 train_time:152.338s step_avg:62.43ms
step:2441/3250 train_time:152.493s step_avg:62.47ms
step:2442/3250 train_time:152.648s step_avg:62.51ms
step:2443/3250 train_time:152.803s step_avg:62.55ms
step:2444/3250 train_time:152.956s step_avg:62.58ms
step:2445/3250 train_time:153.110s step_avg:62.62ms
step:2446/3250 train_time:153.264s step_avg:62.66ms
step:2447/3250 train_time:153.417s step_avg:62.70ms
step:2448/3250 train_time:153.572s step_avg:62.73ms
step:2449/3250 train_time:153.728s step_avg:62.77ms
step:2450/3250 train_time:153.881s step_avg:62.81ms
step:2451/3250 train_time:154.038s step_avg:62.85ms
step:2452/3250 train_time:154.192s step_avg:62.88ms
step:2453/3250 train_time:154.347s step_avg:62.92ms
step:2454/3250 train_time:154.501s step_avg:62.96ms
step:2455/3250 train_time:154.654s step_avg:63.00ms
step:2456/3250 train_time:154.809s step_avg:63.03ms
step:2457/3250 train_time:154.963s step_avg:63.07ms
step:2458/3250 train_time:155.117s step_avg:63.11ms
step:2459/3250 train_time:155.271s step_avg:63.14ms
step:2460/3250 train_time:155.427s step_avg:63.18ms
step:2461/3250 train_time:155.581s step_avg:63.22ms
step:2462/3250 train_time:155.735s step_avg:63.26ms
step:2463/3250 train_time:155.890s step_avg:63.29ms
step:2464/3250 train_time:156.044s step_avg:63.33ms
step:2465/3250 train_time:156.198s step_avg:63.37ms
step:2466/3250 train_time:156.352s step_avg:63.40ms
step:2467/3250 train_time:156.507s step_avg:63.44ms
step:2468/3250 train_time:156.660s step_avg:63.48ms
step:2469/3250 train_time:156.814s step_avg:63.51ms
step:2470/3250 train_time:156.969s step_avg:63.55ms
step:2471/3250 train_time:157.153s step_avg:63.60ms
step:2472/3250 train_time:157.308s step_avg:63.64ms
step:2473/3250 train_time:157.460s step_avg:63.67ms
step:2474/3250 train_time:157.615s step_avg:63.71ms
step:2475/3250 train_time:157.769s step_avg:63.75ms
step:2476/3250 train_time:157.924s step_avg:63.78ms
step:2477/3250 train_time:158.077s step_avg:63.82ms
step:2478/3250 train_time:158.232s step_avg:63.85ms
step:2479/3250 train_time:158.386s step_avg:63.89ms
step:2480/3250 train_time:158.539s step_avg:63.93ms
step:2481/3250 train_time:158.692s step_avg:63.96ms
step:2482/3250 train_time:158.847s step_avg:64.00ms
step:2483/3250 train_time:159.000s step_avg:64.04ms
step:2484/3250 train_time:159.155s step_avg:64.07ms
step:2485/3250 train_time:159.309s step_avg:64.11ms
step:2486/3250 train_time:159.462s step_avg:64.14ms
step:2487/3250 train_time:159.617s step_avg:64.18ms
step:2488/3250 train_time:159.771s step_avg:64.22ms
step:2489/3250 train_time:159.927s step_avg:64.25ms
step:2490/3250 train_time:160.081s step_avg:64.29ms
step:2491/3250 train_time:160.235s step_avg:64.33ms
step:2492/3250 train_time:160.389s step_avg:64.36ms
step:2493/3250 train_time:160.542s step_avg:64.40ms
step:2494/3250 train_time:160.697s step_avg:64.43ms
step:2495/3250 train_time:160.851s step_avg:64.47ms
step:2496/3250 train_time:161.005s step_avg:64.51ms
step:2497/3250 train_time:161.158s step_avg:64.54ms
step:2498/3250 train_time:161.313s step_avg:64.58ms
step:2499/3250 train_time:161.467s step_avg:64.61ms
step:2500/3250 train_time:161.621s step_avg:64.65ms
step:2500/3250 val_loss:3.53016 train_time:161.633s step_avg:159.51ms
step:2501/3250 train_time:162.414s step_avg:64.94ms
step:2502/3250 train_time:162.555s step_avg:64.97ms
step:2503/3250 train_time:162.708s step_avg:65.01ms
step:2504/3250 train_time:162.863s step_avg:65.04ms
step:2505/3250 train_time:163.016s step_avg:65.08ms
step:2506/3250 train_time:163.170s step_avg:65.11ms
step:2507/3250 train_time:163.324s step_avg:65.15ms
step:2508/3250 train_time:163.480s step_avg:65.18ms
step:2509/3250 train_time:163.633s step_avg:65.22ms
step:2510/3250 train_time:163.786s step_avg:65.25ms
step:2511/3250 train_time:163.940s step_avg:65.29ms
step:2512/3250 train_time:164.093s step_avg:65.32ms
step:2513/3250 train_time:164.248s step_avg:65.36ms
step:2514/3250 train_time:164.402s step_avg:65.39ms
step:2515/3250 train_time:164.559s step_avg:65.43ms
step:2516/3250 train_time:164.711s step_avg:65.47ms
step:2517/3250 train_time:164.866s step_avg:65.50ms
step:2518/3250 train_time:165.020s step_avg:65.54ms
step:2519/3250 train_time:165.173s step_avg:65.57ms
step:2520/3250 train_time:165.328s step_avg:65.61ms
step:2521/3250 train_time:165.482s step_avg:65.64ms
step:2522/3250 train_time:165.636s step_avg:65.68ms
step:2523/3250 train_time:165.789s step_avg:65.71ms
step:2524/3250 train_time:165.944s step_avg:65.75ms
step:2525/3250 train_time:166.098s step_avg:65.78ms
step:2526/3250 train_time:166.252s step_avg:65.82ms
step:2527/3250 train_time:166.407s step_avg:65.85ms
step:2528/3250 train_time:166.561s step_avg:65.89ms
step:2529/3250 train_time:166.715s step_avg:65.92ms
step:2530/3250 train_time:166.869s step_avg:65.96ms
step:2531/3250 train_time:167.023s step_avg:65.99ms
step:2532/3250 train_time:167.178s step_avg:66.03ms
step:2533/3250 train_time:167.333s step_avg:66.06ms
step:2534/3250 train_time:167.486s step_avg:66.10ms
step:2535/3250 train_time:167.640s step_avg:66.13ms
step:2536/3250 train_time:167.795s step_avg:66.17ms
step:2537/3250 train_time:167.949s step_avg:66.20ms
step:2538/3250 train_time:168.103s step_avg:66.23ms
step:2539/3250 train_time:168.258s step_avg:66.27ms
step:2540/3250 train_time:168.412s step_avg:66.30ms
step:2541/3250 train_time:168.566s step_avg:66.34ms
step:2542/3250 train_time:168.720s step_avg:66.37ms
step:2543/3250 train_time:168.874s step_avg:66.41ms
step:2544/3250 train_time:169.028s step_avg:66.44ms
step:2545/3250 train_time:169.182s step_avg:66.48ms
step:2546/3250 train_time:169.338s step_avg:66.51ms
step:2547/3250 train_time:169.491s step_avg:66.55ms
step:2548/3250 train_time:169.645s step_avg:66.58ms
step:2549/3250 train_time:169.799s step_avg:66.61ms
step:2550/3250 train_time:169.954s step_avg:66.65ms
step:2551/3250 train_time:170.108s step_avg:66.68ms
step:2552/3250 train_time:170.262s step_avg:66.72ms
step:2553/3250 train_time:170.416s step_avg:66.75ms
step:2554/3250 train_time:170.569s step_avg:66.78ms
step:2555/3250 train_time:170.723s step_avg:66.82ms
step:2556/3250 train_time:170.879s step_avg:66.85ms
step:2557/3250 train_time:171.034s step_avg:66.89ms
step:2558/3250 train_time:171.188s step_avg:66.92ms
step:2559/3250 train_time:171.343s step_avg:66.96ms
step:2560/3250 train_time:171.497s step_avg:66.99ms
step:2561/3250 train_time:171.653s step_avg:67.03ms
step:2562/3250 train_time:171.806s step_avg:67.06ms
step:2563/3250 train_time:171.961s step_avg:67.09ms
step:2564/3250 train_time:172.115s step_avg:67.13ms
step:2565/3250 train_time:172.269s step_avg:67.16ms
step:2566/3250 train_time:172.423s step_avg:67.20ms
step:2567/3250 train_time:172.578s step_avg:67.23ms
step:2568/3250 train_time:172.733s step_avg:67.26ms
step:2569/3250 train_time:172.887s step_avg:67.30ms
step:2570/3250 train_time:173.041s step_avg:67.33ms
step:2571/3250 train_time:173.196s step_avg:67.37ms
step:2572/3250 train_time:173.350s step_avg:67.40ms
step:2573/3250 train_time:173.504s step_avg:67.43ms
step:2574/3250 train_time:173.660s step_avg:67.47ms
step:2575/3250 train_time:173.815s step_avg:67.50ms
step:2576/3250 train_time:173.969s step_avg:67.53ms
step:2577/3250 train_time:174.124s step_avg:67.57ms
step:2578/3250 train_time:174.278s step_avg:67.60ms
step:2579/3250 train_time:174.432s step_avg:67.64ms
step:2580/3250 train_time:174.585s step_avg:67.67ms
step:2581/3250 train_time:174.740s step_avg:67.70ms
step:2582/3250 train_time:174.894s step_avg:67.74ms
step:2583/3250 train_time:175.048s step_avg:67.77ms
step:2584/3250 train_time:175.202s step_avg:67.80ms
step:2585/3250 train_time:175.356s step_avg:67.84ms
step:2586/3250 train_time:175.509s step_avg:67.87ms
step:2587/3250 train_time:175.664s step_avg:67.90ms
step:2588/3250 train_time:175.818s step_avg:67.94ms
step:2589/3250 train_time:175.972s step_avg:67.97ms
step:2590/3250 train_time:176.127s step_avg:68.00ms
step:2591/3250 train_time:176.281s step_avg:68.04ms
step:2592/3250 train_time:176.436s step_avg:68.07ms
step:2593/3250 train_time:176.590s step_avg:68.10ms
step:2594/3250 train_time:176.744s step_avg:68.14ms
step:2595/3250 train_time:176.898s step_avg:68.17ms
step:2596/3250 train_time:177.052s step_avg:68.20ms
step:2597/3250 train_time:177.207s step_avg:68.24ms
step:2598/3250 train_time:177.363s step_avg:68.27ms
step:2599/3250 train_time:177.518s step_avg:68.30ms
step:2600/3250 train_time:177.672s step_avg:68.34ms
step:2601/3250 train_time:177.826s step_avg:68.37ms
step:2602/3250 train_time:177.981s step_avg:68.40ms
step:2603/3250 train_time:178.135s step_avg:68.43ms
step:2604/3250 train_time:178.288s step_avg:68.47ms
step:2605/3250 train_time:178.443s step_avg:68.50ms
step:2606/3250 train_time:178.598s step_avg:68.53ms
step:2607/3250 train_time:178.751s step_avg:68.57ms
step:2608/3250 train_time:178.906s step_avg:68.60ms
step:2609/3250 train_time:179.061s step_avg:68.63ms
step:2610/3250 train_time:179.216s step_avg:68.67ms
step:2611/3250 train_time:179.370s step_avg:68.70ms
step:2612/3250 train_time:179.525s step_avg:68.73ms
step:2613/3250 train_time:179.680s step_avg:68.76ms
step:2614/3250 train_time:179.834s step_avg:68.80ms
step:2615/3250 train_time:179.988s step_avg:68.83ms
step:2616/3250 train_time:180.143s step_avg:68.86ms
step:2617/3250 train_time:180.296s step_avg:68.89ms
step:2618/3250 train_time:180.450s step_avg:68.93ms
step:2619/3250 train_time:180.605s step_avg:68.96ms
step:2620/3250 train_time:180.760s step_avg:68.99ms
step:2621/3250 train_time:180.913s step_avg:69.02ms
step:2622/3250 train_time:181.067s step_avg:69.06ms
step:2623/3250 train_time:181.221s step_avg:69.09ms
step:2624/3250 train_time:181.377s step_avg:69.12ms
step:2625/3250 train_time:181.531s step_avg:69.15ms
step:2625/3250 val_loss:3.52201 train_time:181.543s step_avg:159.28ms
step:2626/3250 train_time:182.341s step_avg:69.44ms
step:2627/3250 train_time:182.480s step_avg:69.46ms
step:2628/3250 train_time:182.633s step_avg:69.50ms
step:2629/3250 train_time:182.788s step_avg:69.53ms
step:2630/3250 train_time:182.941s step_avg:69.56ms
step:2631/3250 train_time:183.096s step_avg:69.59ms
step:2632/3250 train_time:183.250s step_avg:69.62ms
step:2633/3250 train_time:183.407s step_avg:69.66ms
step:2634/3250 train_time:183.560s step_avg:69.69ms
step:2635/3250 train_time:183.714s step_avg:69.72ms
step:2636/3250 train_time:183.868s step_avg:69.75ms
step:2637/3250 train_time:184.021s step_avg:69.78ms
step:2638/3250 train_time:184.175s step_avg:69.82ms
step:2639/3250 train_time:184.330s step_avg:69.85ms
step:2640/3250 train_time:184.484s step_avg:69.88ms
step:2641/3250 train_time:184.636s step_avg:69.91ms
step:2642/3250 train_time:184.790s step_avg:69.94ms
step:2643/3250 train_time:184.947s step_avg:69.98ms
step:2644/3250 train_time:185.101s step_avg:70.01ms
step:2645/3250 train_time:185.255s step_avg:70.04ms
step:2646/3250 train_time:185.409s step_avg:70.07ms
step:2647/3250 train_time:185.563s step_avg:70.10ms
step:2648/3250 train_time:185.716s step_avg:70.13ms
step:2649/3250 train_time:185.872s step_avg:70.17ms
step:2650/3250 train_time:186.027s step_avg:70.20ms
step:2651/3250 train_time:186.180s step_avg:70.23ms
step:2652/3250 train_time:186.335s step_avg:70.26ms
step:2653/3250 train_time:186.488s step_avg:70.29ms
step:2654/3250 train_time:186.643s step_avg:70.33ms
step:2655/3250 train_time:186.797s step_avg:70.36ms
step:2656/3250 train_time:186.951s step_avg:70.39ms
step:2657/3250 train_time:187.107s step_avg:70.42ms
step:2658/3250 train_time:187.262s step_avg:70.45ms
step:2659/3250 train_time:187.415s step_avg:70.48ms
step:2660/3250 train_time:187.569s step_avg:70.51ms
step:2661/3250 train_time:187.754s step_avg:70.56ms
step:2662/3250 train_time:187.908s step_avg:70.59ms
step:2663/3250 train_time:188.061s step_avg:70.62ms
step:2664/3250 train_time:188.215s step_avg:70.65ms
step:2665/3250 train_time:188.368s step_avg:70.68ms
step:2666/3250 train_time:188.523s step_avg:70.71ms
step:2667/3250 train_time:188.678s step_avg:70.75ms
step:2668/3250 train_time:188.832s step_avg:70.78ms
step:2669/3250 train_time:188.987s step_avg:70.81ms
step:2670/3250 train_time:189.141s step_avg:70.84ms
step:2671/3250 train_time:189.295s step_avg:70.87ms
step:2672/3250 train_time:189.449s step_avg:70.90ms
step:2673/3250 train_time:189.604s step_avg:70.93ms
step:2674/3250 train_time:189.757s step_avg:70.96ms
step:2675/3250 train_time:189.912s step_avg:71.00ms
step:2676/3250 train_time:190.067s step_avg:71.03ms
step:2677/3250 train_time:190.220s step_avg:71.06ms
step:2678/3250 train_time:190.375s step_avg:71.09ms
step:2679/3250 train_time:190.528s step_avg:71.12ms
step:2680/3250 train_time:190.683s step_avg:71.15ms
step:2681/3250 train_time:190.836s step_avg:71.18ms
step:2682/3250 train_time:190.990s step_avg:71.21ms
step:2683/3250 train_time:191.144s step_avg:71.24ms
step:2684/3250 train_time:191.298s step_avg:71.27ms
step:2685/3250 train_time:191.451s step_avg:71.30ms
step:2686/3250 train_time:191.607s step_avg:71.34ms
step:2687/3250 train_time:191.762s step_avg:71.37ms
step:2688/3250 train_time:191.916s step_avg:71.40ms
step:2689/3250 train_time:192.071s step_avg:71.43ms
step:2690/3250 train_time:192.226s step_avg:71.46ms
step:2691/3250 train_time:192.379s step_avg:71.49ms
step:2692/3250 train_time:192.533s step_avg:71.52ms
step:2693/3250 train_time:192.689s step_avg:71.55ms
step:2694/3250 train_time:192.846s step_avg:71.58ms
step:2695/3250 train_time:193.001s step_avg:71.61ms
step:2696/3250 train_time:193.155s step_avg:71.64ms
step:2697/3250 train_time:193.309s step_avg:71.68ms
step:2698/3250 train_time:193.463s step_avg:71.71ms
step:2699/3250 train_time:193.617s step_avg:71.74ms
step:2700/3250 train_time:193.772s step_avg:71.77ms
step:2701/3250 train_time:193.927s step_avg:71.80ms
step:2702/3250 train_time:194.081s step_avg:71.83ms
step:2703/3250 train_time:194.235s step_avg:71.86ms
step:2704/3250 train_time:194.390s step_avg:71.89ms
step:2705/3250 train_time:194.545s step_avg:71.92ms
step:2706/3250 train_time:194.698s step_avg:71.95ms
step:2707/3250 train_time:194.854s step_avg:71.98ms
step:2708/3250 train_time:195.008s step_avg:72.01ms
step:2709/3250 train_time:195.162s step_avg:72.04ms
step:2710/3250 train_time:195.316s step_avg:72.07ms
step:2711/3250 train_time:195.470s step_avg:72.10ms
step:2712/3250 train_time:195.625s step_avg:72.13ms
step:2713/3250 train_time:195.779s step_avg:72.16ms
step:2714/3250 train_time:195.933s step_avg:72.19ms
step:2715/3250 train_time:196.089s step_avg:72.22ms
step:2716/3250 train_time:196.243s step_avg:72.25ms
step:2717/3250 train_time:196.398s step_avg:72.28ms
step:2718/3250 train_time:196.552s step_avg:72.32ms
step:2719/3250 train_time:196.709s step_avg:72.35ms
step:2720/3250 train_time:196.864s step_avg:72.38ms
step:2721/3250 train_time:197.018s step_avg:72.41ms
step:2722/3250 train_time:197.172s step_avg:72.44ms
step:2723/3250 train_time:197.326s step_avg:72.47ms
step:2724/3250 train_time:197.480s step_avg:72.50ms
step:2725/3250 train_time:197.633s step_avg:72.53ms
step:2726/3250 train_time:197.789s step_avg:72.56ms
step:2727/3250 train_time:197.945s step_avg:72.59ms
step:2728/3250 train_time:198.100s step_avg:72.62ms
step:2729/3250 train_time:198.253s step_avg:72.65ms
step:2730/3250 train_time:198.408s step_avg:72.68ms
step:2731/3250 train_time:198.563s step_avg:72.71ms
step:2732/3250 train_time:198.716s step_avg:72.74ms
step:2733/3250 train_time:198.870s step_avg:72.77ms
step:2734/3250 train_time:199.025s step_avg:72.80ms
step:2735/3250 train_time:199.178s step_avg:72.83ms
step:2736/3250 train_time:199.332s step_avg:72.86ms
step:2737/3250 train_time:199.488s step_avg:72.89ms
step:2738/3250 train_time:199.642s step_avg:72.92ms
step:2739/3250 train_time:199.795s step_avg:72.94ms
step:2740/3250 train_time:199.950s step_avg:72.97ms
step:2741/3250 train_time:200.105s step_avg:73.00ms
step:2742/3250 train_time:200.258s step_avg:73.03ms
step:2743/3250 train_time:200.412s step_avg:73.06ms
step:2744/3250 train_time:200.568s step_avg:73.09ms
step:2745/3250 train_time:200.721s step_avg:73.12ms
step:2746/3250 train_time:200.876s step_avg:73.15ms
step:2747/3250 train_time:201.029s step_avg:73.18ms
step:2748/3250 train_time:201.184s step_avg:73.21ms
step:2749/3250 train_time:201.336s step_avg:73.24ms
step:2750/3250 train_time:201.490s step_avg:73.27ms
step:2750/3250 val_loss:3.51743 train_time:201.502s step_avg:159.67ms
step:2751/3250 train_time:202.290s step_avg:73.53ms
EXIT=0 rid=eos_f1500_s115
