=== req023_f2000_a2 ===
W0831 00:56:05.282000 14176 torch/distributed/run.py:852] 
W0831 00:56:05.282000 14176 torch/distributed/run.py:852] *****************************************
W0831 00:56:05.282000 14176 torch/distributed/run.py:852] Setting OMP_NUM_THREADS environment variable for each process to be 1 in default, to avoid your system being overloaded, please further tune the variable for optimal performance in your application as needed. 
W0831 00:56:05.282000 14176 torch/distributed/run.py:852] *****************************************
logs/465b0e50-2b3c-48ca-a5ad-4afea2f0c5dc.txt
resumed training state from step 2000 in eos_shared_state, skipped 2000 batches
step:0/3250 val_loss:3.44309 train_time:0.001s step_avg:nanms
learning_rates step:2000 [{'pattern': '^embed\\.weight$', 'lr': [0.7]}, {'pattern': '^proj\\.weight$', 'lr': [0.004]}, {'pattern': '^blocks\\..*\\.weight$', 'lr': [0.025], 'per_matrix': [{'sorted_index': 0, 'name': 'blocks.0.mlp.fc.weight', 'multiplier': 0.6, 'effective_lr': 0.015}, {'sorted_index': 1, 'name': 'blocks.1.mlp.fc.weight', 'multiplier': 1.7, 'effective_lr': 0.0425}, {'sorted_index': 2, 'name': 'blocks.2.mlp.fc.weight', 'multiplier': 1.7, 'effective_lr': 0.0425}, {'sorted_index': 3, 'name': 'blocks.3.mlp.fc.weight', 'multiplier': 1.7, 'effective_lr': 0.0425}, {'sorted_index': 4, 'name': 'blocks.4.mlp.fc.weight', 'multiplier': 0.6, 'effective_lr': 0.015}, {'sorted_index': 5, 'name': 'blocks.5.mlp.fc.weight', 'multiplier': 1.0, 'effective_lr': 0.025}, {'sorted_index': 6, 'name': 'blocks.6.mlp.fc.weight', 'multiplier': 0.6, 'effective_lr': 0.015}, {'sorted_index': 7, 'name': 'blocks.7.mlp.fc.weight', 'multiplier': 0.6, 'effective_lr': 0.015}, {'sorted_index': 8, 'name': 'blocks.8.mlp.fc.weight', 'multiplier': 1.0, 'effective_lr': 0.025}, {'sorted_index': 9, 'name': 'blocks.9.mlp.fc.weight', 'multiplier': 1.0, 'effective_lr': 0.025}, {'sorted_index': 10, 'name': 'blocks.10.mlp.fc.weight', 'multiplier': 1.7, 'effective_lr': 0.0425}, {'sorted_index': 11, 'name': 'blocks.11.mlp.fc.weight', 'multiplier': 1.0, 'effective_lr': 0.025}, {'sorted_index': 12, 'name': 'blocks.0.mlp.proj.weight', 'multiplier': 1.0, 'effective_lr': 0.025}, {'sorted_index': 13, 'name': 'blocks.1.mlp.proj.weight', 'multiplier': 1.0, 'effective_lr': 0.025}, {'sorted_index': 14, 'name': 'blocks.2.mlp.proj.weight', 'multiplier': 0.6, 'effective_lr': 0.015}, {'sorted_index': 15, 'name': 'blocks.3.mlp.proj.weight', 'multiplier': 0.6, 'effective_lr': 0.015}, {'sorted_index': 16, 'name': 'blocks.4.mlp.proj.weight', 'multiplier': 1.0, 'effective_lr': 0.025}, {'sorted_index': 17, 'name': 'blocks.5.mlp.proj.weight', 'multiplier': 1.7, 'effective_lr': 0.0425}, {'sorted_index': 18, 'name': 'blocks.6.mlp.proj.weight', 'multiplier': 1.7, 'effective_lr': 0.0425}, {'sorted_index': 19, 'name': 'blocks.7.mlp.proj.weight', 'multiplier': 1.0, 'effective_lr': 0.025}, {'sorted_index': 20, 'name': 'blocks.8.mlp.proj.weight', 'multiplier': 0.6, 'effective_lr': 0.015}, {'sorted_index': 21, 'name': 'blocks.9.mlp.proj.weight', 'multiplier': 1.7, 'effective_lr': 0.0425}, {'sorted_index': 22, 'name': 'blocks.10.mlp.proj.weight', 'multiplier': 1.7, 'effective_lr': 0.0425}, {'sorted_index': 23, 'name': 'blocks.11.mlp.proj.weight', 'multiplier': 0.6, 'effective_lr': 0.015}, {'sorted_index': 24, 'name': 'blocks.0.attn.q.weight', 'multiplier': 0.6, 'effective_lr': 0.015}, {'sorted_index': 25, 'name': 'blocks.0.attn.k.weight', 'multiplier': 0.6, 'effective_lr': 0.015}, {'sorted_index': 26, 'name': 'blocks.0.attn.v.weight', 'multiplier': 0.6, 'effective_lr': 0.015}, {'sorted_index': 27, 'name': 'blocks.0.attn.proj.weight', 'multiplier': 1.7, 'effective_lr': 0.0425}, {'sorted_index': 28, 'name': 'blocks.1.attn.q.weight', 'multiplier': 1.0, 'effective_lr': 0.025}, {'sorted_index': 29, 'name': 'blocks.1.attn.k.weight', 'multiplier': 1.0, 'effective_lr': 0.025}, {'sorted_index': 30, 'name': 'blocks.1.attn.v.weight', 'multiplier': 0.6, 'effective_lr': 0.015}, {'sorted_index': 31, 'name': 'blocks.1.attn.proj.weight', 'multiplier': 1.0, 'effective_lr': 0.025}, {'sorted_index': 32, 'name': 'blocks.2.attn.q.weight', 'multiplier': 0.6, 'effective_lr': 0.015}, {'sorted_index': 33, 'name': 'blocks.2.attn.k.weight', 'multiplier': 1.7, 'effective_lr': 0.0425}, {'sorted_index': 34, 'name': 'blocks.2.attn.v.weight', 'multiplier': 1.0, 'effective_lr': 0.025}, {'sorted_index': 35, 'name': 'blocks.2.attn.proj.weight', 'multiplier': 1.0, 'effective_lr': 0.025}, {'sorted_index': 36, 'name': 'blocks.3.attn.q.weight', 'multiplier': 1.7, 'effective_lr': 0.0425}, {'sorted_index': 37, 'name': 'blocks.3.attn.k.weight', 'multiplier': 1.7, 'effective_lr': 0.0425}, {'sorted_index': 38, 'name': 'blocks.3.attn.v.weight', 'multiplier': 1.7, 'effective_lr': 0.0425}, {'sorted_index': 39, 'name': 'blocks.3.attn.proj.weight', 'multiplier': 0.6, 'effective_lr': 0.015}, {'sorted_index': 40, 'name': 'blocks.4.attn.q.weight', 'multiplier': 1.7, 'effective_lr': 0.0425}, {'sorted_index': 41, 'name': 'blocks.4.attn.k.weight', 'multiplier': 0.6, 'effective_lr': 0.015}, {'sorted_index': 42, 'name': 'blocks.4.attn.v.weight', 'multiplier': 1.7, 'effective_lr': 0.0425}, {'sorted_index': 43, 'name': 'blocks.4.attn.proj.weight', 'multiplier': 1.0, 'effective_lr': 0.025}, {'sorted_index': 44, 'name': 'blocks.5.attn.q.weight', 'multiplier': 1.0, 'effective_lr': 0.025}, {'sorted_index': 45, 'name': 'blocks.5.attn.k.weight', 'multiplier': 1.7, 'effective_lr': 0.0425}, {'sorted_index': 46, 'name': 'blocks.5.attn.v.weight', 'multiplier': 1.0, 'effective_lr': 0.025}, {'sorted_index': 47, 'name': 'blocks.5.attn.proj.weight', 'multiplier': 1.7, 'effective_lr': 0.0425}, {'sorted_index': 48, 'name': 'blocks.6.attn.q.weight', 'multiplier': 0.6, 'effective_lr': 0.015}, {'sorted_index': 49, 'name': 'blocks.6.attn.k.weight', 'multiplier': 1.0, 'effective_lr': 0.025}, {'sorted_index': 50, 'name': 'blocks.6.attn.v.weight', 'multiplier': 1.7, 'effective_lr': 0.0425}, {'sorted_index': 51, 'name': 'blocks.6.attn.proj.weight', 'multiplier': 1.7, 'effective_lr': 0.0425}, {'sorted_index': 52, 'name': 'blocks.7.attn.q.weight', 'multiplier': 0.6, 'effective_lr': 0.015}, {'sorted_index': 53, 'name': 'blocks.7.attn.k.weight', 'multiplier': 1.7, 'effective_lr': 0.0425}, {'sorted_index': 54, 'name': 'blocks.7.attn.v.weight', 'multiplier': 0.6, 'effective_lr': 0.015}, {'sorted_index': 55, 'name': 'blocks.7.attn.proj.weight', 'multiplier': 1.0, 'effective_lr': 0.025}, {'sorted_index': 56, 'name': 'blocks.8.attn.q.weight', 'multiplier': 1.7, 'effective_lr': 0.0425}, {'sorted_index': 57, 'name': 'blocks.8.attn.k.weight', 'multiplier': 1.0, 'effective_lr': 0.025}, {'sorted_index': 58, 'name': 'blocks.8.attn.v.weight', 'multiplier': 1.0, 'effective_lr': 0.025}, {'sorted_index': 59, 'name': 'blocks.8.attn.proj.weight', 'multiplier': 0.6, 'effective_lr': 0.015}, {'sorted_index': 60, 'name': 'blocks.9.attn.q.weight', 'multiplier': 1.0, 'effective_lr': 0.025}, {'sorted_index': 61, 'name': 'blocks.9.attn.k.weight', 'multiplier': 0.6, 'effective_lr': 0.015}, {'sorted_index': 62, 'name': 'blocks.9.attn.v.weight', 'multiplier': 1.7, 'effective_lr': 0.0425}, {'sorted_index': 63, 'name': 'blocks.9.attn.proj.weight', 'multiplier': 0.6, 'effective_lr': 0.015}, {'sorted_index': 64, 'name': 'blocks.10.attn.q.weight', 'multiplier': 1.0, 'effective_lr': 0.025}, {'sorted_index': 65, 'name': 'blocks.10.attn.k.weight', 'multiplier': 0.6, 'effective_lr': 0.015}, {'sorted_index': 66, 'name': 'blocks.10.attn.v.weight', 'multiplier': 1.0, 'effective_lr': 0.025}, {'sorted_index': 67, 'name': 'blocks.10.attn.proj.weight', 'multiplier': 1.7, 'effective_lr': 0.0425}, {'sorted_index': 68, 'name': 'blocks.11.attn.q.weight', 'multiplier': 1.7, 'effective_lr': 0.0425}, {'sorted_index': 69, 'name': 'blocks.11.attn.k.weight', 'multiplier': 1.0, 'effective_lr': 0.025}, {'sorted_index': 70, 'name': 'blocks.11.attn.v.weight', 'multiplier': 0.6, 'effective_lr': 0.015}, {'sorted_index': 71, 'name': 'blocks.11.attn.proj.weight', 'multiplier': 0.6, 'effective_lr': 0.015}]}, {'pattern': '.*', 'lr': [0.015]}]
step:2001/3250 train_time:4.236s step_avg:2.12ms
learning_rates step:2001 [{'pattern': '^embed\\.weight$', 'lr': [0.7]}, {'pattern': '^proj\\.weight$', 'lr': [0.004]}, {'pattern': '^blocks\\..*\\.weight$', 'lr': [0.025], 'per_matrix': [{'sorted_index': 0, 'name': 'blocks.0.mlp.fc.weight', 'multiplier': 0.6, 'effective_lr': 0.015}, {'sorted_index': 1, 'name': 'blocks.1.mlp.fc.weight', 'multiplier': 1.7, 'effective_lr': 0.0425}, {'sorted_index': 2, 'name': 'blocks.2.mlp.fc.weight', 'multiplier': 1.7, 'effective_lr': 0.0425}, {'sorted_index': 3, 'name': 'blocks.3.mlp.fc.weight', 'multiplier': 1.7, 'effective_lr': 0.0425}, {'sorted_index': 4, 'name': 'blocks.4.mlp.fc.weight', 'multiplier': 0.6, 'effective_lr': 0.015}, {'sorted_index': 5, 'name': 'blocks.5.mlp.fc.weight', 'multiplier': 1.0, 'effective_lr': 0.025}, {'sorted_index': 6, 'name': 'blocks.6.mlp.fc.weight', 'multiplier': 0.6, 'effective_lr': 0.015}, {'sorted_index': 7, 'name': 'blocks.7.mlp.fc.weight', 'multiplier': 0.6, 'effective_lr': 0.015}, {'sorted_index': 8, 'name': 'blocks.8.mlp.fc.weight', 'multiplier': 1.0, 'effective_lr': 0.025}, {'sorted_index': 9, 'name': 'blocks.9.mlp.fc.weight', 'multiplier': 1.0, 'effective_lr': 0.025}, {'sorted_index': 10, 'name': 'blocks.10.mlp.fc.weight', 'multiplier': 1.7, 'effective_lr': 0.0425}, {'sorted_index': 11, 'name': 'blocks.11.mlp.fc.weight', 'multiplier': 1.0, 'effective_lr': 0.025}, {'sorted_index': 12, 'name': 'blocks.0.mlp.proj.weight', 'multiplier': 1.0, 'effective_lr': 0.025}, {'sorted_index': 13, 'name': 'blocks.1.mlp.proj.weight', 'multiplier': 1.0, 'effective_lr': 0.025}, {'sorted_index': 14, 'name': 'blocks.2.mlp.proj.weight', 'multiplier': 0.6, 'effective_lr': 0.015}, {'sorted_index': 15, 'name': 'blocks.3.mlp.proj.weight', 'multiplier': 0.6, 'effective_lr': 0.015}, {'sorted_index': 16, 'name': 'blocks.4.mlp.proj.weight', 'multiplier': 1.0, 'effective_lr': 0.025}, {'sorted_index': 17, 'name': 'blocks.5.mlp.proj.weight', 'multiplier': 1.7, 'effective_lr': 0.0425}, {'sorted_index': 18, 'name': 'blocks.6.mlp.proj.weight', 'multiplier': 1.7, 'effective_lr': 0.0425}, {'sorted_index': 19, 'name': 'blocks.7.mlp.proj.weight', 'multiplier': 1.0, 'effective_lr': 0.025}, {'sorted_index': 20, 'name': 'blocks.8.mlp.proj.weight', 'multiplier': 0.6, 'effective_lr': 0.015}, {'sorted_index': 21, 'name': 'blocks.9.mlp.proj.weight', 'multiplier': 1.7, 'effective_lr': 0.0425}, {'sorted_index': 22, 'name': 'blocks.10.mlp.proj.weight', 'multiplier': 1.7, 'effective_lr': 0.0425}, {'sorted_index': 23, 'name': 'blocks.11.mlp.proj.weight', 'multiplier': 0.6, 'effective_lr': 0.015}, {'sorted_index': 24, 'name': 'blocks.0.attn.q.weight', 'multiplier': 0.6, 'effective_lr': 0.015}, {'sorted_index': 25, 'name': 'blocks.0.attn.k.weight', 'multiplier': 0.6, 'effective_lr': 0.015}, {'sorted_index': 26, 'name': 'blocks.0.attn.v.weight', 'multiplier': 0.6, 'effective_lr': 0.015}, {'sorted_index': 27, 'name': 'blocks.0.attn.proj.weight', 'multiplier': 1.7, 'effective_lr': 0.0425}, {'sorted_index': 28, 'name': 'blocks.1.attn.q.weight', 'multiplier': 1.0, 'effective_lr': 0.025}, {'sorted_index': 29, 'name': 'blocks.1.attn.k.weight', 'multiplier': 1.0, 'effective_lr': 0.025}, {'sorted_index': 30, 'name': 'blocks.1.attn.v.weight', 'multiplier': 0.6, 'effective_lr': 0.015}, {'sorted_index': 31, 'name': 'blocks.1.attn.proj.weight', 'multiplier': 1.0, 'effective_lr': 0.025}, {'sorted_index': 32, 'name': 'blocks.2.attn.q.weight', 'multiplier': 0.6, 'effective_lr': 0.015}, {'sorted_index': 33, 'name': 'blocks.2.attn.k.weight', 'multiplier': 1.7, 'effective_lr': 0.0425}, {'sorted_index': 34, 'name': 'blocks.2.attn.v.weight', 'multiplier': 1.0, 'effective_lr': 0.025}, {'sorted_index': 35, 'name': 'blocks.2.attn.proj.weight', 'multiplier': 1.0, 'effective_lr': 0.025}, {'sorted_index': 36, 'name': 'blocks.3.attn.q.weight', 'multiplier': 1.7, 'effective_lr': 0.0425}, {'sorted_index': 37, 'name': 'blocks.3.attn.k.weight', 'multiplier': 1.7, 'effective_lr': 0.0425}, {'sorted_index': 38, 'name': 'blocks.3.attn.v.weight', 'multiplier': 1.7, 'effective_lr': 0.0425}, {'sorted_index': 39, 'name': 'blocks.3.attn.proj.weight', 'multiplier': 0.6, 'effective_lr': 0.015}, {'sorted_index': 40, 'name': 'blocks.4.attn.q.weight', 'multiplier': 1.7, 'effective_lr': 0.0425}, {'sorted_index': 41, 'name': 'blocks.4.attn.k.weight', 'multiplier': 0.6, 'effective_lr': 0.015}, {'sorted_index': 42, 'name': 'blocks.4.attn.v.weight', 'multiplier': 1.7, 'effective_lr': 0.0425}, {'sorted_index': 43, 'name': 'blocks.4.attn.proj.weight', 'multiplier': 1.0, 'effective_lr': 0.025}, {'sorted_index': 44, 'name': 'blocks.5.attn.q.weight', 'multiplier': 1.0, 'effective_lr': 0.025}, {'sorted_index': 45, 'name': 'blocks.5.attn.k.weight', 'multiplier': 1.7, 'effective_lr': 0.0425}, {'sorted_index': 46, 'name': 'blocks.5.attn.v.weight', 'multiplier': 1.0, 'effective_lr': 0.025}, {'sorted_index': 47, 'name': 'blocks.5.attn.proj.weight', 'multiplier': 1.7, 'effective_lr': 0.0425}, {'sorted_index': 48, 'name': 'blocks.6.attn.q.weight', 'multiplier': 0.6, 'effective_lr': 0.015}, {'sorted_index': 49, 'name': 'blocks.6.attn.k.weight', 'multiplier': 1.0, 'effective_lr': 0.025}, {'sorted_index': 50, 'name': 'blocks.6.attn.v.weight', 'multiplier': 1.7, 'effective_lr': 0.0425}, {'sorted_index': 51, 'name': 'blocks.6.attn.proj.weight', 'multiplier': 1.7, 'effective_lr': 0.0425}, {'sorted_index': 52, 'name': 'blocks.7.attn.q.weight', 'multiplier': 0.6, 'effective_lr': 0.015}, {'sorted_index': 53, 'name': 'blocks.7.attn.k.weight', 'multiplier': 1.7, 'effective_lr': 0.0425}, {'sorted_index': 54, 'name': 'blocks.7.attn.v.weight', 'multiplier': 0.6, 'effective_lr': 0.015}, {'sorted_index': 55, 'name': 'blocks.7.attn.proj.weight', 'multiplier': 1.0, 'effective_lr': 0.025}, {'sorted_index': 56, 'name': 'blocks.8.attn.q.weight', 'multiplier': 1.7, 'effective_lr': 0.0425}, {'sorted_index': 57, 'name': 'blocks.8.attn.k.weight', 'multiplier': 1.0, 'effective_lr': 0.025}, {'sorted_index': 58, 'name': 'blocks.8.attn.v.weight', 'multiplier': 1.0, 'effective_lr': 0.025}, {'sorted_index': 59, 'name': 'blocks.8.attn.proj.weight', 'multiplier': 0.6, 'effective_lr': 0.015}, {'sorted_index': 60, 'name': 'blocks.9.attn.q.weight', 'multiplier': 1.0, 'effective_lr': 0.025}, {'sorted_index': 61, 'name': 'blocks.9.attn.k.weight', 'multiplier': 0.6, 'effective_lr': 0.015}, {'sorted_index': 62, 'name': 'blocks.9.attn.v.weight', 'multiplier': 1.7, 'effective_lr': 0.0425}, {'sorted_index': 63, 'name': 'blocks.9.attn.proj.weight', 'multiplier': 0.6, 'effective_lr': 0.015}, {'sorted_index': 64, 'name': 'blocks.10.attn.q.weight', 'multiplier': 1.0, 'effective_lr': 0.025}, {'sorted_index': 65, 'name': 'blocks.10.attn.k.weight', 'multiplier': 0.6, 'effective_lr': 0.015}, {'sorted_index': 66, 'name': 'blocks.10.attn.v.weight', 'multiplier': 1.0, 'effective_lr': 0.025}, {'sorted_index': 67, 'name': 'blocks.10.attn.proj.weight', 'multiplier': 1.7, 'effective_lr': 0.0425}, {'sorted_index': 68, 'name': 'blocks.11.attn.q.weight', 'multiplier': 1.7, 'effective_lr': 0.0425}, {'sorted_index': 69, 'name': 'blocks.11.attn.k.weight', 'multiplier': 1.0, 'effective_lr': 0.025}, {'sorted_index': 70, 'name': 'blocks.11.attn.v.weight', 'multiplier': 0.6, 'effective_lr': 0.015}, {'sorted_index': 71, 'name': 'blocks.11.attn.proj.weight', 'multiplier': 0.6, 'effective_lr': 0.015}]}, {'pattern': '.*', 'lr': [0.015]}]
step:2002/3250 train_time:4.378s step_avg:2.19ms
step:2003/3250 train_time:4.529s step_avg:2.26ms
step:2004/3250 train_time:4.683s step_avg:2.34ms
step:2005/3250 train_time:4.837s step_avg:2.41ms
step:2006/3250 train_time:4.989s step_avg:2.49ms
step:2007/3250 train_time:5.143s step_avg:2.56ms
step:2008/3250 train_time:5.296s step_avg:2.64ms
step:2009/3250 train_time:5.449s step_avg:2.71ms
step:2010/3250 train_time:5.603s step_avg:2.79ms
step:2011/3250 train_time:5.758s step_avg:2.86ms
step:2012/3250 train_time:5.911s step_avg:2.94ms
step:2013/3250 train_time:6.064s step_avg:3.01ms
step:2014/3250 train_time:6.219s step_avg:3.09ms
step:2015/3250 train_time:6.372s step_avg:3.16ms
step:2016/3250 train_time:6.525s step_avg:3.24ms
step:2017/3250 train_time:6.680s step_avg:3.31ms
step:2018/3250 train_time:6.835s step_avg:3.39ms
step:2019/3250 train_time:6.988s step_avg:3.46ms
step:2020/3250 train_time:7.143s step_avg:3.54ms
step:2021/3250 train_time:7.296s step_avg:3.61ms
step:2022/3250 train_time:7.450s step_avg:3.68ms
step:2023/3250 train_time:7.603s step_avg:3.76ms
step:2024/3250 train_time:7.758s step_avg:3.83ms
step:2025/3250 train_time:7.912s step_avg:3.91ms
step:2026/3250 train_time:8.065s step_avg:3.98ms
step:2027/3250 train_time:8.220s step_avg:4.06ms
step:2028/3250 train_time:8.374s step_avg:4.13ms
step:2029/3250 train_time:8.527s step_avg:4.20ms
step:2030/3250 train_time:8.682s step_avg:4.28ms
step:2031/3250 train_time:8.836s step_avg:4.35ms
step:2032/3250 train_time:8.989s step_avg:4.42ms
step:2033/3250 train_time:9.144s step_avg:4.50ms
step:2034/3250 train_time:9.298s step_avg:4.57ms
step:2035/3250 train_time:9.451s step_avg:4.64ms
step:2036/3250 train_time:9.605s step_avg:4.72ms
step:2037/3250 train_time:9.761s step_avg:4.79ms
step:2038/3250 train_time:9.916s step_avg:4.87ms
step:2039/3250 train_time:10.070s step_avg:4.94ms
step:2040/3250 train_time:10.223s step_avg:5.01ms
step:2041/3250 train_time:10.379s step_avg:5.09ms
step:2042/3250 train_time:10.531s step_avg:5.16ms
step:2043/3250 train_time:10.685s step_avg:5.23ms
step:2044/3250 train_time:10.841s step_avg:5.30ms
step:2045/3250 train_time:10.994s step_avg:5.38ms
step:2046/3250 train_time:11.148s step_avg:5.45ms
step:2047/3250 train_time:11.302s step_avg:5.52ms
step:2048/3250 train_time:11.457s step_avg:5.59ms
step:2049/3250 train_time:11.609s step_avg:5.67ms
step:2050/3250 train_time:11.765s step_avg:5.74ms
step:2051/3250 train_time:11.920s step_avg:5.81ms
step:2052/3250 train_time:12.075s step_avg:5.88ms
step:2053/3250 train_time:12.228s step_avg:5.96ms
step:2054/3250 train_time:12.382s step_avg:6.03ms
step:2055/3250 train_time:12.536s step_avg:6.10ms
step:2056/3250 train_time:12.688s step_avg:6.17ms
step:2057/3250 train_time:12.842s step_avg:6.24ms
step:2058/3250 train_time:12.995s step_avg:6.31ms
step:2059/3250 train_time:13.148s step_avg:6.39ms
step:2060/3250 train_time:13.302s step_avg:6.46ms
step:2061/3250 train_time:13.455s step_avg:6.53ms
step:2062/3250 train_time:13.607s step_avg:6.60ms
step:2063/3250 train_time:13.762s step_avg:6.67ms
step:2064/3250 train_time:13.915s step_avg:6.74ms
step:2065/3250 train_time:14.068s step_avg:6.81ms
step:2066/3250 train_time:14.222s step_avg:6.88ms
step:2067/3250 train_time:14.376s step_avg:6.95ms
step:2068/3250 train_time:14.528s step_avg:7.03ms
step:2069/3250 train_time:14.683s step_avg:7.10ms
step:2070/3250 train_time:14.835s step_avg:7.17ms
step:2071/3250 train_time:14.987s step_avg:7.24ms
step:2072/3250 train_time:15.142s step_avg:7.31ms
step:2073/3250 train_time:15.294s step_avg:7.38ms
step:2074/3250 train_time:15.447s step_avg:7.45ms
step:2075/3250 train_time:15.599s step_avg:7.52ms
step:2076/3250 train_time:15.753s step_avg:7.59ms
step:2077/3250 train_time:15.906s step_avg:7.66ms
step:2078/3250 train_time:16.063s step_avg:7.73ms
step:2079/3250 train_time:16.216s step_avg:7.80ms
step:2080/3250 train_time:16.369s step_avg:7.87ms
step:2081/3250 train_time:16.523s step_avg:7.94ms
step:2082/3250 train_time:16.676s step_avg:8.01ms
step:2083/3250 train_time:16.828s step_avg:8.08ms
step:2084/3250 train_time:16.983s step_avg:8.15ms
step:2085/3250 train_time:17.136s step_avg:8.22ms
step:2086/3250 train_time:17.289s step_avg:8.29ms
step:2087/3250 train_time:17.443s step_avg:8.36ms
step:2088/3250 train_time:17.596s step_avg:8.43ms
step:2089/3250 train_time:17.749s step_avg:8.50ms
step:2090/3250 train_time:17.902s step_avg:8.57ms
step:2091/3250 train_time:18.091s step_avg:8.65ms
step:2092/3250 train_time:18.245s step_avg:8.72ms
step:2093/3250 train_time:18.398s step_avg:8.79ms
step:2094/3250 train_time:18.552s step_avg:8.86ms
step:2095/3250 train_time:18.704s step_avg:8.93ms
step:2096/3250 train_time:18.858s step_avg:9.00ms
step:2097/3250 train_time:19.011s step_avg:9.07ms
step:2098/3250 train_time:19.167s step_avg:9.14ms
step:2099/3250 train_time:19.321s step_avg:9.21ms
step:2100/3250 train_time:19.475s step_avg:9.27ms
step:2101/3250 train_time:19.627s step_avg:9.34ms
step:2102/3250 train_time:19.783s step_avg:9.41ms
step:2103/3250 train_time:19.935s step_avg:9.48ms
step:2104/3250 train_time:20.088s step_avg:9.55ms
step:2105/3250 train_time:20.242s step_avg:9.62ms
step:2106/3250 train_time:20.395s step_avg:9.68ms
step:2107/3250 train_time:20.549s step_avg:9.75ms
step:2108/3250 train_time:20.702s step_avg:9.82ms
step:2109/3250 train_time:20.856s step_avg:9.89ms
step:2110/3250 train_time:21.009s step_avg:9.96ms
step:2111/3250 train_time:21.164s step_avg:10.03ms
step:2112/3250 train_time:21.318s step_avg:10.09ms
step:2113/3250 train_time:21.471s step_avg:10.16ms
step:2114/3250 train_time:21.624s step_avg:10.23ms
step:2115/3250 train_time:21.779s step_avg:10.30ms
step:2116/3250 train_time:21.932s step_avg:10.36ms
step:2117/3250 train_time:22.085s step_avg:10.43ms
step:2118/3250 train_time:22.240s step_avg:10.50ms
step:2119/3250 train_time:22.392s step_avg:10.57ms
step:2120/3250 train_time:22.546s step_avg:10.63ms
step:2121/3250 train_time:22.700s step_avg:10.70ms
step:2122/3250 train_time:22.854s step_avg:10.77ms
step:2123/3250 train_time:23.008s step_avg:10.84ms
step:2124/3250 train_time:23.163s step_avg:10.91ms
step:2125/3250 train_time:23.317s step_avg:10.97ms
step:2125/3250 val_loss:3.54956 train_time:23.329s step_avg:10.98ms
step:2126/3250 train_time:24.067s step_avg:11.32ms
step:2127/3250 train_time:24.209s step_avg:11.38ms
step:2128/3250 train_time:24.361s step_avg:11.45ms
step:2129/3250 train_time:24.515s step_avg:11.51ms
step:2130/3250 train_time:24.670s step_avg:11.58ms
step:2131/3250 train_time:24.823s step_avg:11.65ms
step:2132/3250 train_time:24.977s step_avg:11.72ms
step:2133/3250 train_time:25.132s step_avg:11.78ms
step:2134/3250 train_time:25.285s step_avg:11.85ms
step:2135/3250 train_time:25.437s step_avg:11.91ms
step:2136/3250 train_time:25.592s step_avg:11.98ms
step:2137/3250 train_time:25.746s step_avg:12.05ms
step:2138/3250 train_time:25.899s step_avg:12.11ms
step:2139/3250 train_time:26.053s step_avg:12.18ms
step:2140/3250 train_time:26.207s step_avg:12.25ms
step:2141/3250 train_time:26.360s step_avg:12.31ms
step:2142/3250 train_time:26.514s step_avg:12.38ms
step:2143/3250 train_time:26.666s step_avg:12.44ms
step:2144/3250 train_time:26.819s step_avg:12.51ms
step:2145/3250 train_time:26.973s step_avg:12.57ms
step:2146/3250 train_time:27.127s step_avg:12.64ms
step:2147/3250 train_time:27.280s step_avg:12.71ms
step:2148/3250 train_time:27.434s step_avg:12.77ms
step:2149/3250 train_time:27.589s step_avg:12.84ms
step:2150/3250 train_time:27.742s step_avg:12.90ms
step:2151/3250 train_time:27.896s step_avg:12.97ms
step:2152/3250 train_time:28.051s step_avg:13.03ms
step:2153/3250 train_time:28.204s step_avg:13.10ms
step:2154/3250 train_time:28.357s step_avg:13.16ms
step:2155/3250 train_time:28.512s step_avg:13.23ms
step:2156/3250 train_time:28.666s step_avg:13.30ms
step:2157/3250 train_time:28.820s step_avg:13.36ms
step:2158/3250 train_time:28.974s step_avg:13.43ms
step:2159/3250 train_time:29.128s step_avg:13.49ms
step:2160/3250 train_time:29.282s step_avg:13.56ms
step:2161/3250 train_time:29.435s step_avg:13.62ms
step:2162/3250 train_time:29.591s step_avg:13.69ms
step:2163/3250 train_time:29.744s step_avg:13.75ms
step:2164/3250 train_time:29.897s step_avg:13.82ms
step:2165/3250 train_time:30.052s step_avg:13.88ms
step:2166/3250 train_time:30.207s step_avg:13.95ms
step:2167/3250 train_time:30.360s step_avg:14.01ms
step:2168/3250 train_time:30.514s step_avg:14.07ms
step:2169/3250 train_time:30.669s step_avg:14.14ms
step:2170/3250 train_time:30.822s step_avg:14.20ms
step:2171/3250 train_time:30.976s step_avg:14.27ms
step:2172/3250 train_time:31.131s step_avg:14.33ms
step:2173/3250 train_time:31.285s step_avg:14.40ms
step:2174/3250 train_time:31.437s step_avg:14.46ms
step:2175/3250 train_time:31.592s step_avg:14.53ms
step:2176/3250 train_time:31.747s step_avg:14.59ms
step:2177/3250 train_time:31.900s step_avg:14.65ms
step:2178/3250 train_time:32.053s step_avg:14.72ms
step:2179/3250 train_time:32.208s step_avg:14.78ms
step:2180/3250 train_time:32.361s step_avg:14.84ms
step:2181/3250 train_time:32.514s step_avg:14.91ms
step:2182/3250 train_time:32.669s step_avg:14.97ms
step:2183/3250 train_time:32.822s step_avg:15.04ms
step:2184/3250 train_time:32.975s step_avg:15.10ms
step:2185/3250 train_time:33.129s step_avg:15.16ms
step:2186/3250 train_time:33.283s step_avg:15.23ms
step:2187/3250 train_time:33.437s step_avg:15.29ms
step:2188/3250 train_time:33.592s step_avg:15.35ms
step:2189/3250 train_time:33.747s step_avg:15.42ms
step:2190/3250 train_time:33.900s step_avg:15.48ms
step:2191/3250 train_time:34.054s step_avg:15.54ms
step:2192/3250 train_time:34.209s step_avg:15.61ms
step:2193/3250 train_time:34.361s step_avg:15.67ms
step:2194/3250 train_time:34.515s step_avg:15.73ms
step:2195/3250 train_time:34.670s step_avg:15.80ms
step:2196/3250 train_time:34.823s step_avg:15.86ms
step:2197/3250 train_time:34.977s step_avg:15.92ms
step:2198/3250 train_time:35.132s step_avg:15.98ms
step:2199/3250 train_time:35.286s step_avg:16.05ms
step:2200/3250 train_time:35.439s step_avg:16.11ms
step:2201/3250 train_time:35.594s step_avg:16.17ms
step:2202/3250 train_time:35.749s step_avg:16.23ms
step:2203/3250 train_time:35.902s step_avg:16.30ms
step:2204/3250 train_time:36.054s step_avg:16.36ms
step:2205/3250 train_time:36.210s step_avg:16.42ms
step:2206/3250 train_time:36.364s step_avg:16.48ms
step:2207/3250 train_time:36.517s step_avg:16.55ms
step:2208/3250 train_time:36.673s step_avg:16.61ms
step:2209/3250 train_time:36.825s step_avg:16.67ms
step:2210/3250 train_time:36.979s step_avg:16.73ms
step:2211/3250 train_time:37.133s step_avg:16.79ms
step:2212/3250 train_time:37.288s step_avg:16.86ms
step:2213/3250 train_time:37.441s step_avg:16.92ms
step:2214/3250 train_time:37.596s step_avg:16.98ms
step:2215/3250 train_time:37.751s step_avg:17.04ms
step:2216/3250 train_time:37.906s step_avg:17.11ms
step:2217/3250 train_time:38.059s step_avg:17.17ms
step:2218/3250 train_time:38.213s step_avg:17.23ms
step:2219/3250 train_time:38.368s step_avg:17.29ms
step:2220/3250 train_time:38.521s step_avg:17.35ms
step:2221/3250 train_time:38.675s step_avg:17.41ms
step:2222/3250 train_time:38.830s step_avg:17.48ms
step:2223/3250 train_time:38.985s step_avg:17.54ms
step:2224/3250 train_time:39.138s step_avg:17.60ms
step:2225/3250 train_time:39.293s step_avg:17.66ms
step:2226/3250 train_time:39.447s step_avg:17.72ms
step:2227/3250 train_time:39.601s step_avg:17.78ms
step:2228/3250 train_time:39.754s step_avg:17.84ms
step:2229/3250 train_time:39.909s step_avg:17.90ms
step:2230/3250 train_time:40.064s step_avg:17.97ms
step:2231/3250 train_time:40.218s step_avg:18.03ms
step:2232/3250 train_time:40.373s step_avg:18.09ms
step:2233/3250 train_time:40.527s step_avg:18.15ms
step:2234/3250 train_time:40.680s step_avg:18.21ms
step:2235/3250 train_time:40.834s step_avg:18.27ms
step:2236/3250 train_time:40.988s step_avg:18.33ms
step:2237/3250 train_time:41.142s step_avg:18.39ms
step:2238/3250 train_time:41.297s step_avg:18.45ms
step:2239/3250 train_time:41.452s step_avg:18.51ms
step:2240/3250 train_time:41.606s step_avg:18.57ms
step:2241/3250 train_time:41.759s step_avg:18.63ms
step:2242/3250 train_time:41.914s step_avg:18.69ms
step:2243/3250 train_time:42.069s step_avg:18.76ms
step:2244/3250 train_time:42.222s step_avg:18.82ms
step:2245/3250 train_time:42.376s step_avg:18.88ms
step:2246/3250 train_time:42.531s step_avg:18.94ms
step:2247/3250 train_time:42.685s step_avg:19.00ms
step:2248/3250 train_time:42.838s step_avg:19.06ms
step:2249/3250 train_time:42.993s step_avg:19.12ms
step:2250/3250 train_time:43.147s step_avg:19.18ms
step:2250/3250 val_loss:3.53877 train_time:43.159s step_avg:158.64ms
step:2251/3250 train_time:43.904s step_avg:19.50ms
step:2252/3250 train_time:44.043s step_avg:19.56ms
step:2253/3250 train_time:44.198s step_avg:19.62ms
step:2254/3250 train_time:44.351s step_avg:19.68ms
step:2255/3250 train_time:44.505s step_avg:19.74ms
step:2256/3250 train_time:44.659s step_avg:19.80ms
step:2257/3250 train_time:44.813s step_avg:19.86ms
step:2258/3250 train_time:44.967s step_avg:19.91ms
step:2259/3250 train_time:45.122s step_avg:19.97ms
step:2260/3250 train_time:45.277s step_avg:20.03ms
step:2261/3250 train_time:45.429s step_avg:20.09ms
step:2262/3250 train_time:45.582s step_avg:20.15ms
step:2263/3250 train_time:45.738s step_avg:20.21ms
step:2264/3250 train_time:45.891s step_avg:20.27ms
step:2265/3250 train_time:46.045s step_avg:20.33ms
step:2266/3250 train_time:46.200s step_avg:20.39ms
step:2267/3250 train_time:46.354s step_avg:20.45ms
step:2268/3250 train_time:46.507s step_avg:20.51ms
step:2269/3250 train_time:46.661s step_avg:20.56ms
step:2270/3250 train_time:46.816s step_avg:20.62ms
step:2271/3250 train_time:46.968s step_avg:20.68ms
step:2272/3250 train_time:47.123s step_avg:20.74ms
step:2273/3250 train_time:47.277s step_avg:20.80ms
step:2274/3250 train_time:47.432s step_avg:20.86ms
step:2275/3250 train_time:47.585s step_avg:20.92ms
step:2276/3250 train_time:47.740s step_avg:20.98ms
step:2277/3250 train_time:47.896s step_avg:21.03ms
step:2278/3250 train_time:48.049s step_avg:21.09ms
step:2279/3250 train_time:48.203s step_avg:21.15ms
step:2280/3250 train_time:48.357s step_avg:21.21ms
step:2281/3250 train_time:48.546s step_avg:21.28ms
step:2282/3250 train_time:48.701s step_avg:21.34ms
step:2283/3250 train_time:48.854s step_avg:21.40ms
step:2284/3250 train_time:49.007s step_avg:21.46ms
step:2285/3250 train_time:49.161s step_avg:21.51ms
step:2286/3250 train_time:49.317s step_avg:21.57ms
step:2287/3250 train_time:49.472s step_avg:21.63ms
step:2288/3250 train_time:49.626s step_avg:21.69ms
step:2289/3250 train_time:49.780s step_avg:21.75ms
step:2290/3250 train_time:49.936s step_avg:21.81ms
step:2291/3250 train_time:50.089s step_avg:21.86ms
step:2292/3250 train_time:50.244s step_avg:21.92ms
step:2293/3250 train_time:50.399s step_avg:21.98ms
step:2294/3250 train_time:50.553s step_avg:22.04ms
step:2295/3250 train_time:50.707s step_avg:22.09ms
step:2296/3250 train_time:50.862s step_avg:22.15ms
step:2297/3250 train_time:51.018s step_avg:22.21ms
step:2298/3250 train_time:51.172s step_avg:22.27ms
step:2299/3250 train_time:51.327s step_avg:22.33ms
step:2300/3250 train_time:51.481s step_avg:22.38ms
step:2301/3250 train_time:51.636s step_avg:22.44ms
step:2302/3250 train_time:51.791s step_avg:22.50ms
step:2303/3250 train_time:51.945s step_avg:22.56ms
step:2304/3250 train_time:52.101s step_avg:22.61ms
step:2305/3250 train_time:52.255s step_avg:22.67ms
step:2306/3250 train_time:52.409s step_avg:22.73ms
step:2307/3250 train_time:52.564s step_avg:22.78ms
step:2308/3250 train_time:52.719s step_avg:22.84ms
step:2309/3250 train_time:52.874s step_avg:22.90ms
step:2310/3250 train_time:53.028s step_avg:22.96ms
step:2311/3250 train_time:53.182s step_avg:23.01ms
step:2312/3250 train_time:53.338s step_avg:23.07ms
step:2313/3250 train_time:53.493s step_avg:23.13ms
step:2314/3250 train_time:53.647s step_avg:23.18ms
step:2315/3250 train_time:53.802s step_avg:23.24ms
step:2316/3250 train_time:53.957s step_avg:23.30ms
step:2317/3250 train_time:54.111s step_avg:23.35ms
step:2318/3250 train_time:54.266s step_avg:23.41ms
step:2319/3250 train_time:54.422s step_avg:23.47ms
step:2320/3250 train_time:54.577s step_avg:23.52ms
step:2321/3250 train_time:54.732s step_avg:23.58ms
step:2322/3250 train_time:54.885s step_avg:23.64ms
step:2323/3250 train_time:55.041s step_avg:23.69ms
step:2324/3250 train_time:55.196s step_avg:23.75ms
step:2325/3250 train_time:55.349s step_avg:23.81ms
step:2326/3250 train_time:55.504s step_avg:23.86ms
step:2327/3250 train_time:55.659s step_avg:23.92ms
step:2328/3250 train_time:55.814s step_avg:23.98ms
step:2329/3250 train_time:55.968s step_avg:24.03ms
step:2330/3250 train_time:56.124s step_avg:24.09ms
step:2331/3250 train_time:56.279s step_avg:24.14ms
step:2332/3250 train_time:56.434s step_avg:24.20ms
step:2333/3250 train_time:56.588s step_avg:24.26ms
step:2334/3250 train_time:56.743s step_avg:24.31ms
step:2335/3250 train_time:56.898s step_avg:24.37ms
step:2336/3250 train_time:57.052s step_avg:24.42ms
step:2337/3250 train_time:57.206s step_avg:24.48ms
step:2338/3250 train_time:57.361s step_avg:24.53ms
step:2339/3250 train_time:57.517s step_avg:24.59ms
step:2340/3250 train_time:57.671s step_avg:24.65ms
step:2341/3250 train_time:57.826s step_avg:24.70ms
step:2342/3250 train_time:57.980s step_avg:24.76ms
step:2343/3250 train_time:58.136s step_avg:24.81ms
step:2344/3250 train_time:58.290s step_avg:24.87ms
step:2345/3250 train_time:58.445s step_avg:24.92ms
step:2346/3250 train_time:58.600s step_avg:24.98ms
step:2347/3250 train_time:58.755s step_avg:25.03ms
step:2348/3250 train_time:58.909s step_avg:25.09ms
step:2349/3250 train_time:59.063s step_avg:25.14ms
step:2350/3250 train_time:59.220s step_avg:25.20ms
step:2351/3250 train_time:59.374s step_avg:25.25ms
step:2352/3250 train_time:59.529s step_avg:25.31ms
step:2353/3250 train_time:59.682s step_avg:25.36ms
step:2354/3250 train_time:59.838s step_avg:25.42ms
step:2355/3250 train_time:59.992s step_avg:25.47ms
step:2356/3250 train_time:60.146s step_avg:25.53ms
step:2357/3250 train_time:60.301s step_avg:25.58ms
step:2358/3250 train_time:60.456s step_avg:25.64ms
step:2359/3250 train_time:60.611s step_avg:25.69ms
step:2360/3250 train_time:60.765s step_avg:25.75ms
step:2361/3250 train_time:60.920s step_avg:25.80ms
step:2362/3250 train_time:61.075s step_avg:25.86ms
step:2363/3250 train_time:61.233s step_avg:25.91ms
step:2364/3250 train_time:61.386s step_avg:25.97ms
step:2365/3250 train_time:61.541s step_avg:26.02ms
step:2366/3250 train_time:61.696s step_avg:26.08ms
step:2367/3250 train_time:61.848s step_avg:26.13ms
step:2368/3250 train_time:62.003s step_avg:26.18ms
step:2369/3250 train_time:62.158s step_avg:26.24ms
step:2370/3250 train_time:62.313s step_avg:26.29ms
step:2371/3250 train_time:62.466s step_avg:26.35ms
step:2372/3250 train_time:62.621s step_avg:26.40ms
step:2373/3250 train_time:62.775s step_avg:26.45ms
step:2374/3250 train_time:62.929s step_avg:26.51ms
step:2375/3250 train_time:63.082s step_avg:26.56ms
step:2375/3250 val_loss:3.53005 train_time:63.094s step_avg:159.48ms
step:2376/3250 train_time:63.837s step_avg:26.87ms
step:2377/3250 train_time:63.976s step_avg:26.91ms
step:2378/3250 train_time:64.131s step_avg:26.97ms
step:2379/3250 train_time:64.285s step_avg:27.02ms
step:2380/3250 train_time:64.438s step_avg:27.07ms
step:2381/3250 train_time:64.591s step_avg:27.13ms
step:2382/3250 train_time:64.747s step_avg:27.18ms
step:2383/3250 train_time:64.899s step_avg:27.23ms
step:2384/3250 train_time:65.053s step_avg:27.29ms
step:2385/3250 train_time:65.207s step_avg:27.34ms
step:2386/3250 train_time:65.362s step_avg:27.39ms
step:2387/3250 train_time:65.515s step_avg:27.45ms
step:2388/3250 train_time:65.670s step_avg:27.50ms
step:2389/3250 train_time:65.824s step_avg:27.55ms
step:2390/3250 train_time:65.977s step_avg:27.61ms
step:2391/3250 train_time:66.130s step_avg:27.66ms
step:2392/3250 train_time:66.284s step_avg:27.71ms
step:2393/3250 train_time:66.437s step_avg:27.76ms
step:2394/3250 train_time:66.590s step_avg:27.82ms
step:2395/3250 train_time:66.745s step_avg:27.87ms
step:2396/3250 train_time:66.898s step_avg:27.92ms
step:2397/3250 train_time:67.053s step_avg:27.97ms
step:2398/3250 train_time:67.207s step_avg:28.03ms
step:2399/3250 train_time:67.361s step_avg:28.08ms
step:2400/3250 train_time:67.514s step_avg:28.13ms
step:2401/3250 train_time:67.669s step_avg:28.18ms
step:2402/3250 train_time:67.823s step_avg:28.24ms
step:2403/3250 train_time:67.977s step_avg:28.29ms
step:2404/3250 train_time:68.130s step_avg:28.34ms
step:2405/3250 train_time:68.284s step_avg:28.39ms
step:2406/3250 train_time:68.437s step_avg:28.44ms
step:2407/3250 train_time:68.591s step_avg:28.50ms
step:2408/3250 train_time:68.747s step_avg:28.55ms
step:2409/3250 train_time:68.900s step_avg:28.60ms
step:2410/3250 train_time:69.054s step_avg:28.65ms
step:2411/3250 train_time:69.208s step_avg:28.71ms
step:2412/3250 train_time:69.362s step_avg:28.76ms
step:2413/3250 train_time:69.515s step_avg:28.81ms
step:2414/3250 train_time:69.669s step_avg:28.86ms
step:2415/3250 train_time:69.824s step_avg:28.91ms
step:2416/3250 train_time:69.976s step_avg:28.96ms
step:2417/3250 train_time:70.131s step_avg:29.02ms
step:2418/3250 train_time:70.284s step_avg:29.07ms
step:2419/3250 train_time:70.438s step_avg:29.12ms
step:2420/3250 train_time:70.590s step_avg:29.17ms
step:2421/3250 train_time:70.746s step_avg:29.22ms
step:2422/3250 train_time:70.901s step_avg:29.27ms
step:2423/3250 train_time:71.055s step_avg:29.33ms
step:2424/3250 train_time:71.208s step_avg:29.38ms
step:2425/3250 train_time:71.363s step_avg:29.43ms
step:2426/3250 train_time:71.516s step_avg:29.48ms
step:2427/3250 train_time:71.670s step_avg:29.53ms
step:2428/3250 train_time:71.826s step_avg:29.58ms
step:2429/3250 train_time:71.978s step_avg:29.63ms
step:2430/3250 train_time:72.132s step_avg:29.68ms
step:2431/3250 train_time:72.289s step_avg:29.74ms
step:2432/3250 train_time:72.444s step_avg:29.79ms
step:2433/3250 train_time:72.597s step_avg:29.84ms
step:2434/3250 train_time:72.752s step_avg:29.89ms
step:2435/3250 train_time:72.907s step_avg:29.94ms
step:2436/3250 train_time:73.061s step_avg:29.99ms
step:2437/3250 train_time:73.214s step_avg:30.04ms
step:2438/3250 train_time:73.369s step_avg:30.09ms
step:2439/3250 train_time:73.521s step_avg:30.14ms
step:2440/3250 train_time:73.674s step_avg:30.19ms
step:2441/3250 train_time:73.830s step_avg:30.25ms
step:2442/3250 train_time:73.984s step_avg:30.30ms
step:2443/3250 train_time:74.137s step_avg:30.35ms
step:2444/3250 train_time:74.291s step_avg:30.40ms
step:2445/3250 train_time:74.447s step_avg:30.45ms
step:2446/3250 train_time:74.601s step_avg:30.50ms
step:2447/3250 train_time:74.755s step_avg:30.55ms
step:2448/3250 train_time:74.909s step_avg:30.60ms
step:2449/3250 train_time:75.061s step_avg:30.65ms
step:2450/3250 train_time:75.214s step_avg:30.70ms
step:2451/3250 train_time:75.369s step_avg:30.75ms
step:2452/3250 train_time:75.525s step_avg:30.80ms
step:2453/3250 train_time:75.678s step_avg:30.85ms
step:2454/3250 train_time:75.832s step_avg:30.90ms
step:2455/3250 train_time:75.987s step_avg:30.95ms
step:2456/3250 train_time:76.141s step_avg:31.00ms
step:2457/3250 train_time:76.295s step_avg:31.05ms
step:2458/3250 train_time:76.450s step_avg:31.10ms
step:2459/3250 train_time:76.605s step_avg:31.15ms
step:2460/3250 train_time:76.759s step_avg:31.20ms
step:2461/3250 train_time:76.912s step_avg:31.25ms
step:2462/3250 train_time:77.067s step_avg:31.30ms
step:2463/3250 train_time:77.221s step_avg:31.35ms
step:2464/3250 train_time:77.374s step_avg:31.40ms
step:2465/3250 train_time:77.529s step_avg:31.45ms
step:2466/3250 train_time:77.684s step_avg:31.50ms
step:2467/3250 train_time:77.837s step_avg:31.55ms
step:2468/3250 train_time:77.991s step_avg:31.60ms
step:2469/3250 train_time:78.147s step_avg:31.65ms
step:2470/3250 train_time:78.301s step_avg:31.70ms
step:2471/3250 train_time:78.492s step_avg:31.77ms
step:2472/3250 train_time:78.647s step_avg:31.82ms
step:2473/3250 train_time:78.802s step_avg:31.86ms
step:2474/3250 train_time:78.956s step_avg:31.91ms
step:2475/3250 train_time:79.110s step_avg:31.96ms
step:2476/3250 train_time:79.266s step_avg:32.01ms
step:2477/3250 train_time:79.421s step_avg:32.06ms
step:2478/3250 train_time:79.574s step_avg:32.11ms
step:2479/3250 train_time:79.729s step_avg:32.16ms
step:2480/3250 train_time:79.883s step_avg:32.21ms
step:2481/3250 train_time:80.036s step_avg:32.26ms
step:2482/3250 train_time:80.190s step_avg:32.31ms
step:2483/3250 train_time:80.345s step_avg:32.36ms
step:2484/3250 train_time:80.500s step_avg:32.41ms
step:2485/3250 train_time:80.654s step_avg:32.46ms
step:2486/3250 train_time:80.808s step_avg:32.51ms
step:2487/3250 train_time:80.963s step_avg:32.55ms
step:2488/3250 train_time:81.116s step_avg:32.60ms
step:2489/3250 train_time:81.270s step_avg:32.65ms
step:2490/3250 train_time:81.427s step_avg:32.70ms
step:2491/3250 train_time:81.580s step_avg:32.75ms
step:2492/3250 train_time:81.733s step_avg:32.80ms
step:2493/3250 train_time:81.888s step_avg:32.85ms
step:2494/3250 train_time:82.044s step_avg:32.90ms
step:2495/3250 train_time:82.196s step_avg:32.94ms
step:2496/3250 train_time:82.350s step_avg:32.99ms
step:2497/3250 train_time:82.505s step_avg:33.04ms
step:2498/3250 train_time:82.659s step_avg:33.09ms
step:2499/3250 train_time:82.812s step_avg:33.14ms
step:2500/3250 train_time:82.967s step_avg:33.19ms
step:2500/3250 val_loss:3.52254 train_time:82.979s step_avg:159.08ms
step:2501/3250 train_time:83.732s step_avg:33.48ms
step:2502/3250 train_time:83.875s step_avg:33.52ms
step:2503/3250 train_time:84.025s step_avg:33.57ms
step:2504/3250 train_time:84.179s step_avg:33.62ms
step:2505/3250 train_time:84.333s step_avg:33.67ms
step:2506/3250 train_time:84.487s step_avg:33.71ms
step:2507/3250 train_time:84.640s step_avg:33.76ms
step:2508/3250 train_time:84.793s step_avg:33.81ms
step:2509/3250 train_time:84.948s step_avg:33.86ms
step:2510/3250 train_time:85.101s step_avg:33.90ms
step:2511/3250 train_time:85.255s step_avg:33.95ms
step:2512/3250 train_time:85.409s step_avg:34.00ms
step:2513/3250 train_time:85.563s step_avg:34.05ms
step:2514/3250 train_time:85.717s step_avg:34.10ms
step:2515/3250 train_time:85.873s step_avg:34.14ms
step:2516/3250 train_time:86.028s step_avg:34.19ms
step:2517/3250 train_time:86.181s step_avg:34.24ms
step:2518/3250 train_time:86.336s step_avg:34.29ms
step:2519/3250 train_time:86.492s step_avg:34.34ms
step:2520/3250 train_time:86.646s step_avg:34.38ms
step:2521/3250 train_time:86.800s step_avg:34.43ms
step:2522/3250 train_time:86.954s step_avg:34.48ms
step:2523/3250 train_time:87.108s step_avg:34.53ms
step:2524/3250 train_time:87.262s step_avg:34.57ms
step:2525/3250 train_time:87.416s step_avg:34.62ms
step:2526/3250 train_time:87.571s step_avg:34.67ms
step:2527/3250 train_time:87.724s step_avg:34.71ms
step:2528/3250 train_time:87.879s step_avg:34.76ms
step:2529/3250 train_time:88.033s step_avg:34.81ms
step:2530/3250 train_time:88.187s step_avg:34.86ms
step:2531/3250 train_time:88.341s step_avg:34.90ms
step:2532/3250 train_time:88.495s step_avg:34.95ms
step:2533/3250 train_time:88.650s step_avg:35.00ms
step:2534/3250 train_time:88.804s step_avg:35.04ms
step:2535/3250 train_time:88.958s step_avg:35.09ms
step:2536/3250 train_time:89.113s step_avg:35.14ms
step:2537/3250 train_time:89.267s step_avg:35.19ms
step:2538/3250 train_time:89.421s step_avg:35.23ms
step:2539/3250 train_time:89.576s step_avg:35.28ms
step:2540/3250 train_time:89.732s step_avg:35.33ms
step:2541/3250 train_time:89.886s step_avg:35.37ms
step:2542/3250 train_time:90.039s step_avg:35.42ms
step:2543/3250 train_time:90.194s step_avg:35.47ms
step:2544/3250 train_time:90.350s step_avg:35.51ms
step:2545/3250 train_time:90.503s step_avg:35.56ms
step:2546/3250 train_time:90.657s step_avg:35.61ms
step:2547/3250 train_time:90.812s step_avg:35.65ms
step:2548/3250 train_time:90.967s step_avg:35.70ms
step:2549/3250 train_time:91.121s step_avg:35.75ms
step:2550/3250 train_time:91.275s step_avg:35.79ms
step:2551/3250 train_time:91.430s step_avg:35.84ms
step:2552/3250 train_time:91.583s step_avg:35.89ms
step:2553/3250 train_time:91.737s step_avg:35.93ms
step:2554/3250 train_time:91.893s step_avg:35.98ms
step:2555/3250 train_time:92.048s step_avg:36.03ms
step:2556/3250 train_time:92.201s step_avg:36.07ms
step:2557/3250 train_time:92.356s step_avg:36.12ms
step:2558/3250 train_time:92.510s step_avg:36.17ms
step:2559/3250 train_time:92.665s step_avg:36.21ms
step:2560/3250 train_time:92.819s step_avg:36.26ms
step:2561/3250 train_time:92.975s step_avg:36.30ms
step:2562/3250 train_time:93.130s step_avg:36.35ms
step:2563/3250 train_time:93.284s step_avg:36.40ms
step:2564/3250 train_time:93.437s step_avg:36.44ms
step:2565/3250 train_time:93.593s step_avg:36.49ms
step:2566/3250 train_time:93.748s step_avg:36.53ms
step:2567/3250 train_time:93.902s step_avg:36.58ms
step:2568/3250 train_time:94.056s step_avg:36.63ms
step:2569/3250 train_time:94.211s step_avg:36.67ms
step:2570/3250 train_time:94.365s step_avg:36.72ms
step:2571/3250 train_time:94.518s step_avg:36.76ms
step:2572/3250 train_time:94.674s step_avg:36.81ms
step:2573/3250 train_time:94.829s step_avg:36.86ms
step:2574/3250 train_time:94.983s step_avg:36.90ms
step:2575/3250 train_time:95.136s step_avg:36.95ms
step:2576/3250 train_time:95.292s step_avg:36.99ms
step:2577/3250 train_time:95.446s step_avg:37.04ms
step:2578/3250 train_time:95.600s step_avg:37.08ms
step:2579/3250 train_time:95.755s step_avg:37.13ms
step:2580/3250 train_time:95.909s step_avg:37.17ms
step:2581/3250 train_time:96.063s step_avg:37.22ms
step:2582/3250 train_time:96.217s step_avg:37.26ms
step:2583/3250 train_time:96.373s step_avg:37.31ms
step:2584/3250 train_time:96.527s step_avg:37.36ms
step:2585/3250 train_time:96.681s step_avg:37.40ms
step:2586/3250 train_time:96.835s step_avg:37.45ms
step:2587/3250 train_time:96.991s step_avg:37.49ms
step:2588/3250 train_time:97.146s step_avg:37.54ms
step:2589/3250 train_time:97.300s step_avg:37.58ms
step:2590/3250 train_time:97.455s step_avg:37.63ms
step:2591/3250 train_time:97.609s step_avg:37.67ms
step:2592/3250 train_time:97.763s step_avg:37.72ms
step:2593/3250 train_time:97.917s step_avg:37.76ms
step:2594/3250 train_time:98.074s step_avg:37.81ms
step:2595/3250 train_time:98.228s step_avg:37.85ms
step:2596/3250 train_time:98.382s step_avg:37.90ms
step:2597/3250 train_time:98.536s step_avg:37.94ms
step:2598/3250 train_time:98.691s step_avg:37.99ms
step:2599/3250 train_time:98.845s step_avg:38.03ms
step:2600/3250 train_time:98.999s step_avg:38.08ms
step:2601/3250 train_time:99.155s step_avg:38.12ms
step:2602/3250 train_time:99.309s step_avg:38.17ms
step:2603/3250 train_time:99.463s step_avg:38.21ms
step:2604/3250 train_time:99.616s step_avg:38.26ms
step:2605/3250 train_time:99.772s step_avg:38.30ms
step:2606/3250 train_time:99.927s step_avg:38.34ms
step:2607/3250 train_time:100.081s step_avg:38.39ms
step:2608/3250 train_time:100.235s step_avg:38.43ms
step:2609/3250 train_time:100.391s step_avg:38.48ms
step:2610/3250 train_time:100.544s step_avg:38.52ms
step:2611/3250 train_time:100.698s step_avg:38.57ms
step:2612/3250 train_time:100.854s step_avg:38.61ms
step:2613/3250 train_time:101.008s step_avg:38.66ms
step:2614/3250 train_time:101.161s step_avg:38.70ms
step:2615/3250 train_time:101.315s step_avg:38.74ms
step:2616/3250 train_time:101.471s step_avg:38.79ms
step:2617/3250 train_time:101.624s step_avg:38.83ms
step:2618/3250 train_time:101.778s step_avg:38.88ms
step:2619/3250 train_time:101.934s step_avg:38.92ms
step:2620/3250 train_time:102.087s step_avg:38.96ms
step:2621/3250 train_time:102.240s step_avg:39.01ms
step:2622/3250 train_time:102.395s step_avg:39.05ms
step:2623/3250 train_time:102.551s step_avg:39.10ms
step:2624/3250 train_time:102.703s step_avg:39.14ms
step:2625/3250 train_time:102.859s step_avg:39.18ms
step:2625/3250 val_loss:3.51265 train_time:102.871s step_avg:159.13ms
step:2626/3250 train_time:103.667s step_avg:39.48ms
step:2627/3250 train_time:103.808s step_avg:39.52ms
step:2628/3250 train_time:103.963s step_avg:39.56ms
step:2629/3250 train_time:104.116s step_avg:39.60ms
step:2630/3250 train_time:104.268s step_avg:39.65ms
step:2631/3250 train_time:104.423s step_avg:39.69ms
step:2632/3250 train_time:104.576s step_avg:39.73ms
step:2633/3250 train_time:104.729s step_avg:39.78ms
step:2634/3250 train_time:104.883s step_avg:39.82ms
step:2635/3250 train_time:105.037s step_avg:39.86ms
step:2636/3250 train_time:105.190s step_avg:39.91ms
step:2637/3250 train_time:105.344s step_avg:39.95ms
step:2638/3250 train_time:105.499s step_avg:39.99ms
step:2639/3250 train_time:105.652s step_avg:40.03ms
step:2640/3250 train_time:105.805s step_avg:40.08ms
step:2641/3250 train_time:105.957s step_avg:40.12ms
step:2642/3250 train_time:106.111s step_avg:40.16ms
step:2643/3250 train_time:106.264s step_avg:40.21ms
step:2644/3250 train_time:106.419s step_avg:40.25ms
step:2645/3250 train_time:106.572s step_avg:40.29ms
step:2646/3250 train_time:106.725s step_avg:40.33ms
step:2647/3250 train_time:106.883s step_avg:40.38ms
step:2648/3250 train_time:107.037s step_avg:40.42ms
step:2649/3250 train_time:107.190s step_avg:40.46ms
step:2650/3250 train_time:107.344s step_avg:40.51ms
step:2651/3250 train_time:107.499s step_avg:40.55ms
step:2652/3250 train_time:107.653s step_avg:40.59ms
step:2653/3250 train_time:107.806s step_avg:40.64ms
step:2654/3250 train_time:107.961s step_avg:40.68ms
step:2655/3250 train_time:108.115s step_avg:40.72ms
step:2656/3250 train_time:108.267s step_avg:40.76ms
step:2657/3250 train_time:108.423s step_avg:40.81ms
step:2658/3250 train_time:108.577s step_avg:40.85ms
step:2659/3250 train_time:108.731s step_avg:40.89ms
step:2660/3250 train_time:108.885s step_avg:40.93ms
step:2661/3250 train_time:109.080s step_avg:40.99ms
step:2662/3250 train_time:109.233s step_avg:41.03ms
step:2663/3250 train_time:109.387s step_avg:41.08ms
step:2664/3250 train_time:109.541s step_avg:41.12ms
step:2665/3250 train_time:109.695s step_avg:41.16ms
step:2666/3250 train_time:109.848s step_avg:41.20ms
step:2667/3250 train_time:110.003s step_avg:41.25ms
step:2668/3250 train_time:110.157s step_avg:41.29ms
step:2669/3250 train_time:110.311s step_avg:41.33ms
step:2670/3250 train_time:110.465s step_avg:41.37ms
step:2671/3250 train_time:110.621s step_avg:41.42ms
step:2672/3250 train_time:110.775s step_avg:41.46ms
step:2673/3250 train_time:110.929s step_avg:41.50ms
step:2674/3250 train_time:111.083s step_avg:41.54ms
step:2675/3250 train_time:111.236s step_avg:41.58ms
step:2676/3250 train_time:111.390s step_avg:41.63ms
step:2677/3250 train_time:111.544s step_avg:41.67ms
step:2678/3250 train_time:111.699s step_avg:41.71ms
step:2679/3250 train_time:111.852s step_avg:41.75ms
step:2680/3250 train_time:112.006s step_avg:41.79ms
step:2681/3250 train_time:112.160s step_avg:41.84ms
step:2682/3250 train_time:112.314s step_avg:41.88ms
step:2683/3250 train_time:112.466s step_avg:41.92ms
step:2684/3250 train_time:112.622s step_avg:41.96ms
step:2685/3250 train_time:112.777s step_avg:42.00ms
step:2686/3250 train_time:112.931s step_avg:42.04ms
step:2687/3250 train_time:113.085s step_avg:42.09ms
step:2688/3250 train_time:113.239s step_avg:42.13ms
step:2689/3250 train_time:113.393s step_avg:42.17ms
step:2690/3250 train_time:113.546s step_avg:42.21ms
step:2691/3250 train_time:113.703s step_avg:42.25ms
step:2692/3250 train_time:113.857s step_avg:42.29ms
step:2693/3250 train_time:114.011s step_avg:42.34ms
step:2694/3250 train_time:114.164s step_avg:42.38ms
step:2695/3250 train_time:114.319s step_avg:42.42ms
step:2696/3250 train_time:114.471s step_avg:42.46ms
step:2697/3250 train_time:114.625s step_avg:42.50ms
step:2698/3250 train_time:114.780s step_avg:42.54ms
step:2699/3250 train_time:114.933s step_avg:42.58ms
step:2700/3250 train_time:115.087s step_avg:42.62ms
step:2701/3250 train_time:115.241s step_avg:42.67ms
step:2702/3250 train_time:115.396s step_avg:42.71ms
step:2703/3250 train_time:115.549s step_avg:42.75ms
step:2704/3250 train_time:115.704s step_avg:42.79ms
step:2705/3250 train_time:115.858s step_avg:42.83ms
step:2706/3250 train_time:116.011s step_avg:42.87ms
step:2707/3250 train_time:116.164s step_avg:42.91ms
step:2708/3250 train_time:116.320s step_avg:42.95ms
step:2709/3250 train_time:116.475s step_avg:43.00ms
step:2710/3250 train_time:116.629s step_avg:43.04ms
step:2711/3250 train_time:116.784s step_avg:43.08ms
step:2712/3250 train_time:116.938s step_avg:43.12ms
step:2713/3250 train_time:117.092s step_avg:43.16ms
step:2714/3250 train_time:117.247s step_avg:43.20ms
step:2715/3250 train_time:117.403s step_avg:43.24ms
step:2716/3250 train_time:117.555s step_avg:43.28ms
step:2717/3250 train_time:117.709s step_avg:43.32ms
step:2718/3250 train_time:117.863s step_avg:43.36ms
step:2719/3250 train_time:118.017s step_avg:43.40ms
step:2720/3250 train_time:118.170s step_avg:43.44ms
step:2721/3250 train_time:118.326s step_avg:43.49ms
step:2722/3250 train_time:118.478s step_avg:43.53ms
step:2723/3250 train_time:118.631s step_avg:43.57ms
step:2724/3250 train_time:118.785s step_avg:43.61ms
step:2725/3250 train_time:118.939s step_avg:43.65ms
step:2726/3250 train_time:119.091s step_avg:43.69ms
step:2727/3250 train_time:119.244s step_avg:43.73ms
step:2728/3250 train_time:119.399s step_avg:43.77ms
step:2729/3250 train_time:119.552s step_avg:43.81ms
step:2730/3250 train_time:119.706s step_avg:43.85ms
step:2731/3250 train_time:119.861s step_avg:43.89ms
step:2732/3250 train_time:120.014s step_avg:43.93ms
step:2733/3250 train_time:120.167s step_avg:43.97ms
step:2734/3250 train_time:120.324s step_avg:44.01ms
step:2735/3250 train_time:120.479s step_avg:44.05ms
step:2736/3250 train_time:120.631s step_avg:44.09ms
step:2737/3250 train_time:120.785s step_avg:44.13ms
step:2738/3250 train_time:120.939s step_avg:44.17ms
step:2739/3250 train_time:121.092s step_avg:44.21ms
step:2740/3250 train_time:121.246s step_avg:44.25ms
step:2741/3250 train_time:121.402s step_avg:44.29ms
step:2742/3250 train_time:121.555s step_avg:44.33ms
step:2743/3250 train_time:121.709s step_avg:44.37ms
step:2744/3250 train_time:121.863s step_avg:44.41ms
step:2745/3250 train_time:122.017s step_avg:44.45ms
step:2746/3250 train_time:122.170s step_avg:44.49ms
step:2747/3250 train_time:122.324s step_avg:44.53ms
step:2748/3250 train_time:122.480s step_avg:44.57ms
step:2749/3250 train_time:122.632s step_avg:44.61ms
step:2750/3250 train_time:122.787s step_avg:44.65ms
step:2750/3250 val_loss:3.51149 train_time:122.799s step_avg:159.43ms
step:2751/3250 train_time:123.557s step_avg:44.91ms
step:2752/3250 train_time:123.695s step_avg:44.95ms
step:2753/3250 train_time:123.851s step_avg:44.99ms
step:2754/3250 train_time:124.002s step_avg:45.03ms
step:2755/3250 train_time:124.156s step_avg:45.07ms
step:2756/3250 train_time:124.312s step_avg:45.11ms
step:2757/3250 train_time:124.464s step_avg:45.14ms
step:2758/3250 train_time:124.618s step_avg:45.18ms
step:2759/3250 train_time:124.772s step_avg:45.22ms
step:2760/3250 train_time:124.926s step_avg:45.26ms
step:2761/3250 train_time:125.079s step_avg:45.30ms
step:2762/3250 train_time:125.234s step_avg:45.34ms
step:2763/3250 train_time:125.388s step_avg:45.38ms
step:2764/3250 train_time:125.541s step_avg:45.42ms
step:2765/3250 train_time:125.695s step_avg:45.46ms
step:2766/3250 train_time:125.849s step_avg:45.50ms
step:2767/3250 train_time:126.004s step_avg:45.54ms
step:2768/3250 train_time:126.157s step_avg:45.58ms
step:2769/3250 train_time:126.312s step_avg:45.62ms
step:2770/3250 train_time:126.465s step_avg:45.66ms
step:2771/3250 train_time:126.619s step_avg:45.69ms
step:2772/3250 train_time:126.773s step_avg:45.73ms
step:2773/3250 train_time:126.927s step_avg:45.77ms
step:2774/3250 train_time:127.082s step_avg:45.81ms
step:2775/3250 train_time:127.236s step_avg:45.85ms
step:2776/3250 train_time:127.390s step_avg:45.89ms
step:2777/3250 train_time:127.543s step_avg:45.93ms
step:2778/3250 train_time:127.696s step_avg:45.97ms
step:2779/3250 train_time:127.851s step_avg:46.01ms
step:2780/3250 train_time:128.004s step_avg:46.04ms
step:2781/3250 train_time:128.157s step_avg:46.08ms
step:2782/3250 train_time:128.312s step_avg:46.12ms
step:2783/3250 train_time:128.465s step_avg:46.16ms
step:2784/3250 train_time:128.619s step_avg:46.20ms
step:2785/3250 train_time:128.772s step_avg:46.24ms
step:2786/3250 train_time:128.927s step_avg:46.28ms
step:2787/3250 train_time:129.080s step_avg:46.31ms
step:2788/3250 train_time:129.235s step_avg:46.35ms
step:2789/3250 train_time:129.388s step_avg:46.39ms
step:2790/3250 train_time:129.540s step_avg:46.43ms
step:2791/3250 train_time:129.694s step_avg:46.47ms
step:2792/3250 train_time:129.849s step_avg:46.51ms
step:2793/3250 train_time:130.002s step_avg:46.55ms
step:2794/3250 train_time:130.156s step_avg:46.58ms
step:2795/3250 train_time:130.311s step_avg:46.62ms
step:2796/3250 train_time:130.463s step_avg:46.66ms
step:2797/3250 train_time:130.617s step_avg:46.70ms
step:2798/3250 train_time:130.771s step_avg:46.74ms
step:2799/3250 train_time:130.925s step_avg:46.78ms
step:2800/3250 train_time:131.078s step_avg:46.81ms
step:2801/3250 train_time:131.234s step_avg:46.85ms
step:2802/3250 train_time:131.388s step_avg:46.89ms
step:2803/3250 train_time:131.541s step_avg:46.93ms
step:2804/3250 train_time:131.695s step_avg:46.97ms
step:2805/3250 train_time:131.849s step_avg:47.01ms
step:2806/3250 train_time:132.002s step_avg:47.04ms
step:2807/3250 train_time:132.156s step_avg:47.08ms
step:2808/3250 train_time:132.311s step_avg:47.12ms
step:2809/3250 train_time:132.463s step_avg:47.16ms
step:2810/3250 train_time:132.617s step_avg:47.19ms
step:2811/3250 train_time:132.771s step_avg:47.23ms
step:2812/3250 train_time:132.925s step_avg:47.27ms
step:2813/3250 train_time:133.079s step_avg:47.31ms
step:2814/3250 train_time:133.234s step_avg:47.35ms
step:2815/3250 train_time:133.388s step_avg:47.38ms
step:2816/3250 train_time:133.542s step_avg:47.42ms
step:2817/3250 train_time:133.695s step_avg:47.46ms
step:2818/3250 train_time:133.850s step_avg:47.50ms
step:2819/3250 train_time:134.003s step_avg:47.54ms
step:2820/3250 train_time:134.157s step_avg:47.57ms
step:2821/3250 train_time:134.312s step_avg:47.61ms
step:2822/3250 train_time:134.465s step_avg:47.65ms
step:2823/3250 train_time:134.619s step_avg:47.69ms
step:2824/3250 train_time:134.773s step_avg:47.72ms
step:2825/3250 train_time:134.927s step_avg:47.76ms
step:2826/3250 train_time:135.080s step_avg:47.80ms
step:2827/3250 train_time:135.235s step_avg:47.84ms
step:2828/3250 train_time:135.389s step_avg:47.87ms
step:2829/3250 train_time:135.542s step_avg:47.91ms
step:2830/3250 train_time:135.695s step_avg:47.95ms
step:2831/3250 train_time:135.850s step_avg:47.99ms
step:2832/3250 train_time:136.003s step_avg:48.02ms
step:2833/3250 train_time:136.156s step_avg:48.06ms
step:2834/3250 train_time:136.311s step_avg:48.10ms
step:2835/3250 train_time:136.464s step_avg:48.14ms
step:2836/3250 train_time:136.618s step_avg:48.17ms
step:2837/3250 train_time:136.772s step_avg:48.21ms
step:2838/3250 train_time:136.926s step_avg:48.25ms
step:2839/3250 train_time:137.080s step_avg:48.28ms
step:2840/3250 train_time:137.234s step_avg:48.32ms
step:2841/3250 train_time:137.386s step_avg:48.36ms
step:2842/3250 train_time:137.540s step_avg:48.40ms
step:2843/3250 train_time:137.695s step_avg:48.43ms
step:2844/3250 train_time:137.851s step_avg:48.47ms
step:2845/3250 train_time:138.004s step_avg:48.51ms
step:2846/3250 train_time:138.158s step_avg:48.54ms
step:2847/3250 train_time:138.314s step_avg:48.58ms
step:2848/3250 train_time:138.468s step_avg:48.62ms
step:2849/3250 train_time:138.621s step_avg:48.66ms
step:2850/3250 train_time:138.775s step_avg:48.69ms
step:2851/3250 train_time:138.964s step_avg:48.74ms
EXIT=0 rid=req023_f2000_a2
