W0830 21:55:48.867000 8592 torch/distributed/run.py:852] 
W0830 21:55:48.867000 8592 torch/distributed/run.py:852] *****************************************
W0830 21:55:48.867000 8592 torch/distributed/run.py:852] Setting OMP_NUM_THREADS environment variable for each process to be 1 in default, to avoid your system being overloaded, please further tune the variable for optimal performance in your application as needed. 
W0830 21:55:48.867000 8592 torch/distributed/run.py:852] *****************************************
logs/77140296-462e-4d99-b843-cd438acfac20.txt
resumed training state from step 1500 in eos_shared_state, skipped 1500 batches
step:0/3250 val_loss:3.51931 train_time:0.001s step_avg:nanms
learning_rates step:1500 [{'pattern': '^embed\\.weight$', 'lr': [0.595]}, {'pattern': '^proj\\.weight$', 'lr': [0.0034]}, {'pattern': '^blocks\\..*\\.weight$', 'lr': [0.02125]}, {'pattern': '.*', 'lr': [0.01275]}]
step:1501/3250 train_time:3.321s step_avg:2.21ms
learning_rates step:1501 [{'pattern': '^embed\\.weight$', 'lr': [0.595]}, {'pattern': '^proj\\.weight$', 'lr': [0.0034]}, {'pattern': '^blocks\\..*\\.weight$', 'lr': [0.02125]}, {'pattern': '.*', 'lr': [0.01275]}]
step:1502/3250 train_time:3.459s step_avg:2.30ms
step:1503/3250 train_time:3.611s step_avg:2.40ms
step:1504/3250 train_time:3.764s step_avg:2.50ms
step:1505/3250 train_time:3.918s step_avg:2.60ms
step:1506/3250 train_time:4.069s step_avg:2.70ms
step:1507/3250 train_time:4.224s step_avg:2.80ms
step:1508/3250 train_time:4.377s step_avg:2.90ms
step:1509/3250 train_time:4.529s step_avg:3.00ms
step:1510/3250 train_time:4.683s step_avg:3.10ms
step:1511/3250 train_time:4.835s step_avg:3.20ms
step:1512/3250 train_time:4.989s step_avg:3.30ms
step:1513/3250 train_time:5.142s step_avg:3.40ms
step:1514/3250 train_time:5.295s step_avg:3.50ms
step:1515/3250 train_time:5.448s step_avg:3.60ms
step:1516/3250 train_time:5.600s step_avg:3.69ms
step:1517/3250 train_time:5.752s step_avg:3.79ms
step:1518/3250 train_time:5.907s step_avg:3.89ms
step:1519/3250 train_time:6.060s step_avg:3.99ms
step:1520/3250 train_time:6.212s step_avg:4.09ms
step:1521/3250 train_time:6.400s step_avg:4.21ms
step:1522/3250 train_time:6.552s step_avg:4.30ms
step:1523/3250 train_time:6.706s step_avg:4.40ms
step:1524/3250 train_time:6.859s step_avg:4.50ms
step:1525/3250 train_time:7.012s step_avg:4.60ms
step:1526/3250 train_time:7.165s step_avg:4.70ms
step:1527/3250 train_time:7.318s step_avg:4.79ms
step:1528/3250 train_time:7.470s step_avg:4.89ms
step:1529/3250 train_time:7.627s step_avg:4.99ms
step:1530/3250 train_time:7.779s step_avg:5.08ms
step:1531/3250 train_time:7.932s step_avg:5.18ms
step:1532/3250 train_time:8.086s step_avg:5.28ms
step:1533/3250 train_time:8.239s step_avg:5.37ms
step:1534/3250 train_time:8.392s step_avg:5.47ms
step:1535/3250 train_time:8.546s step_avg:5.57ms
step:1536/3250 train_time:8.698s step_avg:5.66ms
step:1537/3250 train_time:8.851s step_avg:5.76ms
step:1538/3250 train_time:9.003s step_avg:5.85ms
step:1539/3250 train_time:9.156s step_avg:5.95ms
step:1540/3250 train_time:9.309s step_avg:6.04ms
step:1541/3250 train_time:9.462s step_avg:6.14ms
step:1542/3250 train_time:9.616s step_avg:6.24ms
step:1543/3250 train_time:9.768s step_avg:6.33ms
step:1544/3250 train_time:9.921s step_avg:6.43ms
step:1545/3250 train_time:10.074s step_avg:6.52ms
step:1546/3250 train_time:10.227s step_avg:6.62ms
step:1547/3250 train_time:10.381s step_avg:6.71ms
step:1548/3250 train_time:10.534s step_avg:6.80ms
step:1549/3250 train_time:10.687s step_avg:6.90ms
step:1550/3250 train_time:10.840s step_avg:6.99ms
step:1551/3250 train_time:10.993s step_avg:7.09ms
step:1552/3250 train_time:11.146s step_avg:7.18ms
step:1553/3250 train_time:11.300s step_avg:7.28ms
step:1554/3250 train_time:11.451s step_avg:7.37ms
step:1555/3250 train_time:11.605s step_avg:7.46ms
step:1556/3250 train_time:11.758s step_avg:7.56ms
step:1557/3250 train_time:11.911s step_avg:7.65ms
step:1558/3250 train_time:12.065s step_avg:7.74ms
step:1559/3250 train_time:12.219s step_avg:7.84ms
step:1560/3250 train_time:12.371s step_avg:7.93ms
step:1561/3250 train_time:12.525s step_avg:8.02ms
step:1562/3250 train_time:12.678s step_avg:8.12ms
step:1563/3250 train_time:12.831s step_avg:8.21ms
step:1564/3250 train_time:12.984s step_avg:8.30ms
step:1565/3250 train_time:13.138s step_avg:8.40ms
step:1566/3250 train_time:13.291s step_avg:8.49ms
step:1567/3250 train_time:13.445s step_avg:8.58ms
step:1568/3250 train_time:13.599s step_avg:8.67ms
step:1569/3250 train_time:13.751s step_avg:8.76ms
step:1570/3250 train_time:13.906s step_avg:8.86ms
step:1571/3250 train_time:14.059s step_avg:8.95ms
step:1572/3250 train_time:14.212s step_avg:9.04ms
step:1573/3250 train_time:14.366s step_avg:9.13ms
step:1574/3250 train_time:14.520s step_avg:9.22ms
step:1575/3250 train_time:14.672s step_avg:9.32ms
step:1576/3250 train_time:14.828s step_avg:9.41ms
step:1577/3250 train_time:14.982s step_avg:9.50ms
step:1578/3250 train_time:15.136s step_avg:9.59ms
step:1579/3250 train_time:15.289s step_avg:9.68ms
step:1580/3250 train_time:15.442s step_avg:9.77ms
step:1581/3250 train_time:15.595s step_avg:9.86ms
step:1582/3250 train_time:15.748s step_avg:9.95ms
step:1583/3250 train_time:15.901s step_avg:10.04ms
step:1584/3250 train_time:16.053s step_avg:10.13ms
step:1585/3250 train_time:16.208s step_avg:10.23ms
step:1586/3250 train_time:16.362s step_avg:10.32ms
step:1587/3250 train_time:16.515s step_avg:10.41ms
step:1588/3250 train_time:16.668s step_avg:10.50ms
step:1589/3250 train_time:16.821s step_avg:10.59ms
step:1590/3250 train_time:16.974s step_avg:10.68ms
step:1591/3250 train_time:17.128s step_avg:10.77ms
step:1592/3250 train_time:17.281s step_avg:10.85ms
step:1593/3250 train_time:17.434s step_avg:10.94ms
step:1594/3250 train_time:17.588s step_avg:11.03ms
step:1595/3250 train_time:17.741s step_avg:11.12ms
step:1596/3250 train_time:17.894s step_avg:11.21ms
step:1597/3250 train_time:18.047s step_avg:11.30ms
step:1598/3250 train_time:18.200s step_avg:11.39ms
step:1599/3250 train_time:18.353s step_avg:11.48ms
step:1600/3250 train_time:18.507s step_avg:11.57ms
step:1601/3250 train_time:18.660s step_avg:11.66ms
step:1602/3250 train_time:18.813s step_avg:11.74ms
step:1603/3250 train_time:18.968s step_avg:11.83ms
step:1604/3250 train_time:19.121s step_avg:11.92ms
step:1605/3250 train_time:19.274s step_avg:12.01ms
step:1606/3250 train_time:19.428s step_avg:12.10ms
step:1607/3250 train_time:19.581s step_avg:12.19ms
step:1608/3250 train_time:19.736s step_avg:12.27ms
step:1609/3250 train_time:19.889s step_avg:12.36ms
step:1610/3250 train_time:20.041s step_avg:12.45ms
step:1611/3250 train_time:20.196s step_avg:12.54ms
step:1612/3250 train_time:20.349s step_avg:12.62ms
step:1613/3250 train_time:20.502s step_avg:12.71ms
step:1614/3250 train_time:20.655s step_avg:12.80ms
step:1615/3250 train_time:20.809s step_avg:12.88ms
step:1616/3250 train_time:20.963s step_avg:12.97ms
step:1617/3250 train_time:21.117s step_avg:13.06ms
step:1618/3250 train_time:21.270s step_avg:13.15ms
step:1619/3250 train_time:21.424s step_avg:13.23ms
step:1620/3250 train_time:21.578s step_avg:13.32ms
step:1621/3250 train_time:21.731s step_avg:13.41ms
step:1622/3250 train_time:21.885s step_avg:13.49ms
step:1623/3250 train_time:22.041s step_avg:13.58ms
step:1624/3250 train_time:22.195s step_avg:13.67ms
step:1625/3250 train_time:22.349s step_avg:13.75ms
step:1625/3250 val_loss:3.52509 train_time:22.360s step_avg:13.76ms
step:1626/3250 train_time:23.158s step_avg:14.24ms
step:1627/3250 train_time:23.294s step_avg:14.32ms
step:1628/3250 train_time:23.447s step_avg:14.40ms
step:1629/3250 train_time:23.600s step_avg:14.49ms
step:1630/3250 train_time:23.753s step_avg:14.57ms
step:1631/3250 train_time:23.906s step_avg:14.66ms
step:1632/3250 train_time:24.059s step_avg:14.74ms
step:1633/3250 train_time:24.212s step_avg:14.83ms
step:1634/3250 train_time:24.366s step_avg:14.91ms
step:1635/3250 train_time:24.520s step_avg:15.00ms
step:1636/3250 train_time:24.673s step_avg:15.08ms
step:1637/3250 train_time:24.827s step_avg:15.17ms
step:1638/3250 train_time:24.980s step_avg:15.25ms
step:1639/3250 train_time:25.137s step_avg:15.34ms
step:1640/3250 train_time:25.290s step_avg:15.42ms
step:1641/3250 train_time:25.443s step_avg:15.50ms
step:1642/3250 train_time:25.596s step_avg:15.59ms
step:1643/3250 train_time:25.753s step_avg:15.67ms
step:1644/3250 train_time:25.907s step_avg:15.76ms
step:1645/3250 train_time:26.061s step_avg:15.84ms
step:1646/3250 train_time:26.213s step_avg:15.93ms
step:1647/3250 train_time:26.367s step_avg:16.01ms
step:1648/3250 train_time:26.520s step_avg:16.09ms
step:1649/3250 train_time:26.674s step_avg:16.18ms
step:1650/3250 train_time:26.827s step_avg:16.26ms
step:1651/3250 train_time:26.982s step_avg:16.34ms
step:1652/3250 train_time:27.135s step_avg:16.43ms
step:1653/3250 train_time:27.289s step_avg:16.51ms
step:1654/3250 train_time:27.442s step_avg:16.59ms
step:1655/3250 train_time:27.596s step_avg:16.67ms
step:1656/3250 train_time:27.750s step_avg:16.76ms
step:1657/3250 train_time:27.903s step_avg:16.84ms
step:1658/3250 train_time:28.059s step_avg:16.92ms
step:1659/3250 train_time:28.212s step_avg:17.01ms
step:1660/3250 train_time:28.366s step_avg:17.09ms
step:1661/3250 train_time:28.521s step_avg:17.17ms
step:1662/3250 train_time:28.674s step_avg:17.25ms
step:1663/3250 train_time:28.828s step_avg:17.33ms
step:1664/3250 train_time:28.982s step_avg:17.42ms
step:1665/3250 train_time:29.136s step_avg:17.50ms
step:1666/3250 train_time:29.289s step_avg:17.58ms
step:1667/3250 train_time:29.443s step_avg:17.66ms
step:1668/3250 train_time:29.596s step_avg:17.74ms
step:1669/3250 train_time:29.752s step_avg:17.83ms
step:1670/3250 train_time:29.906s step_avg:17.91ms
step:1671/3250 train_time:30.060s step_avg:17.99ms
step:1672/3250 train_time:30.214s step_avg:18.07ms
step:1673/3250 train_time:30.369s step_avg:18.15ms
step:1674/3250 train_time:30.522s step_avg:18.23ms
step:1675/3250 train_time:30.676s step_avg:18.31ms
step:1676/3250 train_time:30.831s step_avg:18.40ms
step:1677/3250 train_time:30.984s step_avg:18.48ms
step:1678/3250 train_time:31.138s step_avg:18.56ms
step:1679/3250 train_time:31.292s step_avg:18.64ms
step:1680/3250 train_time:31.445s step_avg:18.72ms
step:1681/3250 train_time:31.600s step_avg:18.80ms
step:1682/3250 train_time:31.753s step_avg:18.88ms
step:1683/3250 train_time:31.906s step_avg:18.96ms
step:1684/3250 train_time:32.061s step_avg:19.04ms
step:1685/3250 train_time:32.216s step_avg:19.12ms
step:1686/3250 train_time:32.371s step_avg:19.20ms
step:1687/3250 train_time:32.524s step_avg:19.28ms
step:1688/3250 train_time:32.678s step_avg:19.36ms
step:1689/3250 train_time:32.835s step_avg:19.44ms
step:1690/3250 train_time:32.989s step_avg:19.52ms
step:1691/3250 train_time:33.142s step_avg:19.60ms
step:1692/3250 train_time:33.295s step_avg:19.68ms
step:1693/3250 train_time:33.451s step_avg:19.76ms
step:1694/3250 train_time:33.605s step_avg:19.84ms
step:1695/3250 train_time:33.760s step_avg:19.92ms
step:1696/3250 train_time:33.913s step_avg:20.00ms
step:1697/3250 train_time:34.067s step_avg:20.07ms
step:1698/3250 train_time:34.222s step_avg:20.15ms
step:1699/3250 train_time:34.375s step_avg:20.23ms
step:1700/3250 train_time:34.529s step_avg:20.31ms
step:1701/3250 train_time:34.682s step_avg:20.39ms
step:1702/3250 train_time:34.836s step_avg:20.47ms
step:1703/3250 train_time:34.990s step_avg:20.55ms
step:1704/3250 train_time:35.143s step_avg:20.62ms
step:1705/3250 train_time:35.297s step_avg:20.70ms
step:1706/3250 train_time:35.453s step_avg:20.78ms
step:1707/3250 train_time:35.607s step_avg:20.86ms
step:1708/3250 train_time:35.761s step_avg:20.94ms
step:1709/3250 train_time:35.915s step_avg:21.02ms
step:1710/3250 train_time:36.069s step_avg:21.09ms
step:1711/3250 train_time:36.260s step_avg:21.19ms
step:1712/3250 train_time:36.413s step_avg:21.27ms
step:1713/3250 train_time:36.567s step_avg:21.35ms
step:1714/3250 train_time:36.721s step_avg:21.42ms
step:1715/3250 train_time:36.875s step_avg:21.50ms
step:1716/3250 train_time:37.029s step_avg:21.58ms
step:1717/3250 train_time:37.183s step_avg:21.66ms
step:1718/3250 train_time:37.338s step_avg:21.73ms
step:1719/3250 train_time:37.492s step_avg:21.81ms
step:1720/3250 train_time:37.646s step_avg:21.89ms
step:1721/3250 train_time:37.800s step_avg:21.96ms
step:1722/3250 train_time:37.954s step_avg:22.04ms
step:1723/3250 train_time:38.108s step_avg:22.12ms
step:1724/3250 train_time:38.262s step_avg:22.19ms
step:1725/3250 train_time:38.416s step_avg:22.27ms
step:1726/3250 train_time:38.572s step_avg:22.35ms
step:1727/3250 train_time:38.725s step_avg:22.42ms
step:1728/3250 train_time:38.879s step_avg:22.50ms
step:1729/3250 train_time:39.034s step_avg:22.58ms
step:1730/3250 train_time:39.186s step_avg:22.65ms
step:1731/3250 train_time:39.341s step_avg:22.73ms
step:1732/3250 train_time:39.495s step_avg:22.80ms
step:1733/3250 train_time:39.649s step_avg:22.88ms
step:1734/3250 train_time:39.802s step_avg:22.95ms
step:1735/3250 train_time:39.957s step_avg:23.03ms
step:1736/3250 train_time:40.113s step_avg:23.11ms
step:1737/3250 train_time:40.266s step_avg:23.18ms
step:1738/3250 train_time:40.421s step_avg:23.26ms
step:1739/3250 train_time:40.575s step_avg:23.33ms
step:1740/3250 train_time:40.729s step_avg:23.41ms
step:1741/3250 train_time:40.882s step_avg:23.48ms
step:1742/3250 train_time:41.037s step_avg:23.56ms
step:1743/3250 train_time:41.191s step_avg:23.63ms
step:1744/3250 train_time:41.344s step_avg:23.71ms
step:1745/3250 train_time:41.499s step_avg:23.78ms
step:1746/3250 train_time:41.654s step_avg:23.86ms
step:1747/3250 train_time:41.809s step_avg:23.93ms
step:1748/3250 train_time:41.962s step_avg:24.01ms
step:1749/3250 train_time:42.116s step_avg:24.08ms
step:1750/3250 train_time:42.271s step_avg:24.16ms
step:1750/3250 val_loss:3.52044 train_time:42.283s step_avg:159.38ms
step:1751/3250 train_time:43.041s step_avg:24.58ms
step:1752/3250 train_time:43.180s step_avg:24.65ms
step:1753/3250 train_time:43.334s step_avg:24.72ms
step:1754/3250 train_time:43.488s step_avg:24.79ms
step:1755/3250 train_time:43.643s step_avg:24.87ms
step:1756/3250 train_time:43.797s step_avg:24.94ms
step:1757/3250 train_time:43.951s step_avg:25.01ms
step:1758/3250 train_time:44.106s step_avg:25.09ms
step:1759/3250 train_time:44.260s step_avg:25.16ms
step:1760/3250 train_time:44.414s step_avg:25.23ms
step:1761/3250 train_time:44.568s step_avg:25.31ms
step:1762/3250 train_time:44.721s step_avg:25.38ms
step:1763/3250 train_time:44.875s step_avg:25.45ms
step:1764/3250 train_time:45.030s step_avg:25.53ms
step:1765/3250 train_time:45.185s step_avg:25.60ms
step:1766/3250 train_time:45.341s step_avg:25.67ms
step:1767/3250 train_time:45.494s step_avg:25.75ms
step:1768/3250 train_time:45.649s step_avg:25.82ms
step:1769/3250 train_time:45.804s step_avg:25.89ms
step:1770/3250 train_time:45.957s step_avg:25.96ms
step:1771/3250 train_time:46.111s step_avg:26.04ms
step:1772/3250 train_time:46.265s step_avg:26.11ms
step:1773/3250 train_time:46.419s step_avg:26.18ms
step:1774/3250 train_time:46.573s step_avg:26.25ms
step:1775/3250 train_time:46.726s step_avg:26.32ms
step:1776/3250 train_time:46.882s step_avg:26.40ms
step:1777/3250 train_time:47.036s step_avg:26.47ms
step:1778/3250 train_time:47.189s step_avg:26.54ms
step:1779/3250 train_time:47.343s step_avg:26.61ms
step:1780/3250 train_time:47.497s step_avg:26.68ms
step:1781/3250 train_time:47.651s step_avg:26.76ms
step:1782/3250 train_time:47.806s step_avg:26.83ms
step:1783/3250 train_time:47.963s step_avg:26.90ms
step:1784/3250 train_time:48.116s step_avg:26.97ms
step:1785/3250 train_time:48.273s step_avg:27.04ms
step:1786/3250 train_time:48.427s step_avg:27.11ms
step:1787/3250 train_time:48.582s step_avg:27.19ms
step:1788/3250 train_time:48.734s step_avg:27.26ms
step:1789/3250 train_time:48.888s step_avg:27.33ms
step:1790/3250 train_time:49.040s step_avg:27.40ms
step:1791/3250 train_time:49.195s step_avg:27.47ms
step:1792/3250 train_time:49.350s step_avg:27.54ms
step:1793/3250 train_time:49.505s step_avg:27.61ms
step:1794/3250 train_time:49.660s step_avg:27.68ms
step:1795/3250 train_time:49.813s step_avg:27.75ms
step:1796/3250 train_time:49.966s step_avg:27.82ms
step:1797/3250 train_time:50.121s step_avg:27.89ms
step:1798/3250 train_time:50.274s step_avg:27.96ms
step:1799/3250 train_time:50.428s step_avg:28.03ms
step:1800/3250 train_time:50.580s step_avg:28.10ms
step:1801/3250 train_time:50.733s step_avg:28.17ms
step:1802/3250 train_time:50.889s step_avg:28.24ms
step:1803/3250 train_time:51.043s step_avg:28.31ms
step:1804/3250 train_time:51.196s step_avg:28.38ms
step:1805/3250 train_time:51.349s step_avg:28.45ms
step:1806/3250 train_time:51.505s step_avg:28.52ms
step:1807/3250 train_time:51.661s step_avg:28.59ms
step:1808/3250 train_time:51.814s step_avg:28.66ms
step:1809/3250 train_time:51.968s step_avg:28.73ms
step:1810/3250 train_time:52.121s step_avg:28.80ms
step:1811/3250 train_time:52.274s step_avg:28.86ms
step:1812/3250 train_time:52.427s step_avg:28.93ms
step:1813/3250 train_time:52.581s step_avg:29.00ms
step:1814/3250 train_time:52.734s step_avg:29.07ms
step:1815/3250 train_time:52.889s step_avg:29.14ms
step:1816/3250 train_time:53.045s step_avg:29.21ms
step:1817/3250 train_time:53.199s step_avg:29.28ms
step:1818/3250 train_time:53.354s step_avg:29.35ms
step:1819/3250 train_time:53.508s step_avg:29.42ms
step:1820/3250 train_time:53.662s step_avg:29.48ms
step:1821/3250 train_time:53.816s step_avg:29.55ms
step:1822/3250 train_time:53.970s step_avg:29.62ms
step:1823/3250 train_time:54.124s step_avg:29.69ms
step:1824/3250 train_time:54.278s step_avg:29.76ms
step:1825/3250 train_time:54.432s step_avg:29.83ms
step:1826/3250 train_time:54.586s step_avg:29.89ms
step:1827/3250 train_time:54.741s step_avg:29.96ms
step:1828/3250 train_time:54.895s step_avg:30.03ms
step:1829/3250 train_time:55.048s step_avg:30.10ms
step:1830/3250 train_time:55.202s step_avg:30.17ms
step:1831/3250 train_time:55.356s step_avg:30.23ms
step:1832/3250 train_time:55.510s step_avg:30.30ms
step:1833/3250 train_time:55.665s step_avg:30.37ms
step:1834/3250 train_time:55.819s step_avg:30.44ms
step:1835/3250 train_time:55.973s step_avg:30.50ms
step:1836/3250 train_time:56.127s step_avg:30.57ms
step:1837/3250 train_time:56.283s step_avg:30.64ms
step:1838/3250 train_time:56.437s step_avg:30.71ms
step:1839/3250 train_time:56.590s step_avg:30.77ms
step:1840/3250 train_time:56.744s step_avg:30.84ms
step:1841/3250 train_time:56.900s step_avg:30.91ms
step:1842/3250 train_time:57.053s step_avg:30.97ms
step:1843/3250 train_time:57.206s step_avg:31.04ms
step:1844/3250 train_time:57.361s step_avg:31.11ms
step:1845/3250 train_time:57.514s step_avg:31.17ms
step:1846/3250 train_time:57.668s step_avg:31.24ms
step:1847/3250 train_time:57.822s step_avg:31.31ms
step:1848/3250 train_time:57.975s step_avg:31.37ms
step:1849/3250 train_time:58.129s step_avg:31.44ms
step:1850/3250 train_time:58.286s step_avg:31.51ms
step:1851/3250 train_time:58.441s step_avg:31.57ms
step:1852/3250 train_time:58.595s step_avg:31.64ms
step:1853/3250 train_time:58.749s step_avg:31.70ms
step:1854/3250 train_time:58.903s step_avg:31.77ms
step:1855/3250 train_time:59.056s step_avg:31.84ms
step:1856/3250 train_time:59.210s step_avg:31.90ms
step:1857/3250 train_time:59.366s step_avg:31.97ms
step:1858/3250 train_time:59.520s step_avg:32.03ms
step:1859/3250 train_time:59.674s step_avg:32.10ms
step:1860/3250 train_time:59.827s step_avg:32.16ms
step:1861/3250 train_time:59.982s step_avg:32.23ms
step:1862/3250 train_time:60.134s step_avg:32.30ms
step:1863/3250 train_time:60.288s step_avg:32.36ms
step:1864/3250 train_time:60.442s step_avg:32.43ms
step:1865/3250 train_time:60.599s step_avg:32.49ms
step:1866/3250 train_time:60.753s step_avg:32.56ms
step:1867/3250 train_time:60.907s step_avg:32.62ms
step:1868/3250 train_time:61.063s step_avg:32.69ms
step:1869/3250 train_time:61.215s step_avg:32.75ms
step:1870/3250 train_time:61.369s step_avg:32.82ms
step:1871/3250 train_time:61.523s step_avg:32.88ms
step:1872/3250 train_time:61.678s step_avg:32.95ms
step:1873/3250 train_time:61.833s step_avg:33.01ms
step:1874/3250 train_time:61.987s step_avg:33.08ms
step:1875/3250 train_time:62.142s step_avg:33.14ms
step:1875/3250 val_loss:3.51279 train_time:62.154s step_avg:158.96ms
step:1876/3250 train_time:62.952s step_avg:33.56ms
step:1877/3250 train_time:63.093s step_avg:33.61ms
step:1878/3250 train_time:63.246s step_avg:33.68ms
step:1879/3250 train_time:63.400s step_avg:33.74ms
step:1880/3250 train_time:63.553s step_avg:33.80ms
step:1881/3250 train_time:63.707s step_avg:33.87ms
step:1882/3250 train_time:63.861s step_avg:33.93ms
step:1883/3250 train_time:64.016s step_avg:34.00ms
step:1884/3250 train_time:64.170s step_avg:34.06ms
step:1885/3250 train_time:64.323s step_avg:34.12ms
step:1886/3250 train_time:64.477s step_avg:34.19ms
step:1887/3250 train_time:64.631s step_avg:34.25ms
step:1888/3250 train_time:64.784s step_avg:34.31ms
step:1889/3250 train_time:64.938s step_avg:34.38ms
step:1890/3250 train_time:65.093s step_avg:34.44ms
step:1891/3250 train_time:65.247s step_avg:34.50ms
step:1892/3250 train_time:65.402s step_avg:34.57ms
step:1893/3250 train_time:65.555s step_avg:34.63ms
step:1894/3250 train_time:65.709s step_avg:34.69ms
step:1895/3250 train_time:65.862s step_avg:34.76ms
step:1896/3250 train_time:66.017s step_avg:34.82ms
step:1897/3250 train_time:66.172s step_avg:34.88ms
step:1898/3250 train_time:66.328s step_avg:34.95ms
step:1899/3250 train_time:66.481s step_avg:35.01ms
step:1900/3250 train_time:66.636s step_avg:35.07ms
step:1901/3250 train_time:66.822s step_avg:35.15ms
step:1902/3250 train_time:66.974s step_avg:35.21ms
step:1903/3250 train_time:67.128s step_avg:35.27ms
step:1904/3250 train_time:67.281s step_avg:35.34ms
step:1905/3250 train_time:67.435s step_avg:35.40ms
step:1906/3250 train_time:67.590s step_avg:35.46ms
step:1907/3250 train_time:67.745s step_avg:35.52ms
step:1908/3250 train_time:67.898s step_avg:35.59ms
step:1909/3250 train_time:68.053s step_avg:35.65ms
step:1910/3250 train_time:68.207s step_avg:35.71ms
step:1911/3250 train_time:68.361s step_avg:35.77ms
step:1912/3250 train_time:68.515s step_avg:35.83ms
step:1913/3250 train_time:68.669s step_avg:35.90ms
step:1914/3250 train_time:68.824s step_avg:35.96ms
step:1915/3250 train_time:68.978s step_avg:36.02ms
step:1916/3250 train_time:69.133s step_avg:36.08ms
step:1917/3250 train_time:69.288s step_avg:36.14ms
step:1918/3250 train_time:69.441s step_avg:36.20ms
step:1919/3250 train_time:69.596s step_avg:36.27ms
step:1920/3250 train_time:69.751s step_avg:36.33ms
step:1921/3250 train_time:69.906s step_avg:36.39ms
step:1922/3250 train_time:70.061s step_avg:36.45ms
step:1923/3250 train_time:70.216s step_avg:36.51ms
step:1924/3250 train_time:70.372s step_avg:36.58ms
step:1925/3250 train_time:70.526s step_avg:36.64ms
step:1926/3250 train_time:70.680s step_avg:36.70ms
step:1927/3250 train_time:70.835s step_avg:36.76ms
step:1928/3250 train_time:70.990s step_avg:36.82ms
step:1929/3250 train_time:71.143s step_avg:36.88ms
step:1930/3250 train_time:71.297s step_avg:36.94ms
step:1931/3250 train_time:71.452s step_avg:37.00ms
step:1932/3250 train_time:71.606s step_avg:37.06ms
step:1933/3250 train_time:71.760s step_avg:37.12ms
step:1934/3250 train_time:71.917s step_avg:37.19ms
step:1935/3250 train_time:72.072s step_avg:37.25ms
step:1936/3250 train_time:72.226s step_avg:37.31ms
step:1937/3250 train_time:72.381s step_avg:37.37ms
step:1938/3250 train_time:72.536s step_avg:37.43ms
step:1939/3250 train_time:72.692s step_avg:37.49ms
step:1940/3250 train_time:72.845s step_avg:37.55ms
step:1941/3250 train_time:72.999s step_avg:37.61ms
step:1942/3250 train_time:73.153s step_avg:37.67ms
step:1943/3250 train_time:73.307s step_avg:37.73ms
step:1944/3250 train_time:73.462s step_avg:37.79ms
step:1945/3250 train_time:73.617s step_avg:37.85ms
step:1946/3250 train_time:73.772s step_avg:37.91ms
step:1947/3250 train_time:73.926s step_avg:37.97ms
step:1948/3250 train_time:74.081s step_avg:38.03ms
step:1949/3250 train_time:74.235s step_avg:38.09ms
step:1950/3250 train_time:74.391s step_avg:38.15ms
step:1951/3250 train_time:74.544s step_avg:38.21ms
step:1952/3250 train_time:74.697s step_avg:38.27ms
step:1953/3250 train_time:74.852s step_avg:38.33ms
step:1954/3250 train_time:75.006s step_avg:38.39ms
step:1955/3250 train_time:75.160s step_avg:38.45ms
step:1956/3250 train_time:75.315s step_avg:38.50ms
step:1957/3250 train_time:75.471s step_avg:38.56ms
step:1958/3250 train_time:75.625s step_avg:38.62ms
step:1959/3250 train_time:75.778s step_avg:38.68ms
step:1960/3250 train_time:75.933s step_avg:38.74ms
step:1961/3250 train_time:76.088s step_avg:38.80ms
step:1962/3250 train_time:76.241s step_avg:38.86ms
step:1963/3250 train_time:76.396s step_avg:38.92ms
step:1964/3250 train_time:76.550s step_avg:38.98ms
step:1965/3250 train_time:76.703s step_avg:39.03ms
step:1966/3250 train_time:76.857s step_avg:39.09ms
step:1967/3250 train_time:77.013s step_avg:39.15ms
step:1968/3250 train_time:77.167s step_avg:39.21ms
step:1969/3250 train_time:77.321s step_avg:39.27ms
step:1970/3250 train_time:77.474s step_avg:39.33ms
step:1971/3250 train_time:77.629s step_avg:39.39ms
step:1972/3250 train_time:77.782s step_avg:39.44ms
step:1973/3250 train_time:77.936s step_avg:39.50ms
step:1974/3250 train_time:78.092s step_avg:39.56ms
step:1975/3250 train_time:78.245s step_avg:39.62ms
step:1976/3250 train_time:78.400s step_avg:39.68ms
step:1977/3250 train_time:78.554s step_avg:39.73ms
step:1978/3250 train_time:78.708s step_avg:39.79ms
step:1979/3250 train_time:78.862s step_avg:39.85ms
step:1980/3250 train_time:79.016s step_avg:39.91ms
step:1981/3250 train_time:79.172s step_avg:39.97ms
step:1982/3250 train_time:79.326s step_avg:40.02ms
step:1983/3250 train_time:79.481s step_avg:40.08ms
step:1984/3250 train_time:79.635s step_avg:40.14ms
step:1985/3250 train_time:79.791s step_avg:40.20ms
step:1986/3250 train_time:79.944s step_avg:40.25ms
step:1987/3250 train_time:80.098s step_avg:40.31ms
step:1988/3250 train_time:80.253s step_avg:40.37ms
step:1989/3250 train_time:80.407s step_avg:40.43ms
step:1990/3250 train_time:80.560s step_avg:40.48ms
step:1991/3250 train_time:80.715s step_avg:40.54ms
step:1992/3250 train_time:80.870s step_avg:40.60ms
step:1993/3250 train_time:81.023s step_avg:40.65ms
step:1994/3250 train_time:81.177s step_avg:40.71ms
step:1995/3250 train_time:81.334s step_avg:40.77ms
step:1996/3250 train_time:81.489s step_avg:40.83ms
step:1997/3250 train_time:81.641s step_avg:40.88ms
step:1998/3250 train_time:81.796s step_avg:40.94ms
step:1999/3250 train_time:81.951s step_avg:41.00ms
step:2000/3250 train_time:82.105s step_avg:41.05ms
step:2000/3250 val_loss:3.50591 train_time:82.117s step_avg:159.70ms
step:2001/3250 train_time:82.890s step_avg:41.42ms
step:2002/3250 train_time:83.029s step_avg:41.47ms
step:2003/3250 train_time:83.182s step_avg:41.53ms
step:2004/3250 train_time:83.335s step_avg:41.58ms
step:2005/3250 train_time:83.488s step_avg:41.64ms
step:2006/3250 train_time:83.642s step_avg:41.70ms
step:2007/3250 train_time:83.795s step_avg:41.75ms
step:2008/3250 train_time:83.950s step_avg:41.81ms
step:2009/3250 train_time:84.105s step_avg:41.86ms
step:2010/3250 train_time:84.259s step_avg:41.92ms
step:2011/3250 train_time:84.413s step_avg:41.98ms
step:2012/3250 train_time:84.567s step_avg:42.03ms
step:2013/3250 train_time:84.722s step_avg:42.09ms
step:2014/3250 train_time:84.874s step_avg:42.14ms
step:2015/3250 train_time:85.029s step_avg:42.20ms
step:2016/3250 train_time:85.184s step_avg:42.25ms
step:2017/3250 train_time:85.340s step_avg:42.31ms
step:2018/3250 train_time:85.492s step_avg:42.36ms
step:2019/3250 train_time:85.649s step_avg:42.42ms
step:2020/3250 train_time:85.804s step_avg:42.48ms
step:2021/3250 train_time:85.960s step_avg:42.53ms
step:2022/3250 train_time:86.113s step_avg:42.59ms
step:2023/3250 train_time:86.267s step_avg:42.64ms
step:2024/3250 train_time:86.422s step_avg:42.70ms
step:2025/3250 train_time:86.575s step_avg:42.75ms
step:2026/3250 train_time:86.729s step_avg:42.81ms
step:2027/3250 train_time:86.883s step_avg:42.86ms
step:2028/3250 train_time:87.038s step_avg:42.92ms
step:2029/3250 train_time:87.191s step_avg:42.97ms
step:2030/3250 train_time:87.345s step_avg:43.03ms
step:2031/3250 train_time:87.501s step_avg:43.08ms
step:2032/3250 train_time:87.655s step_avg:43.14ms
step:2033/3250 train_time:87.809s step_avg:43.19ms
step:2034/3250 train_time:87.963s step_avg:43.25ms
step:2035/3250 train_time:88.117s step_avg:43.30ms
step:2036/3250 train_time:88.271s step_avg:43.36ms
step:2037/3250 train_time:88.425s step_avg:43.41ms
step:2038/3250 train_time:88.579s step_avg:43.46ms
step:2039/3250 train_time:88.733s step_avg:43.52ms
step:2040/3250 train_time:88.887s step_avg:43.57ms
step:2041/3250 train_time:89.043s step_avg:43.63ms
step:2042/3250 train_time:89.198s step_avg:43.68ms
step:2043/3250 train_time:89.352s step_avg:43.74ms
step:2044/3250 train_time:89.506s step_avg:43.79ms
step:2045/3250 train_time:89.661s step_avg:43.84ms
step:2046/3250 train_time:89.816s step_avg:43.90ms
step:2047/3250 train_time:89.969s step_avg:43.95ms
step:2048/3250 train_time:90.125s step_avg:44.01ms
step:2049/3250 train_time:90.281s step_avg:44.06ms
step:2050/3250 train_time:90.437s step_avg:44.12ms
step:2051/3250 train_time:90.591s step_avg:44.17ms
step:2052/3250 train_time:90.746s step_avg:44.22ms
step:2053/3250 train_time:90.901s step_avg:44.28ms
step:2054/3250 train_time:91.055s step_avg:44.33ms
step:2055/3250 train_time:91.209s step_avg:44.38ms
step:2056/3250 train_time:91.364s step_avg:44.44ms
step:2057/3250 train_time:91.520s step_avg:44.49ms
step:2058/3250 train_time:91.673s step_avg:44.54ms
step:2059/3250 train_time:91.827s step_avg:44.60ms
step:2060/3250 train_time:91.982s step_avg:44.65ms
step:2061/3250 train_time:92.136s step_avg:44.70ms
step:2062/3250 train_time:92.290s step_avg:44.76ms
step:2063/3250 train_time:92.444s step_avg:44.81ms
step:2064/3250 train_time:92.599s step_avg:44.86ms
step:2065/3250 train_time:92.753s step_avg:44.92ms
step:2066/3250 train_time:92.907s step_avg:44.97ms
step:2067/3250 train_time:93.062s step_avg:45.02ms
step:2068/3250 train_time:93.217s step_avg:45.08ms
step:2069/3250 train_time:93.370s step_avg:45.13ms
step:2070/3250 train_time:93.524s step_avg:45.18ms
step:2071/3250 train_time:93.679s step_avg:45.23ms
step:2072/3250 train_time:93.833s step_avg:45.29ms
step:2073/3250 train_time:93.988s step_avg:45.34ms
step:2074/3250 train_time:94.143s step_avg:45.39ms
step:2075/3250 train_time:94.297s step_avg:45.44ms
step:2076/3250 train_time:94.451s step_avg:45.50ms
step:2077/3250 train_time:94.605s step_avg:45.55ms
step:2078/3250 train_time:94.761s step_avg:45.60ms
step:2079/3250 train_time:94.915s step_avg:45.65ms
step:2080/3250 train_time:95.069s step_avg:45.71ms
step:2081/3250 train_time:95.224s step_avg:45.76ms
step:2082/3250 train_time:95.379s step_avg:45.81ms
step:2083/3250 train_time:95.532s step_avg:45.86ms
step:2084/3250 train_time:95.686s step_avg:45.91ms
step:2085/3250 train_time:95.842s step_avg:45.97ms
step:2086/3250 train_time:95.998s step_avg:46.02ms
step:2087/3250 train_time:96.152s step_avg:46.07ms
step:2088/3250 train_time:96.306s step_avg:46.12ms
step:2089/3250 train_time:96.462s step_avg:46.18ms
step:2090/3250 train_time:96.617s step_avg:46.23ms
step:2091/3250 train_time:96.809s step_avg:46.30ms
step:2092/3250 train_time:96.963s step_avg:46.35ms
step:2093/3250 train_time:97.117s step_avg:46.40ms
step:2094/3250 train_time:97.271s step_avg:46.45ms
step:2095/3250 train_time:97.425s step_avg:46.50ms
step:2096/3250 train_time:97.580s step_avg:46.56ms
step:2097/3250 train_time:97.736s step_avg:46.61ms
step:2098/3250 train_time:97.890s step_avg:46.66ms
step:2099/3250 train_time:98.044s step_avg:46.71ms
step:2100/3250 train_time:98.198s step_avg:46.76ms
step:2101/3250 train_time:98.352s step_avg:46.81ms
step:2102/3250 train_time:98.506s step_avg:46.86ms
step:2103/3250 train_time:98.666s step_avg:46.92ms
step:2104/3250 train_time:98.821s step_avg:46.97ms
step:2105/3250 train_time:98.974s step_avg:47.02ms
step:2106/3250 train_time:99.129s step_avg:47.07ms
step:2107/3250 train_time:99.283s step_avg:47.12ms
step:2108/3250 train_time:99.438s step_avg:47.17ms
step:2109/3250 train_time:99.591s step_avg:47.22ms
step:2110/3250 train_time:99.746s step_avg:47.27ms
step:2111/3250 train_time:99.901s step_avg:47.32ms
step:2112/3250 train_time:100.054s step_avg:47.37ms
step:2113/3250 train_time:100.209s step_avg:47.43ms
step:2114/3250 train_time:100.364s step_avg:47.48ms
step:2115/3250 train_time:100.519s step_avg:47.53ms
step:2116/3250 train_time:100.673s step_avg:47.58ms
step:2117/3250 train_time:100.828s step_avg:47.63ms
step:2118/3250 train_time:100.982s step_avg:47.68ms
step:2119/3250 train_time:101.137s step_avg:47.73ms
step:2120/3250 train_time:101.291s step_avg:47.78ms
step:2121/3250 train_time:101.446s step_avg:47.83ms
step:2122/3250 train_time:101.601s step_avg:47.88ms
step:2123/3250 train_time:101.756s step_avg:47.93ms
step:2124/3250 train_time:101.911s step_avg:47.98ms
step:2125/3250 train_time:102.065s step_avg:48.03ms
step:2125/3250 val_loss:3.49827 train_time:102.077s step_avg:159.68ms
step:2126/3250 train_time:102.863s step_avg:48.38ms
step:2127/3250 train_time:103.002s step_avg:48.43ms
step:2128/3250 train_time:103.155s step_avg:48.48ms
step:2129/3250 train_time:103.308s step_avg:48.52ms
step:2130/3250 train_time:103.462s step_avg:48.57ms
step:2131/3250 train_time:103.615s step_avg:48.62ms
step:2132/3250 train_time:103.771s step_avg:48.67ms
step:2133/3250 train_time:103.926s step_avg:48.72ms
step:2134/3250 train_time:104.080s step_avg:48.77ms
step:2135/3250 train_time:104.233s step_avg:48.82ms
step:2136/3250 train_time:104.388s step_avg:48.87ms
step:2137/3250 train_time:104.541s step_avg:48.92ms
step:2138/3250 train_time:104.695s step_avg:48.97ms
step:2139/3250 train_time:104.848s step_avg:49.02ms
step:2140/3250 train_time:105.003s step_avg:49.07ms
step:2141/3250 train_time:105.158s step_avg:49.12ms
step:2142/3250 train_time:105.311s step_avg:49.16ms
step:2143/3250 train_time:105.466s step_avg:49.21ms
step:2144/3250 train_time:105.619s step_avg:49.26ms
step:2145/3250 train_time:105.773s step_avg:49.31ms
step:2146/3250 train_time:105.927s step_avg:49.36ms
step:2147/3250 train_time:106.081s step_avg:49.41ms
step:2148/3250 train_time:106.236s step_avg:49.46ms
step:2149/3250 train_time:106.391s step_avg:49.51ms
step:2150/3250 train_time:106.546s step_avg:49.56ms
step:2151/3250 train_time:106.701s step_avg:49.61ms
step:2152/3250 train_time:106.855s step_avg:49.65ms
step:2153/3250 train_time:107.010s step_avg:49.70ms
step:2154/3250 train_time:107.163s step_avg:49.75ms
step:2155/3250 train_time:107.317s step_avg:49.80ms
step:2156/3250 train_time:107.473s step_avg:49.85ms
step:2157/3250 train_time:107.630s step_avg:49.90ms
step:2158/3250 train_time:107.786s step_avg:49.95ms
step:2159/3250 train_time:107.940s step_avg:50.00ms
step:2160/3250 train_time:108.093s step_avg:50.04ms
step:2161/3250 train_time:108.249s step_avg:50.09ms
step:2162/3250 train_time:108.401s step_avg:50.14ms
step:2163/3250 train_time:108.555s step_avg:50.19ms
step:2164/3250 train_time:108.709s step_avg:50.24ms
step:2165/3250 train_time:108.863s step_avg:50.28ms
step:2166/3250 train_time:109.017s step_avg:50.33ms
step:2167/3250 train_time:109.174s step_avg:50.38ms
step:2168/3250 train_time:109.327s step_avg:50.43ms
step:2169/3250 train_time:109.482s step_avg:50.48ms
step:2170/3250 train_time:109.636s step_avg:50.52ms
step:2171/3250 train_time:109.792s step_avg:50.57ms
step:2172/3250 train_time:109.948s step_avg:50.62ms
step:2173/3250 train_time:110.101s step_avg:50.67ms
step:2174/3250 train_time:110.255s step_avg:50.72ms
step:2175/3250 train_time:110.410s step_avg:50.76ms
step:2176/3250 train_time:110.564s step_avg:50.81ms
step:2177/3250 train_time:110.719s step_avg:50.86ms
step:2178/3250 train_time:110.874s step_avg:50.91ms
step:2179/3250 train_time:111.028s step_avg:50.95ms
step:2180/3250 train_time:111.181s step_avg:51.00ms
step:2181/3250 train_time:111.335s step_avg:51.05ms
step:2182/3250 train_time:111.491s step_avg:51.10ms
step:2183/3250 train_time:111.645s step_avg:51.14ms
step:2184/3250 train_time:111.799s step_avg:51.19ms
step:2185/3250 train_time:111.954s step_avg:51.24ms
step:2186/3250 train_time:112.107s step_avg:51.28ms
step:2187/3250 train_time:112.261s step_avg:51.33ms
step:2188/3250 train_time:112.414s step_avg:51.38ms
step:2189/3250 train_time:112.569s step_avg:51.42ms
step:2190/3250 train_time:112.723s step_avg:51.47ms
step:2191/3250 train_time:112.877s step_avg:51.52ms
step:2192/3250 train_time:113.031s step_avg:51.57ms
step:2193/3250 train_time:113.186s step_avg:51.61ms
step:2194/3250 train_time:113.340s step_avg:51.66ms
step:2195/3250 train_time:113.494s step_avg:51.71ms
step:2196/3250 train_time:113.649s step_avg:51.75ms
step:2197/3250 train_time:113.802s step_avg:51.80ms
step:2198/3250 train_time:113.959s step_avg:51.85ms
step:2199/3250 train_time:114.112s step_avg:51.89ms
step:2200/3250 train_time:114.269s step_avg:51.94ms
step:2201/3250 train_time:114.422s step_avg:51.99ms
step:2202/3250 train_time:114.577s step_avg:52.03ms
step:2203/3250 train_time:114.730s step_avg:52.08ms
step:2204/3250 train_time:114.885s step_avg:52.13ms
step:2205/3250 train_time:115.038s step_avg:52.17ms
step:2206/3250 train_time:115.193s step_avg:52.22ms
step:2207/3250 train_time:115.348s step_avg:52.26ms
step:2208/3250 train_time:115.501s step_avg:52.31ms
step:2209/3250 train_time:115.656s step_avg:52.36ms
step:2210/3250 train_time:115.810s step_avg:52.40ms
step:2211/3250 train_time:115.965s step_avg:52.45ms
step:2212/3250 train_time:116.119s step_avg:52.50ms
step:2213/3250 train_time:116.274s step_avg:52.54ms
step:2214/3250 train_time:116.429s step_avg:52.59ms
step:2215/3250 train_time:116.583s step_avg:52.63ms
step:2216/3250 train_time:116.737s step_avg:52.68ms
step:2217/3250 train_time:116.892s step_avg:52.73ms
step:2218/3250 train_time:117.047s step_avg:52.77ms
step:2219/3250 train_time:117.199s step_avg:52.82ms
step:2220/3250 train_time:117.356s step_avg:52.86ms
step:2221/3250 train_time:117.510s step_avg:52.91ms
step:2222/3250 train_time:117.664s step_avg:52.95ms
step:2223/3250 train_time:117.818s step_avg:53.00ms
step:2224/3250 train_time:117.973s step_avg:53.05ms
step:2225/3250 train_time:118.127s step_avg:53.09ms
step:2226/3250 train_time:118.280s step_avg:53.14ms
step:2227/3250 train_time:118.435s step_avg:53.18ms
step:2228/3250 train_time:118.591s step_avg:53.23ms
step:2229/3250 train_time:118.746s step_avg:53.27ms
step:2230/3250 train_time:118.899s step_avg:53.32ms
step:2231/3250 train_time:119.054s step_avg:53.36ms
step:2232/3250 train_time:119.208s step_avg:53.41ms
step:2233/3250 train_time:119.362s step_avg:53.45ms
step:2234/3250 train_time:119.515s step_avg:53.50ms
step:2235/3250 train_time:119.671s step_avg:53.54ms
step:2236/3250 train_time:119.825s step_avg:53.59ms
step:2237/3250 train_time:119.979s step_avg:53.63ms
step:2238/3250 train_time:120.132s step_avg:53.68ms
step:2239/3250 train_time:120.287s step_avg:53.72ms
step:2240/3250 train_time:120.441s step_avg:53.77ms
step:2241/3250 train_time:120.595s step_avg:53.81ms
step:2242/3250 train_time:120.750s step_avg:53.86ms
step:2243/3250 train_time:120.904s step_avg:53.90ms
step:2244/3250 train_time:121.057s step_avg:53.95ms
step:2245/3250 train_time:121.212s step_avg:53.99ms
step:2246/3250 train_time:121.367s step_avg:54.04ms
step:2247/3250 train_time:121.520s step_avg:54.08ms
step:2248/3250 train_time:121.674s step_avg:54.13ms
step:2249/3250 train_time:121.829s step_avg:54.17ms
step:2250/3250 train_time:121.983s step_avg:54.21ms
step:2250/3250 val_loss:3.49624 train_time:121.995s step_avg:159.35ms
step:2251/3250 train_time:122.745s step_avg:54.53ms
step:2252/3250 train_time:122.884s step_avg:54.57ms
step:2253/3250 train_time:123.037s step_avg:54.61ms
step:2254/3250 train_time:123.190s step_avg:54.65ms
step:2255/3250 train_time:123.343s step_avg:54.70ms
step:2256/3250 train_time:123.498s step_avg:54.74ms
step:2257/3250 train_time:123.651s step_avg:54.79ms
step:2258/3250 train_time:123.805s step_avg:54.83ms
step:2259/3250 train_time:123.959s step_avg:54.87ms
step:2260/3250 train_time:124.113s step_avg:54.92ms
step:2261/3250 train_time:124.268s step_avg:54.96ms
step:2262/3250 train_time:124.422s step_avg:55.01ms
step:2263/3250 train_time:124.576s step_avg:55.05ms
step:2264/3250 train_time:124.728s step_avg:55.09ms
step:2265/3250 train_time:124.883s step_avg:55.14ms
step:2266/3250 train_time:125.038s step_avg:55.18ms
step:2267/3250 train_time:125.192s step_avg:55.22ms
step:2268/3250 train_time:125.347s step_avg:55.27ms
step:2269/3250 train_time:125.501s step_avg:55.31ms
step:2270/3250 train_time:125.655s step_avg:55.35ms
step:2271/3250 train_time:125.809s step_avg:55.40ms
step:2272/3250 train_time:125.962s step_avg:55.44ms
step:2273/3250 train_time:126.118s step_avg:55.49ms
step:2274/3250 train_time:126.271s step_avg:55.53ms
step:2275/3250 train_time:126.425s step_avg:55.57ms
step:2276/3250 train_time:126.580s step_avg:55.62ms
step:2277/3250 train_time:126.733s step_avg:55.66ms
step:2278/3250 train_time:126.887s step_avg:55.70ms
step:2279/3250 train_time:127.040s step_avg:55.74ms
step:2280/3250 train_time:127.195s step_avg:55.79ms
step:2281/3250 train_time:127.381s step_avg:55.84ms
step:2282/3250 train_time:127.534s step_avg:55.89ms
step:2283/3250 train_time:127.688s step_avg:55.93ms
step:2284/3250 train_time:127.842s step_avg:55.97ms
step:2285/3250 train_time:127.996s step_avg:56.02ms
step:2286/3250 train_time:128.151s step_avg:56.06ms
step:2287/3250 train_time:128.306s step_avg:56.10ms
step:2288/3250 train_time:128.461s step_avg:56.15ms
step:2289/3250 train_time:128.616s step_avg:56.19ms
step:2290/3250 train_time:128.769s step_avg:56.23ms
step:2291/3250 train_time:128.923s step_avg:56.27ms
step:2292/3250 train_time:129.078s step_avg:56.32ms
step:2293/3250 train_time:129.231s step_avg:56.36ms
step:2294/3250 train_time:129.385s step_avg:56.40ms
step:2295/3250 train_time:129.540s step_avg:56.44ms
step:2296/3250 train_time:129.695s step_avg:56.49ms
step:2297/3250 train_time:129.848s step_avg:56.53ms
step:2298/3250 train_time:130.002s step_avg:56.57ms
step:2299/3250 train_time:130.156s step_avg:56.61ms
step:2300/3250 train_time:130.309s step_avg:56.66ms
step:2301/3250 train_time:130.462s step_avg:56.70ms
step:2302/3250 train_time:130.617s step_avg:56.74ms
step:2303/3250 train_time:130.771s step_avg:56.78ms
step:2304/3250 train_time:130.925s step_avg:56.82ms
step:2305/3250 train_time:131.080s step_avg:56.87ms
step:2306/3250 train_time:131.232s step_avg:56.91ms
step:2307/3250 train_time:131.386s step_avg:56.95ms
step:2308/3250 train_time:131.541s step_avg:56.99ms
step:2309/3250 train_time:131.700s step_avg:57.04ms
step:2310/3250 train_time:131.851s step_avg:57.08ms
step:2311/3250 train_time:132.006s step_avg:57.12ms
step:2312/3250 train_time:132.160s step_avg:57.16ms
step:2313/3250 train_time:132.315s step_avg:57.21ms
step:2314/3250 train_time:132.468s step_avg:57.25ms
step:2315/3250 train_time:132.622s step_avg:57.29ms
step:2316/3250 train_time:132.777s step_avg:57.33ms
step:2317/3250 train_time:132.930s step_avg:57.37ms
step:2318/3250 train_time:133.084s step_avg:57.41ms
step:2319/3250 train_time:133.238s step_avg:57.45ms
step:2320/3250 train_time:133.391s step_avg:57.50ms
step:2321/3250 train_time:133.547s step_avg:57.54ms
step:2322/3250 train_time:133.701s step_avg:57.58ms
step:2323/3250 train_time:133.855s step_avg:57.62ms
step:2324/3250 train_time:134.009s step_avg:57.66ms
step:2325/3250 train_time:134.165s step_avg:57.71ms
step:2326/3250 train_time:134.320s step_avg:57.75ms
step:2327/3250 train_time:134.475s step_avg:57.79ms
step:2328/3250 train_time:134.629s step_avg:57.83ms
step:2329/3250 train_time:134.783s step_avg:57.87ms
step:2330/3250 train_time:134.938s step_avg:57.91ms
step:2331/3250 train_time:135.091s step_avg:57.95ms
step:2332/3250 train_time:135.246s step_avg:58.00ms
step:2333/3250 train_time:135.401s step_avg:58.04ms
step:2334/3250 train_time:135.556s step_avg:58.08ms
step:2335/3250 train_time:135.709s step_avg:58.12ms
step:2336/3250 train_time:135.862s step_avg:58.16ms
step:2337/3250 train_time:136.018s step_avg:58.20ms
step:2338/3250 train_time:136.172s step_avg:58.24ms
step:2339/3250 train_time:136.326s step_avg:58.28ms
step:2340/3250 train_time:136.481s step_avg:58.33ms
step:2341/3250 train_time:136.636s step_avg:58.37ms
step:2342/3250 train_time:136.789s step_avg:58.41ms
step:2343/3250 train_time:136.943s step_avg:58.45ms
step:2344/3250 train_time:137.100s step_avg:58.49ms
step:2345/3250 train_time:137.253s step_avg:58.53ms
step:2346/3250 train_time:137.407s step_avg:58.57ms
step:2347/3250 train_time:137.560s step_avg:58.61ms
step:2348/3250 train_time:137.715s step_avg:58.65ms
step:2349/3250 train_time:137.869s step_avg:58.69ms
step:2350/3250 train_time:138.022s step_avg:58.73ms
step:2351/3250 train_time:138.178s step_avg:58.77ms
step:2352/3250 train_time:138.331s step_avg:58.81ms
step:2353/3250 train_time:138.485s step_avg:58.85ms
step:2354/3250 train_time:138.639s step_avg:58.89ms
step:2355/3250 train_time:138.793s step_avg:58.94ms
step:2356/3250 train_time:138.947s step_avg:58.98ms
step:2357/3250 train_time:139.102s step_avg:59.02ms
step:2358/3250 train_time:139.257s step_avg:59.06ms
step:2359/3250 train_time:139.412s step_avg:59.10ms
step:2360/3250 train_time:139.567s step_avg:59.14ms
step:2361/3250 train_time:139.722s step_avg:59.18ms
step:2362/3250 train_time:139.877s step_avg:59.22ms
step:2363/3250 train_time:140.030s step_avg:59.26ms
step:2364/3250 train_time:140.184s step_avg:59.30ms
step:2365/3250 train_time:140.339s step_avg:59.34ms
step:2366/3250 train_time:140.493s step_avg:59.38ms
step:2367/3250 train_time:140.647s step_avg:59.42ms
step:2368/3250 train_time:140.802s step_avg:59.46ms
step:2369/3250 train_time:140.957s step_avg:59.50ms
step:2370/3250 train_time:141.112s step_avg:59.54ms
step:2371/3250 train_time:141.266s step_avg:59.58ms
step:2372/3250 train_time:141.421s step_avg:59.62ms
step:2373/3250 train_time:141.575s step_avg:59.66ms
step:2374/3250 train_time:141.728s step_avg:59.70ms
step:2375/3250 train_time:141.883s step_avg:59.74ms
step:2375/3250 val_loss:3.49065 train_time:141.895s step_avg:159.20ms
step:2376/3250 train_time:142.653s step_avg:60.04ms
step:2377/3250 train_time:142.794s step_avg:60.07ms
step:2378/3250 train_time:142.948s step_avg:60.11ms
step:2379/3250 train_time:143.101s step_avg:60.15ms
step:2380/3250 train_time:143.254s step_avg:60.19ms
step:2381/3250 train_time:143.408s step_avg:60.23ms
step:2382/3250 train_time:143.561s step_avg:60.27ms
step:2383/3250 train_time:143.717s step_avg:60.31ms
step:2384/3250 train_time:143.871s step_avg:60.35ms
step:2385/3250 train_time:144.025s step_avg:60.39ms
step:2386/3250 train_time:144.179s step_avg:60.43ms
step:2387/3250 train_time:144.333s step_avg:60.47ms
step:2388/3250 train_time:144.487s step_avg:60.51ms
step:2389/3250 train_time:144.642s step_avg:60.54ms
step:2390/3250 train_time:144.796s step_avg:60.58ms
step:2391/3250 train_time:144.951s step_avg:60.62ms
step:2392/3250 train_time:145.105s step_avg:60.66ms
step:2393/3250 train_time:145.258s step_avg:60.70ms
step:2394/3250 train_time:145.413s step_avg:60.74ms
step:2395/3250 train_time:145.566s step_avg:60.78ms
step:2396/3250 train_time:145.720s step_avg:60.82ms
step:2397/3250 train_time:145.873s step_avg:60.86ms
step:2398/3250 train_time:146.028s step_avg:60.90ms
step:2399/3250 train_time:146.183s step_avg:60.94ms
step:2400/3250 train_time:146.337s step_avg:60.97ms
step:2401/3250 train_time:146.491s step_avg:61.01ms
step:2402/3250 train_time:146.646s step_avg:61.05ms
step:2403/3250 train_time:146.801s step_avg:61.09ms
step:2404/3250 train_time:146.954s step_avg:61.13ms
step:2405/3250 train_time:147.109s step_avg:61.17ms
step:2406/3250 train_time:147.263s step_avg:61.21ms
step:2407/3250 train_time:147.416s step_avg:61.24ms
step:2408/3250 train_time:147.571s step_avg:61.28ms
step:2409/3250 train_time:147.725s step_avg:61.32ms
step:2410/3250 train_time:147.879s step_avg:61.36ms
step:2411/3250 train_time:148.036s step_avg:61.40ms
step:2412/3250 train_time:148.190s step_avg:61.44ms
step:2413/3250 train_time:148.345s step_avg:61.48ms
step:2414/3250 train_time:148.500s step_avg:61.52ms
step:2415/3250 train_time:148.654s step_avg:61.55ms
step:2416/3250 train_time:148.812s step_avg:61.59ms
step:2417/3250 train_time:148.965s step_avg:61.63ms
step:2418/3250 train_time:149.118s step_avg:61.67ms
step:2419/3250 train_time:149.272s step_avg:61.71ms
step:2420/3250 train_time:149.428s step_avg:61.75ms
step:2421/3250 train_time:149.582s step_avg:61.79ms
step:2422/3250 train_time:149.736s step_avg:61.82ms
step:2423/3250 train_time:149.889s step_avg:61.86ms
step:2424/3250 train_time:150.044s step_avg:61.90ms
step:2425/3250 train_time:150.197s step_avg:61.94ms
step:2426/3250 train_time:150.354s step_avg:61.98ms
step:2427/3250 train_time:150.510s step_avg:62.01ms
step:2428/3250 train_time:150.663s step_avg:62.05ms
step:2429/3250 train_time:150.817s step_avg:62.09ms
step:2430/3250 train_time:150.972s step_avg:62.13ms
step:2431/3250 train_time:151.127s step_avg:62.17ms
step:2432/3250 train_time:151.280s step_avg:62.20ms
step:2433/3250 train_time:151.434s step_avg:62.24ms
step:2434/3250 train_time:151.589s step_avg:62.28ms
step:2435/3250 train_time:151.746s step_avg:62.32ms
step:2436/3250 train_time:151.901s step_avg:62.36ms
step:2437/3250 train_time:152.054s step_avg:62.39ms
step:2438/3250 train_time:152.208s step_avg:62.43ms
step:2439/3250 train_time:152.361s step_avg:62.47ms
step:2440/3250 train_time:152.515s step_avg:62.51ms
step:2441/3250 train_time:152.670s step_avg:62.54ms
step:2442/3250 train_time:152.826s step_avg:62.58ms
step:2443/3250 train_time:152.979s step_avg:62.62ms
step:2444/3250 train_time:153.133s step_avg:62.66ms
step:2445/3250 train_time:153.288s step_avg:62.69ms
step:2446/3250 train_time:153.441s step_avg:62.73ms
step:2447/3250 train_time:153.594s step_avg:62.77ms
step:2448/3250 train_time:153.750s step_avg:62.81ms
step:2449/3250 train_time:153.906s step_avg:62.84ms
step:2450/3250 train_time:154.058s step_avg:62.88ms
step:2451/3250 train_time:154.214s step_avg:62.92ms
step:2452/3250 train_time:154.368s step_avg:62.96ms
step:2453/3250 train_time:154.521s step_avg:62.99ms
step:2454/3250 train_time:154.674s step_avg:63.03ms
step:2455/3250 train_time:154.831s step_avg:63.07ms
step:2456/3250 train_time:154.986s step_avg:63.10ms
step:2457/3250 train_time:155.139s step_avg:63.14ms
step:2458/3250 train_time:155.293s step_avg:63.18ms
step:2459/3250 train_time:155.448s step_avg:63.22ms
step:2460/3250 train_time:155.602s step_avg:63.25ms
step:2461/3250 train_time:155.756s step_avg:63.29ms
step:2462/3250 train_time:155.911s step_avg:63.33ms
step:2463/3250 train_time:156.064s step_avg:63.36ms
step:2464/3250 train_time:156.218s step_avg:63.40ms
step:2465/3250 train_time:156.372s step_avg:63.44ms
step:2466/3250 train_time:156.526s step_avg:63.47ms
step:2467/3250 train_time:156.679s step_avg:63.51ms
step:2468/3250 train_time:156.834s step_avg:63.55ms
step:2469/3250 train_time:156.991s step_avg:63.58ms
step:2470/3250 train_time:157.147s step_avg:63.62ms
step:2471/3250 train_time:157.340s step_avg:63.67ms
step:2472/3250 train_time:157.493s step_avg:63.71ms
step:2473/3250 train_time:157.648s step_avg:63.75ms
step:2474/3250 train_time:157.801s step_avg:63.78ms
step:2475/3250 train_time:157.955s step_avg:63.82ms
step:2476/3250 train_time:158.111s step_avg:63.86ms
step:2477/3250 train_time:158.266s step_avg:63.89ms
step:2478/3250 train_time:158.420s step_avg:63.93ms
step:2479/3250 train_time:158.573s step_avg:63.97ms
step:2480/3250 train_time:158.728s step_avg:64.00ms
step:2481/3250 train_time:158.881s step_avg:64.04ms
step:2482/3250 train_time:159.035s step_avg:64.08ms
step:2483/3250 train_time:159.190s step_avg:64.11ms
step:2484/3250 train_time:159.344s step_avg:64.15ms
step:2485/3250 train_time:159.498s step_avg:64.18ms
step:2486/3250 train_time:159.653s step_avg:64.22ms
step:2487/3250 train_time:159.807s step_avg:64.26ms
step:2488/3250 train_time:159.960s step_avg:64.29ms
step:2489/3250 train_time:160.114s step_avg:64.33ms
step:2490/3250 train_time:160.268s step_avg:64.36ms
step:2491/3250 train_time:160.423s step_avg:64.40ms
step:2492/3250 train_time:160.577s step_avg:64.44ms
step:2493/3250 train_time:160.732s step_avg:64.47ms
step:2494/3250 train_time:160.887s step_avg:64.51ms
step:2495/3250 train_time:161.041s step_avg:64.55ms
step:2496/3250 train_time:161.195s step_avg:64.58ms
step:2497/3250 train_time:161.350s step_avg:64.62ms
step:2498/3250 train_time:161.504s step_avg:64.65ms
step:2499/3250 train_time:161.658s step_avg:64.69ms
step:2500/3250 train_time:161.812s step_avg:64.72ms
step:2500/3250 val_loss:3.48776 train_time:161.824s step_avg:159.43ms
step:2501/3250 train_time:162.573s step_avg:65.00ms
step:2502/3250 train_time:162.712s step_avg:65.03ms
step:2503/3250 train_time:162.866s step_avg:65.07ms
step:2504/3250 train_time:163.019s step_avg:65.10ms
step:2505/3250 train_time:163.172s step_avg:65.14ms
step:2506/3250 train_time:163.325s step_avg:65.17ms
step:2507/3250 train_time:163.480s step_avg:65.21ms
step:2508/3250 train_time:163.634s step_avg:65.24ms
step:2509/3250 train_time:163.788s step_avg:65.28ms
step:2510/3250 train_time:163.943s step_avg:65.32ms
step:2511/3250 train_time:164.096s step_avg:65.35ms
step:2512/3250 train_time:164.251s step_avg:65.39ms
step:2513/3250 train_time:164.404s step_avg:65.42ms
step:2514/3250 train_time:164.559s step_avg:65.46ms
step:2515/3250 train_time:164.712s step_avg:65.49ms
step:2516/3250 train_time:164.867s step_avg:65.53ms
step:2517/3250 train_time:165.020s step_avg:65.56ms
step:2518/3250 train_time:165.173s step_avg:65.60ms
step:2519/3250 train_time:165.328s step_avg:65.63ms
step:2520/3250 train_time:165.483s step_avg:65.67ms
step:2521/3250 train_time:165.638s step_avg:65.70ms
step:2522/3250 train_time:165.791s step_avg:65.74ms
step:2523/3250 train_time:165.945s step_avg:65.77ms
step:2524/3250 train_time:166.100s step_avg:65.81ms
step:2525/3250 train_time:166.254s step_avg:65.84ms
step:2526/3250 train_time:166.409s step_avg:65.88ms
step:2527/3250 train_time:166.563s step_avg:65.91ms
step:2528/3250 train_time:166.717s step_avg:65.95ms
step:2529/3250 train_time:166.871s step_avg:65.98ms
step:2530/3250 train_time:167.025s step_avg:66.02ms
step:2531/3250 train_time:167.179s step_avg:66.05ms
step:2532/3250 train_time:167.332s step_avg:66.09ms
step:2533/3250 train_time:167.486s step_avg:66.12ms
step:2534/3250 train_time:167.641s step_avg:66.16ms
step:2535/3250 train_time:167.794s step_avg:66.19ms
step:2536/3250 train_time:167.950s step_avg:66.23ms
step:2537/3250 train_time:168.103s step_avg:66.26ms
step:2538/3250 train_time:168.258s step_avg:66.30ms
step:2539/3250 train_time:168.411s step_avg:66.33ms
step:2540/3250 train_time:168.565s step_avg:66.36ms
step:2541/3250 train_time:168.719s step_avg:66.40ms
step:2542/3250 train_time:168.874s step_avg:66.43ms
step:2543/3250 train_time:169.030s step_avg:66.47ms
step:2544/3250 train_time:169.184s step_avg:66.50ms
step:2545/3250 train_time:169.339s step_avg:66.54ms
step:2546/3250 train_time:169.492s step_avg:66.57ms
step:2547/3250 train_time:169.646s step_avg:66.61ms
step:2548/3250 train_time:169.799s step_avg:66.64ms
step:2549/3250 train_time:169.953s step_avg:66.67ms
step:2550/3250 train_time:170.107s step_avg:66.71ms
step:2551/3250 train_time:170.262s step_avg:66.74ms
step:2552/3250 train_time:170.417s step_avg:66.78ms
step:2553/3250 train_time:170.571s step_avg:66.81ms
step:2554/3250 train_time:170.725s step_avg:66.85ms
step:2555/3250 train_time:170.880s step_avg:66.88ms
step:2556/3250 train_time:171.033s step_avg:66.91ms
step:2557/3250 train_time:171.188s step_avg:66.95ms
step:2558/3250 train_time:171.344s step_avg:66.98ms
step:2559/3250 train_time:171.499s step_avg:67.02ms
step:2560/3250 train_time:171.653s step_avg:67.05ms
step:2561/3250 train_time:171.807s step_avg:67.09ms
step:2562/3250 train_time:171.962s step_avg:67.12ms
step:2563/3250 train_time:172.115s step_avg:67.15ms
step:2564/3250 train_time:172.270s step_avg:67.19ms
step:2565/3250 train_time:172.424s step_avg:67.22ms
step:2566/3250 train_time:172.579s step_avg:67.26ms
step:2567/3250 train_time:172.733s step_avg:67.29ms
step:2568/3250 train_time:172.887s step_avg:67.32ms
step:2569/3250 train_time:173.042s step_avg:67.36ms
step:2570/3250 train_time:173.195s step_avg:67.39ms
step:2571/3250 train_time:173.349s step_avg:67.42ms
step:2572/3250 train_time:173.503s step_avg:67.46ms
step:2573/3250 train_time:173.656s step_avg:67.49ms
step:2574/3250 train_time:173.810s step_avg:67.53ms
step:2575/3250 train_time:173.965s step_avg:67.56ms
step:2576/3250 train_time:174.118s step_avg:67.59ms
step:2577/3250 train_time:174.272s step_avg:67.63ms
step:2578/3250 train_time:174.426s step_avg:67.66ms
step:2579/3250 train_time:174.583s step_avg:67.69ms
step:2580/3250 train_time:174.738s step_avg:67.73ms
step:2581/3250 train_time:174.892s step_avg:67.76ms
step:2582/3250 train_time:175.045s step_avg:67.79ms
step:2583/3250 train_time:175.199s step_avg:67.83ms
step:2584/3250 train_time:175.353s step_avg:67.86ms
step:2585/3250 train_time:175.507s step_avg:67.89ms
step:2586/3250 train_time:175.663s step_avg:67.93ms
step:2587/3250 train_time:175.816s step_avg:67.96ms
step:2588/3250 train_time:175.970s step_avg:67.99ms
step:2589/3250 train_time:176.125s step_avg:68.03ms
step:2590/3250 train_time:176.279s step_avg:68.06ms
step:2591/3250 train_time:176.433s step_avg:68.09ms
step:2592/3250 train_time:176.587s step_avg:68.13ms
step:2593/3250 train_time:176.742s step_avg:68.16ms
step:2594/3250 train_time:176.895s step_avg:68.19ms
step:2595/3250 train_time:177.051s step_avg:68.23ms
step:2596/3250 train_time:177.204s step_avg:68.26ms
step:2597/3250 train_time:177.359s step_avg:68.29ms
step:2598/3250 train_time:177.513s step_avg:68.33ms
step:2599/3250 train_time:177.668s step_avg:68.36ms
step:2600/3250 train_time:177.822s step_avg:68.39ms
step:2601/3250 train_time:177.976s step_avg:68.43ms
step:2602/3250 train_time:178.130s step_avg:68.46ms
step:2603/3250 train_time:178.285s step_avg:68.49ms
step:2604/3250 train_time:178.441s step_avg:68.53ms
step:2605/3250 train_time:178.594s step_avg:68.56ms
step:2606/3250 train_time:178.749s step_avg:68.59ms
step:2607/3250 train_time:178.903s step_avg:68.62ms
step:2608/3250 train_time:179.057s step_avg:68.66ms
step:2609/3250 train_time:179.211s step_avg:68.69ms
step:2610/3250 train_time:179.366s step_avg:68.72ms
step:2611/3250 train_time:179.519s step_avg:68.75ms
step:2612/3250 train_time:179.673s step_avg:68.79ms
step:2613/3250 train_time:179.827s step_avg:68.82ms
step:2614/3250 train_time:179.982s step_avg:68.85ms
step:2615/3250 train_time:180.136s step_avg:68.89ms
step:2616/3250 train_time:180.290s step_avg:68.92ms
step:2617/3250 train_time:180.444s step_avg:68.95ms
step:2618/3250 train_time:180.598s step_avg:68.98ms
step:2619/3250 train_time:180.752s step_avg:69.02ms
step:2620/3250 train_time:180.906s step_avg:69.05ms
step:2621/3250 train_time:181.062s step_avg:69.08ms
step:2622/3250 train_time:181.215s step_avg:69.11ms
step:2623/3250 train_time:181.371s step_avg:69.15ms
step:2624/3250 train_time:181.524s step_avg:69.18ms
step:2625/3250 train_time:181.679s step_avg:69.21ms
step:2625/3250 val_loss:3.48264 train_time:181.691s step_avg:158.93ms
step:2626/3250 train_time:182.491s step_avg:69.49ms
step:2627/3250 train_time:182.630s step_avg:69.52ms
step:2628/3250 train_time:182.783s step_avg:69.55ms
step:2629/3250 train_time:182.937s step_avg:69.58ms
step:2630/3250 train_time:183.091s step_avg:69.62ms
step:2631/3250 train_time:183.244s step_avg:69.65ms
step:2632/3250 train_time:183.399s step_avg:69.68ms
step:2633/3250 train_time:183.553s step_avg:69.71ms
step:2634/3250 train_time:183.707s step_avg:69.74ms
step:2635/3250 train_time:183.862s step_avg:69.78ms
step:2636/3250 train_time:184.016s step_avg:69.81ms
step:2637/3250 train_time:184.172s step_avg:69.84ms
step:2638/3250 train_time:184.327s step_avg:69.87ms
step:2639/3250 train_time:184.481s step_avg:69.91ms
step:2640/3250 train_time:184.634s step_avg:69.94ms
step:2641/3250 train_time:184.790s step_avg:69.97ms
step:2642/3250 train_time:184.943s step_avg:70.00ms
step:2643/3250 train_time:185.096s step_avg:70.03ms
step:2644/3250 train_time:185.251s step_avg:70.06ms
step:2645/3250 train_time:185.405s step_avg:70.10ms
step:2646/3250 train_time:185.560s step_avg:70.13ms
step:2647/3250 train_time:185.714s step_avg:70.16ms
step:2648/3250 train_time:185.869s step_avg:70.19ms
step:2649/3250 train_time:186.021s step_avg:70.22ms
step:2650/3250 train_time:186.173s step_avg:70.25ms
step:2651/3250 train_time:186.327s step_avg:70.29ms
step:2652/3250 train_time:186.481s step_avg:70.32ms
step:2653/3250 train_time:186.635s step_avg:70.35ms
step:2654/3250 train_time:186.790s step_avg:70.38ms
step:2655/3250 train_time:186.944s step_avg:70.41ms
step:2656/3250 train_time:187.098s step_avg:70.44ms
step:2657/3250 train_time:187.253s step_avg:70.48ms
step:2658/3250 train_time:187.406s step_avg:70.51ms
step:2659/3250 train_time:187.561s step_avg:70.54ms
step:2660/3250 train_time:187.716s step_avg:70.57ms
step:2661/3250 train_time:187.910s step_avg:70.62ms
step:2662/3250 train_time:188.063s step_avg:70.65ms
step:2663/3250 train_time:188.216s step_avg:70.68ms
step:2664/3250 train_time:188.370s step_avg:70.71ms
step:2665/3250 train_time:188.522s step_avg:70.74ms
step:2666/3250 train_time:188.677s step_avg:70.77ms
step:2667/3250 train_time:188.831s step_avg:70.80ms
step:2668/3250 train_time:188.986s step_avg:70.83ms
step:2669/3250 train_time:189.140s step_avg:70.87ms
step:2670/3250 train_time:189.294s step_avg:70.90ms
step:2671/3250 train_time:189.447s step_avg:70.93ms
step:2672/3250 train_time:189.601s step_avg:70.96ms
step:2673/3250 train_time:189.754s step_avg:70.99ms
step:2674/3250 train_time:189.910s step_avg:71.02ms
step:2675/3250 train_time:190.065s step_avg:71.05ms
step:2676/3250 train_time:190.218s step_avg:71.08ms
step:2677/3250 train_time:190.372s step_avg:71.11ms
step:2678/3250 train_time:190.524s step_avg:71.14ms
step:2679/3250 train_time:190.678s step_avg:71.18ms
step:2680/3250 train_time:190.832s step_avg:71.21ms
step:2681/3250 train_time:190.987s step_avg:71.24ms
step:2682/3250 train_time:191.140s step_avg:71.27ms
step:2683/3250 train_time:191.294s step_avg:71.30ms
step:2684/3250 train_time:191.449s step_avg:71.33ms
step:2685/3250 train_time:191.602s step_avg:71.36ms
step:2686/3250 train_time:191.757s step_avg:71.39ms
step:2687/3250 train_time:191.911s step_avg:71.42ms
step:2688/3250 train_time:192.065s step_avg:71.45ms
step:2689/3250 train_time:192.218s step_avg:71.48ms
step:2690/3250 train_time:192.373s step_avg:71.51ms
step:2691/3250 train_time:192.528s step_avg:71.55ms
step:2692/3250 train_time:192.681s step_avg:71.58ms
step:2693/3250 train_time:192.834s step_avg:71.61ms
step:2694/3250 train_time:192.990s step_avg:71.64ms
step:2695/3250 train_time:193.143s step_avg:71.67ms
step:2696/3250 train_time:193.297s step_avg:71.70ms
step:2697/3250 train_time:193.450s step_avg:71.73ms
step:2698/3250 train_time:193.605s step_avg:71.76ms
step:2699/3250 train_time:193.759s step_avg:71.79ms
step:2700/3250 train_time:193.914s step_avg:71.82ms
step:2701/3250 train_time:194.068s step_avg:71.85ms
step:2702/3250 train_time:194.222s step_avg:71.88ms
step:2703/3250 train_time:194.376s step_avg:71.91ms
step:2704/3250 train_time:194.531s step_avg:71.94ms
step:2705/3250 train_time:194.685s step_avg:71.97ms
step:2706/3250 train_time:194.839s step_avg:72.00ms
step:2707/3250 train_time:194.994s step_avg:72.03ms
step:2708/3250 train_time:195.147s step_avg:72.06ms
step:2709/3250 train_time:195.301s step_avg:72.09ms
step:2710/3250 train_time:195.455s step_avg:72.12ms
step:2711/3250 train_time:195.609s step_avg:72.15ms
step:2712/3250 train_time:195.762s step_avg:72.18ms
step:2713/3250 train_time:195.917s step_avg:72.21ms
step:2714/3250 train_time:196.072s step_avg:72.24ms
step:2715/3250 train_time:196.225s step_avg:72.27ms
step:2716/3250 train_time:196.378s step_avg:72.30ms
step:2717/3250 train_time:196.532s step_avg:72.33ms
step:2718/3250 train_time:196.685s step_avg:72.36ms
step:2719/3250 train_time:196.839s step_avg:72.39ms
step:2720/3250 train_time:196.995s step_avg:72.42ms
step:2721/3250 train_time:197.151s step_avg:72.46ms
step:2722/3250 train_time:197.305s step_avg:72.49ms
step:2723/3250 train_time:197.458s step_avg:72.51ms
step:2724/3250 train_time:197.613s step_avg:72.55ms
step:2725/3250 train_time:197.768s step_avg:72.58ms
step:2726/3250 train_time:197.920s step_avg:72.60ms
step:2727/3250 train_time:198.075s step_avg:72.63ms
step:2728/3250 train_time:198.229s step_avg:72.66ms
step:2729/3250 train_time:198.383s step_avg:72.69ms
step:2730/3250 train_time:198.536s step_avg:72.72ms
step:2731/3250 train_time:198.691s step_avg:72.75ms
step:2732/3250 train_time:198.845s step_avg:72.78ms
step:2733/3250 train_time:198.999s step_avg:72.81ms
step:2734/3250 train_time:199.153s step_avg:72.84ms
step:2735/3250 train_time:199.308s step_avg:72.87ms
step:2736/3250 train_time:199.461s step_avg:72.90ms
step:2737/3250 train_time:199.615s step_avg:72.93ms
step:2738/3250 train_time:199.771s step_avg:72.96ms
step:2739/3250 train_time:199.924s step_avg:72.99ms
step:2740/3250 train_time:200.078s step_avg:73.02ms
step:2741/3250 train_time:200.231s step_avg:73.05ms
step:2742/3250 train_time:200.385s step_avg:73.08ms
step:2743/3250 train_time:200.539s step_avg:73.11ms
step:2744/3250 train_time:200.693s step_avg:73.14ms
step:2745/3250 train_time:200.848s step_avg:73.17ms
step:2746/3250 train_time:201.002s step_avg:73.20ms
step:2747/3250 train_time:201.155s step_avg:73.23ms
step:2748/3250 train_time:201.311s step_avg:73.26ms
step:2749/3250 train_time:201.465s step_avg:73.29ms
step:2750/3250 train_time:201.619s step_avg:73.32ms
step:2750/3250 val_loss:3.47843 train_time:201.631s step_avg:159.52ms
step:2751/3250 train_time:202.403s step_avg:73.57ms
EXIT=0 rid=eos_f1500_s085
