W0830 22:15:22.038000 13390 torch/distributed/run.py:852] 
W0830 22:15:22.038000 13390 torch/distributed/run.py:852] *****************************************
W0830 22:15:22.038000 13390 torch/distributed/run.py:852] Setting OMP_NUM_THREADS environment variable for each process to be 1 in default, to avoid your system being overloaded, please further tune the variable for optimal performance in your application as needed. 
W0830 22:15:22.038000 13390 torch/distributed/run.py:852] *****************************************
logs/0c9931a3-4b25-4213-86e7-84dd153ee2d9.txt
resumed training state from step 1500 in eos_shared_state, skipped 1500 batches
step:0/3250 val_loss:3.51931 train_time:0.001s step_avg:nanms
learning_rates step:1500 [{'pattern': '^embed\\.weight$', 'lr': [0.595]}, {'pattern': '^proj\\.weight$', 'lr': [0.0034]}, {'pattern': '^blocks\\..*\\.weight$', 'lr': [0.02125]}, {'pattern': '.*', 'lr': [0.01275]}]
step:1501/3250 train_time:3.279s step_avg:2.18ms
learning_rates step:1501 [{'pattern': '^embed\\.weight$', 'lr': [0.595]}, {'pattern': '^proj\\.weight$', 'lr': [0.0034]}, {'pattern': '^blocks\\..*\\.weight$', 'lr': [0.02125]}, {'pattern': '.*', 'lr': [0.01275]}]
step:1502/3250 train_time:3.419s step_avg:2.28ms
step:1503/3250 train_time:3.571s step_avg:2.38ms
step:1504/3250 train_time:3.724s step_avg:2.48ms
step:1505/3250 train_time:3.876s step_avg:2.58ms
step:1506/3250 train_time:4.030s step_avg:2.68ms
step:1507/3250 train_time:4.184s step_avg:2.78ms
step:1508/3250 train_time:4.336s step_avg:2.88ms
step:1509/3250 train_time:4.488s step_avg:2.97ms
step:1510/3250 train_time:4.641s step_avg:3.07ms
step:1511/3250 train_time:4.793s step_avg:3.17ms
step:1512/3250 train_time:4.946s step_avg:3.27ms
step:1513/3250 train_time:5.098s step_avg:3.37ms
step:1514/3250 train_time:5.253s step_avg:3.47ms
step:1515/3250 train_time:5.405s step_avg:3.57ms
step:1516/3250 train_time:5.558s step_avg:3.67ms
step:1517/3250 train_time:5.711s step_avg:3.76ms
step:1518/3250 train_time:5.865s step_avg:3.86ms
step:1519/3250 train_time:6.018s step_avg:3.96ms
step:1520/3250 train_time:6.171s step_avg:4.06ms
step:1521/3250 train_time:6.362s step_avg:4.18ms
step:1522/3250 train_time:6.514s step_avg:4.28ms
step:1523/3250 train_time:6.667s step_avg:4.38ms
step:1524/3250 train_time:6.820s step_avg:4.48ms
step:1525/3250 train_time:6.974s step_avg:4.57ms
step:1526/3250 train_time:7.127s step_avg:4.67ms
step:1527/3250 train_time:7.280s step_avg:4.77ms
step:1528/3250 train_time:7.434s step_avg:4.87ms
step:1529/3250 train_time:7.586s step_avg:4.96ms
step:1530/3250 train_time:7.739s step_avg:5.06ms
step:1531/3250 train_time:7.892s step_avg:5.15ms
step:1532/3250 train_time:8.045s step_avg:5.25ms
step:1533/3250 train_time:8.198s step_avg:5.35ms
step:1534/3250 train_time:8.350s step_avg:5.44ms
step:1535/3250 train_time:8.503s step_avg:5.54ms
step:1536/3250 train_time:8.657s step_avg:5.64ms
step:1537/3250 train_time:8.810s step_avg:5.73ms
step:1538/3250 train_time:8.963s step_avg:5.83ms
step:1539/3250 train_time:9.115s step_avg:5.92ms
step:1540/3250 train_time:9.268s step_avg:6.02ms
step:1541/3250 train_time:9.422s step_avg:6.11ms
step:1542/3250 train_time:9.575s step_avg:6.21ms
step:1543/3250 train_time:9.729s step_avg:6.31ms
step:1544/3250 train_time:9.883s step_avg:6.40ms
step:1545/3250 train_time:10.036s step_avg:6.50ms
step:1546/3250 train_time:10.188s step_avg:6.59ms
step:1547/3250 train_time:10.341s step_avg:6.68ms
step:1548/3250 train_time:10.493s step_avg:6.78ms
step:1549/3250 train_time:10.647s step_avg:6.87ms
step:1550/3250 train_time:10.799s step_avg:6.97ms
step:1551/3250 train_time:10.954s step_avg:7.06ms
step:1552/3250 train_time:11.108s step_avg:7.16ms
step:1553/3250 train_time:11.261s step_avg:7.25ms
step:1554/3250 train_time:11.414s step_avg:7.34ms
step:1555/3250 train_time:11.567s step_avg:7.44ms
step:1556/3250 train_time:11.721s step_avg:7.53ms
step:1557/3250 train_time:11.875s step_avg:7.63ms
step:1558/3250 train_time:12.029s step_avg:7.72ms
step:1559/3250 train_time:12.183s step_avg:7.81ms
step:1560/3250 train_time:12.336s step_avg:7.91ms
step:1561/3250 train_time:12.489s step_avg:8.00ms
step:1562/3250 train_time:12.642s step_avg:8.09ms
step:1563/3250 train_time:12.795s step_avg:8.19ms
step:1564/3250 train_time:12.948s step_avg:8.28ms
step:1565/3250 train_time:13.101s step_avg:8.37ms
step:1566/3250 train_time:13.255s step_avg:8.46ms
step:1567/3250 train_time:13.409s step_avg:8.56ms
step:1568/3250 train_time:13.563s step_avg:8.65ms
step:1569/3250 train_time:13.715s step_avg:8.74ms
step:1570/3250 train_time:13.868s step_avg:8.83ms
step:1571/3250 train_time:14.022s step_avg:8.93ms
step:1572/3250 train_time:14.175s step_avg:9.02ms
step:1573/3250 train_time:14.329s step_avg:9.11ms
step:1574/3250 train_time:14.483s step_avg:9.20ms
step:1575/3250 train_time:14.636s step_avg:9.29ms
step:1576/3250 train_time:14.788s step_avg:9.38ms
step:1577/3250 train_time:14.942s step_avg:9.48ms
step:1578/3250 train_time:15.095s step_avg:9.57ms
step:1579/3250 train_time:15.249s step_avg:9.66ms
step:1580/3250 train_time:15.402s step_avg:9.75ms
step:1581/3250 train_time:15.556s step_avg:9.84ms
step:1582/3250 train_time:15.709s step_avg:9.93ms
step:1583/3250 train_time:15.863s step_avg:10.02ms
step:1584/3250 train_time:16.015s step_avg:10.11ms
step:1585/3250 train_time:16.169s step_avg:10.20ms
step:1586/3250 train_time:16.322s step_avg:10.29ms
step:1587/3250 train_time:16.475s step_avg:10.38ms
step:1588/3250 train_time:16.629s step_avg:10.47ms
step:1589/3250 train_time:16.784s step_avg:10.56ms
step:1590/3250 train_time:16.937s step_avg:10.65ms
step:1591/3250 train_time:17.089s step_avg:10.74ms
step:1592/3250 train_time:17.244s step_avg:10.83ms
step:1593/3250 train_time:17.396s step_avg:10.92ms
step:1594/3250 train_time:17.550s step_avg:11.01ms
step:1595/3250 train_time:17.702s step_avg:11.10ms
step:1596/3250 train_time:17.856s step_avg:11.19ms
step:1597/3250 train_time:18.009s step_avg:11.28ms
step:1598/3250 train_time:18.162s step_avg:11.37ms
step:1599/3250 train_time:18.315s step_avg:11.45ms
step:1600/3250 train_time:18.469s step_avg:11.54ms
step:1601/3250 train_time:18.623s step_avg:11.63ms
step:1602/3250 train_time:18.776s step_avg:11.72ms
step:1603/3250 train_time:18.929s step_avg:11.81ms
step:1604/3250 train_time:19.083s step_avg:11.90ms
step:1605/3250 train_time:19.236s step_avg:11.99ms
step:1606/3250 train_time:19.389s step_avg:12.07ms
step:1607/3250 train_time:19.543s step_avg:12.16ms
step:1608/3250 train_time:19.695s step_avg:12.25ms
step:1609/3250 train_time:19.851s step_avg:12.34ms
step:1610/3250 train_time:20.004s step_avg:12.42ms
step:1611/3250 train_time:20.157s step_avg:12.51ms
step:1612/3250 train_time:20.310s step_avg:12.60ms
step:1613/3250 train_time:20.464s step_avg:12.69ms
step:1614/3250 train_time:20.616s step_avg:12.77ms
step:1615/3250 train_time:20.771s step_avg:12.86ms
step:1616/3250 train_time:20.923s step_avg:12.95ms
step:1617/3250 train_time:21.077s step_avg:13.03ms
step:1618/3250 train_time:21.231s step_avg:13.12ms
step:1619/3250 train_time:21.387s step_avg:13.21ms
step:1620/3250 train_time:21.540s step_avg:13.30ms
step:1621/3250 train_time:21.694s step_avg:13.38ms
step:1622/3250 train_time:21.846s step_avg:13.47ms
step:1623/3250 train_time:21.999s step_avg:13.55ms
step:1624/3250 train_time:22.154s step_avg:13.64ms
step:1625/3250 train_time:22.308s step_avg:13.73ms
step:1625/3250 val_loss:3.52807 train_time:22.320s step_avg:13.73ms
step:1626/3250 train_time:23.178s step_avg:14.25ms
step:1627/3250 train_time:23.318s step_avg:14.33ms
step:1628/3250 train_time:23.472s step_avg:14.42ms
step:1629/3250 train_time:23.624s step_avg:14.50ms
step:1630/3250 train_time:23.778s step_avg:14.59ms
step:1631/3250 train_time:23.929s step_avg:14.67ms
step:1632/3250 train_time:24.084s step_avg:14.76ms
step:1633/3250 train_time:24.237s step_avg:14.84ms
step:1634/3250 train_time:24.391s step_avg:14.93ms
step:1635/3250 train_time:24.546s step_avg:15.01ms
step:1636/3250 train_time:24.700s step_avg:15.10ms
step:1637/3250 train_time:24.852s step_avg:15.18ms
step:1638/3250 train_time:25.006s step_avg:15.27ms
step:1639/3250 train_time:25.159s step_avg:15.35ms
step:1640/3250 train_time:25.313s step_avg:15.43ms
step:1641/3250 train_time:25.467s step_avg:15.52ms
step:1642/3250 train_time:25.620s step_avg:15.60ms
step:1643/3250 train_time:25.774s step_avg:15.69ms
step:1644/3250 train_time:25.927s step_avg:15.77ms
step:1645/3250 train_time:26.081s step_avg:15.85ms
step:1646/3250 train_time:26.234s step_avg:15.94ms
step:1647/3250 train_time:26.387s step_avg:16.02ms
step:1648/3250 train_time:26.541s step_avg:16.10ms
step:1649/3250 train_time:26.695s step_avg:16.19ms
step:1650/3250 train_time:26.847s step_avg:16.27ms
step:1651/3250 train_time:27.003s step_avg:16.36ms
step:1652/3250 train_time:27.156s step_avg:16.44ms
step:1653/3250 train_time:27.309s step_avg:16.52ms
step:1654/3250 train_time:27.462s step_avg:16.60ms
step:1655/3250 train_time:27.618s step_avg:16.69ms
step:1656/3250 train_time:27.771s step_avg:16.77ms
step:1657/3250 train_time:27.925s step_avg:16.85ms
step:1658/3250 train_time:28.078s step_avg:16.93ms
step:1659/3250 train_time:28.231s step_avg:17.02ms
step:1660/3250 train_time:28.385s step_avg:17.10ms
step:1661/3250 train_time:28.538s step_avg:17.18ms
step:1662/3250 train_time:28.693s step_avg:17.26ms
step:1663/3250 train_time:28.845s step_avg:17.35ms
step:1664/3250 train_time:28.999s step_avg:17.43ms
step:1665/3250 train_time:29.153s step_avg:17.51ms
step:1666/3250 train_time:29.306s step_avg:17.59ms
step:1667/3250 train_time:29.459s step_avg:17.67ms
step:1668/3250 train_time:29.614s step_avg:17.75ms
step:1669/3250 train_time:29.767s step_avg:17.84ms
step:1670/3250 train_time:29.921s step_avg:17.92ms
step:1671/3250 train_time:30.076s step_avg:18.00ms
step:1672/3250 train_time:30.229s step_avg:18.08ms
step:1673/3250 train_time:30.382s step_avg:18.16ms
step:1674/3250 train_time:30.536s step_avg:18.24ms
step:1675/3250 train_time:30.690s step_avg:18.32ms
step:1676/3250 train_time:30.842s step_avg:18.40ms
step:1677/3250 train_time:30.997s step_avg:18.48ms
step:1678/3250 train_time:31.150s step_avg:18.56ms
step:1679/3250 train_time:31.305s step_avg:18.65ms
step:1680/3250 train_time:31.459s step_avg:18.73ms
step:1681/3250 train_time:31.612s step_avg:18.81ms
step:1682/3250 train_time:31.766s step_avg:18.89ms
step:1683/3250 train_time:31.919s step_avg:18.97ms
step:1684/3250 train_time:32.074s step_avg:19.05ms
step:1685/3250 train_time:32.227s step_avg:19.13ms
step:1686/3250 train_time:32.381s step_avg:19.21ms
step:1687/3250 train_time:32.534s step_avg:19.29ms
step:1688/3250 train_time:32.689s step_avg:19.37ms
step:1689/3250 train_time:32.842s step_avg:19.44ms
step:1690/3250 train_time:32.997s step_avg:19.52ms
step:1691/3250 train_time:33.150s step_avg:19.60ms
step:1692/3250 train_time:33.305s step_avg:19.68ms
step:1693/3250 train_time:33.461s step_avg:19.76ms
step:1694/3250 train_time:33.616s step_avg:19.84ms
step:1695/3250 train_time:33.769s step_avg:19.92ms
step:1696/3250 train_time:33.922s step_avg:20.00ms
step:1697/3250 train_time:34.077s step_avg:20.08ms
step:1698/3250 train_time:34.230s step_avg:20.16ms
step:1699/3250 train_time:34.385s step_avg:20.24ms
step:1700/3250 train_time:34.539s step_avg:20.32ms
step:1701/3250 train_time:34.693s step_avg:20.40ms
step:1702/3250 train_time:34.847s step_avg:20.47ms
step:1703/3250 train_time:35.000s step_avg:20.55ms
step:1704/3250 train_time:35.153s step_avg:20.63ms
step:1705/3250 train_time:35.308s step_avg:20.71ms
step:1706/3250 train_time:35.460s step_avg:20.79ms
step:1707/3250 train_time:35.615s step_avg:20.86ms
step:1708/3250 train_time:35.768s step_avg:20.94ms
step:1709/3250 train_time:35.922s step_avg:21.02ms
step:1710/3250 train_time:36.078s step_avg:21.10ms
step:1711/3250 train_time:36.264s step_avg:21.19ms
step:1712/3250 train_time:36.417s step_avg:21.27ms
step:1713/3250 train_time:36.570s step_avg:21.35ms
step:1714/3250 train_time:36.723s step_avg:21.43ms
step:1715/3250 train_time:36.877s step_avg:21.50ms
step:1716/3250 train_time:37.030s step_avg:21.58ms
step:1717/3250 train_time:37.185s step_avg:21.66ms
step:1718/3250 train_time:37.339s step_avg:21.73ms
step:1719/3250 train_time:37.494s step_avg:21.81ms
step:1720/3250 train_time:37.647s step_avg:21.89ms
step:1721/3250 train_time:37.802s step_avg:21.96ms
step:1722/3250 train_time:37.955s step_avg:22.04ms
step:1723/3250 train_time:38.110s step_avg:22.12ms
step:1724/3250 train_time:38.264s step_avg:22.19ms
step:1725/3250 train_time:38.418s step_avg:22.27ms
step:1726/3250 train_time:38.572s step_avg:22.35ms
step:1727/3250 train_time:38.725s step_avg:22.42ms
step:1728/3250 train_time:38.879s step_avg:22.50ms
step:1729/3250 train_time:39.033s step_avg:22.58ms
step:1730/3250 train_time:39.187s step_avg:22.65ms
step:1731/3250 train_time:39.341s step_avg:22.73ms
step:1732/3250 train_time:39.496s step_avg:22.80ms
step:1733/3250 train_time:39.649s step_avg:22.88ms
step:1734/3250 train_time:39.804s step_avg:22.96ms
step:1735/3250 train_time:39.959s step_avg:23.03ms
step:1736/3250 train_time:40.113s step_avg:23.11ms
step:1737/3250 train_time:40.267s step_avg:23.18ms
step:1738/3250 train_time:40.420s step_avg:23.26ms
step:1739/3250 train_time:40.575s step_avg:23.33ms
step:1740/3250 train_time:40.728s step_avg:23.41ms
step:1741/3250 train_time:40.882s step_avg:23.48ms
step:1742/3250 train_time:41.037s step_avg:23.56ms
step:1743/3250 train_time:41.191s step_avg:23.63ms
step:1744/3250 train_time:41.345s step_avg:23.71ms
step:1745/3250 train_time:41.499s step_avg:23.78ms
step:1746/3250 train_time:41.653s step_avg:23.86ms
step:1747/3250 train_time:41.807s step_avg:23.93ms
step:1748/3250 train_time:41.960s step_avg:24.00ms
step:1749/3250 train_time:42.115s step_avg:24.08ms
step:1750/3250 train_time:42.268s step_avg:24.15ms
step:1750/3250 val_loss:3.51794 train_time:42.280s step_avg:159.69ms
step:1751/3250 train_time:43.096s step_avg:24.61ms
step:1752/3250 train_time:43.234s step_avg:24.68ms
step:1753/3250 train_time:43.387s step_avg:24.75ms
step:1754/3250 train_time:43.541s step_avg:24.82ms
step:1755/3250 train_time:43.696s step_avg:24.90ms
step:1756/3250 train_time:43.850s step_avg:24.97ms
step:1757/3250 train_time:44.004s step_avg:25.04ms
step:1758/3250 train_time:44.157s step_avg:25.12ms
step:1759/3250 train_time:44.311s step_avg:25.19ms
step:1760/3250 train_time:44.466s step_avg:25.26ms
step:1761/3250 train_time:44.619s step_avg:25.34ms
step:1762/3250 train_time:44.773s step_avg:25.41ms
step:1763/3250 train_time:44.929s step_avg:25.48ms
step:1764/3250 train_time:45.083s step_avg:25.56ms
step:1765/3250 train_time:45.237s step_avg:25.63ms
step:1766/3250 train_time:45.390s step_avg:25.70ms
step:1767/3250 train_time:45.545s step_avg:25.78ms
step:1768/3250 train_time:45.698s step_avg:25.85ms
step:1769/3250 train_time:45.851s step_avg:25.92ms
step:1770/3250 train_time:46.006s step_avg:25.99ms
step:1771/3250 train_time:46.159s step_avg:26.06ms
step:1772/3250 train_time:46.312s step_avg:26.14ms
step:1773/3250 train_time:46.466s step_avg:26.21ms
step:1774/3250 train_time:46.621s step_avg:26.28ms
step:1775/3250 train_time:46.774s step_avg:26.35ms
step:1776/3250 train_time:46.929s step_avg:26.42ms
step:1777/3250 train_time:47.082s step_avg:26.50ms
step:1778/3250 train_time:47.237s step_avg:26.57ms
step:1779/3250 train_time:47.391s step_avg:26.64ms
step:1780/3250 train_time:47.548s step_avg:26.71ms
step:1781/3250 train_time:47.702s step_avg:26.78ms
step:1782/3250 train_time:47.856s step_avg:26.86ms
step:1783/3250 train_time:48.009s step_avg:26.93ms
step:1784/3250 train_time:48.164s step_avg:27.00ms
step:1785/3250 train_time:48.318s step_avg:27.07ms
step:1786/3250 train_time:48.471s step_avg:27.14ms
step:1787/3250 train_time:48.626s step_avg:27.21ms
step:1788/3250 train_time:48.780s step_avg:27.28ms
step:1789/3250 train_time:48.933s step_avg:27.35ms
step:1790/3250 train_time:49.087s step_avg:27.42ms
step:1791/3250 train_time:49.242s step_avg:27.49ms
step:1792/3250 train_time:49.395s step_avg:27.56ms
step:1793/3250 train_time:49.551s step_avg:27.64ms
step:1794/3250 train_time:49.706s step_avg:27.71ms
step:1795/3250 train_time:49.859s step_avg:27.78ms
step:1796/3250 train_time:50.012s step_avg:27.85ms
step:1797/3250 train_time:50.166s step_avg:27.92ms
step:1798/3250 train_time:50.318s step_avg:27.99ms
step:1799/3250 train_time:50.472s step_avg:28.06ms
step:1800/3250 train_time:50.628s step_avg:28.13ms
step:1801/3250 train_time:50.784s step_avg:28.20ms
step:1802/3250 train_time:50.938s step_avg:28.27ms
step:1803/3250 train_time:51.092s step_avg:28.34ms
step:1804/3250 train_time:51.247s step_avg:28.41ms
step:1805/3250 train_time:51.401s step_avg:28.48ms
step:1806/3250 train_time:51.555s step_avg:28.55ms
step:1807/3250 train_time:51.709s step_avg:28.62ms
step:1808/3250 train_time:51.863s step_avg:28.69ms
step:1809/3250 train_time:52.017s step_avg:28.75ms
step:1810/3250 train_time:52.171s step_avg:28.82ms
step:1811/3250 train_time:52.326s step_avg:28.89ms
step:1812/3250 train_time:52.479s step_avg:28.96ms
step:1813/3250 train_time:52.632s step_avg:29.03ms
step:1814/3250 train_time:52.786s step_avg:29.10ms
step:1815/3250 train_time:52.939s step_avg:29.17ms
step:1816/3250 train_time:53.093s step_avg:29.24ms
step:1817/3250 train_time:53.249s step_avg:29.31ms
step:1818/3250 train_time:53.403s step_avg:29.37ms
step:1819/3250 train_time:53.557s step_avg:29.44ms
step:1820/3250 train_time:53.711s step_avg:29.51ms
step:1821/3250 train_time:53.865s step_avg:29.58ms
step:1822/3250 train_time:54.019s step_avg:29.65ms
step:1823/3250 train_time:54.172s step_avg:29.72ms
step:1824/3250 train_time:54.328s step_avg:29.79ms
step:1825/3250 train_time:54.482s step_avg:29.85ms
step:1826/3250 train_time:54.637s step_avg:29.92ms
step:1827/3250 train_time:54.791s step_avg:29.99ms
step:1828/3250 train_time:54.947s step_avg:30.06ms
step:1829/3250 train_time:55.099s step_avg:30.13ms
step:1830/3250 train_time:55.254s step_avg:30.19ms
step:1831/3250 train_time:55.410s step_avg:30.26ms
step:1832/3250 train_time:55.563s step_avg:30.33ms
step:1833/3250 train_time:55.716s step_avg:30.40ms
step:1834/3250 train_time:55.870s step_avg:30.46ms
step:1835/3250 train_time:56.025s step_avg:30.53ms
step:1836/3250 train_time:56.179s step_avg:30.60ms
step:1837/3250 train_time:56.333s step_avg:30.67ms
step:1838/3250 train_time:56.487s step_avg:30.73ms
step:1839/3250 train_time:56.641s step_avg:30.80ms
step:1840/3250 train_time:56.794s step_avg:30.87ms
step:1841/3250 train_time:56.949s step_avg:30.93ms
step:1842/3250 train_time:57.103s step_avg:31.00ms
step:1843/3250 train_time:57.257s step_avg:31.07ms
step:1844/3250 train_time:57.411s step_avg:31.13ms
step:1845/3250 train_time:57.564s step_avg:31.20ms
step:1846/3250 train_time:57.719s step_avg:31.27ms
step:1847/3250 train_time:57.872s step_avg:31.33ms
step:1848/3250 train_time:58.027s step_avg:31.40ms
step:1849/3250 train_time:58.180s step_avg:31.47ms
step:1850/3250 train_time:58.335s step_avg:31.53ms
step:1851/3250 train_time:58.489s step_avg:31.60ms
step:1852/3250 train_time:58.643s step_avg:31.66ms
step:1853/3250 train_time:58.798s step_avg:31.73ms
step:1854/3250 train_time:58.952s step_avg:31.80ms
step:1855/3250 train_time:59.106s step_avg:31.86ms
step:1856/3250 train_time:59.259s step_avg:31.93ms
step:1857/3250 train_time:59.413s step_avg:31.99ms
step:1858/3250 train_time:59.567s step_avg:32.06ms
step:1859/3250 train_time:59.721s step_avg:32.13ms
step:1860/3250 train_time:59.875s step_avg:32.19ms
step:1861/3250 train_time:60.031s step_avg:32.26ms
step:1862/3250 train_time:60.185s step_avg:32.32ms
step:1863/3250 train_time:60.339s step_avg:32.39ms
step:1864/3250 train_time:60.493s step_avg:32.45ms
step:1865/3250 train_time:60.647s step_avg:32.52ms
step:1866/3250 train_time:60.801s step_avg:32.58ms
step:1867/3250 train_time:60.954s step_avg:32.65ms
step:1868/3250 train_time:61.109s step_avg:32.71ms
step:1869/3250 train_time:61.263s step_avg:32.78ms
step:1870/3250 train_time:61.417s step_avg:32.84ms
step:1871/3250 train_time:61.571s step_avg:32.91ms
step:1872/3250 train_time:61.728s step_avg:32.97ms
step:1873/3250 train_time:61.882s step_avg:33.04ms
step:1874/3250 train_time:62.037s step_avg:33.10ms
step:1875/3250 train_time:62.190s step_avg:33.17ms
step:1875/3250 val_loss:3.51067 train_time:62.202s step_avg:159.38ms
step:1876/3250 train_time:63.025s step_avg:33.60ms
step:1877/3250 train_time:63.164s step_avg:33.65ms
step:1878/3250 train_time:63.317s step_avg:33.72ms
step:1879/3250 train_time:63.470s step_avg:33.78ms
step:1880/3250 train_time:63.625s step_avg:33.84ms
step:1881/3250 train_time:63.778s step_avg:33.91ms
step:1882/3250 train_time:63.933s step_avg:33.97ms
step:1883/3250 train_time:64.086s step_avg:34.03ms
step:1884/3250 train_time:64.240s step_avg:34.10ms
step:1885/3250 train_time:64.394s step_avg:34.16ms
step:1886/3250 train_time:64.549s step_avg:34.23ms
step:1887/3250 train_time:64.703s step_avg:34.29ms
step:1888/3250 train_time:64.857s step_avg:34.35ms
step:1889/3250 train_time:65.011s step_avg:34.42ms
step:1890/3250 train_time:65.165s step_avg:34.48ms
step:1891/3250 train_time:65.319s step_avg:34.54ms
step:1892/3250 train_time:65.474s step_avg:34.61ms
step:1893/3250 train_time:65.627s step_avg:34.67ms
step:1894/3250 train_time:65.781s step_avg:34.73ms
step:1895/3250 train_time:65.936s step_avg:34.79ms
step:1896/3250 train_time:66.089s step_avg:34.86ms
step:1897/3250 train_time:66.244s step_avg:34.92ms
step:1898/3250 train_time:66.397s step_avg:34.98ms
step:1899/3250 train_time:66.554s step_avg:35.05ms
step:1900/3250 train_time:66.707s step_avg:35.11ms
step:1901/3250 train_time:66.900s step_avg:35.19ms
step:1902/3250 train_time:67.054s step_avg:35.25ms
step:1903/3250 train_time:67.207s step_avg:35.32ms
step:1904/3250 train_time:67.361s step_avg:35.38ms
step:1905/3250 train_time:67.515s step_avg:35.44ms
step:1906/3250 train_time:67.669s step_avg:35.50ms
step:1907/3250 train_time:67.823s step_avg:35.57ms
step:1908/3250 train_time:67.977s step_avg:35.63ms
step:1909/3250 train_time:68.133s step_avg:35.69ms
step:1910/3250 train_time:68.286s step_avg:35.75ms
step:1911/3250 train_time:68.440s step_avg:35.81ms
step:1912/3250 train_time:68.594s step_avg:35.88ms
step:1913/3250 train_time:68.750s step_avg:35.94ms
step:1914/3250 train_time:68.903s step_avg:36.00ms
step:1915/3250 train_time:69.058s step_avg:36.06ms
step:1916/3250 train_time:69.213s step_avg:36.12ms
step:1917/3250 train_time:69.367s step_avg:36.19ms
step:1918/3250 train_time:69.522s step_avg:36.25ms
step:1919/3250 train_time:69.677s step_avg:36.31ms
step:1920/3250 train_time:69.832s step_avg:36.37ms
step:1921/3250 train_time:69.987s step_avg:36.43ms
step:1922/3250 train_time:70.143s step_avg:36.49ms
step:1923/3250 train_time:70.298s step_avg:36.56ms
step:1924/3250 train_time:70.453s step_avg:36.62ms
step:1925/3250 train_time:70.606s step_avg:36.68ms
step:1926/3250 train_time:70.760s step_avg:36.74ms
step:1927/3250 train_time:70.915s step_avg:36.80ms
step:1928/3250 train_time:71.069s step_avg:36.86ms
step:1929/3250 train_time:71.223s step_avg:36.92ms
step:1930/3250 train_time:71.377s step_avg:36.98ms
step:1931/3250 train_time:71.531s step_avg:37.04ms
step:1932/3250 train_time:71.685s step_avg:37.10ms
step:1933/3250 train_time:71.840s step_avg:37.16ms
step:1934/3250 train_time:71.994s step_avg:37.23ms
step:1935/3250 train_time:72.148s step_avg:37.29ms
step:1936/3250 train_time:72.301s step_avg:37.35ms
step:1937/3250 train_time:72.456s step_avg:37.41ms
step:1938/3250 train_time:72.609s step_avg:37.47ms
step:1939/3250 train_time:72.766s step_avg:37.53ms
step:1940/3250 train_time:72.920s step_avg:37.59ms
step:1941/3250 train_time:73.077s step_avg:37.65ms
step:1942/3250 train_time:73.232s step_avg:37.71ms
step:1943/3250 train_time:73.385s step_avg:37.77ms
step:1944/3250 train_time:73.539s step_avg:37.83ms
step:1945/3250 train_time:73.693s step_avg:37.89ms
step:1946/3250 train_time:73.847s step_avg:37.95ms
step:1947/3250 train_time:74.002s step_avg:38.01ms
step:1948/3250 train_time:74.156s step_avg:38.07ms
step:1949/3250 train_time:74.310s step_avg:38.13ms
step:1950/3250 train_time:74.465s step_avg:38.19ms
step:1951/3250 train_time:74.619s step_avg:38.25ms
step:1952/3250 train_time:74.775s step_avg:38.31ms
step:1953/3250 train_time:74.929s step_avg:38.37ms
step:1954/3250 train_time:75.083s step_avg:38.43ms
step:1955/3250 train_time:75.237s step_avg:38.48ms
step:1956/3250 train_time:75.391s step_avg:38.54ms
step:1957/3250 train_time:75.544s step_avg:38.60ms
step:1958/3250 train_time:75.699s step_avg:38.66ms
step:1959/3250 train_time:75.854s step_avg:38.72ms
step:1960/3250 train_time:76.007s step_avg:38.78ms
step:1961/3250 train_time:76.163s step_avg:38.84ms
step:1962/3250 train_time:76.318s step_avg:38.90ms
step:1963/3250 train_time:76.470s step_avg:38.96ms
step:1964/3250 train_time:76.625s step_avg:39.01ms
step:1965/3250 train_time:76.779s step_avg:39.07ms
step:1966/3250 train_time:76.933s step_avg:39.13ms
step:1967/3250 train_time:77.086s step_avg:39.19ms
step:1968/3250 train_time:77.242s step_avg:39.25ms
step:1969/3250 train_time:77.396s step_avg:39.31ms
step:1970/3250 train_time:77.550s step_avg:39.37ms
step:1971/3250 train_time:77.704s step_avg:39.42ms
step:1972/3250 train_time:77.859s step_avg:39.48ms
step:1973/3250 train_time:78.012s step_avg:39.54ms
step:1974/3250 train_time:78.165s step_avg:39.60ms
step:1975/3250 train_time:78.319s step_avg:39.66ms
step:1976/3250 train_time:78.475s step_avg:39.71ms
step:1977/3250 train_time:78.628s step_avg:39.77ms
step:1978/3250 train_time:78.782s step_avg:39.83ms
step:1979/3250 train_time:78.938s step_avg:39.89ms
step:1980/3250 train_time:79.093s step_avg:39.95ms
step:1981/3250 train_time:79.247s step_avg:40.00ms
step:1982/3250 train_time:79.401s step_avg:40.06ms
step:1983/3250 train_time:79.556s step_avg:40.12ms
step:1984/3250 train_time:79.709s step_avg:40.18ms
step:1985/3250 train_time:79.864s step_avg:40.23ms
step:1986/3250 train_time:80.018s step_avg:40.29ms
step:1987/3250 train_time:80.172s step_avg:40.35ms
step:1988/3250 train_time:80.326s step_avg:40.41ms
step:1989/3250 train_time:80.480s step_avg:40.46ms
step:1990/3250 train_time:80.637s step_avg:40.52ms
step:1991/3250 train_time:80.790s step_avg:40.58ms
step:1992/3250 train_time:80.944s step_avg:40.63ms
step:1993/3250 train_time:81.098s step_avg:40.69ms
step:1994/3250 train_time:81.253s step_avg:40.75ms
step:1995/3250 train_time:81.405s step_avg:40.80ms
step:1996/3250 train_time:81.559s step_avg:40.86ms
step:1997/3250 train_time:81.714s step_avg:40.92ms
step:1998/3250 train_time:81.868s step_avg:40.97ms
step:1999/3250 train_time:82.022s step_avg:41.03ms
step:2000/3250 train_time:82.178s step_avg:41.09ms
step:2000/3250 val_loss:3.50475 train_time:82.190s step_avg:159.90ms
step:2001/3250 train_time:83.012s step_avg:41.49ms
step:2002/3250 train_time:83.150s step_avg:41.53ms
step:2003/3250 train_time:83.304s step_avg:41.59ms
step:2004/3250 train_time:83.459s step_avg:41.65ms
step:2005/3250 train_time:83.612s step_avg:41.70ms
step:2006/3250 train_time:83.766s step_avg:41.76ms
step:2007/3250 train_time:83.920s step_avg:41.81ms
step:2008/3250 train_time:84.075s step_avg:41.87ms
step:2009/3250 train_time:84.229s step_avg:41.93ms
step:2010/3250 train_time:84.383s step_avg:41.98ms
step:2011/3250 train_time:84.538s step_avg:42.04ms
step:2012/3250 train_time:84.692s step_avg:42.09ms
step:2013/3250 train_time:84.846s step_avg:42.15ms
step:2014/3250 train_time:85.001s step_avg:42.21ms
step:2015/3250 train_time:85.154s step_avg:42.26ms
step:2016/3250 train_time:85.308s step_avg:42.32ms
step:2017/3250 train_time:85.465s step_avg:42.37ms
step:2018/3250 train_time:85.619s step_avg:42.43ms
step:2019/3250 train_time:85.772s step_avg:42.48ms
step:2020/3250 train_time:85.926s step_avg:42.54ms
step:2021/3250 train_time:86.081s step_avg:42.59ms
step:2022/3250 train_time:86.234s step_avg:42.65ms
step:2023/3250 train_time:86.389s step_avg:42.70ms
step:2024/3250 train_time:86.545s step_avg:42.76ms
step:2025/3250 train_time:86.699s step_avg:42.81ms
step:2026/3250 train_time:86.852s step_avg:42.87ms
step:2027/3250 train_time:87.006s step_avg:42.92ms
step:2028/3250 train_time:87.161s step_avg:42.98ms
step:2029/3250 train_time:87.314s step_avg:43.03ms
step:2030/3250 train_time:87.469s step_avg:43.09ms
step:2031/3250 train_time:87.623s step_avg:43.14ms
step:2032/3250 train_time:87.778s step_avg:43.20ms
step:2033/3250 train_time:87.931s step_avg:43.25ms
step:2034/3250 train_time:88.085s step_avg:43.31ms
step:2035/3250 train_time:88.239s step_avg:43.36ms
step:2036/3250 train_time:88.393s step_avg:43.41ms
step:2037/3250 train_time:88.547s step_avg:43.47ms
step:2038/3250 train_time:88.703s step_avg:43.52ms
step:2039/3250 train_time:88.857s step_avg:43.58ms
step:2040/3250 train_time:89.010s step_avg:43.63ms
step:2041/3250 train_time:89.164s step_avg:43.69ms
step:2042/3250 train_time:89.317s step_avg:43.74ms
step:2043/3250 train_time:89.470s step_avg:43.79ms
step:2044/3250 train_time:89.626s step_avg:43.85ms
step:2045/3250 train_time:89.781s step_avg:43.90ms
step:2046/3250 train_time:89.934s step_avg:43.96ms
step:2047/3250 train_time:90.089s step_avg:44.01ms
step:2048/3250 train_time:90.244s step_avg:44.06ms
step:2049/3250 train_time:90.399s step_avg:44.12ms
step:2050/3250 train_time:90.553s step_avg:44.17ms
step:2051/3250 train_time:90.706s step_avg:44.23ms
step:2052/3250 train_time:90.862s step_avg:44.28ms
step:2053/3250 train_time:91.015s step_avg:44.33ms
step:2054/3250 train_time:91.169s step_avg:44.39ms
step:2055/3250 train_time:91.324s step_avg:44.44ms
step:2056/3250 train_time:91.477s step_avg:44.49ms
step:2057/3250 train_time:91.631s step_avg:44.55ms
step:2058/3250 train_time:91.785s step_avg:44.60ms
step:2059/3250 train_time:91.939s step_avg:44.65ms
step:2060/3250 train_time:92.093s step_avg:44.71ms
step:2061/3250 train_time:92.246s step_avg:44.76ms
step:2062/3250 train_time:92.401s step_avg:44.81ms
step:2063/3250 train_time:92.555s step_avg:44.86ms
step:2064/3250 train_time:92.708s step_avg:44.92ms
step:2065/3250 train_time:92.864s step_avg:44.97ms
step:2066/3250 train_time:93.017s step_avg:45.02ms
step:2067/3250 train_time:93.172s step_avg:45.08ms
step:2068/3250 train_time:93.326s step_avg:45.13ms
step:2069/3250 train_time:93.482s step_avg:45.18ms
step:2070/3250 train_time:93.635s step_avg:45.23ms
step:2071/3250 train_time:93.789s step_avg:45.29ms
step:2072/3250 train_time:93.943s step_avg:45.34ms
step:2073/3250 train_time:94.098s step_avg:45.39ms
step:2074/3250 train_time:94.252s step_avg:45.44ms
step:2075/3250 train_time:94.405s step_avg:45.50ms
step:2076/3250 train_time:94.561s step_avg:45.55ms
step:2077/3250 train_time:94.714s step_avg:45.60ms
step:2078/3250 train_time:94.869s step_avg:45.65ms
step:2079/3250 train_time:95.022s step_avg:45.71ms
step:2080/3250 train_time:95.176s step_avg:45.76ms
step:2081/3250 train_time:95.329s step_avg:45.81ms
step:2082/3250 train_time:95.485s step_avg:45.86ms
step:2083/3250 train_time:95.639s step_avg:45.91ms
step:2084/3250 train_time:95.793s step_avg:45.97ms
step:2085/3250 train_time:95.947s step_avg:46.02ms
step:2086/3250 train_time:96.104s step_avg:46.07ms
step:2087/3250 train_time:96.257s step_avg:46.12ms
step:2088/3250 train_time:96.410s step_avg:46.17ms
step:2089/3250 train_time:96.565s step_avg:46.23ms
step:2090/3250 train_time:96.718s step_avg:46.28ms
step:2091/3250 train_time:96.904s step_avg:46.34ms
step:2092/3250 train_time:97.057s step_avg:46.39ms
step:2093/3250 train_time:97.210s step_avg:46.45ms
step:2094/3250 train_time:97.364s step_avg:46.50ms
step:2095/3250 train_time:97.517s step_avg:46.55ms
step:2096/3250 train_time:97.671s step_avg:46.60ms
step:2097/3250 train_time:97.826s step_avg:46.65ms
step:2098/3250 train_time:97.981s step_avg:46.70ms
step:2099/3250 train_time:98.134s step_avg:46.75ms
step:2100/3250 train_time:98.288s step_avg:46.80ms
step:2101/3250 train_time:98.444s step_avg:46.86ms
step:2102/3250 train_time:98.599s step_avg:46.91ms
step:2103/3250 train_time:98.751s step_avg:46.96ms
step:2104/3250 train_time:98.905s step_avg:47.01ms
step:2105/3250 train_time:99.060s step_avg:47.06ms
step:2106/3250 train_time:99.213s step_avg:47.11ms
step:2107/3250 train_time:99.367s step_avg:47.16ms
step:2108/3250 train_time:99.521s step_avg:47.21ms
step:2109/3250 train_time:99.675s step_avg:47.26ms
step:2110/3250 train_time:99.828s step_avg:47.31ms
step:2111/3250 train_time:99.983s step_avg:47.36ms
step:2112/3250 train_time:100.137s step_avg:47.41ms
step:2113/3250 train_time:100.290s step_avg:47.46ms
step:2114/3250 train_time:100.445s step_avg:47.51ms
step:2115/3250 train_time:100.601s step_avg:47.57ms
step:2116/3250 train_time:100.754s step_avg:47.62ms
step:2117/3250 train_time:100.908s step_avg:47.67ms
step:2118/3250 train_time:101.064s step_avg:47.72ms
step:2119/3250 train_time:101.216s step_avg:47.77ms
step:2120/3250 train_time:101.370s step_avg:47.82ms
step:2121/3250 train_time:101.525s step_avg:47.87ms
step:2122/3250 train_time:101.680s step_avg:47.92ms
step:2123/3250 train_time:101.833s step_avg:47.97ms
step:2124/3250 train_time:101.987s step_avg:48.02ms
step:2125/3250 train_time:102.142s step_avg:48.07ms
step:2125/3250 val_loss:3.49775 train_time:102.154s step_avg:159.71ms
step:2126/3250 train_time:102.951s step_avg:48.42ms
step:2127/3250 train_time:103.089s step_avg:48.47ms
step:2128/3250 train_time:103.242s step_avg:48.52ms
step:2129/3250 train_time:103.395s step_avg:48.57ms
step:2130/3250 train_time:103.547s step_avg:48.61ms
step:2131/3250 train_time:103.702s step_avg:48.66ms
step:2132/3250 train_time:103.856s step_avg:48.71ms
step:2133/3250 train_time:104.014s step_avg:48.76ms
step:2134/3250 train_time:104.167s step_avg:48.81ms
step:2135/3250 train_time:104.320s step_avg:48.86ms
step:2136/3250 train_time:104.474s step_avg:48.91ms
step:2137/3250 train_time:104.626s step_avg:48.96ms
step:2138/3250 train_time:104.780s step_avg:49.01ms
step:2139/3250 train_time:104.936s step_avg:49.06ms
step:2140/3250 train_time:105.092s step_avg:49.11ms
step:2141/3250 train_time:105.244s step_avg:49.16ms
step:2142/3250 train_time:105.398s step_avg:49.21ms
step:2143/3250 train_time:105.552s step_avg:49.25ms
step:2144/3250 train_time:105.705s step_avg:49.30ms
step:2145/3250 train_time:105.858s step_avg:49.35ms
step:2146/3250 train_time:106.015s step_avg:49.40ms
step:2147/3250 train_time:106.168s step_avg:49.45ms
step:2148/3250 train_time:106.321s step_avg:49.50ms
step:2149/3250 train_time:106.475s step_avg:49.55ms
step:2150/3250 train_time:106.631s step_avg:49.60ms
step:2151/3250 train_time:106.785s step_avg:49.64ms
step:2152/3250 train_time:106.940s step_avg:49.69ms
step:2153/3250 train_time:107.096s step_avg:49.74ms
step:2154/3250 train_time:107.250s step_avg:49.79ms
step:2155/3250 train_time:107.404s step_avg:49.84ms
step:2156/3250 train_time:107.557s step_avg:49.89ms
step:2157/3250 train_time:107.710s step_avg:49.94ms
step:2158/3250 train_time:107.862s step_avg:49.98ms
step:2159/3250 train_time:108.018s step_avg:50.03ms
step:2160/3250 train_time:108.173s step_avg:50.08ms
step:2161/3250 train_time:108.327s step_avg:50.13ms
step:2162/3250 train_time:108.481s step_avg:50.18ms
step:2163/3250 train_time:108.635s step_avg:50.22ms
step:2164/3250 train_time:108.791s step_avg:50.27ms
step:2165/3250 train_time:108.944s step_avg:50.32ms
step:2166/3250 train_time:109.098s step_avg:50.37ms
step:2167/3250 train_time:109.252s step_avg:50.42ms
step:2168/3250 train_time:109.405s step_avg:50.46ms
step:2169/3250 train_time:109.559s step_avg:50.51ms
step:2170/3250 train_time:109.715s step_avg:50.56ms
step:2171/3250 train_time:109.869s step_avg:50.61ms
step:2172/3250 train_time:110.023s step_avg:50.66ms
step:2173/3250 train_time:110.177s step_avg:50.70ms
step:2174/3250 train_time:110.333s step_avg:50.75ms
step:2175/3250 train_time:110.487s step_avg:50.80ms
step:2176/3250 train_time:110.640s step_avg:50.85ms
step:2177/3250 train_time:110.794s step_avg:50.89ms
step:2178/3250 train_time:110.946s step_avg:50.94ms
step:2179/3250 train_time:111.100s step_avg:50.99ms
step:2180/3250 train_time:111.255s step_avg:51.03ms
step:2181/3250 train_time:111.410s step_avg:51.08ms
step:2182/3250 train_time:111.565s step_avg:51.13ms
step:2183/3250 train_time:111.719s step_avg:51.18ms
step:2184/3250 train_time:111.874s step_avg:51.22ms
step:2185/3250 train_time:112.028s step_avg:51.27ms
step:2186/3250 train_time:112.181s step_avg:51.32ms
step:2187/3250 train_time:112.336s step_avg:51.37ms
step:2188/3250 train_time:112.491s step_avg:51.41ms
step:2189/3250 train_time:112.643s step_avg:51.46ms
step:2190/3250 train_time:112.797s step_avg:51.51ms
step:2191/3250 train_time:112.951s step_avg:51.55ms
step:2192/3250 train_time:113.105s step_avg:51.60ms
step:2193/3250 train_time:113.258s step_avg:51.65ms
step:2194/3250 train_time:113.414s step_avg:51.69ms
step:2195/3250 train_time:113.569s step_avg:51.74ms
step:2196/3250 train_time:113.722s step_avg:51.79ms
step:2197/3250 train_time:113.878s step_avg:51.83ms
step:2198/3250 train_time:114.034s step_avg:51.88ms
step:2199/3250 train_time:114.189s step_avg:51.93ms
step:2200/3250 train_time:114.342s step_avg:51.97ms
step:2201/3250 train_time:114.496s step_avg:52.02ms
step:2202/3250 train_time:114.650s step_avg:52.07ms
step:2203/3250 train_time:114.804s step_avg:52.11ms
step:2204/3250 train_time:114.958s step_avg:52.16ms
step:2205/3250 train_time:115.114s step_avg:52.21ms
step:2206/3250 train_time:115.268s step_avg:52.25ms
step:2207/3250 train_time:115.422s step_avg:52.30ms
step:2208/3250 train_time:115.576s step_avg:52.34ms
step:2209/3250 train_time:115.734s step_avg:52.39ms
step:2210/3250 train_time:115.886s step_avg:52.44ms
step:2211/3250 train_time:116.040s step_avg:52.48ms
step:2212/3250 train_time:116.194s step_avg:52.53ms
step:2213/3250 train_time:116.347s step_avg:52.57ms
step:2214/3250 train_time:116.501s step_avg:52.62ms
step:2215/3250 train_time:116.655s step_avg:52.67ms
step:2216/3250 train_time:116.810s step_avg:52.71ms
step:2217/3250 train_time:116.962s step_avg:52.76ms
step:2218/3250 train_time:117.118s step_avg:52.80ms
step:2219/3250 train_time:117.272s step_avg:52.85ms
step:2220/3250 train_time:117.425s step_avg:52.89ms
step:2221/3250 train_time:117.579s step_avg:52.94ms
step:2222/3250 train_time:117.735s step_avg:52.99ms
step:2223/3250 train_time:117.891s step_avg:53.03ms
step:2224/3250 train_time:118.043s step_avg:53.08ms
step:2225/3250 train_time:118.198s step_avg:53.12ms
step:2226/3250 train_time:118.352s step_avg:53.17ms
step:2227/3250 train_time:118.505s step_avg:53.21ms
step:2228/3250 train_time:118.658s step_avg:53.26ms
step:2229/3250 train_time:118.815s step_avg:53.30ms
step:2230/3250 train_time:118.969s step_avg:53.35ms
step:2231/3250 train_time:119.122s step_avg:53.39ms
step:2232/3250 train_time:119.276s step_avg:53.44ms
step:2233/3250 train_time:119.431s step_avg:53.48ms
step:2234/3250 train_time:119.584s step_avg:53.53ms
step:2235/3250 train_time:119.738s step_avg:53.57ms
step:2236/3250 train_time:119.894s step_avg:53.62ms
step:2237/3250 train_time:120.048s step_avg:53.66ms
step:2238/3250 train_time:120.202s step_avg:53.71ms
step:2239/3250 train_time:120.355s step_avg:53.75ms
step:2240/3250 train_time:120.511s step_avg:53.80ms
step:2241/3250 train_time:120.664s step_avg:53.84ms
step:2242/3250 train_time:120.818s step_avg:53.89ms
step:2243/3250 train_time:120.974s step_avg:53.93ms
step:2244/3250 train_time:121.129s step_avg:53.98ms
step:2245/3250 train_time:121.282s step_avg:54.02ms
step:2246/3250 train_time:121.436s step_avg:54.07ms
step:2247/3250 train_time:121.592s step_avg:54.11ms
step:2248/3250 train_time:121.746s step_avg:54.16ms
step:2249/3250 train_time:121.900s step_avg:54.20ms
step:2250/3250 train_time:122.054s step_avg:54.25ms
step:2250/3250 val_loss:3.49457 train_time:122.066s step_avg:159.29ms
step:2251/3250 train_time:122.847s step_avg:54.57ms
step:2252/3250 train_time:122.987s step_avg:54.61ms
step:2253/3250 train_time:123.141s step_avg:54.66ms
step:2254/3250 train_time:123.293s step_avg:54.70ms
step:2255/3250 train_time:123.447s step_avg:54.74ms
step:2256/3250 train_time:123.601s step_avg:54.79ms
step:2257/3250 train_time:123.755s step_avg:54.83ms
step:2258/3250 train_time:123.909s step_avg:54.88ms
step:2259/3250 train_time:124.065s step_avg:54.92ms
step:2260/3250 train_time:124.219s step_avg:54.96ms
step:2261/3250 train_time:124.373s step_avg:55.01ms
step:2262/3250 train_time:124.526s step_avg:55.05ms
step:2263/3250 train_time:124.680s step_avg:55.10ms
step:2264/3250 train_time:124.834s step_avg:55.14ms
step:2265/3250 train_time:124.988s step_avg:55.18ms
step:2266/3250 train_time:125.143s step_avg:55.23ms
step:2267/3250 train_time:125.297s step_avg:55.27ms
step:2268/3250 train_time:125.451s step_avg:55.31ms
step:2269/3250 train_time:125.604s step_avg:55.36ms
step:2270/3250 train_time:125.759s step_avg:55.40ms
step:2271/3250 train_time:125.913s step_avg:55.44ms
step:2272/3250 train_time:126.066s step_avg:55.49ms
step:2273/3250 train_time:126.222s step_avg:55.53ms
step:2274/3250 train_time:126.374s step_avg:55.57ms
step:2275/3250 train_time:126.528s step_avg:55.62ms
step:2276/3250 train_time:126.682s step_avg:55.66ms
step:2277/3250 train_time:126.836s step_avg:55.70ms
step:2278/3250 train_time:126.990s step_avg:55.75ms
step:2279/3250 train_time:127.145s step_avg:55.79ms
step:2280/3250 train_time:127.300s step_avg:55.83ms
step:2281/3250 train_time:127.489s step_avg:55.89ms
step:2282/3250 train_time:127.644s step_avg:55.94ms
step:2283/3250 train_time:127.797s step_avg:55.98ms
step:2284/3250 train_time:127.951s step_avg:56.02ms
step:2285/3250 train_time:128.106s step_avg:56.06ms
step:2286/3250 train_time:128.261s step_avg:56.11ms
step:2287/3250 train_time:128.415s step_avg:56.15ms
step:2288/3250 train_time:128.569s step_avg:56.19ms
step:2289/3250 train_time:128.723s step_avg:56.24ms
step:2290/3250 train_time:128.877s step_avg:56.28ms
step:2291/3250 train_time:129.031s step_avg:56.32ms
step:2292/3250 train_time:129.185s step_avg:56.36ms
step:2293/3250 train_time:129.340s step_avg:56.41ms
step:2294/3250 train_time:129.493s step_avg:56.45ms
step:2295/3250 train_time:129.647s step_avg:56.49ms
step:2296/3250 train_time:129.803s step_avg:56.53ms
step:2297/3250 train_time:129.957s step_avg:56.58ms
step:2298/3250 train_time:130.111s step_avg:56.62ms
step:2299/3250 train_time:130.264s step_avg:56.66ms
step:2300/3250 train_time:130.418s step_avg:56.70ms
step:2301/3250 train_time:130.572s step_avg:56.75ms
step:2302/3250 train_time:130.726s step_avg:56.79ms
step:2303/3250 train_time:130.881s step_avg:56.83ms
step:2304/3250 train_time:131.036s step_avg:56.87ms
step:2305/3250 train_time:131.190s step_avg:56.92ms
step:2306/3250 train_time:131.344s step_avg:56.96ms
step:2307/3250 train_time:131.498s step_avg:57.00ms
step:2308/3250 train_time:131.654s step_avg:57.04ms
step:2309/3250 train_time:131.809s step_avg:57.08ms
step:2310/3250 train_time:131.964s step_avg:57.13ms
step:2311/3250 train_time:132.119s step_avg:57.17ms
step:2312/3250 train_time:132.272s step_avg:57.21ms
step:2313/3250 train_time:132.426s step_avg:57.25ms
step:2314/3250 train_time:132.581s step_avg:57.30ms
step:2315/3250 train_time:132.735s step_avg:57.34ms
step:2316/3250 train_time:132.889s step_avg:57.38ms
step:2317/3250 train_time:133.046s step_avg:57.42ms
step:2318/3250 train_time:133.200s step_avg:57.46ms
step:2319/3250 train_time:133.354s step_avg:57.50ms
step:2320/3250 train_time:133.508s step_avg:57.55ms
step:2321/3250 train_time:133.664s step_avg:57.59ms
step:2322/3250 train_time:133.818s step_avg:57.63ms
step:2323/3250 train_time:133.972s step_avg:57.67ms
step:2324/3250 train_time:134.126s step_avg:57.71ms
step:2325/3250 train_time:134.280s step_avg:57.75ms
step:2326/3250 train_time:134.434s step_avg:57.80ms
step:2327/3250 train_time:134.588s step_avg:57.84ms
step:2328/3250 train_time:134.744s step_avg:57.88ms
step:2329/3250 train_time:134.898s step_avg:57.92ms
step:2330/3250 train_time:135.053s step_avg:57.96ms
step:2331/3250 train_time:135.207s step_avg:58.00ms
step:2332/3250 train_time:135.363s step_avg:58.05ms
step:2333/3250 train_time:135.517s step_avg:58.09ms
step:2334/3250 train_time:135.670s step_avg:58.13ms
step:2335/3250 train_time:135.825s step_avg:58.17ms
step:2336/3250 train_time:135.980s step_avg:58.21ms
step:2337/3250 train_time:136.133s step_avg:58.25ms
step:2338/3250 train_time:136.287s step_avg:58.29ms
step:2339/3250 train_time:136.443s step_avg:58.33ms
step:2340/3250 train_time:136.597s step_avg:58.37ms
step:2341/3250 train_time:136.753s step_avg:58.42ms
step:2342/3250 train_time:136.908s step_avg:58.46ms
step:2343/3250 train_time:137.064s step_avg:58.50ms
step:2344/3250 train_time:137.217s step_avg:58.54ms
step:2345/3250 train_time:137.371s step_avg:58.58ms
step:2346/3250 train_time:137.526s step_avg:58.62ms
step:2347/3250 train_time:137.680s step_avg:58.66ms
step:2348/3250 train_time:137.834s step_avg:58.70ms
step:2349/3250 train_time:137.988s step_avg:58.74ms
step:2350/3250 train_time:138.144s step_avg:58.78ms
step:2351/3250 train_time:138.297s step_avg:58.82ms
step:2352/3250 train_time:138.452s step_avg:58.87ms
step:2353/3250 train_time:138.606s step_avg:58.91ms
step:2354/3250 train_time:138.761s step_avg:58.95ms
step:2355/3250 train_time:138.914s step_avg:58.99ms
step:2356/3250 train_time:139.068s step_avg:59.03ms
step:2357/3250 train_time:139.223s step_avg:59.07ms
step:2358/3250 train_time:139.376s step_avg:59.11ms
step:2359/3250 train_time:139.531s step_avg:59.15ms
step:2360/3250 train_time:139.684s step_avg:59.19ms
step:2361/3250 train_time:139.839s step_avg:59.23ms
step:2362/3250 train_time:139.992s step_avg:59.27ms
step:2363/3250 train_time:140.147s step_avg:59.31ms
step:2364/3250 train_time:140.301s step_avg:59.35ms
step:2365/3250 train_time:140.454s step_avg:59.39ms
step:2366/3250 train_time:140.608s step_avg:59.43ms
step:2367/3250 train_time:140.764s step_avg:59.47ms
step:2368/3250 train_time:140.919s step_avg:59.51ms
step:2369/3250 train_time:141.072s step_avg:59.55ms
step:2370/3250 train_time:141.226s step_avg:59.59ms
step:2371/3250 train_time:141.381s step_avg:59.63ms
step:2372/3250 train_time:141.534s step_avg:59.67ms
step:2373/3250 train_time:141.688s step_avg:59.71ms
step:2374/3250 train_time:141.844s step_avg:59.75ms
step:2375/3250 train_time:141.998s step_avg:59.79ms
step:2375/3250 val_loss:3.49052 train_time:142.010s step_avg:159.55ms
step:2376/3250 train_time:142.805s step_avg:60.10ms
step:2377/3250 train_time:142.945s step_avg:60.14ms
step:2378/3250 train_time:143.098s step_avg:60.18ms
step:2379/3250 train_time:143.252s step_avg:60.22ms
step:2380/3250 train_time:143.404s step_avg:60.25ms
step:2381/3250 train_time:143.557s step_avg:60.29ms
step:2382/3250 train_time:143.710s step_avg:60.33ms
step:2383/3250 train_time:143.863s step_avg:60.37ms
step:2384/3250 train_time:144.017s step_avg:60.41ms
step:2385/3250 train_time:144.172s step_avg:60.45ms
step:2386/3250 train_time:144.324s step_avg:60.49ms
step:2387/3250 train_time:144.478s step_avg:60.53ms
step:2388/3250 train_time:144.634s step_avg:60.57ms
step:2389/3250 train_time:144.788s step_avg:60.61ms
step:2390/3250 train_time:144.942s step_avg:60.65ms
step:2391/3250 train_time:145.096s step_avg:60.68ms
step:2392/3250 train_time:145.250s step_avg:60.72ms
step:2393/3250 train_time:145.403s step_avg:60.76ms
step:2394/3250 train_time:145.557s step_avg:60.80ms
step:2395/3250 train_time:145.710s step_avg:60.84ms
step:2396/3250 train_time:145.864s step_avg:60.88ms
step:2397/3250 train_time:146.019s step_avg:60.92ms
step:2398/3250 train_time:146.174s step_avg:60.96ms
step:2399/3250 train_time:146.328s step_avg:61.00ms
step:2400/3250 train_time:146.482s step_avg:61.03ms
step:2401/3250 train_time:146.636s step_avg:61.07ms
step:2402/3250 train_time:146.792s step_avg:61.11ms
step:2403/3250 train_time:146.945s step_avg:61.15ms
step:2404/3250 train_time:147.098s step_avg:61.19ms
step:2405/3250 train_time:147.253s step_avg:61.23ms
step:2406/3250 train_time:147.406s step_avg:61.27ms
step:2407/3250 train_time:147.560s step_avg:61.30ms
step:2408/3250 train_time:147.714s step_avg:61.34ms
step:2409/3250 train_time:147.867s step_avg:61.38ms
step:2410/3250 train_time:148.021s step_avg:61.42ms
step:2411/3250 train_time:148.174s step_avg:61.46ms
step:2412/3250 train_time:148.328s step_avg:61.50ms
step:2413/3250 train_time:148.482s step_avg:61.53ms
step:2414/3250 train_time:148.637s step_avg:61.57ms
step:2415/3250 train_time:148.793s step_avg:61.61ms
step:2416/3250 train_time:148.947s step_avg:61.65ms
step:2417/3250 train_time:149.100s step_avg:61.69ms
step:2418/3250 train_time:149.255s step_avg:61.73ms
step:2419/3250 train_time:149.409s step_avg:61.76ms
step:2420/3250 train_time:149.563s step_avg:61.80ms
step:2421/3250 train_time:149.717s step_avg:61.84ms
step:2422/3250 train_time:149.871s step_avg:61.88ms
step:2423/3250 train_time:150.024s step_avg:61.92ms
step:2424/3250 train_time:150.178s step_avg:61.95ms
step:2425/3250 train_time:150.332s step_avg:61.99ms
step:2426/3250 train_time:150.486s step_avg:62.03ms
step:2427/3250 train_time:150.639s step_avg:62.07ms
step:2428/3250 train_time:150.794s step_avg:62.11ms
step:2429/3250 train_time:150.949s step_avg:62.14ms
step:2430/3250 train_time:151.103s step_avg:62.18ms
step:2431/3250 train_time:151.257s step_avg:62.22ms
step:2432/3250 train_time:151.409s step_avg:62.26ms
step:2433/3250 train_time:151.563s step_avg:62.29ms
step:2434/3250 train_time:151.717s step_avg:62.33ms
step:2435/3250 train_time:151.872s step_avg:62.37ms
step:2436/3250 train_time:152.024s step_avg:62.41ms
step:2437/3250 train_time:152.179s step_avg:62.45ms
step:2438/3250 train_time:152.334s step_avg:62.48ms
step:2439/3250 train_time:152.489s step_avg:62.52ms
step:2440/3250 train_time:152.643s step_avg:62.56ms
step:2441/3250 train_time:152.797s step_avg:62.60ms
step:2442/3250 train_time:152.950s step_avg:62.63ms
step:2443/3250 train_time:153.103s step_avg:62.67ms
step:2444/3250 train_time:153.258s step_avg:62.71ms
step:2445/3250 train_time:153.412s step_avg:62.75ms
step:2446/3250 train_time:153.566s step_avg:62.78ms
step:2447/3250 train_time:153.720s step_avg:62.82ms
step:2448/3250 train_time:153.874s step_avg:62.86ms
step:2449/3250 train_time:154.028s step_avg:62.89ms
step:2450/3250 train_time:154.182s step_avg:62.93ms
step:2451/3250 train_time:154.336s step_avg:62.97ms
step:2452/3250 train_time:154.491s step_avg:63.01ms
step:2453/3250 train_time:154.644s step_avg:63.04ms
step:2454/3250 train_time:154.798s step_avg:63.08ms
step:2455/3250 train_time:154.953s step_avg:63.12ms
step:2456/3250 train_time:155.108s step_avg:63.15ms
step:2457/3250 train_time:155.262s step_avg:63.19ms
step:2458/3250 train_time:155.415s step_avg:63.23ms
step:2459/3250 train_time:155.571s step_avg:63.27ms
step:2460/3250 train_time:155.723s step_avg:63.30ms
step:2461/3250 train_time:155.878s step_avg:63.34ms
step:2462/3250 train_time:156.032s step_avg:63.38ms
step:2463/3250 train_time:156.186s step_avg:63.41ms
step:2464/3250 train_time:156.341s step_avg:63.45ms
step:2465/3250 train_time:156.495s step_avg:63.49ms
step:2466/3250 train_time:156.650s step_avg:63.52ms
step:2467/3250 train_time:156.803s step_avg:63.56ms
step:2468/3250 train_time:156.957s step_avg:63.60ms
step:2469/3250 train_time:157.112s step_avg:63.63ms
step:2470/3250 train_time:157.266s step_avg:63.67ms
step:2471/3250 train_time:157.452s step_avg:63.72ms
step:2472/3250 train_time:157.604s step_avg:63.76ms
step:2473/3250 train_time:157.757s step_avg:63.79ms
step:2474/3250 train_time:157.911s step_avg:63.83ms
step:2475/3250 train_time:158.064s step_avg:63.86ms
step:2476/3250 train_time:158.217s step_avg:63.90ms
step:2477/3250 train_time:158.374s step_avg:63.94ms
step:2478/3250 train_time:158.530s step_avg:63.97ms
step:2479/3250 train_time:158.682s step_avg:64.01ms
step:2480/3250 train_time:158.835s step_avg:64.05ms
step:2481/3250 train_time:158.990s step_avg:64.08ms
step:2482/3250 train_time:159.143s step_avg:64.12ms
step:2483/3250 train_time:159.296s step_avg:64.15ms
step:2484/3250 train_time:159.451s step_avg:64.19ms
step:2485/3250 train_time:159.605s step_avg:64.23ms
step:2486/3250 train_time:159.758s step_avg:64.26ms
step:2487/3250 train_time:159.912s step_avg:64.30ms
step:2488/3250 train_time:160.067s step_avg:64.34ms
step:2489/3250 train_time:160.220s step_avg:64.37ms
step:2490/3250 train_time:160.374s step_avg:64.41ms
step:2491/3250 train_time:160.528s step_avg:64.44ms
step:2492/3250 train_time:160.681s step_avg:64.48ms
step:2493/3250 train_time:160.835s step_avg:64.51ms
step:2494/3250 train_time:160.990s step_avg:64.55ms
step:2495/3250 train_time:161.144s step_avg:64.59ms
step:2496/3250 train_time:161.297s step_avg:64.62ms
step:2497/3250 train_time:161.453s step_avg:64.66ms
step:2498/3250 train_time:161.607s step_avg:64.69ms
step:2499/3250 train_time:161.761s step_avg:64.73ms
step:2500/3250 train_time:161.914s step_avg:64.77ms
step:2500/3250 val_loss:3.48735 train_time:161.926s step_avg:159.33ms
step:2501/3250 train_time:162.702s step_avg:65.05ms
step:2502/3250 train_time:162.842s step_avg:65.08ms
step:2503/3250 train_time:162.996s step_avg:65.12ms
step:2504/3250 train_time:163.150s step_avg:65.16ms
step:2505/3250 train_time:163.303s step_avg:65.19ms
step:2506/3250 train_time:163.456s step_avg:65.23ms
step:2507/3250 train_time:163.611s step_avg:65.26ms
step:2508/3250 train_time:163.765s step_avg:65.30ms
step:2509/3250 train_time:163.921s step_avg:65.33ms
step:2510/3250 train_time:164.075s step_avg:65.37ms
step:2511/3250 train_time:164.228s step_avg:65.40ms
step:2512/3250 train_time:164.381s step_avg:65.44ms
step:2513/3250 train_time:164.535s step_avg:65.47ms
step:2514/3250 train_time:164.688s step_avg:65.51ms
step:2515/3250 train_time:164.842s step_avg:65.54ms
step:2516/3250 train_time:164.994s step_avg:65.58ms
step:2517/3250 train_time:165.148s step_avg:65.61ms
step:2518/3250 train_time:165.303s step_avg:65.65ms
step:2519/3250 train_time:165.457s step_avg:65.68ms
step:2520/3250 train_time:165.610s step_avg:65.72ms
step:2521/3250 train_time:165.765s step_avg:65.75ms
step:2522/3250 train_time:165.920s step_avg:65.79ms
step:2523/3250 train_time:166.074s step_avg:65.82ms
step:2524/3250 train_time:166.227s step_avg:65.86ms
step:2525/3250 train_time:166.382s step_avg:65.89ms
step:2526/3250 train_time:166.535s step_avg:65.93ms
step:2527/3250 train_time:166.689s step_avg:65.96ms
step:2528/3250 train_time:166.842s step_avg:66.00ms
step:2529/3250 train_time:166.997s step_avg:66.03ms
step:2530/3250 train_time:167.150s step_avg:66.07ms
step:2531/3250 train_time:167.304s step_avg:66.10ms
step:2532/3250 train_time:167.459s step_avg:66.14ms
step:2533/3250 train_time:167.614s step_avg:66.17ms
step:2534/3250 train_time:167.768s step_avg:66.21ms
step:2535/3250 train_time:167.922s step_avg:66.24ms
step:2536/3250 train_time:168.076s step_avg:66.28ms
step:2537/3250 train_time:168.229s step_avg:66.31ms
step:2538/3250 train_time:168.383s step_avg:66.34ms
step:2539/3250 train_time:168.537s step_avg:66.38ms
step:2540/3250 train_time:168.691s step_avg:66.41ms
step:2541/3250 train_time:168.844s step_avg:66.45ms
step:2542/3250 train_time:169.000s step_avg:66.48ms
step:2543/3250 train_time:169.153s step_avg:66.52ms
step:2544/3250 train_time:169.307s step_avg:66.55ms
step:2545/3250 train_time:169.460s step_avg:66.59ms
step:2546/3250 train_time:169.612s step_avg:66.62ms
step:2547/3250 train_time:169.765s step_avg:66.65ms
step:2548/3250 train_time:169.923s step_avg:66.69ms
step:2549/3250 train_time:170.079s step_avg:66.72ms
step:2550/3250 train_time:170.232s step_avg:66.76ms
step:2551/3250 train_time:170.386s step_avg:66.79ms
step:2552/3250 train_time:170.540s step_avg:66.83ms
step:2553/3250 train_time:170.693s step_avg:66.86ms
step:2554/3250 train_time:170.846s step_avg:66.89ms
step:2555/3250 train_time:171.003s step_avg:66.93ms
step:2556/3250 train_time:171.157s step_avg:66.96ms
step:2557/3250 train_time:171.310s step_avg:67.00ms
step:2558/3250 train_time:171.463s step_avg:67.03ms
step:2559/3250 train_time:171.620s step_avg:67.07ms
step:2560/3250 train_time:171.772s step_avg:67.10ms
step:2561/3250 train_time:171.926s step_avg:67.13ms
step:2562/3250 train_time:172.082s step_avg:67.17ms
step:2563/3250 train_time:172.237s step_avg:67.20ms
step:2564/3250 train_time:172.389s step_avg:67.23ms
step:2565/3250 train_time:172.543s step_avg:67.27ms
step:2566/3250 train_time:172.697s step_avg:67.30ms
step:2567/3250 train_time:172.850s step_avg:67.34ms
step:2568/3250 train_time:173.004s step_avg:67.37ms
step:2569/3250 train_time:173.159s step_avg:67.40ms
step:2570/3250 train_time:173.315s step_avg:67.44ms
step:2571/3250 train_time:173.470s step_avg:67.47ms
step:2572/3250 train_time:173.623s step_avg:67.51ms
step:2573/3250 train_time:173.779s step_avg:67.54ms
step:2574/3250 train_time:173.931s step_avg:67.57ms
step:2575/3250 train_time:174.085s step_avg:67.61ms
step:2576/3250 train_time:174.240s step_avg:67.64ms
step:2577/3250 train_time:174.396s step_avg:67.67ms
step:2578/3250 train_time:174.548s step_avg:67.71ms
step:2579/3250 train_time:174.703s step_avg:67.74ms
step:2580/3250 train_time:174.858s step_avg:67.77ms
step:2581/3250 train_time:175.011s step_avg:67.81ms
step:2582/3250 train_time:175.166s step_avg:67.84ms
step:2583/3250 train_time:175.321s step_avg:67.87ms
step:2584/3250 train_time:175.477s step_avg:67.91ms
step:2585/3250 train_time:175.629s step_avg:67.94ms
step:2586/3250 train_time:175.783s step_avg:67.97ms
step:2587/3250 train_time:175.936s step_avg:68.01ms
step:2588/3250 train_time:176.090s step_avg:68.04ms
step:2589/3250 train_time:176.244s step_avg:68.07ms
step:2590/3250 train_time:176.399s step_avg:68.11ms
step:2591/3250 train_time:176.551s step_avg:68.14ms
step:2592/3250 train_time:176.706s step_avg:68.17ms
step:2593/3250 train_time:176.862s step_avg:68.21ms
step:2594/3250 train_time:177.017s step_avg:68.24ms
step:2595/3250 train_time:177.170s step_avg:68.27ms
step:2596/3250 train_time:177.323s step_avg:68.31ms
step:2597/3250 train_time:177.479s step_avg:68.34ms
step:2598/3250 train_time:177.633s step_avg:68.37ms
step:2599/3250 train_time:177.788s step_avg:68.41ms
step:2600/3250 train_time:177.942s step_avg:68.44ms
step:2601/3250 train_time:178.098s step_avg:68.47ms
step:2602/3250 train_time:178.251s step_avg:68.51ms
step:2603/3250 train_time:178.405s step_avg:68.54ms
step:2604/3250 train_time:178.560s step_avg:68.57ms
step:2605/3250 train_time:178.712s step_avg:68.60ms
step:2606/3250 train_time:178.865s step_avg:68.64ms
step:2607/3250 train_time:179.024s step_avg:68.67ms
step:2608/3250 train_time:179.179s step_avg:68.70ms
step:2609/3250 train_time:179.332s step_avg:68.74ms
step:2610/3250 train_time:179.485s step_avg:68.77ms
step:2611/3250 train_time:179.639s step_avg:68.80ms
step:2612/3250 train_time:179.792s step_avg:68.83ms
step:2613/3250 train_time:179.945s step_avg:68.87ms
step:2614/3250 train_time:180.102s step_avg:68.90ms
step:2615/3250 train_time:180.254s step_avg:68.93ms
step:2616/3250 train_time:180.408s step_avg:68.96ms
step:2617/3250 train_time:180.561s step_avg:69.00ms
step:2618/3250 train_time:180.716s step_avg:69.03ms
step:2619/3250 train_time:180.870s step_avg:69.06ms
step:2620/3250 train_time:181.023s step_avg:69.09ms
step:2621/3250 train_time:181.179s step_avg:69.13ms
step:2622/3250 train_time:181.331s step_avg:69.16ms
step:2623/3250 train_time:181.485s step_avg:69.19ms
step:2624/3250 train_time:181.640s step_avg:69.22ms
step:2625/3250 train_time:181.792s step_avg:69.25ms
step:2625/3250 val_loss:3.48265 train_time:181.804s step_avg:159.02ms
step:2626/3250 train_time:182.586s step_avg:69.53ms
step:2627/3250 train_time:182.725s step_avg:69.56ms
step:2628/3250 train_time:182.877s step_avg:69.59ms
step:2629/3250 train_time:183.031s step_avg:69.62ms
step:2630/3250 train_time:183.185s step_avg:69.65ms
step:2631/3250 train_time:183.339s step_avg:69.68ms
step:2632/3250 train_time:183.494s step_avg:69.72ms
step:2633/3250 train_time:183.651s step_avg:69.75ms
step:2634/3250 train_time:183.805s step_avg:69.78ms
step:2635/3250 train_time:183.958s step_avg:69.81ms
step:2636/3250 train_time:184.112s step_avg:69.85ms
step:2637/3250 train_time:184.266s step_avg:69.88ms
step:2638/3250 train_time:184.419s step_avg:69.91ms
step:2639/3250 train_time:184.575s step_avg:69.94ms
step:2640/3250 train_time:184.730s step_avg:69.97ms
step:2641/3250 train_time:184.882s step_avg:70.00ms
step:2642/3250 train_time:185.035s step_avg:70.04ms
step:2643/3250 train_time:185.191s step_avg:70.07ms
step:2644/3250 train_time:185.345s step_avg:70.10ms
step:2645/3250 train_time:185.499s step_avg:70.13ms
step:2646/3250 train_time:185.652s step_avg:70.16ms
step:2647/3250 train_time:185.806s step_avg:70.19ms
step:2648/3250 train_time:185.958s step_avg:70.23ms
step:2649/3250 train_time:186.112s step_avg:70.26ms
step:2650/3250 train_time:186.266s step_avg:70.29ms
step:2651/3250 train_time:186.420s step_avg:70.32ms
step:2652/3250 train_time:186.574s step_avg:70.35ms
step:2653/3250 train_time:186.729s step_avg:70.38ms
step:2654/3250 train_time:186.882s step_avg:70.42ms
step:2655/3250 train_time:187.037s step_avg:70.45ms
step:2656/3250 train_time:187.191s step_avg:70.48ms
step:2657/3250 train_time:187.346s step_avg:70.51ms
step:2658/3250 train_time:187.499s step_avg:70.54ms
step:2659/3250 train_time:187.654s step_avg:70.57ms
step:2660/3250 train_time:187.809s step_avg:70.60ms
step:2661/3250 train_time:188.005s step_avg:70.65ms
step:2662/3250 train_time:188.158s step_avg:70.68ms
step:2663/3250 train_time:188.312s step_avg:70.71ms
step:2664/3250 train_time:188.464s step_avg:70.74ms
step:2665/3250 train_time:188.617s step_avg:70.78ms
step:2666/3250 train_time:188.771s step_avg:70.81ms
step:2667/3250 train_time:188.927s step_avg:70.84ms
step:2668/3250 train_time:189.081s step_avg:70.87ms
step:2669/3250 train_time:189.235s step_avg:70.90ms
step:2670/3250 train_time:189.389s step_avg:70.93ms
step:2671/3250 train_time:189.543s step_avg:70.96ms
step:2672/3250 train_time:189.699s step_avg:71.00ms
step:2673/3250 train_time:189.853s step_avg:71.03ms
step:2674/3250 train_time:190.009s step_avg:71.06ms
step:2675/3250 train_time:190.162s step_avg:71.09ms
step:2676/3250 train_time:190.315s step_avg:71.12ms
step:2677/3250 train_time:190.469s step_avg:71.15ms
step:2678/3250 train_time:190.623s step_avg:71.18ms
step:2679/3250 train_time:190.777s step_avg:71.21ms
step:2680/3250 train_time:190.931s step_avg:71.24ms
step:2681/3250 train_time:191.087s step_avg:71.27ms
step:2682/3250 train_time:191.240s step_avg:71.31ms
step:2683/3250 train_time:191.394s step_avg:71.34ms
step:2684/3250 train_time:191.550s step_avg:71.37ms
step:2685/3250 train_time:191.705s step_avg:71.40ms
step:2686/3250 train_time:191.859s step_avg:71.43ms
step:2687/3250 train_time:192.013s step_avg:71.46ms
step:2688/3250 train_time:192.166s step_avg:71.49ms
step:2689/3250 train_time:192.320s step_avg:71.52ms
step:2690/3250 train_time:192.474s step_avg:71.55ms
step:2691/3250 train_time:192.630s step_avg:71.58ms
step:2692/3250 train_time:192.783s step_avg:71.61ms
step:2693/3250 train_time:192.937s step_avg:71.64ms
step:2694/3250 train_time:193.091s step_avg:71.67ms
step:2695/3250 train_time:193.246s step_avg:71.71ms
step:2696/3250 train_time:193.401s step_avg:71.74ms
step:2697/3250 train_time:193.555s step_avg:71.77ms
step:2698/3250 train_time:193.710s step_avg:71.80ms
step:2699/3250 train_time:193.864s step_avg:71.83ms
step:2700/3250 train_time:194.019s step_avg:71.86ms
step:2701/3250 train_time:194.172s step_avg:71.89ms
step:2702/3250 train_time:194.326s step_avg:71.92ms
step:2703/3250 train_time:194.480s step_avg:71.95ms
step:2704/3250 train_time:194.634s step_avg:71.98ms
step:2705/3250 train_time:194.790s step_avg:72.01ms
step:2706/3250 train_time:194.945s step_avg:72.04ms
step:2707/3250 train_time:195.099s step_avg:72.07ms
step:2708/3250 train_time:195.252s step_avg:72.10ms
step:2709/3250 train_time:195.407s step_avg:72.13ms
step:2710/3250 train_time:195.560s step_avg:72.16ms
step:2711/3250 train_time:195.715s step_avg:72.19ms
step:2712/3250 train_time:195.869s step_avg:72.22ms
step:2713/3250 train_time:196.024s step_avg:72.25ms
step:2714/3250 train_time:196.178s step_avg:72.28ms
step:2715/3250 train_time:196.333s step_avg:72.31ms
step:2716/3250 train_time:196.487s step_avg:72.34ms
step:2717/3250 train_time:196.641s step_avg:72.37ms
step:2718/3250 train_time:196.794s step_avg:72.40ms
step:2719/3250 train_time:196.951s step_avg:72.43ms
step:2720/3250 train_time:197.105s step_avg:72.47ms
step:2721/3250 train_time:197.259s step_avg:72.49ms
step:2722/3250 train_time:197.413s step_avg:72.52ms
step:2723/3250 train_time:197.568s step_avg:72.56ms
step:2724/3250 train_time:197.722s step_avg:72.59ms
step:2725/3250 train_time:197.876s step_avg:72.62ms
step:2726/3250 train_time:198.032s step_avg:72.65ms
step:2727/3250 train_time:198.186s step_avg:72.68ms
step:2728/3250 train_time:198.340s step_avg:72.71ms
step:2729/3250 train_time:198.495s step_avg:72.74ms
step:2730/3250 train_time:198.651s step_avg:72.77ms
step:2731/3250 train_time:198.806s step_avg:72.80ms
step:2732/3250 train_time:198.960s step_avg:72.83ms
step:2733/3250 train_time:199.114s step_avg:72.86ms
step:2734/3250 train_time:199.269s step_avg:72.89ms
step:2735/3250 train_time:199.423s step_avg:72.92ms
step:2736/3250 train_time:199.577s step_avg:72.94ms
step:2737/3250 train_time:199.732s step_avg:72.97ms
step:2738/3250 train_time:199.886s step_avg:73.00ms
step:2739/3250 train_time:200.040s step_avg:73.03ms
step:2740/3250 train_time:200.193s step_avg:73.06ms
step:2741/3250 train_time:200.347s step_avg:73.09ms
step:2742/3250 train_time:200.501s step_avg:73.12ms
step:2743/3250 train_time:200.654s step_avg:73.15ms
step:2744/3250 train_time:200.811s step_avg:73.18ms
step:2745/3250 train_time:200.964s step_avg:73.21ms
step:2746/3250 train_time:201.119s step_avg:73.24ms
step:2747/3250 train_time:201.272s step_avg:73.27ms
step:2748/3250 train_time:201.428s step_avg:73.30ms
step:2749/3250 train_time:201.582s step_avg:73.33ms
step:2750/3250 train_time:201.735s step_avg:73.36ms
step:2750/3250 val_loss:3.47764 train_time:201.747s step_avg:159.54ms
step:2751/3250 train_time:202.556s step_avg:73.63ms
EXIT=0 rid=eos_f1500_s085dup
